OpenROAD 26Q3-1080-gab6fd26351 
Features included (+) or not (-): +GPU +GUI +Python
This program is licensed under the BSD-3 license. See the LICENSE file for details.
Components of this program may be licensed under more restrictive licenses which must be honored.
[INFO ORD-0030] Using 4 thread(s).
read_liberty /OpenROAD-flow-scripts/flow/platforms/sky130hd/lib/sky130_fd_sc_hd__tt_025C_1v80.lib
read_liberty /work/campaigns/iscas_sustainability_extension/memory_compiler/gate3_attempt09_sram22_residual_interface_drv_and_provenance_closure/source_checkout/sram22_256x64m4w8/sram22_256x64m4w8_tt_025C_1v80.lib
read_liberty /work/campaigns/iscas_sustainability_extension/memory_compiler/gate3_attempt09_sram22_residual_interface_drv_and_provenance_closure/source_checkout/sram22_256x8m8w1/sram22_256x8m8w1_tt_025C_1v80.lib
read_db /work/campaigns/iscas_sustainability_extension/memory_compiler/gate3_attempt09_sram22_residual_interface_drv_and_provenance_closure/raw/openroad/work/results/sky130hd/attempt09_e0/seed23/2_3_floorplan_tapcell.odb
read_sdc /work/campaigns/iscas_sustainability_extension/memory_compiler/gate3_attempt09_sram22_residual_interface_drv_and_provenance_closure/raw/openroad/work/results/sky130hd/attempt09_e0/seed23/2_1_floorplan.sdc
source /OpenROAD-flow-scripts/flow/platforms/sky130hd/setRC.tcl
[WARNING PDN-1051] No instances found for grid (CORE_macro_grid_2).
[INFO PDN-0001] Inserting grid: grid
[INFO PDN-0001] Inserting grid: CORE_macro_grid_1 - u_protected_memory.u_data
[INFO PDN-0001] Inserting grid: CORE_macro_grid_1 - u_protected_memory.u_ecc
[WARNING PDN-0110] No via inserted between met2 and met4 at (63.6000, 142.5500) - (63.8000, 142.8700) on VDD
[WARNING PDN-0110] No via inserted between met2 and met4 at (63.6000, 143.9100) - (63.8000, 144.2300) on VDD
[WARNING PDN-0110] No via inserted between met2 and met4 at (63.6000, 145.2700) - (63.8000, 145.5900) on VDD
[WARNING PDN-0110] No via inserted between met2 and met4 at (63.6000, 147.9900) - (63.8000, 148.3100) on VDD
[WARNING PDN-0110] No via inserted between met2 and met4 at (63.6000, 158.8700) - (63.8000, 159.1900) on VDD
[WARNING PDN-0110] No via inserted between met2 and met4 at (63.6000, 160.2300) - (63.8000, 160.5500) on VDD
[WARNING PDN-0195] Removing 2 via(s) between met2 and met4 at (90.8700 um, 156.3100 um) for VDD
[WARNING PDN-0110] No via inserted between met2 and met4 at (132.9600, 184.7000) - (133.0500, 185.7100) on VSS
[WARNING PDN-0110] No via inserted between met2 and met4 at (132.9600, 186.3400) - (133.0500, 187.0100) on VSS
[WARNING PDN-0195] Removing 114 via(s) between met2 and met4 at (241.4700 um, 192.5500 um) for VSS
[WARNING PDN-0195] Removing 176 via(s) between met2 and met4 at (282.1800 um, 240.4700 um) for VDD
[WARNING PDN-0195] Removing 2 via(s) between met2 and met4 at (90.8700 um, 428.3600 um) for VDD
[WARNING PDN-0195] Removing 2 via(s) between met2 and met4 at (90.8700 um, 448.7600 um) for VDD
[WARNING PDN-0195] Removing 2 via(s) between met2 and met4 at (90.8700 um, 452.8400 um) for VDD
[WARNING PDN-0195] Removing 2 via(s) between met2 and met4 at (90.8700 um, 467.8000 um) for VDD
[WARNING PDN-0195] Removing 2 via(s) between met2 and met4 at (90.8700 um, 470.5200 um) for VDD
[WARNING PDN-0195] Removing 2 via(s) between met2 and met4 at (90.8700 um, 485.4800 um) for VDD
[WARNING PDN-0195] Removing 2 via(s) between met2 and met4 at (90.8700 um, 520.8400 um) for VDD
[WARNING PDN-0195] Removing 2 via(s) between met2 and met4 at (105.7750 um, 569.1200 um) for VSS
[WARNING PDN-0110] No via inserted between met2 and met4 at (117.8800, 415.9600) - (118.2000, 416.2800) on VDD
[WARNING PDN-0110] No via inserted between met2 and met4 at (119.2400, 542.4400) - (119.4800, 542.7600) on VDD
[WARNING PDN-0110] No via inserted between met2 and met4 at (131.4500, 444.8100) - (131.6000, 480.2000) on VSS
[INFO PDN-0500] Runtime: 0.95s
Design area 271027 um^2 44% utilization.
write_db /work/campaigns/iscas_sustainability_extension/memory_compiler/gate3_attempt09_sram22_residual_interface_drv_and_provenance_closure/raw/openroad/work/results/sky130hd/attempt09_e0/seed23/2_4_floorplan_pdn.odb
Elapsed time: 0:03.10[h:]min:sec. CPU time: user 1.88 sys 0.34 (71%). Peak memory: 147388KB.
Log                       Ext     Elapsed/s Peak Memory/MB sha1sum result [0:20)
2_4_floorplan_pdn         .odb            3            143 b49f33d493c2578b8f4f
