OpenROAD 26Q3-1080-gab6fd26351 
Features included (+) or not (-): +GPU +GUI +Python
This program is licensed under the BSD-3 license. See the LICENSE file for details.
Components of this program may be licensed under more restrictive licenses which must be honored.
[INFO ORD-0030] Using 4 thread(s).
read_liberty /OpenROAD-flow-scripts/flow/platforms/sky130hd/lib/sky130_fd_sc_hd__tt_025C_1v80.lib
read_liberty /work/campaigns/iscas_sustainability_extension/memory_compiler/gate3_attempt09_sram22_residual_interface_drv_and_provenance_closure/source_checkout/sram22_256x64m4w8/sram22_256x64m4w8_tt_025C_1v80.lib
read_liberty /work/campaigns/iscas_sustainability_extension/memory_compiler/gate3_attempt09_sram22_residual_interface_drv_and_provenance_closure/source_checkout/sram22_256x8m8w1/sram22_256x8m8w1_tt_025C_1v80.lib
read_db /work/campaigns/iscas_sustainability_extension/memory_compiler/gate3_attempt09_sram22_residual_interface_drv_and_provenance_closure/raw/openroad/work/results/sky130hd/attempt09_e0/seed13/5_1_grt.odb
read_sdc /work/campaigns/iscas_sustainability_extension/memory_compiler/gate3_attempt09_sram22_residual_interface_drv_and_provenance_closure/raw/openroad/work/results/sky130hd/attempt09_e0/seed13/5_1_grt.sdc
source /OpenROAD-flow-scripts/flow/platforms/sky130hd/setRC.tcl
detailed_route -output_drc /work/campaigns/iscas_sustainability_extension/memory_compiler/gate3_attempt09_sram22_residual_interface_drv_and_provenance_closure/raw/openroad/work/reports/sky130hd/attempt09_e0/seed13/5_route_drc.rpt -output_maze /work/campaigns/iscas_sustainability_extension/memory_compiler/gate3_attempt09_sram22_residual_interface_drv_and_provenance_closure/raw/openroad/work/results/sky130hd/attempt09_e0/seed13/maze.log -droute_end_iter 64 -verbose 1 -drc_report_iter_step 5
[INFO DRT-0149] Reading tech and libs.
[WARNING DRT-0349] LEF58_ENCLOSURE with no CUTCLASS is not supported. Skipping for layer mcon
[WARNING DRT-0349] LEF58_ENCLOSURE with no CUTCLASS is not supported. Skipping for layer mcon
[WARNING DRT-0349] LEF58_ENCLOSURE with no CUTCLASS is not supported. Skipping for layer via
[WARNING DRT-0349] LEF58_ENCLOSURE with no CUTCLASS is not supported. Skipping for layer via
[WARNING DRT-0349] LEF58_ENCLOSURE with no CUTCLASS is not supported. Skipping for layer via2
[WARNING DRT-0349] LEF58_ENCLOSURE with no CUTCLASS is not supported. Skipping for layer via2
[WARNING DRT-0349] LEF58_ENCLOSURE with no CUTCLASS is not supported. Skipping for layer via3
[WARNING DRT-0349] LEF58_ENCLOSURE with no CUTCLASS is not supported. Skipping for layer via3
[WARNING DRT-0349] LEF58_ENCLOSURE with no CUTCLASS is not supported. Skipping for layer via4
[WARNING DRT-0349] LEF58_ENCLOSURE with no CUTCLASS is not supported. Skipping for layer via4

Units:                1000
Number of layers:     13
Number of macros:     443
Number of vias:       130
Number of viarulegen: 25

[INFO DRT-0150] Reading design.

Design:                   e0_sram22_top
Die area:                 ( 0 0 ) ( 1000000 650000 )
Number of track patterns: 12
Number of DEF vias:       0
Number of components:     5862
Number of terminals:      144
Number of snets:          2
Number of nets:           1233

[WARNING DRT-0419] No routing tracks pass through the center of Term u_protected_memory.u_data/dout[0]
[WARNING DRT-0419] No routing tracks pass through the center of Term u_protected_memory.u_data/dout[1]
[WARNING DRT-0419] No routing tracks pass through the center of Term u_protected_memory.u_data/dout[2]
[WARNING DRT-0419] No routing tracks pass through the center of Term u_protected_memory.u_data/dout[3]
[WARNING DRT-0419] No routing tracks pass through the center of Term u_protected_memory.u_data/dout[4]
[WARNING DRT-0419] No routing tracks pass through the center of Term u_protected_memory.u_data/dout[5]
[WARNING DRT-0419] No routing tracks pass through the center of Term u_protected_memory.u_data/dout[6]
[WARNING DRT-0419] No routing tracks pass through the center of Term u_protected_memory.u_data/dout[7]
[WARNING DRT-0419] No routing tracks pass through the center of Term u_protected_memory.u_data/dout[8]
[WARNING DRT-0419] No routing tracks pass through the center of Term u_protected_memory.u_data/dout[9]
[WARNING DRT-0419] No routing tracks pass through the center of Term u_protected_memory.u_data/dout[10]
[WARNING DRT-0419] No routing tracks pass through the center of Term u_protected_memory.u_data/dout[11]
[WARNING DRT-0419] No routing tracks pass through the center of Term u_protected_memory.u_data/dout[12]
[WARNING DRT-0419] No routing tracks pass through the center of Term u_protected_memory.u_data/dout[13]
[WARNING DRT-0419] No routing tracks pass through the center of Term u_protected_memory.u_data/dout[14]
[WARNING DRT-0419] No routing tracks pass through the center of Term u_protected_memory.u_data/dout[15]
[WARNING DRT-0419] No routing tracks pass through the center of Term u_protected_memory.u_data/dout[16]
[WARNING DRT-0419] No routing tracks pass through the center of Term u_protected_memory.u_data/dout[17]
[WARNING DRT-0419] No routing tracks pass through the center of Term u_protected_memory.u_data/dout[18]
[WARNING DRT-0419] No routing tracks pass through the center of Term u_protected_memory.u_data/dout[19]
[WARNING DRT-0419] No routing tracks pass through the center of Term u_protected_memory.u_data/dout[20]
[WARNING DRT-0419] No routing tracks pass through the center of Term u_protected_memory.u_data/dout[21]
[WARNING DRT-0419] No routing tracks pass through the center of Term u_protected_memory.u_data/dout[22]
[WARNING DRT-0419] No routing tracks pass through the center of Term u_protected_memory.u_data/dout[23]
[WARNING DRT-0419] No routing tracks pass through the center of Term u_protected_memory.u_data/dout[24]
[WARNING DRT-0419] No routing tracks pass through the center of Term u_protected_memory.u_data/dout[25]
[WARNING DRT-0419] No routing tracks pass through the center of Term u_protected_memory.u_data/dout[26]
[WARNING DRT-0419] No routing tracks pass through the center of Term u_protected_memory.u_data/dout[27]
[WARNING DRT-0419] No routing tracks pass through the center of Term u_protected_memory.u_data/dout[28]
[WARNING DRT-0419] No routing tracks pass through the center of Term u_protected_memory.u_data/dout[29]
[WARNING DRT-0419] No routing tracks pass through the center of Term u_protected_memory.u_data/dout[30]
[WARNING DRT-0419] No routing tracks pass through the center of Term u_protected_memory.u_data/dout[31]
[WARNING DRT-0419] No routing tracks pass through the center of Term u_protected_memory.u_data/dout[32]
[WARNING DRT-0419] No routing tracks pass through the center of Term u_protected_memory.u_data/dout[33]
[WARNING DRT-0419] No routing tracks pass through the center of Term u_protected_memory.u_data/dout[34]
[WARNING DRT-0419] No routing tracks pass through the center of Term u_protected_memory.u_data/dout[35]
[WARNING DRT-0419] No routing tracks pass through the center of Term u_protected_memory.u_data/dout[36]
[WARNING DRT-0419] No routing tracks pass through the center of Term u_protected_memory.u_data/dout[37]
[WARNING DRT-0419] No routing tracks pass through the center of Term u_protected_memory.u_data/dout[38]
[WARNING DRT-0419] No routing tracks pass through the center of Term u_protected_memory.u_data/dout[39]
[WARNING DRT-0419] No routing tracks pass through the center of Term u_protected_memory.u_data/dout[40]
[WARNING DRT-0419] No routing tracks pass through the center of Term u_protected_memory.u_data/dout[41]
[WARNING DRT-0419] No routing tracks pass through the center of Term u_protected_memory.u_data/dout[42]
[WARNING DRT-0419] No routing tracks pass through the center of Term u_protected_memory.u_data/dout[43]
[WARNING DRT-0419] No routing tracks pass through the center of Term u_protected_memory.u_data/dout[44]
[WARNING DRT-0419] No routing tracks pass through the center of Term u_protected_memory.u_data/dout[45]
[WARNING DRT-0419] No routing tracks pass through the center of Term u_protected_memory.u_data/dout[46]
[WARNING DRT-0419] No routing tracks pass through the center of Term u_protected_memory.u_data/dout[47]
[WARNING DRT-0419] No routing tracks pass through the center of Term u_protected_memory.u_data/dout[48]
[WARNING DRT-0419] No routing tracks pass through the center of Term u_protected_memory.u_data/dout[49]
[WARNING DRT-0419] No routing tracks pass through the center of Term u_protected_memory.u_data/dout[50]
[WARNING DRT-0419] No routing tracks pass through the center of Term u_protected_memory.u_data/dout[51]
[WARNING DRT-0419] No routing tracks pass through the center of Term u_protected_memory.u_data/dout[52]
[WARNING DRT-0419] No routing tracks pass through the center of Term u_protected_memory.u_data/dout[53]
[WARNING DRT-0419] No routing tracks pass through the center of Term u_protected_memory.u_data/dout[54]
[WARNING DRT-0419] No routing tracks pass through the center of Term u_protected_memory.u_data/dout[55]
[WARNING DRT-0419] No routing tracks pass through the center of Term u_protected_memory.u_data/dout[56]
[WARNING DRT-0419] No routing tracks pass through the center of Term u_protected_memory.u_data/dout[57]
[WARNING DRT-0419] No routing tracks pass through the center of Term u_protected_memory.u_data/dout[58]
[WARNING DRT-0419] No routing tracks pass through the center of Term u_protected_memory.u_data/dout[59]
[WARNING DRT-0419] No routing tracks pass through the center of Term u_protected_memory.u_data/dout[60]
[WARNING DRT-0419] No routing tracks pass through the center of Term u_protected_memory.u_data/dout[61]
[WARNING DRT-0419] No routing tracks pass through the center of Term u_protected_memory.u_data/dout[62]
[WARNING DRT-0419] No routing tracks pass through the center of Term u_protected_memory.u_data/dout[63]
[WARNING DRT-0419] No routing tracks pass through the center of Term u_protected_memory.u_data/din[0]
[WARNING DRT-0419] No routing tracks pass through the center of Term u_protected_memory.u_data/din[1]
[WARNING DRT-0419] No routing tracks pass through the center of Term u_protected_memory.u_data/din[2]
[WARNING DRT-0419] No routing tracks pass through the center of Term u_protected_memory.u_data/din[3]
[WARNING DRT-0419] No routing tracks pass through the center of Term u_protected_memory.u_data/din[4]
[WARNING DRT-0419] No routing tracks pass through the center of Term u_protected_memory.u_data/din[5]
[WARNING DRT-0419] No routing tracks pass through the center of Term u_protected_memory.u_data/din[6]
[WARNING DRT-0419] No routing tracks pass through the center of Term u_protected_memory.u_data/din[7]
[WARNING DRT-0419] No routing tracks pass through the center of Term u_protected_memory.u_data/din[8]
[WARNING DRT-0419] No routing tracks pass through the center of Term u_protected_memory.u_data/din[9]
[WARNING DRT-0419] No routing tracks pass through the center of Term u_protected_memory.u_data/din[10]
[WARNING DRT-0419] No routing tracks pass through the center of Term u_protected_memory.u_data/din[11]
[WARNING DRT-0419] No routing tracks pass through the center of Term u_protected_memory.u_data/din[12]
[WARNING DRT-0419] No routing tracks pass through the center of Term u_protected_memory.u_data/din[13]
[WARNING DRT-0419] No routing tracks pass through the center of Term u_protected_memory.u_data/din[14]
[WARNING DRT-0419] No routing tracks pass through the center of Term u_protected_memory.u_data/din[15]
[WARNING DRT-0419] No routing tracks pass through the center of Term u_protected_memory.u_data/din[16]
[WARNING DRT-0419] No routing tracks pass through the center of Term u_protected_memory.u_data/din[17]
[WARNING DRT-0419] No routing tracks pass through the center of Term u_protected_memory.u_data/din[18]
[WARNING DRT-0419] No routing tracks pass through the center of Term u_protected_memory.u_data/din[19]
[WARNING DRT-0419] No routing tracks pass through the center of Term u_protected_memory.u_data/din[20]
[WARNING DRT-0419] No routing tracks pass through the center of Term u_protected_memory.u_data/din[21]
[WARNING DRT-0419] No routing tracks pass through the center of Term u_protected_memory.u_data/din[22]
[WARNING DRT-0419] No routing tracks pass through the center of Term u_protected_memory.u_data/din[23]
[WARNING DRT-0419] No routing tracks pass through the center of Term u_protected_memory.u_data/din[24]
[WARNING DRT-0419] No routing tracks pass through the center of Term u_protected_memory.u_data/din[25]
[WARNING DRT-0419] No routing tracks pass through the center of Term u_protected_memory.u_data/din[26]
[WARNING DRT-0419] No routing tracks pass through the center of Term u_protected_memory.u_data/din[27]
[WARNING DRT-0419] No routing tracks pass through the center of Term u_protected_memory.u_data/din[28]
[WARNING DRT-0419] No routing tracks pass through the center of Term u_protected_memory.u_data/din[29]
[WARNING DRT-0419] No routing tracks pass through the center of Term u_protected_memory.u_data/din[30]
[WARNING DRT-0419] No routing tracks pass through the center of Term u_protected_memory.u_data/din[31]
[WARNING DRT-0419] No routing tracks pass through the center of Term u_protected_memory.u_data/din[32]
[WARNING DRT-0419] No routing tracks pass through the center of Term u_protected_memory.u_data/din[33]
[WARNING DRT-0419] No routing tracks pass through the center of Term u_protected_memory.u_data/din[34]
[WARNING DRT-0419] No routing tracks pass through the center of Term u_protected_memory.u_data/din[35]
[WARNING DRT-0419] No routing tracks pass through the center of Term u_protected_memory.u_data/din[36]
[WARNING DRT-0419] No routing tracks pass through the center of Term u_protected_memory.u_data/din[37]
[WARNING DRT-0419] No routing tracks pass through the center of Term u_protected_memory.u_data/din[38]
[WARNING DRT-0419] No routing tracks pass through the center of Term u_protected_memory.u_data/din[39]
[WARNING DRT-0419] No routing tracks pass through the center of Term u_protected_memory.u_data/din[40]
[WARNING DRT-0419] No routing tracks pass through the center of Term u_protected_memory.u_data/din[41]
[WARNING DRT-0419] No routing tracks pass through the center of Term u_protected_memory.u_data/din[42]
[WARNING DRT-0419] No routing tracks pass through the center of Term u_protected_memory.u_data/din[43]
[WARNING DRT-0419] No routing tracks pass through the center of Term u_protected_memory.u_data/din[44]
[WARNING DRT-0419] No routing tracks pass through the center of Term u_protected_memory.u_data/din[45]
[WARNING DRT-0419] No routing tracks pass through the center of Term u_protected_memory.u_data/din[46]
[WARNING DRT-0419] No routing tracks pass through the center of Term u_protected_memory.u_data/din[47]
[WARNING DRT-0419] No routing tracks pass through the center of Term u_protected_memory.u_data/din[48]
[WARNING DRT-0419] No routing tracks pass through the center of Term u_protected_memory.u_data/din[49]
[WARNING DRT-0419] No routing tracks pass through the center of Term u_protected_memory.u_data/din[50]
[WARNING DRT-0419] No routing tracks pass through the center of Term u_protected_memory.u_data/din[51]
[WARNING DRT-0419] No routing tracks pass through the center of Term u_protected_memory.u_data/din[52]
[WARNING DRT-0419] No routing tracks pass through the center of Term u_protected_memory.u_data/din[53]
[WARNING DRT-0419] No routing tracks pass through the center of Term u_protected_memory.u_data/din[54]
[WARNING DRT-0419] No routing tracks pass through the center of Term u_protected_memory.u_data/din[55]
[WARNING DRT-0419] No routing tracks pass through the center of Term u_protected_memory.u_data/din[56]
[WARNING DRT-0419] No routing tracks pass through the center of Term u_protected_memory.u_data/din[57]
[WARNING DRT-0419] No routing tracks pass through the center of Term u_protected_memory.u_data/din[58]
[WARNING DRT-0419] No routing tracks pass through the center of Term u_protected_memory.u_data/din[59]
[WARNING DRT-0419] No routing tracks pass through the center of Term u_protected_memory.u_data/din[60]
[WARNING DRT-0419] No routing tracks pass through the center of Term u_protected_memory.u_data/din[61]
[WARNING DRT-0419] No routing tracks pass through the center of Term u_protected_memory.u_data/din[62]
[WARNING DRT-0419] No routing tracks pass through the center of Term u_protected_memory.u_data/din[63]
[WARNING DRT-0419] No routing tracks pass through the center of Term u_protected_memory.u_data/wmask[1]
[WARNING DRT-0419] No routing tracks pass through the center of Term u_protected_memory.u_data/wmask[2]
[WARNING DRT-0419] No routing tracks pass through the center of Term u_protected_memory.u_data/wmask[3]
[WARNING DRT-0419] No routing tracks pass through the center of Term u_protected_memory.u_data/wmask[4]
[WARNING DRT-0419] No routing tracks pass through the center of Term u_protected_memory.u_data/wmask[5]
[WARNING DRT-0419] No routing tracks pass through the center of Term u_protected_memory.u_data/wmask[6]
[WARNING DRT-0419] No routing tracks pass through the center of Term u_protected_memory.u_data/wmask[7]
[WARNING DRT-0418] Term u_protected_memory.u_ecc/dout[0] has no pins on routing grid
[WARNING DRT-0418] Term u_protected_memory.u_ecc/dout[1] has no pins on routing grid
[WARNING DRT-0418] Term u_protected_memory.u_ecc/dout[2] has no pins on routing grid
[WARNING DRT-0418] Term u_protected_memory.u_ecc/dout[3] has no pins on routing grid
[WARNING DRT-0418] Term u_protected_memory.u_ecc/dout[4] has no pins on routing grid
[WARNING DRT-0418] Term u_protected_memory.u_ecc/dout[5] has no pins on routing grid
[WARNING DRT-0418] Term u_protected_memory.u_ecc/dout[6] has no pins on routing grid
[WARNING DRT-0418] Term u_protected_memory.u_ecc/dout[7] has no pins on routing grid
[WARNING DRT-0419] No routing tracks pass through the center of Term u_protected_memory.u_ecc/din[0]
[WARNING DRT-0419] No routing tracks pass through the center of Term u_protected_memory.u_ecc/din[1]
[WARNING DRT-0419] No routing tracks pass through the center of Term u_protected_memory.u_ecc/din[2]
[WARNING DRT-0418] Term u_protected_memory.u_ecc/din[3] has no pins on routing grid
[WARNING DRT-0418] Term u_protected_memory.u_ecc/din[4] has no pins on routing grid
[WARNING DRT-0418] Term u_protected_memory.u_ecc/din[5] has no pins on routing grid
[WARNING DRT-0418] Term u_protected_memory.u_ecc/din[6] has no pins on routing grid
[WARNING DRT-0418] Term u_protected_memory.u_ecc/din[7] has no pins on routing grid
[WARNING DRT-0419] No routing tracks pass through the center of Term u_protected_memory.u_ecc/wmask[0]
[WARNING DRT-0419] No routing tracks pass through the center of Term u_protected_memory.u_ecc/wmask[1]
[WARNING DRT-0419] No routing tracks pass through the center of Term u_protected_memory.u_ecc/wmask[2]
[WARNING DRT-0418] Term u_protected_memory.u_ecc/wmask[3] has no pins on routing grid
[WARNING DRT-0418] Term u_protected_memory.u_ecc/wmask[4] has no pins on routing grid
[WARNING DRT-0418] Term u_protected_memory.u_ecc/wmask[5] has no pins on routing grid
[WARNING DRT-0418] Term u_protected_memory.u_ecc/wmask[6] has no pins on routing grid
[WARNING DRT-0418] Term u_protected_memory.u_ecc/wmask[7] has no pins on routing grid
[INFO DRT-0167] List of default vias:
  Layer via
    default via: M1M2_PR
  Layer via2
    default via: M2M3_PR
  Layer via3
    default via: M3M4_PR
  Layer via4
    default via: M4M5_PR
[INFO DRT-0162] Library cell analysis.
[INFO DRT-0163] Instance analysis.
[INFO DRT-0164] Number of unique instances = 100.
[INFO DRT-0168] Init region query.
[INFO DRT-0024]   Complete FR_MASTERSLICE.
[INFO DRT-0024]   Complete Fr_VIA.
[INFO DRT-0024]   Complete li1.
[INFO DRT-0024]   Complete mcon.
[INFO DRT-0024]   Complete met1.
[INFO DRT-0024]   Complete via.
[INFO DRT-0024]   Complete met2.
[INFO DRT-0024]   Complete via2.
[INFO DRT-0024]   Complete met3.
[INFO DRT-0024]   Complete via3.
[INFO DRT-0024]   Complete met4.
[INFO DRT-0024]   Complete via4.
[INFO DRT-0024]   Complete met5.
[INFO DRT-0033] FR_MASTERSLICE shape region query size = 0.
[INFO DRT-0033] FR_VIA shape region query size = 0.
[INFO DRT-0033] li1 shape region query size = 47764.
[INFO DRT-0033] mcon shape region query size = 25468.
[INFO DRT-0033] met1 shape region query size = 17906.
[INFO DRT-0033] via shape region query size = 24330.
[INFO DRT-0033] met2 shape region query size = 22048.
[INFO DRT-0033] via2 shape region query size = 45597.
[INFO DRT-0033] met3 shape region query size = 29027.
[INFO DRT-0033] via3 shape region query size = 45281.
[INFO DRT-0033] met4 shape region query size = 11428.
[INFO DRT-0033] via4 shape region query size = 1676.
[INFO DRT-0033] met5 shape region query size = 1768.
[INFO DRT-0165] Start pin access.
[INFO DRT-0078]   Complete 914 pins.
[INFO DRT-0081]   Complete 98 unique inst patterns.
[INFO DRT-0084]   Complete 919 groups.
#scanned instances     = 5862
#unique  instances     = 100
#stdCellGenAp          = 3020
#stdCellValidPlanarAp  = 63
#stdCellValidViaAp     = 2152
#stdCellPinNoAp        = 0
#stdCellPinCnt         = 2862
#instTermValidViaApCnt = 0
#macroGenAp            = 553
#macroValidPlanarAp    = 452
#macroValidViaAp       = 0
#macroNoAp             = 0
[INFO DRT-0166] Complete pin access.
[INFO DRT-0267] cpu time = 00:01:03, elapsed time = 00:00:17, memory = 267.68 (MB), peak = 267.25 (MB)

[INFO DRT-0157] Number of guides:     8327

[INFO DRT-0169] Post process guides.
[INFO DRT-0176] GCELLGRID X 0 DO 144 STEP 6900 ;
[INFO DRT-0177] GCELLGRID Y 0 DO 94 STEP 6900 ;
[INFO DRT-0028]   Complete FR_MASTERSLICE.
[INFO DRT-0028]   Complete Fr_VIA.
[INFO DRT-0028]   Complete li1.
[INFO DRT-0028]   Complete mcon.
[INFO DRT-0028]   Complete met1.
[INFO DRT-0028]   Complete via.
[INFO DRT-0028]   Complete met2.
[INFO DRT-0028]   Complete via2.
[INFO DRT-0028]   Complete met3.
[INFO DRT-0028]   Complete via3.
[INFO DRT-0028]   Complete met4.
[INFO DRT-0028]   Complete via4.
[INFO DRT-0028]   Complete met5.
[INFO DRT-0178] Init guide query.
[INFO DRT-0035]   Complete FR_MASTERSLICE (guide).
[INFO DRT-0035]   Complete Fr_VIA (guide).
[INFO DRT-0035]   Complete li1 (guide).
[INFO DRT-0035]   Complete mcon (guide).
[INFO DRT-0035]   Complete met1 (guide).
[INFO DRT-0035]   Complete via (guide).
[INFO DRT-0035]   Complete met2 (guide).
[INFO DRT-0035]   Complete via2 (guide).
[INFO DRT-0035]   Complete met3 (guide).
[INFO DRT-0035]   Complete via3 (guide).
[INFO DRT-0035]   Complete met4 (guide).
[INFO DRT-0035]   Complete via4 (guide).
[INFO DRT-0035]   Complete met5 (guide).
[INFO DRT-0036] FR_MASTERSLICE guide region query size = 0.
[INFO DRT-0036] FR_VIA guide region query size = 0.
[INFO DRT-0036] li1 guide region query size = 2590.
[INFO DRT-0036] mcon guide region query size = 0.
[INFO DRT-0036] met1 guide region query size = 2446.
[INFO DRT-0036] via guide region query size = 0.
[INFO DRT-0036] met2 guide region query size = 1391.
[INFO DRT-0036] via2 guide region query size = 0.
[INFO DRT-0036] met3 guide region query size = 318.
[INFO DRT-0036] via3 guide region query size = 0.
[INFO DRT-0036] met4 guide region query size = 156.
[INFO DRT-0036] via4 guide region query size = 0.
[INFO DRT-0036] met5 guide region query size = 5.
[INFO DRT-0179] Init gr pin query.
[INFO DRT-0267] cpu time = 00:00:00, elapsed time = 00:00:00, memory = 270.25 (MB), peak = 269.75 (MB)
[INFO DRT-0245] skipped writing guide updates to database.
[INFO DRT-0181] Start track assignment.
[INFO DRT-0184] Done with 4137 vertical wires in 3 frboxes and 2769 horizontal wires in 2 frboxes.
[INFO DRT-0186] Done with 516 vertical wires in 3 frboxes and 718 horizontal wires in 2 frboxes.
[INFO DRT-0182] Complete track assignment.
[INFO DRT-0267] cpu time = 00:00:02, elapsed time = 00:00:01, memory = 326.47 (MB), peak = 325.92 (MB)
[INFO DRT-0187] Start routing data preparation.
[INFO DRT-0267] cpu time = 00:00:00, elapsed time = 00:00:00, memory = 326.47 (MB), peak = 325.92 (MB)
[INFO DRT-0194] Start detail routing.
[INFO DRT-0195] Start 0th optimization iteration.
    Completing 10% with 0 violations.
    elapsed time = 00:00:00, memory = 331.19 (MB).
    Completing 20% with 0 violations.
    elapsed time = 00:00:00, memory = 373.40 (MB).
    Completing 30% with 176 violations.
    elapsed time = 00:00:04, memory = 351.46 (MB).
    Completing 40% with 176 violations.
    elapsed time = 00:00:05, memory = 377.75 (MB).
    Completing 50% with 176 violations.
    elapsed time = 00:00:05, memory = 386.30 (MB).
    Completing 60% with 308 violations.
    elapsed time = 00:00:06, memory = 389.05 (MB).
    Completing 70% with 308 violations.
    elapsed time = 00:00:07, memory = 396.75 (MB).
    Completing 80% with 426 violations.
    elapsed time = 00:00:09, memory = 399.54 (MB).
    Completing 90% with 426 violations.
    elapsed time = 00:00:09, memory = 412.98 (MB).
    Completing 100% with 546 violations.
    elapsed time = 00:00:11, memory = 415.14 (MB).
[INFO DRT-0199]   Number of violations = 603.
Viol/Layer         li1   mcon   met1   met2   met3   met4
Cut Spacing          0      2      0      0      0      0
Metal Spacing        0      0    105     15      4      0
Recheck              1      0     35     14      6      1
Short                0      0    387     26      7      0
[INFO DRT-0267] cpu time = 00:00:24, elapsed time = 00:00:11, memory = 744.41 (MB), peak = 743.81 (MB)
Total wire length = 79998 um.
Total wire length on LAYER li1 = 0 um.
Total wire length on LAYER met1 = 23267 um.
Total wire length on LAYER met2 = 44958 um.
Total wire length on LAYER met3 = 5505 um.
Total wire length on LAYER met4 = 6178 um.
Total wire length on LAYER met5 = 89 um.
Total number of vias = 6636.
Up-via summary (total 6636):

-----------------------
 FR_MASTERSLICE       0
            li1    2913
           met1    3158
           met2     322
           met3     233
           met4      10
-----------------------
               6636


[INFO DRT-0195] Start 1st optimization iteration.
    Completing 10% with 603 violations.
    elapsed time = 00:00:00, memory = 744.41 (MB).
    Completing 20% with 603 violations.
    elapsed time = 00:00:00, memory = 744.41 (MB).
    Completing 30% with 554 violations.
    elapsed time = 00:00:01, memory = 744.47 (MB).
    Completing 40% with 554 violations.
    elapsed time = 00:00:01, memory = 744.47 (MB).
    Completing 50% with 554 violations.
    elapsed time = 00:00:03, memory = 744.47 (MB).
    Completing 60% with 500 violations.
    elapsed time = 00:00:03, memory = 745.84 (MB).
    Completing 70% with 500 violations.
    elapsed time = 00:00:04, memory = 746.93 (MB).
    Completing 80% with 433 violations.
    elapsed time = 00:00:05, memory = 752.08 (MB).
    Completing 90% with 433 violations.
    elapsed time = 00:00:06, memory = 785.09 (MB).
    Completing 100% with 355 violations.
    elapsed time = 00:00:11, memory = 764.47 (MB).
[INFO DRT-0199]   Number of violations = 355.
Viol/Layer        mcon   met1   met2
Cut Spacing          6      0      0
Metal Spacing        0     88     19
Short                0    227     15
[INFO DRT-0267] cpu time = 00:00:26, elapsed time = 00:00:12, memory = 767.47 (MB), peak = 784.56 (MB)
Total wire length = 79789 um.
Total wire length on LAYER li1 = 0 um.
Total wire length on LAYER met1 = 23105 um.
Total wire length on LAYER met2 = 44919 um.
Total wire length on LAYER met3 = 5538 um.
Total wire length on LAYER met4 = 6144 um.
Total wire length on LAYER met5 = 80 um.
Total number of vias = 6609.
Up-via summary (total 6609):

-----------------------
 FR_MASTERSLICE       0
            li1    2909
           met1    3145
           met2     316
           met3     229
           met4      10
-----------------------
               6609


[INFO DRT-0195] Start 2nd optimization iteration.
    Completing 10% with 355 violations.
    elapsed time = 00:00:00, memory = 767.47 (MB).
    Completing 20% with 355 violations.
    elapsed time = 00:00:00, memory = 767.47 (MB).
    Completing 30% with 351 violations.
    elapsed time = 00:00:00, memory = 767.47 (MB).
    Completing 40% with 351 violations.
    elapsed time = 00:00:01, memory = 767.47 (MB).
    Completing 50% with 351 violations.
    elapsed time = 00:00:02, memory = 771.64 (MB).
    Completing 60% with 358 violations.
    elapsed time = 00:00:02, memory = 771.64 (MB).
    Completing 70% with 358 violations.
    elapsed time = 00:00:02, memory = 771.64 (MB).
    Completing 80% with 340 violations.
    elapsed time = 00:00:03, memory = 771.64 (MB).
    Completing 90% with 340 violations.
    elapsed time = 00:00:04, memory = 771.64 (MB).
    Completing 100% with 321 violations.
    elapsed time = 00:00:11, memory = 771.64 (MB).
[INFO DRT-0199]   Number of violations = 321.
Viol/Layer        mcon   met1   met2   met3
Cut Spacing          2      0      0      0
Metal Spacing        0     76      7      1
Short                0    230      1      4
[INFO DRT-0267] cpu time = 00:00:23, elapsed time = 00:00:12, memory = 771.64 (MB), peak = 784.56 (MB)
Total wire length = 79665 um.
Total wire length on LAYER li1 = 0 um.
Total wire length on LAYER met1 = 23050 um.
Total wire length on LAYER met2 = 44911 um.
Total wire length on LAYER met3 = 5582 um.
Total wire length on LAYER met4 = 6059 um.
Total wire length on LAYER met5 = 60 um.
Total number of vias = 6546.
Up-via summary (total 6546):

-----------------------
 FR_MASTERSLICE       0
            li1    2910
           met1    3075
           met2     328
           met3     225
           met4       8
-----------------------
               6546


[INFO DRT-0195] Start 3rd optimization iteration.
    Completing 10% with 321 violations.
    elapsed time = 00:00:00, memory = 771.64 (MB).
    Completing 20% with 321 violations.
    elapsed time = 00:00:00, memory = 793.14 (MB).
    Completing 30% with 211 violations.
    elapsed time = 00:00:04, memory = 771.64 (MB).
    Completing 40% with 211 violations.
    elapsed time = 00:00:04, memory = 771.64 (MB).
    Completing 50% with 211 violations.
    elapsed time = 00:00:04, memory = 771.64 (MB).
    Completing 60% with 167 violations.
    elapsed time = 00:00:09, memory = 771.64 (MB).
    Completing 70% with 167 violations.
    elapsed time = 00:00:10, memory = 771.89 (MB).
    Completing 80% with 96 violations.
    elapsed time = 00:00:11, memory = 772.47 (MB).
    Completing 90% with 96 violations.
    elapsed time = 00:00:11, memory = 772.47 (MB).
    Completing 100% with 26 violations.
    elapsed time = 00:00:12, memory = 772.47 (MB).
[INFO DRT-0199]   Number of violations = 26.
Viol/Layer        met1
Metal Spacing       23
Short                3
[INFO DRT-0267] cpu time = 00:00:20, elapsed time = 00:00:12, memory = 772.47 (MB), peak = 792.76 (MB)
Total wire length = 79666 um.
Total wire length on LAYER li1 = 0 um.
Total wire length on LAYER met1 = 22419 um.
Total wire length on LAYER met2 = 44974 um.
Total wire length on LAYER met3 = 6164 um.
Total wire length on LAYER met4 = 6021 um.
Total wire length on LAYER met5 = 86 um.
Total number of vias = 6689.
Up-via summary (total 6689):

-----------------------
 FR_MASTERSLICE       0
            li1    2910
           met1    3157
           met2     397
           met3     217
           met4       8
-----------------------
               6689


[INFO DRT-0195] Start 4th guides tiles iteration.
    Completing 10% with 26 violations.
    elapsed time = 00:00:00, memory = 772.47 (MB).
    Completing 20% with 26 violations.
    elapsed time = 00:00:00, memory = 772.47 (MB).
    Completing 30% with 26 violations.
    elapsed time = 00:00:00, memory = 772.47 (MB).
    Completing 40% with 26 violations.
    elapsed time = 00:00:00, memory = 772.47 (MB).
    Completing 50% with 26 violations.
    elapsed time = 00:00:00, memory = 772.47 (MB).
    Completing 60% with 12 violations.
    elapsed time = 00:00:00, memory = 772.47 (MB).
    Completing 70% with 12 violations.
    elapsed time = 00:00:00, memory = 772.47 (MB).
    Completing 80% with 12 violations.
    elapsed time = 00:00:00, memory = 772.47 (MB).
    Completing 100% with 10 violations.
    elapsed time = 00:00:00, memory = 772.47 (MB).
[INFO DRT-0199]   Number of violations = 10.
Viol/Layer        met1   met2
Metal Spacing        5      0
Short                2      3
[INFO DRT-0267] cpu time = 00:00:01, elapsed time = 00:00:01, memory = 772.47 (MB), peak = 792.76 (MB)
Total wire length = 79668 um.
Total wire length on LAYER li1 = 0 um.
Total wire length on LAYER met1 = 22415 um.
Total wire length on LAYER met2 = 44975 um.
Total wire length on LAYER met3 = 6168 um.
Total wire length on LAYER met4 = 6021 um.
Total wire length on LAYER met5 = 86 um.
Total number of vias = 6699.
Up-via summary (total 6699):

-----------------------
 FR_MASTERSLICE       0
            li1    2910
           met1    3163
           met2     401
           met3     217
           met4       8
-----------------------
               6699


[INFO DRT-0195] Start 5th guides tiles iteration.
    Completing 20% with 10 violations.
    elapsed time = 00:00:00, memory = 772.47 (MB).
    Completing 50% with 10 violations.
    elapsed time = 00:00:00, memory = 772.47 (MB).
    Completing 70% with 10 violations.
    elapsed time = 00:00:00, memory = 772.47 (MB).
    Completing 100% with 0 violations.
    elapsed time = 00:00:00, memory = 772.47 (MB).
[INFO DRT-0199]   Number of violations = 0.
[INFO DRT-0267] cpu time = 00:00:01, elapsed time = 00:00:00, memory = 772.53 (MB), peak = 792.76 (MB)
Total wire length = 79665 um.
Total wire length on LAYER li1 = 0 um.
Total wire length on LAYER met1 = 22320 um.
Total wire length on LAYER met2 = 44974 um.
Total wire length on LAYER met3 = 6262 um.
Total wire length on LAYER met4 = 6021 um.
Total wire length on LAYER met5 = 86 um.
Total number of vias = 6687.
Up-via summary (total 6687):

-----------------------
 FR_MASTERSLICE       0
            li1    2910
           met1    3155
           met2     397
           met3     217
           met4       8
-----------------------
               6687


[INFO DRT-0198] Complete detail routing.
Total wire length = 79665 um.
Total wire length on LAYER li1 = 0 um.
Total wire length on LAYER met1 = 22320 um.
Total wire length on LAYER met2 = 44974 um.
Total wire length on LAYER met3 = 6262 um.
Total wire length on LAYER met4 = 6021 um.
Total wire length on LAYER met5 = 86 um.
Total number of vias = 6687.
Up-via summary (total 6687):

-----------------------
 FR_MASTERSLICE       0
            li1    2910
           met1    3155
           met2     397
           met3     217
           met4       8
-----------------------
               6687


[INFO DRT-0267] cpu time = 00:01:37, elapsed time = 00:00:51, memory = 772.59 (MB), peak = 792.76 (MB)

[INFO DRT-0180] Post processing.
[INFO DRT-0501] Runtime: 71.79s
Took 70 seconds: detailed_route -output_drc /work/campaigns/iscas_sustainability_extension/memory_compiler/gate3_attempt09_sram22_residual_interface_drv_and_provenance_closure/raw/openroad/work/reports/sky130hd/attempt09_e0/seed13/5_route_drc.rpt -output_maze /work/campaigns/iscas_sustainability_extension/memory_compiler/gate3_attempt09_sram22_residual_interface_drv_and_provenance_closure/raw/openroad/work/results/sky130hd/attempt09_e0/seed13/maze.log -droute_end_iter 64 -verbose 1 -drc_report_iter_step 5
[INFO GRT-0012] Found 5 antenna violations.
[INFO DPL-0006] Core area: 615627.94 um^2
[INFO DPL-0007] Movable instances area: 7.51 um^2
[INFO DPL-0008] Fixed instances area within core: 275975.32 um^2
[INFO DPL-0009] Utilization: 44.8%
[INFO DPL-0005] Diamond search max displacement: +/- 500 sites horizontally, +/- 100 rows vertically.
[INFO DPL-1102] Legalizing using negotiation legalizer.
[INFO DPL-1103] Negotiation base search window: +/-20 sites horizontally, +/-5 rows vertically 
	Automatic search window extension enabled.
	Search window extendable up to the max displacement cap of +/-500 sites, +/-100 rows near walls.
[INFO DPL-1104] NegotiationLegalizer DRC penalty: 5.
[INFO DPL-0392] Negotiation cell height distribution (3 unique row-count(s)):
[INFO DPL-0393]   height 1 row(s): 5865 cells
[INFO DPL-0393]   height 83 row(s): 1 cells
[INFO DPL-0393]   height 108 row(s): 1 cells
[INFO DPL-0500] Runtime: 0.05s
[INFO GRT-0015] Inserted 5 diodes.
[INFO DRT-0024]   Complete FR_MASTERSLICE.
[INFO DRT-0024]   Complete Fr_VIA.
[INFO DRT-0024]   Complete li1.
[INFO DRT-0024]   Complete mcon.
[INFO DRT-0024]   Complete met1.
[INFO DRT-0024]   Complete via.
[INFO DRT-0024]   Complete met2.
[INFO DRT-0024]   Complete via2.
[INFO DRT-0024]   Complete met3.
[INFO DRT-0024]   Complete via3.
[INFO DRT-0024]   Complete met4.
[INFO DRT-0024]   Complete via4.
[INFO DRT-0024]   Complete met5.
[INFO DRT-0165] Start pin access.
[INFO DRT-0078]   Complete 914 pins.
[INFO DRT-0081]   Complete 98 unique inst patterns.
[INFO DRT-0084]   Complete 922 groups.
#scanned instances     = 5867
#unique  instances     = 100
#stdCellGenAp          = 3020
#stdCellValidPlanarAp  = 63
#stdCellValidViaAp     = 2152
#stdCellPinNoAp        = 0
#stdCellPinCnt         = 2862
#instTermValidViaApCnt = 0
#macroGenAp            = 553
#macroValidPlanarAp    = 452
#macroValidViaAp       = 0
#macroNoAp             = 0
[INFO DRT-0166] Complete pin access.
[INFO DRT-0267] cpu time = 00:01:02, elapsed time = 00:00:16, memory = 680.65 (MB), peak = 792.76 (MB)

[INFO DRT-0157] Number of guides:     8317

[INFO DRT-0169] Post process guides.
[INFO DRT-0176] GCELLGRID X 0 DO 144 STEP 6900 ;
[INFO DRT-0177] GCELLGRID Y 0 DO 94 STEP 6900 ;
[INFO DRT-0028]   Complete FR_MASTERSLICE.
[INFO DRT-0028]   Complete Fr_VIA.
[INFO DRT-0028]   Complete li1.
[INFO DRT-0028]   Complete mcon.
[INFO DRT-0028]   Complete met1.
[INFO DRT-0028]   Complete via.
[INFO DRT-0028]   Complete met2.
[INFO DRT-0028]   Complete via2.
[INFO DRT-0028]   Complete met3.
[INFO DRT-0028]   Complete via3.
[INFO DRT-0028]   Complete met4.
[INFO DRT-0028]   Complete via4.
[INFO DRT-0028]   Complete met5.
[INFO DRT-0178] Init guide query.
[INFO DRT-0035]   Complete FR_MASTERSLICE (guide).
[INFO DRT-0035]   Complete Fr_VIA (guide).
[INFO DRT-0035]   Complete li1 (guide).
[INFO DRT-0035]   Complete mcon (guide).
[INFO DRT-0035]   Complete met1 (guide).
[INFO DRT-0035]   Complete via (guide).
[INFO DRT-0035]   Complete met2 (guide).
[INFO DRT-0035]   Complete via2 (guide).
[INFO DRT-0035]   Complete met3 (guide).
[INFO DRT-0035]   Complete via3 (guide).
[INFO DRT-0035]   Complete met4 (guide).
[INFO DRT-0035]   Complete via4 (guide).
[INFO DRT-0035]   Complete met5 (guide).
[INFO DRT-0036] FR_MASTERSLICE guide region query size = 0.
[INFO DRT-0036] FR_VIA guide region query size = 0.
[INFO DRT-0036] li1 guide region query size = 2594.
[INFO DRT-0036] mcon guide region query size = 0.
[INFO DRT-0036] met1 guide region query size = 2448.
[INFO DRT-0036] via guide region query size = 0.
[INFO DRT-0036] met2 guide region query size = 1386.
[INFO DRT-0036] via2 guide region query size = 0.
[INFO DRT-0036] met3 guide region query size = 312.
[INFO DRT-0036] via3 guide region query size = 0.
[INFO DRT-0036] met4 guide region query size = 153.
[INFO DRT-0036] via4 guide region query size = 0.
[INFO DRT-0036] met5 guide region query size = 5.
[INFO DRT-0179] Init gr pin query.
[INFO DRT-0267] cpu time = 00:00:00, elapsed time = 00:00:00, memory = 680.65 (MB), peak = 792.76 (MB)
[INFO DRT-0245] skipped writing guide updates to database.
[INFO DRT-0181] Start track assignment.
[INFO DRT-0184] Done with 4133 vertical wires in 3 frboxes and 2765 horizontal wires in 2 frboxes.
[INFO DRT-0186] Done with 510 vertical wires in 3 frboxes and 721 horizontal wires in 2 frboxes.
[INFO DRT-0182] Complete track assignment.
[INFO DRT-0267] cpu time = 00:00:02, elapsed time = 00:00:00, memory = 680.65 (MB), peak = 792.76 (MB)
[INFO DRT-0187] Start routing data preparation.
[INFO DRT-0267] cpu time = 00:00:00, elapsed time = 00:00:00, memory = 680.65 (MB), peak = 792.76 (MB)
[INFO DRT-0194] Start detail routing.
[INFO DRT-0195] Start 0th optimization iteration.
    Completing 10% with 0 violations.
    elapsed time = 00:00:00, memory = 680.65 (MB).
    Completing 20% with 0 violations.
    elapsed time = 00:00:00, memory = 680.65 (MB).
    Completing 30% with 8 violations.
    elapsed time = 00:00:00, memory = 680.65 (MB).
    Completing 40% with 8 violations.
    elapsed time = 00:00:01, memory = 680.65 (MB).
    Completing 50% with 8 violations.
    elapsed time = 00:00:01, memory = 680.65 (MB).
    Completing 60% with 11 violations.
    elapsed time = 00:00:01, memory = 680.65 (MB).
    Completing 70% with 11 violations.
    elapsed time = 00:00:02, memory = 680.65 (MB).
    Completing 80% with 21 violations.
    elapsed time = 00:00:02, memory = 680.65 (MB).
    Completing 90% with 21 violations.
    elapsed time = 00:00:02, memory = 680.65 (MB).
    Completing 100% with 23 violations.
    elapsed time = 00:00:03, memory = 680.65 (MB).
[INFO DRT-0199]   Number of violations = 25.
Viol/Layer        met1
Metal Spacing        1
Recheck              2
Short               22
[INFO DRT-0267] cpu time = 00:00:10, elapsed time = 00:00:03, memory = 801.16 (MB), peak = 800.86 (MB)
Total wire length = 79675 um.
Total wire length on LAYER li1 = 0 um.
Total wire length on LAYER met1 = 22351 um.
Total wire length on LAYER met2 = 45082 um.
Total wire length on LAYER met3 = 6236 um.
Total wire length on LAYER met4 = 5918 um.
Total wire length on LAYER met5 = 86 um.
Total number of vias = 6687.
Up-via summary (total 6687):

-----------------------
 FR_MASTERSLICE       0
            li1    2916
           met1    3154
           met2     392
           met3     217
           met4       8
-----------------------
               6687


[INFO DRT-0195] Start 1st optimization iteration.
    Completing 10% with 25 violations.
    elapsed time = 00:00:00, memory = 801.16 (MB).
    Completing 20% with 25 violations.
    elapsed time = 00:00:00, memory = 801.16 (MB).
    Completing 30% with 19 violations.
    elapsed time = 00:00:00, memory = 801.16 (MB).
    Completing 40% with 19 violations.
    elapsed time = 00:00:00, memory = 801.16 (MB).
    Completing 50% with 19 violations.
    elapsed time = 00:00:01, memory = 801.16 (MB).
    Completing 60% with 19 violations.
    elapsed time = 00:00:01, memory = 801.16 (MB).
    Completing 70% with 19 violations.
    elapsed time = 00:00:01, memory = 801.16 (MB).
    Completing 80% with 6 violations.
    elapsed time = 00:00:02, memory = 801.16 (MB).
    Completing 90% with 6 violations.
    elapsed time = 00:00:02, memory = 803.11 (MB).
    Completing 100% with 7 violations.
    elapsed time = 00:00:02, memory = 803.11 (MB).
[INFO DRT-0199]   Number of violations = 7.
Viol/Layer        met1
Short                7
[INFO DRT-0267] cpu time = 00:00:09, elapsed time = 00:00:02, memory = 803.23 (MB), peak = 802.86 (MB)
Total wire length = 79676 um.
Total wire length on LAYER li1 = 0 um.
Total wire length on LAYER met1 = 22339 um.
Total wire length on LAYER met2 = 45081 um.
Total wire length on LAYER met3 = 6249 um.
Total wire length on LAYER met4 = 5920 um.
Total wire length on LAYER met5 = 86 um.
Total number of vias = 6685.
Up-via summary (total 6685):

-----------------------
 FR_MASTERSLICE       0
            li1    2916
           met1    3150
           met2     394
           met3     217
           met4       8
-----------------------
               6685


[INFO DRT-0195] Start 2nd optimization iteration.
    Completing 10% with 7 violations.
    elapsed time = 00:00:00, memory = 803.23 (MB).
    Completing 20% with 7 violations.
    elapsed time = 00:00:00, memory = 803.23 (MB).
    Completing 30% with 7 violations.
    elapsed time = 00:00:00, memory = 803.23 (MB).
    Completing 40% with 7 violations.
    elapsed time = 00:00:00, memory = 803.23 (MB).
    Completing 50% with 7 violations.
    elapsed time = 00:00:00, memory = 803.23 (MB).
    Completing 60% with 11 violations.
    elapsed time = 00:00:00, memory = 679.72 (MB).
    Completing 70% with 11 violations.
    elapsed time = 00:00:00, memory = 679.72 (MB).
    Completing 80% with 11 violations.
    elapsed time = 00:00:00, memory = 679.72 (MB).
    Completing 90% with 11 violations.
    elapsed time = 00:00:00, memory = 679.72 (MB).
    Completing 100% with 9 violations.
    elapsed time = 00:00:00, memory = 679.72 (MB).
[INFO DRT-0199]   Number of violations = 9.
Viol/Layer        met1
Metal Spacing        1
Short                8
[INFO DRT-0267] cpu time = 00:00:01, elapsed time = 00:00:01, memory = 803.10 (MB), peak = 802.86 (MB)
Total wire length = 79677 um.
Total wire length on LAYER li1 = 0 um.
Total wire length on LAYER met1 = 22354 um.
Total wire length on LAYER met2 = 45080 um.
Total wire length on LAYER met3 = 6234 um.
Total wire length on LAYER met4 = 5920 um.
Total wire length on LAYER met5 = 86 um.
Total number of vias = 6683.
Up-via summary (total 6683):

-----------------------
 FR_MASTERSLICE       0
            li1    2916
           met1    3150
           met2     392
           met3     217
           met4       8
-----------------------
               6683


[INFO DRT-0195] Start 3rd guides tiles iteration.
    Completing 20% with 9 violations.
    elapsed time = 00:00:00, memory = 803.10 (MB).
    Completing 50% with 9 violations.
    elapsed time = 00:00:00, memory = 803.10 (MB).
    Completing 70% with 0 violations.
    elapsed time = 00:00:00, memory = 803.10 (MB).
    Completing 100% with 0 violations.
    elapsed time = 00:00:00, memory = 803.10 (MB).
[INFO DRT-0199]   Number of violations = 0.
[INFO DRT-0267] cpu time = 00:00:00, elapsed time = 00:00:00, memory = 742.10 (MB), peak = 802.86 (MB)
Total wire length = 79672 um.
Total wire length on LAYER li1 = 0 um.
Total wire length on LAYER met1 = 22270 um.
Total wire length on LAYER met2 = 45085 um.
Total wire length on LAYER met3 = 6316 um.
Total wire length on LAYER met4 = 5914 um.
Total wire length on LAYER met5 = 86 um.
Total number of vias = 6683.
Up-via summary (total 6683):

-----------------------
 FR_MASTERSLICE       0
            li1    2916
           met1    3148
           met2     394
           met3     217
           met4       8
-----------------------
               6683


[INFO DRT-0198] Complete detail routing.
Total wire length = 79672 um.
Total wire length on LAYER li1 = 0 um.
Total wire length on LAYER met1 = 22270 um.
Total wire length on LAYER met2 = 45085 um.
Total wire length on LAYER met3 = 6316 um.
Total wire length on LAYER met4 = 5914 um.
Total wire length on LAYER met5 = 86 um.
Total number of vias = 6683.
Up-via summary (total 6683):

-----------------------
 FR_MASTERSLICE       0
            li1    2916
           met1    3148
           met2     394
           met3     217
           met4       8
-----------------------
               6683


[INFO DRT-0267] cpu time = 00:00:21, elapsed time = 00:00:08, memory = 742.10 (MB), peak = 802.86 (MB)

[INFO DRT-0180] Post processing.
[INFO DRT-0501] Runtime: 26.82s
[INFO ANT-0002] Found 0 net violations.
[INFO ANT-0001] Found 0 pin violations.
[INFO ANT-0002] Found 0 net violations.
[INFO ANT-0001] Found 0 pin violations.
Design area 275983 um^2 45% utilization.
write_db /work/campaigns/iscas_sustainability_extension/memory_compiler/gate3_attempt09_sram22_residual_interface_drv_and_provenance_closure/raw/openroad/work/results/sky130hd/attempt09_e0/seed13/5_2_route.odb
Elapsed time: 1:42.12[h:]min:sec. CPU time: user 252.08 sys 2.12 (248%). Peak memory: 822128KB.
Log                       Ext     Elapsed/s Peak Memory/MB sha1sum result [0:20)
5_2_route                 .odb          102            802 481316ba82d0caeef419
