vcd           142
unannotated  2862
Unannotated pins:
 ANTENNA_1/DIODE
 ANTENNA_10/DIODE
 ANTENNA_11/DIODE
 ANTENNA_12/DIODE
 ANTENNA_13/DIODE
 ANTENNA_14/DIODE
 ANTENNA_15/DIODE
 ANTENNA_16/DIODE
 ANTENNA_17/DIODE
 ANTENNA_18/DIODE
 ANTENNA_19/DIODE
 ANTENNA_2/DIODE
 ANTENNA_20/DIODE
 ANTENNA_21/DIODE
 ANTENNA_22/DIODE
 ANTENNA_23/DIODE
 ANTENNA_24/DIODE
 ANTENNA_25/DIODE
 ANTENNA_26/DIODE
 ANTENNA_27/DIODE
 ANTENNA_28/DIODE
 ANTENNA_29/DIODE
 ANTENNA_3/DIODE
 ANTENNA_30/DIODE
 ANTENNA_31/DIODE
 ANTENNA_32/DIODE
 ANTENNA_33/DIODE
 ANTENNA_34/DIODE
 ANTENNA_35/DIODE
 ANTENNA_36/DIODE
 ANTENNA_37/DIODE
 ANTENNA_38/DIODE
 ANTENNA_4/DIODE
 ANTENNA_5/DIODE
 ANTENNA_6/DIODE
 ANTENNA_7/DIODE
 ANTENNA_8/DIODE
 ANTENNA_9/DIODE
 _411_/A
 _411_/B
 _411_/Y
 _412_/A
 _412_/B
 _412_/Y
 _413_/A
 _413_/B
 _413_/Y
 _414_/A
 _414_/B
 _414_/Y
 _415_/A
 _415_/B
 _415_/Y
 _416_/A
 _416_/B
 _416_/Y
 _417_/A
 _417_/B
 _417_/Y
 _418_/A
 _418_/B
 _418_/Y
 _419_/A
 _419_/B
 _419_/Y
 _420_/A
 _420_/B
 _420_/Y
 _421_/A
 _421_/B
 _421_/X
 _422_/A
 _422_/B
 _422_/X
 _423_/A
 _423_/B
 _423_/C
 _423_/X
 _424_/A
 _424_/B
 _424_/Y
 _425_/A
 _425_/B
 _425_/X
 _426_/A
 _426_/B
 _426_/Y
 _427_/A
 _427_/B
 _427_/Y
 _428_/A
 _428_/B
 _428_/C
 _428_/X
 _429_/A
 _429_/B
 _429_/Y
 _430_/A
 _430_/B
 _430_/C
 _430_/X
 _431_/A
 _431_/B
 _431_/Y
 _432_/A
 _432_/B
 _432_/Y
 _433_/A
 _433_/B
 _433_/Y
 _434_/A
 _434_/B
 _434_/Y
 _435_/A
 _435_/B
 _435_/Y
 _436_/A
 _436_/B
 _436_/X
 _437_/A
 _437_/B
 _437_/Y
 _438_/A
 _438_/B
 _438_/Y
 _439_/A
 _439_/B
 _439_/C
 _439_/X
 _440_/A
 _440_/B
 _440_/Y
 _441_/A
 _441_/B
 _441_/C
 _441_/X
 _442_/A
 _442_/B
 _442_/Y
 _443_/A
 _443_/B
 _443_/X
 _444_/A
 _444_/B
 _444_/Y
 _445_/A
 _445_/B
 _445_/Y
 _446_/A
 _446_/B
 _446_/Y
 _447_/A
 _447_/B
 _447_/Y
 _448_/A
 _448_/B
 _448_/Y
 _449_/A
 _449_/B
 _449_/Y
 _450_/A
 _450_/B
 _450_/Y
 _451_/A
 _451_/B
 _451_/Y
 _452_/A
 _452_/B
 _452_/Y
 _453_/A
 _453_/B
 _453_/Y
 _454_/A
 _454_/B
 _454_/Y
 _455_/A
 _455_/B
 _455_/Y
 _456_/A
 _456_/B
 _456_/X
 _457_/A
 _457_/B
 _457_/Y
 _458_/A
 _458_/B
 _458_/Y
 _459_/A
 _459_/B
 _459_/C
 _459_/X
 _460_/A
 _460_/B
 _460_/Y
 _461_/A
 _461_/B
 _461_/C
 _461_/X
 _462_/A
 _462_/Y
 _463_/A
 _463_/B
 _463_/X
 _464_/A
 _464_/B
 _464_/Y
 _465_/A
 _465_/B
 _465_/Y
 _466_/A
 _466_/B
 _466_/Y
 _467_/A
 _467_/B
 _467_/Y
 _468_/A
 _468_/B
 _468_/C
 _468_/X
 _469_/A
 _469_/B
 _469_/X
 _470_/A
 _470_/B
 _470_/Y
 _471_/A
 _471_/B
 _471_/Y
 _472_/A
 _472_/B
 _472_/C
 _472_/X
 _473_/A
 _473_/B
 _473_/C
 _473_/X
 _474_/A
 _474_/B
 _474_/Y
 _476_/A
 _476_/Y
 _477_/A
 _477_/B
 _477_/Y
 _478_/A
 _478_/B
 _478_/C
 _478_/Y
 _479_/A
 _479_/B
 _479_/X
 _480_/A
 _480_/B
 _480_/Y
 _481_/A
 _481_/B
 _481_/Y
 _482_/A
 _482_/B
 _482_/Y
 _483_/A
 _483_/B
 _483_/Y
 _484_/A
 _484_/B
 _484_/Y
 _485_/A
 _485_/B
 _485_/X
 _486_/A
 _486_/B
 _486_/Y
 _487_/A
 _487_/B
 _487_/Y
 _488_/A
 _488_/B
 _488_/X
 _489_/A
 _489_/B
 _489_/Y
 _490_/A
 _490_/B
 _490_/Y
 _491_/A
 _491_/B
 _491_/Y
 _492_/A
 _492_/B
 _492_/Y
 _493_/A
 _493_/B
 _493_/C
 _493_/X
 _494_/A
 _494_/B
 _494_/Y
 _495_/A
 _495_/B
 _495_/Y
 _496_/A
 _496_/B
 _496_/Y
 _497_/A
 _497_/B
 _497_/Y
 _498_/A
 _498_/B
 _498_/C
 _498_/X
 _499_/A
 _499_/B
 _499_/Y
 _500_/A
 _500_/B
 _500_/Y
 _501_/A
 _501_/B
 _501_/Y
 _502_/A
 _502_/B
 _502_/X
 _503_/A
 _503_/B
 _503_/Y
 _504_/A
 _504_/B
 _504_/X
 _505_/A
 _505_/B
 _505_/Y
 _506_/A
 _506_/B
 _506_/Y
 _507_/A
 _507_/B
 _507_/Y
 _508_/A
 _508_/B
 _508_/Y
 _509_/A
 _509_/B
 _509_/X
 _510_/A
 _510_/B
 _510_/Y
 _511_/A
 _511_/B
 _511_/Y
 _512_/A
 _512_/B
 _512_/Y
 _513_/A
 _513_/B
 _513_/Y
 _514_/A
 _514_/B
 _514_/Y
 _515_/A
 _515_/B
 _515_/Y
 _516_/A
 _516_/B
 _516_/C
 _516_/X
 _517_/A
 _517_/B
 _517_/C
 _517_/Y
 _518_/A1
 _518_/A2
 _518_/A3
 _518_/B1
 _518_/Y
 _520_/A
 _520_/B
 _520_/X
 _521_/A
 _521_/B
 _521_/Y
 _522_/A
 _522_/B
 _522_/Y
 _523_/A
 _523_/B
 _523_/Y
 _524_/A
 _524_/B
 _524_/Y
 _525_/A
 _525_/B
 _525_/C
 _525_/X
 _526_/A
 _526_/B
 _526_/X
 _527_/A
 _527_/B
 _527_/Y
 _528_/A
 _528_/B
 _528_/Y
 _529_/A
 _529_/B
 _529_/Y
 _530_/A
 _530_/B
 _530_/Y
 _531_/A
 _531_/B
 _531_/C
 _531_/X
 _532_/A
 _532_/B
 _532_/Y
 _533_/A
 _533_/B
 _533_/Y
 _534_/A
 _534_/B
 _534_/Y
 _535_/A
 _535_/B
 _535_/C
 _535_/X
 _536_/A
 _536_/B
 _536_/Y
 _537_/A
 _537_/B
 _537_/Y
 _538_/A
 _538_/B
 _538_/C
 _538_/X
 _539_/A
 _539_/B
 _539_/Y
 _540_/A
 _540_/B
 _540_/Y
 _541_/A
 _541_/B
 _541_/Y
 _542_/A
 _542_/B
 _542_/Y
 _543_/A
 _543_/B
 _543_/Y
 _544_/A
 _544_/B
 _544_/X
 _545_/A
 _545_/B
 _545_/Y
 _546_/A
 _546_/B
 _546_/Y
 _547_/A
 _547_/B
 _547_/Y
 _548_/A
 _548_/B
 _548_/X
 _549_/A
 _549_/B
 _549_/X
 _550_/A
 _550_/B
 _550_/Y
 _551_/A
 _551_/B
 _551_/Y
 _552_/A
 _552_/B
 _552_/Y
 _553_/A
 _553_/B
 _553_/Y
 _554_/A
 _554_/B
 _554_/X
 _556_/A
 _556_/B
 _556_/Y
 _557_/A
 _557_/B
 _557_/X
 _558_/A
 _558_/B
 _558_/Y
 _559_/A
 _559_/B
 _559_/Y
 _560_/A
 _560_/B
 _560_/C
 _560_/X
 _561_/A
 _561_/B
 _561_/Y
 _562_/A
 _562_/B
 _562_/Y
 _563_/A
 _563_/B
 _563_/Y
 _564_/A
 _564_/B
 _564_/Y
 _565_/A
 _565_/B
 _565_/X
 _567_/A
 _567_/B
 _567_/C
 _567_/X
 _568_/A
 _568_/B
 _568_/Y
 _569_/A
 _569_/B
 _569_/Y
 _570_/A
 _570_/B
 _570_/C
 _570_/X
 _571_/A
 _571_/B
 _571_/Y
 _572_/A
 _572_/B
 _572_/Y
 _573_/A
 _573_/B
 _573_/C
 _573_/X
 _574_/A
 _574_/B
 _574_/Y
 _575_/A
 _575_/B
 _575_/Y
 _576_/A
 _576_/B
 _576_/C
 _576_/X
 _577_/A
 _577_/B
 _577_/C
 _577_/Y
 _578_/A
 _578_/B
 _578_/Y
 _580_/A
 _580_/B
 _580_/C
 _580_/D
 _580_/Y
 _581_/A
 _581_/B
 _581_/Y
 _582_/A
 _582_/B
 _582_/C
 _582_/Y
 _583_/A
 _583_/B
 _583_/C
 _583_/X
 _584_/A
 _584_/B
 _584_/Y
 _586_/A_N
 _586_/B
 _586_/Y
 _587_/A
 _587_/B
 _587_/C
 _587_/D
 _587_/Y
 _588_/A
 _588_/B
 _588_/Y
 _589_/A
 _589_/B
 _589_/Y
 _590_/A
 _590_/B
 _590_/Y
 _591_/A
 _591_/B
 _591_/C
 _591_/Y
 _592_/A
 _592_/B
 _592_/Y
 _593_/A
 _593_/B
 _593_/Y
 _594_/A
 _594_/B
 _594_/Y
 _595_/A
 _595_/B
 _595_/Y
 _596_/A
 _596_/B
 _596_/Y
 _597_/A
 _597_/B
 _597_/X
 _598_/A
 _598_/B
 _598_/X
 _599_/A
 _599_/B
 _599_/X
 _600_/A
 _600_/B
 _600_/Y
 _601_/A
 _601_/B
 _601_/C
 _601_/X
 _602_/A
 _602_/B
 _602_/Y
 _603_/A
 _603_/B
 _603_/Y
 _604_/A
 _604_/B
 _604_/Y
 _605_/A
 _605_/B
 _605_/Y
 _606_/A
 _606_/B
 _606_/X
 _607_/A
 _607_/B
 _607_/Y
 _608_/A
 _608_/B
 _608_/Y
 _609_/A
 _609_/B
 _609_/X
 _610_/A
 _610_/B
 _610_/Y
 _611_/A
 _611_/B
 _611_/Y
 _612_/A
 _612_/B
 _612_/C
 _612_/D
 _612_/Y
 _613_/A
 _613_/B
 _613_/Y
 _614_/A
 _614_/B
 _614_/X
 _615_/A
 _615_/B
 _615_/Y
 _616_/A
 _616_/B
 _616_/Y
 _617_/A
 _617_/B
 _617_/Y
 _618_/A
 _618_/B
 _618_/Y
 _619_/A
 _619_/B
 _619_/Y
 _620_/A
 _620_/B
 _620_/Y
 _621_/A
 _621_/B
 _621_/Y
 _622_/A
 _622_/B
 _622_/Y
 _623_/A
 _623_/B
 _623_/X
 _624_/A
 _624_/B
 _624_/Y
 _625_/A
 _625_/B
 _625_/X
 _626_/A
 _626_/B
 _626_/Y
 _627_/A
 _627_/B
 _627_/X
 _628_/A
 _628_/B
 _628_/X
 _629_/A
 _629_/B
 _629_/Y
 _630_/A
 _630_/B
 _630_/Y
 _631_/A
 _631_/B
 _631_/C
 _631_/Y
 _632_/A
 _632_/B
 _632_/C
 _632_/D
 _632_/Y
 _633_/A
 _633_/B
 _633_/Y
 _634_/A
 _634_/B
 _634_/Y
 _635_/A
 _635_/B
 _635_/Y
 _636_/A
 _636_/B
 _636_/Y
 _637_/A
 _637_/B
 _637_/Y
 _638_/A
 _638_/B
 _638_/Y
 _639_/A
 _639_/B
 _639_/Y
 _640_/A
 _640_/B
 _640_/C
 _640_/D
 _640_/Y
 _641_/A
 _641_/B
 _641_/Y
 _642_/A
 _642_/B
 _642_/Y
 _643_/A
 _643_/B
 _643_/Y
 _644_/A
 _644_/B
 _644_/C
 _644_/D
 _644_/Y
 _645_/A
 _645_/B
 _645_/Y
 _646_/A
 _646_/B
 _646_/Y
 _647_/A
 _647_/B
 _647_/Y
 _648_/A
 _648_/B
 _648_/X
 _649_/A
 _649_/B
 _649_/Y
 _650_/A
 _650_/B
 _650_/Y
 _651_/A
 _651_/B
 _651_/X
 _652_/A
 _652_/B
 _652_/Y
 _653_/A
 _653_/B
 _653_/Y
 _654_/A
 _654_/B
 _654_/X
 _655_/A
 _655_/B
 _655_/Y
 _656_/A
 _656_/B
 _656_/X
 _657_/A1
 _657_/A2
 _657_/B1
 _657_/B2
 _657_/C1
 _657_/Y
 _658_/A
 _658_/B
 _658_/X
 _659_/A
 _659_/B
 _659_/Y
 _660_/A
 _660_/B
 _660_/Y
 _661_/A
 _661_/B
 _661_/C
 _661_/D
 _661_/Y
 _662_/A
 _662_/B
 _662_/Y
 _663_/A
 _663_/B
 _663_/Y
 _664_/A
 _664_/B
 _664_/Y
 _665_/A
 _665_/B
 _665_/C
 _665_/X
 _666_/A
 _666_/B
 _666_/C
 _666_/Y
 _667_/A
 _667_/B
 _667_/Y
 _668_/A
 _668_/B
 _668_/Y
 _669_/A
 _669_/B
 _669_/Y
 _670_/A
 _670_/B
 _670_/C
 _670_/D
 _670_/Y
 _671_/A
 _671_/B
 _671_/Y
 _672_/A
 _672_/B
 _672_/C
 _672_/Y
 _673_/A
 _673_/B
 _673_/Y
 _674_/A
 _674_/B
 _674_/Y
 _675_/A
 _675_/B
 _675_/Y
 _676_/A
 _676_/B
 _676_/Y
 _677_/A
 _677_/B
 _677_/Y
 _678_/A
 _678_/B
 _678_/Y
 _679_/A
 _679_/B
 _679_/C
 _679_/X
 _680_/A
 _680_/B
 _680_/C
 _680_/Y
 _681_/A
 _681_/B
 _681_/Y
 _682_/A
 _682_/B
 _682_/Y
 _683_/A
 _683_/B
 _683_/Y
 _684_/A
 _684_/B
 _684_/Y
 _685_/A
 _685_/B
 _685_/Y
 _686_/A
 _686_/B
 _686_/Y
 _687_/A
 _687_/B
 _687_/Y
 _688_/A
 _688_/B
 _688_/Y
 _689_/A
 _689_/B
 _689_/Y
 _690_/A
 _690_/B
 _690_/Y
 _691_/A
 _691_/B
 _691_/Y
 _692_/A
 _692_/B
 _692_/X
 _693_/A
 _693_/B
 _693_/Y
 _694_/A
 _694_/B
 _694_/X
 _695_/A
 _695_/B
 _695_/Y
 _696_/A
 _696_/B
 _696_/X
 _697_/A
 _697_/B
 _697_/Y
 _698_/A
 _698_/B
 _698_/X
 _699_/A
 _699_/B
 _699_/Y
 _700_/A
 _700_/B
 _700_/X
 _701_/A
 _701_/B
 _701_/Y
 _702_/A
 _702_/B
 _702_/X
 _703_/A
 _703_/B
 _703_/Y
 _704_/A
 _704_/B
 _704_/Y
 _705_/A
 _705_/B
 _705_/C
 _705_/D
 _705_/Y
 _706_/A
 _706_/B
 _706_/Y
 _707_/A
 _707_/B
 _707_/C
 _707_/Y
 _708_/A
 _708_/B
 _708_/Y
 _709_/A
 _709_/B
 _709_/C
 _709_/Y
 _710_/A
 _710_/B
 _710_/Y
 _711_/A
 _711_/B
 _711_/Y
 _712_/A
 _712_/B
 _712_/X
 _713_/A
 _713_/B
 _713_/Y
 _714_/A
 _714_/B
 _714_/Y
 _715_/A
 _715_/B
 _715_/C
 _715_/Y
 _716_/A
 _716_/B
 _716_/Y
 _717_/A
 _717_/B
 _717_/Y
 _718_/A
 _718_/B
 _718_/Y
 _719_/A
 _719_/B
 _719_/C
 _719_/D
 _719_/Y
 _720_/A
 _720_/B
 _720_/Y
 _721_/A
 _721_/B
 _721_/Y
 _722_/A1
 _722_/A2
 _722_/B1
 _722_/C1
 _722_/Y
 _723_/A
 _723_/B
 _723_/Y
 _724_/A1
 _724_/A2
 _724_/B1
 _724_/C1
 _724_/Y
 _725_/A1
 _725_/A2
 _725_/A3
 _725_/B1
 _725_/Y
 _726_/A
 _726_/B
 _726_/Y
 _727_/A
 _727_/B
 _727_/Y
 _728_/A1
 _728_/A2
 _728_/A3
 _728_/B1
 _728_/B2
 _728_/Y
 _729_/A
 _729_/B
 _729_/Y
 _730_/A1
 _730_/A2
 _730_/B1
 _730_/Y
 _731_/A
 _731_/B
 _731_/C
 _731_/X
 _732_/A
 _732_/B
 _732_/C
 _732_/X
 _733_/A1
 _733_/A2
 _733_/B1
 _733_/X
 _734_/A1
 _734_/A2
 _734_/A3
 _734_/B1
 _734_/Y
 _735_/A1
 _735_/A2
 _735_/B1
 _735_/Y
 _736_/A
 _736_/B
 _736_/Y
 _737_/A
 _737_/B
 _737_/Y
 _738_/A1
 _738_/A2
 _738_/B1
 _738_/C1
 _738_/Y
 _739_/A
 _739_/B
 _739_/Y
 _740_/A1
 _740_/A2
 _740_/B1
 _740_/C1
 _740_/D1
 _740_/Y
 _741_/A1
 _741_/A2
 _741_/A3
 _741_/B1
 _741_/Y
 _742_/A
 _742_/B
 _742_/C
 _742_/D
 _742_/Y
 _743_/A1
 _743_/A2
 _743_/B1
 _743_/Y
 _744_/A1
 _744_/A2
 _744_/B1
 _744_/Y
 _745_/A1
 _745_/A2
 _745_/B1
 _745_/B2
 _745_/C1
 _745_/Y
 _746_/A1
 _746_/A2
 _746_/B1
 _746_/Y
 _747_/A
 _747_/B
 _747_/C_N
 _747_/X
 _748_/A
 _748_/B
 _748_/Y
 _749_/A1
 _749_/A2
 _749_/B1
 _749_/Y
 _750_/A
 _750_/B
 _750_/C
 _750_/Y
 _751_/A
 _751_/B
 _751_/C
 _751_/Y
 _752_/A
 _752_/B
 _752_/Y
 _753_/A
 _753_/B
 _753_/X
 _754_/A
 _754_/B
 _754_/Y
 _755_/A
 _755_/B
 _755_/X
 _756_/A
 _756_/B
 _756_/X
 _757_/A
 _757_/B
 _757_/Y
 _758_/A
 _758_/B
 _758_/Y
 _759_/A
 _759_/B
 _759_/X
 _760_/A
 _760_/B
 _760_/Y
 _761_/A
 _761_/B
 _761_/Y
 _762_/A
 _762_/B
 _762_/Y
 _763_/A
 _763_/B
 _763_/Y
 _764_/A
 _764_/B
 _764_/X
 _765_/A
 _765_/B
 _765_/Y
 _766_/A
 _766_/B
 _766_/Y
 _767_/A
 _767_/B
 _767_/Y
 _768_/A
 _768_/B
 _768_/Y
 _769_/A
 _769_/B
 _769_/Y
 _770_/A
 _770_/B
 _770_/Y
 _771_/A
 _771_/B
 _771_/Y
 _772_/A
 _772_/B
 _772_/Y
 _773_/A
 _773_/B
 _773_/Y
 _774_/A
 _774_/B
 _774_/Y
 _775_/A
 _775_/B
 _775_/Y
 _776_/A
 _776_/B
 _776_/Y
 _777_/A
 _777_/B
 _777_/Y
 _778_/A
 _778_/B
 _778_/Y
 _779_/A
 _779_/B
 _779_/Y
 _780_/A
 _780_/B
 _780_/X
 _781_/A
 _781_/B
 _781_/Y
 _782_/A
 _782_/B
 _782_/Y
 _783_/A
 _783_/B
 _783_/X
 _784_/A
 _784_/B
 _784_/Y
 _785_/A
 _785_/B
 _785_/Y
 _786_/A
 _786_/B
 _786_/Y
 _787_/A
 _787_/B
 _787_/Y
 _788_/A
 _788_/B
 _788_/Y
 _789_/A
 _789_/B
 _789_/Y
 _790_/A
 _790_/B
 _790_/Y
 _791_/A
 _791_/B
 _791_/Y
 _792_/A
 _792_/B
 _792_/Y
 _793_/A
 _793_/B
 _793_/Y
 _794_/A
 _794_/B
 _794_/Y
 _795_/A
 _795_/B
 _795_/Y
 _796_/A
 _796_/B
 _796_/X
 _797_/A
 _797_/B
 _797_/X
 _798_/A
 _798_/B
 _798_/Y
 _799_/A
 _799_/B
 _799_/Y
 _800_/A
 _800_/B
 _800_/Y
 _801_/A
 _801_/B
 _801_/Y
 _802_/A
 _802_/B
 _802_/Y
 _803_/A
 _803_/B
 _803_/Y
 _804_/A
 _804_/B
 _804_/Y
 _805_/A
 _805_/B
 _805_/Y
 _806_/A
 _806_/B
 _806_/Y
 _807_/A
 _807_/B
 _807_/Y
 _808_/A
 _808_/B
 _808_/Y
 _809_/A
 _809_/B
 _809_/Y
 _810_/A
 _810_/B
 _810_/Y
 _811_/A
 _811_/B
 _811_/X
 _812_/A
 _812_/B
 _812_/Y
 _813_/A
 _813_/B
 _813_/Y
 _814_/A
 _814_/B
 _814_/Y
 _815_/A
 _815_/B
 _815_/Y
 _816_/A
 _816_/B
 _816_/Y
 _817_/A
 _817_/B
 _817_/Y
 _818_/A
 _818_/B
 _818_/Y
 _819_/A
 _819_/B
 _819_/Y
 _820_/A
 _820_/B
 _820_/Y
 _821_/A
 _821_/B
 _821_/Y
 _822_/A
 _822_/B
 _822_/Y
 _823_/A
 _823_/B
 _823_/Y
 _824_/A
 _824_/B
 _824_/Y
 _825_/A
 _825_/B
 _825_/Y
 _826_/A
 _826_/B
 _826_/X
 _827_/A
 _827_/B
 _827_/Y
 _828_/A
 _828_/B
 _828_/X
 _829_/A
 _829_/B
 _829_/Y
 _830_/A
 _830_/B
 _830_/Y
 _831_/A
 _831_/B
 _831_/X
 _832_/A
 _832_/B
 _832_/Y
 _833_/A
 _833_/B
 _833_/Y
 _834_/A
 _834_/B
 _834_/Y
 _835_/A
 _835_/B
 _835_/Y
 _836_/A
 _836_/B
 _836_/Y
 _837_/A
 _837_/B
 _837_/Y
 _838_/A
 _838_/B
 _838_/Y
 _839_/A
 _839_/B
 _839_/Y
 _840_/A
 _840_/B
 _840_/Y
 _841_/A
 _841_/B
 _841_/Y
 _842_/A
 _842_/B
 _842_/Y
 _843_/A
 _843_/B
 _843_/Y
 _844_/A
 _844_/B
 _844_/Y
 _845_/A
 _845_/B
 _845_/Y
 _846_/A
 _846_/B
 _846_/Y
 _847_/A
 _847_/B
 _847_/Y
 _848_/A
 _848_/B
 _848_/X
 _849_/A
 _849_/B
 _849_/Y
 _850_/A
 _850_/B
 _850_/Y
 _851_/A
 _851_/B
 _851_/Y
 _852_/A
 _852_/B
 _852_/Y
 _853_/A
 _853_/B
 _853_/Y
 _854_/A
 _854_/B
 _854_/Y
 _855_/A
 _855_/B
 _855_/Y
 _856_/A
 _856_/B
 _856_/Y
 _857_/A
 _857_/B
 _857_/C
 _857_/X
 _858_/A
 _858_/B
 _858_/Y
 _859_/A
 _859_/B
 _859_/Y
 _860_/A
 _860_/B
 _860_/Y
 _861_/A
 _861_/B
 _861_/Y
 _862_/A
 _862_/B
 _862_/Y
 _863_/A
 _863_/B
 _863_/X
 _864_/A
 _864_/B
 _864_/Y
 _865_/A
 _865_/B
 _865_/Y
 _866_/A
 _866_/B
 _866_/Y
 _867_/A
 _867_/B
 _867_/Y
 _868_/A
 _868_/B
 _868_/Y
 _869_/A
 _869_/B
 _869_/Y
 _870_/A
 _870_/B
 _870_/Y
 _871_/A
 _871_/B
 _871_/Y
 _872_/A
 _872_/B
 _872_/Y
 _873_/A
 _873_/B
 _873_/X
 _874_/A
 _874_/B
 _874_/Y
 _875_/A
 _875_/B
 _875_/Y
 _876_/A
 _876_/B
 _876_/Y
 _877_/A
 _877_/B
 _877_/Y
 _878_/A
 _878_/B
 _878_/Y
 _879_/A
 _879_/B
 _879_/X
 _880_/A
 _880_/B
 _880_/Y
 _881_/A
 _881_/B
 _881_/Y
 _882_/A
 _882_/B
 _882_/Y
 _883_/A
 _883_/B
 _883_/Y
 _884_/A
 _884_/B
 _884_/Y
 _885_/A
 _885_/B
 _885_/X
 _886_/A
 _886_/B
 _886_/C
 _886_/X
 _887_/A
 _887_/B
 _887_/C
 _887_/Y
 _888_/A
 _888_/B
 _888_/Y
 _889_/A
 _889_/B
 _889_/Y
 _890_/A
 _890_/B
 _890_/X
 _891_/A
 _891_/B
 _891_/Y
 _892_/A
 _892_/B
 _892_/X
 _893_/A
 _893_/B
 _893_/C
 _893_/Y
 _894_/A
 _894_/B
 _894_/Y
 clkbuf_0_clk/A
 clkbuf_0_clk/X
 clkbuf_1_0__f_clk/A
 clkbuf_1_0__f_clk/X
 clkbuf_1_1__f_clk/A
 clkbuf_1_1__f_clk/X
 clkload0/A
 clkload0/Y
 hold805/A
 hold805/X
 hold806/A
 hold806/X
 hold807/A
 hold807/X
 hold808/A
 hold808/X
 hold809/A
 hold809/X
 hold810/A
 hold810/X
 hold811/A
 hold811/X
 hold812/A
 hold812/X
 input17/A
 input17/X
 input18/A
 input18/X
 input19/A
 input19/X
 input20/A
 input20/X
 input21/A
 input21/X
 input22/A
 input22/X
 input23/A
 input23/X
 input24/A
 input24/X
 input25/A
 input25/X
 input26/A
 input26/X
 input27/A
 input27/X
 input28/A
 input28/X
 input29/A
 input29/X
 input30/A
 input30/X
 input31/A
 input31/X
 input32/A
 input32/X
 input33/A
 input33/X
 input34/A
 input34/X
 input35/A
 input35/X
 input36/A
 input36/X
 input37/A
 input37/X
 input38/A
 input38/X
 input39/A
 input39/X
 input40/A
 input40/X
 input41/A
 input41/X
 input42/A
 input42/X
 input43/A
 input43/X
 input44/A
 input44/X
 input45/A
 input45/X
 input46/A
 input46/X
 input47/A
 input47/X
 input48/A
 input48/X
 input49/A
 input49/X
 input50/A
 input50/X
 input51/A
 input51/X
 input52/A
 input52/X
 input53/A
 input53/X
 input54/A
 input54/X
 input55/A
 input55/X
 input56/A
 input56/X
 input57/A
 input57/X
 input58/A
 input58/X
 input59/A
 input59/X
 input60/A
 input60/X
 input61/A
 input61/X
 input62/A
 input62/X
 input63/A
 input63/X
 input64/A
 input64/X
 input65/A
 input65/X
 input66/A
 input66/X
 input67/A
 input67/X
 input68/A
 input68/X
 input69/A
 input69/X
 input70/A
 input70/X
 input71/A
 input71/X
 input72/A
 input72/X
 input73/A
 input73/X
 input74/A
 input74/X
 input75/A
 input75/X
 input76/A
 input76/X
 input77/A
 input77/X
 input78/A
 input78/X
 input79/A
 input79/X
 input80/A
 input80/X
 input81/A
 input81/X
 input82/A
 input82/X
 input83/A
 input83/X
 input84/A
 input84/X
 input85/A
 input85/X
 input86/A
 input86/X
 input87/A
 input87/X
 input88/A
 input88/X
 input89/A
 input89/X
 input90/A
 input90/X
 input91/A
 input91/X
 max_cap167/A
 max_cap167/X
 max_cap168/A
 max_cap168/X
 max_cap169/A
 max_cap169/X
 max_cap170/A
 max_cap170/X
 max_cap171/A
 max_cap171/X
 max_cap172/A
 max_cap172/X
 max_cap173/A
 max_cap173/X
 max_cap174/A
 max_cap174/X
 max_cap175/A
 max_cap175/X
 max_cap176/A
 max_cap176/X
 max_cap177/A
 max_cap177/X
 max_cap178/A
 max_cap178/X
 max_cap179/A
 max_cap179/X
 max_cap180/A
 max_cap180/X
 max_cap181/A
 max_cap181/X
 max_cap182/A
 max_cap182/X
 max_cap183/A
 max_cap183/X
 max_cap184/A
 max_cap184/X
 max_cap185/A
 max_cap185/X
 max_cap186/A
 max_cap186/X
 max_cap187/A
 max_cap187/X
 max_cap188/A
 max_cap188/X
 max_cap189/A
 max_cap189/X
 max_cap190/A
 max_cap190/X
 max_cap191/A
 max_cap191/X
 max_cap192/A
 max_cap192/X
 max_cap193/A
 max_cap193/X
 max_cap194/A
 max_cap194/X
 max_cap195/A
 max_cap195/X
 max_cap196/A
 max_cap196/X
 max_cap197/A
 max_cap197/X
 max_cap198/A
 max_cap198/X
 max_cap199/A
 max_cap199/X
 max_cap200/A
 max_cap200/X
 max_cap201/A
 max_cap201/X
 max_cap202/A
 max_cap202/X
 max_cap203/A
 max_cap203/X
 max_cap204/A
 max_cap204/X
 max_cap205/A
 max_cap205/X
 max_cap206/A
 max_cap206/X
 max_cap207/A
 max_cap207/X
 max_cap208/A
 max_cap208/X
 max_cap209/A
 max_cap209/X
 max_cap210/A
 max_cap210/X
 max_cap211/A
 max_cap211/X
 max_cap212/A
 max_cap212/X
 max_cap213/A
 max_cap213/X
 max_cap214/A
 max_cap214/X
 max_cap215/A
 max_cap215/X
 max_cap216/A
 max_cap216/X
 max_cap217/A
 max_cap217/X
 max_cap218/A
 max_cap218/X
 max_cap219/A
 max_cap219/X
 max_cap220/A
 max_cap220/X
 max_cap221/A
 max_cap221/X
 max_cap222/A
 max_cap222/X
 max_cap223/A
 max_cap223/X
 max_cap224/A
 max_cap224/X
 max_cap225/A
 max_cap225/X
 max_cap226/A
 max_cap226/X
 max_cap227/A
 max_cap227/X
 max_cap228/A
 max_cap228/X
 max_cap229/A
 max_cap229/X
 max_cap230/A
 max_cap230/X
 max_cap231/A
 max_cap231/X
 max_cap232/A
 max_cap232/X
 max_cap233/A
 max_cap233/X
 max_cap234/A
 max_cap234/X
 max_cap235/A
 max_cap235/X
 max_cap236/A
 max_cap236/X
 max_cap237/A
 max_cap237/X
 max_cap238/A
 max_cap238/X
 max_cap239/A
 max_cap239/X
 max_cap240/A
 max_cap240/X
 max_cap241/A
 max_cap241/X
 max_cap242/A
 max_cap242/X
 max_cap243/A
 max_cap243/X
 max_cap244/A
 max_cap244/X
 max_cap245/A
 max_cap245/X
 max_cap246/A
 max_cap246/X
 max_cap247/A
 max_cap247/X
 max_cap248/A
 max_cap248/X
 max_cap249/A
 max_cap249/X
 max_cap250/A
 max_cap250/X
 max_cap251/A
 max_cap251/X
 max_cap252/A
 max_cap252/X
 max_cap253/A
 max_cap253/X
 max_cap254/A
 max_cap254/X
 max_cap255/A
 max_cap255/X
 max_cap256/A
 max_cap256/X
 max_cap257/A
 max_cap257/X
 max_cap258/A
 max_cap258/X
 max_cap259/A
 max_cap259/X
 max_cap260/A
 max_cap260/X
 max_cap261/A
 max_cap261/X
 max_cap262/A
 max_cap262/X
 max_cap263/A
 max_cap263/X
 max_cap264/A
 max_cap264/X
 max_cap265/A
 max_cap265/X
 max_cap266/A
 max_cap266/X
 max_cap267/A
 max_cap267/X
 max_cap268/A
 max_cap268/X
 max_cap269/A
 max_cap269/X
 max_cap270/A
 max_cap270/X
 max_cap271/A
 max_cap271/X
 max_cap272/A
 max_cap272/X
 max_cap273/A
 max_cap273/X
 max_cap274/A
 max_cap274/X
 max_cap275/A
 max_cap275/X
 max_cap276/A
 max_cap276/X
 max_cap277/A
 max_cap277/X
 max_cap278/A
 max_cap278/X
 max_cap279/A
 max_cap279/X
 max_cap280/A
 max_cap280/X
 max_cap281/A
 max_cap281/X
 max_cap282/A
 max_cap282/X
 max_cap283/A
 max_cap283/X
 max_cap284/A
 max_cap284/X
 max_cap285/A
 max_cap285/X
 max_cap286/A
 max_cap286/X
 max_cap287/A
 max_cap287/X
 max_cap288/A
 max_cap288/X
 max_cap289/A
 max_cap289/X
 max_cap290/A
 max_cap290/X
 max_cap291/A
 max_cap291/X
 max_cap292/A
 max_cap292/X
 max_cap293/A
 max_cap293/X
 max_cap562/A
 max_cap562/X
 max_cap563/A
 max_cap563/X
 max_cap565/A
 max_cap565/X
 max_cap566/A
 max_cap566/X
 max_cap570/A
 max_cap570/X
 max_cap571/A
 max_cap571/X
 max_cap576/A
 max_cap576/X
 max_cap577/A
 max_cap577/X
 max_cap581/A
 max_cap581/X
 max_cap585/A
 max_cap585/X
 max_cap589/A
 max_cap589/X
 max_cap590/A
 max_cap590/X
 max_cap591/A
 max_cap591/X
 max_cap592/A
 max_cap592/X
 max_cap593/A
 max_cap593/X
 max_cap594/A
 max_cap594/X
 max_cap595/A
 max_cap595/X
 max_cap596/A
 max_cap596/X
 max_cap597/A
 max_cap597/X
 max_cap598/A
 max_cap598/X
 max_cap599/A
 max_cap599/X
 max_cap600/A
 max_cap600/X
 max_cap601/A
 max_cap601/X
 max_cap602/A
 max_cap602/X
 max_cap603/A
 max_cap603/X
 max_cap604/A
 max_cap604/X
 max_cap605/A
 max_cap605/X
 max_cap606/A
 max_cap606/X
 max_cap607/A
 max_cap607/X
 max_cap608/A
 max_cap608/X
 max_cap609/A
 max_cap609/X
 max_cap610/A
 max_cap610/X
 max_cap615/A
 max_cap615/X
 max_cap616/A
 max_cap616/X
 max_cap617/A
 max_cap617/X
 max_cap618/A
 max_cap618/X
 max_cap619/A
 max_cap619/X
 max_cap620/A
 max_cap620/X
 max_cap621/A
 max_cap621/X
 max_cap622/A
 max_cap622/X
 max_cap623/A
 max_cap623/X
 max_cap624/A
 max_cap624/X
 max_cap625/A
 max_cap625/X
 max_cap626/A
 max_cap626/X
 max_cap627/A
 max_cap627/X
 max_cap628/A
 max_cap628/X
 max_cap629/A
 max_cap629/X
 max_cap630/A
 max_cap630/X
 max_cap631/A
 max_cap631/X
 max_cap632/A
 max_cap632/X
 max_cap633/A
 max_cap633/X
 max_cap637/A
 max_cap637/X
 max_cap638/A
 max_cap638/X
 max_cap639/A
 max_cap639/X
 max_cap640/A
 max_cap640/X
 max_cap641/A
 max_cap641/X
 max_cap642/A
 max_cap642/X
 max_cap643/A
 max_cap643/X
 max_cap644/A
 max_cap644/X
 max_cap645/A
 max_cap645/X
 max_cap646/A
 max_cap646/X
 max_cap647/A
 max_cap647/X
 max_cap651/A
 max_cap651/X
 max_cap652/A
 max_cap652/X
 max_cap653/A
 max_cap653/X
 max_cap654/A
 max_cap654/X
 max_cap655/A
 max_cap655/X
 max_cap656/A
 max_cap656/X
 max_cap657/A
 max_cap657/X
 max_cap658/A
 max_cap658/X
 max_cap659/A
 max_cap659/X
 max_cap660/A
 max_cap660/X
 max_cap661/A
 max_cap661/X
 max_cap662/A
 max_cap662/X
 max_cap663/A
 max_cap663/X
 max_cap664/A
 max_cap664/X
 max_cap665/A
 max_cap665/X
 max_cap669/A
 max_cap669/X
 max_cap670/A
 max_cap670/X
 max_cap671/A
 max_cap671/X
 max_cap672/A
 max_cap672/X
 max_cap673/A
 max_cap673/X
 max_cap674/A
 max_cap674/X
 max_cap676/A
 max_cap676/X
 max_cap677/A
 max_cap677/X
 max_cap678/A
 max_cap678/X
 max_cap679/A
 max_cap679/X
 max_cap681/A
 max_cap681/X
 max_cap682/A
 max_cap682/X
 max_cap683/A
 max_cap683/X
 max_cap684/A
 max_cap684/X
 max_cap685/A
 max_cap685/X
 max_cap687/A
 max_cap687/X
 output106/A
 output106/X
 output111/A
 output111/X
 output115/A
 output115/X
 output120/A
 output120/X
 output122/A
 output122/X
 output125/A
 output125/X
 output149/A
 output149/X
 output152/A
 output152/X
 output153/A
 output153/X
 output154/A
 output154/X
 output95/A
 output95/X
 place388/A
 place388/X
 place389/A
 place389/X
 place390/A
 place390/X
 place391/A
 place391/X
 place392/A
 place392/X
 place393/A
 place393/X
 place394/A
 place394/X
 place395/A
 place395/X
 place396/A
 place396/X
 place397/A
 place397/X
 place398/A
 place398/X
 place399/A
 place399/X
 place400/A
 place400/X
 place401/A
 place401/X
 place402/A
 place402/X
 place403/A
 place403/X
 place404/A
 place404/X
 place405/A
 place405/X
 place406/A
 place406/X
 place407/A
 place407/X
 place408/A
 place408/X
 place409/A
 place409/X
 place410/A
 place410/X
 place411/A
 place411/X
 place412/A
 place412/X
 place413/A
 place413/X
 place414/A
 place414/X
 place415/A
 place415/X
 place416/A
 place416/X
 place417/A
 place417/X
 place418/A
 place418/X
 place419/A
 place419/X
 place420/A
 place420/X
 place421/A
 place421/X
 place422/A
 place422/X
 place423/A
 place423/X
 place424/A
 place424/X
 place425/A
 place425/X
 place426/A
 place426/X
 place427/A
 place427/X
 place428/A
 place428/X
 place429/A
 place429/X
 place430/A
 place430/X
 place431/A
 place431/X
 place444/A
 place444/X
 place445/A
 place445/X
 place446/A
 place446/X
 place447/A
 place447/X
 place448/A
 place448/X
 place449/A
 place449/X
 place450/A
 place450/X
 place451/A
 place451/X
 place452/A
 place452/X
 place453/A
 place453/X
 place454/A
 place454/X
 place693/A
 place693/X
 place694/A
 place694/X
 place695/A
 place695/X
 place696/A
 place696/X
 place697/A
 place697/X
 place698/A
 place698/X
 place699/A
 place699/X
 place700/A
 place700/X
 place701/A
 place701/X
 place702/A
 place702/X
 place703/A
 place703/X
 place704/A
 place704/X
 place705/A
 place705/X
 place706/A
 place706/X
 place707/A
 place707/X
 place708/A
 place708/X
 place709/A
 place709/X
 place710/A
 place710/X
 place711/A
 place711/X
 place712/A
 place712/X
 place713/A
 place713/X
 place714/A
 place714/X
 place715/A
 place715/X
 place716/A
 place716/X
 place717/A
 place717/X
 place718/A
 place718/X
 place719/A
 place719/X
 place720/A
 place720/X
 place721/A
 place721/X
 place722/A
 place722/X
 place723/A
 place723/X
 place724/A
 place724/X
 place725/A
 place725/X
 place726/A
 place726/X
 place727/A
 place727/X
 place728/A
 place728/X
 place729/A
 place729/X
 place730/A
 place730/X
 place731/A
 place731/X
 place732/A
 place732/X
 place733/A
 place733/X
 place734/A
 place734/X
 place735/A
 place735/X
 place736/A
 place736/X
 place737/A
 place737/X
 place738/A
 place738/X
 place739/A
 place739/X
 place740/A
 place740/X
 place741/A
 place741/X
 place742/A
 place742/X
 place743/A
 place743/X
 place744/A
 place744/X
 place745/A
 place745/X
 place746/A
 place746/X
 place747/A
 place747/X
 place748/A
 place748/X
 place749/A
 place749/X
 place750/A
 place750/X
 place751/A
 place751/X
 place752/A
 place752/X
 place753/A
 place753/X
 place754/A
 place754/X
 place755/A
 place755/X
 place756/A
 place756/X
 place757/A
 place757/X
 place758/A
 place758/X
 place759/A
 place759/X
 place760/A
 place760/X
 place761/A
 place761/X
 place762/A
 place762/X
 place763/A
 place763/X
 place764/A
 place764/X
 place765/A
 place765/X
 place766/A
 place766/X
 place767/A
 place767/X
 place768/A
 place768/X
 place769/A
 place769/X
 place770/A
 place770/X
 place771/A
 place771/X
 place772/A
 place772/X
 place773/A
 place773/X
 place774/A
 place774/X
 place775/A
 place775/X
 place776/A
 place776/X
 place777/A
 place777/X
 place778/A
 place778/X
 place779/A
 place779/X
 place780/A
 place780/X
 place781/A
 place781/X
 place782/A
 place782/X
 place783/A
 place783/X
 place784/A
 place784/X
 place785/A
 place785/X
 place786/A
 place786/X
 place787/A
 place787/X
 place788/A
 place788/X
 place789/A
 place789/X
 place790/A
 place790/X
 place791/A
 place791/X
 place792/A
 place792/X
 place793/A
 place793/X
 place794/A
 place794/X
 place795/A
 place795/X
 place796/A
 place796/X
 place797/A
 place797/X
 place798/A
 place798/X
 place799/A
 place799/X
 place800/A
 place800/X
 place801/A
 place801/X
 place802/A
 place802/X
 place803/A
 place803/X
 place804/A
 place804/X
 u_data/addr[0]
 u_data/addr[1]
 u_data/addr[2]
 u_data/addr[3]
 u_data/addr[4]
 u_data/addr[5]
 u_data/addr[6]
 u_data/addr[7]
 u_data/ce
 u_data/clk
 u_data/din[0]
 u_data/din[10]
 u_data/din[11]
 u_data/din[12]
 u_data/din[13]
 u_data/din[14]
 u_data/din[15]
 u_data/din[16]
 u_data/din[17]
 u_data/din[18]
 u_data/din[19]
 u_data/din[1]
 u_data/din[20]
 u_data/din[21]
 u_data/din[22]
 u_data/din[23]
 u_data/din[24]
 u_data/din[25]
 u_data/din[26]
 u_data/din[27]
 u_data/din[28]
 u_data/din[29]
 u_data/din[2]
 u_data/din[30]
 u_data/din[31]
 u_data/din[32]
 u_data/din[33]
 u_data/din[34]
 u_data/din[35]
 u_data/din[36]
 u_data/din[37]
 u_data/din[38]
 u_data/din[39]
 u_data/din[3]
 u_data/din[40]
 u_data/din[41]
 u_data/din[42]
 u_data/din[43]
 u_data/din[44]
 u_data/din[45]
 u_data/din[46]
 u_data/din[47]
 u_data/din[48]
 u_data/din[49]
 u_data/din[4]
 u_data/din[50]
 u_data/din[51]
 u_data/din[52]
 u_data/din[53]
 u_data/din[54]
 u_data/din[55]
 u_data/din[56]
 u_data/din[57]
 u_data/din[58]
 u_data/din[59]
 u_data/din[5]
 u_data/din[60]
 u_data/din[61]
 u_data/din[62]
 u_data/din[63]
 u_data/din[6]
 u_data/din[7]
 u_data/din[8]
 u_data/din[9]
 u_data/dout[0]
 u_data/dout[10]
 u_data/dout[11]
 u_data/dout[12]
 u_data/dout[13]
 u_data/dout[14]
 u_data/dout[15]
 u_data/dout[16]
 u_data/dout[17]
 u_data/dout[18]
 u_data/dout[19]
 u_data/dout[1]
 u_data/dout[20]
 u_data/dout[21]
 u_data/dout[22]
 u_data/dout[23]
 u_data/dout[24]
 u_data/dout[25]
 u_data/dout[26]
 u_data/dout[27]
 u_data/dout[28]
 u_data/dout[29]
 u_data/dout[2]
 u_data/dout[30]
 u_data/dout[31]
 u_data/dout[32]
 u_data/dout[33]
 u_data/dout[34]
 u_data/dout[35]
 u_data/dout[36]
 u_data/dout[37]
 u_data/dout[38]
 u_data/dout[39]
 u_data/dout[3]
 u_data/dout[40]
 u_data/dout[41]
 u_data/dout[42]
 u_data/dout[43]
 u_data/dout[44]
 u_data/dout[45]
 u_data/dout[46]
 u_data/dout[47]
 u_data/dout[48]
 u_data/dout[49]
 u_data/dout[4]
 u_data/dout[50]
 u_data/dout[51]
 u_data/dout[52]
 u_data/dout[53]
 u_data/dout[54]
 u_data/dout[55]
 u_data/dout[56]
 u_data/dout[57]
 u_data/dout[58]
 u_data/dout[59]
 u_data/dout[5]
 u_data/dout[60]
 u_data/dout[61]
 u_data/dout[62]
 u_data/dout[63]
 u_data/dout[6]
 u_data/dout[7]
 u_data/dout[8]
 u_data/dout[9]
 u_data/rstb
 u_data/we
 u_data/wmask[0]
 u_data/wmask[1]
 u_data/wmask[2]
 u_data/wmask[3]
 u_data/wmask[4]
 u_data/wmask[5]
 u_data/wmask[6]
 u_data/wmask[7]
 u_data_1/HI
 u_data_1/LO
 u_data_2/HI
 u_data_2/LO
 u_data_3/HI
 u_data_3/LO
 u_data_4/HI
 u_data_4/LO
 u_data_5/HI
 u_data_5/LO
 u_data_6/HI
 u_data_6/LO
 u_data_7/HI
 u_data_7/LO
 u_data_8/HI
 u_data_8/LO
 u_ecc0/addr[0]
 u_ecc0/addr[1]
 u_ecc0/addr[2]
 u_ecc0/addr[3]
 u_ecc0/addr[4]
 u_ecc0/addr[5]
 u_ecc0/addr[6]
 u_ecc0/addr[7]
 u_ecc0/ce
 u_ecc0/clk
 u_ecc0/din[0]
 u_ecc0/din[1]
 u_ecc0/din[2]
 u_ecc0/din[3]
 u_ecc0/din[4]
 u_ecc0/din[5]
 u_ecc0/din[6]
 u_ecc0/din[7]
 u_ecc0/dout[0]
 u_ecc0/dout[1]
 u_ecc0/dout[2]
 u_ecc0/dout[3]
 u_ecc0/dout[4]
 u_ecc0/dout[5]
 u_ecc0/dout[6]
 u_ecc0/dout[7]
 u_ecc0/rstb
 u_ecc0/we
 u_ecc0/wmask[0]
 u_ecc0/wmask[1]
 u_ecc0/wmask[2]
 u_ecc0/wmask[3]
 u_ecc0/wmask[4]
 u_ecc0/wmask[5]
 u_ecc0/wmask[6]
 u_ecc0/wmask[7]
 u_ecc0_10/HI
 u_ecc0_10/LO
 u_ecc0_11/HI
 u_ecc0_11/LO
 u_ecc0_12/HI
 u_ecc0_12/LO
 u_ecc0_13/HI
 u_ecc0_13/LO
 u_ecc0_14/HI
 u_ecc0_14/LO
 u_ecc0_15/HI
 u_ecc0_15/LO
 u_ecc0_16/HI
 u_ecc0_16/LO
 u_ecc0_9/HI
 u_ecc0_9/LO
 wire295/A
 wire295/X
 wire296/A
 wire296/X
 wire550/A
 wire550/X
 wire551/A
 wire551/X
 wire552/A
 wire552/X
 wire553/A
 wire553/X
 wire554/A
 wire554/X
 wire555/A
 wire555/X
 wire556/A
 wire556/X
 wire557/A
 wire557/X
 wire558/A
 wire558/X
 wire559/A
 wire559/X
 wire560/A
 wire560/X
 wire561/A
 wire561/X
 wire564/A
 wire564/X
 wire567/A
 wire567/X
 wire568/A
 wire568/X
 wire569/A
 wire569/X
 wire572/A
 wire572/X
 wire573/A
 wire573/X
 wire574/A
 wire574/X
 wire575/A
 wire575/X
 wire578/A
 wire578/X
 wire579/A
 wire579/X
 wire580/A
 wire580/X
 wire582/A
 wire582/X
 wire583/A
 wire583/X
 wire584/A
 wire584/X
 wire586/A
 wire586/X
 wire587/A
 wire587/X
 wire588/A
 wire588/X
 wire611/A
 wire611/X
 wire612/A
 wire612/X
 wire613/A
 wire613/X
 wire614/A
 wire614/X
 wire634/A
 wire634/X
 wire635/A
 wire635/X
 wire636/A
 wire636/X
 wire648/A
 wire648/X
 wire649/A
 wire649/X
 wire650/A
 wire650/X
 wire666/A
 wire666/X
 wire667/A
 wire667/X
 wire668/A
 wire668/X
 wire675/A
 wire675/X
 wire680/A
 wire680/X
 wire686/A
 wire686/X
 wire688/A
 wire688/X
 wire689/A
 wire689/X
 wire690/A
 wire690/X
 wire691/A
 wire691/X
 wire692/A
 wire692/X
