OpenROAD 26Q3-1080-gab6fd26351 
Features included (+) or not (-): +GPU +GUI +Python
This program is licensed under the BSD-3 license. See the LICENSE file for details.
Components of this program may be licensed under more restrictive licenses which must be honored.
[INFO ORD-0030] Using 4 thread(s).
read_liberty /OpenROAD-flow-scripts/flow/platforms/sky130hd/lib/sky130_fd_sc_hd__tt_025C_1v80.lib
read_liberty /work/campaigns/iscas_sustainability_extension/memory_compiler/gate3_attempt06_replacement_sram_backend_qualification/source_checkout/sram22_256x64m4w8/sram22_256x64m4w8_tt_025C_1v80.lib
read_db /work/campaigns/iscas_sustainability_extension/memory_compiler/gate3_attempt06_replacement_sram_backend_qualification/raw/openroad/work/results/sky130hd/attempt06_u0/base/2_3_floorplan_tapcell.odb
read_sdc /work/campaigns/iscas_sustainability_extension/memory_compiler/gate3_attempt06_replacement_sram_backend_qualification/raw/openroad/work/results/sky130hd/attempt06_u0/base/2_1_floorplan.sdc
source /OpenROAD-flow-scripts/flow/platforms/sky130hd/setRC.tcl
[WARNING PDN-1051] No instances found for grid (CORE_macro_grid_2).
[INFO PDN-0001] Inserting grid: grid
[INFO PDN-0001] Inserting grid: CORE_macro_grid_1 - u_data
[WARNING PDN-0195] Removing 25 via(s) between met2 and met4 at (443.7000 um, 77.3000 um) for VDD
[WARNING PDN-0195] Removing 640 via(s) between met2 and met4 at (443.6650 um, 233.6050 um) for VDD
[WARNING PDN-0195] Removing 114 via(s) between met2 and met4 at (470.8000 um, 151.5000 um) for VDD
[WARNING PDN-0110] No via inserted between met2 and met4 at (497.8400, 127.7400) - (497.9400, 128.0600) on VDD
[WARNING PDN-0110] No via inserted between met2 and met4 at (538.5500, 118.9000) - (538.7400, 119.2200) on VSS
[WARNING PDN-0110] No via inserted between met2 and met4 at (553.3800, 58.3800) - (553.7200, 58.7000) on VDD
[WARNING PDN-0110] No via inserted between met2 and met4 at (553.3800, 96.4600) - (553.7200, 96.7800) on VDD
[WARNING PDN-0195] Removing 2 via(s) between met2 and met4 at (579.4000 um, 157.8200 um) for VDD
[WARNING PDN-0195] Removing 2 via(s) between met2 and met4 at (579.4000 um, 161.9000 um) for VDD
[WARNING PDN-0110] No via inserted between met2 and met4 at (580.5400, 160.3800) - (580.8600, 162.0700) on VDD
[WARNING PDN-0110] No via inserted between met2 and met4 at (662.1800, 209.3400) - (662.2800, 209.6600) on VDD
[WARNING PDN-0110] No via inserted between met2 and met4 at (675.7800, 170.5800) - (675.8500, 170.9000) on VSS
[WARNING PDN-0110] No via inserted between met2 and met4 at (675.7800, 171.9400) - (675.8500, 172.2600) on VSS
[WARNING PDN-0110] No via inserted between met2 and met4 at (675.7800, 174.6600) - (675.8500, 174.9800) on VSS
[WARNING PDN-0110] No via inserted between met2 and met4 at (675.7800, 176.0200) - (675.8500, 176.3400) on VSS
[WARNING PDN-0110] No via inserted between met2 and met4 at (675.7800, 177.3800) - (675.8500, 177.7000) on VSS
[WARNING PDN-0110] No via inserted between met2 and met4 at (675.7800, 178.7400) - (675.8500, 179.0600) on VSS
[WARNING PDN-0110] No via inserted between met2 and met4 at (689.3800, 201.1800) - (689.4200, 201.5000) on VDD
[INFO PDN-0500] Runtime: 0.60s
Design area 204950 um^2 49% utilization.
write_db /work/campaigns/iscas_sustainability_extension/memory_compiler/gate3_attempt06_replacement_sram_backend_qualification/raw/openroad/work/results/sky130hd/attempt06_u0/base/2_4_floorplan_pdn.odb
Elapsed time: 0:02.30[h:]min:sec. CPU time: user 1.52 sys 0.19 (74%). Peak memory: 138928KB.
Log                       Ext     Elapsed/s Peak Memory/MB sha1sum result [0:20)
2_4_floorplan_pdn         .odb            2            135 0ae80ded5c33b13d4138
