OpenROAD 26Q3-1080-gab6fd26351 
Features included (+) or not (-): +GPU +GUI +Python
This program is licensed under the BSD-3 license. See the LICENSE file for details.
Components of this program may be licensed under more restrictive licenses which must be honored.
[INFO ORD-0030] Using 4 thread(s).
read_liberty /OpenROAD-flow-scripts/flow/platforms/sky130hd/lib/sky130_fd_sc_hd__tt_025C_1v80.lib
read_liberty /work/campaigns/iscas_sustainability_extension/memory_compiler/gate3_attempt06_replacement_sram_backend_qualification/source_checkout/sram22_256x64m4w8/sram22_256x64m4w8_tt_025C_1v80.lib
read_db /work/campaigns/iscas_sustainability_extension/memory_compiler/gate3_attempt06_replacement_sram_backend_qualification/raw/openroad/work/results/sky130hd/attempt06_u0/base/3_2_place_iop.odb
read_sdc /work/campaigns/iscas_sustainability_extension/memory_compiler/gate3_attempt06_replacement_sram_backend_qualification/raw/openroad/work/results/sky130hd/attempt06_u0/base/2_floorplan.sdc
source /OpenROAD-flow-scripts/flow/platforms/sky130hd/setRC.tcl
[INFO RSZ-0026] Removed 0 buffers.
Perform port buffering...
[INFO RSZ-0027] Inserted 83 sky130_fd_sc_hd__clkdlybuf4s50_1 input buffers.
[INFO RSZ-0028] Inserted 64 sky130_fd_sc_hd__clkdlybuf4s50_1 output buffers.
global_placement -density 0.35 -pad_left 0 -pad_right 0 -routability_driven -random_seed 1 -timing_driven -force_center_initial_place -min_phi_coef 0.95 -max_phi_coef 1.05
[INFO GPL-0001] ---- Initialize GPL Main Data Structures
[INFO GPL-0002] DBU: 1000
[INFO GPL-0003] SiteSize: (  0.460  2.720 ) um
[INFO GPL-0004] CoreBBox: ( 10.120 10.880 ) ( 889.640 489.600 ) um
[INFO GPL-0016] Core area:                  421043.814 um^2
[INFO GPL-0036] Movable instances area:       1471.411 um^2
[INFO GPL-0037] Total instances area:       209862.525 um^2
[INFO GPL-0035] Pin density area adjust:         0.000 um^2
[INFO GPL-0032] ---- Initialize Region: Top-level
[INFO GPL-0006] Number of instances:              3326
[INFO GPL-0007] Movable instances:                 147
[INFO GPL-0008] Fixed instances:                  2945
[INFO GPL-0009] Dummy instances:                   234
[INFO GPL-0010] Number of nets:                    295
[INFO GPL-0011] Number of pins:                    590
[INFO GPL-0012] Die BBox:       (  0.000  0.000 ) ( 900.000 500.000 ) um
[INFO GPL-0013] Placement BBox: ( 10.120 10.880 ) ( 889.640 489.600 ) um
[INFO GPL-0014] Region name: top-level.
[INFO GPL-0015] Region area:                421043.814 um^2
[INFO GPL-0017] Fixed instances area:       214414.390 um^2
[INFO GPL-0018] Movable instances area:       1471.411 um^2
[INFO GPL-0019] Utilization:                     0.712 %
[INFO GPL-0020] Standard cells area:          1471.411 um^2
[INFO GPL-0021] Large instances area:            0.000 um^2
[INFO GPL-0005] ---- Execute Conjugate Gradient Initial Placement.
[INFO GPL-0051] Source of initial instance position counters:
	Odb location = 0	Core center = 147	Region center = 0
[InitialPlace]  Iter: 1 conjugate gradient residual: 0.00000011 HPWL: 149386210
[InitialPlace]  Iter: 2 conjugate gradient residual: 0.00000002 HPWL: 149375920
[InitialPlace]  Iter: 3 conjugate gradient residual: 0.00000008 HPWL: 149375920
[InitialPlace]  Iter: 4 conjugate gradient residual: 0.00000002 HPWL: 149375920
[InitialPlace]  Iter: 5 conjugate gradient residual: 0.00000002 HPWL: 149375920
[INFO GPL-0033] ---- Initialize Nesterov Region: Top-level
[INFO GPL-0023] Placement target density:       0.3500
[INFO GPL-0024] Movable insts average area:     10.010 um^2
[INFO GPL-0025] Ideal bin area:                 28.599 um^2
[INFO GPL-0026] Ideal bin count:                 14722
[INFO GPL-0027] Total bin area:             421043.814 um^2
[INFO GPL-0028] Bin count (X, Y):          64 ,     64
[INFO GPL-0029] Bin size (W * H):      13.742 *  7.480 um
[INFO GPL-0030] Number of bins:                   4096
[INFO GPL-0084] ---- Execute Nesterov Global Placement.
[INFO GPL-0031] HPWL: Half-Perimeter Wirelength
Iteration | Overflow |     HPWL (um) |  HPWL(%) |   Penalty | Group
---------------------------------------------------------------
        0 |   0.9999 |  3.599376e+03 |   +0.00% |  2.91e-16 |      
       10 |   0.9999 |  3.599376e+03 |   +0.00% |  4.73e-16 |      
       20 |   0.9999 |  3.599376e+03 |   +0.00% |  7.71e-16 |      
       30 |   0.9999 |  3.599376e+03 |   +0.00% |  1.26e-15 |      
       40 |   0.9999 |  3.599376e+03 |   +0.00% |  2.05e-15 |      
       50 |   0.9999 |  3.599376e+03 |   +0.00% |  3.33e-15 |      
       60 |   0.9999 |  3.599376e+03 |   +0.00% |  5.43e-15 |      
       70 |   0.9999 |  3.599376e+03 |   +0.00% |  8.84e-15 |      
       80 |   0.9999 |  3.599376e+03 |   +0.00% |  1.44e-14 |      
       90 |   0.9999 |  3.599376e+03 |   +0.00% |  2.35e-14 |      
      100 |   0.9999 |  3.599376e+03 |   +0.00% |  3.82e-14 |      
      110 |   0.9999 |  3.600704e+03 |   +0.04% |  6.22e-14 |      
      120 |   0.9999 |  3.606248e+03 |   +0.15% |  1.01e-13 |      
      130 |   0.9999 |  3.615638e+03 |   +0.26% |  1.65e-13 |      
      140 |   0.9999 |  3.630818e+03 |   +0.42% |  2.69e-13 |      
      150 |   0.9999 |  3.655142e+03 |   +0.67% |  4.38e-13 |      
      160 |   0.9999 |  3.690286e+03 |   +0.96% |  7.14e-13 |      
      170 |   0.9999 |  3.733004e+03 |   +1.16% |  1.16e-12 |      
      180 |   0.9999 |  3.789278e+03 |   +1.51% |  1.89e-12 |      
      190 |   0.9999 |  3.853996e+03 |   +1.71% |  3.08e-12 |      
      200 |   0.9999 |  3.915884e+03 |   +1.61% |  5.02e-12 |      
      210 |   0.9999 |  4.012800e+03 |   +2.47% |  8.18e-12 |      
      220 |   0.9999 |  4.317338e+03 |   +7.59% |  1.33e-11 |      
      230 |   0.9999 |  5.129290e+03 |  +18.81% |  2.17e-11 |      
      240 |   0.9999 |  5.782474e+03 |  +12.73% |  3.54e-11 |      
      250 |   0.9999 |  6.418568e+03 |  +11.00% |  5.76e-11 |      
      260 |   0.9999 |  6.058652e+03 |   -5.61% |  9.38e-11 |      
      270 |   0.9999 |  5.864920e+03 |   -3.20% |  1.53e-10 |      
      280 |   0.9999 |  5.061218e+03 |  -13.70% |  2.49e-10 |      
      290 |   0.9999 |  4.362480e+03 |  -13.81% |  4.05e-10 |      
      300 |   0.9999 |  4.219010e+03 |   -3.29% |  6.60e-10 |      
      310 |   0.9999 |  4.239856e+03 |   +0.49% |  1.08e-09 |      
      320 |   0.9999 |  4.409480e+03 |   +4.00% |  1.75e-09 |      
      330 |   0.9999 |  5.118522e+03 |  +16.08% |  2.85e-09 |      
      340 |   0.9999 |  6.251950e+03 |  +22.14% |  4.65e-09 |      
      350 |   0.9999 |  8.787954e+03 |  +40.56% |  7.57e-09 |      
      360 |   0.9999 |  1.288928e+04 |  +46.67% |  1.23e-08 |      
      370 |   0.9999 |  1.854180e+04 |  +43.85% |  2.01e-08 |      
      380 |   0.9999 |  2.607782e+04 |  +40.64% |  3.27e-08 |      
      390 |   0.9826 |  3.650179e+04 |  +39.97% |  5.31e-08 |      
      400 |   0.9083 |  5.013852e+04 |  +37.36% |  8.64e-08 |      
      410 |   0.7737 |  6.553949e+04 |  +30.72% |  1.41e-07 |      
      420 |   0.6310 |  8.129893e+04 |  +24.05% |  2.29e-07 |      
[INFO GPL-0100] Timing-driven iteration 1/2, virtual: false.
[INFO GPL-0101]    Iter: 421, overflow: 0.631, keep resizer changes at: 1, HPWL: 81298934
Iteration |   Area    | Resized | Buffers | Nets repaired | Remaining
---------------------------------------------------------------------
        0 |     +0.0% |       0 |       0 |             0 |       295
[WARNING RSZ-0170] Cannot repair slew on net net147 driven by u_data/dout[9]: driver resistance x repeater pin capacitance (1.37e-11) already meets or exceeds the slew budget (3.93e-10). Net left unrepaired on this segment.
[WARNING RSZ-0170] Cannot repair slew on net net146 driven by u_data/dout[8]: driver resistance x repeater pin capacitance (1.37e-11) already meets or exceeds the slew budget (3.93e-10). Net left unrepaired on this segment.
[WARNING RSZ-0170] Cannot repair slew on net net145 driven by u_data/dout[7]: driver resistance x repeater pin capacitance (1.37e-11) already meets or exceeds the slew budget (3.93e-10). Net left unrepaired on this segment.
[WARNING RSZ-0170] Cannot repair slew on net net144 driven by u_data/dout[6]: driver resistance x repeater pin capacitance (1.37e-11) already meets or exceeds the slew budget (3.93e-10). Net left unrepaired on this segment.
[WARNING RSZ-0170] Cannot repair slew on net net103 driven by u_data/dout[27]: driver resistance x repeater pin capacitance (1.37e-11) already meets or exceeds the slew budget (3.93e-10). Net left unrepaired on this segment.
[WARNING RSZ-0170] Cannot repair slew on net net101 driven by u_data/dout[25]: driver resistance x repeater pin capacitance (1.37e-11) already meets or exceeds the slew budget (3.93e-10). Net left unrepaired on this segment.
[WARNING RSZ-0170] Cannot repair slew on net net100 driven by u_data/dout[24]: driver resistance x repeater pin capacitance (1.37e-11) already meets or exceeds the slew budget (3.93e-10). Net left unrepaired on this segment.
[WARNING RSZ-0170] Cannot repair slew on net net99 driven by u_data/dout[23]: driver resistance x repeater pin capacitance (1.37e-11) already meets or exceeds the slew budget (3.93e-10). Net left unrepaired on this segment.
[WARNING RSZ-0170] Cannot repair slew on net net98 driven by u_data/dout[22]: driver resistance x repeater pin capacitance (1.37e-11) already meets or exceeds the slew budget (3.93e-10). Net left unrepaired on this segment.
[WARNING RSZ-0170] Cannot repair slew on net net97 driven by u_data/dout[21]: driver resistance x repeater pin capacitance (1.37e-11) already meets or exceeds the slew budget (3.93e-10). Net left unrepaired on this segment.
[WARNING RSZ-0170] Cannot repair slew on net net96 driven by u_data/dout[20]: driver resistance x repeater pin capacitance (1.37e-11) already meets or exceeds the slew budget (3.93e-10). Net left unrepaired on this segment.
[WARNING RSZ-0170] Cannot repair slew on net net94 driven by u_data/dout[19]: driver resistance x repeater pin capacitance (1.37e-11) already meets or exceeds the slew budget (3.93e-10). Net left unrepaired on this segment.
[WARNING RSZ-0170] Cannot repair slew on net net93 driven by u_data/dout[18]: driver resistance x repeater pin capacitance (1.37e-11) already meets or exceeds the slew budget (3.93e-10). Net left unrepaired on this segment.
[WARNING RSZ-0170] Cannot repair slew on net net92 driven by u_data/dout[17]: driver resistance x repeater pin capacitance (1.37e-11) already meets or exceeds the slew budget (3.93e-10). Net left unrepaired on this segment.
[WARNING RSZ-0170] Cannot repair slew on net net91 driven by u_data/dout[16]: driver resistance x repeater pin capacitance (1.37e-11) already meets or exceeds the slew budget (3.93e-10). Net left unrepaired on this segment.
[WARNING RSZ-0170] Cannot repair slew on net net90 driven by u_data/dout[15]: driver resistance x repeater pin capacitance (1.37e-11) already meets or exceeds the slew budget (3.93e-10). Net left unrepaired on this segment.
[WARNING RSZ-0170] Cannot repair slew on net net89 driven by u_data/dout[14]: driver resistance x repeater pin capacitance (1.37e-11) already meets or exceeds the slew budget (3.93e-10). Net left unrepaired on this segment.
[WARNING RSZ-0170] Cannot repair slew on net net88 driven by u_data/dout[13]: driver resistance x repeater pin capacitance (1.37e-11) already meets or exceeds the slew budget (3.93e-10). Net left unrepaired on this segment.
[WARNING RSZ-0170] Cannot repair slew on net net87 driven by u_data/dout[12]: driver resistance x repeater pin capacitance (1.37e-11) already meets or exceeds the slew budget (3.93e-10). Net left unrepaired on this segment.
[WARNING RSZ-0170] Cannot repair slew on net net86 driven by u_data/dout[11]: driver resistance x repeater pin capacitance (1.37e-11) already meets or exceeds the slew budget (3.93e-10). Net left unrepaired on this segment.
[WARNING RSZ-0170] Cannot repair slew on net net85 driven by u_data/dout[10]: driver resistance x repeater pin capacitance (1.37e-11) already meets or exceeds the slew budget (3.93e-10). Net left unrepaired on this segment.
    final |     +0.3% |      71 |     119 |           141 |         0
---------------------------------------------------------------------
[INFO RSZ-0034] Found 177 slew violations.
[INFO RSZ-0039] Resized 71 instances.
[INFO RSZ-0038] Inserted 119 buffers in 141 nets.
   Iter   |    Area   | Removed | Inserted |   Pins
          |           | Buffers | Buffers  | Remaining
-------------------------------------------------------
        0 |     +0.0% |       0 |        0 |       211
       21 |     +0.0% |       0 |        8 |       190
       42 |     +0.0% |       0 |       11 |       169
       63 |     +0.1% |       0 |       19 |       148
[WARNING RSZ-2005] cannot find a viable buffering solution on pin u_data/dout[9] after 1 rounds of buffering (no solution meets design rules)
[WARNING RSZ-2005] cannot find a viable buffering solution on pin u_data/dout[8] after 1 rounds of buffering (no solution meets design rules)
[WARNING RSZ-2005] cannot find a viable buffering solution on pin u_data/dout[7] after 1 rounds of buffering (no solution meets design rules)
[WARNING RSZ-2005] cannot find a viable buffering solution on pin u_data/dout[6] after 1 rounds of buffering (no solution meets design rules)
[WARNING RSZ-2005] cannot find a viable buffering solution on pin u_data/dout[63] after 1 rounds of buffering (no solution meets design rules)
[WARNING RSZ-2005] cannot find a viable buffering solution on pin u_data/dout[62] after 1 rounds of buffering (no solution meets design rules)
[WARNING RSZ-2005] cannot find a viable buffering solution on pin u_data/dout[61] after 1 rounds of buffering (no solution meets design rules)
[WARNING RSZ-2005] cannot find a viable buffering solution on pin u_data/dout[60] after 1 rounds of buffering (no solution meets design rules)
[WARNING RSZ-2005] cannot find a viable buffering solution on pin u_data/dout[5] after 1 rounds of buffering (no solution meets design rules)
[WARNING RSZ-2005] cannot find a viable buffering solution on pin u_data/dout[59] after 1 rounds of buffering (no solution meets design rules)
[WARNING RSZ-2005] cannot find a viable buffering solution on pin u_data/dout[58] after 1 rounds of buffering (no solution meets design rules)
[WARNING RSZ-2005] cannot find a viable buffering solution on pin u_data/dout[57] after 1 rounds of buffering (no solution meets design rules)
[WARNING RSZ-2005] cannot find a viable buffering solution on pin u_data/dout[56] after 1 rounds of buffering (no solution meets design rules)
[WARNING RSZ-2005] cannot find a viable buffering solution on pin u_data/dout[55] after 1 rounds of buffering (no solution meets design rules)
[WARNING RSZ-2005] cannot find a viable buffering solution on pin u_data/dout[54] after 1 rounds of buffering (no solution meets design rules)
[WARNING RSZ-2005] cannot find a viable buffering solution on pin u_data/dout[53] after 1 rounds of buffering (no solution meets design rules)
[WARNING RSZ-2005] cannot find a viable buffering solution on pin u_data/dout[52] after 1 rounds of buffering (no solution meets design rules)
[WARNING RSZ-2005] cannot find a viable buffering solution on pin u_data/dout[51] after 1 rounds of buffering (no solution meets design rules)
[WARNING RSZ-2005] cannot find a viable buffering solution on pin u_data/dout[50] after 1 rounds of buffering (no solution meets design rules)
[WARNING RSZ-2005] cannot find a viable buffering solution on pin u_data/dout[4] after 1 rounds of buffering (no solution meets design rules)
       84 |     +0.1% |       0 |       19 |       127
[WARNING RSZ-2005] cannot find a viable buffering solution on pin u_data/dout[49] after 1 rounds of buffering (no solution meets design rules)
[WARNING RSZ-2005] cannot find a viable buffering solution on pin u_data/dout[48] after 1 rounds of buffering (no solution meets design rules)
[WARNING RSZ-2005] cannot find a viable buffering solution on pin u_data/dout[47] after 1 rounds of buffering (no solution meets design rules)
[WARNING RSZ-2005] cannot find a viable buffering solution on pin u_data/dout[46] after 1 rounds of buffering (no solution meets design rules)
[WARNING RSZ-2005] cannot find a viable buffering solution on pin u_data/dout[45] after 1 rounds of buffering (no solution meets design rules)
[WARNING RSZ-2005] cannot find a viable buffering solution on pin u_data/dout[44] after 1 rounds of buffering (no solution meets design rules)
[WARNING RSZ-2005] cannot find a viable buffering solution on pin u_data/dout[43] after 1 rounds of buffering (no solution meets design rules)
[WARNING RSZ-2005] cannot find a viable buffering solution on pin u_data/dout[42] after 1 rounds of buffering (no solution meets design rules)
[WARNING RSZ-2005] cannot find a viable buffering solution on pin u_data/dout[41] after 1 rounds of buffering (no solution meets design rules)
[WARNING RSZ-2005] cannot find a viable buffering solution on pin u_data/dout[40] after 1 rounds of buffering (no solution meets design rules)
[WARNING RSZ-2005] cannot find a viable buffering solution on pin u_data/dout[3] after 1 rounds of buffering (no solution meets design rules)
[WARNING RSZ-2005] cannot find a viable buffering solution on pin u_data/dout[39] after 1 rounds of buffering (no solution meets design rules)
[WARNING RSZ-2005] cannot find a viable buffering solution on pin u_data/dout[38] after 1 rounds of buffering (no solution meets design rules)
[WARNING RSZ-2005] cannot find a viable buffering solution on pin u_data/dout[37] after 1 rounds of buffering (no solution meets design rules)
[WARNING RSZ-2005] cannot find a viable buffering solution on pin u_data/dout[36] after 1 rounds of buffering (no solution meets design rules)
[WARNING RSZ-2005] cannot find a viable buffering solution on pin u_data/dout[35] after 1 rounds of buffering (no solution meets design rules)
[WARNING RSZ-2005] cannot find a viable buffering solution on pin u_data/dout[34] after 1 rounds of buffering (no solution meets design rules)
[WARNING RSZ-2005] cannot find a viable buffering solution on pin u_data/dout[33] after 1 rounds of buffering (no solution meets design rules)
[WARNING RSZ-2005] cannot find a viable buffering solution on pin u_data/dout[32] after 1 rounds of buffering (no solution meets design rules)
[WARNING RSZ-2005] cannot find a viable buffering solution on pin u_data/dout[31] after 1 rounds of buffering (no solution meets design rules)
[WARNING RSZ-2005] cannot find a viable buffering solution on pin u_data/dout[30] after 1 rounds of buffering (no solution meets design rules)
      105 |     +0.1% |       0 |       19 |       106
[WARNING RSZ-2005] cannot find a viable buffering solution on pin u_data/dout[2] after 1 rounds of buffering (no solution meets design rules)
[WARNING RSZ-2005] cannot find a viable buffering solution on pin u_data/dout[29] after 1 rounds of buffering (no solution meets design rules)
[WARNING RSZ-2005] cannot find a viable buffering solution on pin u_data/dout[28] after 1 rounds of buffering (no solution meets design rules)
[WARNING RSZ-2005] cannot find a viable buffering solution on pin u_data/dout[27] after 1 rounds of buffering (no solution meets design rules)
[WARNING RSZ-2005] cannot find a viable buffering solution on pin u_data/dout[26] after 1 rounds of buffering (no solution meets design rules)
[WARNING RSZ-2005] cannot find a viable buffering solution on pin u_data/dout[25] after 1 rounds of buffering (no solution meets design rules)
[WARNING RSZ-2005] cannot find a viable buffering solution on pin u_data/dout[24] after 1 rounds of buffering (no solution meets design rules)
[WARNING RSZ-2005] cannot find a viable buffering solution on pin u_data/dout[23] after 1 rounds of buffering (no solution meets design rules)
[WARNING RSZ-2005] cannot find a viable buffering solution on pin u_data/dout[22] after 1 rounds of buffering (no solution meets design rules)
[WARNING RSZ-2005] cannot find a viable buffering solution on pin u_data/dout[21] after 1 rounds of buffering (no solution meets design rules)
[WARNING RSZ-2005] cannot find a viable buffering solution on pin u_data/dout[20] after 1 rounds of buffering (no solution meets design rules)
[WARNING RSZ-2005] cannot find a viable buffering solution on pin u_data/dout[1] after 1 rounds of buffering (no solution meets design rules)
[WARNING RSZ-2005] cannot find a viable buffering solution on pin u_data/dout[19] after 1 rounds of buffering (no solution meets design rules)
[WARNING RSZ-2005] cannot find a viable buffering solution on pin u_data/dout[18] after 1 rounds of buffering (no solution meets design rules)
[WARNING RSZ-2005] cannot find a viable buffering solution on pin u_data/dout[17] after 1 rounds of buffering (no solution meets design rules)
[WARNING RSZ-2005] cannot find a viable buffering solution on pin u_data/dout[16] after 1 rounds of buffering (no solution meets design rules)
[WARNING RSZ-2005] cannot find a viable buffering solution on pin u_data/dout[15] after 1 rounds of buffering (no solution meets design rules)
[WARNING RSZ-2005] cannot find a viable buffering solution on pin u_data/dout[14] after 1 rounds of buffering (no solution meets design rules)
[WARNING RSZ-2005] cannot find a viable buffering solution on pin u_data/dout[13] after 1 rounds of buffering (no solution meets design rules)
[WARNING RSZ-2005] cannot find a viable buffering solution on pin u_data/dout[12] after 1 rounds of buffering (no solution meets design rules)
[WARNING RSZ-2005] cannot find a viable buffering solution on pin u_data/dout[11] after 1 rounds of buffering (no solution meets design rules)
      126 |     +0.1% |       0 |       19 |        85
[WARNING RSZ-2005] cannot find a viable buffering solution on pin u_data/dout[10] after 1 rounds of buffering (no solution meets design rules)
[WARNING RSZ-2005] cannot find a viable buffering solution on pin u_data/dout[0] after 1 rounds of buffering (no solution meets design rules)
[WARNING RSZ-2009] Skipping buffering because no valid buffering solution satisfying the design rules can be found for net connected to pin input74/X.
[WARNING RSZ-2005] cannot find a viable buffering solution on pin input74/X after 1 rounds of buffering (no solution meets design rules)
      147 |     +0.1% |      16 |       35 |        64
      168 |     +0.1% |      33 |       50 |        43
      189 |     +0.0% |      54 |       71 |        22
      210 |     -0.0% |      75 |       92 |         1
    final |     -0.0% |      76 |       93 |         0
-------------------------------------------------------
[INFO GPL-0106] Timing-driven: worst slack 5.131448e-09
[INFO GPL-0107] Timing-driven: repair_design delta area: 568.045 um^2 (+38.61%)
[INFO GPL-0108] Timing-driven: repair_design, gpl delta gcells: 136 (+92.52%)
[INFO GPL-0109] Timing-driven: repair_design, gcells created: 212, deleted: 76
[INFO GPL-0110] Timing-driven: new target density: 0.35274908
[INFO GPL-0038] Routability snapshot saved at iter = 424
      423 |   0.5996 |  8.844263e+04 |          |           |      
Iteration | Overflow |     HPWL (um) |  HPWL(%) |   Penalty | Group
---------------------------------------------------------------
      430 |   0.4471 |  1.052912e+05 |  +29.51% |  3.71e-07 |      
      440 |   0.3174 |  1.200272e+05 |  +14.00% |  5.92e-07 |      
[INFO GPL-0040] Routability iteration: 1
[INFO GPL-0041] Total routing overflow: 80.7859
[INFO GPL-0042] Number of overflowed tiles: 314 (3.35%)
[INFO GPL-0043] Average top 0.5% routing congestion: 1.7307
[INFO GPL-0044] Average top 1.0% routing congestion: 1.5752
[INFO GPL-0045] Average top 2.0% routing congestion: 1.3955
[INFO GPL-0046] Average top 5.0% routing congestion: 1.1578
[INFO GPL-0047] Routability iteration weighted routing congestion: 1.6530
[INFO GPL-0048] Routing congestion (1.6530) lower than previous minimum (1e+30). Updating minimum.
[INFO GPL-0086] Inflated area:                 156.975 um^2 (+7.70%)
[INFO GPL-0052] Placement target density:       0.3527
[INFO GPL-0076] Removing fillers, count: Before: 7078, After: 7063 (-0.21%)
[INFO GPL-0077] Filler area (um^2)     : Before: 70848.884, After: 70697.805 (-0.21%)
[INFO GPL-0078] Removed fillers count: 15, area removed: 150.144 um^2. Remaining area to be compensated by modifying density: 6.831 um^2
[INFO GPL-0058] White space area:           206629.424 um^2 (+0.00%)
[INFO GPL-0059] Movable instances area:      72888.336 um^2 (+0.00%)
[INFO GPL-0060] Total filler area:           70697.805 um^2 (-0.21%)
[INFO GPL-0061] Total non-inflated area:     72894.236 um^2 (+0.01%)
[INFO GPL-0062] Total inflated area:         73051.211 um^2 (+0.01%)
[INFO GPL-0063] New Target Density:             0.3527
[INFO GPL-0087] Routability end iteration: increase inflation and revert back to snapshot.
Iteration | Overflow |     HPWL (um) |  HPWL(%) |   Penalty | Group
---------------------------------------------------------------
      450 |   0.4176 |  1.103315e+05 |   -8.08% |  3.78e-07 |      
[INFO GPL-0040] Routability iteration: 2
[INFO GPL-0041] Total routing overflow: 79.7972
[INFO GPL-0042] Number of overflowed tiles: 307 (3.28%)
[INFO GPL-0043] Average top 0.5% routing congestion: 1.6924
[INFO GPL-0044] Average top 1.0% routing congestion: 1.5605
[INFO GPL-0045] Average top 2.0% routing congestion: 1.3920
[INFO GPL-0046] Average top 5.0% routing congestion: 1.1554
[INFO GPL-0047] Routability iteration weighted routing congestion: 1.6265
[INFO GPL-0048] Routing congestion (1.6265) lower than previous minimum (1.653). Updating minimum.
[INFO GPL-0086] Inflated area:                  75.236 um^2 (+3.43%)
[INFO GPL-0052] Placement target density:       0.3527
[INFO GPL-0076] Removing fillers, count: Before: 7063, After: 7056 (-0.10%)
[INFO GPL-0077] Filler area (um^2)     : Before: 70697.805, After: 70627.738 (-0.10%)
[INFO GPL-0078] Removed fillers count: 7, area removed: 70.067 um^2. Remaining area to be compensated by modifying density: 5.169 um^2
[INFO GPL-0058] White space area:           206629.424 um^2 (+0.00%)
[INFO GPL-0059] Movable instances area:      72888.336 um^2 (+0.00%)
[INFO GPL-0060] Total filler area:           70627.738 um^2 (-0.10%)
[INFO GPL-0061] Total non-inflated area:     72899.405 um^2 (+0.01%)
[INFO GPL-0062] Total inflated area:         72974.641 um^2 (+0.01%)
[INFO GPL-0063] New Target Density:             0.3527
[INFO GPL-0087] Routability end iteration: increase inflation and revert back to snapshot.
Iteration | Overflow |     HPWL (um) |  HPWL(%) |   Penalty | Group
---------------------------------------------------------------
      460 |   0.5643 |  9.408241e+04 |  -14.73% |  2.88e-07 |      
      470 |   0.3641 |  1.162676e+05 |  +23.58% |  4.24e-07 |      
[INFO GPL-0040] Routability iteration: 3
[INFO GPL-0041] Total routing overflow: 77.7347
[INFO GPL-0042] Number of overflowed tiles: 299 (3.19%)
[INFO GPL-0043] Average top 0.5% routing congestion: 1.6498
[INFO GPL-0044] Average top 1.0% routing congestion: 1.5372
[INFO GPL-0045] Average top 2.0% routing congestion: 1.3799
[INFO GPL-0046] Average top 5.0% routing congestion: 1.1518
[INFO GPL-0047] Routability iteration weighted routing congestion: 1.5935
[INFO GPL-0048] Routing congestion (1.5935) lower than previous minimum (1.626). Updating minimum.
[INFO GPL-0086] Inflated area:                  64.462 um^2 (+2.84%)
[INFO GPL-0052] Placement target density:       0.3527
[INFO GPL-0076] Removing fillers, count: Before: 7056, After: 7050 (-0.09%)
[INFO GPL-0077] Filler area (um^2)     : Before: 70627.738, After: 70567.680 (-0.09%)
[INFO GPL-0078] Removed fillers count: 6, area removed: 60.058 um^2. Remaining area to be compensated by modifying density: 4.404 um^2
[INFO GPL-0058] White space area:           206629.424 um^2 (+0.00%)
[INFO GPL-0059] Movable instances area:      72888.336 um^2 (+0.00%)
[INFO GPL-0060] Total filler area:           70567.680 um^2 (-0.09%)
[INFO GPL-0061] Total non-inflated area:     72903.809 um^2 (+0.01%)
[INFO GPL-0062] Total inflated area:         72968.270 um^2 (+0.01%)
[INFO GPL-0063] New Target Density:             0.3527
[INFO GPL-0087] Routability end iteration: increase inflation and revert back to snapshot.
Iteration | Overflow |     HPWL (um) |  HPWL(%) |   Penalty | Group
---------------------------------------------------------------
      480 |   0.4922 |  1.059221e+05 |   -8.90% |  3.36e-07 |      
      490 |   0.2767 |  1.229994e+05 |  +16.12% |  4.95e-07 |      
[INFO GPL-0040] Routability iteration: 4
[INFO GPL-0041] Total routing overflow: 78.0727
[INFO GPL-0042] Number of overflowed tiles: 302 (3.23%)
[INFO GPL-0043] Average top 0.5% routing congestion: 1.6556
[INFO GPL-0044] Average top 1.0% routing congestion: 1.5411
[INFO GPL-0045] Average top 2.0% routing congestion: 1.3820
[INFO GPL-0046] Average top 5.0% routing congestion: 1.1524
[INFO GPL-0047] Routability iteration weighted routing congestion: 1.5984
[INFO GPL-0049] Routing congestion (1.5984) higher than minimum (1.5935). Consecutive non-improvement count: 1.
[INFO GPL-0086] Inflated area:                  25.191 um^2 (+1.08%)
[INFO GPL-0052] Placement target density:       0.3527
[INFO GPL-0076] Removing fillers, count: Before: 7050, After: 7048 (-0.03%)
[INFO GPL-0077] Filler area (um^2)     : Before: 70567.680, After: 70547.661 (-0.03%)
[INFO GPL-0078] Removed fillers count: 2, area removed: 20.019 um^2. Remaining area to be compensated by modifying density: 5.172 um^2
[INFO GPL-0058] White space area:           206629.424 um^2 (+0.00%)
[INFO GPL-0059] Movable instances area:      72888.336 um^2 (+0.00%)
[INFO GPL-0060] Total filler area:           70547.661 um^2 (-0.03%)
[INFO GPL-0061] Total non-inflated area:     72908.981 um^2 (+0.01%)
[INFO GPL-0062] Total inflated area:         72934.172 um^2 (+0.01%)
[INFO GPL-0063] New Target Density:             0.3527
[INFO GPL-0087] Routability end iteration: increase inflation and revert back to snapshot.
Iteration | Overflow |     HPWL (um) |  HPWL(%) |   Penalty | Group
---------------------------------------------------------------
      500 |   0.4036 |  1.146202e+05 |   -6.81% |  3.92e-07 |      
[INFO GPL-0040] Routability iteration: 5
[INFO GPL-0041] Total routing overflow: 78.2169
[INFO GPL-0042] Number of overflowed tiles: 303 (3.24%)
[INFO GPL-0043] Average top 0.5% routing congestion: 1.6554
[INFO GPL-0044] Average top 1.0% routing congestion: 1.5412
[INFO GPL-0045] Average top 2.0% routing congestion: 1.3820
[INFO GPL-0046] Average top 5.0% routing congestion: 1.1525
[INFO GPL-0047] Routability iteration weighted routing congestion: 1.5983
[INFO GPL-0049] Routing congestion (1.5983) higher than minimum (1.5935). Consecutive non-improvement count: 2.
[INFO GPL-0086] Inflated area:                  49.579 um^2 (+2.10%)
[INFO GPL-0052] Placement target density:       0.3527
[INFO GPL-0076] Removing fillers, count: Before: 7048, After: 7044 (-0.06%)
[INFO GPL-0077] Filler area (um^2)     : Before: 70547.661, After: 70507.622 (-0.06%)
[INFO GPL-0078] Removed fillers count: 4, area removed: 40.038 um^2. Remaining area to be compensated by modifying density: 9.540 um^2
[INFO GPL-0058] White space area:           206629.424 um^2 (+0.00%)
[INFO GPL-0059] Movable instances area:      72888.336 um^2 (+0.00%)
[INFO GPL-0060] Total filler area:           70507.622 um^2 (-0.06%)
[INFO GPL-0061] Total non-inflated area:     72918.521 um^2 (+0.01%)
[INFO GPL-0062] Total inflated area:         72968.100 um^2 (+0.01%)
[INFO GPL-0063] New Target Density:             0.3527
[INFO GPL-0087] Routability end iteration: increase inflation and revert back to snapshot.
Iteration | Overflow |     HPWL (um) |  HPWL(%) |   Penalty | Group
---------------------------------------------------------------
      510 |   0.5333 |  1.008042e+05 |  -12.05% |  3.12e-07 |      
      520 |   0.3257 |  1.219439e+05 |  +20.97% |  4.58e-07 |      
[INFO GPL-0040] Routability iteration: 6
[INFO GPL-0041] Total routing overflow: 77.2043
[INFO GPL-0042] Number of overflowed tiles: 300 (3.21%)
[INFO GPL-0043] Average top 0.5% routing congestion: 1.6294
[INFO GPL-0044] Average top 1.0% routing congestion: 1.5222
[INFO GPL-0045] Average top 2.0% routing congestion: 1.3752
[INFO GPL-0046] Average top 5.0% routing congestion: 1.1500
[INFO GPL-0047] Routability iteration weighted routing congestion: 1.5758
[INFO GPL-0048] Routing congestion (1.5758) lower than previous minimum (1.593). Updating minimum.
[INFO GPL-0086] Inflated area:                  36.305 um^2 (+1.51%)
[INFO GPL-0052] Placement target density:       0.3527
[INFO GPL-0076] Removing fillers, count: Before: 7044, After: 7041 (-0.04%)
[INFO GPL-0077] Filler area (um^2)     : Before: 70507.622, After: 70477.594 (-0.04%)
[INFO GPL-0078] Removed fillers count: 3, area removed: 30.029 um^2. Remaining area to be compensated by modifying density: 6.276 um^2
[INFO GPL-0058] White space area:           206629.424 um^2 (+0.00%)
[INFO GPL-0059] Movable instances area:      72888.336 um^2 (+0.00%)
[INFO GPL-0060] Total filler area:           70477.594 um^2 (-0.04%)
[INFO GPL-0061] Total non-inflated area:     72924.798 um^2 (+0.01%)
[INFO GPL-0062] Total inflated area:         72961.103 um^2 (+0.01%)
[INFO GPL-0063] New Target Density:             0.3527
[INFO GPL-0087] Routability end iteration: increase inflation and revert back to snapshot.
Iteration | Overflow |     HPWL (um) |  HPWL(%) |   Penalty | Group
---------------------------------------------------------------
      530 |   0.4220 |  1.132648e+05 |   -7.12% |  3.78e-07 |      
[INFO GPL-0040] Routability iteration: 7
[INFO GPL-0041] Total routing overflow: 78.8381
[INFO GPL-0042] Number of overflowed tiles: 304 (3.25%)
[INFO GPL-0043] Average top 0.5% routing congestion: 1.6601
[INFO GPL-0044] Average top 1.0% routing congestion: 1.5362
[INFO GPL-0045] Average top 2.0% routing congestion: 1.3823
[INFO GPL-0046] Average top 5.0% routing congestion: 1.1540
[INFO GPL-0047] Routability iteration weighted routing congestion: 1.5982
[INFO GPL-0049] Routing congestion (1.5982) higher than minimum (1.5758). Consecutive non-improvement count: 1.
[INFO GPL-0086] Inflated area:                  46.024 um^2 (+1.88%)
[INFO GPL-0052] Placement target density:       0.3527
[INFO GPL-0076] Removing fillers, count: Before: 7041, After: 7037 (-0.06%)
[INFO GPL-0077] Filler area (um^2)     : Before: 70477.594, After: 70437.555 (-0.06%)
[INFO GPL-0078] Removed fillers count: 4, area removed: 40.038 um^2. Remaining area to be compensated by modifying density: 5.986 um^2
[INFO GPL-0058] White space area:           206629.424 um^2 (+0.00%)
[INFO GPL-0059] Movable instances area:      72888.336 um^2 (+0.00%)
[INFO GPL-0060] Total filler area:           70437.555 um^2 (-0.06%)
[INFO GPL-0061] Total non-inflated area:     72930.783 um^2 (+0.01%)
[INFO GPL-0062] Total inflated area:         72976.808 um^2 (+0.01%)
[INFO GPL-0063] New Target Density:             0.3527
[INFO GPL-0087] Routability end iteration: increase inflation and revert back to snapshot.
Iteration | Overflow |     HPWL (um) |  HPWL(%) |   Penalty | Group
---------------------------------------------------------------
      540 |   0.5413 |  9.784461e+04 |  -13.61% |  3.00e-07 |      
      550 |   0.3540 |  1.204496e+05 |  +23.10% |  4.41e-07 |      
[INFO GPL-0040] Routability iteration: 8
[INFO GPL-0041] Total routing overflow: 77.2311
[INFO GPL-0042] Number of overflowed tiles: 306 (3.27%)
[INFO GPL-0043] Average top 0.5% routing congestion: 1.6216
[INFO GPL-0044] Average top 1.0% routing congestion: 1.5144
[INFO GPL-0045] Average top 2.0% routing congestion: 1.3717
[INFO GPL-0046] Average top 5.0% routing congestion: 1.1514
[INFO GPL-0047] Routability iteration weighted routing congestion: 1.5680
[INFO GPL-0048] Routing congestion (1.5680) lower than previous minimum (1.576). Updating minimum.
[INFO GPL-0086] Inflated area:                  21.777 um^2 (+0.87%)
[INFO GPL-0052] Placement target density:       0.3527
[INFO GPL-0076] Removing fillers, count: Before: 7037, After: 7035 (-0.03%)
[INFO GPL-0077] Filler area (um^2)     : Before: 70437.555, After: 70417.536 (-0.03%)
[INFO GPL-0078] Removed fillers count: 2, area removed: 20.019 um^2. Remaining area to be compensated by modifying density: 1.758 um^2
[INFO GPL-0058] White space area:           206629.424 um^2 (+0.00%)
[INFO GPL-0059] Movable instances area:      72888.336 um^2 (+0.00%)
[INFO GPL-0060] Total filler area:           70417.536 um^2 (-0.03%)
[INFO GPL-0061] Total non-inflated area:     72932.541 um^2 (+0.00%)
[INFO GPL-0062] Total inflated area:         72954.318 um^2 (+0.00%)
[INFO GPL-0063] New Target Density:             0.3527
[INFO GPL-0087] Routability end iteration: increase inflation and revert back to snapshot.
Iteration | Overflow |     HPWL (um) |  HPWL(%) |   Penalty | Group
---------------------------------------------------------------
      560 |   0.4392 |  1.113581e+05 |   -7.55% |  3.63e-07 |      
[INFO GPL-0040] Routability iteration: 9
[INFO GPL-0041] Total routing overflow: 77.5961
[INFO GPL-0042] Number of overflowed tiles: 312 (3.33%)
[INFO GPL-0043] Average top 0.5% routing congestion: 1.6202
[INFO GPL-0044] Average top 1.0% routing congestion: 1.5126
[INFO GPL-0045] Average top 2.0% routing congestion: 1.3728
[INFO GPL-0046] Average top 5.0% routing congestion: 1.1526
[INFO GPL-0047] Routability iteration weighted routing congestion: 1.5664
[INFO GPL-0048] Routing congestion (1.5664) lower than previous minimum (1.568). Updating minimum.
[INFO GPL-0086] Inflated area:                  38.583 um^2 (+1.53%)
[INFO GPL-0052] Placement target density:       0.3527
[INFO GPL-0076] Removing fillers, count: Before: 7035, After: 7032 (-0.04%)
[INFO GPL-0077] Filler area (um^2)     : Before: 70417.536, After: 70387.507 (-0.04%)
[INFO GPL-0078] Removed fillers count: 3, area removed: 30.029 um^2. Remaining area to be compensated by modifying density: 8.554 um^2
[INFO GPL-0058] White space area:           206629.424 um^2 (+0.00%)
[INFO GPL-0059] Movable instances area:      72888.336 um^2 (+0.00%)
[INFO GPL-0060] Total filler area:           70387.507 um^2 (-0.04%)
[INFO GPL-0061] Total non-inflated area:     72941.095 um^2 (+0.01%)
[INFO GPL-0062] Total inflated area:         72979.678 um^2 (+0.01%)
[INFO GPL-0063] New Target Density:             0.3527
[INFO GPL-0087] Routability end iteration: increase inflation and revert back to snapshot.
Iteration | Overflow |     HPWL (um) |  HPWL(%) |   Penalty | Group
---------------------------------------------------------------
      570 |   0.5367 |  9.810493e+04 |  -11.90% |  3.00e-07 |      
      580 |   0.3538 |  1.210385e+05 |  +23.38% |  4.41e-07 |      
[INFO GPL-0040] Routability iteration: 10
[INFO GPL-0041] Total routing overflow: 77.9030
[INFO GPL-0042] Number of overflowed tiles: 312 (3.33%)
[INFO GPL-0043] Average top 0.5% routing congestion: 1.6313
[INFO GPL-0044] Average top 1.0% routing congestion: 1.5193
[INFO GPL-0045] Average top 2.0% routing congestion: 1.3742
[INFO GPL-0046] Average top 5.0% routing congestion: 1.1535
[INFO GPL-0047] Routability iteration weighted routing congestion: 1.5753
[INFO GPL-0049] Routing congestion (1.5753) higher than minimum (1.5664). Consecutive non-improvement count: 1.
[INFO GPL-0086] Inflated area:                  44.725 um^2 (+1.75%)
[INFO GPL-0052] Placement target density:       0.3527
[INFO GPL-0076] Removing fillers, count: Before: 7032, After: 7028 (-0.06%)
[INFO GPL-0077] Filler area (um^2)     : Before: 70387.507, After: 70347.469 (-0.06%)
[INFO GPL-0078] Removed fillers count: 4, area removed: 40.038 um^2. Remaining area to be compensated by modifying density: 4.687 um^2
[INFO GPL-0058] White space area:           206629.424 um^2 (+0.00%)
[INFO GPL-0059] Movable instances area:      72888.336 um^2 (+0.00%)
[INFO GPL-0060] Total filler area:           70347.469 um^2 (-0.06%)
[INFO GPL-0061] Total non-inflated area:     72945.782 um^2 (+0.01%)
[INFO GPL-0062] Total inflated area:         72990.507 um^2 (+0.01%)
[INFO GPL-0063] New Target Density:             0.3527
[INFO GPL-0087] Routability end iteration: increase inflation and revert back to snapshot.
Iteration | Overflow |     HPWL (um) |  HPWL(%) |   Penalty | Group
---------------------------------------------------------------
      590 |   0.4454 |  1.115233e+05 |   -7.86% |  3.63e-07 |      
[INFO GPL-0040] Routability iteration: 11
[INFO GPL-0041] Total routing overflow: 78.6623
[INFO GPL-0042] Number of overflowed tiles: 309 (3.30%)
[INFO GPL-0043] Average top 0.5% routing congestion: 1.6609
[INFO GPL-0044] Average top 1.0% routing congestion: 1.5333
[INFO GPL-0045] Average top 2.0% routing congestion: 1.3779
[INFO GPL-0046] Average top 5.0% routing congestion: 1.1548
[INFO GPL-0047] Routability iteration weighted routing congestion: 1.5971
[INFO GPL-0049] Routing congestion (1.5971) higher than minimum (1.5664). Consecutive non-improvement count: 2.
[INFO GPL-0086] Inflated area:                  25.003 um^2 (+0.96%)
[INFO GPL-0052] Placement target density:       0.3527
[INFO GPL-0076] Removing fillers, count: Before: 7028, After: 7026 (-0.03%)
[INFO GPL-0077] Filler area (um^2)     : Before: 70347.469, After: 70327.450 (-0.03%)
[INFO GPL-0078] Removed fillers count: 2, area removed: 20.019 um^2. Remaining area to be compensated by modifying density: 4.983 um^2
[INFO GPL-0058] White space area:           206629.424 um^2 (+0.00%)
[INFO GPL-0059] Movable instances area:      72888.336 um^2 (+0.00%)
[INFO GPL-0060] Total filler area:           70327.450 um^2 (-0.03%)
[INFO GPL-0061] Total non-inflated area:     72950.765 um^2 (+0.01%)
[INFO GPL-0062] Total inflated area:         72975.768 um^2 (+0.01%)
[INFO GPL-0063] New Target Density:             0.3527
[INFO GPL-0087] Routability end iteration: increase inflation and revert back to snapshot.
Iteration | Overflow |     HPWL (um) |  HPWL(%) |   Penalty | Group
---------------------------------------------------------------
      600 |   0.5229 |  9.829851e+04 |  -11.86% |  3.00e-07 |      
      610 |   0.3485 |  1.205991e+05 |  +22.69% |  4.41e-07 |      
[INFO GPL-0040] Routability iteration: 12
[INFO GPL-0041] Total routing overflow: 78.0185
[INFO GPL-0042] Number of overflowed tiles: 311 (3.32%)
[INFO GPL-0043] Average top 0.5% routing congestion: 1.6390
[INFO GPL-0044] Average top 1.0% routing congestion: 1.5234
[INFO GPL-0045] Average top 2.0% routing congestion: 1.3723
[INFO GPL-0046] Average top 5.0% routing congestion: 1.1539
[INFO GPL-0047] Routability iteration weighted routing congestion: 1.5812
[INFO GPL-0049] Routing congestion (1.5812) higher than minimum (1.5664). Consecutive non-improvement count: 3.
[INFO GPL-0086] Inflated area:                  32.783 um^2 (+1.25%)
[INFO GPL-0052] Placement target density:       0.3527
[INFO GPL-0076] Removing fillers, count: Before: 7026, After: 7023 (-0.04%)
[INFO GPL-0077] Filler area (um^2)     : Before: 70327.450, After: 70297.421 (-0.04%)
[INFO GPL-0078] Removed fillers count: 3, area removed: 30.029 um^2. Remaining area to be compensated by modifying density: 2.754 um^2
[INFO GPL-0054] No improvement in routing congestion for 3 consecutive iterations (limit is 3).
[INFO GPL-0055] Reverting inflation values and target density from the iteration with minimum observed routing congestion.
[INFO GPL-0056] Minimum observed routing congestion: 1.5664
[INFO GPL-0057] Target density at minimum routing congestion: 0.3527
[INFO GPL-0080] Restoring 12 previously removed fillers.
[INFO GPL-0081] Number of fillers before restoration 7023 and after 7035 . Relative change: +0.17%%
[INFO GPL-0082] Total filler area before restoration 70297.42 and after 70417.54 (um^2). Relative change: +0.17%%
[INFO GPL-0089] Routability finished. Reverting to minimal observed routing congestion, could not reach target.
Iteration | Overflow |     HPWL (um) |  HPWL(%) |   Penalty | Group
---------------------------------------------------------------
      620 |   0.4241 |  1.102967e+05 |   -8.54% |  3.63e-07 |      
      630 |   0.2572 |  1.227400e+05 |  +11.28% |  5.35e-07 |      
[INFO GPL-0100] Timing-driven iteration 2/2, virtual: false.
[INFO GPL-0101]    Iter: 635, overflow: 0.183, keep resizer changes at: 1, HPWL: 122340464
Iteration |   Area    | Resized | Buffers | Nets repaired | Remaining
---------------------------------------------------------------------
        0 |     +0.0% |       0 |       0 |             0 |       431
[WARNING RSZ-0170] Cannot repair slew on net net147 driven by u_data/dout[9]: driver resistance x repeater pin capacitance (1.37e-11) already meets or exceeds the slew budget (3.93e-10). Net left unrepaired on this segment.
[WARNING RSZ-0170] Cannot repair slew on net net146 driven by u_data/dout[8]: driver resistance x repeater pin capacitance (1.37e-11) already meets or exceeds the slew budget (3.93e-10). Net left unrepaired on this segment.
[WARNING RSZ-0170] Cannot repair slew on net net145 driven by u_data/dout[7]: driver resistance x repeater pin capacitance (1.37e-11) already meets or exceeds the slew budget (3.93e-10). Net left unrepaired on this segment.
[WARNING RSZ-0170] Cannot repair slew on net net144 driven by u_data/dout[6]: driver resistance x repeater pin capacitance (1.37e-11) already meets or exceeds the slew budget (3.93e-10). Net left unrepaired on this segment.
[WARNING RSZ-0170] Cannot repair slew on net net128 driven by u_data/dout[4]: driver resistance x repeater pin capacitance (1.37e-11) already meets or exceeds the slew budget (3.93e-10). Net left unrepaired on this segment.
[WARNING RSZ-0170] Cannot repair slew on net net125 driven by u_data/dout[47]: driver resistance x repeater pin capacitance (1.37e-11) already meets or exceeds the slew budget (3.93e-10). Net left unrepaired on this segment.
[WARNING RSZ-0170] Cannot repair slew on net net124 driven by u_data/dout[46]: driver resistance x repeater pin capacitance (1.37e-11) already meets or exceeds the slew budget (3.93e-10). Net left unrepaired on this segment.
[WARNING RSZ-0170] Cannot repair slew on net net120 driven by u_data/dout[42]: driver resistance x repeater pin capacitance (1.37e-11) already meets or exceeds the slew budget (3.93e-10). Net left unrepaired on this segment.
[WARNING RSZ-0170] Cannot repair slew on net net119 driven by u_data/dout[41]: driver resistance x repeater pin capacitance (1.37e-11) already meets or exceeds the slew budget (3.93e-10). Net left unrepaired on this segment.
[WARNING RSZ-0170] Cannot repair slew on net net118 driven by u_data/dout[40]: driver resistance x repeater pin capacitance (1.37e-11) already meets or exceeds the slew budget (3.93e-10). Net left unrepaired on this segment.
[WARNING RSZ-0170] Cannot repair slew on net net116 driven by u_data/dout[39]: driver resistance x repeater pin capacitance (1.37e-11) already meets or exceeds the slew budget (3.93e-10). Net left unrepaired on this segment.
[WARNING RSZ-0170] Cannot repair slew on net net115 driven by u_data/dout[38]: driver resistance x repeater pin capacitance (1.37e-11) already meets or exceeds the slew budget (3.93e-10). Net left unrepaired on this segment.
[WARNING RSZ-0170] Cannot repair slew on net net114 driven by u_data/dout[37]: driver resistance x repeater pin capacitance (1.37e-11) already meets or exceeds the slew budget (3.93e-10). Net left unrepaired on this segment.
[WARNING RSZ-0170] Cannot repair slew on net net113 driven by u_data/dout[36]: driver resistance x repeater pin capacitance (1.37e-11) already meets or exceeds the slew budget (3.93e-10). Net left unrepaired on this segment.
[WARNING RSZ-0170] Cannot repair slew on net net112 driven by u_data/dout[35]: driver resistance x repeater pin capacitance (1.37e-11) already meets or exceeds the slew budget (3.93e-10). Net left unrepaired on this segment.
[WARNING RSZ-0170] Cannot repair slew on net net111 driven by u_data/dout[34]: driver resistance x repeater pin capacitance (1.37e-11) already meets or exceeds the slew budget (3.93e-10). Net left unrepaired on this segment.
[WARNING RSZ-0170] Cannot repair slew on net net110 driven by u_data/dout[33]: driver resistance x repeater pin capacitance (1.37e-11) already meets or exceeds the slew budget (3.93e-10). Net left unrepaired on this segment.
[WARNING RSZ-0170] Cannot repair slew on net net109 driven by u_data/dout[32]: driver resistance x repeater pin capacitance (1.37e-11) already meets or exceeds the slew budget (3.93e-10). Net left unrepaired on this segment.
[WARNING RSZ-0170] Cannot repair slew on net net108 driven by u_data/dout[31]: driver resistance x repeater pin capacitance (1.37e-11) already meets or exceeds the slew budget (3.93e-10). Net left unrepaired on this segment.
[WARNING RSZ-0170] Cannot repair slew on net net107 driven by u_data/dout[30]: driver resistance x repeater pin capacitance (1.37e-11) already meets or exceeds the slew budget (3.93e-10). Net left unrepaired on this segment.
[WARNING RSZ-0170] Cannot repair slew on net net105 driven by u_data/dout[29]: driver resistance x repeater pin capacitance (1.37e-11) already meets or exceeds the slew budget (3.93e-10). Net left unrepaired on this segment.
[WARNING RSZ-0170] Cannot repair slew on net net104 driven by u_data/dout[28]: driver resistance x repeater pin capacitance (1.37e-11) already meets or exceeds the slew budget (3.93e-10). Net left unrepaired on this segment.
[WARNING RSZ-0170] Cannot repair slew on net net103 driven by u_data/dout[27]: driver resistance x repeater pin capacitance (1.37e-11) already meets or exceeds the slew budget (3.93e-10). Net left unrepaired on this segment.
[WARNING RSZ-0170] Cannot repair slew on net net102 driven by u_data/dout[26]: driver resistance x repeater pin capacitance (1.37e-11) already meets or exceeds the slew budget (3.93e-10). Net left unrepaired on this segment.
[WARNING RSZ-0170] Cannot repair slew on net net101 driven by u_data/dout[25]: driver resistance x repeater pin capacitance (1.37e-11) already meets or exceeds the slew budget (3.93e-10). Net left unrepaired on this segment.
[WARNING RSZ-0170] Cannot repair slew on net net100 driven by u_data/dout[24]: driver resistance x repeater pin capacitance (1.37e-11) already meets or exceeds the slew budget (3.93e-10). Net left unrepaired on this segment.
[WARNING RSZ-0170] Cannot repair slew on net net99 driven by u_data/dout[23]: driver resistance x repeater pin capacitance (1.37e-11) already meets or exceeds the slew budget (3.93e-10). Net left unrepaired on this segment.
[WARNING RSZ-0170] Cannot repair slew on net net98 driven by u_data/dout[22]: driver resistance x repeater pin capacitance (1.37e-11) already meets or exceeds the slew budget (3.93e-10). Net left unrepaired on this segment.
[WARNING RSZ-0170] Cannot repair slew on net net97 driven by u_data/dout[21]: driver resistance x repeater pin capacitance (1.37e-11) already meets or exceeds the slew budget (3.93e-10). Net left unrepaired on this segment.
[WARNING RSZ-0170] Cannot repair slew on net net96 driven by u_data/dout[20]: driver resistance x repeater pin capacitance (1.37e-11) already meets or exceeds the slew budget (3.93e-10). Net left unrepaired on this segment.
[WARNING RSZ-0170] Cannot repair slew on net net94 driven by u_data/dout[19]: driver resistance x repeater pin capacitance (1.37e-11) already meets or exceeds the slew budget (3.93e-10). Net left unrepaired on this segment.
[WARNING RSZ-0170] Cannot repair slew on net net93 driven by u_data/dout[18]: driver resistance x repeater pin capacitance (1.37e-11) already meets or exceeds the slew budget (3.93e-10). Net left unrepaired on this segment.
[WARNING RSZ-0170] Cannot repair slew on net net92 driven by u_data/dout[17]: driver resistance x repeater pin capacitance (1.37e-11) already meets or exceeds the slew budget (3.93e-10). Net left unrepaired on this segment.
[WARNING RSZ-0170] Cannot repair slew on net net91 driven by u_data/dout[16]: driver resistance x repeater pin capacitance (1.37e-11) already meets or exceeds the slew budget (3.93e-10). Net left unrepaired on this segment.
[WARNING RSZ-0170] Cannot repair slew on net net90 driven by u_data/dout[15]: driver resistance x repeater pin capacitance (1.37e-11) already meets or exceeds the slew budget (3.93e-10). Net left unrepaired on this segment.
[WARNING RSZ-0170] Cannot repair slew on net net89 driven by u_data/dout[14]: driver resistance x repeater pin capacitance (1.37e-11) already meets or exceeds the slew budget (3.93e-10). Net left unrepaired on this segment.
[WARNING RSZ-0170] Cannot repair slew on net net88 driven by u_data/dout[13]: driver resistance x repeater pin capacitance (1.37e-11) already meets or exceeds the slew budget (3.93e-10). Net left unrepaired on this segment.
[WARNING RSZ-0170] Cannot repair slew on net net87 driven by u_data/dout[12]: driver resistance x repeater pin capacitance (1.37e-11) already meets or exceeds the slew budget (3.93e-10). Net left unrepaired on this segment.
[WARNING RSZ-0170] Cannot repair slew on net net86 driven by u_data/dout[11]: driver resistance x repeater pin capacitance (1.37e-11) already meets or exceeds the slew budget (3.93e-10). Net left unrepaired on this segment.
[WARNING RSZ-0170] Cannot repair slew on net net85 driven by u_data/dout[10]: driver resistance x repeater pin capacitance (1.37e-11) already meets or exceeds the slew budget (3.93e-10). Net left unrepaired on this segment.
    final |     +0.5% |       6 |     117 |            88 |         0
---------------------------------------------------------------------
[INFO RSZ-0034] Found 94 slew violations.
[INFO RSZ-0039] Resized 6 instances.
[INFO RSZ-0038] Inserted 117 buffers in 88 nets.
   Iter   |    Area   | Removed | Inserted |   Pins
          |           | Buffers | Buffers  | Remaining
-------------------------------------------------------
        0 |     +0.0% |       0 |        0 |       211
       21 |     +0.0% |       0 |        2 |       190
       42 |     +0.0% |       0 |        9 |       169
       63 |     +0.0% |       0 |       10 |       148
[WARNING RSZ-2005] cannot find a viable buffering solution on pin u_data/dout[9] after 1 rounds of buffering (no solution meets design rules)
[WARNING RSZ-2005] cannot find a viable buffering solution on pin u_data/dout[8] after 1 rounds of buffering (no solution meets design rules)
[WARNING RSZ-2005] cannot find a viable buffering solution on pin u_data/dout[7] after 1 rounds of buffering (no solution meets design rules)
[WARNING RSZ-2005] cannot find a viable buffering solution on pin u_data/dout[6] after 1 rounds of buffering (no solution meets design rules)
[WARNING RSZ-2005] cannot find a viable buffering solution on pin u_data/dout[63] after 1 rounds of buffering (no solution meets design rules)
[WARNING RSZ-2005] cannot find a viable buffering solution on pin u_data/dout[62] after 1 rounds of buffering (no solution meets design rules)
[WARNING RSZ-2005] cannot find a viable buffering solution on pin u_data/dout[61] after 1 rounds of buffering (no solution meets design rules)
[WARNING RSZ-2005] cannot find a viable buffering solution on pin u_data/dout[60] after 1 rounds of buffering (no solution meets design rules)
[WARNING RSZ-2005] cannot find a viable buffering solution on pin u_data/dout[5] after 1 rounds of buffering (no solution meets design rules)
[WARNING RSZ-2005] cannot find a viable buffering solution on pin u_data/dout[59] after 1 rounds of buffering (no solution meets design rules)
[WARNING RSZ-2005] cannot find a viable buffering solution on pin u_data/dout[58] after 1 rounds of buffering (no solution meets design rules)
[WARNING RSZ-2005] cannot find a viable buffering solution on pin u_data/dout[57] after 1 rounds of buffering (no solution meets design rules)
[WARNING RSZ-2005] cannot find a viable buffering solution on pin u_data/dout[56] after 1 rounds of buffering (no solution meets design rules)
[WARNING RSZ-2005] cannot find a viable buffering solution on pin u_data/dout[55] after 1 rounds of buffering (no solution meets design rules)
[WARNING RSZ-2005] cannot find a viable buffering solution on pin u_data/dout[54] after 1 rounds of buffering (no solution meets design rules)
[WARNING RSZ-2005] cannot find a viable buffering solution on pin u_data/dout[53] after 1 rounds of buffering (no solution meets design rules)
[WARNING RSZ-2005] cannot find a viable buffering solution on pin u_data/dout[52] after 1 rounds of buffering (no solution meets design rules)
[WARNING RSZ-2005] cannot find a viable buffering solution on pin u_data/dout[51] after 1 rounds of buffering (no solution meets design rules)
[WARNING RSZ-2005] cannot find a viable buffering solution on pin u_data/dout[50] after 1 rounds of buffering (no solution meets design rules)
[WARNING RSZ-2005] cannot find a viable buffering solution on pin u_data/dout[4] after 1 rounds of buffering (no solution meets design rules)
       84 |     +0.0% |       0 |       10 |       127
[WARNING RSZ-2005] cannot find a viable buffering solution on pin u_data/dout[49] after 1 rounds of buffering (no solution meets design rules)
[WARNING RSZ-2005] cannot find a viable buffering solution on pin u_data/dout[48] after 1 rounds of buffering (no solution meets design rules)
[WARNING RSZ-2005] cannot find a viable buffering solution on pin u_data/dout[47] after 1 rounds of buffering (no solution meets design rules)
[WARNING RSZ-2005] cannot find a viable buffering solution on pin u_data/dout[46] after 1 rounds of buffering (no solution meets design rules)
[WARNING RSZ-2005] cannot find a viable buffering solution on pin u_data/dout[45] after 1 rounds of buffering (no solution meets design rules)
[WARNING RSZ-2005] cannot find a viable buffering solution on pin u_data/dout[44] after 1 rounds of buffering (no solution meets design rules)
[WARNING RSZ-2005] cannot find a viable buffering solution on pin u_data/dout[43] after 1 rounds of buffering (no solution meets design rules)
[WARNING RSZ-2005] cannot find a viable buffering solution on pin u_data/dout[42] after 1 rounds of buffering (no solution meets design rules)
[WARNING RSZ-2005] cannot find a viable buffering solution on pin u_data/dout[41] after 1 rounds of buffering (no solution meets design rules)
[WARNING RSZ-2005] cannot find a viable buffering solution on pin u_data/dout[40] after 1 rounds of buffering (no solution meets design rules)
[WARNING RSZ-2005] cannot find a viable buffering solution on pin u_data/dout[3] after 1 rounds of buffering (no solution meets design rules)
[WARNING RSZ-2005] cannot find a viable buffering solution on pin u_data/dout[39] after 1 rounds of buffering (no solution meets design rules)
[WARNING RSZ-2005] cannot find a viable buffering solution on pin u_data/dout[38] after 1 rounds of buffering (no solution meets design rules)
[WARNING RSZ-2005] cannot find a viable buffering solution on pin u_data/dout[37] after 1 rounds of buffering (no solution meets design rules)
[WARNING RSZ-2005] cannot find a viable buffering solution on pin u_data/dout[36] after 1 rounds of buffering (no solution meets design rules)
[WARNING RSZ-2005] cannot find a viable buffering solution on pin u_data/dout[35] after 1 rounds of buffering (no solution meets design rules)
[WARNING RSZ-2005] cannot find a viable buffering solution on pin u_data/dout[34] after 1 rounds of buffering (no solution meets design rules)
[WARNING RSZ-2005] cannot find a viable buffering solution on pin u_data/dout[33] after 1 rounds of buffering (no solution meets design rules)
[WARNING RSZ-2005] cannot find a viable buffering solution on pin u_data/dout[32] after 1 rounds of buffering (no solution meets design rules)
[WARNING RSZ-2005] cannot find a viable buffering solution on pin u_data/dout[31] after 1 rounds of buffering (no solution meets design rules)
[WARNING RSZ-2005] cannot find a viable buffering solution on pin u_data/dout[30] after 1 rounds of buffering (no solution meets design rules)
      105 |     +0.0% |       0 |       10 |       106
[WARNING RSZ-2005] cannot find a viable buffering solution on pin u_data/dout[2] after 1 rounds of buffering (no solution meets design rules)
[WARNING RSZ-2005] cannot find a viable buffering solution on pin u_data/dout[29] after 1 rounds of buffering (no solution meets design rules)
[WARNING RSZ-2005] cannot find a viable buffering solution on pin u_data/dout[28] after 1 rounds of buffering (no solution meets design rules)
[WARNING RSZ-2005] cannot find a viable buffering solution on pin u_data/dout[27] after 1 rounds of buffering (no solution meets design rules)
[WARNING RSZ-2005] cannot find a viable buffering solution on pin u_data/dout[26] after 1 rounds of buffering (no solution meets design rules)
[WARNING RSZ-2005] cannot find a viable buffering solution on pin u_data/dout[25] after 1 rounds of buffering (no solution meets design rules)
[WARNING RSZ-2005] cannot find a viable buffering solution on pin u_data/dout[24] after 1 rounds of buffering (no solution meets design rules)
[WARNING RSZ-2005] cannot find a viable buffering solution on pin u_data/dout[23] after 1 rounds of buffering (no solution meets design rules)
[WARNING RSZ-2005] cannot find a viable buffering solution on pin u_data/dout[22] after 1 rounds of buffering (no solution meets design rules)
[WARNING RSZ-2005] cannot find a viable buffering solution on pin u_data/dout[21] after 1 rounds of buffering (no solution meets design rules)
[WARNING RSZ-2005] cannot find a viable buffering solution on pin u_data/dout[20] after 1 rounds of buffering (no solution meets design rules)
[WARNING RSZ-2005] cannot find a viable buffering solution on pin u_data/dout[1] after 1 rounds of buffering (no solution meets design rules)
[WARNING RSZ-2005] cannot find a viable buffering solution on pin u_data/dout[19] after 1 rounds of buffering (no solution meets design rules)
[WARNING RSZ-2005] cannot find a viable buffering solution on pin u_data/dout[18] after 1 rounds of buffering (no solution meets design rules)
[WARNING RSZ-2005] cannot find a viable buffering solution on pin u_data/dout[17] after 1 rounds of buffering (no solution meets design rules)
[WARNING RSZ-2005] cannot find a viable buffering solution on pin u_data/dout[16] after 1 rounds of buffering (no solution meets design rules)
[WARNING RSZ-2005] cannot find a viable buffering solution on pin u_data/dout[15] after 1 rounds of buffering (no solution meets design rules)
[WARNING RSZ-2005] cannot find a viable buffering solution on pin u_data/dout[14] after 1 rounds of buffering (no solution meets design rules)
[WARNING RSZ-2005] cannot find a viable buffering solution on pin u_data/dout[13] after 1 rounds of buffering (no solution meets design rules)
[WARNING RSZ-2005] cannot find a viable buffering solution on pin u_data/dout[12] after 1 rounds of buffering (no solution meets design rules)
[WARNING RSZ-2005] cannot find a viable buffering solution on pin u_data/dout[11] after 1 rounds of buffering (no solution meets design rules)
      126 |     +0.0% |       0 |       10 |        85
[WARNING RSZ-2005] cannot find a viable buffering solution on pin u_data/dout[10] after 1 rounds of buffering (no solution meets design rules)
[WARNING RSZ-2005] cannot find a viable buffering solution on pin u_data/dout[0] after 1 rounds of buffering (no solution meets design rules)
[WARNING RSZ-2009] Skipping buffering because no valid buffering solution satisfying the design rules can be found for net connected to pin input74/X.
[WARNING RSZ-2005] cannot find a viable buffering solution on pin input74/X after 1 rounds of buffering (no solution meets design rules)
      147 |     +0.0% |      18 |       26 |        64
      168 |     +0.0% |      34 |       41 |        43
      189 |     -0.1% |      69 |       62 |        22
      210 |     -0.1% |      96 |       83 |         1
    final |     -0.1% |      97 |       84 |         0
-------------------------------------------------------
[INFO GPL-0106] Timing-driven: worst slack 4.306007e-09
[INFO GPL-0107] Timing-driven: repair_design delta area: 496.242 um^2 (+18.92%)
[INFO GPL-0108] Timing-driven: repair_design, gpl delta gcells: 104 (+36.75%)
[INFO GPL-0109] Timing-driven: repair_design, gcells created: 201, deleted: 97
[INFO GPL-0110] Timing-driven: new target density: 0.35588878
Iteration | Overflow |     HPWL (um) |  HPWL(%) |   Penalty | Group
---------------------------------------------------------------
      640 |   0.1708 |  1.241352e+05 |   +1.14% |  7.87e-07 |      
      650 |   0.1532 |  1.247451e+05 |   +0.49% |  1.16e-06 |      
      660 |   0.1456 |  1.295759e+05 |   +3.87% |  1.71e-06 |      
      668 |   0.0982 |  1.341427e+05 |          |  2.42e-06 |      
---------------------------------------------------------------
[INFO GPL-1001] Global placement finished at iteration 668
[INFO GPL-1017] Routability mode iteration count: 192
[INFO GPL-1005] Routability final weighted congestion: 2.0177
[INFO GPL-1002] Placed Cell Area             3011.2470
[INFO GPL-1003] Available Free Area         206629.4240
[INFO GPL-1004] Minimum Feasible Density        0.0100 (cell_area / free_area)
[INFO GPL-1006]   Suggested Target Densities:
[INFO GPL-1007]     - For 90% usage of free space: 0.0162
[INFO GPL-1008]     - For 80% usage of free space: 0.0182
[INFO GPL-1009]     - For 50% usage of free space: 0.0291
[INFO GPL-1011] Original area (um^2): 1471.41
[INFO GPL-1012] Total routability artificial inflation: 475.55 (+32.32%)
[INFO GPL-1013] Total timing-driven delta area: 1064.29 (+72.33%)
[INFO GPL-1014] Final placement area: 3011.25 (+104.65%)
estimate_parasitics -placement
Report metrics stage 3, global place...

==========================================================================
global place report_design_area
--------------------------------------------------------------------------
Design area 207714 um^2 49% utilization.
write_db /work/campaigns/iscas_sustainability_extension/memory_compiler/gate3_attempt06_replacement_sram_backend_qualification/raw/openroad/work/results/sky130hd/attempt06_u0/base/3_3_place_gp.odb
Elapsed time: 0:05.07[h:]min:sec. CPU time: user 9.61 sys 0.64 (201%). Peak memory: 272708KB.
Log                       Ext     Elapsed/s Peak Memory/MB sha1sum result [0:20)
3_3_place_gp              .odb            5            266 05cc64cc7d03772d5be4
