OpenROAD 26Q3-1080-gab6fd26351 
Features included (+) or not (-): +GPU +GUI +Python
This program is licensed under the BSD-3 license. See the LICENSE file for details.
Components of this program may be licensed under more restrictive licenses which must be honored.
[INFO ORD-0030] Using 4 thread(s).
read_liberty /OpenROAD-flow-scripts/flow/platforms/sky130hd/lib/sky130_fd_sc_hd__tt_025C_1v80.lib
read_liberty /work/campaigns/iscas_sustainability_extension/memory_compiler/gate3_attempt06_replacement_sram_backend_qualification/source_checkout/sram22_256x64m4w8/sram22_256x64m4w8_tt_025C_1v80.lib
read_db /work/campaigns/iscas_sustainability_extension/memory_compiler/gate3_attempt06_replacement_sram_backend_qualification/raw/openroad/work/results/sky130hd/attempt06_u0/base/3_3_place_gp.odb
read_sdc /work/campaigns/iscas_sustainability_extension/memory_compiler/gate3_attempt06_replacement_sram_backend_qualification/raw/openroad/work/results/sky130hd/attempt06_u0/base/2_floorplan.sdc
source /OpenROAD-flow-scripts/flow/platforms/sky130hd/setRC.tcl
source /work/campaigns/iscas_sustainability_extension/memory_compiler/gate3_attempt06_replacement_sram_backend_qualification/openroad/pre_resize_sram22.tcl
estimate_parasitics -placement
Perform buffer insertion and gate resizing...
repair_design -verbose -match_cell_footprint
Iteration |   Area    | Resized | Buffers | Nets repaired | Remaining
---------------------------------------------------------------------
        0 |     +0.0% |       0 |       0 |             0 |       535
       10 |     +0.0% |       0 |       0 |             0 |       525
       20 |     +0.0% |       0 |       0 |             0 |       515
       30 |     +0.0% |       0 |       0 |             0 |       505
       40 |     +0.0% |       0 |       0 |             0 |       495
       50 |     +0.0% |       0 |       0 |             0 |       485
       60 |     +0.0% |       0 |       0 |             0 |       475
       70 |     +0.0% |       0 |       0 |             0 |       465
       80 |     +0.0% |       0 |       0 |             0 |       455
       90 |     +0.0% |       0 |       0 |             0 |       445
      100 |     +0.0% |       0 |       0 |             0 |       435
      110 |     +0.0% |       0 |       0 |             0 |       425
      120 |     +0.0% |       0 |       0 |             0 |       415
[ERROR RSZ-0090] Max transition time from SDC is 0.351ns. Best achievable transition time is 0.467ns with a load of 0.45pF
Error: resize.tcl, 25 RSZ-0090
Elapsed time: 0:01.43[h:]min:sec. CPU time: user 0.80 sys 0.42 (85%). Peak memory: 147140KB.
