OpenROAD 26Q3-1080-gab6fd26351 
Features included (+) or not (-): +GPU +GUI +Python
This program is licensed under the BSD-3 license. See the LICENSE file for details.
Components of this program may be licensed under more restrictive licenses which must be honored.
[INFO ORD-0030] Using 4 thread(s).
read_liberty /OpenROAD-flow-scripts/flow/platforms/sky130hd/lib/sky130_fd_sc_hd__tt_025C_1v80.lib
read_liberty /work/campaigns/iscas_sustainability_extension/memory_compiler/gate3_attempt06_replacement_sram_backend_qualification/source_checkout/sram22_256x64m4w8/sram22_256x64m4w8_tt_025C_1v80.lib
read_db /work/campaigns/iscas_sustainability_extension/memory_compiler/gate3_attempt06_replacement_sram_backend_qualification/raw/openroad/work/results/sky130hd/attempt06_u0/base/4_cts.odb
read_sdc /work/campaigns/iscas_sustainability_extension/memory_compiler/gate3_attempt06_replacement_sram_backend_qualification/raw/openroad/work/results/sky130hd/attempt06_u0/base/4_cts.sdc
source /OpenROAD-flow-scripts/flow/platforms/sky130hd/setRC.tcl
pin_access
[INFO DRT-0149] Reading tech and libs.
[WARNING DRT-0349] LEF58_ENCLOSURE with no CUTCLASS is not supported. Skipping for layer mcon
[WARNING DRT-0349] LEF58_ENCLOSURE with no CUTCLASS is not supported. Skipping for layer mcon
[WARNING DRT-0349] LEF58_ENCLOSURE with no CUTCLASS is not supported. Skipping for layer via
[WARNING DRT-0349] LEF58_ENCLOSURE with no CUTCLASS is not supported. Skipping for layer via
[WARNING DRT-0349] LEF58_ENCLOSURE with no CUTCLASS is not supported. Skipping for layer via2
[WARNING DRT-0349] LEF58_ENCLOSURE with no CUTCLASS is not supported. Skipping for layer via2
[WARNING DRT-0349] LEF58_ENCLOSURE with no CUTCLASS is not supported. Skipping for layer via3
[WARNING DRT-0349] LEF58_ENCLOSURE with no CUTCLASS is not supported. Skipping for layer via3
[WARNING DRT-0349] LEF58_ENCLOSURE with no CUTCLASS is not supported. Skipping for layer via4
[WARNING DRT-0349] LEF58_ENCLOSURE with no CUTCLASS is not supported. Skipping for layer via4

Units:                1000
Number of layers:     13
Number of macros:     442
Number of vias:       109
Number of viarulegen: 25

[INFO DRT-0150] Reading design.

Design:                   u0_sram22_top
Die area:                 ( 0 0 ) ( 900000 500000 )
Number of track patterns: 12
Number of DEF vias:       0
Number of components:     3339
Number of terminals:      150
Number of snets:          2
Number of nets:           542

[INFO DRT-0167] List of default vias:
  Layer via
    default via: M1M2_PR
  Layer via2
    default via: M2M3_PR
  Layer via3
    default via: M3M4_PR
  Layer via4
    default via: M4M5_PR
[INFO DRT-0162] Library cell analysis.
[INFO DRT-0163] Instance analysis.
[INFO DRT-0164] Number of unique instances = 17.
[INFO DRT-0168] Init region query.
[INFO DRT-0024]   Complete FR_MASTERSLICE.
[INFO DRT-0024]   Complete Fr_VIA.
[INFO DRT-0024]   Complete li1.
[INFO DRT-0024]   Complete mcon.
[INFO DRT-0024]   Complete met1.
[INFO DRT-0024]   Complete via.
[INFO DRT-0024]   Complete met2.
[INFO DRT-0024]   Complete via2.
[INFO DRT-0024]   Complete met3.
[INFO DRT-0024]   Complete via3.
[INFO DRT-0024]   Complete met4.
[INFO DRT-0024]   Complete via4.
[INFO DRT-0024]   Complete met5.
[INFO DRT-0033] FR_MASTERSLICE shape region query size = 0.
[INFO DRT-0033] FR_VIA shape region query size = 0.
[INFO DRT-0033] li1 shape region query size = 19775.
[INFO DRT-0033] mcon shape region query size = 10446.
[INFO DRT-0033] met1 shape region query size = 9941.
[INFO DRT-0033] via shape region query size = 14479.
[INFO DRT-0033] met2 shape region query size = 13331.
[INFO DRT-0033] via2 shape region query size = 27837.
[INFO DRT-0033] met3 shape region query size = 17798.
[INFO DRT-0033] via3 shape region query size = 27840.
[INFO DRT-0033] met4 shape region query size = 7117.
[INFO DRT-0033] via4 shape region query size = 1120.
[INFO DRT-0033] met5 shape region query size = 1190.
[INFO DRT-0165] Start pin access.
[INFO DRT-0078]   Complete 238 pins.
[INFO DRT-0081]   Complete 16 unique inst patterns.
[INFO DRT-0084]   Complete 322 groups.
#scanned instances     = 3339
#unique  instances     = 17
#stdCellGenAp          = 300
#stdCellValidPlanarAp  = 0
#stdCellValidViaAp     = 198
#stdCellPinNoAp        = 0
#stdCellPinCnt         = 788
#instTermValidViaApCnt = 0
#macroGenAp            = 253
#macroValidPlanarAp    = 172
#macroValidViaAp       = 0
#macroNoAp             = 0
[INFO DRT-0166] Complete pin access.
[INFO DRT-0267] cpu time = 00:00:05, elapsed time = 00:00:01, memory = 142.08 (MB), peak = 141.73 (MB)
global_route -congestion_report_file /work/campaigns/iscas_sustainability_extension/memory_compiler/gate3_attempt06_replacement_sram_backend_qualification/raw/openroad/work/reports/sky130hd/attempt06_u0/base/congestion.rpt -congestion_iterations 30 -congestion_report_iter_step 5 -verbose
[INFO GRT-0020] Min routing layer: met1
[INFO GRT-0021] Max routing layer: met5
[INFO GRT-0022] Global adjustment: 0%
[INFO GRT-0023] Grid origin: (0, 0)
[INFO GRT-0088] Layer li1     Track-Pitch = 0.4600  line-2-Via Pitch: 0.3400
[INFO GRT-0088] Layer met1    Track-Pitch = 0.3400  line-2-Via Pitch: 0.3400
[INFO GRT-0088] Layer met2    Track-Pitch = 0.4600  line-2-Via Pitch: 0.3500
[INFO GRT-0088] Layer met3    Track-Pitch = 0.6800  line-2-Via Pitch: 0.6150
[INFO GRT-0088] Layer met4    Track-Pitch = 0.9200  line-2-Via Pitch: 1.0400
[INFO GRT-0088] Layer met5    Track-Pitch = 3.4000  line-2-Via Pitch: 3.1100
[INFO GRT-0003] Macros: 1
[INFO GRT-0004] Blockages: 2
[INFO GRT-0019] Found 1 clock nets.
[INFO GRT-0001] Minimum degree: 2
[INFO GRT-0002] Maximum degree: 2

[INFO GRT-0053] Routing resources analysis:
          Routing      Original      Derated      Resource
Layer     Direction    Resources     Resources    Reduction (%)
---------------------------------------------------------------
li1        Vertical            0             0          0.00%
met1       Horizontal      79910         62267          22.08%
met2       Vertical        64687         49839          22.95%
met3       Horizontal      87638         68598          21.73%
met4       Vertical        59638         43137          27.67%
met5       Horizontal      13502          9548          29.28%
---------------------------------------------------------------

[INFO GRT-0101] Running extra iterations to remove congestion.
[INFO GRT-0102] Start extra iteration 1/30
[INFO GRT-0102] Start extra iteration 2/30
[INFO GRT-0102] Start extra iteration 3/30
[INFO GRT-0102] Start extra iteration 4/30
[INFO GRT-0102] Start extra iteration 5/30
[INFO GRT-0102] Start extra iteration 6/30
[INFO GRT-0197] Via related to pin nodes: 2221
[INFO GRT-0198] Via related Steiner nodes: 0
[INFO GRT-0199] Via filling finished.
[INFO GRT-0111] Final number of vias: 3904
[INFO GRT-0112] Final usage 3D: 39804

[INFO GRT-0096] Final congestion report:
Layer         Resource        Demand        Usage (%)    Max H / Max V / Total Congestion
---------------------------------------------------------------------------------------
li1                  0             0            0.00%             0 /  0 /  0
met1             62267          6166            9.90%             0 /  0 /  0
met2             49839          4380            8.79%             0 /  0 /  0
met3             68598          8985           13.10%             0 /  0 /  0
met4             43137          6510           15.09%             0 /  0 /  0
met5              9548          2051           21.48%             0 /  0 /  0
---------------------------------------------------------------------------------------
Total           233389         28092           12.04%             0 /  0 /  0

[INFO GRT-0018] Total wirelength: 205137 um
[INFO GRT-0014] Routed nets: 542
[INFO GRT-0303] Global routing runtime = 00:00:01
estimate_parasitics -global_routing
global_route -start_incremental
global_route -end_incremental -congestion_report_file /work/campaigns/iscas_sustainability_extension/memory_compiler/gate3_attempt06_replacement_sram_backend_qualification/raw/openroad/work/reports/sky130hd/attempt06_u0/base/congestion_post_recover_power.rpt
Repair antennas...
[INFO GRT-0012] Found 165 antenna violations.
[INFO GRT-0302] Inserted 113 jumpers for 92 nets.
[INFO GRT-0012] Found 96 antenna violations.
[WARNING GRT-0243] Unable to repair antennas on net with diodes.
[INFO DPL-0006] Core area: 421043.81 um^2
[INFO DPL-0007] Movable instances area: 3055.43 um^2
[INFO DPL-0008] Fixed instances area within core: 206004.89 um^2
[INFO DPL-0009] Utilization: 49.7%
[INFO DPL-0005] Diamond search max displacement: +/- 500 sites horizontally, +/- 100 rows vertically.
[INFO DPL-1102] Legalizing using negotiation legalizer.
[INFO DPL-1103] Negotiation base search window: +/-20 sites horizontally, +/-5 rows vertically 
	Automatic search window extension enabled.
	Search window extendable up to the max displacement cap of +/-500 sites, +/-100 rows near walls.
[INFO DPL-1104] NegotiationLegalizer DRC penalty: 5.
[INFO DPL-0392] Negotiation cell height distribution (2 unique row-count(s)):
[INFO DPL-0393]   height 1 row(s): 3841 cells
[INFO DPL-0393]   height 108 row(s): 1 cells
          |      Total |  Illegal |  Illegal
Iteration | Violations |    Cells |    Sites
---------------------------------------------
        0 |         17 |         5 |         9
        1 |          0 |         0 |         0
Negotiation phase 1 converged at iteration 1.
[INFO DPL-0500] Runtime: 0.05s
[INFO GRT-0015] Inserted 503 diodes.
[INFO GRT-0012] Found 52 antenna violations.
[INFO GRT-0302] Inserted 12 jumpers for 12 nets.
[INFO GRT-0012] Found 44 antenna violations.
[WARNING GRT-0243] Unable to repair antennas on net with diodes.
[INFO DPL-0006] Core area: 421043.81 um^2
[INFO DPL-0007] Movable instances area: 4240.32 um^2
[INFO DPL-0008] Fixed instances area within core: 205730.88 um^2
[INFO DPL-0009] Utilization: 49.9%
[INFO DPL-0005] Diamond search max displacement: +/- 500 sites horizontally, +/- 100 rows vertically.
[INFO DPL-1102] Legalizing using negotiation legalizer.
[INFO DPL-1103] Negotiation base search window: +/-20 sites horizontally, +/-5 rows vertically 
	Automatic search window extension enabled.
	Search window extendable up to the max displacement cap of +/-500 sites, +/-100 rows near walls.
[INFO DPL-1104] NegotiationLegalizer DRC penalty: 5.
[INFO DPL-0392] Negotiation cell height distribution (2 unique row-count(s)):
[INFO DPL-0393]   height 1 row(s): 4205 cells
[INFO DPL-0393]   height 108 row(s): 1 cells
          |      Total |  Illegal |  Illegal
Iteration | Violations |    Cells |    Sites
---------------------------------------------
        0 |        184 |        52 |       102
        1 |         84 |        26 |        49
        2 |         36 |        12 |        24
        3 |          0 |         0 |         0
Negotiation phase 1 converged at iteration 3.
[INFO DPL-0500] Runtime: 0.05s
[INFO GRT-0015] Inserted 364 diodes.
[INFO GRT-0012] Found 29 antenna violations.
[INFO GRT-0302] Inserted 8 jumpers for 6 nets.
[INFO GRT-0012] Found 24 antenna violations.
[INFO DPL-0006] Core area: 421043.81 um^2
[INFO DPL-0007] Movable instances area: 5203.74 um^2
[INFO DPL-0008] Fixed instances area within core: 205305.47 um^2
[INFO DPL-0009] Utilization: 50.0%
[INFO DPL-0005] Diamond search max displacement: +/- 500 sites horizontally, +/- 100 rows vertically.
[INFO DPL-1102] Legalizing using negotiation legalizer.
[INFO DPL-1103] Negotiation base search window: +/-20 sites horizontally, +/-5 rows vertically 
	Automatic search window extension enabled.
	Search window extendable up to the max displacement cap of +/-500 sites, +/-100 rows near walls.
[INFO DPL-1104] NegotiationLegalizer DRC penalty: 5.
[INFO DPL-0392] Negotiation cell height distribution (2 unique row-count(s)):
[INFO DPL-0393]   height 1 row(s): 4420 cells
[INFO DPL-0393]   height 108 row(s): 1 cells
          |      Total |  Illegal |  Illegal
Iteration | Violations |    Cells |    Sites
---------------------------------------------
        0 |        311 |        79 |       144
        1 |        209 |        55 |       101
        2 |        156 |        34 |        59
        3 |         51 |        19 |        32
        4 |         22 |         8 |        14
        5 |         22 |         8 |        14
        6 |         18 |         8 |        10
        7 |         20 |         8 |        12
        8 |         16 |         6 |        10
        9 |         19 |         7 |        12
       10 |         14 |         6 |         8
       20 |         13 |         5 |         8
       29 |          0 |         0 |         0
Negotiation phase 1 converged at iteration 29.
[INFO DPL-0500] Runtime: 0.11s
[INFO GRT-0015] Inserted 215 diodes.
[INFO GRT-0012] Found 16 antenna violations.
[INFO GRT-0302] Inserted 1 jumpers for 1 nets.
[INFO GRT-0012] Found 15 antenna violations.
[INFO DPL-0006] Core area: 421043.81 um^2
[INFO DPL-0007] Movable instances area: 5721.74 um^2
[INFO DPL-0008] Fixed instances area within core: 205137.81 um^2
[INFO DPL-0009] Utilization: 50.1%
[INFO DPL-0005] Diamond search max displacement: +/- 500 sites horizontally, +/- 100 rows vertically.
[INFO DPL-1102] Legalizing using negotiation legalizer.
[INFO DPL-1103] Negotiation base search window: +/-20 sites horizontally, +/-5 rows vertically 
	Automatic search window extension enabled.
	Search window extendable up to the max displacement cap of +/-500 sites, +/-100 rows near walls.
[INFO DPL-1104] NegotiationLegalizer DRC penalty: 5.
[INFO DPL-0392] Negotiation cell height distribution (2 unique row-count(s)):
[INFO DPL-0393]   height 1 row(s): 4560 cells
[INFO DPL-0393]   height 108 row(s): 1 cells
          |      Total |  Illegal |  Illegal
Iteration | Violations |    Cells |    Sites
---------------------------------------------
        0 |        243 |        73 |       131
        1 |        110 |        38 |        66
        2 |         85 |        27 |        46
        3 |         97 |        31 |        54
        4 |         86 |        28 |        46
        5 |         93 |        31 |        50
        6 |         92 |        30 |        50
        7 |         83 |        29 |        48
        8 |         71 |        27 |        44
        9 |         75 |        27 |        48
       10 |         66 |        25 |        35
       20 |         43 |        19 |        24
       30 |         38 |        16 |        22
       40 |         39 |        15 |        24
       50 |         34 |        13 |        21
       60 |         18 |         8 |        10
       70 |         22 |         8 |        14
       80 |          6 |         2 |         4
       83 |          0 |         0 |         0
Negotiation phase 1 converged at iteration 83.
[INFO DPL-0500] Runtime: 0.31s
[INFO GRT-0015] Inserted 140 diodes.
[INFO GRT-0012] Found 8 antenna violations.
[INFO GRT-0302] Inserted 1 jumpers for 1 nets.
[INFO GRT-0012] Found 7 antenna violations.
[INFO DPL-0006] Core area: 421043.81 um^2
[INFO DPL-0007] Movable instances area: 6009.51 um^2
[INFO DPL-0008] Fixed instances area within core: 204972.65 um^2
[INFO DPL-0009] Utilization: 50.1%
[INFO DPL-0005] Diamond search max displacement: +/- 500 sites horizontally, +/- 100 rows vertically.
[INFO DPL-1102] Legalizing using negotiation legalizer.
[INFO DPL-1103] Negotiation base search window: +/-20 sites horizontally, +/-5 rows vertically 
	Automatic search window extension enabled.
	Search window extendable up to the max displacement cap of +/-500 sites, +/-100 rows near walls.
[INFO DPL-1104] NegotiationLegalizer DRC penalty: 5.
[INFO DPL-0392] Negotiation cell height distribution (2 unique row-count(s)):
[INFO DPL-0393]   height 1 row(s): 4609 cells
[INFO DPL-0393]   height 108 row(s): 1 cells
          |      Total |  Illegal |  Illegal
Iteration | Violations |    Cells |    Sites
---------------------------------------------
        0 |        230 |        60 |       110
        1 |        160 |        48 |        85
        2 |        160 |        46 |        90
        3 |        146 |        44 |        84
        4 |        133 |        41 |        83
        5 |        116 |        39 |        74
        6 |        122 |        45 |        77
        7 |        115 |        44 |        71
        8 |        109 |        42 |        67
        9 |        102 |        42 |        60
       10 |        113 |        44 |        69
       20 |         75 |        29 |        46
       30 |         53 |        21 |        32
       40 |         34 |        12 |        22
       50 |         18 |         6 |        12
       60 |         18 |         6 |        12
       70 |          6 |         2 |         4
       80 |          4 |         2 |         2
       87 |          4 |         2 |         2
[WARNING DPL-0700] Negotiation phase 1: violations stuck at 4 for 3 consecutive iterations.
Using old diamond search for 2 remaining illegal cells.
diamond recovery: recovered 1/2 stuck cells.
Negotiation phase 2: isolation point active, 1000 iterations.
      400 |          0 |         0 |         0
Negotiation phase 2 converged at iteration 0.
[INFO DPL-0500] Runtime: 0.29s
[INFO GRT-0015] Inserted 49 diodes.
[INFO ANT-0002] Found 8 net violations.
[INFO ANT-0001] Found 8 pin violations.
Estimate parasitics...
estimate_parasitics -global_routing
Report metrics stage 5, global route...

==========================================================================
global route report_design_area
--------------------------------------------------------------------------
Design area 210982 um^2 50% utilization.
[INFO FLW-0007] clock core_clk period 10.000000
[INFO FLW-0008] Clock core_clk period 6.801
[INFO FLW-0009] Clock core_clk slack 2.841
write_sdc -no_timestamp /work/campaigns/iscas_sustainability_extension/memory_compiler/gate3_attempt06_replacement_sram_backend_qualification/raw/openroad/work/results/sky130hd/attempt06_u0/base/updated_clks.sdc
[INFO FLW-0011] Path endpoint path count 1418
write_db /work/campaigns/iscas_sustainability_extension/memory_compiler/gate3_attempt06_replacement_sram_backend_qualification/raw/openroad/work/results/sky130hd/attempt06_u0/base/5_1_grt.odb
write_sdc -no_timestamp /work/campaigns/iscas_sustainability_extension/memory_compiler/gate3_attempt06_replacement_sram_backend_qualification/raw/openroad/work/results/sky130hd/attempt06_u0/base/5_1_grt.sdc
Elapsed time: 0:15.16[h:]min:sec. CPU time: user 21.69 sys 1.01 (149%). Peak memory: 303176KB.
Log                       Ext     Elapsed/s Peak Memory/MB sha1sum result [0:20)
5_1_grt                   .odb           15            296 b0f3303ab8e5e5c7a292
5_1_grt                   .sdc                             a42be0ef2c48d0e04fec
