
==========================================================================
global place report_tns
--------------------------------------------------------------------------
tns max 0.00

==========================================================================
global place report_wns
--------------------------------------------------------------------------
wns max 0.00

==========================================================================
global place report_worst_slack
--------------------------------------------------------------------------
worst slack max 5.28

==========================================================================
global place report_clock_min_period
--------------------------------------------------------------------------
core_clk period_min = 4.72 fmax = 211.71

==========================================================================
global place report_checks -path_delay min
--------------------------------------------------------------------------
Startpoint: rstb (input port clocked by core_clk)
Endpoint: u_data (rising edge-triggered flip-flop clocked by core_clk)
Path Group: core_clk
Path Type: min

Fanout     Cap    Slew   Delay    Time   Description
-----------------------------------------------------------------------------
                  0.00    0.00    0.00   clock core_clk (rise edge)
                          0.00    0.00   clock network delay (ideal)
                          0.50    0.50 v input external delay
     1    0.02    0.00    0.00    0.50 v rstb (in)
                                         rstb (net)
                  0.00    0.00    0.50 v input74/A (sky130_fd_sc_hd__buf_12)
     1    0.02    0.03    0.11    0.61 v input74/X (sky130_fd_sc_hd__buf_12)
                                         net74 (net)
                  0.03    0.00    0.61 v wire148/A (sky130_fd_sc_hd__buf_16)
     1    0.08    0.06    0.15    0.76 v wire148/X (sky130_fd_sc_hd__buf_16)
                                         net148 (net)
                  0.08    0.00    0.76 v u_data/rstb (sram22_256x64m4w8)
                                  0.76   data arrival time

                  0.00    0.00    0.00   clock core_clk (rise edge)
                          0.00    0.00   clock network delay (ideal)
                          0.10    0.10   clock uncertainty
                          0.00    0.10   clock reconvergence pessimism
                                  0.10 ^ u_data/clk (sram22_256x64m4w8)
                          4.87    4.97   library hold time
                                  4.97   data required time
-----------------------------------------------------------------------------
                                  4.97   data required time
                                 -0.76   data arrival time
-----------------------------------------------------------------------------
                                 -4.21   slack (VIOLATED)



==========================================================================
global place report_checks -path_delay max
--------------------------------------------------------------------------
Startpoint: u_data (rising edge-triggered flip-flop clocked by core_clk)
Endpoint: data_out[55] (output port clocked by core_clk)
Path Group: core_clk
Path Type: max

Fanout     Cap    Slew   Delay    Time   Description
-----------------------------------------------------------------------------
                  0.00    0.00    0.00   clock core_clk (rise edge)
                          0.00    0.00   clock network delay (ideal)
                  0.00    0.00    0.00 ^ u_data/clk (sram22_256x64m4w8)
     1    0.01    0.17    3.40    3.40 ^ u_data/dout[55] (sram22_256x64m4w8)
                                         net134 (net)
                  0.12    0.00    3.41 ^ output134/A (sky130_fd_sc_hd__clkdlybuf4s50_1)
     1    0.04    0.35    0.71    4.12 ^ output134/X (sky130_fd_sc_hd__clkdlybuf4s50_1)
                                         data_out[55] (net)
                  0.35    0.00    4.12 ^ data_out[55] (out)
                                  4.12   data arrival time

                  0.00   10.00   10.00   clock core_clk (rise edge)
                          0.00   10.00   clock network delay (ideal)
                         -0.10    9.90   clock uncertainty
                          0.00    9.90   clock reconvergence pessimism
                         -0.50    9.40   output external delay
                                  9.40   data required time
-----------------------------------------------------------------------------
                                  9.40   data required time
                                 -4.12   data arrival time
-----------------------------------------------------------------------------
                                  5.28   slack (MET)



==========================================================================
global place report_checks -unconstrained
--------------------------------------------------------------------------
Startpoint: u_data (rising edge-triggered flip-flop clocked by core_clk)
Endpoint: data_out[55] (output port clocked by core_clk)
Path Group: core_clk
Path Type: max

Fanout     Cap    Slew   Delay    Time   Description
-----------------------------------------------------------------------------
                  0.00    0.00    0.00   clock core_clk (rise edge)
                          0.00    0.00   clock network delay (ideal)
                  0.00    0.00    0.00 ^ u_data/clk (sram22_256x64m4w8)
     1    0.01    0.17    3.40    3.40 ^ u_data/dout[55] (sram22_256x64m4w8)
                                         net134 (net)
                  0.12    0.00    3.41 ^ output134/A (sky130_fd_sc_hd__clkdlybuf4s50_1)
     1    0.04    0.35    0.71    4.12 ^ output134/X (sky130_fd_sc_hd__clkdlybuf4s50_1)
                                         data_out[55] (net)
                  0.35    0.00    4.12 ^ data_out[55] (out)
                                  4.12   data arrival time

                  0.00   10.00   10.00   clock core_clk (rise edge)
                          0.00   10.00   clock network delay (ideal)
                         -0.10    9.90   clock uncertainty
                          0.00    9.90   clock reconvergence pessimism
                         -0.50    9.40   output external delay
                                  9.40   data required time
-----------------------------------------------------------------------------
                                  9.40   data required time
                                 -4.12   data arrival time
-----------------------------------------------------------------------------
                                  5.28   slack (MET)



==========================================================================
global place report_power
--------------------------------------------------------------------------
Group                  Internal  Switching    Leakage      Total
                          Power      Power      Power      Power (Watts)
----------------------------------------------------------------
Sequential             0.00e+00   0.00e+00   0.00e+00   0.00e+00   0.0%
Combinational          3.04e-05   3.45e-05   5.60e-10   6.49e-05   8.1%
Clock                  0.00e+00   0.00e+00   0.00e+00   0.00e+00   0.0%
Macro                  7.40e-04   0.00e+00   6.42e-07   7.40e-04  91.9%
Pad                    0.00e+00   0.00e+00   0.00e+00   0.00e+00   0.0%
----------------------------------------------------------------
Total                  7.70e-04   3.45e-05   6.43e-07   8.05e-04 100.0%
                          95.6%       4.3%       0.1%
