OpenROAD 26Q3-1080-gab6fd26351 
Features included (+) or not (-): +GPU +GUI +Python
This program is licensed under the BSD-3 license. See the LICENSE file for details.
Components of this program may be licensed under more restrictive licenses which must be honored.
[INFO ORD-0030] Using 16 thread(s).
read_liberty /OpenROAD-flow-scripts/flow/platforms/sky130hd/lib/sky130_fd_sc_hd__tt_025C_1v80.lib
read_db -hier /gate03e-run-02/results/sky130hd/gcd/base/3_2_place_iop.odb
[WARNING ORD-0012] Hierarchical flow (-hier) is currently in development and may cause multiple issues. Do not use in production environments.
read_sdc /gate03e-run-02/results/sky130hd/gcd/base/2_floorplan.sdc
source /OpenROAD-flow-scripts/flow/platforms/sky130hd/setRC.tcl
[INFO RSZ-0026] Removed 0 buffers.
Perform port buffering...
[INFO RSZ-0027] Inserted 35 sky130_fd_sc_hd__clkdlybuf4s50_1 input buffers.
[INFO RSZ-0028] Inserted 18 sky130_fd_sc_hd__clkdlybuf4s50_1 output buffers.
global_placement -density 0.6 -pad_left 0 -pad_right 0 -routability_driven -timing_driven -force_center_initial_place -min_phi_coef 0.95 -max_phi_coef 1.05
[INFO GPL-0001] ---- Initialize GPL Main Data Structures
[INFO GPL-0002] DBU: 1000
[INFO GPL-0003] SiteSize: (  0.460  2.720 ) um
[INFO GPL-0004] CoreBBox: (  1.380  2.720 ) ( 78.660 78.880 ) um
[INFO GPL-0016] Core area:                    5885.645 um^2
[INFO GPL-0036] Movable instances area:       3280.646 um^2
[INFO GPL-0037] Total instances area:         3374.486 um^2
[INFO GPL-0035] Pin density area adjust:       242.963 um^2
[INFO GPL-0032] ---- Initialize Region: Top-level
[INFO GPL-0006] Number of instances:               394
[INFO GPL-0007] Movable instances:                 319
[INFO GPL-0008] Fixed instances:                    75
[INFO GPL-0009] Dummy instances:                     0
[INFO GPL-0010] Number of nets:                    355
[INFO GPL-0011] Number of pins:                   1129
[INFO GPL-0012] Die BBox:       (  0.000  0.000 ) ( 80.025 80.025 ) um
[INFO GPL-0013] Placement BBox: (  1.380  2.720 ) ( 78.660 78.880 ) um
[INFO GPL-0014] Region name: top-level.
[INFO GPL-0015] Region area:                  5885.645 um^2
[INFO GPL-0017] Fixed instances area:           93.840 um^2
[INFO GPL-0018] Movable instances area:       3523.610 um^2
[INFO GPL-0019] Utilization:                    60.838 %
[INFO GPL-0020] Standard cells area:          3523.610 um^2
[INFO GPL-0021] Large instances area:            0.000 um^2
[INFO GPL-0005] ---- Execute Conjugate Gradient Initial Placement.
[INFO GPL-0051] Source of initial instance position counters:
	Odb location = 0	Core center = 319	Region center = 0
[InitialPlace]  Iter: 1 conjugate gradient residual: 0.00000010 HPWL: 6653538
[InitialPlace]  Iter: 2 conjugate gradient residual: 0.00000011 HPWL: 5477803
[InitialPlace]  Iter: 3 conjugate gradient residual: 0.00000011 HPWL: 5471363
[InitialPlace]  Iter: 4 conjugate gradient residual: 0.00000008 HPWL: 5486088
[InitialPlace]  Iter: 5 conjugate gradient residual: 0.00000011 HPWL: 5478857
[INFO GPL-0033] ---- Initialize Nesterov Region: Top-level
[WARNING GPL-0302] Target density 0.6000 is too low for the available free area.
Automatically adjusting to uniform density 0.6100.
[INFO GPL-0023] Placement target density:       0.6100
[INFO GPL-0024] Movable insts average area:     11.046 um^2
[INFO GPL-0025] Ideal bin area:                 18.108 um^2
[INFO GPL-0026] Ideal bin count:                   325
[INFO GPL-0027] Total bin area:               5885.645 um^2
[INFO GPL-0028] Bin count (X, Y):          16 ,     16
[INFO GPL-0029] Bin size (W * H):       4.830 *  4.760 um
[INFO GPL-0030] Number of bins:                    256
[INFO GPL-0084] ---- Execute Nesterov Global Placement.
[INFO GPL-0031] HPWL: Half-Perimeter Wirelength
Iteration | Overflow |     HPWL (um) |  HPWL(%) |   Penalty | Group
---------------------------------------------------------------
        0 |   0.7727 |  3.246542e+03 |   +0.00% |  3.77e-14 |      
[INFO GPL-0100] Timing-driven iteration 1/2, virtual: false.
[INFO GPL-0101]    Iter: 8, overflow: 0.630, keep resizer changes at: 1, HPWL: 3599608
Iteration |   Area    | Resized | Buffers | Nets repaired | Remaining
---------------------------------------------------------------------
        0 |     +0.0% |       0 |       0 |             0 |       357
    final |     +0.0% |       0 |       0 |             0 |         0
---------------------------------------------------------------------
   Iter   |    Area   | Removed | Inserted |   Pins
          |           | Buffers | Buffers  | Remaining
-------------------------------------------------------
        0 |     +0.0% |       0 |        0 |       316
       31 |     +0.0% |       0 |        0 |       285
       62 |     +1.9% |       0 |        5 |       254
       93 |     +2.5% |       0 |        8 |       223
      124 |     +3.2% |       0 |       11 |       192
      155 |     +5.0% |       0 |       19 |       161
      186 |     +7.0% |       0 |       28 |       130
      217 |     +8.5% |       0 |       33 |        99
      248 |    +11.3% |       0 |       46 |        68
      279 |    +16.9% |       0 |       71 |        37
      310 |    +17.8% |       0 |       75 |         6
    final |    +17.8% |       0 |       75 |         0
-------------------------------------------------------
[INFO GPL-0106] Timing-driven: worst slack -1.461075e-09
[INFO GPL-0107] Timing-driven: repair_design delta area: 600.576 um^2 (+17.04%)
[INFO GPL-0108] Timing-driven: repair_design, gpl delta gcells: 75 (+23.51%)
[INFO GPL-0109] Timing-driven: repair_design, gcells created: 75, deleted: 0
[INFO GPL-0110] Timing-driven: new target density: 0.71369416
Iteration | Overflow |     HPWL (um) |  HPWL(%) |   Penalty | Group
---------------------------------------------------------------
       10 |   0.6456 |  3.955067e+03 |  +21.82% |  6.15e-14 |      
       20 |   0.6428 |  3.966875e+03 |   +0.30% |  1.00e-13 |      
       30 |   0.6475 |  3.936589e+03 |   -0.76% |  1.63e-13 |      
       40 |   0.6476 |  3.935754e+03 |   -0.02% |  2.66e-13 |      
       50 |   0.6454 |  3.941916e+03 |   +0.16% |  4.33e-13 |      
       60 |   0.6431 |  3.945618e+03 |   +0.09% |  7.05e-13 |      
       70 |   0.6426 |  3.944361e+03 |   -0.03% |  1.15e-12 |      
       80 |   0.6431 |  3.943126e+03 |   -0.03% |  1.87e-12 |      
       90 |   0.6440 |  3.942877e+03 |   -0.01% |  3.05e-12 |      
      100 |   0.6444 |  3.943046e+03 |   +0.00% |  4.96e-12 |      
      110 |   0.6441 |  3.943161e+03 |   +0.00% |  8.08e-12 |      
      120 |   0.6435 |  3.943915e+03 |   +0.02% |  1.32e-11 |      
      130 |   0.6424 |  3.945853e+03 |   +0.05% |  2.14e-11 |      
      140 |   0.6404 |  3.949076e+03 |   +0.08% |  3.49e-11 |      
      150 |   0.6374 |  3.953658e+03 |   +0.12% |  5.69e-11 |      
      160 |   0.6333 |  3.960610e+03 |   +0.18% |  9.27e-11 |      
      170 |   0.6271 |  3.971178e+03 |   +0.27% |  1.51e-10 |      
      180 |   0.6183 |  3.987038e+03 |   +0.40% |  2.46e-10 |      
      190 |   0.6048 |  4.009459e+03 |   +0.56% |  4.01e-10 |      
[INFO GPL-0038] Routability snapshot saved at iter = 195
      194 |   0.5985 |  4.021106e+03 |          |           |      
      200 |   0.5875 |  4.041553e+03 |   +0.80% |  6.52e-10 |      
      210 |   0.5641 |  4.085152e+03 |   +1.08% |  1.06e-09 |      
      220 |   0.5373 |  4.143654e+03 |   +1.43% |  1.73e-09 |      
      230 |   0.4991 |  4.215251e+03 |   +1.73% |  2.82e-09 |      
      240 |   0.4533 |  4.290302e+03 |   +1.78% |  4.59e-09 |      
      250 |   0.4110 |  4.382614e+03 |   +2.15% |  7.48e-09 |      
      260 |   0.3587 |  4.477826e+03 |   +2.17% |  1.22e-08 |      
      270 |   0.3208 |  4.561928e+03 |   +1.88% |  1.87e-08 |      
[INFO GPL-0040] Routability iteration: 1
[INFO GPL-0041] Total routing overflow: 0.0313
[INFO GPL-0042] Number of overflowed tiles: 1 (0.83%)
[INFO GPL-0043] Average top 0.5% routing congestion: 1.0313
[INFO GPL-0044] Average top 1.0% routing congestion: 1.0123
[INFO GPL-0045] Average top 2.0% routing congestion: 1.0026
[INFO GPL-0046] Average top 5.0% routing congestion: 0.9492
[INFO GPL-0047] Routability iteration weighted routing congestion: 1.0218
[INFO GPL-0048] Routing congestion (1.0218) lower than previous minimum (1e+30). Updating minimum.
[INFO GPL-0086] Inflated area:                   6.078 um^2 (+0.15%)
[INFO GPL-0052] Placement target density:       0.7137
[INFO GPL-0076] Removing fillers, count: Before: 0, After: 0 (+0.00%)
[INFO GPL-0077] Filler area (um^2)     : Before: 9.392, After: 0.000 (-100.00%)
[INFO GPL-0078] Removed fillers count: 0, area removed: 0.000 um^2. Remaining area to be compensated by modifying density: 6.078 um^2
[INFO GPL-0058] White space area:             5791.805 um^2 (+0.00%)
[INFO GPL-0059] Movable instances area:       4133.577 um^2 (+0.00%)
[INFO GPL-0060] Total filler area:               0.000 um^2 (-100.00%)
[INFO GPL-0061] Total non-inflated area:      4130.264 um^2 (-0.08%)
[INFO GPL-0062] Total inflated area:          4136.342 um^2 (-0.08%)
[INFO GPL-0063] New Target Density:             0.7137
[INFO GPL-0087] Routability end iteration: increase inflation and revert back to snapshot.
Iteration | Overflow |     HPWL (um) |  HPWL(%) |   Penalty | Group
---------------------------------------------------------------
      280 |   0.5957 |  4.027532e+03 |  -11.71% |  5.31e-10 |      
      290 |   0.5771 |  4.060702e+03 |   +0.82% |  7.83e-10 |      
      300 |   0.5603 |  4.093111e+03 |   +0.80% |  1.15e-09 |      
      310 |   0.5387 |  4.141526e+03 |   +1.18% |  1.70e-09 |      
      320 |   0.5096 |  4.199148e+03 |   +1.39% |  2.50e-09 |      
      330 |   0.4728 |  4.255429e+03 |   +1.34% |  3.69e-09 |      
      340 |   0.4411 |  4.318536e+03 |   +1.48% |  5.43e-09 |      
      350 |   0.4019 |  4.398658e+03 |   +1.86% |  8.00e-09 |      
      360 |   0.3623 |  4.469397e+03 |   +1.61% |  1.18e-08 |      
      370 |   0.3305 |  4.539181e+03 |   +1.56% |  1.74e-08 |      
      380 |   0.2981 |  4.614612e+03 |   +1.66% |  2.56e-08 |      
[INFO GPL-0040] Routability iteration: 2
[INFO GPL-0041] Total routing overflow: 0.0249
[INFO GPL-0042] Number of overflowed tiles: 1 (0.83%)
[INFO GPL-0043] Average top 0.5% routing congestion: 1.0249
[INFO GPL-0044] Average top 1.0% routing congestion: 1.0106
[INFO GPL-0045] Average top 2.0% routing congestion: 1.0022
[INFO GPL-0046] Average top 5.0% routing congestion: 0.9500
[INFO GPL-0047] Routability iteration weighted routing congestion: 1.0178
[INFO GPL-0048] Routing congestion (1.0178) lower than previous minimum (1.022). Updating minimum.
[INFO GPL-0086] Inflated area:                   5.126 um^2 (+0.12%)
[INFO GPL-0052] Placement target density:       0.7137
[INFO GPL-0076] Removing fillers, count: Before: 0, After: 0 (+0.00%)
[INFO GPL-0077] Filler area (um^2)     : Before: 0.000, After: 0.000 (+0.00%)
[INFO GPL-0078] Removed fillers count: 0, area removed: 0.000 um^2. Remaining area to be compensated by modifying density: 5.126 um^2
[INFO GPL-0058] White space area:             5791.805 um^2 (+0.00%)
[INFO GPL-0059] Movable instances area:       4133.577 um^2 (+0.00%)
[INFO GPL-0060] Total filler area:               0.000 um^2 (+0.00%)
[INFO GPL-0061] Total non-inflated area:      4135.390 um^2 (+0.12%)
[INFO GPL-0062] Total inflated area:          4140.515 um^2 (+0.12%)
[INFO GPL-0063] New Target Density:             0.7137
[INFO GPL-0087] Routability end iteration: increase inflation and revert back to snapshot.
Iteration | Overflow |     HPWL (um) |  HPWL(%) |   Penalty | Group
---------------------------------------------------------------
      390 |   0.5809 |  4.055163e+03 |  -12.12% |  7.24e-10 |      
      400 |   0.5640 |  4.086980e+03 |   +0.78% |  1.07e-09 |      
      410 |   0.5447 |  4.131111e+03 |   +1.08% |  1.57e-09 |      
      420 |   0.5165 |  4.188870e+03 |   +1.40% |  2.32e-09 |      
      430 |   0.4804 |  4.245638e+03 |   +1.36% |  3.41e-09 |      
      440 |   0.4477 |  4.305360e+03 |   +1.41% |  5.03e-09 |      
      450 |   0.4105 |  4.384412e+03 |   +1.84% |  7.40e-09 |      
      460 |   0.3709 |  4.458301e+03 |   +1.69% |  1.09e-08 |      
      470 |   0.3379 |  4.526841e+03 |   +1.54% |  1.61e-08 |      
      480 |   0.3049 |  4.602160e+03 |   +1.66% |  2.37e-08 |      
[INFO GPL-0040] Routability iteration: 3
[INFO GPL-0041] Total routing overflow: 0.0238
[INFO GPL-0042] Number of overflowed tiles: 1 (0.83%)
[INFO GPL-0043] Average top 0.5% routing congestion: 1.0238
[INFO GPL-0044] Average top 1.0% routing congestion: 1.0067
[INFO GPL-0045] Average top 2.0% routing congestion: 0.9992
[INFO GPL-0046] Average top 5.0% routing congestion: 0.9488
[INFO GPL-0047] Routability iteration weighted routing congestion: 1.0153
[INFO GPL-0048] Routing congestion (1.0153) lower than previous minimum (1.018). Updating minimum.
[INFO GPL-0086] Inflated area:                   4.588 um^2 (+0.11%)
[INFO GPL-0052] Placement target density:       0.7137
[INFO GPL-0076] Removing fillers, count: Before: 0, After: 0 (+0.00%)
[INFO GPL-0077] Filler area (um^2)     : Before: 0.000, After: 0.000 (+0.00%)
[INFO GPL-0078] Removed fillers count: 0, area removed: 0.000 um^2. Remaining area to be compensated by modifying density: 4.588 um^2
[INFO GPL-0058] White space area:             5791.805 um^2 (+0.00%)
[INFO GPL-0059] Movable instances area:       4133.577 um^2 (+0.00%)
[INFO GPL-0060] Total filler area:               0.000 um^2 (+0.00%)
[INFO GPL-0061] Total non-inflated area:      4139.977 um^2 (+0.11%)
[INFO GPL-0062] Total inflated area:          4144.565 um^2 (+0.11%)
[INFO GPL-0063] New Target Density:             0.7137
[INFO GPL-0087] Routability end iteration: increase inflation and revert back to snapshot.
Iteration | Overflow |     HPWL (um) |  HPWL(%) |   Penalty | Group
---------------------------------------------------------------
      490 |   0.5849 |  4.048876e+03 |  -12.02% |  6.70e-10 |      
      500 |   0.5675 |  4.081355e+03 |   +0.80% |  9.88e-10 |      
      510 |   0.5501 |  4.121225e+03 |   +0.98% |  1.45e-09 |      
      520 |   0.5227 |  4.178208e+03 |   +1.38% |  2.14e-09 |      
      530 |   0.4876 |  4.235746e+03 |   +1.38% |  3.16e-09 |      
      540 |   0.4538 |  4.293250e+03 |   +1.36% |  4.65e-09 |      
      550 |   0.4190 |  4.369615e+03 |   +1.78% |  6.85e-09 |      
      560 |   0.3793 |  4.446002e+03 |   +1.75% |  1.01e-08 |      
      570 |   0.3448 |  4.514288e+03 |   +1.54% |  1.49e-08 |      
      580 |   0.3121 |  4.588678e+03 |   +1.65% |  2.19e-08 |      
[INFO GPL-0040] Routability iteration: 4
[INFO GPL-0041] Total routing overflow: 0.0227
[INFO GPL-0042] Number of overflowed tiles: 1 (0.83%)
[INFO GPL-0043] Average top 0.5% routing congestion: 1.0227
[INFO GPL-0044] Average top 1.0% routing congestion: 1.0057
[INFO GPL-0045] Average top 2.0% routing congestion: 0.9983
[INFO GPL-0046] Average top 5.0% routing congestion: 0.9484
[INFO GPL-0047] Routability iteration weighted routing congestion: 1.0142
[INFO GPL-0048] Routing congestion (1.0142) lower than previous minimum (1.015). Updating minimum.
[INFO GPL-0086] Inflated area:                   4.559 um^2 (+0.11%)
[INFO GPL-0052] Placement target density:       0.7137
[INFO GPL-0076] Removing fillers, count: Before: 0, After: 0 (+0.00%)
[INFO GPL-0077] Filler area (um^2)     : Before: 0.000, After: 0.000 (+0.00%)
[INFO GPL-0078] Removed fillers count: 0, area removed: 0.000 um^2. Remaining area to be compensated by modifying density: 4.559 um^2
[INFO GPL-0058] White space area:             5791.805 um^2 (+0.00%)
[INFO GPL-0059] Movable instances area:       4133.577 um^2 (+0.00%)
[INFO GPL-0060] Total filler area:               0.000 um^2 (+0.00%)
[INFO GPL-0061] Total non-inflated area:      4144.536 um^2 (+0.11%)
[INFO GPL-0062] Total inflated area:          4149.095 um^2 (+0.11%)
[INFO GPL-0063] New Target Density:             0.7137
[INFO GPL-0087] Routability end iteration: increase inflation and revert back to snapshot.
Iteration | Overflow |     HPWL (um) |  HPWL(%) |   Penalty | Group
---------------------------------------------------------------
      590 |   0.5896 |  4.042069e+03 |  -11.91% |  6.20e-10 |      
      600 |   0.5710 |  4.075968e+03 |   +0.84% |  9.14e-10 |      
      610 |   0.5544 |  4.112334e+03 |   +0.89% |  1.35e-09 |      
      620 |   0.5286 |  4.167200e+03 |   +1.33% |  1.98e-09 |      
      630 |   0.4953 |  4.225553e+03 |   +1.40% |  2.92e-09 |      
      640 |   0.4598 |  4.282138e+03 |   +1.34% |  4.30e-09 |      
      650 |   0.4277 |  4.354237e+03 |   +1.68% |  6.34e-09 |      
      660 |   0.3868 |  4.433276e+03 |   +1.82% |  9.34e-09 |      
      670 |   0.3515 |  4.501829e+03 |   +1.55% |  1.38e-08 |      
      680 |   0.3187 |  4.575589e+03 |   +1.64% |  2.03e-08 |      
[INFO GPL-0040] Routability iteration: 5
[INFO GPL-0041] Total routing overflow: 0.0215
[INFO GPL-0042] Number of overflowed tiles: 1 (0.83%)
[INFO GPL-0043] Average top 0.5% routing congestion: 1.0215
[INFO GPL-0044] Average top 1.0% routing congestion: 1.0048
[INFO GPL-0045] Average top 2.0% routing congestion: 0.9974
[INFO GPL-0046] Average top 5.0% routing congestion: 0.9480
[INFO GPL-0047] Routability iteration weighted routing congestion: 1.0131
[INFO GPL-0048] Routing congestion (1.0131) lower than previous minimum (1.014). Updating minimum.
[INFO GPL-0086] Inflated area:                   4.521 um^2 (+0.11%)
[INFO GPL-0052] Placement target density:       0.7137
[INFO GPL-0076] Removing fillers, count: Before: 0, After: 0 (+0.00%)
[INFO GPL-0077] Filler area (um^2)     : Before: 0.000, After: 0.000 (+0.00%)
[INFO GPL-0078] Removed fillers count: 0, area removed: 0.000 um^2. Remaining area to be compensated by modifying density: 4.521 um^2
[INFO GPL-0058] White space area:             5791.805 um^2 (+0.00%)
[INFO GPL-0059] Movable instances area:       4133.577 um^2 (+0.00%)
[INFO GPL-0060] Total filler area:               0.000 um^2 (+0.00%)
[INFO GPL-0061] Total non-inflated area:      4149.056 um^2 (+0.11%)
[INFO GPL-0062] Total inflated area:          4153.577 um^2 (+0.11%)
[INFO GPL-0063] New Target Density:             0.7137
[INFO GPL-0087] Routability end iteration: increase inflation and revert back to snapshot.
Iteration | Overflow |     HPWL (um) |  HPWL(%) |   Penalty | Group
---------------------------------------------------------------
      690 |   0.5939 |  4.034849e+03 |  -11.82% |  5.74e-10 |      
      700 |   0.5745 |  4.070603e+03 |   +0.89% |  8.46e-10 |      
      710 |   0.5581 |  4.104564e+03 |   +0.83% |  1.25e-09 |      
      720 |   0.5346 |  4.156182e+03 |   +1.26% |  1.84e-09 |      
      730 |   0.5030 |  4.215054e+03 |   +1.42% |  2.70e-09 |      
      740 |   0.4665 |  4.271738e+03 |   +1.34% |  3.98e-09 |      
      750 |   0.4356 |  4.339172e+03 |   +1.58% |  5.87e-09 |      
      760 |   0.3943 |  4.419877e+03 |   +1.86% |  8.64e-09 |      
      770 |   0.3579 |  4.489729e+03 |   +1.58% |  1.27e-08 |      
      780 |   0.3253 |  4.562929e+03 |   +1.63% |  1.88e-08 |      
[INFO GPL-0040] Routability iteration: 6
[INFO GPL-0041] Total routing overflow: 0.0203
[INFO GPL-0042] Number of overflowed tiles: 1 (0.83%)
[INFO GPL-0043] Average top 0.5% routing congestion: 1.0203
[INFO GPL-0044] Average top 1.0% routing congestion: 1.0039
[INFO GPL-0045] Average top 2.0% routing congestion: 0.9966
[INFO GPL-0046] Average top 5.0% routing congestion: 0.9475
[INFO GPL-0047] Routability iteration weighted routing congestion: 1.0121
[INFO GPL-0048] Routing congestion (1.0121) lower than previous minimum (1.013). Updating minimum.
[INFO GPL-0086] Inflated area:                   4.031 um^2 (+0.10%)
[INFO GPL-0052] Placement target density:       0.7137
[INFO GPL-0076] Removing fillers, count: Before: 0, After: 0 (+0.00%)
[INFO GPL-0077] Filler area (um^2)     : Before: 0.000, After: 0.000 (+0.00%)
[INFO GPL-0078] Removed fillers count: 0, area removed: 0.000 um^2. Remaining area to be compensated by modifying density: 4.031 um^2
[INFO GPL-0058] White space area:             5791.805 um^2 (+0.00%)
[INFO GPL-0059] Movable instances area:       4133.577 um^2 (+0.00%)
[INFO GPL-0060] Total filler area:               0.000 um^2 (+0.00%)
[INFO GPL-0061] Total non-inflated area:      4153.088 um^2 (+0.10%)
[INFO GPL-0062] Total inflated area:          4157.119 um^2 (+0.10%)
[INFO GPL-0063] New Target Density:             0.7137
[INFO GPL-0087] Routability end iteration: increase inflation and revert back to snapshot.
Iteration | Overflow |     HPWL (um) |  HPWL(%) |   Penalty | Group
---------------------------------------------------------------
      790 |   0.5979 |  4.027596e+03 |  -11.73% |  5.31e-10 |      
      800 |   0.5784 |  4.064638e+03 |   +0.92% |  7.83e-10 |      
      810 |   0.5615 |  4.097753e+03 |   +0.81% |  1.15e-09 |      
      820 |   0.5402 |  4.145218e+03 |   +1.16% |  1.70e-09 |      
      830 |   0.5109 |  4.204237e+03 |   +1.42% |  2.50e-09 |      
      840 |   0.4740 |  4.261497e+03 |   +1.36% |  3.69e-09 |      
      850 |   0.4425 |  4.324960e+03 |   +1.49% |  5.43e-09 |      
      860 |   0.4029 |  4.405509e+03 |   +1.86% |  8.00e-09 |      
      870 |   0.3644 |  4.478015e+03 |   +1.65% |  1.18e-08 |      
      880 |   0.3325 |  4.549958e+03 |   +1.61% |  1.74e-08 |      
      890 |   0.3001 |  4.624852e+03 |   +1.65% |  2.56e-08 |      
[INFO GPL-0040] Routability iteration: 7
[INFO GPL-0041] Total routing overflow: 0.0177
[INFO GPL-0042] Number of overflowed tiles: 1 (0.83%)
[INFO GPL-0043] Average top 0.5% routing congestion: 1.0177
[INFO GPL-0044] Average top 1.0% routing congestion: 0.9991
[INFO GPL-0045] Average top 2.0% routing congestion: 0.9928
[INFO GPL-0046] Average top 5.0% routing congestion: 0.9451
[INFO GPL-0047] Routability iteration weighted routing congestion: 1.0084
[INFO GPL-0050] Weighted routing congestion is lower than target routing congestion(1.0100), end routability optimization.
[INFO GPL-0090] Routability finished. Target routing congestion achieved succesfully.
Iteration | Overflow |     HPWL (um) |  HPWL(%) |   Penalty | Group
---------------------------------------------------------------
      900 |   0.2691 |  4.690466e+03 |   +1.42% |  3.77e-08 |      
      910 |   0.2427 |  4.760960e+03 |   +1.50% |  5.55e-08 |      
      920 |   0.2199 |  4.829219e+03 |   +1.43% |  8.18e-08 |      
      930 |   0.1948 |  4.883384e+03 |   +1.12% |  1.20e-07 |      
[INFO GPL-0100] Timing-driven iteration 2/2, virtual: false.
[INFO GPL-0101]    Iter: 931, overflow: 0.195, keep resizer changes at: 1, HPWL: 4883384
Iteration |   Area    | Resized | Buffers | Nets repaired | Remaining
---------------------------------------------------------------------
        0 |     +0.0% |       0 |       0 |             0 |       432
    final |     +0.0% |       0 |       0 |             0 |         0
---------------------------------------------------------------------
   Iter   |    Area   | Removed | Inserted |   Pins
          |           | Buffers | Buffers  | Remaining
-------------------------------------------------------
        0 |     +0.0% |       0 |        0 |       316
       31 |     +0.0% |       0 |        0 |       285
       62 |     +0.7% |       5 |        7 |       254
       93 |     +1.1% |       8 |       12 |       223
      124 |     +1.4% |      11 |       17 |       192
      155 |     +1.4% |      19 |       25 |       161
      186 |     +1.8% |      28 |       36 |       130
      217 |     +1.9% |      33 |       43 |        99
      248 |     +1.9% |      46 |       56 |        68
      279 |     +1.9% |      71 |       81 |        37
      310 |     +2.4% |      75 |       86 |         6
    final |     +2.4% |      75 |       86 |         0
-------------------------------------------------------
[INFO GPL-0106] Timing-driven: worst slack -1.483401e-09
[INFO GPL-0107] Timing-driven: repair_design delta area: 90.549 um^2 (+2.18%)
[INFO GPL-0108] Timing-driven: repair_design, gpl delta gcells: 11 (+2.79%)
[INFO GPL-0109] Timing-driven: repair_design, gcells created: 86, deleted: 75
[INFO GPL-0110] Timing-driven: new target density: 0.73269665
Iteration | Overflow |     HPWL (um) |  HPWL(%) |   Penalty | Group
---------------------------------------------------------------
      940 |   0.1843 |  5.126118e+03 |   +4.97% |  1.77e-07 |      
      950 |   0.1619 |  5.109696e+03 |   -0.32% |  2.61e-07 |      
      960 |   0.1377 |  5.167072e+03 |   +1.12% |  3.85e-07 |      
      970 |   0.1204 |  5.180614e+03 |   +0.26% |  5.67e-07 |      
      980 |   0.1026 |  5.208710e+03 |   +0.54% |  8.36e-07 |      
      982 |   0.0998 |  5.213710e+03 |          |  9.39e-07 |      
---------------------------------------------------------------
[INFO GPL-1001] Global placement finished at iteration 982
[INFO GPL-1017] Routability mode iteration count: 690
[INFO GPL-1005] Routability final weighted congestion: 0.9670
[INFO GPL-1002] Placed Cell Area             4243.6364
[INFO GPL-1003] Available Free Area          5791.8048
[INFO GPL-1004] Minimum Feasible Density        0.6100 (cell_area / free_area)
[INFO GPL-1006]   Suggested Target Densities:
[INFO GPL-1007]     - For 90% usage of free space: 0.8141
[INFO GPL-1008]     - For 80% usage of free space: 0.9159
[INFO GPL-1011] Original area (um^2): 3523.61
[INFO GPL-1012] Total routability artificial inflation: 28.90 (+0.82%)
[INFO GPL-1013] Total timing-driven delta area: 691.12 (+19.61%)
[INFO GPL-1014] Final placement area: 4243.64 (+20.43%)
estimate_parasitics -placement
Report metrics stage 3, global place...

==========================================================================
global place report_design_area
--------------------------------------------------------------------------
Design area 4070 um^2 69% utilization.
write_db /gate03e-run-02/results/sky130hd/gcd/base/3_3_place_gp.odb
Elapsed time: 0:02.72[h:]min:sec. CPU time: user 16.67 sys 0.89 (644%). Peak memory: 246540KB.
Log                       Ext     Elapsed/s Peak Memory/MB sha1sum result [0:20)
3_3_place_gp              .odb            2            240 4af246a707437045817d
