vcd           142
unannotated  3126
Unannotated pins:
 ANTENNA_1/DIODE
 ANTENNA_10/DIODE
 ANTENNA_11/DIODE
 ANTENNA_12/DIODE
 ANTENNA_13/DIODE
 ANTENNA_14/DIODE
 ANTENNA_15/DIODE
 ANTENNA_16/DIODE
 ANTENNA_17/DIODE
 ANTENNA_18/DIODE
 ANTENNA_19/DIODE
 ANTENNA_2/DIODE
 ANTENNA_20/DIODE
 ANTENNA_21/DIODE
 ANTENNA_22/DIODE
 ANTENNA_23/DIODE
 ANTENNA_24/DIODE
 ANTENNA_25/DIODE
 ANTENNA_26/DIODE
 ANTENNA_27/DIODE
 ANTENNA_28/DIODE
 ANTENNA_29/DIODE
 ANTENNA_3/DIODE
 ANTENNA_4/DIODE
 ANTENNA_5/DIODE
 ANTENNA_6/DIODE
 ANTENNA_7/DIODE
 ANTENNA_8/DIODE
 ANTENNA_9/DIODE
 _458_/A
 _458_/B
 _458_/Y
 _459_/A
 _459_/B
 _459_/Y
 _460_/A
 _460_/B
 _460_/Y
 _461_/A
 _461_/B
 _461_/Y
 _462_/A
 _462_/B
 _462_/Y
 _463_/A
 _463_/B
 _463_/Y
 _464_/A
 _464_/B
 _464_/Y
 _465_/A
 _465_/B
 _465_/Y
 _466_/A
 _466_/B
 _466_/Y
 _467_/A
 _467_/B
 _467_/Y
 _468_/A
 _468_/B
 _468_/Y
 _469_/A
 _469_/B
 _469_/Y
 _470_/A
 _470_/B
 _470_/X
 _471_/A
 _471_/B
 _471_/C
 _471_/X
 _472_/A
 _472_/B
 _472_/Y
 _473_/A
 _473_/B
 _473_/Y
 _474_/A
 _474_/B
 _474_/C
 _474_/X
 _475_/A
 _475_/B
 _475_/Y
 _476_/A
 _476_/B
 _476_/Y
 _477_/A
 _477_/B
 _477_/C
 _477_/X
 _478_/A
 _478_/B
 _478_/X
 _479_/A
 _479_/B
 _479_/C
 _479_/X
 _480_/A
 _480_/B
 _480_/C
 _480_/X
 _481_/A
 _481_/B
 _481_/C
 _481_/X
 _482_/A
 _482_/B
 _482_/Y
 _483_/A
 _483_/B
 _483_/Y
 _484_/A
 _484_/B
 _484_/C
 _484_/X
 _485_/A
 _485_/B
 _485_/Y
 _486_/A
 _486_/B
 _486_/Y
 _487_/A
 _487_/B
 _487_/Y
 _488_/A
 _488_/B
 _488_/X
 _489_/A
 _489_/B
 _489_/Y
 _490_/A
 _490_/B
 _490_/Y
 _491_/A
 _491_/B
 _491_/C
 _491_/X
 _492_/A
 _492_/B
 _492_/Y
 _493_/A
 _493_/B
 _493_/Y
 _494_/A
 _494_/B
 _494_/C
 _494_/X
 _495_/A
 _495_/B
 _495_/C
 _495_/X
 _496_/A
 _496_/B
 _496_/C
 _496_/X
 _497_/A
 _497_/B
 _497_/Y
 _498_/A
 _498_/B
 _498_/Y
 _499_/A
 _499_/B
 _499_/Y
 _500_/A
 _500_/B
 _500_/C
 _500_/X
 _501_/A
 _501_/B
 _501_/X
 _503_/A
 _503_/B
 _503_/Y
 _504_/A
 _504_/B
 _504_/X
 _505_/A
 _505_/B
 _505_/Y
 _506_/A
 _506_/B
 _506_/Y
 _507_/A
 _507_/B
 _507_/Y
 _508_/A
 _508_/B
 _508_/Y
 _509_/A
 _509_/B
 _509_/C
 _509_/X
 _510_/A
 _510_/B
 _510_/C
 _510_/X
 _511_/A
 _511_/B
 _511_/X
 _512_/A
 _512_/B
 _512_/Y
 _513_/A
 _513_/B
 _513_/Y
 _514_/A
 _514_/B
 _514_/Y
 _515_/A
 _515_/B
 _515_/Y
 _516_/A
 _516_/B
 _516_/C
 _516_/X
 _517_/A
 _517_/B
 _517_/Y
 _518_/A
 _518_/B
 _518_/C
 _518_/X
 _519_/A
 _519_/B
 _519_/C
 _519_/X
 _522_/A
 _522_/B
 _522_/Y
 _523_/A
 _523_/B
 _523_/X
 _524_/A
 _524_/B
 _524_/Y
 _525_/A
 _525_/B
 _525_/C
 _525_/X
 _526_/A
 _526_/B
 _526_/Y
 _527_/A
 _527_/B
 _527_/Y
 _528_/A
 _528_/B
 _528_/C
 _528_/X
 _529_/A
 _529_/B
 _529_/Y
 _530_/A
 _530_/B
 _530_/Y
 _531_/A
 _531_/B
 _531_/C
 _531_/X
 _532_/A
 _532_/B
 _532_/C
 _532_/X
 _533_/A
 _533_/B
 _533_/X
 _535_/A
 _535_/B
 _535_/Y
 _536_/A
 _536_/B
 _536_/Y
 _537_/A
 _537_/B
 _537_/Y
 _538_/A
 _538_/B
 _538_/Y
 _539_/A
 _539_/B
 _539_/C
 _539_/X
 _540_/A
 _540_/B
 _540_/X
 _541_/A
 _541_/B
 _541_/C
 _541_/X
 _542_/A
 _542_/B
 _542_/X
 _543_/A
 _543_/B
 _543_/Y
 _544_/A
 _544_/B
 _544_/Y
 _545_/A
 _545_/B
 _545_/Y
 _546_/A
 _546_/B
 _546_/Y
 _547_/A
 _547_/B
 _547_/Y
 _548_/A
 _548_/B
 _548_/Y
 _549_/A
 _549_/B
 _549_/C
 _549_/X
 _551_/A
 _551_/B
 _551_/Y
 _552_/A
 _552_/B
 _552_/Y
 _553_/A
 _553_/B
 _553_/C
 _553_/X
 _554_/A
 _554_/B
 _554_/X
 _555_/A
 _555_/B
 _555_/X
 _556_/A
 _556_/B
 _556_/Y
 _557_/A
 _557_/B
 _557_/Y
 _558_/A
 _558_/B
 _558_/Y
 _559_/A
 _559_/B
 _559_/Y
 _560_/A
 _560_/B
 _560_/Y
 _561_/A
 _561_/B
 _561_/Y
 _562_/A
 _562_/B
 _562_/Y
 _563_/A
 _563_/B
 _563_/Y
 _564_/A
 _564_/B
 _564_/C
 _564_/X
 _566_/A
 _566_/B
 _566_/C
 _566_/X
 _567_/A
 _567_/B
 _567_/Y
 _568_/A
 _568_/B
 _568_/X
 _569_/A
 _569_/B
 _569_/C
 _569_/X
 _570_/A
 _570_/B
 _570_/C
 _570_/X
 _571_/A
 _571_/B
 _571_/Y
 _572_/A
 _572_/B
 _572_/Y
 _573_/A
 _573_/B
 _573_/Y
 _574_/A
 _574_/B
 _574_/C
 _574_/X
 _575_/A
 _575_/B
 _575_/Y
 _577_/A
 _577_/B
 _577_/Y
 _578_/A
 _578_/B
 _578_/Y
 _579_/A
 _579_/B
 _579_/Y
 _580_/A
 _580_/B
 _580_/C
 _580_/X
 _581_/A
 _581_/B
 _581_/C
 _581_/X
 _582_/A
 _582_/B
 _582_/X
 _583_/A
 _583_/B
 _583_/C
 _583_/D
 _583_/Y
 _584_/A
 _584_/B
 _584_/Y
 _585_/A
 _585_/B
 _585_/Y
 _587_/A
 _587_/B
 _587_/Y
 _589_/A
 _589_/B
 _589_/Y
 _590_/A_N
 _590_/B
 _590_/Y
 _591_/A
 _591_/B
 _591_/Y
 _592_/A
 _592_/B
 _592_/Y
 _593_/A
 _593_/B
 _593_/Y
 _594_/A
 _594_/B
 _594_/C
 _594_/X
 _595_/A
 _595_/B
 _595_/C
 _595_/X
 _596_/A
 _596_/B
 _596_/X
 _597_/A
 _597_/B
 _597_/Y
 _598_/A
 _598_/B
 _598_/C
 _598_/D
 _598_/Y
 _599_/A
 _599_/B
 _599_/Y
 _600_/A
 _600_/B
 _600_/Y
 _601_/A
 _601_/B
 _601_/Y
 _602_/A
 _602_/B
 _602_/C
 _602_/D
 _602_/Y
 _604_/A
 _604_/B
 _604_/Y
 _605_/A
 _605_/B
 _605_/Y
 _606_/A
 _606_/B
 _606_/Y
 _607_/A
 _607_/B
 _607_/C
 _607_/D
 _607_/Y
 _609_/A
 _609_/B
 _609_/C
 _609_/D
 _609_/Y
 _610_/A
 _610_/B
 _610_/Y
 _611_/A
 _611_/B
 _611_/Y
 _612_/A
 _612_/B
 _612_/C
 _612_/Y
 _613_/A
 _613_/B
 _613_/Y
 _614_/A
 _614_/B
 _614_/Y
 _615_/A
 _615_/B
 _615_/Y
 _616_/A
 _616_/B
 _616_/Y
 _617_/A
 _617_/B
 _617_/Y
 _618_/A
 _618_/B
 _618_/Y
 _619_/A
 _619_/B
 _619_/C
 _619_/Y
 _620_/A
 _620_/B
 _620_/Y
 _621_/A
 _621_/B
 _621_/Y
 _623_/A
 _623_/B
 _623_/C
 _623_/D
 _623_/Y
 _624_/A
 _624_/B
 _624_/Y
 _625_/A
 _625_/B
 _625_/Y
 _626_/A
 _626_/B
 _626_/C
 _626_/X
 _627_/A
 _627_/B
 _627_/C
 _627_/D
 _627_/Y
 _628_/A
 _628_/B
 _628_/Y
 _629_/A
 _629_/B
 _629_/Y
 _630_/A
 _630_/B
 _630_/C
 _630_/Y
 _631_/A
 _631_/B
 _631_/Y
 _632_/A
 _632_/B
 _632_/C
 _632_/Y
 _633_/A
 _633_/B
 _633_/Y
 _634_/A
 _634_/B
 _634_/Y
 _637_/A
 _637_/B
 _637_/Y
 _638_/A
 _638_/B
 _638_/Y
 _639_/A
 _639_/B
 _639_/C
 _639_/D
 _639_/Y
 _640_/A
 _640_/B
 _640_/Y
 _641_/A
 _641_/B
 _641_/Y
 _642_/A
 _642_/B
 _642_/C
 _642_/Y
 _643_/A
 _643_/B
 _643_/Y
 _644_/A
 _644_/B
 _644_/Y
 _645_/A
 _645_/B
 _645_/Y
 _646_/A
 _646_/B
 _646_/Y
 _647_/A
 _647_/B
 _647_/Y
 _648_/A
 _648_/B
 _648_/Y
 _649_/A
 _649_/B
 _649_/Y
 _650_/A
 _650_/B
 _650_/Y
 _651_/A
 _651_/B
 _651_/Y
 _652_/A
 _652_/B
 _652_/Y
 _653_/A
 _653_/B
 _653_/Y
 _654_/A
 _654_/B
 _654_/Y
 _656_/A
 _656_/B
 _656_/Y
 _657_/A
 _657_/B
 _657_/C
 _657_/Y
 _658_/A
 _658_/B
 _658_/Y
 _659_/A
 _659_/B
 _659_/Y
 _660_/A
 _660_/B
 _660_/Y
 _661_/A
 _661_/B
 _661_/Y
 _662_/A
 _662_/B
 _662_/Y
 _663_/A
 _663_/B
 _663_/Y
 _664_/A
 _664_/B
 _664_/Y
 _665_/A
 _665_/B
 _665_/Y
 _667_/A
 _667_/B
 _667_/C
 _667_/D
 _667_/Y
 _668_/A
 _668_/B
 _668_/Y
 _669_/A
 _669_/B
 _669_/Y
 _670_/A
 _670_/B
 _670_/C
 _670_/D
 _670_/Y
 _671_/A
 _671_/B
 _671_/Y
 _672_/A
 _672_/B
 _672_/Y
 _673_/A
 _673_/B
 _673_/Y
 _674_/A
 _674_/B
 _674_/Y
 _675_/A
 _675_/B
 _675_/C
 _675_/D
 _675_/Y
 _676_/A
 _676_/B
 _676_/C
 _676_/X
 _677_/A
 _677_/B
 _677_/X
 _678_/A
 _678_/B
 _678_/X
 _679_/A
 _679_/B
 _679_/C
 _679_/X
 _680_/A
 _680_/B
 _680_/X
 _681_/A
 _681_/B
 _681_/Y
 _682_/A
 _682_/B
 _682_/Y
 _683_/A
 _683_/B
 _683_/C
 _683_/D
 _683_/Y
 _684_/A
 _684_/B
 _684_/Y
 _685_/A
 _685_/B
 _685_/Y
 _686_/A
 _686_/B
 _686_/C
 _686_/Y
 _687_/A
 _687_/B
 _687_/Y
 _688_/A
 _688_/B
 _688_/Y
 _689_/A
 _689_/B
 _689_/Y
 _690_/A
 _690_/B
 _690_/Y
 _691_/A
 _691_/B
 _691_/Y
 _692_/A
 _692_/B
 _692_/Y
 _693_/A
 _693_/B
 _693_/Y
 _694_/A
 _694_/B
 _694_/Y
 _695_/A
 _695_/B
 _695_/Y
 _696_/A
 _696_/B
 _696_/Y
 _697_/A
 _697_/B
 _697_/Y
 _698_/A
 _698_/B
 _698_/C
 _698_/D
 _698_/Y
 _700_/A
 _700_/B
 _700_/Y
 _701_/A
 _701_/B
 _701_/Y
 _702_/A
 _702_/B
 _702_/Y
 _703_/A
 _703_/B
 _703_/Y
 _704_/A
 _704_/B
 _704_/X
 _705_/A
 _705_/B
 _705_/X
 _706_/A
 _706_/B
 _706_/Y
 _707_/A
 _707_/B
 _707_/Y
 _708_/A
 _708_/B
 _708_/Y
 _709_/A
 _709_/B
 _709_/Y
 _710_/A
 _710_/B
 _710_/Y
 _711_/A
 _711_/B
 _711_/Y
 _712_/A
 _712_/B
 _712_/Y
 _713_/A
 _713_/B
 _713_/Y
 _714_/A
 _714_/B
 _714_/Y
 _715_/A
 _715_/B
 _715_/Y
 _716_/A
 _716_/B
 _716_/C
 _716_/Y
 _717_/A
 _717_/B
 _717_/Y
 _718_/A
 _718_/B
 _718_/Y
 _719_/A
 _719_/B
 _719_/Y
 _720_/A
 _720_/B
 _720_/Y
 _721_/A
 _721_/B
 _721_/Y
 _722_/A
 _722_/B
 _722_/Y
 _723_/A
 _723_/B
 _723_/Y
 _724_/A
 _724_/B
 _724_/Y
 _725_/A
 _725_/B
 _725_/Y
 _726_/A
 _726_/B
 _726_/C
 _726_/Y
 _727_/A
 _727_/B
 _727_/Y
 _728_/A
 _728_/B
 _728_/C
 _728_/Y
 _729_/A
 _729_/B
 _729_/Y
 _730_/A
 _730_/B
 _730_/Y
 _731_/A
 _731_/B
 _731_/Y
 _732_/A
 _732_/B
 _732_/Y
 _733_/A
 _733_/B
 _733_/Y
 _734_/A
 _734_/B
 _734_/Y
 _735_/A
 _735_/B
 _735_/Y
 _736_/A
 _736_/B
 _736_/C
 _736_/Y
 _737_/A
 _737_/B
 _737_/Y
 _738_/A
 _738_/B
 _738_/Y
 _739_/A
 _739_/B
 _739_/Y
 _740_/A
 _740_/B
 _740_/Y
 _741_/A
 _741_/B
 _741_/Y
 _742_/A
 _742_/B
 _742_/Y
 _743_/A
 _743_/B
 _743_/Y
 _744_/A
 _744_/B
 _744_/Y
 _745_/A
 _745_/B
 _745_/Y
 _746_/A
 _746_/B
 _746_/Y
 _747_/A
 _747_/B
 _747_/Y
 _748_/A
 _748_/B
 _748_/Y
 _749_/A
 _749_/B
 _749_/Y
 _750_/A
 _750_/B
 _750_/Y
 _751_/A
 _751_/B
 _751_/Y
 _752_/A
 _752_/B
 _752_/Y
 _753_/A
 _753_/B
 _753_/Y
 _754_/A
 _754_/B
 _754_/Y
 _755_/A
 _755_/B
 _755_/Y
 _756_/A
 _756_/B
 _756_/Y
 _757_/A
 _757_/B
 _757_/C
 _757_/D
 _757_/Y
 _758_/A
 _758_/B
 _758_/X
 _759_/A
 _759_/B
 _759_/C
 _759_/Y
 _760_/A
 _760_/B
 _760_/Y
 _761_/A
 _761_/B
 _761_/Y
 _762_/A
 _762_/B
 _762_/Y
 _763_/A
 _763_/B
 _763_/Y
 _764_/A
 _764_/B
 _764_/Y
 _765_/A
 _765_/B
 _765_/Y
 _766_/A
 _766_/B
 _766_/C
 _766_/D
 _766_/Y
 _767_/A
 _767_/B
 _767_/Y
 _768_/A1
 _768_/A2
 _768_/A3
 _768_/B1
 _768_/B2
 _768_/X
 _769_/A
 _769_/B
 _769_/X
 _770_/A
 _770_/B
 _770_/Y
 _771_/A1
 _771_/A2
 _771_/B1
 _771_/Y
 _772_/A
 _772_/B
 _772_/Y
 _773_/A1
 _773_/A2
 _773_/B1
 _773_/Y
 _774_/A
 _774_/B
 _774_/C
 _774_/D
 _774_/Y
 _775_/A
 _775_/B
 _775_/C
 _775_/Y
 _776_/A1
 _776_/A2
 _776_/A3
 _776_/B1
 _776_/B2
 _776_/Y
 _777_/A
 _777_/B
 _777_/C
 _777_/Y
 _778_/A1
 _778_/A2
 _778_/A3
 _778_/B1
 _778_/B2
 _778_/Y
 _779_/A1
 _779_/A2
 _779_/B1
 _779_/B2
 _779_/Y
 _780_/A1
 _780_/A2
 _780_/B1
 _780_/C1
 _780_/Y
 _781_/A
 _781_/B
 _781_/Y
 _782_/A
 _782_/B
 _782_/C
 _782_/Y
 _783_/A
 _783_/B
 _783_/Y
 _784_/A1
 _784_/A2
 _784_/A3
 _784_/B1
 _784_/Y
 _785_/A
 _785_/B
 _785_/C
 _785_/D
 _785_/X
 _786_/A
 _786_/B
 _786_/C
 _786_/D
 _786_/Y
 _787_/A
 _787_/B
 _787_/Y
 _788_/A1
 _788_/A2
 _788_/B1
 _788_/C1
 _788_/D1
 _788_/Y
 _789_/A1
 _789_/A2
 _789_/A3
 _789_/B1
 _789_/C1
 _789_/Y
 _790_/A
 _790_/B
 _790_/C
 _790_/D
 _790_/Y
 _791_/A
 _791_/B
 _791_/C
 _791_/D
 _791_/Y
 _792_/A1
 _792_/A2
 _792_/B1
 _792_/Y
 _793_/A1
 _793_/A2
 _793_/B1
 _793_/B2
 _793_/Y
 _794_/A
 _794_/B
 _794_/Y
 _795_/A
 _795_/B
 _795_/C
 _795_/Y
 _796_/A
 _796_/B
 _796_/C
 _796_/X
 _797_/A1
 _797_/A2
 _797_/A3
 _797_/B1
 _797_/C1
 _797_/X
 _798_/A
 _798_/B
 _798_/C
 _798_/Y
 _799_/A
 _799_/B
 _799_/Y
 _800_/A1
 _800_/A2
 _800_/A3
 _800_/B1
 _800_/C1
 _800_/Y
 _801_/A
 _801_/B
 _801_/Y
 _802_/A
 _802_/B
 _802_/Y
 _803_/A
 _803_/B
 _803_/C
 _803_/D
 _803_/Y
 _804_/A1
 _804_/A2
 _804_/B1
 _804_/Y
 _805_/A1
 _805_/A2
 _805_/B1
 _805_/Y
 _806_/A1
 _806_/A2
 _806_/B1
 _806_/B2
 _806_/Y
 _807_/A
 _807_/B
 _807_/Y
 _808_/A1
 _808_/A2
 _808_/A3
 _808_/B1
 _808_/B2
 _808_/Y
 _809_/A1
 _809_/A2
 _809_/B1
 _809_/B2
 _809_/Y
 _810_/A1
 _810_/A2
 _810_/B1
 _810_/B2
 _810_/X
 _811_/A0
 _811_/A1
 _811_/S
 _811_/Y
 _812_/A
 _812_/B
 _812_/C
 _812_/Y
 _813_/A1
 _813_/A2
 _813_/B1
 _813_/B2
 _813_/C1
 _813_/Y
 _814_/A
 _814_/B
 _814_/C
 _814_/D
 _814_/Y
 _815_/A1
 _815_/A2
 _815_/B1
 _815_/Y
 _816_/A
 _816_/B
 _816_/Y
 _817_/A1
 _817_/A2
 _817_/B1
 _817_/Y
 _818_/A
 _818_/B
 _818_/Y
 _819_/A
 _819_/B
 _819_/Y
 _820_/A
 _820_/B
 _820_/C
 _820_/D
 _820_/Y
 _821_/A
 _821_/B
 _821_/C
 _821_/Y
 _822_/A
 _822_/B
 _822_/Y
 _823_/A
 _823_/B
 _823_/C
 _823_/Y
 _824_/A1
 _824_/A2
 _824_/B1
 _824_/Y
 _825_/A
 _825_/B
 _825_/Y
 _826_/A
 _826_/B
 _826_/Y
 _827_/A1
 _827_/A2
 _827_/B1
 _827_/B2
 _827_/Y
 _828_/A1
 _828_/A2
 _828_/A3
 _828_/B1
 _828_/Y
 _829_/A
 _829_/B
 _829_/Y
 _830_/A
 _830_/B
 _830_/Y
 _831_/A1
 _831_/A2
 _831_/B1
 _831_/B2
 _831_/Y
 _832_/A
 _832_/B
 _832_/C
 _832_/Y
 _833_/A1
 _833_/A2
 _833_/B1
 _833_/Y
 _834_/A1
 _834_/A2
 _834_/B1
 _834_/B2
 _834_/Y
 _835_/A
 _835_/B
 _835_/Y
 _836_/A1
 _836_/A2
 _836_/A3
 _836_/B1
 _836_/B2
 _836_/Y
 _837_/A
 _837_/B
 _837_/Y
 _838_/A0
 _838_/A1
 _838_/S
 _838_/Y
 _839_/A1
 _839_/A2
 _839_/A3
 _839_/B1
 _839_/B2
 _839_/Y
 _840_/A
 _840_/B
 _840_/C
 _840_/Y
 _841_/A1
 _841_/A2
 _841_/A3
 _841_/B1
 _841_/B2
 _841_/Y
 _842_/A0
 _842_/A1
 _842_/S
 _842_/Y
 _843_/A1
 _843_/A2
 _843_/B1
 _843_/B2
 _843_/Y
 _844_/A1
 _844_/A2
 _844_/A3
 _844_/B1
 _844_/B2
 _844_/Y
 _845_/A0
 _845_/A1
 _845_/S
 _845_/Y
 _846_/A
 _846_/B
 _846_/Y
 _847_/A1
 _847_/A2
 _847_/B1
 _847_/B2
 _847_/Y
 _848_/A
 _848_/B
 _848_/C
 _848_/D
 _848_/Y
 _849_/A1
 _849_/A2
 _849_/B1
 _849_/Y
 _850_/A
 _850_/B
 _850_/X
 _851_/A1
 _851_/A2
 _851_/B1
 _851_/C1
 _851_/Y
 _852_/A
 _852_/B
 _852_/C
 _852_/Y
 _853_/A
 _853_/B
 _853_/Y
 _854_/A
 _854_/B
 _854_/Y
 _855_/A
 _855_/B
 _855_/Y
 _856_/A
 _856_/B
 _856_/Y
 _857_/A
 _857_/B
 _857_/Y
 _858_/A
 _858_/B
 _858_/Y
 _859_/A
 _859_/B
 _859_/X
 _860_/A
 _860_/B
 _860_/Y
 _861_/A
 _861_/B
 _861_/Y
 _862_/A
 _862_/B
 _862_/Y
 _863_/A
 _863_/B
 _863_/Y
 _864_/A
 _864_/B
 _864_/Y
 _865_/A
 _865_/B
 _865_/Y
 _866_/A
 _866_/B
 _866_/Y
 _867_/A
 _867_/B
 _867_/Y
 _868_/A
 _868_/B
 _868_/X
 _869_/A
 _869_/B
 _869_/Y
 _870_/A
 _870_/B
 _870_/Y
 _871_/A
 _871_/B
 _871_/Y
 _872_/A
 _872_/B
 _872_/Y
 _873_/A
 _873_/B
 _873_/X
 _874_/A
 _874_/B
 _874_/Y
 _875_/A
 _875_/B
 _875_/Y
 _876_/A
 _876_/B
 _876_/Y
 _877_/A
 _877_/B
 _877_/Y
 _878_/A
 _878_/B
 _878_/Y
 _879_/A
 _879_/B
 _879_/Y
 _880_/A
 _880_/B
 _880_/Y
 _881_/A
 _881_/B
 _881_/X
 _882_/A
 _882_/B
 _882_/Y
 _883_/A
 _883_/B
 _883_/Y
 _884_/A
 _884_/B
 _884_/Y
 _885_/A
 _885_/B
 _885_/Y
 _886_/A
 _886_/B
 _886_/X
 _887_/A
 _887_/B
 _887_/Y
 _888_/A
 _888_/B
 _888_/Y
 _889_/A
 _889_/B
 _889_/Y
 _890_/A
 _890_/B
 _890_/Y
 _891_/A
 _891_/B
 _891_/X
 _892_/A
 _892_/B
 _892_/Y
 _893_/A
 _893_/B
 _893_/Y
 _894_/A
 _894_/B
 _894_/Y
 _895_/A
 _895_/B
 _895_/X
 _896_/A
 _896_/B
 _896_/Y
 _897_/A
 _897_/B
 _897_/Y
 _898_/A
 _898_/B
 _898_/Y
 _899_/A
 _899_/B
 _899_/Y
 _900_/A
 _900_/B
 _900_/Y
 _901_/A
 _901_/B
 _901_/Y
 _902_/A
 _902_/B
 _902_/Y
 _903_/A
 _903_/B
 _903_/Y
 _904_/A
 _904_/B
 _904_/Y
 _905_/A
 _905_/B
 _905_/X
 _906_/A
 _906_/B
 _906_/Y
 _907_/A
 _907_/B
 _907_/Y
 _908_/A
 _908_/B
 _908_/Y
 _909_/A
 _909_/B
 _909_/Y
 _910_/A
 _910_/B
 _910_/Y
 _911_/A
 _911_/B
 _911_/Y
 _912_/A
 _912_/B
 _912_/Y
 _913_/A
 _913_/B
 _913_/Y
 _914_/A
 _914_/B
 _914_/Y
 _915_/A
 _915_/B
 _915_/Y
 _916_/A
 _916_/B
 _916_/Y
 _917_/A
 _917_/B
 _917_/X
 _918_/A
 _918_/B
 _918_/Y
 _919_/A
 _919_/B
 _919_/Y
 _920_/A
 _920_/B
 _920_/X
 _921_/A
 _921_/B
 _921_/Y
 _922_/A
 _922_/B
 _922_/Y
 _923_/A
 _923_/B
 _923_/Y
 _924_/A
 _924_/B
 _924_/Y
 _925_/A
 _925_/B
 _925_/Y
 _926_/A
 _926_/B
 _926_/Y
 _927_/A
 _927_/B
 _927_/Y
 _928_/A
 _928_/B
 _928_/Y
 _929_/A
 _929_/B
 _929_/Y
 _930_/A
 _930_/B
 _930_/X
 _931_/A
 _931_/B
 _931_/Y
 _932_/A
 _932_/B
 _932_/Y
 _933_/A
 _933_/B
 _933_/X
 _934_/A
 _934_/B
 _934_/Y
 _935_/A
 _935_/B
 _935_/Y
 _936_/A
 _936_/B
 _936_/Y
 _937_/A
 _937_/B
 _937_/X
 _938_/A
 _938_/B
 _938_/Y
 _939_/A
 _939_/B
 _939_/Y
 _940_/A
 _940_/B
 _940_/Y
 _941_/A
 _941_/B
 _941_/Y
 _942_/A
 _942_/B
 _942_/Y
 _943_/A
 _943_/B
 _943_/C
 _943_/X
 _944_/A
 _944_/B
 _944_/Y
 _945_/A
 _945_/B
 _945_/Y
 _946_/A
 _946_/B
 _946_/X
 _947_/A
 _947_/B
 _947_/Y
 _948_/A
 _948_/B
 _948_/Y
 _949_/A
 _949_/B
 _949_/X
 _950_/A
 _950_/B
 _950_/Y
 _951_/A
 _951_/B
 _951_/Y
 _952_/A
 _952_/B
 _952_/Y
 _953_/A
 _953_/B
 _953_/X
 _954_/A
 _954_/B
 _954_/Y
 _955_/A
 _955_/B
 _955_/X
 _956_/A
 _956_/B
 _956_/Y
 _957_/A
 _957_/B
 _957_/Y
 _958_/A
 _958_/B
 _958_/Y
 _959_/A
 _959_/B
 _959_/Y
 _960_/A
 _960_/B
 _960_/X
 _961_/A
 _961_/B
 _961_/Y
 _962_/A
 _962_/B
 _962_/Y
 _963_/A
 _963_/B
 _963_/Y
 _964_/A
 _964_/B
 _964_/X
 _965_/A
 _965_/B
 _965_/Y
 _966_/A
 _966_/B
 _966_/Y
 _967_/A
 _967_/B
 _967_/Y
 _968_/A
 _968_/B
 _968_/Y
 _969_/A
 _969_/B
 _969_/C
 _969_/X
 _970_/A
 _970_/B
 _970_/Y
 _971_/A
 _971_/B
 _971_/Y
 _972_/A
 _972_/B
 _972_/Y
 _973_/A
 _973_/B
 _973_/Y
 _974_/A
 _974_/B
 _974_/Y
 _975_/A
 _975_/B
 _975_/Y
 _976_/A
 _976_/B
 _976_/X
 _977_/A
 _977_/B
 _977_/Y
 _978_/A
 _978_/B
 _978_/Y
 _979_/A
 _979_/B
 _979_/Y
 _980_/A
 _980_/B
 _980_/Y
 _981_/A
 _981_/B
 _981_/Y
 _982_/A
 _982_/B
 _982_/Y
 _983_/A
 _983_/B
 _983_/X
 _984_/A
 _984_/B
 _984_/Y
 _985_/A
 _985_/B
 _985_/Y
 _986_/A
 _986_/B
 _986_/Y
 _987_/A
 _987_/B
 _987_/Y
 _988_/A
 _988_/B
 _988_/C
 _988_/X
 attempt09_data_clk_stage1/A
 attempt09_data_clk_stage1/Y
 attempt09_data_clk_stage2/A
 attempt09_data_clk_stage2/Y
 attempt09_ecc_clk_stage1/A
 attempt09_ecc_clk_stage1/Y
 attempt09_ecc_clk_stage2/A
 attempt09_ecc_clk_stage2/Y
 attempt09_ecc_rstb_stage1/A
 attempt09_ecc_rstb_stage1/Y
 attempt09_ecc_rstb_stage2/A
 attempt09_ecc_rstb_stage2/Y
 clkbuf_0_clk/A
 clkbuf_0_clk/X
 clkbuf_1_0__f_clk/A
 clkbuf_1_0__f_clk/X
 clkbuf_1_1__f_clk/A
 clkbuf_1_1__f_clk/X
 clkload0/A
 clkload0/Y
 hold821/A
 hold821/X
 hold822/A
 hold822/X
 hold823/A
 hold823/X
 hold824/A
 hold824/X
 hold825/A
 hold825/X
 hold826/A
 hold826/X
 hold827/A
 hold827/X
 hold828/A
 hold828/X
 hold829/A
 hold829/X
 hold830/A
 hold830/X
 hold831/A
 hold831/X
 hold832/A
 hold832/X
 hold833/A
 hold833/X
 hold834/A
 hold834/X
 hold835/A
 hold835/X
 hold836/A
 hold836/X
 hold837/A
 hold837/X
 hold838/A
 hold838/X
 hold839/A
 hold839/X
 hold840/A
 hold840/X
 hold841/A
 hold841/X
 input17/A
 input17/X
 input18/A
 input18/X
 input19/A
 input19/X
 input20/A
 input20/X
 input21/A
 input21/X
 input22/A
 input22/X
 input23/A
 input23/X
 input24/A
 input24/X
 input25/A
 input25/X
 input26/A
 input26/X
 input27/A
 input27/X
 input28/A
 input28/X
 input29/A
 input29/X
 input30/A
 input30/X
 input31/A
 input31/X
 input32/A
 input32/X
 input33/A
 input33/X
 input34/A
 input34/X
 input35/A
 input35/X
 input36/A
 input36/X
 input37/A
 input37/X
 input38/A
 input38/X
 input39/A
 input39/X
 input40/A
 input40/X
 input41/A
 input41/X
 input42/A
 input42/X
 input43/A
 input43/X
 input44/A
 input44/X
 input45/A
 input45/X
 input46/A
 input46/X
 input47/A
 input47/X
 input48/A
 input48/X
 input49/A
 input49/X
 input50/A
 input50/X
 input51/A
 input51/X
 input52/A
 input52/X
 input53/A
 input53/X
 input54/A
 input54/X
 input55/A
 input55/X
 input56/A
 input56/X
 input57/A
 input57/X
 input58/A
 input58/X
 input59/A
 input59/X
 input60/A
 input60/X
 input61/A
 input61/X
 input62/A
 input62/X
 input63/A
 input63/X
 input64/A
 input64/X
 input65/A
 input65/X
 input66/A
 input66/X
 input67/A
 input67/X
 input68/A
 input68/X
 input69/A
 input69/X
 input70/A
 input70/X
 input71/A
 input71/X
 input72/A
 input72/X
 input73/A
 input73/X
 input74/A
 input74/X
 input75/A
 input75/X
 input76/A
 input76/X
 input77/A
 input77/X
 input78/A
 input78/X
 input79/A
 input79/X
 input80/A
 input80/X
 input81/A
 input81/X
 input82/A
 input82/X
 input83/A
 input83/X
 input84/A
 input84/X
 input85/A
 input85/X
 input86/A
 input86/X
 input87/A
 input87/X
 input88/A
 input88/X
 input89/A
 input89/X
 input90/A
 input90/X
 input91/A
 input91/X
 max_cap179/A
 max_cap179/X
 max_cap180/A
 max_cap180/X
 max_cap181/A
 max_cap181/X
 max_cap182/A
 max_cap182/X
 max_cap183/A
 max_cap183/X
 max_cap184/A
 max_cap184/X
 max_cap185/A
 max_cap185/X
 max_cap186/A
 max_cap186/X
 max_cap187/A
 max_cap187/X
 max_cap188/A
 max_cap188/X
 max_cap189/A
 max_cap189/X
 max_cap190/A
 max_cap190/X
 max_cap191/A
 max_cap191/X
 max_cap192/A
 max_cap192/X
 max_cap193/A
 max_cap193/X
 max_cap194/A
 max_cap194/X
 max_cap195/A
 max_cap195/X
 max_cap196/A
 max_cap196/X
 max_cap197/A
 max_cap197/X
 max_cap198/A
 max_cap198/X
 max_cap199/A
 max_cap199/X
 max_cap200/A
 max_cap200/X
 max_cap201/A
 max_cap201/X
 max_cap202/A
 max_cap202/X
 max_cap203/A
 max_cap203/X
 max_cap204/A
 max_cap204/X
 max_cap205/A
 max_cap205/X
 max_cap206/A
 max_cap206/X
 max_cap207/A
 max_cap207/X
 max_cap208/A
 max_cap208/X
 max_cap209/A
 max_cap209/X
 max_cap210/A
 max_cap210/X
 max_cap211/A
 max_cap211/X
 max_cap212/A
 max_cap212/X
 max_cap213/A
 max_cap213/X
 max_cap214/A
 max_cap214/X
 max_cap215/A
 max_cap215/X
 max_cap216/A
 max_cap216/X
 max_cap217/A
 max_cap217/X
 max_cap218/A
 max_cap218/X
 max_cap219/A
 max_cap219/X
 max_cap220/A
 max_cap220/X
 max_cap221/A
 max_cap221/X
 max_cap222/A
 max_cap222/X
 max_cap223/A
 max_cap223/X
 max_cap224/A
 max_cap224/X
 max_cap225/A
 max_cap225/X
 max_cap226/A
 max_cap226/X
 max_cap227/A
 max_cap227/X
 max_cap228/A
 max_cap228/X
 max_cap229/A
 max_cap229/X
 max_cap230/A
 max_cap230/X
 max_cap231/A
 max_cap231/X
 max_cap232/A
 max_cap232/X
 max_cap233/A
 max_cap233/X
 max_cap234/A
 max_cap234/X
 max_cap235/A
 max_cap235/X
 max_cap236/A
 max_cap236/X
 max_cap237/A
 max_cap237/X
 max_cap238/A
 max_cap238/X
 max_cap239/A
 max_cap239/X
 max_cap240/A
 max_cap240/X
 max_cap241/A
 max_cap241/X
 max_cap242/A
 max_cap242/X
 max_cap243/A
 max_cap243/X
 max_cap244/A
 max_cap244/X
 max_cap245/A
 max_cap245/X
 max_cap246/A
 max_cap246/X
 max_cap247/A
 max_cap247/X
 max_cap248/A
 max_cap248/X
 max_cap249/A
 max_cap249/X
 max_cap250/A
 max_cap250/X
 max_cap251/A
 max_cap251/X
 max_cap252/A
 max_cap252/X
 max_cap253/A
 max_cap253/X
 max_cap254/A
 max_cap254/X
 max_cap255/A
 max_cap255/X
 max_cap256/A
 max_cap256/X
 max_cap257/A
 max_cap257/X
 max_cap258/A
 max_cap258/X
 max_cap259/A
 max_cap259/X
 max_cap260/A
 max_cap260/X
 max_cap261/A
 max_cap261/X
 max_cap262/A
 max_cap262/X
 max_cap263/A
 max_cap263/X
 max_cap264/A
 max_cap264/X
 max_cap265/A
 max_cap265/X
 max_cap266/A
 max_cap266/X
 max_cap267/A
 max_cap267/X
 max_cap268/A
 max_cap268/X
 max_cap269/A
 max_cap269/X
 max_cap270/A
 max_cap270/X
 max_cap271/A
 max_cap271/X
 max_cap272/A
 max_cap272/X
 max_cap273/A
 max_cap273/X
 max_cap274/A
 max_cap274/X
 max_cap275/A
 max_cap275/X
 max_cap276/A
 max_cap276/X
 max_cap277/A
 max_cap277/X
 max_cap278/A
 max_cap278/X
 max_cap279/A
 max_cap279/X
 max_cap280/A
 max_cap280/X
 max_cap281/A
 max_cap281/X
 max_cap282/A
 max_cap282/X
 max_cap283/A
 max_cap283/X
 max_cap284/A
 max_cap284/X
 max_cap285/A
 max_cap285/X
 max_cap286/A
 max_cap286/X
 max_cap287/A
 max_cap287/X
 max_cap288/A
 max_cap288/X
 max_cap289/A
 max_cap289/X
 max_cap290/A
 max_cap290/X
 max_cap291/A
 max_cap291/X
 max_cap292/A
 max_cap292/X
 max_cap293/A
 max_cap293/X
 max_cap294/A
 max_cap294/X
 max_cap295/A
 max_cap295/X
 max_cap296/A
 max_cap296/X
 max_cap297/A
 max_cap297/X
 max_cap298/A
 max_cap298/X
 max_cap299/A
 max_cap299/X
 max_cap300/A
 max_cap300/X
 max_cap301/A
 max_cap301/X
 max_cap543/A
 max_cap543/X
 max_cap544/A
 max_cap544/X
 max_cap545/A
 max_cap545/X
 max_cap546/A
 max_cap546/X
 max_cap547/A
 max_cap547/X
 max_cap548/A
 max_cap548/X
 max_cap549/A
 max_cap549/X
 max_cap550/A
 max_cap550/X
 max_cap551/A
 max_cap551/X
 max_cap552/A
 max_cap552/X
 max_cap553/A
 max_cap553/X
 max_cap554/A
 max_cap554/X
 max_cap555/A
 max_cap555/X
 max_cap556/A
 max_cap556/X
 max_cap557/A
 max_cap557/X
 max_cap558/A
 max_cap558/X
 max_cap559/A
 max_cap559/X
 max_cap560/A
 max_cap560/X
 max_cap561/A
 max_cap561/X
 max_cap562/A
 max_cap562/X
 max_cap563/A
 max_cap563/X
 max_cap564/A
 max_cap564/X
 max_cap565/A
 max_cap565/X
 max_cap566/A
 max_cap566/X
 max_cap567/A
 max_cap567/X
 max_cap568/A
 max_cap568/X
 max_cap569/A
 max_cap569/X
 max_cap570/A
 max_cap570/X
 max_cap571/A
 max_cap571/X
 max_cap572/A
 max_cap572/X
 max_cap573/A
 max_cap573/X
 max_cap574/A
 max_cap574/X
 max_cap575/A
 max_cap575/X
 max_cap576/A
 max_cap576/X
 max_cap577/A
 max_cap577/X
 max_cap578/A
 max_cap578/X
 max_cap579/A
 max_cap579/X
 max_cap580/A
 max_cap580/X
 max_cap581/A
 max_cap581/X
 max_cap582/A
 max_cap582/X
 max_cap583/A
 max_cap583/X
 max_cap584/A
 max_cap584/X
 max_cap585/A
 max_cap585/X
 max_cap586/A
 max_cap586/X
 max_cap587/A
 max_cap587/X
 max_cap588/A
 max_cap588/X
 max_cap589/A
 max_cap589/X
 max_cap590/A
 max_cap590/X
 max_cap591/A
 max_cap591/X
 max_cap592/A
 max_cap592/X
 max_cap593/A
 max_cap593/X
 max_cap594/A
 max_cap594/X
 max_cap595/A
 max_cap595/X
 max_cap596/A
 max_cap596/X
 max_cap597/A
 max_cap597/X
 max_cap598/A
 max_cap598/X
 max_cap599/A
 max_cap599/X
 max_cap600/A
 max_cap600/X
 max_cap601/A
 max_cap601/X
 max_cap602/A
 max_cap602/X
 max_cap603/A
 max_cap603/X
 max_cap604/A
 max_cap604/X
 max_cap605/A
 max_cap605/X
 max_cap606/A
 max_cap606/X
 max_cap607/A
 max_cap607/X
 max_cap608/A
 max_cap608/X
 max_cap609/A
 max_cap609/X
 max_cap610/A
 max_cap610/X
 max_cap611/A
 max_cap611/X
 max_cap612/A
 max_cap612/X
 max_cap613/A
 max_cap613/X
 max_cap614/A
 max_cap614/X
 max_cap615/A
 max_cap615/X
 max_cap616/A
 max_cap616/X
 max_cap617/A
 max_cap617/X
 max_cap618/A
 max_cap618/X
 max_cap619/A
 max_cap619/X
 max_cap620/A
 max_cap620/X
 max_cap621/A
 max_cap621/X
 max_cap622/A
 max_cap622/X
 max_cap623/A
 max_cap623/X
 max_cap624/A
 max_cap624/X
 max_cap625/A
 max_cap625/X
 max_cap626/A
 max_cap626/X
 max_cap627/A
 max_cap627/X
 max_cap628/A
 max_cap628/X
 max_cap629/A
 max_cap629/X
 max_cap630/A
 max_cap630/X
 max_cap631/A
 max_cap631/X
 output100/A
 output100/X
 output101/A
 output101/X
 output104/A
 output104/X
 output105/A
 output105/X
 output106/A
 output106/X
 output107/A
 output107/X
 output108/A
 output108/X
 output109/A
 output109/X
 output110/A
 output110/X
 output111/A
 output111/X
 output112/A
 output112/X
 output113/A
 output113/X
 output114/A
 output114/X
 output115/A
 output115/X
 output116/A
 output116/X
 output117/A
 output117/X
 output118/A
 output118/X
 output119/A
 output119/X
 output120/A
 output120/X
 output121/A
 output121/X
 output122/A
 output122/X
 output123/A
 output123/X
 output124/A
 output124/X
 output125/A
 output125/X
 output126/A
 output126/X
 output127/A
 output127/X
 output128/A
 output128/X
 output129/A
 output129/X
 output130/A
 output130/X
 output131/A
 output131/X
 output132/A
 output132/X
 output133/A
 output133/X
 output134/A
 output134/X
 output135/A
 output135/X
 output136/A
 output136/X
 output137/A
 output137/X
 output138/A
 output138/X
 output139/A
 output139/X
 output140/A
 output140/X
 output141/A
 output141/X
 output142/A
 output142/X
 output143/A
 output143/X
 output144/A
 output144/X
 output145/A
 output145/X
 output146/A
 output146/X
 output147/A
 output147/X
 output148/A
 output148/X
 output149/A
 output149/X
 output150/A
 output150/X
 output151/A
 output151/X
 output152/A
 output152/X
 output153/A
 output153/X
 output154/A
 output154/X
 output155/A
 output155/X
 output156/A
 output156/X
 output157/A
 output157/X
 output92/A
 output92/X
 output93/A
 output93/X
 output94/A
 output94/X
 output95/A
 output95/X
 output96/A
 output96/X
 output97/A
 output97/X
 output98/A
 output98/X
 output99/A
 output99/X
 place635/A
 place635/X
 place636/A
 place636/X
 place637/A
 place637/X
 place638/A
 place638/X
 place639/A
 place639/X
 place640/A
 place640/X
 place641/A
 place641/X
 place642/A
 place642/X
 place643/A
 place643/X
 place644/A
 place644/X
 place645/A
 place645/X
 place646/A
 place646/X
 place647/A
 place647/X
 place648/A
 place648/X
 place649/A
 place649/X
 place650/A
 place650/X
 place651/A
 place651/X
 place652/A
 place652/X
 place653/A
 place653/X
 place654/A
 place654/X
 place655/A
 place655/X
 place656/A
 place656/X
 place657/A
 place657/X
 place658/A
 place658/X
 place659/A
 place659/X
 place660/A
 place660/X
 place661/A
 place661/X
 place662/A
 place662/X
 place663/A
 place663/X
 place664/A
 place664/X
 place665/A
 place665/X
 place666/A
 place666/X
 place667/A
 place667/X
 place668/A
 place668/X
 place669/A
 place669/X
 place670/A
 place670/X
 place671/A
 place671/X
 place672/A
 place672/X
 place673/A
 place673/X
 place674/A
 place674/X
 place675/A
 place675/X
 place676/A
 place676/X
 place677/A
 place677/X
 place678/A
 place678/X
 place679/A
 place679/X
 place680/A
 place680/X
 place681/A
 place681/X
 place682/A
 place682/X
 place683/A
 place683/X
 place684/A
 place684/X
 place685/A
 place685/X
 place686/A
 place686/X
 place687/A
 place687/X
 place688/A
 place688/X
 place689/A
 place689/X
 place690/A
 place690/X
 place691/A
 place691/X
 place692/A
 place692/X
 place693/A
 place693/X
 place694/A
 place694/X
 place695/A
 place695/X
 place696/A
 place696/X
 place697/A
 place697/X
 place698/A
 place698/X
 place699/A
 place699/X
 place700/A
 place700/X
 place701/A
 place701/X
 place702/A
 place702/X
 place703/A
 place703/X
 place704/A
 place704/X
 place705/A
 place705/X
 place706/A
 place706/X
 place707/A
 place707/X
 place708/A
 place708/X
 place709/A
 place709/X
 place710/A
 place710/X
 place711/A
 place711/X
 place712/A
 place712/X
 place713/A
 place713/X
 place714/A
 place714/X
 place715/A
 place715/X
 place716/A
 place716/X
 place717/A
 place717/X
 place718/A
 place718/X
 place719/A
 place719/X
 place720/A
 place720/X
 place721/A
 place721/X
 place722/A
 place722/X
 place723/A
 place723/X
 place724/A
 place724/X
 place725/A
 place725/X
 place726/A
 place726/X
 place727/A
 place727/X
 place728/A
 place728/X
 place729/A
 place729/X
 place730/A
 place730/X
 place731/A
 place731/X
 place732/A
 place732/X
 place733/A
 place733/X
 place734/A
 place734/X
 place735/A
 place735/X
 place736/A
 place736/X
 place737/A
 place737/X
 place738/A
 place738/X
 place739/A
 place739/X
 place740/A
 place740/X
 place741/A
 place741/X
 place742/A
 place742/X
 place743/A
 place743/X
 place744/A
 place744/X
 place745/A
 place745/X
 place746/A
 place746/X
 place747/A
 place747/X
 place748/A
 place748/X
 place749/A
 place749/X
 place750/A
 place750/X
 place751/A
 place751/X
 place752/A
 place752/X
 place753/A
 place753/X
 place754/A
 place754/X
 place755/A
 place755/X
 place756/A
 place756/X
 place757/A
 place757/X
 place758/A
 place758/X
 place759/A
 place759/X
 place760/A
 place760/X
 place761/A
 place761/X
 place762/A
 place762/X
 place763/A
 place763/X
 place764/A
 place764/X
 place765/A
 place765/X
 place766/A
 place766/X
 place767/A
 place767/X
 place768/A
 place768/X
 place769/A
 place769/X
 place770/A
 place770/X
 place771/A
 place771/X
 place772/A
 place772/X
 place773/A
 place773/X
 place774/A
 place774/X
 place775/A
 place775/X
 place776/A
 place776/X
 place777/A
 place777/X
 place778/A
 place778/X
 place779/A
 place779/X
 place780/A
 place780/X
 place781/A
 place781/X
 place782/A
 place782/X
 place783/A
 place783/X
 place784/A
 place784/X
 place785/A
 place785/X
 place786/A
 place786/X
 place787/A
 place787/X
 place788/A
 place788/X
 place789/A
 place789/X
 place790/A
 place790/X
 place791/A
 place791/X
 place792/A
 place792/X
 place793/A
 place793/X
 place794/A
 place794/X
 place795/A
 place795/X
 place796/A
 place796/X
 place797/A
 place797/X
 place798/A
 place798/X
 place799/A
 place799/X
 place800/A
 place800/X
 place801/A
 place801/X
 place802/A
 place802/X
 place803/A
 place803/X
 place804/A
 place804/X
 place805/A
 place805/X
 place806/A
 place806/X
 place807/A
 place807/X
 place808/A
 place808/X
 place809/A
 place809/X
 place810/A
 place810/X
 place811/A
 place811/X
 place812/A
 place812/X
 place813/A
 place813/X
 place814/A
 place814/X
 place815/A
 place815/X
 place816/A
 place816/X
 place817/A
 place817/X
 place818/A
 place818/X
 place819/A
 place819/X
 place820/A
 place820/X
 u_protected_memory.u_data/addr[0]
 u_protected_memory.u_data/addr[1]
 u_protected_memory.u_data/addr[2]
 u_protected_memory.u_data/addr[3]
 u_protected_memory.u_data/addr[4]
 u_protected_memory.u_data/addr[5]
 u_protected_memory.u_data/addr[6]
 u_protected_memory.u_data/addr[7]
 u_protected_memory.u_data/ce
 u_protected_memory.u_data/clk
 u_protected_memory.u_data/din[0]
 u_protected_memory.u_data/din[10]
 u_protected_memory.u_data/din[11]
 u_protected_memory.u_data/din[12]
 u_protected_memory.u_data/din[13]
 u_protected_memory.u_data/din[14]
 u_protected_memory.u_data/din[15]
 u_protected_memory.u_data/din[16]
 u_protected_memory.u_data/din[17]
 u_protected_memory.u_data/din[18]
 u_protected_memory.u_data/din[19]
 u_protected_memory.u_data/din[1]
 u_protected_memory.u_data/din[20]
 u_protected_memory.u_data/din[21]
 u_protected_memory.u_data/din[22]
 u_protected_memory.u_data/din[23]
 u_protected_memory.u_data/din[24]
 u_protected_memory.u_data/din[25]
 u_protected_memory.u_data/din[26]
 u_protected_memory.u_data/din[27]
 u_protected_memory.u_data/din[28]
 u_protected_memory.u_data/din[29]
 u_protected_memory.u_data/din[2]
 u_protected_memory.u_data/din[30]
 u_protected_memory.u_data/din[31]
 u_protected_memory.u_data/din[32]
 u_protected_memory.u_data/din[33]
 u_protected_memory.u_data/din[34]
 u_protected_memory.u_data/din[35]
 u_protected_memory.u_data/din[36]
 u_protected_memory.u_data/din[37]
 u_protected_memory.u_data/din[38]
 u_protected_memory.u_data/din[39]
 u_protected_memory.u_data/din[3]
 u_protected_memory.u_data/din[40]
 u_protected_memory.u_data/din[41]
 u_protected_memory.u_data/din[42]
 u_protected_memory.u_data/din[43]
 u_protected_memory.u_data/din[44]
 u_protected_memory.u_data/din[45]
 u_protected_memory.u_data/din[46]
 u_protected_memory.u_data/din[47]
 u_protected_memory.u_data/din[48]
 u_protected_memory.u_data/din[49]
 u_protected_memory.u_data/din[4]
 u_protected_memory.u_data/din[50]
 u_protected_memory.u_data/din[51]
 u_protected_memory.u_data/din[52]
 u_protected_memory.u_data/din[53]
 u_protected_memory.u_data/din[54]
 u_protected_memory.u_data/din[55]
 u_protected_memory.u_data/din[56]
 u_protected_memory.u_data/din[57]
 u_protected_memory.u_data/din[58]
 u_protected_memory.u_data/din[59]
 u_protected_memory.u_data/din[5]
 u_protected_memory.u_data/din[60]
 u_protected_memory.u_data/din[61]
 u_protected_memory.u_data/din[62]
 u_protected_memory.u_data/din[63]
 u_protected_memory.u_data/din[6]
 u_protected_memory.u_data/din[7]
 u_protected_memory.u_data/din[8]
 u_protected_memory.u_data/din[9]
 u_protected_memory.u_data/dout[0]
 u_protected_memory.u_data/dout[10]
 u_protected_memory.u_data/dout[11]
 u_protected_memory.u_data/dout[12]
 u_protected_memory.u_data/dout[13]
 u_protected_memory.u_data/dout[14]
 u_protected_memory.u_data/dout[15]
 u_protected_memory.u_data/dout[16]
 u_protected_memory.u_data/dout[17]
 u_protected_memory.u_data/dout[18]
 u_protected_memory.u_data/dout[19]
 u_protected_memory.u_data/dout[1]
 u_protected_memory.u_data/dout[20]
 u_protected_memory.u_data/dout[21]
 u_protected_memory.u_data/dout[22]
 u_protected_memory.u_data/dout[23]
 u_protected_memory.u_data/dout[24]
 u_protected_memory.u_data/dout[25]
 u_protected_memory.u_data/dout[26]
 u_protected_memory.u_data/dout[27]
 u_protected_memory.u_data/dout[28]
 u_protected_memory.u_data/dout[29]
 u_protected_memory.u_data/dout[2]
 u_protected_memory.u_data/dout[30]
 u_protected_memory.u_data/dout[31]
 u_protected_memory.u_data/dout[32]
 u_protected_memory.u_data/dout[33]
 u_protected_memory.u_data/dout[34]
 u_protected_memory.u_data/dout[35]
 u_protected_memory.u_data/dout[36]
 u_protected_memory.u_data/dout[37]
 u_protected_memory.u_data/dout[38]
 u_protected_memory.u_data/dout[39]
 u_protected_memory.u_data/dout[3]
 u_protected_memory.u_data/dout[40]
 u_protected_memory.u_data/dout[41]
 u_protected_memory.u_data/dout[42]
 u_protected_memory.u_data/dout[43]
 u_protected_memory.u_data/dout[44]
 u_protected_memory.u_data/dout[45]
 u_protected_memory.u_data/dout[46]
 u_protected_memory.u_data/dout[47]
 u_protected_memory.u_data/dout[48]
 u_protected_memory.u_data/dout[49]
 u_protected_memory.u_data/dout[4]
 u_protected_memory.u_data/dout[50]
 u_protected_memory.u_data/dout[51]
 u_protected_memory.u_data/dout[52]
 u_protected_memory.u_data/dout[53]
 u_protected_memory.u_data/dout[54]
 u_protected_memory.u_data/dout[55]
 u_protected_memory.u_data/dout[56]
 u_protected_memory.u_data/dout[57]
 u_protected_memory.u_data/dout[58]
 u_protected_memory.u_data/dout[59]
 u_protected_memory.u_data/dout[5]
 u_protected_memory.u_data/dout[60]
 u_protected_memory.u_data/dout[61]
 u_protected_memory.u_data/dout[62]
 u_protected_memory.u_data/dout[63]
 u_protected_memory.u_data/dout[6]
 u_protected_memory.u_data/dout[7]
 u_protected_memory.u_data/dout[8]
 u_protected_memory.u_data/dout[9]
 u_protected_memory.u_data/rstb
 u_protected_memory.u_data/we
 u_protected_memory.u_data/wmask[0]
 u_protected_memory.u_data/wmask[1]
 u_protected_memory.u_data/wmask[2]
 u_protected_memory.u_data/wmask[3]
 u_protected_memory.u_data/wmask[4]
 u_protected_memory.u_data/wmask[5]
 u_protected_memory.u_data/wmask[6]
 u_protected_memory.u_data/wmask[7]
 u_protected_memory.u_data_1/HI
 u_protected_memory.u_data_1/LO
 u_protected_memory.u_data_2/HI
 u_protected_memory.u_data_2/LO
 u_protected_memory.u_data_3/HI
 u_protected_memory.u_data_3/LO
 u_protected_memory.u_data_4/HI
 u_protected_memory.u_data_4/LO
 u_protected_memory.u_data_5/HI
 u_protected_memory.u_data_5/LO
 u_protected_memory.u_data_6/HI
 u_protected_memory.u_data_6/LO
 u_protected_memory.u_data_7/HI
 u_protected_memory.u_data_7/LO
 u_protected_memory.u_data_8/HI
 u_protected_memory.u_data_8/LO
 u_protected_memory.u_ecc/addr[0]
 u_protected_memory.u_ecc/addr[1]
 u_protected_memory.u_ecc/addr[2]
 u_protected_memory.u_ecc/addr[3]
 u_protected_memory.u_ecc/addr[4]
 u_protected_memory.u_ecc/addr[5]
 u_protected_memory.u_ecc/addr[6]
 u_protected_memory.u_ecc/addr[7]
 u_protected_memory.u_ecc/ce
 u_protected_memory.u_ecc/clk
 u_protected_memory.u_ecc/din[0]
 u_protected_memory.u_ecc/din[1]
 u_protected_memory.u_ecc/din[2]
 u_protected_memory.u_ecc/din[3]
 u_protected_memory.u_ecc/din[4]
 u_protected_memory.u_ecc/din[5]
 u_protected_memory.u_ecc/din[6]
 u_protected_memory.u_ecc/din[7]
 u_protected_memory.u_ecc/dout[0]
 u_protected_memory.u_ecc/dout[1]
 u_protected_memory.u_ecc/dout[2]
 u_protected_memory.u_ecc/dout[3]
 u_protected_memory.u_ecc/dout[4]
 u_protected_memory.u_ecc/dout[5]
 u_protected_memory.u_ecc/dout[6]
 u_protected_memory.u_ecc/dout[7]
 u_protected_memory.u_ecc/rstb
 u_protected_memory.u_ecc/we
 u_protected_memory.u_ecc/wmask[0]
 u_protected_memory.u_ecc/wmask[1]
 u_protected_memory.u_ecc/wmask[2]
 u_protected_memory.u_ecc/wmask[3]
 u_protected_memory.u_ecc/wmask[4]
 u_protected_memory.u_ecc/wmask[5]
 u_protected_memory.u_ecc/wmask[6]
 u_protected_memory.u_ecc/wmask[7]
 u_protected_memory.u_ecc_10/HI
 u_protected_memory.u_ecc_10/LO
 u_protected_memory.u_ecc_11/HI
 u_protected_memory.u_ecc_11/LO
 u_protected_memory.u_ecc_12/HI
 u_protected_memory.u_ecc_12/LO
 u_protected_memory.u_ecc_13/HI
 u_protected_memory.u_ecc_13/LO
 u_protected_memory.u_ecc_14/HI
 u_protected_memory.u_ecc_14/LO
 u_protected_memory.u_ecc_15/HI
 u_protected_memory.u_ecc_15/LO
 u_protected_memory.u_ecc_16/HI
 u_protected_memory.u_ecc_16/LO
 u_protected_memory.u_ecc_9/HI
 u_protected_memory.u_ecc_9/LO
 wire303/A
 wire303/X
 wire304/A
 wire304/X
 wire542/A
 wire542/X
 wire633/A
 wire633/X
 wire634/A
 wire634/X
