vcd           142
input        2282
unannotated   385
Unannotated pins:
 ANTENNA_2/DIODE
 ANTENNA_37/DIODE
 ANTENNA_38/DIODE
 ANTENNA_39/DIODE
 ANTENNA_40/DIODE
 ANTENNA_41/DIODE
 ANTENNA_42/DIODE
 _393_/A
 _393_/B
 _394_/B
 _396_/A
 _396_/B
 _397_/A
 _398_/A
 _398_/B
 _399_/B
 _402_/B
 _403_/C
 _410_/A
 _412_/A
 _413_/A
 _413_/B
 _414_/A
 _414_/B
 _415_/B
 _418_/A
 _418_/B
 _419_/A
 _419_/B
 _420_/A
 _420_/B
 _431_/A
 _438_/B
 _450_/B
 _460_/B
 _480_/A
 _480_/B
 _482_/C
 _499_/A
 _501_/B
 _509_/A
 _509_/B
 _510_/B
 _512_/A
 _526_/B
 _711_/Y
 _741_/Y
 _758_/X
 _768_/Y
 _798_/Y
 _819_/Y
 _832_/X
 _855_/Y
 clkload0/Y
 input17/A
 input18/A
 input19/A
 input20/A
 input21/A
 input22/A
 input23/A
 input24/A
 input26/A
 input27/A
 input28/A
 input29/A
 input30/A
 input31/A
 input32/A
 input33/A
 input34/A
 input35/A
 input36/A
 input37/A
 input38/A
 input39/A
 input40/A
 input41/A
 input42/A
 input43/A
 input44/A
 input45/A
 input46/A
 input47/A
 input48/A
 input49/A
 input50/A
 input51/A
 input52/A
 input53/A
 input54/A
 input55/A
 input56/A
 input57/A
 input58/A
 input59/A
 input60/A
 input61/A
 input62/A
 input63/A
 input64/A
 input65/A
 input66/A
 input67/A
 input68/A
 input69/A
 input70/A
 input71/A
 input72/A
 input73/A
 input74/A
 input75/A
 input76/A
 input77/A
 input78/A
 input79/A
 input80/A
 input81/A
 input82/A
 input83/A
 input84/A
 input85/A
 input86/A
 input87/A
 input88/A
 input89/A
 max_cap171/A
 max_cap173/A
 max_cap174/A
 max_cap176/A
 max_cap178/A
 max_cap181/A
 max_cap189/A
 max_cap191/A
 max_cap192/A
 max_cap200/A
 max_cap202/A
 max_cap205/A
 max_cap206/A
 max_cap211/A
 max_cap218/A
 max_cap230/A
 max_cap233/A
 max_cap235/A
 max_cap237/A
 max_cap238/A
 max_cap240/A
 max_cap242/A
 max_cap246/A
 max_cap250/A
 max_cap252/A
 max_cap254/A
 max_cap256/A
 max_cap259/A
 max_cap266/A
 max_cap268/A
 max_cap269/A
 max_cap279/A
 max_cap281/A
 max_cap285/A
 max_cap559/A
 max_cap560/A
 max_cap561/A
 max_cap562/A
 max_cap563/A
 max_cap564/A
 max_cap565/A
 max_cap566/A
 max_cap567/A
 max_cap568/A
 max_cap569/A
 max_cap570/A
 max_cap571/A
 max_cap572/A
 max_cap574/A
 max_cap575/A
 max_cap577/A
 max_cap578/A
 max_cap579/A
 max_cap580/A
 max_cap581/A
 max_cap582/A
 max_cap583/A
 max_cap584/A
 max_cap585/A
 max_cap587/A
 max_cap588/A
 max_cap589/A
 max_cap591/A
 max_cap593/A
 max_cap595/A
 max_cap597/A
 max_cap598/A
 max_cap599/A
 max_cap601/A
 max_cap602/A
 max_cap603/A
 max_cap604/A
 max_cap606/A
 max_cap607/A
 max_cap608/A
 max_cap609/A
 max_cap610/A
 max_cap611/A
 max_cap612/A
 max_cap613/A
 max_cap614/A
 max_cap615/A
 max_cap616/A
 max_cap617/A
 max_cap619/A
 max_cap620/A
 max_cap621/A
 max_cap622/A
 max_cap623/A
 max_cap624/A
 max_cap625/A
 max_cap626/A
 max_cap627/A
 max_cap628/A
 max_cap629/A
 max_cap630/A
 max_cap631/A
 max_cap632/A
 max_cap633/A
 output117/X
 output136/X
 place375/X
 place376/X
 place377/X
 place378/X
 place379/X
 place380/X
 place381/X
 place382/X
 place383/X
 place384/X
 place385/X
 place386/X
 place387/X
 place388/X
 place389/X
 place390/X
 place391/X
 place392/X
 place393/X
 place394/X
 place395/X
 place396/X
 place397/X
 place398/X
 place399/X
 place400/X
 place401/X
 place402/X
 place403/X
 place404/X
 place405/X
 place406/X
 place407/X
 place408/X
 place409/X
 place410/X
 place411/X
 place412/X
 place413/X
 place414/X
 place415/X
 place416/X
 place459/X
 place460/X
 place461/X
 place636/X
 place637/X
 place638/X
 place639/X
 place640/X
 place641/X
 place642/X
 place643/X
 place644/X
 place645/X
 place646/X
 place647/X
 place648/X
 place649/X
 place650/X
 place651/X
 place652/X
 place656/A
 place668/A
 place669/A
 place670/A
 place671/A
 place672/A
 place685/A
 u_data/din[31]
 u_data/dout[0]
 u_data/dout[10]
 u_data/dout[11]
 u_data/dout[12]
 u_data/dout[13]
 u_data/dout[14]
 u_data/dout[15]
 u_data/dout[16]
 u_data/dout[17]
 u_data/dout[18]
 u_data/dout[19]
 u_data/dout[1]
 u_data/dout[20]
 u_data/dout[21]
 u_data/dout[22]
 u_data/dout[23]
 u_data/dout[24]
 u_data/dout[25]
 u_data/dout[26]
 u_data/dout[27]
 u_data/dout[28]
 u_data/dout[29]
 u_data/dout[2]
 u_data/dout[30]
 u_data/dout[31]
 u_data/dout[32]
 u_data/dout[33]
 u_data/dout[34]
 u_data/dout[35]
 u_data/dout[36]
 u_data/dout[37]
 u_data/dout[38]
 u_data/dout[39]
 u_data/dout[3]
 u_data/dout[40]
 u_data/dout[41]
 u_data/dout[42]
 u_data/dout[43]
 u_data/dout[44]
 u_data/dout[45]
 u_data/dout[46]
 u_data/dout[47]
 u_data/dout[48]
 u_data/dout[49]
 u_data/dout[4]
 u_data/dout[50]
 u_data/dout[51]
 u_data/dout[52]
 u_data/dout[53]
 u_data/dout[54]
 u_data/dout[55]
 u_data/dout[56]
 u_data/dout[57]
 u_data/dout[58]
 u_data/dout[59]
 u_data/dout[5]
 u_data/dout[60]
 u_data/dout[61]
 u_data/dout[62]
 u_data/dout[63]
 u_data/dout[6]
 u_data/dout[7]
 u_data/dout[8]
 u_data/dout[9]
 u_data_1/LO
 u_data_2/LO
 u_data_3/LO
 u_data_4/LO
 u_data_5/LO
 u_data_6/LO
 u_data_7/LO
 u_data_8/LO
 u_ecc0/dout[0]
 u_ecc0/dout[1]
 u_ecc0/dout[2]
 u_ecc0/dout[3]
 u_ecc0/dout[4]
 u_ecc0/dout[5]
 u_ecc0/dout[6]
 u_ecc0/dout[7]
 u_ecc0_10/LO
 u_ecc0_11/LO
 u_ecc0_12/LO
 u_ecc0_13/LO
 u_ecc0_14/LO
 u_ecc0_15/LO
 u_ecc0_16/LO
 u_ecc0_9/LO
