unannotated   608
Unannotated pins:
 addr[0]
 addr[1]
 addr[2]
 addr[3]
 addr[4]
 addr[5]
 addr[6]
 addr[7]
 ce
 clk
 data_in[0]
 data_in[10]
 data_in[11]
 data_in[12]
 data_in[13]
 data_in[14]
 data_in[15]
 data_in[16]
 data_in[17]
 data_in[18]
 data_in[19]
 data_in[1]
 data_in[20]
 data_in[21]
 data_in[22]
 data_in[23]
 data_in[24]
 data_in[25]
 data_in[26]
 data_in[27]
 data_in[28]
 data_in[29]
 data_in[2]
 data_in[30]
 data_in[31]
 data_in[32]
 data_in[33]
 data_in[34]
 data_in[35]
 data_in[36]
 data_in[37]
 data_in[38]
 data_in[39]
 data_in[3]
 data_in[40]
 data_in[41]
 data_in[42]
 data_in[43]
 data_in[44]
 data_in[45]
 data_in[46]
 data_in[47]
 data_in[48]
 data_in[49]
 data_in[4]
 data_in[50]
 data_in[51]
 data_in[52]
 data_in[53]
 data_in[54]
 data_in[55]
 data_in[56]
 data_in[57]
 data_in[58]
 data_in[59]
 data_in[5]
 data_in[60]
 data_in[61]
 data_in[62]
 data_in[63]
 data_in[6]
 data_in[7]
 data_in[8]
 data_in[9]
 data_out[0]
 data_out[10]
 data_out[11]
 data_out[12]
 data_out[13]
 data_out[14]
 data_out[15]
 data_out[16]
 data_out[17]
 data_out[18]
 data_out[19]
 data_out[1]
 data_out[20]
 data_out[21]
 data_out[22]
 data_out[23]
 data_out[24]
 data_out[25]
 data_out[26]
 data_out[27]
 data_out[28]
 data_out[29]
 data_out[2]
 data_out[30]
 data_out[31]
 data_out[32]
 data_out[33]
 data_out[34]
 data_out[35]
 data_out[36]
 data_out[37]
 data_out[38]
 data_out[39]
 data_out[3]
 data_out[40]
 data_out[41]
 data_out[42]
 data_out[43]
 data_out[44]
 data_out[45]
 data_out[46]
 data_out[47]
 data_out[48]
 data_out[49]
 data_out[4]
 data_out[50]
 data_out[51]
 data_out[52]
 data_out[53]
 data_out[54]
 data_out[55]
 data_out[56]
 data_out[57]
 data_out[58]
 data_out[59]
 data_out[5]
 data_out[60]
 data_out[61]
 data_out[62]
 data_out[63]
 data_out[6]
 data_out[7]
 data_out[8]
 data_out[9]
 rstb
 we
 wmask[0]
 wmask[1]
 wmask[2]
 wmask[3]
 wmask[4]
 wmask[5]
 wmask[6]
 wmask[7]
 hold149/A
 hold149/X
 hold150/A
 hold150/X
 hold151/A
 hold151/X
 hold152/A
 hold152/X
 hold153/A
 hold153/X
 hold154/A
 hold154/X
 hold155/A
 hold155/X
 hold156/A
 hold156/X
 input1/A
 input1/X
 input10/A
 input10/X
 input11/A
 input11/X
 input12/A
 input12/X
 input13/A
 input13/X
 input14/A
 input14/X
 input15/A
 input15/X
 input16/A
 input16/X
 input17/A
 input17/X
 input18/A
 input18/X
 input19/A
 input19/X
 input2/A
 input2/X
 input20/A
 input20/X
 input21/A
 input21/X
 input22/A
 input22/X
 input23/A
 input23/X
 input24/A
 input24/X
 input25/A
 input25/X
 input26/A
 input26/X
 input27/A
 input27/X
 input28/A
 input28/X
 input29/A
 input29/X
 input3/A
 input3/X
 input30/A
 input30/X
 input31/A
 input31/X
 input32/A
 input32/X
 input33/A
 input33/X
 input34/A
 input34/X
 input35/A
 input35/X
 input36/A
 input36/X
 input37/A
 input37/X
 input38/A
 input38/X
 input39/A
 input39/X
 input4/A
 input4/X
 input40/A
 input40/X
 input41/A
 input41/X
 input42/A
 input42/X
 input43/A
 input43/X
 input44/A
 input44/X
 input45/A
 input45/X
 input46/A
 input46/X
 input47/A
 input47/X
 input48/A
 input48/X
 input49/A
 input49/X
 input5/A
 input5/X
 input50/A
 input50/X
 input51/A
 input51/X
 input52/A
 input52/X
 input53/A
 input53/X
 input54/A
 input54/X
 input55/A
 input55/X
 input56/A
 input56/X
 input57/A
 input57/X
 input58/A
 input58/X
 input59/A
 input59/X
 input6/A
 input6/X
 input60/A
 input60/X
 input61/A
 input61/X
 input62/A
 input62/X
 input63/A
 input63/X
 input64/A
 input64/X
 input65/A
 input65/X
 input66/A
 input66/X
 input67/A
 input67/X
 input68/A
 input68/X
 input69/A
 input69/X
 input7/A
 input7/X
 input70/A
 input70/X
 input71/A
 input71/X
 input72/A
 input72/X
 input73/A
 input73/X
 input74/A
 input74/X
 input75/A
 input75/X
 input76/A
 input76/X
 input77/A
 input77/X
 input78/A
 input78/X
 input79/A
 input79/X
 input8/A
 input8/X
 input80/A
 input80/X
 input81/A
 input81/X
 input82/A
 input82/X
 input83/A
 input83/X
 input9/A
 input9/X
 output100/A
 output100/X
 output101/A
 output101/X
 output102/A
 output102/X
 output103/A
 output103/X
 output104/A
 output104/X
 output105/A
 output105/X
 output106/A
 output106/X
 output107/A
 output107/X
 output108/A
 output108/X
 output109/A
 output109/X
 output110/A
 output110/X
 output111/A
 output111/X
 output112/A
 output112/X
 output113/A
 output113/X
 output114/A
 output114/X
 output115/A
 output115/X
 output116/A
 output116/X
 output117/A
 output117/X
 output118/A
 output118/X
 output119/A
 output119/X
 output120/A
 output120/X
 output121/A
 output121/X
 output122/A
 output122/X
 output123/A
 output123/X
 output124/A
 output124/X
 output125/A
 output125/X
 output126/A
 output126/X
 output127/A
 output127/X
 output128/A
 output128/X
 output129/A
 output129/X
 output130/A
 output130/X
 output131/A
 output131/X
 output132/A
 output132/X
 output133/A
 output133/X
 output134/A
 output134/X
 output135/A
 output135/X
 output136/A
 output136/X
 output137/A
 output137/X
 output138/A
 output138/X
 output139/A
 output139/X
 output140/A
 output140/X
 output141/A
 output141/X
 output142/A
 output142/X
 output143/A
 output143/X
 output144/A
 output144/X
 output145/A
 output145/X
 output146/A
 output146/X
 output147/A
 output147/X
 output84/A
 output84/X
 output85/A
 output85/X
 output86/A
 output86/X
 output87/A
 output87/X
 output88/A
 output88/X
 output89/A
 output89/X
 output90/A
 output90/X
 output91/A
 output91/X
 output92/A
 output92/X
 output93/A
 output93/X
 output94/A
 output94/X
 output95/A
 output95/X
 output96/A
 output96/X
 output97/A
 output97/X
 output98/A
 output98/X
 output99/A
 output99/X
 u_data/addr[0]
 u_data/addr[1]
 u_data/addr[2]
 u_data/addr[3]
 u_data/addr[4]
 u_data/addr[5]
 u_data/addr[6]
 u_data/addr[7]
 u_data/ce
 u_data/clk
 u_data/din[0]
 u_data/din[10]
 u_data/din[11]
 u_data/din[12]
 u_data/din[13]
 u_data/din[14]
 u_data/din[15]
 u_data/din[16]
 u_data/din[17]
 u_data/din[18]
 u_data/din[19]
 u_data/din[1]
 u_data/din[20]
 u_data/din[21]
 u_data/din[22]
 u_data/din[23]
 u_data/din[24]
 u_data/din[25]
 u_data/din[26]
 u_data/din[27]
 u_data/din[28]
 u_data/din[29]
 u_data/din[2]
 u_data/din[30]
 u_data/din[31]
 u_data/din[32]
 u_data/din[33]
 u_data/din[34]
 u_data/din[35]
 u_data/din[36]
 u_data/din[37]
 u_data/din[38]
 u_data/din[39]
 u_data/din[3]
 u_data/din[40]
 u_data/din[41]
 u_data/din[42]
 u_data/din[43]
 u_data/din[44]
 u_data/din[45]
 u_data/din[46]
 u_data/din[47]
 u_data/din[48]
 u_data/din[49]
 u_data/din[4]
 u_data/din[50]
 u_data/din[51]
 u_data/din[52]
 u_data/din[53]
 u_data/din[54]
 u_data/din[55]
 u_data/din[56]
 u_data/din[57]
 u_data/din[58]
 u_data/din[59]
 u_data/din[5]
 u_data/din[60]
 u_data/din[61]
 u_data/din[62]
 u_data/din[63]
 u_data/din[6]
 u_data/din[7]
 u_data/din[8]
 u_data/din[9]
 u_data/dout[0]
 u_data/dout[10]
 u_data/dout[11]
 u_data/dout[12]
 u_data/dout[13]
 u_data/dout[14]
 u_data/dout[15]
 u_data/dout[16]
 u_data/dout[17]
 u_data/dout[18]
 u_data/dout[19]
 u_data/dout[1]
 u_data/dout[20]
 u_data/dout[21]
 u_data/dout[22]
 u_data/dout[23]
 u_data/dout[24]
 u_data/dout[25]
 u_data/dout[26]
 u_data/dout[27]
 u_data/dout[28]
 u_data/dout[29]
 u_data/dout[2]
 u_data/dout[30]
 u_data/dout[31]
 u_data/dout[32]
 u_data/dout[33]
 u_data/dout[34]
 u_data/dout[35]
 u_data/dout[36]
 u_data/dout[37]
 u_data/dout[38]
 u_data/dout[39]
 u_data/dout[3]
 u_data/dout[40]
 u_data/dout[41]
 u_data/dout[42]
 u_data/dout[43]
 u_data/dout[44]
 u_data/dout[45]
 u_data/dout[46]
 u_data/dout[47]
 u_data/dout[48]
 u_data/dout[49]
 u_data/dout[4]
 u_data/dout[50]
 u_data/dout[51]
 u_data/dout[52]
 u_data/dout[53]
 u_data/dout[54]
 u_data/dout[55]
 u_data/dout[56]
 u_data/dout[57]
 u_data/dout[58]
 u_data/dout[59]
 u_data/dout[5]
 u_data/dout[60]
 u_data/dout[61]
 u_data/dout[62]
 u_data/dout[63]
 u_data/dout[6]
 u_data/dout[7]
 u_data/dout[8]
 u_data/dout[9]
 u_data/rstb
 u_data/we
 u_data/wmask[0]
 u_data/wmask[1]
 u_data/wmask[2]
 u_data/wmask[3]
 u_data/wmask[4]
 u_data/wmask[5]
 u_data/wmask[6]
 u_data/wmask[7]
 wire148/A
 wire148/X
