$ "D:\Compiler Cpp\ucrt64\bin\yosys.EXE" -p "read_verilog -sv asic/rtl/bch/bch_78_64_t2_v1.sv; hierarchy -check -top bch_78_64_t2_v1_encoder; proc; flatten; opt; synth -top bch_78_64_t2_v1_encoder -flatten; check; write_json docs/date2027/rigour_gate_03r/baseline/generic_synthesis/bch_78_64_t2_v1_encoder.json; write_verilog -noattr docs/date2027/rigour_gate_03r/baseline/generic_synthesis/bch_78_64_t2_v1_encoder.v"

 /----------------------------------------------------------------------------\
 |                                                                            |
 |  yosys -- Yosys Open SYnthesis Suite                                       |
 |                                                                            |
 |  Copyright (C) 2012 - 2020  Claire Xenia Wolf <claire@yosyshq.com>         |
 |                                                                            |
 |  Permission to use, copy, modify, and/or distribute this software for any  |
 |  purpose with or without fee is hereby granted, provided that the above    |
 |  copyright notice and this permission notice appear in all copies.         |
 |                                                                            |
 |  THE SOFTWARE IS PROVIDED "AS IS" AND THE AUTHOR DISCLAIMS ALL WARRANTIES  |
 |  WITH REGARD TO THIS SOFTWARE INCLUDING ALL IMPLIED WARRANTIES OF          |
 |  MERCHANTABILITY AND FITNESS. IN NO EVENT SHALL THE AUTHOR BE LIABLE FOR   |
 |  ANY SPECIAL, DIRECT, INDIRECT, OR CONSEQUENTIAL DAMAGES OR ANY DAMAGES    |
 |  WHATSOEVER RESULTING FROM LOSS OF USE, DATA OR PROFITS, WHETHER IN AN     |
 |  ACTION OF CONTRACT, NEGLIGENCE OR OTHER TORTIOUS ACTION, ARISING OUT OF   |
 |  OR IN CONNECTION WITH THE USE OR PERFORMANCE OF THIS SOFTWARE.            |
 |                                                                            |
 \----------------------------------------------------------------------------/

 Yosys 0.30+48 (git sha1 b5b0b7e83, x86_64-w64-mingw32-g++ 13.1.0 -march=nocona -msahf -mtune=generic -O2 -Os)


-- Running command `read_verilog -sv asic/rtl/bch/bch_78_64_t2_v1.sv; hierarchy -check -top bch_78_64_t2_v1_encoder; proc; flatten; opt; synth -top bch_78_64_t2_v1_encoder -flatten; check; write_json docs/date2027/rigour_gate_03r/baseline/generic_synthesis/bch_78_64_t2_v1_encoder.json; write_verilog -noattr docs/date2027/rigour_gate_03r/baseline/generic_synthesis/bch_78_64_t2_v1_encoder.v' --

1. Executing Verilog-2005 frontend: asic/rtl/bch/bch_78_64_t2_v1.sv
Parsing SystemVerilog input from `asic/rtl/bch/bch_78_64_t2_v1.sv' to AST representation.
Generating RTLIL representation for module `\bch_78_64_t2_v1_encoder'.
Note: Assuming pure combinatorial block at asic/rtl/bch/bch_78_64_t2_v1.sv:14.3-25.6 in
compliance with IEC 62142(E):2005 / IEEE Std. 1364.1(E):2002. Recommending
use of @* instead of @(...) for better match of synthesis and simulation.
Generating RTLIL representation for module `\bch_78_64_t2_v1_decoder'.
Note: Assuming pure combinatorial block at asic/rtl/bch/bch_78_64_t2_v1.sv:265.3-312.6 in
compliance with IEC 62142(E):2005 / IEEE Std. 1364.1(E):2002. Recommending
use of @* instead of @(...) for better match of synthesis and simulation.
Successfully finished Verilog frontend.

2. Executing HIERARCHY pass (managing design hierarchy).

2.1. Analyzing design hierarchy..
Top module:  \bch_78_64_t2_v1_encoder

2.2. Analyzing design hierarchy..
Top module:  \bch_78_64_t2_v1_encoder
Removing unused module `\bch_78_64_t2_v1_decoder'.
Removed 1 unused modules.

3. Executing PROC pass (convert processes to netlists).

3.1. Executing PROC_CLEAN pass (remove empty switches from decision trees).
Cleaned up 0 empty switches.

3.2. Executing PROC_RMDEAD pass (remove dead branches from decision trees).
Marked 64 switch rules as full_case in process $proc$asic/rtl/bch/bch_78_64_t2_v1.sv:14$7 in module bch_78_64_t2_v1_encoder.
Removed a total of 0 dead cases.

3.3. Executing PROC_PRUNE pass (remove redundant assignments in processes).
Removed 0 redundant assignments.
Promoted 67 assignments to connections.

3.4. Executing PROC_INIT pass (extract init attributes).

3.5. Executing PROC_ARST pass (detect async resets in processes).

3.6. Executing PROC_ROM pass (convert switches to ROMs).
Converted 0 switches.
<suppressed ~64 debug messages>

3.7. Executing PROC_MUX pass (convert decision trees to multiplexers).
Creating decoders for process `\bch_78_64_t2_v1_encoder.$proc$asic/rtl/bch/bch_78_64_t2_v1.sv:14$7'.
     1/1024: $64\work[14:0] [14]
     2/1024: $64\coefficient_index[31:0]
     3/1024: $64\work[14:0] [0]
     4/1024: $64\work[14:0] [1]
     5/1024: $64\work[14:0] [2]
     6/1024: $64\work[14:0] [3]
     7/1024: $64\work[14:0] [4]
     8/1024: $64\work[14:0] [5]
     9/1024: $64\work[14:0] [6]
    10/1024: $64\work[14:0] [7]
    11/1024: $64\work[14:0] [8]
    12/1024: $64\work[14:0] [9]
    13/1024: $64\work[14:0] [10]
    14/1024: $64\work[14:0] [11]
    15/1024: $64\work[14:0] [12]
    16/1024: $64\work[14:0] [13]
    17/1024: $63\work[15:1] [14]
    18/1024: $63\coefficient_index[31:0]
    19/1024: $63\work[15:1] [0]
    20/1024: $63\work[15:1] [1]
    21/1024: $63\work[15:1] [2]
    22/1024: $63\work[15:1] [3]
    23/1024: $63\work[15:1] [4]
    24/1024: $63\work[15:1] [5]
    25/1024: $63\work[15:1] [6]
    26/1024: $63\work[15:1] [7]
    27/1024: $63\work[15:1] [8]
    28/1024: $63\work[15:1] [9]
    29/1024: $63\work[15:1] [10]
    30/1024: $63\work[15:1] [11]
    31/1024: $63\work[15:1] [12]
    32/1024: $63\work[15:1] [13]
    33/1024: $62\work[16:2] [14]
    34/1024: $62\coefficient_index[31:0]
    35/1024: $62\work[16:2] [0]
    36/1024: $62\work[16:2] [1]
    37/1024: $62\work[16:2] [2]
    38/1024: $62\work[16:2] [3]
    39/1024: $62\work[16:2] [4]
    40/1024: $62\work[16:2] [5]
    41/1024: $62\work[16:2] [6]
    42/1024: $62\work[16:2] [7]
    43/1024: $62\work[16:2] [8]
    44/1024: $62\work[16:2] [9]
    45/1024: $62\work[16:2] [10]
    46/1024: $62\work[16:2] [11]
    47/1024: $62\work[16:2] [12]
    48/1024: $62\work[16:2] [13]
    49/1024: $61\work[17:3] [14]
    50/1024: $61\coefficient_index[31:0]
    51/1024: $61\work[17:3] [0]
    52/1024: $61\work[17:3] [1]
    53/1024: $61\work[17:3] [2]
    54/1024: $61\work[17:3] [3]
    55/1024: $61\work[17:3] [4]
    56/1024: $61\work[17:3] [5]
    57/1024: $61\work[17:3] [6]
    58/1024: $61\work[17:3] [7]
    59/1024: $61\work[17:3] [8]
    60/1024: $61\work[17:3] [9]
    61/1024: $61\work[17:3] [10]
    62/1024: $61\work[17:3] [11]
    63/1024: $61\work[17:3] [12]
    64/1024: $61\work[17:3] [13]
    65/1024: $60\work[18:4] [14]
    66/1024: $60\coefficient_index[31:0]
    67/1024: $60\work[18:4] [0]
    68/1024: $60\work[18:4] [1]
    69/1024: $60\work[18:4] [2]
    70/1024: $60\work[18:4] [3]
    71/1024: $60\work[18:4] [4]
    72/1024: $60\work[18:4] [5]
    73/1024: $60\work[18:4] [6]
    74/1024: $60\work[18:4] [7]
    75/1024: $60\work[18:4] [8]
    76/1024: $60\work[18:4] [9]
    77/1024: $60\work[18:4] [10]
    78/1024: $60\work[18:4] [11]
    79/1024: $60\work[18:4] [12]
    80/1024: $60\work[18:4] [13]
    81/1024: $59\work[19:5] [14]
    82/1024: $59\coefficient_index[31:0]
    83/1024: $59\work[19:5] [0]
    84/1024: $59\work[19:5] [1]
    85/1024: $59\work[19:5] [2]
    86/1024: $59\work[19:5] [3]
    87/1024: $59\work[19:5] [4]
    88/1024: $59\work[19:5] [5]
    89/1024: $59\work[19:5] [6]
    90/1024: $59\work[19:5] [7]
    91/1024: $59\work[19:5] [8]
    92/1024: $59\work[19:5] [9]
    93/1024: $59\work[19:5] [10]
    94/1024: $59\work[19:5] [11]
    95/1024: $59\work[19:5] [12]
    96/1024: $59\work[19:5] [13]
    97/1024: $58\work[20:6] [14]
    98/1024: $58\coefficient_index[31:0]
    99/1024: $58\work[20:6] [0]
   100/1024: $58\work[20:6] [1]
   101/1024: $58\work[20:6] [2]
   102/1024: $58\work[20:6] [3]
   103/1024: $58\work[20:6] [4]
   104/1024: $58\work[20:6] [5]
   105/1024: $58\work[20:6] [6]
   106/1024: $58\work[20:6] [7]
   107/1024: $58\work[20:6] [8]
   108/1024: $58\work[20:6] [9]
   109/1024: $58\work[20:6] [10]
   110/1024: $58\work[20:6] [11]
   111/1024: $58\work[20:6] [12]
   112/1024: $58\work[20:6] [13]
   113/1024: $57\work[21:7] [14]
   114/1024: $57\coefficient_index[31:0]
   115/1024: $57\work[21:7] [0]
   116/1024: $57\work[21:7] [1]
   117/1024: $57\work[21:7] [2]
   118/1024: $57\work[21:7] [3]
   119/1024: $57\work[21:7] [4]
   120/1024: $57\work[21:7] [5]
   121/1024: $57\work[21:7] [6]
   122/1024: $57\work[21:7] [7]
   123/1024: $57\work[21:7] [8]
   124/1024: $57\work[21:7] [9]
   125/1024: $57\work[21:7] [10]
   126/1024: $57\work[21:7] [11]
   127/1024: $57\work[21:7] [12]
   128/1024: $57\work[21:7] [13]
   129/1024: $56\work[22:8] [14]
   130/1024: $56\coefficient_index[31:0]
   131/1024: $56\work[22:8] [0]
   132/1024: $56\work[22:8] [1]
   133/1024: $56\work[22:8] [2]
   134/1024: $56\work[22:8] [3]
   135/1024: $56\work[22:8] [4]
   136/1024: $56\work[22:8] [5]
   137/1024: $56\work[22:8] [6]
   138/1024: $56\work[22:8] [7]
   139/1024: $56\work[22:8] [8]
   140/1024: $56\work[22:8] [9]
   141/1024: $56\work[22:8] [10]
   142/1024: $56\work[22:8] [11]
   143/1024: $56\work[22:8] [12]
   144/1024: $56\work[22:8] [13]
   145/1024: $55\work[23:9] [14]
   146/1024: $55\coefficient_index[31:0]
   147/1024: $55\work[23:9] [0]
   148/1024: $55\work[23:9] [1]
   149/1024: $55\work[23:9] [2]
   150/1024: $55\work[23:9] [3]
   151/1024: $55\work[23:9] [4]
   152/1024: $55\work[23:9] [5]
   153/1024: $55\work[23:9] [6]
   154/1024: $55\work[23:9] [7]
   155/1024: $55\work[23:9] [8]
   156/1024: $55\work[23:9] [9]
   157/1024: $55\work[23:9] [10]
   158/1024: $55\work[23:9] [11]
   159/1024: $55\work[23:9] [12]
   160/1024: $55\work[23:9] [13]
   161/1024: $54\work[24:10] [14]
   162/1024: $54\coefficient_index[31:0]
   163/1024: $54\work[24:10] [0]
   164/1024: $54\work[24:10] [1]
   165/1024: $54\work[24:10] [2]
   166/1024: $54\work[24:10] [3]
   167/1024: $54\work[24:10] [4]
   168/1024: $54\work[24:10] [5]
   169/1024: $54\work[24:10] [6]
   170/1024: $54\work[24:10] [7]
   171/1024: $54\work[24:10] [8]
   172/1024: $54\work[24:10] [9]
   173/1024: $54\work[24:10] [10]
   174/1024: $54\work[24:10] [11]
   175/1024: $54\work[24:10] [12]
   176/1024: $54\work[24:10] [13]
   177/1024: $53\work[25:11] [14]
   178/1024: $53\coefficient_index[31:0]
   179/1024: $53\work[25:11] [0]
   180/1024: $53\work[25:11] [1]
   181/1024: $53\work[25:11] [2]
   182/1024: $53\work[25:11] [3]
   183/1024: $53\work[25:11] [4]
   184/1024: $53\work[25:11] [5]
   185/1024: $53\work[25:11] [6]
   186/1024: $53\work[25:11] [7]
   187/1024: $53\work[25:11] [8]
   188/1024: $53\work[25:11] [9]
   189/1024: $53\work[25:11] [10]
   190/1024: $53\work[25:11] [11]
   191/1024: $53\work[25:11] [12]
   192/1024: $53\work[25:11] [13]
   193/1024: $52\work[26:12] [14]
   194/1024: $52\coefficient_index[31:0]
   195/1024: $52\work[26:12] [0]
   196/1024: $52\work[26:12] [1]
   197/1024: $52\work[26:12] [2]
   198/1024: $52\work[26:12] [3]
   199/1024: $52\work[26:12] [4]
   200/1024: $52\work[26:12] [5]
   201/1024: $52\work[26:12] [6]
   202/1024: $52\work[26:12] [7]
   203/1024: $52\work[26:12] [8]
   204/1024: $52\work[26:12] [9]
   205/1024: $52\work[26:12] [10]
   206/1024: $52\work[26:12] [11]
   207/1024: $52\work[26:12] [12]
   208/1024: $52\work[26:12] [13]
   209/1024: $51\work[27:13] [14]
   210/1024: $51\coefficient_index[31:0]
   211/1024: $51\work[27:13] [0]
   212/1024: $51\work[27:13] [1]
   213/1024: $51\work[27:13] [2]
   214/1024: $51\work[27:13] [3]
   215/1024: $51\work[27:13] [4]
   216/1024: $51\work[27:13] [5]
   217/1024: $51\work[27:13] [6]
   218/1024: $51\work[27:13] [7]
   219/1024: $51\work[27:13] [8]
   220/1024: $51\work[27:13] [9]
   221/1024: $51\work[27:13] [10]
   222/1024: $51\work[27:13] [11]
   223/1024: $51\work[27:13] [12]
   224/1024: $51\work[27:13] [13]
   225/1024: $50\work[28:14] [14]
   226/1024: $50\coefficient_index[31:0]
   227/1024: $50\work[28:14] [0]
   228/1024: $50\work[28:14] [1]
   229/1024: $50\work[28:14] [2]
   230/1024: $50\work[28:14] [3]
   231/1024: $50\work[28:14] [4]
   232/1024: $50\work[28:14] [5]
   233/1024: $50\work[28:14] [6]
   234/1024: $50\work[28:14] [7]
   235/1024: $50\work[28:14] [8]
   236/1024: $50\work[28:14] [9]
   237/1024: $50\work[28:14] [10]
   238/1024: $50\work[28:14] [11]
   239/1024: $50\work[28:14] [12]
   240/1024: $50\work[28:14] [13]
   241/1024: $49\work[29:15] [14]
   242/1024: $49\coefficient_index[31:0]
   243/1024: $49\work[29:15] [0]
   244/1024: $49\work[29:15] [1]
   245/1024: $49\work[29:15] [2]
   246/1024: $49\work[29:15] [3]
   247/1024: $49\work[29:15] [4]
   248/1024: $49\work[29:15] [5]
   249/1024: $49\work[29:15] [6]
   250/1024: $49\work[29:15] [7]
   251/1024: $49\work[29:15] [8]
   252/1024: $49\work[29:15] [9]
   253/1024: $49\work[29:15] [10]
   254/1024: $49\work[29:15] [11]
   255/1024: $49\work[29:15] [12]
   256/1024: $49\work[29:15] [13]
   257/1024: $48\work[30:16] [14]
   258/1024: $48\coefficient_index[31:0]
   259/1024: $48\work[30:16] [0]
   260/1024: $48\work[30:16] [1]
   261/1024: $48\work[30:16] [2]
   262/1024: $48\work[30:16] [3]
   263/1024: $48\work[30:16] [4]
   264/1024: $48\work[30:16] [5]
   265/1024: $48\work[30:16] [6]
   266/1024: $48\work[30:16] [7]
   267/1024: $48\work[30:16] [8]
   268/1024: $48\work[30:16] [9]
   269/1024: $48\work[30:16] [10]
   270/1024: $48\work[30:16] [11]
   271/1024: $48\work[30:16] [12]
   272/1024: $48\work[30:16] [13]
   273/1024: $47\work[31:17] [14]
   274/1024: $47\coefficient_index[31:0]
   275/1024: $47\work[31:17] [0]
   276/1024: $47\work[31:17] [1]
   277/1024: $47\work[31:17] [2]
   278/1024: $47\work[31:17] [3]
   279/1024: $47\work[31:17] [4]
   280/1024: $47\work[31:17] [5]
   281/1024: $47\work[31:17] [6]
   282/1024: $47\work[31:17] [7]
   283/1024: $47\work[31:17] [8]
   284/1024: $47\work[31:17] [9]
   285/1024: $47\work[31:17] [10]
   286/1024: $47\work[31:17] [11]
   287/1024: $47\work[31:17] [12]
   288/1024: $47\work[31:17] [13]
   289/1024: $46\work[32:18] [14]
   290/1024: $46\coefficient_index[31:0]
   291/1024: $46\work[32:18] [0]
   292/1024: $46\work[32:18] [1]
   293/1024: $46\work[32:18] [2]
   294/1024: $46\work[32:18] [3]
   295/1024: $46\work[32:18] [4]
   296/1024: $46\work[32:18] [5]
   297/1024: $46\work[32:18] [6]
   298/1024: $46\work[32:18] [7]
   299/1024: $46\work[32:18] [8]
   300/1024: $46\work[32:18] [9]
   301/1024: $46\work[32:18] [10]
   302/1024: $46\work[32:18] [11]
   303/1024: $46\work[32:18] [12]
   304/1024: $46\work[32:18] [13]
   305/1024: $45\work[33:19] [14]
   306/1024: $45\coefficient_index[31:0]
   307/1024: $45\work[33:19] [0]
   308/1024: $45\work[33:19] [1]
   309/1024: $45\work[33:19] [2]
   310/1024: $45\work[33:19] [3]
   311/1024: $45\work[33:19] [4]
   312/1024: $45\work[33:19] [5]
   313/1024: $45\work[33:19] [6]
   314/1024: $45\work[33:19] [7]
   315/1024: $45\work[33:19] [8]
   316/1024: $45\work[33:19] [9]
   317/1024: $45\work[33:19] [10]
   318/1024: $45\work[33:19] [11]
   319/1024: $45\work[33:19] [12]
   320/1024: $45\work[33:19] [13]
   321/1024: $44\work[34:20] [14]
   322/1024: $44\coefficient_index[31:0]
   323/1024: $44\work[34:20] [0]
   324/1024: $44\work[34:20] [1]
   325/1024: $44\work[34:20] [2]
   326/1024: $44\work[34:20] [3]
   327/1024: $44\work[34:20] [4]
   328/1024: $44\work[34:20] [5]
   329/1024: $44\work[34:20] [6]
   330/1024: $44\work[34:20] [7]
   331/1024: $44\work[34:20] [8]
   332/1024: $44\work[34:20] [9]
   333/1024: $44\work[34:20] [10]
   334/1024: $44\work[34:20] [11]
   335/1024: $44\work[34:20] [12]
   336/1024: $44\work[34:20] [13]
   337/1024: $43\work[35:21] [14]
   338/1024: $43\coefficient_index[31:0]
   339/1024: $43\work[35:21] [0]
   340/1024: $43\work[35:21] [1]
   341/1024: $43\work[35:21] [2]
   342/1024: $43\work[35:21] [3]
   343/1024: $43\work[35:21] [4]
   344/1024: $43\work[35:21] [5]
   345/1024: $43\work[35:21] [6]
   346/1024: $43\work[35:21] [7]
   347/1024: $43\work[35:21] [8]
   348/1024: $43\work[35:21] [9]
   349/1024: $43\work[35:21] [10]
   350/1024: $43\work[35:21] [11]
   351/1024: $43\work[35:21] [12]
   352/1024: $43\work[35:21] [13]
   353/1024: $42\work[36:22] [14]
   354/1024: $42\coefficient_index[31:0]
   355/1024: $42\work[36:22] [0]
   356/1024: $42\work[36:22] [1]
   357/1024: $42\work[36:22] [2]
   358/1024: $42\work[36:22] [3]
   359/1024: $42\work[36:22] [4]
   360/1024: $42\work[36:22] [5]
   361/1024: $42\work[36:22] [6]
   362/1024: $42\work[36:22] [7]
   363/1024: $42\work[36:22] [8]
   364/1024: $42\work[36:22] [9]
   365/1024: $42\work[36:22] [10]
   366/1024: $42\work[36:22] [11]
   367/1024: $42\work[36:22] [12]
   368/1024: $42\work[36:22] [13]
   369/1024: $41\work[37:23] [14]
   370/1024: $41\coefficient_index[31:0]
   371/1024: $41\work[37:23] [0]
   372/1024: $41\work[37:23] [1]
   373/1024: $41\work[37:23] [2]
   374/1024: $41\work[37:23] [3]
   375/1024: $41\work[37:23] [4]
   376/1024: $41\work[37:23] [5]
   377/1024: $41\work[37:23] [6]
   378/1024: $41\work[37:23] [7]
   379/1024: $41\work[37:23] [8]
   380/1024: $41\work[37:23] [9]
   381/1024: $41\work[37:23] [10]
   382/1024: $41\work[37:23] [11]
   383/1024: $41\work[37:23] [12]
   384/1024: $41\work[37:23] [13]
   385/1024: $40\work[38:24] [14]
   386/1024: $40\coefficient_index[31:0]
   387/1024: $40\work[38:24] [0]
   388/1024: $40\work[38:24] [1]
   389/1024: $40\work[38:24] [2]
   390/1024: $40\work[38:24] [3]
   391/1024: $40\work[38:24] [4]
   392/1024: $40\work[38:24] [5]
   393/1024: $40\work[38:24] [6]
   394/1024: $40\work[38:24] [7]
   395/1024: $40\work[38:24] [8]
   396/1024: $40\work[38:24] [9]
   397/1024: $40\work[38:24] [10]
   398/1024: $40\work[38:24] [11]
   399/1024: $40\work[38:24] [12]
   400/1024: $40\work[38:24] [13]
   401/1024: $39\work[39:25] [14]
   402/1024: $39\coefficient_index[31:0]
   403/1024: $39\work[39:25] [0]
   404/1024: $39\work[39:25] [1]
   405/1024: $39\work[39:25] [2]
   406/1024: $39\work[39:25] [3]
   407/1024: $39\work[39:25] [4]
   408/1024: $39\work[39:25] [5]
   409/1024: $39\work[39:25] [6]
   410/1024: $39\work[39:25] [7]
   411/1024: $39\work[39:25] [8]
   412/1024: $39\work[39:25] [9]
   413/1024: $39\work[39:25] [10]
   414/1024: $39\work[39:25] [11]
   415/1024: $39\work[39:25] [12]
   416/1024: $39\work[39:25] [13]
   417/1024: $38\work[40:26] [14]
   418/1024: $38\coefficient_index[31:0]
   419/1024: $38\work[40:26] [0]
   420/1024: $38\work[40:26] [1]
   421/1024: $38\work[40:26] [2]
   422/1024: $38\work[40:26] [3]
   423/1024: $38\work[40:26] [4]
   424/1024: $38\work[40:26] [5]
   425/1024: $38\work[40:26] [6]
   426/1024: $38\work[40:26] [7]
   427/1024: $38\work[40:26] [8]
   428/1024: $38\work[40:26] [9]
   429/1024: $38\work[40:26] [10]
   430/1024: $38\work[40:26] [11]
   431/1024: $38\work[40:26] [12]
   432/1024: $38\work[40:26] [13]
   433/1024: $37\work[41:27] [14]
   434/1024: $37\coefficient_index[31:0]
   435/1024: $37\work[41:27] [0]
   436/1024: $37\work[41:27] [1]
   437/1024: $37\work[41:27] [2]
   438/1024: $37\work[41:27] [3]
   439/1024: $37\work[41:27] [4]
   440/1024: $37\work[41:27] [5]
   441/1024: $37\work[41:27] [6]
   442/1024: $37\work[41:27] [7]
   443/1024: $37\work[41:27] [8]
   444/1024: $37\work[41:27] [9]
   445/1024: $37\work[41:27] [10]
   446/1024: $37\work[41:27] [11]
   447/1024: $37\work[41:27] [12]
   448/1024: $37\work[41:27] [13]
   449/1024: $36\work[42:28] [14]
   450/1024: $36\coefficient_index[31:0]
   451/1024: $36\work[42:28] [0]
   452/1024: $36\work[42:28] [1]
   453/1024: $36\work[42:28] [2]
   454/1024: $36\work[42:28] [3]
   455/1024: $36\work[42:28] [4]
   456/1024: $36\work[42:28] [5]
   457/1024: $36\work[42:28] [6]
   458/1024: $36\work[42:28] [7]
   459/1024: $36\work[42:28] [8]
   460/1024: $36\work[42:28] [9]
   461/1024: $36\work[42:28] [10]
   462/1024: $36\work[42:28] [11]
   463/1024: $36\work[42:28] [12]
   464/1024: $36\work[42:28] [13]
   465/1024: $35\work[43:29] [14]
   466/1024: $35\coefficient_index[31:0]
   467/1024: $35\work[43:29] [0]
   468/1024: $35\work[43:29] [1]
   469/1024: $35\work[43:29] [2]
   470/1024: $35\work[43:29] [3]
   471/1024: $35\work[43:29] [4]
   472/1024: $35\work[43:29] [5]
   473/1024: $35\work[43:29] [6]
   474/1024: $35\work[43:29] [7]
   475/1024: $35\work[43:29] [8]
   476/1024: $35\work[43:29] [9]
   477/1024: $35\work[43:29] [10]
   478/1024: $35\work[43:29] [11]
   479/1024: $35\work[43:29] [12]
   480/1024: $35\work[43:29] [13]
   481/1024: $34\work[44:30] [14]
   482/1024: $34\coefficient_index[31:0]
   483/1024: $34\work[44:30] [0]
   484/1024: $34\work[44:30] [1]
   485/1024: $34\work[44:30] [2]
   486/1024: $34\work[44:30] [3]
   487/1024: $34\work[44:30] [4]
   488/1024: $34\work[44:30] [5]
   489/1024: $34\work[44:30] [6]
   490/1024: $34\work[44:30] [7]
   491/1024: $34\work[44:30] [8]
   492/1024: $34\work[44:30] [9]
   493/1024: $34\work[44:30] [10]
   494/1024: $34\work[44:30] [11]
   495/1024: $34\work[44:30] [12]
   496/1024: $34\work[44:30] [13]
   497/1024: $33\work[45:31] [14]
   498/1024: $33\coefficient_index[31:0]
   499/1024: $33\work[45:31] [0]
   500/1024: $33\work[45:31] [1]
   501/1024: $33\work[45:31] [2]
   502/1024: $33\work[45:31] [3]
   503/1024: $33\work[45:31] [4]
   504/1024: $33\work[45:31] [5]
   505/1024: $33\work[45:31] [6]
   506/1024: $33\work[45:31] [7]
   507/1024: $33\work[45:31] [8]
   508/1024: $33\work[45:31] [9]
   509/1024: $33\work[45:31] [10]
   510/1024: $33\work[45:31] [11]
   511/1024: $33\work[45:31] [12]
   512/1024: $33\work[45:31] [13]
   513/1024: $32\work[46:32] [14]
   514/1024: $32\coefficient_index[31:0]
   515/1024: $32\work[46:32] [0]
   516/1024: $32\work[46:32] [1]
   517/1024: $32\work[46:32] [2]
   518/1024: $32\work[46:32] [3]
   519/1024: $32\work[46:32] [4]
   520/1024: $32\work[46:32] [5]
   521/1024: $32\work[46:32] [6]
   522/1024: $32\work[46:32] [7]
   523/1024: $32\work[46:32] [8]
   524/1024: $32\work[46:32] [9]
   525/1024: $32\work[46:32] [10]
   526/1024: $32\work[46:32] [11]
   527/1024: $32\work[46:32] [12]
   528/1024: $32\work[46:32] [13]
   529/1024: $31\work[47:33] [14]
   530/1024: $31\coefficient_index[31:0]
   531/1024: $31\work[47:33] [0]
   532/1024: $31\work[47:33] [1]
   533/1024: $31\work[47:33] [2]
   534/1024: $31\work[47:33] [3]
   535/1024: $31\work[47:33] [4]
   536/1024: $31\work[47:33] [5]
   537/1024: $31\work[47:33] [6]
   538/1024: $31\work[47:33] [7]
   539/1024: $31\work[47:33] [8]
   540/1024: $31\work[47:33] [9]
   541/1024: $31\work[47:33] [10]
   542/1024: $31\work[47:33] [11]
   543/1024: $31\work[47:33] [12]
   544/1024: $31\work[47:33] [13]
   545/1024: $30\work[48:34] [14]
   546/1024: $30\coefficient_index[31:0]
   547/1024: $30\work[48:34] [0]
   548/1024: $30\work[48:34] [1]
   549/1024: $30\work[48:34] [2]
   550/1024: $30\work[48:34] [3]
   551/1024: $30\work[48:34] [4]
   552/1024: $30\work[48:34] [5]
   553/1024: $30\work[48:34] [6]
   554/1024: $30\work[48:34] [7]
   555/1024: $30\work[48:34] [8]
   556/1024: $30\work[48:34] [9]
   557/1024: $30\work[48:34] [10]
   558/1024: $30\work[48:34] [11]
   559/1024: $30\work[48:34] [12]
   560/1024: $30\work[48:34] [13]
   561/1024: $29\work[49:35] [14]
   562/1024: $29\coefficient_index[31:0]
   563/1024: $29\work[49:35] [0]
   564/1024: $29\work[49:35] [1]
   565/1024: $29\work[49:35] [2]
   566/1024: $29\work[49:35] [3]
   567/1024: $29\work[49:35] [4]
   568/1024: $29\work[49:35] [5]
   569/1024: $29\work[49:35] [6]
   570/1024: $29\work[49:35] [7]
   571/1024: $29\work[49:35] [8]
   572/1024: $29\work[49:35] [9]
   573/1024: $29\work[49:35] [10]
   574/1024: $29\work[49:35] [11]
   575/1024: $29\work[49:35] [12]
   576/1024: $29\work[49:35] [13]
   577/1024: $28\work[50:36] [14]
   578/1024: $28\coefficient_index[31:0]
   579/1024: $28\work[50:36] [0]
   580/1024: $28\work[50:36] [1]
   581/1024: $28\work[50:36] [2]
   582/1024: $28\work[50:36] [3]
   583/1024: $28\work[50:36] [4]
   584/1024: $28\work[50:36] [5]
   585/1024: $28\work[50:36] [6]
   586/1024: $28\work[50:36] [7]
   587/1024: $28\work[50:36] [8]
   588/1024: $28\work[50:36] [9]
   589/1024: $28\work[50:36] [10]
   590/1024: $28\work[50:36] [11]
   591/1024: $28\work[50:36] [12]
   592/1024: $28\work[50:36] [13]
   593/1024: $27\work[51:37] [14]
   594/1024: $27\coefficient_index[31:0]
   595/1024: $27\work[51:37] [0]
   596/1024: $27\work[51:37] [1]
   597/1024: $27\work[51:37] [2]
   598/1024: $27\work[51:37] [3]
   599/1024: $27\work[51:37] [4]
   600/1024: $27\work[51:37] [5]
   601/1024: $27\work[51:37] [6]
   602/1024: $27\work[51:37] [7]
   603/1024: $27\work[51:37] [8]
   604/1024: $27\work[51:37] [9]
   605/1024: $27\work[51:37] [10]
   606/1024: $27\work[51:37] [11]
   607/1024: $27\work[51:37] [12]
   608/1024: $27\work[51:37] [13]
   609/1024: $26\work[52:38] [14]
   610/1024: $26\coefficient_index[31:0]
   611/1024: $26\work[52:38] [0]
   612/1024: $26\work[52:38] [1]
   613/1024: $26\work[52:38] [2]
   614/1024: $26\work[52:38] [3]
   615/1024: $26\work[52:38] [4]
   616/1024: $26\work[52:38] [5]
   617/1024: $26\work[52:38] [6]
   618/1024: $26\work[52:38] [7]
   619/1024: $26\work[52:38] [8]
   620/1024: $26\work[52:38] [9]
   621/1024: $26\work[52:38] [10]
   622/1024: $26\work[52:38] [11]
   623/1024: $26\work[52:38] [12]
   624/1024: $26\work[52:38] [13]
   625/1024: $25\work[53:39] [14]
   626/1024: $25\coefficient_index[31:0]
   627/1024: $25\work[53:39] [0]
   628/1024: $25\work[53:39] [1]
   629/1024: $25\work[53:39] [2]
   630/1024: $25\work[53:39] [3]
   631/1024: $25\work[53:39] [4]
   632/1024: $25\work[53:39] [5]
   633/1024: $25\work[53:39] [6]
   634/1024: $25\work[53:39] [7]
   635/1024: $25\work[53:39] [8]
   636/1024: $25\work[53:39] [9]
   637/1024: $25\work[53:39] [10]
   638/1024: $25\work[53:39] [11]
   639/1024: $25\work[53:39] [12]
   640/1024: $25\work[53:39] [13]
   641/1024: $24\work[54:40] [14]
   642/1024: $24\coefficient_index[31:0]
   643/1024: $24\work[54:40] [0]
   644/1024: $24\work[54:40] [1]
   645/1024: $24\work[54:40] [2]
   646/1024: $24\work[54:40] [3]
   647/1024: $24\work[54:40] [4]
   648/1024: $24\work[54:40] [5]
   649/1024: $24\work[54:40] [6]
   650/1024: $24\work[54:40] [7]
   651/1024: $24\work[54:40] [8]
   652/1024: $24\work[54:40] [9]
   653/1024: $24\work[54:40] [10]
   654/1024: $24\work[54:40] [11]
   655/1024: $24\work[54:40] [12]
   656/1024: $24\work[54:40] [13]
   657/1024: $23\work[55:41] [14]
   658/1024: $23\coefficient_index[31:0]
   659/1024: $23\work[55:41] [0]
   660/1024: $23\work[55:41] [1]
   661/1024: $23\work[55:41] [2]
   662/1024: $23\work[55:41] [3]
   663/1024: $23\work[55:41] [4]
   664/1024: $23\work[55:41] [5]
   665/1024: $23\work[55:41] [6]
   666/1024: $23\work[55:41] [7]
   667/1024: $23\work[55:41] [8]
   668/1024: $23\work[55:41] [9]
   669/1024: $23\work[55:41] [10]
   670/1024: $23\work[55:41] [11]
   671/1024: $23\work[55:41] [12]
   672/1024: $23\work[55:41] [13]
   673/1024: $22\work[56:42] [14]
   674/1024: $22\coefficient_index[31:0]
   675/1024: $22\work[56:42] [0]
   676/1024: $22\work[56:42] [1]
   677/1024: $22\work[56:42] [2]
   678/1024: $22\work[56:42] [3]
   679/1024: $22\work[56:42] [4]
   680/1024: $22\work[56:42] [5]
   681/1024: $22\work[56:42] [6]
   682/1024: $22\work[56:42] [7]
   683/1024: $22\work[56:42] [8]
   684/1024: $22\work[56:42] [9]
   685/1024: $22\work[56:42] [10]
   686/1024: $22\work[56:42] [11]
   687/1024: $22\work[56:42] [12]
   688/1024: $22\work[56:42] [13]
   689/1024: $21\work[57:43] [14]
   690/1024: $21\coefficient_index[31:0]
   691/1024: $21\work[57:43] [0]
   692/1024: $21\work[57:43] [1]
   693/1024: $21\work[57:43] [2]
   694/1024: $21\work[57:43] [3]
   695/1024: $21\work[57:43] [4]
   696/1024: $21\work[57:43] [5]
   697/1024: $21\work[57:43] [6]
   698/1024: $21\work[57:43] [7]
   699/1024: $21\work[57:43] [8]
   700/1024: $21\work[57:43] [9]
   701/1024: $21\work[57:43] [10]
   702/1024: $21\work[57:43] [11]
   703/1024: $21\work[57:43] [12]
   704/1024: $21\work[57:43] [13]
   705/1024: $20\work[58:44] [14]
   706/1024: $20\coefficient_index[31:0]
   707/1024: $20\work[58:44] [0]
   708/1024: $20\work[58:44] [1]
   709/1024: $20\work[58:44] [2]
   710/1024: $20\work[58:44] [3]
   711/1024: $20\work[58:44] [4]
   712/1024: $20\work[58:44] [5]
   713/1024: $20\work[58:44] [6]
   714/1024: $20\work[58:44] [7]
   715/1024: $20\work[58:44] [8]
   716/1024: $20\work[58:44] [9]
   717/1024: $20\work[58:44] [10]
   718/1024: $20\work[58:44] [11]
   719/1024: $20\work[58:44] [12]
   720/1024: $20\work[58:44] [13]
   721/1024: $19\work[59:45] [14]
   722/1024: $19\coefficient_index[31:0]
   723/1024: $19\work[59:45] [0]
   724/1024: $19\work[59:45] [1]
   725/1024: $19\work[59:45] [2]
   726/1024: $19\work[59:45] [3]
   727/1024: $19\work[59:45] [4]
   728/1024: $19\work[59:45] [5]
   729/1024: $19\work[59:45] [6]
   730/1024: $19\work[59:45] [7]
   731/1024: $19\work[59:45] [8]
   732/1024: $19\work[59:45] [9]
   733/1024: $19\work[59:45] [10]
   734/1024: $19\work[59:45] [11]
   735/1024: $19\work[59:45] [12]
   736/1024: $19\work[59:45] [13]
   737/1024: $18\work[60:46] [14]
   738/1024: $18\coefficient_index[31:0]
   739/1024: $18\work[60:46] [0]
   740/1024: $18\work[60:46] [1]
   741/1024: $18\work[60:46] [2]
   742/1024: $18\work[60:46] [3]
   743/1024: $18\work[60:46] [4]
   744/1024: $18\work[60:46] [5]
   745/1024: $18\work[60:46] [6]
   746/1024: $18\work[60:46] [7]
   747/1024: $18\work[60:46] [8]
   748/1024: $18\work[60:46] [9]
   749/1024: $18\work[60:46] [10]
   750/1024: $18\work[60:46] [11]
   751/1024: $18\work[60:46] [12]
   752/1024: $18\work[60:46] [13]
   753/1024: $17\work[61:47] [14]
   754/1024: $17\coefficient_index[31:0]
   755/1024: $17\work[61:47] [0]
   756/1024: $17\work[61:47] [1]
   757/1024: $17\work[61:47] [2]
   758/1024: $17\work[61:47] [3]
   759/1024: $17\work[61:47] [4]
   760/1024: $17\work[61:47] [5]
   761/1024: $17\work[61:47] [6]
   762/1024: $17\work[61:47] [7]
   763/1024: $17\work[61:47] [8]
   764/1024: $17\work[61:47] [9]
   765/1024: $17\work[61:47] [10]
   766/1024: $17\work[61:47] [11]
   767/1024: $17\work[61:47] [12]
   768/1024: $17\work[61:47] [13]
   769/1024: $16\work[62:48] [14]
   770/1024: $16\coefficient_index[31:0]
   771/1024: $16\work[62:48] [0]
   772/1024: $16\work[62:48] [1]
   773/1024: $16\work[62:48] [2]
   774/1024: $16\work[62:48] [3]
   775/1024: $16\work[62:48] [4]
   776/1024: $16\work[62:48] [5]
   777/1024: $16\work[62:48] [6]
   778/1024: $16\work[62:48] [7]
   779/1024: $16\work[62:48] [8]
   780/1024: $16\work[62:48] [9]
   781/1024: $16\work[62:48] [10]
   782/1024: $16\work[62:48] [11]
   783/1024: $16\work[62:48] [12]
   784/1024: $16\work[62:48] [13]
   785/1024: $15\work[63:49] [14]
   786/1024: $15\coefficient_index[31:0]
   787/1024: $15\work[63:49] [0]
   788/1024: $15\work[63:49] [1]
   789/1024: $15\work[63:49] [2]
   790/1024: $15\work[63:49] [3]
   791/1024: $15\work[63:49] [4]
   792/1024: $15\work[63:49] [5]
   793/1024: $15\work[63:49] [6]
   794/1024: $15\work[63:49] [7]
   795/1024: $15\work[63:49] [8]
   796/1024: $15\work[63:49] [9]
   797/1024: $15\work[63:49] [10]
   798/1024: $15\work[63:49] [11]
   799/1024: $15\work[63:49] [12]
   800/1024: $15\work[63:49] [13]
   801/1024: $14\work[64:50] [14]
   802/1024: $14\coefficient_index[31:0]
   803/1024: $14\work[64:50] [0]
   804/1024: $14\work[64:50] [1]
   805/1024: $14\work[64:50] [2]
   806/1024: $14\work[64:50] [3]
   807/1024: $14\work[64:50] [4]
   808/1024: $14\work[64:50] [5]
   809/1024: $14\work[64:50] [6]
   810/1024: $14\work[64:50] [7]
   811/1024: $14\work[64:50] [8]
   812/1024: $14\work[64:50] [9]
   813/1024: $14\work[64:50] [10]
   814/1024: $14\work[64:50] [11]
   815/1024: $14\work[64:50] [12]
   816/1024: $14\work[64:50] [13]
   817/1024: $13\work[65:51] [14]
   818/1024: $13\coefficient_index[31:0]
   819/1024: $13\work[65:51] [0]
   820/1024: $13\work[65:51] [1]
   821/1024: $13\work[65:51] [2]
   822/1024: $13\work[65:51] [3]
   823/1024: $13\work[65:51] [4]
   824/1024: $13\work[65:51] [5]
   825/1024: $13\work[65:51] [6]
   826/1024: $13\work[65:51] [7]
   827/1024: $13\work[65:51] [8]
   828/1024: $13\work[65:51] [9]
   829/1024: $13\work[65:51] [10]
   830/1024: $13\work[65:51] [11]
   831/1024: $13\work[65:51] [12]
   832/1024: $13\work[65:51] [13]
   833/1024: $12\work[66:52] [14]
   834/1024: $12\coefficient_index[31:0]
   835/1024: $12\work[66:52] [0]
   836/1024: $12\work[66:52] [1]
   837/1024: $12\work[66:52] [2]
   838/1024: $12\work[66:52] [3]
   839/1024: $12\work[66:52] [4]
   840/1024: $12\work[66:52] [5]
   841/1024: $12\work[66:52] [6]
   842/1024: $12\work[66:52] [7]
   843/1024: $12\work[66:52] [8]
   844/1024: $12\work[66:52] [9]
   845/1024: $12\work[66:52] [10]
   846/1024: $12\work[66:52] [11]
   847/1024: $12\work[66:52] [12]
   848/1024: $12\work[66:52] [13]
   849/1024: $11\work[67:53] [14]
   850/1024: $11\coefficient_index[31:0]
   851/1024: $11\work[67:53] [0]
   852/1024: $11\work[67:53] [1]
   853/1024: $11\work[67:53] [2]
   854/1024: $11\work[67:53] [3]
   855/1024: $11\work[67:53] [4]
   856/1024: $11\work[67:53] [5]
   857/1024: $11\work[67:53] [6]
   858/1024: $11\work[67:53] [7]
   859/1024: $11\work[67:53] [8]
   860/1024: $11\work[67:53] [9]
   861/1024: $11\work[67:53] [10]
   862/1024: $11\work[67:53] [11]
   863/1024: $11\work[67:53] [12]
   864/1024: $11\work[67:53] [13]
   865/1024: $10\work[68:54] [14]
   866/1024: $10\coefficient_index[31:0]
   867/1024: $10\work[68:54] [0]
   868/1024: $10\work[68:54] [1]
   869/1024: $10\work[68:54] [2]
   870/1024: $10\work[68:54] [3]
   871/1024: $10\work[68:54] [4]
   872/1024: $10\work[68:54] [5]
   873/1024: $10\work[68:54] [6]
   874/1024: $10\work[68:54] [7]
   875/1024: $10\work[68:54] [8]
   876/1024: $10\work[68:54] [9]
   877/1024: $10\work[68:54] [10]
   878/1024: $10\work[68:54] [11]
   879/1024: $10\work[68:54] [12]
   880/1024: $10\work[68:54] [13]
   881/1024: $9\work[69:55] [14]
   882/1024: $9\coefficient_index[31:0]
   883/1024: $9\work[69:55] [0]
   884/1024: $9\work[69:55] [1]
   885/1024: $9\work[69:55] [2]
   886/1024: $9\work[69:55] [3]
   887/1024: $9\work[69:55] [4]
   888/1024: $9\work[69:55] [5]
   889/1024: $9\work[69:55] [6]
   890/1024: $9\work[69:55] [7]
   891/1024: $9\work[69:55] [8]
   892/1024: $9\work[69:55] [9]
   893/1024: $9\work[69:55] [10]
   894/1024: $9\work[69:55] [11]
   895/1024: $9\work[69:55] [12]
   896/1024: $9\work[69:55] [13]
   897/1024: $8\work[70:56] [14]
   898/1024: $8\coefficient_index[31:0]
   899/1024: $8\work[70:56] [0]
   900/1024: $8\work[70:56] [1]
   901/1024: $8\work[70:56] [2]
   902/1024: $8\work[70:56] [3]
   903/1024: $8\work[70:56] [4]
   904/1024: $8\work[70:56] [5]
   905/1024: $8\work[70:56] [6]
   906/1024: $8\work[70:56] [7]
   907/1024: $8\work[70:56] [8]
   908/1024: $8\work[70:56] [9]
   909/1024: $8\work[70:56] [10]
   910/1024: $8\work[70:56] [11]
   911/1024: $8\work[70:56] [12]
   912/1024: $8\work[70:56] [13]
   913/1024: $7\work[71:57] [14]
   914/1024: $7\coefficient_index[31:0]
   915/1024: $7\work[71:57] [0]
   916/1024: $7\work[71:57] [1]
   917/1024: $7\work[71:57] [2]
   918/1024: $7\work[71:57] [3]
   919/1024: $7\work[71:57] [4]
   920/1024: $7\work[71:57] [5]
   921/1024: $7\work[71:57] [6]
   922/1024: $7\work[71:57] [7]
   923/1024: $7\work[71:57] [8]
   924/1024: $7\work[71:57] [9]
   925/1024: $7\work[71:57] [10]
   926/1024: $7\work[71:57] [11]
   927/1024: $7\work[71:57] [12]
   928/1024: $7\work[71:57] [13]
   929/1024: $6\work[72:58] [14]
   930/1024: $6\coefficient_index[31:0]
   931/1024: $6\work[72:58] [0]
   932/1024: $6\work[72:58] [1]
   933/1024: $6\work[72:58] [2]
   934/1024: $6\work[72:58] [3]
   935/1024: $6\work[72:58] [4]
   936/1024: $6\work[72:58] [5]
   937/1024: $6\work[72:58] [6]
   938/1024: $6\work[72:58] [7]
   939/1024: $6\work[72:58] [8]
   940/1024: $6\work[72:58] [9]
   941/1024: $6\work[72:58] [10]
   942/1024: $6\work[72:58] [11]
   943/1024: $6\work[72:58] [12]
   944/1024: $6\work[72:58] [13]
   945/1024: $5\work[73:59] [14]
   946/1024: $5\coefficient_index[31:0]
   947/1024: $5\work[73:59] [0]
   948/1024: $5\work[73:59] [1]
   949/1024: $5\work[73:59] [2]
   950/1024: $5\work[73:59] [3]
   951/1024: $5\work[73:59] [4]
   952/1024: $5\work[73:59] [5]
   953/1024: $5\work[73:59] [6]
   954/1024: $5\work[73:59] [7]
   955/1024: $5\work[73:59] [8]
   956/1024: $5\work[73:59] [9]
   957/1024: $5\work[73:59] [10]
   958/1024: $5\work[73:59] [11]
   959/1024: $5\work[73:59] [12]
   960/1024: $5\work[73:59] [13]
   961/1024: $4\work[74:60] [14]
   962/1024: $4\coefficient_index[31:0]
   963/1024: $4\work[74:60] [0]
   964/1024: $4\work[74:60] [1]
   965/1024: $4\work[74:60] [2]
   966/1024: $4\work[74:60] [3]
   967/1024: $4\work[74:60] [4]
   968/1024: $4\work[74:60] [5]
   969/1024: $4\work[74:60] [6]
   970/1024: $4\work[74:60] [7]
   971/1024: $4\work[74:60] [8]
   972/1024: $4\work[74:60] [9]
   973/1024: $4\work[74:60] [10]
   974/1024: $4\work[74:60] [11]
   975/1024: $4\work[74:60] [12]
   976/1024: $4\work[74:60] [13]
   977/1024: $3\work[75:61] [14]
   978/1024: $3\coefficient_index[31:0]
   979/1024: $3\work[75:61] [0]
   980/1024: $3\work[75:61] [1]
   981/1024: $3\work[75:61] [2]
   982/1024: $3\work[75:61] [3]
   983/1024: $3\work[75:61] [4]
   984/1024: $3\work[75:61] [5]
   985/1024: $3\work[75:61] [6]
   986/1024: $3\work[75:61] [7]
   987/1024: $3\work[75:61] [8]
   988/1024: $3\work[75:61] [9]
   989/1024: $3\work[75:61] [10]
   990/1024: $3\work[75:61] [11]
   991/1024: $3\work[75:61] [12]
   992/1024: $3\work[75:61] [13]
   993/1024: $2\work[76:62] [14]
   994/1024: $2\coefficient_index[31:0]
   995/1024: $2\work[76:62] [0]
   996/1024: $2\work[76:62] [1]
   997/1024: $2\work[76:62] [2]
   998/1024: $2\work[76:62] [3]
   999/1024: $2\work[76:62] [4]
  1000/1024: $2\work[76:62] [5]
  1001/1024: $2\work[76:62] [6]
  1002/1024: $2\work[76:62] [7]
  1003/1024: $2\work[76:62] [8]
  1004/1024: $2\work[76:62] [9]
  1005/1024: $2\work[76:62] [10]
  1006/1024: $2\work[76:62] [11]
  1007/1024: $2\work[76:62] [12]
  1008/1024: $2\work[76:62] [13]
  1009/1024: $1\work[77:63] [14]
  1010/1024: $1\coefficient_index[31:0]
  1011/1024: $1\work[77:63] [0]
  1012/1024: $1\work[77:63] [1]
  1013/1024: $1\work[77:63] [2]
  1014/1024: $1\work[77:63] [3]
  1015/1024: $1\work[77:63] [4]
  1016/1024: $1\work[77:63] [5]
  1017/1024: $1\work[77:63] [6]
  1018/1024: $1\work[77:63] [7]
  1019/1024: $1\work[77:63] [8]
  1020/1024: $1\work[77:63] [9]
  1021/1024: $1\work[77:63] [10]
  1022/1024: $1\work[77:63] [11]
  1023/1024: $1\work[77:63] [12]
  1024/1024: $1\work[77:63] [13]

3.8. Executing PROC_DLATCH pass (convert process syncs to latches).
No latch inferred for signal `\bch_78_64_t2_v1_encoder.\codeword_o' from process `\bch_78_64_t2_v1_encoder.$proc$asic/rtl/bch/bch_78_64_t2_v1.sv:14$7'.
No latch inferred for signal `\bch_78_64_t2_v1_encoder.\work' from process `\bch_78_64_t2_v1_encoder.$proc$asic/rtl/bch/bch_78_64_t2_v1.sv:14$7'.
No latch inferred for signal `\bch_78_64_t2_v1_encoder.\dividend_index' from process `\bch_78_64_t2_v1_encoder.$proc$asic/rtl/bch/bch_78_64_t2_v1.sv:14$7'.
Latch inferred for signal `\bch_78_64_t2_v1_encoder.\coefficient_index' from process `\bch_78_64_t2_v1_encoder.$proc$asic/rtl/bch/bch_78_64_t2_v1.sv:14$7': $auto$proc_dlatch.cc:427:proc_dlatch$15185

3.9. Executing PROC_DFF pass (convert process syncs to FFs).

3.10. Executing PROC_MEMWR pass (convert process memory writes to cells).

3.11. Executing PROC_CLEAN pass (remove empty switches from decision trees).
Found and cleaned up 64 empty switches in `\bch_78_64_t2_v1_encoder.$proc$asic/rtl/bch/bch_78_64_t2_v1.sv:14$7'.
Removing empty process `bch_78_64_t2_v1_encoder.$proc$asic/rtl/bch/bch_78_64_t2_v1.sv:14$7'.
Cleaned up 64 empty switches.

3.12. Executing OPT_EXPR pass (perform const folding).
Optimizing module bch_78_64_t2_v1_encoder.
<suppressed ~1538 debug messages>

4. Executing FLATTEN pass (flatten design).

5. Executing OPT pass (performing simple optimizations).

5.1. Executing OPT_EXPR pass (perform const folding).
Optimizing module bch_78_64_t2_v1_encoder.

5.2. Executing OPT_MERGE pass (detect identical cells).
Finding identical cells in module `\bch_78_64_t2_v1_encoder'.
<suppressed ~192 debug messages>
Removed a total of 64 cells.

5.3. Executing OPT_MUXTREE pass (detect dead branches in mux trees).
Running muxtree optimizer on module \bch_78_64_t2_v1_encoder..
  Creating internal representation of mux trees.
  Evaluating internal representation of mux trees.
  Analyzing evaluation results.
    dead port 1/2 on $mux $procmux$12320.
    dead port 2/2 on $mux $procmux$12320.
    dead port 1/2 on $mux $procmux$13088.
    dead port 2/2 on $mux $procmux$13088.
    dead port 1/2 on $mux $procmux$12272.
    dead port 2/2 on $mux $procmux$12272.
    dead port 1/2 on $mux $procmux$13616.
    dead port 2/2 on $mux $procmux$13616.
    dead port 1/2 on $mux $procmux$12224.
    dead port 2/2 on $mux $procmux$12224.
    dead port 1/2 on $mux $procmux$13568.
    dead port 2/2 on $mux $procmux$13568.
    dead port 1/2 on $mux $procmux$12176.
    dead port 2/2 on $mux $procmux$12176.
    dead port 1/2 on $mux $procmux$12128.
    dead port 2/2 on $mux $procmux$12128.
    dead port 1/2 on $mux $procmux$12656.
    dead port 2/2 on $mux $procmux$12656.
    dead port 1/2 on $mux $procmux$12080.
    dead port 2/2 on $mux $procmux$12080.
    dead port 1/2 on $mux $procmux$12032.
    dead port 2/2 on $mux $procmux$12032.
    dead port 1/2 on $mux $procmux$11984.
    dead port 2/2 on $mux $procmux$11984.
    dead port 1/2 on $mux $procmux$13376.
    dead port 2/2 on $mux $procmux$13376.
    dead port 1/2 on $mux $procmux$12560.
    dead port 2/2 on $mux $procmux$12560.
    dead port 1/2 on $mux $procmux$11936.
    dead port 2/2 on $mux $procmux$11936.
    dead port 1/2 on $mux $procmux$13328.
    dead port 2/2 on $mux $procmux$13328.
    dead port 1/2 on $mux $procmux$11888.
    dead port 2/2 on $mux $procmux$11888.
    dead port 1/2 on $mux $procmux$13280.
    dead port 2/2 on $mux $procmux$13280.
    dead port 1/2 on $mux $procmux$11840.
    dead port 2/2 on $mux $procmux$11840.
    dead port 1/2 on $mux $procmux$11792.
    dead port 2/2 on $mux $procmux$11792.
    dead port 1/2 on $mux $procmux$13232.
    dead port 2/2 on $mux $procmux$13232.
    dead port 1/2 on $mux $procmux$11744.
    dead port 2/2 on $mux $procmux$11744.
    dead port 1/2 on $mux $procmux$14288.
    dead port 2/2 on $mux $procmux$14288.
    dead port 1/2 on $mux $procmux$11696.
    dead port 2/2 on $mux $procmux$11696.
    dead port 1/2 on $mux $procmux$11648.
    dead port 2/2 on $mux $procmux$11648.
    dead port 1/2 on $mux $procmux$11600.
    dead port 2/2 on $mux $procmux$11600.
    dead port 1/2 on $mux $procmux$12944.
    dead port 2/2 on $mux $procmux$12944.
    dead port 1/2 on $mux $procmux$13136.
    dead port 2/2 on $mux $procmux$13136.
    dead port 1/2 on $mux $procmux$13184.
    dead port 2/2 on $mux $procmux$13184.
    dead port 1/2 on $mux $procmux$14432.
    dead port 2/2 on $mux $procmux$14432.
    dead port 1/2 on $mux $procmux$12848.
    dead port 2/2 on $mux $procmux$12848.
    dead port 1/2 on $mux $procmux$13424.
    dead port 2/2 on $mux $procmux$13424.
    dead port 1/2 on $mux $procmux$13472.
    dead port 2/2 on $mux $procmux$13472.
    dead port 1/2 on $mux $procmux$12512.
    dead port 2/2 on $mux $procmux$12512.
    dead port 1/2 on $mux $procmux$12800.
    dead port 2/2 on $mux $procmux$12800.
    dead port 1/2 on $mux $procmux$13520.
    dead port 2/2 on $mux $procmux$13520.
    dead port 1/2 on $mux $procmux$14576.
    dead port 2/2 on $mux $procmux$14576.
    dead port 1/2 on $mux $procmux$13664.
    dead port 2/2 on $mux $procmux$13664.
    dead port 1/2 on $mux $procmux$13760.
    dead port 2/2 on $mux $procmux$13760.
    dead port 1/2 on $mux $procmux$13808.
    dead port 2/2 on $mux $procmux$13808.
    dead port 1/2 on $mux $procmux$13904.
    dead port 2/2 on $mux $procmux$13904.
    dead port 1/2 on $mux $procmux$13952.
    dead port 2/2 on $mux $procmux$13952.
    dead port 1/2 on $mux $procmux$14048.
    dead port 2/2 on $mux $procmux$14048.
    dead port 1/2 on $mux $procmux$13040.
    dead port 2/2 on $mux $procmux$13040.
    dead port 1/2 on $mux $procmux$14096.
    dead port 2/2 on $mux $procmux$14096.
    dead port 1/2 on $mux $procmux$14192.
    dead port 2/2 on $mux $procmux$14192.
    dead port 1/2 on $mux $procmux$14240.
    dead port 2/2 on $mux $procmux$14240.
    dead port 1/2 on $mux $procmux$12608.
    dead port 2/2 on $mux $procmux$12608.
    dead port 1/2 on $mux $procmux$14336.
    dead port 2/2 on $mux $procmux$14336.
    dead port 1/2 on $mux $procmux$12896.
    dead port 2/2 on $mux $procmux$12896.
    dead port 1/2 on $mux $procmux$14384.
    dead port 2/2 on $mux $procmux$14384.
    dead port 1/2 on $mux $procmux$14480.
    dead port 2/2 on $mux $procmux$14480.
    dead port 1/2 on $mux $procmux$12464.
    dead port 2/2 on $mux $procmux$12464.
    dead port 1/2 on $mux $procmux$14528.
    dead port 2/2 on $mux $procmux$14528.
    dead port 1/2 on $mux $procmux$14624.
    dead port 2/2 on $mux $procmux$14624.
    dead port 1/2 on $mux $procmux$12752.
    dead port 2/2 on $mux $procmux$12752.
    dead port 1/2 on $mux $procmux$12416.
    dead port 2/2 on $mux $procmux$12416.
    dead port 1/2 on $mux $procmux$13712.
    dead port 2/2 on $mux $procmux$13712.
    dead port 1/2 on $mux $procmux$12704.
    dead port 2/2 on $mux $procmux$12704.
    dead port 1/2 on $mux $procmux$13856.
    dead port 2/2 on $mux $procmux$13856.
    dead port 1/2 on $mux $procmux$12368.
    dead port 2/2 on $mux $procmux$12368.
    dead port 1/2 on $mux $procmux$12992.
    dead port 2/2 on $mux $procmux$12992.
    dead port 1/2 on $mux $procmux$14144.
    dead port 2/2 on $mux $procmux$14144.
    dead port 1/2 on $mux $procmux$14000.
    dead port 2/2 on $mux $procmux$14000.
Removed 128 multiplexer ports.
<suppressed ~512 debug messages>

5.4. Executing OPT_REDUCE pass (consolidate $*mux and $reduce_* inputs).
  Optimizing cells in module \bch_78_64_t2_v1_encoder.
Performed a total of 0 changes.

5.5. Executing OPT_MERGE pass (detect identical cells).
Finding identical cells in module `\bch_78_64_t2_v1_encoder'.
Removed a total of 0 cells.

5.6. Executing OPT_DFF pass (perform DFF optimizations).
Setting constant 1-bit at position 0 on $auto$proc_dlatch.cc:427:proc_dlatch$15185 ($dlatch) from module bch_78_64_t2_v1_encoder.
Setting constant 1-bit at position 1 on $auto$proc_dlatch.cc:427:proc_dlatch$15185 ($dlatch) from module bch_78_64_t2_v1_encoder.
Setting constant 1-bit at position 2 on $auto$proc_dlatch.cc:427:proc_dlatch$15185 ($dlatch) from module bch_78_64_t2_v1_encoder.
Setting constant 1-bit at position 3 on $auto$proc_dlatch.cc:427:proc_dlatch$15185 ($dlatch) from module bch_78_64_t2_v1_encoder.
Setting constant 0-bit at position 4 on $auto$proc_dlatch.cc:427:proc_dlatch$15185 ($dlatch) from module bch_78_64_t2_v1_encoder.
Setting constant 0-bit at position 5 on $auto$proc_dlatch.cc:427:proc_dlatch$15185 ($dlatch) from module bch_78_64_t2_v1_encoder.
Setting constant 0-bit at position 6 on $auto$proc_dlatch.cc:427:proc_dlatch$15185 ($dlatch) from module bch_78_64_t2_v1_encoder.
Setting constant 0-bit at position 7 on $auto$proc_dlatch.cc:427:proc_dlatch$15185 ($dlatch) from module bch_78_64_t2_v1_encoder.
Setting constant 0-bit at position 8 on $auto$proc_dlatch.cc:427:proc_dlatch$15185 ($dlatch) from module bch_78_64_t2_v1_encoder.
Setting constant 0-bit at position 9 on $auto$proc_dlatch.cc:427:proc_dlatch$15185 ($dlatch) from module bch_78_64_t2_v1_encoder.
Setting constant 0-bit at position 10 on $auto$proc_dlatch.cc:427:proc_dlatch$15185 ($dlatch) from module bch_78_64_t2_v1_encoder.
Setting constant 0-bit at position 11 on $auto$proc_dlatch.cc:427:proc_dlatch$15185 ($dlatch) from module bch_78_64_t2_v1_encoder.
Setting constant 0-bit at position 12 on $auto$proc_dlatch.cc:427:proc_dlatch$15185 ($dlatch) from module bch_78_64_t2_v1_encoder.
Setting constant 0-bit at position 13 on $auto$proc_dlatch.cc:427:proc_dlatch$15185 ($dlatch) from module bch_78_64_t2_v1_encoder.
Setting constant 0-bit at position 14 on $auto$proc_dlatch.cc:427:proc_dlatch$15185 ($dlatch) from module bch_78_64_t2_v1_encoder.
Setting constant 0-bit at position 15 on $auto$proc_dlatch.cc:427:proc_dlatch$15185 ($dlatch) from module bch_78_64_t2_v1_encoder.
Setting constant 0-bit at position 16 on $auto$proc_dlatch.cc:427:proc_dlatch$15185 ($dlatch) from module bch_78_64_t2_v1_encoder.
Setting constant 0-bit at position 17 on $auto$proc_dlatch.cc:427:proc_dlatch$15185 ($dlatch) from module bch_78_64_t2_v1_encoder.
Setting constant 0-bit at position 18 on $auto$proc_dlatch.cc:427:proc_dlatch$15185 ($dlatch) from module bch_78_64_t2_v1_encoder.
Setting constant 0-bit at position 19 on $auto$proc_dlatch.cc:427:proc_dlatch$15185 ($dlatch) from module bch_78_64_t2_v1_encoder.
Setting constant 0-bit at position 20 on $auto$proc_dlatch.cc:427:proc_dlatch$15185 ($dlatch) from module bch_78_64_t2_v1_encoder.
Setting constant 0-bit at position 21 on $auto$proc_dlatch.cc:427:proc_dlatch$15185 ($dlatch) from module bch_78_64_t2_v1_encoder.
Setting constant 0-bit at position 22 on $auto$proc_dlatch.cc:427:proc_dlatch$15185 ($dlatch) from module bch_78_64_t2_v1_encoder.
Setting constant 0-bit at position 23 on $auto$proc_dlatch.cc:427:proc_dlatch$15185 ($dlatch) from module bch_78_64_t2_v1_encoder.
Setting constant 0-bit at position 24 on $auto$proc_dlatch.cc:427:proc_dlatch$15185 ($dlatch) from module bch_78_64_t2_v1_encoder.
Setting constant 0-bit at position 25 on $auto$proc_dlatch.cc:427:proc_dlatch$15185 ($dlatch) from module bch_78_64_t2_v1_encoder.
Setting constant 0-bit at position 26 on $auto$proc_dlatch.cc:427:proc_dlatch$15185 ($dlatch) from module bch_78_64_t2_v1_encoder.
Setting constant 0-bit at position 27 on $auto$proc_dlatch.cc:427:proc_dlatch$15185 ($dlatch) from module bch_78_64_t2_v1_encoder.
Setting constant 0-bit at position 28 on $auto$proc_dlatch.cc:427:proc_dlatch$15185 ($dlatch) from module bch_78_64_t2_v1_encoder.
Setting constant 0-bit at position 29 on $auto$proc_dlatch.cc:427:proc_dlatch$15185 ($dlatch) from module bch_78_64_t2_v1_encoder.
Setting constant 0-bit at position 30 on $auto$proc_dlatch.cc:427:proc_dlatch$15185 ($dlatch) from module bch_78_64_t2_v1_encoder.
Setting constant 0-bit at position 31 on $auto$proc_dlatch.cc:427:proc_dlatch$15185 ($dlatch) from module bch_78_64_t2_v1_encoder.

5.7. Executing OPT_CLEAN pass (remove unused cells and wires).
Finding unused cells or wires in module \bch_78_64_t2_v1_encoder..
Removed 128 unused cells and 3398 unused wires.
<suppressed ~129 debug messages>

5.8. Executing OPT_EXPR pass (perform const folding).
Optimizing module bch_78_64_t2_v1_encoder.

5.9. Rerunning OPT passes. (Maybe there is more to do..)

5.10. Executing OPT_MUXTREE pass (detect dead branches in mux trees).
Running muxtree optimizer on module \bch_78_64_t2_v1_encoder..
  Creating internal representation of mux trees.
  Evaluating internal representation of mux trees.
  Analyzing evaluation results.
Removed 0 multiplexer ports.
<suppressed ~512 debug messages>

5.11. Executing OPT_REDUCE pass (consolidate $*mux and $reduce_* inputs).
  Optimizing cells in module \bch_78_64_t2_v1_encoder.
Performed a total of 0 changes.

5.12. Executing OPT_MERGE pass (detect identical cells).
Finding identical cells in module `\bch_78_64_t2_v1_encoder'.
Removed a total of 0 cells.

5.13. Executing OPT_DFF pass (perform DFF optimizations).

5.14. Executing OPT_CLEAN pass (remove unused cells and wires).
Finding unused cells or wires in module \bch_78_64_t2_v1_encoder..

5.15. Executing OPT_EXPR pass (perform const folding).
Optimizing module bch_78_64_t2_v1_encoder.

5.16. Finished OPT passes. (There is nothing left to do.)

6. Executing SYNTH pass.

6.1. Executing HIERARCHY pass (managing design hierarchy).

6.1.1. Analyzing design hierarchy..
Top module:  \bch_78_64_t2_v1_encoder

6.1.2. Analyzing design hierarchy..
Top module:  \bch_78_64_t2_v1_encoder
Removed 0 unused modules.

6.2. Executing PROC pass (convert processes to netlists).

6.2.1. Executing PROC_CLEAN pass (remove empty switches from decision trees).
Cleaned up 0 empty switches.

6.2.2. Executing PROC_RMDEAD pass (remove dead branches from decision trees).
Removed a total of 0 dead cases.

6.2.3. Executing PROC_PRUNE pass (remove redundant assignments in processes).
Removed 0 redundant assignments.
Promoted 0 assignments to connections.

6.2.4. Executing PROC_INIT pass (extract init attributes).

6.2.5. Executing PROC_ARST pass (detect async resets in processes).

6.2.6. Executing PROC_ROM pass (convert switches to ROMs).
Converted 0 switches.

6.2.7. Executing PROC_MUX pass (convert decision trees to multiplexers).

6.2.8. Executing PROC_DLATCH pass (convert process syncs to latches).

6.2.9. Executing PROC_DFF pass (convert process syncs to FFs).

6.2.10. Executing PROC_MEMWR pass (convert process memory writes to cells).

6.2.11. Executing PROC_CLEAN pass (remove empty switches from decision trees).
Cleaned up 0 empty switches.

6.2.12. Executing OPT_EXPR pass (perform const folding).
Optimizing module bch_78_64_t2_v1_encoder.

6.3. Executing FLATTEN pass (flatten design).

6.4. Executing OPT_EXPR pass (perform const folding).
Optimizing module bch_78_64_t2_v1_encoder.

6.5. Executing OPT_CLEAN pass (remove unused cells and wires).
Finding unused cells or wires in module \bch_78_64_t2_v1_encoder..

6.6. Executing CHECK pass (checking for obvious problems).
Checking module bch_78_64_t2_v1_encoder...
Found and reported 0 problems.

6.7. Executing OPT pass (performing simple optimizations).

6.7.1. Executing OPT_EXPR pass (perform const folding).
Optimizing module bch_78_64_t2_v1_encoder.

6.7.2. Executing OPT_MERGE pass (detect identical cells).
Finding identical cells in module `\bch_78_64_t2_v1_encoder'.
Removed a total of 0 cells.

6.7.3. Executing OPT_MUXTREE pass (detect dead branches in mux trees).
Running muxtree optimizer on module \bch_78_64_t2_v1_encoder..
  Creating internal representation of mux trees.
  Evaluating internal representation of mux trees.
  Analyzing evaluation results.
Removed 0 multiplexer ports.
<suppressed ~512 debug messages>

6.7.4. Executing OPT_REDUCE pass (consolidate $*mux and $reduce_* inputs).
  Optimizing cells in module \bch_78_64_t2_v1_encoder.
Performed a total of 0 changes.

6.7.5. Executing OPT_MERGE pass (detect identical cells).
Finding identical cells in module `\bch_78_64_t2_v1_encoder'.
Removed a total of 0 cells.

6.7.6. Executing OPT_DFF pass (perform DFF optimizations).

6.7.7. Executing OPT_CLEAN pass (remove unused cells and wires).
Finding unused cells or wires in module \bch_78_64_t2_v1_encoder..

6.7.8. Executing OPT_EXPR pass (perform const folding).
Optimizing module bch_78_64_t2_v1_encoder.

6.7.9. Finished OPT passes. (There is nothing left to do.)

6.8. Executing FSM pass (extract and optimize FSM).

6.8.1. Executing FSM_DETECT pass (finding FSMs in design).

6.8.2. Executing FSM_EXTRACT pass (extracting FSM from design).

6.8.3. Executing FSM_OPT pass (simple optimizations of FSMs).

6.8.4. Executing OPT_CLEAN pass (remove unused cells and wires).
Finding unused cells or wires in module \bch_78_64_t2_v1_encoder..

6.8.5. Executing FSM_OPT pass (simple optimizations of FSMs).

6.8.6. Executing FSM_RECODE pass (re-assigning FSM state encoding).

6.8.7. Executing FSM_INFO pass (dumping all available information on FSM cells).

6.8.8. Executing FSM_MAP pass (mapping FSMs to basic logic).

6.9. Executing OPT pass (performing simple optimizations).

6.9.1. Executing OPT_EXPR pass (perform const folding).
Optimizing module bch_78_64_t2_v1_encoder.

6.9.2. Executing OPT_MERGE pass (detect identical cells).
Finding identical cells in module `\bch_78_64_t2_v1_encoder'.
Removed a total of 0 cells.

6.9.3. Executing OPT_MUXTREE pass (detect dead branches in mux trees).
Running muxtree optimizer on module \bch_78_64_t2_v1_encoder..
  Creating internal representation of mux trees.
  Evaluating internal representation of mux trees.
  Analyzing evaluation results.
Removed 0 multiplexer ports.
<suppressed ~512 debug messages>

6.9.4. Executing OPT_REDUCE pass (consolidate $*mux and $reduce_* inputs).
  Optimizing cells in module \bch_78_64_t2_v1_encoder.
Performed a total of 0 changes.

6.9.5. Executing OPT_MERGE pass (detect identical cells).
Finding identical cells in module `\bch_78_64_t2_v1_encoder'.
Removed a total of 0 cells.

6.9.6. Executing OPT_DFF pass (perform DFF optimizations).

6.9.7. Executing OPT_CLEAN pass (remove unused cells and wires).
Finding unused cells or wires in module \bch_78_64_t2_v1_encoder..

6.9.8. Executing OPT_EXPR pass (perform const folding).
Optimizing module bch_78_64_t2_v1_encoder.

6.9.9. Finished OPT passes. (There is nothing left to do.)

6.10. Executing WREDUCE pass (reducing word size of cells).
Removed top 1 bits (of 15) from wire bch_78_64_t2_v1_encoder.$10\work[68:54].
Removed top 2 bits (of 15) from wire bch_78_64_t2_v1_encoder.$11\work[67:53].
Removed top 2 bits (of 15) from wire bch_78_64_t2_v1_encoder.$12\work[66:52].
Removed top 2 bits (of 15) from wire bch_78_64_t2_v1_encoder.$13\work[65:51].
Removed top 2 bits (of 15) from wire bch_78_64_t2_v1_encoder.$14\work[64:50].
Removed top 2 bits (of 15) from wire bch_78_64_t2_v1_encoder.$15\work[63:49].
Removed top 2 bits (of 15) from wire bch_78_64_t2_v1_encoder.$16\work[62:48].
Removed top 2 bits (of 15) from wire bch_78_64_t2_v1_encoder.$17\work[61:47].
Removed top 2 bits (of 15) from wire bch_78_64_t2_v1_encoder.$18\work[60:46].
Removed top 2 bits (of 15) from wire bch_78_64_t2_v1_encoder.$19\work[59:45].
Removed top 1 bits (of 15) from wire bch_78_64_t2_v1_encoder.$1\work[77:63].
Removed top 2 bits (of 15) from wire bch_78_64_t2_v1_encoder.$20\work[58:44].
Removed top 2 bits (of 15) from wire bch_78_64_t2_v1_encoder.$21\work[57:43].
Removed top 2 bits (of 15) from wire bch_78_64_t2_v1_encoder.$22\work[56:42].
Removed top 2 bits (of 15) from wire bch_78_64_t2_v1_encoder.$23\work[55:41].
Removed top 2 bits (of 15) from wire bch_78_64_t2_v1_encoder.$24\work[54:40].
Removed top 2 bits (of 15) from wire bch_78_64_t2_v1_encoder.$25\work[53:39].
Removed top 2 bits (of 15) from wire bch_78_64_t2_v1_encoder.$26\work[52:38].
Removed top 2 bits (of 15) from wire bch_78_64_t2_v1_encoder.$27\work[51:37].
Removed top 2 bits (of 15) from wire bch_78_64_t2_v1_encoder.$28\work[50:36].
Removed top 2 bits (of 15) from wire bch_78_64_t2_v1_encoder.$29\work[49:35].
Removed top 2 bits (of 15) from wire bch_78_64_t2_v1_encoder.$2\work[76:62].
Removed top 2 bits (of 15) from wire bch_78_64_t2_v1_encoder.$30\work[48:34].
Removed top 2 bits (of 15) from wire bch_78_64_t2_v1_encoder.$31\work[47:33].
Removed top 2 bits (of 15) from wire bch_78_64_t2_v1_encoder.$32\work[46:32].
Removed top 2 bits (of 15) from wire bch_78_64_t2_v1_encoder.$33\work[45:31].
Removed top 2 bits (of 15) from wire bch_78_64_t2_v1_encoder.$34\work[44:30].
Removed top 2 bits (of 15) from wire bch_78_64_t2_v1_encoder.$35\work[43:29].
Removed top 2 bits (of 15) from wire bch_78_64_t2_v1_encoder.$36\work[42:28].
Removed top 1 bits (of 15) from wire bch_78_64_t2_v1_encoder.$37\work[41:27].
Removed top 2 bits (of 15) from wire bch_78_64_t2_v1_encoder.$38\work[40:26].
Removed top 2 bits (of 15) from wire bch_78_64_t2_v1_encoder.$39\work[39:25].
Removed top 2 bits (of 15) from wire bch_78_64_t2_v1_encoder.$3\work[75:61].
Removed top 2 bits (of 15) from wire bch_78_64_t2_v1_encoder.$40\work[38:24].
Removed top 2 bits (of 15) from wire bch_78_64_t2_v1_encoder.$41\work[37:23].
Removed top 2 bits (of 15) from wire bch_78_64_t2_v1_encoder.$42\work[36:22].
Removed top 2 bits (of 15) from wire bch_78_64_t2_v1_encoder.$43\work[35:21].
Removed top 2 bits (of 15) from wire bch_78_64_t2_v1_encoder.$44\work[34:20].
Removed top 2 bits (of 15) from wire bch_78_64_t2_v1_encoder.$45\work[33:19].
Removed top 2 bits (of 15) from wire bch_78_64_t2_v1_encoder.$46\work[32:18].
Removed top 2 bits (of 15) from wire bch_78_64_t2_v1_encoder.$47\work[31:17].
Removed top 2 bits (of 15) from wire bch_78_64_t2_v1_encoder.$48\work[30:16].
Removed top 2 bits (of 15) from wire bch_78_64_t2_v1_encoder.$49\work[29:15].
Removed top 2 bits (of 15) from wire bch_78_64_t2_v1_encoder.$4\work[74:60].
Removed top 2 bits (of 15) from wire bch_78_64_t2_v1_encoder.$50\work[28:14].
Removed top 2 bits (of 15) from wire bch_78_64_t2_v1_encoder.$51\work[27:13].
Removed top 2 bits (of 15) from wire bch_78_64_t2_v1_encoder.$52\work[26:12].
Removed top 2 bits (of 15) from wire bch_78_64_t2_v1_encoder.$53\work[25:11].
Removed top 2 bits (of 15) from wire bch_78_64_t2_v1_encoder.$54\work[24:10].
Removed top 2 bits (of 15) from wire bch_78_64_t2_v1_encoder.$55\work[23:9].
Removed top 2 bits (of 15) from wire bch_78_64_t2_v1_encoder.$56\work[22:8].
Removed top 2 bits (of 15) from wire bch_78_64_t2_v1_encoder.$57\work[21:7].
Removed top 2 bits (of 15) from wire bch_78_64_t2_v1_encoder.$58\work[20:6].
Removed top 2 bits (of 15) from wire bch_78_64_t2_v1_encoder.$59\work[19:5].
Removed top 2 bits (of 15) from wire bch_78_64_t2_v1_encoder.$5\work[73:59].
Removed top 2 bits (of 15) from wire bch_78_64_t2_v1_encoder.$60\work[18:4].
Removed top 2 bits (of 15) from wire bch_78_64_t2_v1_encoder.$61\work[17:3].
Removed top 2 bits (of 15) from wire bch_78_64_t2_v1_encoder.$62\work[16:2].
Removed top 2 bits (of 15) from wire bch_78_64_t2_v1_encoder.$63\work[15:1].
Removed top 2 bits (of 15) from wire bch_78_64_t2_v1_encoder.$6\work[72:58].
Removed top 2 bits (of 15) from wire bch_78_64_t2_v1_encoder.$7\work[71:57].
Removed top 2 bits (of 15) from wire bch_78_64_t2_v1_encoder.$8\work[70:56].
Removed top 9 bits (of 15) from wire bch_78_64_t2_v1_encoder.$9\work[69:55].
Removed top 64 bits (of 78) from wire bch_78_64_t2_v1_encoder.work.

6.11. Executing PEEPOPT pass (run peephole optimizers).

6.12. Executing OPT_CLEAN pass (remove unused cells and wires).
Finding unused cells or wires in module \bch_78_64_t2_v1_encoder..
Removed 0 unused cells and 64 unused wires.
<suppressed ~1 debug messages>

6.13. Executing ALUMACC pass (create $alu and $macc cells).
Extracting $alu and $macc cells in module bch_78_64_t2_v1_encoder:
  created 0 $alu and 0 $macc cells.

6.14. Executing SHARE pass (SAT-based resource sharing).

6.15. Executing OPT pass (performing simple optimizations).

6.15.1. Executing OPT_EXPR pass (perform const folding).
Optimizing module bch_78_64_t2_v1_encoder.

6.15.2. Executing OPT_MERGE pass (detect identical cells).
Finding identical cells in module `\bch_78_64_t2_v1_encoder'.
Removed a total of 0 cells.

6.15.3. Executing OPT_MUXTREE pass (detect dead branches in mux trees).
Running muxtree optimizer on module \bch_78_64_t2_v1_encoder..
  Creating internal representation of mux trees.
  Evaluating internal representation of mux trees.
  Analyzing evaluation results.
Removed 0 multiplexer ports.
<suppressed ~512 debug messages>

6.15.4. Executing OPT_REDUCE pass (consolidate $*mux and $reduce_* inputs).
  Optimizing cells in module \bch_78_64_t2_v1_encoder.
Performed a total of 0 changes.

6.15.5. Executing OPT_MERGE pass (detect identical cells).
Finding identical cells in module `\bch_78_64_t2_v1_encoder'.
Removed a total of 0 cells.

6.15.6. Executing OPT_DFF pass (perform DFF optimizations).

6.15.7. Executing OPT_CLEAN pass (remove unused cells and wires).
Finding unused cells or wires in module \bch_78_64_t2_v1_encoder..

6.15.8. Executing OPT_EXPR pass (perform const folding).
Optimizing module bch_78_64_t2_v1_encoder.

6.15.9. Finished OPT passes. (There is nothing left to do.)

6.16. Executing MEMORY pass.

6.16.1. Executing OPT_MEM pass (optimize memories).
Performed a total of 0 transformations.

6.16.2. Executing OPT_MEM_PRIORITY pass (removing unnecessary memory write priority relations).
Performed a total of 0 transformations.

6.16.3. Executing OPT_MEM_FEEDBACK pass (finding memory read-to-write feedback paths).

6.16.4. Executing MEMORY_BMUX2ROM pass (converting muxes to ROMs).

6.16.5. Executing MEMORY_DFF pass (merging $dff cells to $memrd).

6.16.6. Executing OPT_CLEAN pass (remove unused cells and wires).
Finding unused cells or wires in module \bch_78_64_t2_v1_encoder..

6.16.7. Executing MEMORY_SHARE pass (consolidating $memrd/$memwr cells).

6.16.8. Executing OPT_MEM_WIDEN pass (optimize memories where all ports are wide).
Performed a total of 0 transformations.

6.16.9. Executing OPT_CLEAN pass (remove unused cells and wires).
Finding unused cells or wires in module \bch_78_64_t2_v1_encoder..

6.16.10. Executing MEMORY_COLLECT pass (generating $mem cells).

6.17. Executing OPT_CLEAN pass (remove unused cells and wires).
Finding unused cells or wires in module \bch_78_64_t2_v1_encoder..

6.18. Executing OPT pass (performing simple optimizations).

6.18.1. Executing OPT_EXPR pass (perform const folding).
Optimizing module bch_78_64_t2_v1_encoder.
<suppressed ~14 debug messages>

6.18.2. Executing OPT_MERGE pass (detect identical cells).
Finding identical cells in module `\bch_78_64_t2_v1_encoder'.
Removed a total of 0 cells.

6.18.3. Executing OPT_DFF pass (perform DFF optimizations).

6.18.4. Executing OPT_CLEAN pass (remove unused cells and wires).
Finding unused cells or wires in module \bch_78_64_t2_v1_encoder..

6.18.5. Finished fast OPT passes.

6.19. Executing MEMORY_MAP pass (converting memories to logic and flip-flops).

6.20. Executing OPT pass (performing simple optimizations).

6.20.1. Executing OPT_EXPR pass (perform const folding).
Optimizing module bch_78_64_t2_v1_encoder.

6.20.2. Executing OPT_MERGE pass (detect identical cells).
Finding identical cells in module `\bch_78_64_t2_v1_encoder'.
Removed a total of 0 cells.

6.20.3. Executing OPT_MUXTREE pass (detect dead branches in mux trees).
Running muxtree optimizer on module \bch_78_64_t2_v1_encoder..
  Creating internal representation of mux trees.
  Evaluating internal representation of mux trees.
  Analyzing evaluation results.
Removed 0 multiplexer ports.
<suppressed ~498 debug messages>

6.20.4. Executing OPT_REDUCE pass (consolidate $*mux and $reduce_* inputs).
  Optimizing cells in module \bch_78_64_t2_v1_encoder.
Performed a total of 0 changes.

6.20.5. Executing OPT_MERGE pass (detect identical cells).
Finding identical cells in module `\bch_78_64_t2_v1_encoder'.
Removed a total of 0 cells.

6.20.6. Executing OPT_SHARE pass.

6.20.7. Executing OPT_DFF pass (perform DFF optimizations).

6.20.8. Executing OPT_CLEAN pass (remove unused cells and wires).
Finding unused cells or wires in module \bch_78_64_t2_v1_encoder..

6.20.9. Executing OPT_EXPR pass (perform const folding).
Optimizing module bch_78_64_t2_v1_encoder.

6.20.10. Finished OPT passes. (There is nothing left to do.)

6.21. Executing TECHMAP pass (map to technology primitives).

6.21.1. Executing Verilog-2005 frontend: D:\Compiler Cpp\ucrt64\bin\../share/yosys/techmap.v
Parsing Verilog input from `D:\Compiler Cpp\ucrt64\bin\../share/yosys/techmap.v' to AST representation.
Generating RTLIL representation for module `\_90_simplemap_bool_ops'.
Generating RTLIL representation for module `\_90_simplemap_reduce_ops'.
Generating RTLIL representation for module `\_90_simplemap_logic_ops'.
Generating RTLIL representation for module `\_90_simplemap_compare_ops'.
Generating RTLIL representation for module `\_90_simplemap_various'.
Generating RTLIL representation for module `\_90_simplemap_registers'.
Generating RTLIL representation for module `\_90_shift_ops_shr_shl_sshl_sshr'.
Generating RTLIL representation for module `\_90_shift_shiftx'.
Generating RTLIL representation for module `\_90_fa'.
Generating RTLIL representation for module `\_90_lcu'.
Generating RTLIL representation for module `\_90_alu'.
Generating RTLIL representation for module `\_90_macc'.
Generating RTLIL representation for module `\_90_alumacc'.
Generating RTLIL representation for module `\$__div_mod_u'.
Generating RTLIL representation for module `\$__div_mod_trunc'.
Generating RTLIL representation for module `\_90_div'.
Generating RTLIL representation for module `\_90_mod'.
Generating RTLIL representation for module `\$__div_mod_floor'.
Generating RTLIL representation for module `\_90_divfloor'.
Generating RTLIL representation for module `\_90_modfloor'.
Generating RTLIL representation for module `\_90_pow'.
Generating RTLIL representation for module `\_90_pmux'.
Generating RTLIL representation for module `\_90_demux'.
Generating RTLIL representation for module `\_90_lut'.
Successfully finished Verilog frontend.

6.21.2. Continuing TECHMAP pass.
Using extmapper simplemap for cells of type $not.
Using extmapper simplemap for cells of type $mux.
No more expansions possible.
<suppressed ~1069 debug messages>

6.22. Executing OPT pass (performing simple optimizations).

6.22.1. Executing OPT_EXPR pass (perform const folding).
Optimizing module bch_78_64_t2_v1_encoder.

6.22.2. Executing OPT_MERGE pass (detect identical cells).
Finding identical cells in module `\bch_78_64_t2_v1_encoder'.
Removed a total of 0 cells.

6.22.3. Executing OPT_DFF pass (perform DFF optimizations).

6.22.4. Executing OPT_CLEAN pass (remove unused cells and wires).
Finding unused cells or wires in module \bch_78_64_t2_v1_encoder..

6.22.5. Finished fast OPT passes.

6.23. Executing ABC pass (technology mapping using ABC).

6.23.1. Extracting gate netlist of module `\bch_78_64_t2_v1_encoder' to `<abc-temp-dir>/input.blif'..
Extracted 996 gates and 1060 wires to a netlist network with 64 inputs and 14 outputs.

6.23.1.1. Executing ABC.
Running ABC command: "<yosys-exe-dir>/yosys-abc" -s -f <abc-temp-dir>/abc.script 2>&1
ABC: ABC command line: "source <abc-temp-dir>/abc.script".
ABC: 
ABC: + read_blif <abc-temp-dir>/input.blif 
ABC: + read_library <abc-temp-dir>/stdcells.genlib 
ABC: Entered genlib library with 13 gates from file "<abc-temp-dir>/stdcells.genlib".
ABC: + strash 
ABC: + dretime 
ABC: + map 
ABC: + write_blif <abc-temp-dir>/output.blif 

6.23.1.2. Re-integrating ABC results.
ABC RESULTS:               NOT cells:        3
ABC RESULTS:              XNOR cells:      426
ABC RESULTS:               XOR cells:       55
ABC RESULTS:        internal signals:      982
ABC RESULTS:           input signals:       64
ABC RESULTS:          output signals:       14
Removing temp directory.

6.24. Executing OPT pass (performing simple optimizations).

6.24.1. Executing OPT_EXPR pass (perform const folding).
Optimizing module bch_78_64_t2_v1_encoder.

6.24.2. Executing OPT_MERGE pass (detect identical cells).
Finding identical cells in module `\bch_78_64_t2_v1_encoder'.
<suppressed ~9 debug messages>
Removed a total of 3 cells.

6.24.3. Executing OPT_DFF pass (perform DFF optimizations).

6.24.4. Executing OPT_CLEAN pass (remove unused cells and wires).
Finding unused cells or wires in module \bch_78_64_t2_v1_encoder..
Removed 0 unused cells and 642 unused wires.
<suppressed ~1 debug messages>

6.24.5. Finished fast OPT passes.

6.25. Executing HIERARCHY pass (managing design hierarchy).

6.25.1. Analyzing design hierarchy..
Top module:  \bch_78_64_t2_v1_encoder

6.25.2. Analyzing design hierarchy..
Top module:  \bch_78_64_t2_v1_encoder
Removed 0 unused modules.

6.26. Printing statistics.

=== bch_78_64_t2_v1_encoder ===

   Number of wires:                472
   Number of wire bits:            687
   Number of public wires:           5
   Number of public wire bits:     220
   Number of memories:               0
   Number of memory bits:            0
   Number of processes:              0
   Number of cells:                481
     $_NOT_                          3
     $_XNOR_                       424
     $_XOR_                         54

6.27. Executing CHECK pass (checking for obvious problems).
Checking module bch_78_64_t2_v1_encoder...
Found and reported 0 problems.

7. Executing CHECK pass (checking for obvious problems).
Checking module bch_78_64_t2_v1_encoder...
Found and reported 0 problems.

8. Executing JSON backend.

9. Executing Verilog backend.

9.1. Executing BMUXMAP pass.

9.2. Executing DEMUXMAP pass.
Dumping module `\bch_78_64_t2_v1_encoder'.

End of script. Logfile hash: 73aa511f70
Yosys 0.30+48 (git sha1 b5b0b7e83, x86_64-w64-mingw32-g++ 13.1.0 -march=nocona -msahf -mtune=generic -O2 -Os)
Time spent: 1% 17x opt_expr (0 sec), 1% 15x opt_clean (0 sec), ...

exit_code=0
