EXECUTED_COMMAND_JSON=["docker", "run", "--rm", "--network", "none", "--platform", "linux/amd64", "--name", "green_v33_hsiao_secded_s19_a01_read_clean", "--cpus", "1", "--memory", "3g", "--volume", "/var/lib/green-ecc-v33-activity-complete-e5/fresh_runs/hsiao_secded_clk10p0ns_seed19/attempt01:/campaign-run", "--volume", "/mnt/c/Users/Abhinav/OneDrive/Desktop/ECC/Error-Code-Correction:/repo:ro", "--workdir", "/OpenROAD-flow-scripts/flow", "openroad/orfs@sha256:f05cee3219a02f26289f02f00e11a3fc986ab51a482a0000a2da810cda219a6e", "/OpenROAD-flow-scripts/tools/install/OpenROAD/bin/openroad", "-exit", "/campaign-run/power/READ_CLEAN/power.tcl"]
OpenROAD 26Q3-1080-gab6fd26351 
Features included (+) or not (-): +GPU +GUI +Python
This program is licensed under the BSD-3 license. See the LICENSE file for details.
Components of this program may be licensed under more restrictive licenses which must be honored.
GREEN_V33_MACRO_OUTPUT_ACTIVITY_ROOTS count=72
[WARNING STA-1651] /campaign-run/results/sky130hd/hsiao_matched_sram_top/clk10p0ns_seed19/6_final.spef line 58368, u_data not connected to net data_dout[0].
[WARNING STA-1651] /campaign-run/results/sky130hd/hsiao_matched_sram_top/clk10p0ns_seed19/6_final.spef line 58375, u_data not connected to net data_dout[0].
[WARNING STA-1651] /campaign-run/results/sky130hd/hsiao_matched_sram_top/clk10p0ns_seed19/6_final.spef line 58386, u_data not connected to net data_dout[10].
[WARNING STA-1651] /campaign-run/results/sky130hd/hsiao_matched_sram_top/clk10p0ns_seed19/6_final.spef line 58403, u_data not connected to net data_dout[10].
[WARNING STA-1651] /campaign-run/results/sky130hd/hsiao_matched_sram_top/clk10p0ns_seed19/6_final.spef line 58417, u_data not connected to net data_dout[11].
[WARNING STA-1651] /campaign-run/results/sky130hd/hsiao_matched_sram_top/clk10p0ns_seed19/6_final.spef line 58437, u_data not connected to net data_dout[11].
[WARNING STA-1651] /campaign-run/results/sky130hd/hsiao_matched_sram_top/clk10p0ns_seed19/6_final.spef line 58451, u_data not connected to net data_dout[12].
[WARNING STA-1651] /campaign-run/results/sky130hd/hsiao_matched_sram_top/clk10p0ns_seed19/6_final.spef line 58473, u_data not connected to net data_dout[12].
[WARNING STA-1651] /campaign-run/results/sky130hd/hsiao_matched_sram_top/clk10p0ns_seed19/6_final.spef line 58489, u_data not connected to net data_dout[13].
[WARNING STA-1651] /campaign-run/results/sky130hd/hsiao_matched_sram_top/clk10p0ns_seed19/6_final.spef line 58494, u_data not connected to net data_dout[13].
[WARNING STA-1651] /campaign-run/results/sky130hd/hsiao_matched_sram_top/clk10p0ns_seed19/6_final.spef line 58505, u_data not connected to net data_dout[14].
[WARNING STA-1651] /campaign-run/results/sky130hd/hsiao_matched_sram_top/clk10p0ns_seed19/6_final.spef line 58524, u_data not connected to net data_dout[14].
[WARNING STA-1651] /campaign-run/results/sky130hd/hsiao_matched_sram_top/clk10p0ns_seed19/6_final.spef line 58543, u_data not connected to net data_dout[15].
[WARNING STA-1651] /campaign-run/results/sky130hd/hsiao_matched_sram_top/clk10p0ns_seed19/6_final.spef line 58564, u_data not connected to net data_dout[15].
[WARNING STA-1651] /campaign-run/results/sky130hd/hsiao_matched_sram_top/clk10p0ns_seed19/6_final.spef line 58588, u_data not connected to net data_dout[16].
[WARNING STA-1651] /campaign-run/results/sky130hd/hsiao_matched_sram_top/clk10p0ns_seed19/6_final.spef line 58626, u_data not connected to net data_dout[16].
[WARNING STA-1651] /campaign-run/results/sky130hd/hsiao_matched_sram_top/clk10p0ns_seed19/6_final.spef line 58648, u_data not connected to net data_dout[17].
[WARNING STA-1651] /campaign-run/results/sky130hd/hsiao_matched_sram_top/clk10p0ns_seed19/6_final.spef line 58696, u_data not connected to net data_dout[17].
[WARNING STA-1651] /campaign-run/results/sky130hd/hsiao_matched_sram_top/clk10p0ns_seed19/6_final.spef line 58717, u_data not connected to net data_dout[18].
[WARNING STA-1651] /campaign-run/results/sky130hd/hsiao_matched_sram_top/clk10p0ns_seed19/6_final.spef line 58784, u_data not connected to net data_dout[18].
[WARNING STA-1651] /campaign-run/results/sky130hd/hsiao_matched_sram_top/clk10p0ns_seed19/6_final.spef line 58804, u_data not connected to net data_dout[19].
[WARNING STA-1651] /campaign-run/results/sky130hd/hsiao_matched_sram_top/clk10p0ns_seed19/6_final.spef line 58826, u_data not connected to net data_dout[19].
[WARNING STA-1651] /campaign-run/results/sky130hd/hsiao_matched_sram_top/clk10p0ns_seed19/6_final.spef line 58841, u_data not connected to net data_dout[1].
[WARNING STA-1651] /campaign-run/results/sky130hd/hsiao_matched_sram_top/clk10p0ns_seed19/6_final.spef line 58860, u_data not connected to net data_dout[1].
[WARNING STA-1651] /campaign-run/results/sky130hd/hsiao_matched_sram_top/clk10p0ns_seed19/6_final.spef line 58873, u_data not connected to net data_dout[20].
[WARNING STA-1651] /campaign-run/results/sky130hd/hsiao_matched_sram_top/clk10p0ns_seed19/6_final.spef line 58896, u_data not connected to net data_dout[20].
[WARNING STA-1651] /campaign-run/results/sky130hd/hsiao_matched_sram_top/clk10p0ns_seed19/6_final.spef line 58911, u_data not connected to net data_dout[21].
[WARNING STA-1651] /campaign-run/results/sky130hd/hsiao_matched_sram_top/clk10p0ns_seed19/6_final.spef line 58948, u_data not connected to net data_dout[21].
[WARNING STA-1651] /campaign-run/results/sky130hd/hsiao_matched_sram_top/clk10p0ns_seed19/6_final.spef line 58963, u_data not connected to net data_dout[22].
[WARNING STA-1651] /campaign-run/results/sky130hd/hsiao_matched_sram_top/clk10p0ns_seed19/6_final.spef line 58979, u_data not connected to net data_dout[22].
[WARNING STA-1651] /campaign-run/results/sky130hd/hsiao_matched_sram_top/clk10p0ns_seed19/6_final.spef line 58992, u_data not connected to net data_dout[23].
[WARNING STA-1651] /campaign-run/results/sky130hd/hsiao_matched_sram_top/clk10p0ns_seed19/6_final.spef line 59007, u_data not connected to net data_dout[23].
[WARNING STA-1651] /campaign-run/results/sky130hd/hsiao_matched_sram_top/clk10p0ns_seed19/6_final.spef line 59022, u_data not connected to net data_dout[24].
[WARNING STA-1651] /campaign-run/results/sky130hd/hsiao_matched_sram_top/clk10p0ns_seed19/6_final.spef line 59056, u_data not connected to net data_dout[24].
[WARNING STA-1651] /campaign-run/results/sky130hd/hsiao_matched_sram_top/clk10p0ns_seed19/6_final.spef line 59074, u_data not connected to net data_dout[25].
[WARNING STA-1651] /campaign-run/results/sky130hd/hsiao_matched_sram_top/clk10p0ns_seed19/6_final.spef line 59092, u_data not connected to net data_dout[25].
[WARNING STA-1651] /campaign-run/results/sky130hd/hsiao_matched_sram_top/clk10p0ns_seed19/6_final.spef line 59106, u_data not connected to net data_dout[26].
[WARNING STA-1651] /campaign-run/results/sky130hd/hsiao_matched_sram_top/clk10p0ns_seed19/6_final.spef line 59130, u_data not connected to net data_dout[26].
[WARNING STA-1651] /campaign-run/results/sky130hd/hsiao_matched_sram_top/clk10p0ns_seed19/6_final.spef line 59144, u_data not connected to net data_dout[27].
[WARNING STA-1651] /campaign-run/results/sky130hd/hsiao_matched_sram_top/clk10p0ns_seed19/6_final.spef line 59171, u_data not connected to net data_dout[27].
[WARNING STA-1651] /campaign-run/results/sky130hd/hsiao_matched_sram_top/clk10p0ns_seed19/6_final.spef line 59185, u_data not connected to net data_dout[28].
[WARNING STA-1651] /campaign-run/results/sky130hd/hsiao_matched_sram_top/clk10p0ns_seed19/6_final.spef line 59210, u_data not connected to net data_dout[28].
[WARNING STA-1651] /campaign-run/results/sky130hd/hsiao_matched_sram_top/clk10p0ns_seed19/6_final.spef line 59226, u_data not connected to net data_dout[29].
[WARNING STA-1651] /campaign-run/results/sky130hd/hsiao_matched_sram_top/clk10p0ns_seed19/6_final.spef line 59248, u_data not connected to net data_dout[29].
[WARNING STA-1651] /campaign-run/results/sky130hd/hsiao_matched_sram_top/clk10p0ns_seed19/6_final.spef line 59262, u_data not connected to net data_dout[2].
[WARNING STA-1651] /campaign-run/results/sky130hd/hsiao_matched_sram_top/clk10p0ns_seed19/6_final.spef line 59277, u_data not connected to net data_dout[2].
[WARNING STA-1651] /campaign-run/results/sky130hd/hsiao_matched_sram_top/clk10p0ns_seed19/6_final.spef line 59290, u_data not connected to net data_dout[30].
[WARNING STA-1651] /campaign-run/results/sky130hd/hsiao_matched_sram_top/clk10p0ns_seed19/6_final.spef line 59325, u_data not connected to net data_dout[30].
[WARNING STA-1651] /campaign-run/results/sky130hd/hsiao_matched_sram_top/clk10p0ns_seed19/6_final.spef line 59339, u_data not connected to net data_dout[31].
[WARNING STA-1651] /campaign-run/results/sky130hd/hsiao_matched_sram_top/clk10p0ns_seed19/6_final.spef line 59359, u_data not connected to net data_dout[31].
[WARNING STA-1651] /campaign-run/results/sky130hd/hsiao_matched_sram_top/clk10p0ns_seed19/6_final.spef line 59373, u_data not connected to net data_dout[32].
[WARNING STA-1651] /campaign-run/results/sky130hd/hsiao_matched_sram_top/clk10p0ns_seed19/6_final.spef line 59402, u_data not connected to net data_dout[32].
[WARNING STA-1651] /campaign-run/results/sky130hd/hsiao_matched_sram_top/clk10p0ns_seed19/6_final.spef line 59416, u_data not connected to net data_dout[33].
[WARNING STA-1651] /campaign-run/results/sky130hd/hsiao_matched_sram_top/clk10p0ns_seed19/6_final.spef line 59441, u_data not connected to net data_dout[33].
[WARNING STA-1651] /campaign-run/results/sky130hd/hsiao_matched_sram_top/clk10p0ns_seed19/6_final.spef line 59455, u_data not connected to net data_dout[34].
[WARNING STA-1651] /campaign-run/results/sky130hd/hsiao_matched_sram_top/clk10p0ns_seed19/6_final.spef line 59483, u_data not connected to net data_dout[34].
[WARNING STA-1651] /campaign-run/results/sky130hd/hsiao_matched_sram_top/clk10p0ns_seed19/6_final.spef line 59498, u_data not connected to net data_dout[35].
[WARNING STA-1651] /campaign-run/results/sky130hd/hsiao_matched_sram_top/clk10p0ns_seed19/6_final.spef line 59511, u_data not connected to net data_dout[35].
[WARNING STA-1651] /campaign-run/results/sky130hd/hsiao_matched_sram_top/clk10p0ns_seed19/6_final.spef line 59524, u_data not connected to net data_dout[36].
[WARNING STA-1651] /campaign-run/results/sky130hd/hsiao_matched_sram_top/clk10p0ns_seed19/6_final.spef line 59547, u_data not connected to net data_dout[36].
[WARNING STA-1651] /campaign-run/results/sky130hd/hsiao_matched_sram_top/clk10p0ns_seed19/6_final.spef line 59561, u_data not connected to net data_dout[37].
[WARNING STA-1651] /campaign-run/results/sky130hd/hsiao_matched_sram_top/clk10p0ns_seed19/6_final.spef line 59595, u_data not connected to net data_dout[37].
[WARNING STA-1651] /campaign-run/results/sky130hd/hsiao_matched_sram_top/clk10p0ns_seed19/6_final.spef line 59612, u_data not connected to net data_dout[38].
[WARNING STA-1651] /campaign-run/results/sky130hd/hsiao_matched_sram_top/clk10p0ns_seed19/6_final.spef line 59641, u_data not connected to net data_dout[38].
[WARNING STA-1651] /campaign-run/results/sky130hd/hsiao_matched_sram_top/clk10p0ns_seed19/6_final.spef line 59656, u_data not connected to net data_dout[39].
[WARNING STA-1651] /campaign-run/results/sky130hd/hsiao_matched_sram_top/clk10p0ns_seed19/6_final.spef line 59676, u_data not connected to net data_dout[39].
[WARNING STA-1651] /campaign-run/results/sky130hd/hsiao_matched_sram_top/clk10p0ns_seed19/6_final.spef line 59692, u_data not connected to net data_dout[3].
[WARNING STA-1651] /campaign-run/results/sky130hd/hsiao_matched_sram_top/clk10p0ns_seed19/6_final.spef line 59762, u_data not connected to net data_dout[3].
[WARNING STA-1651] /campaign-run/results/sky130hd/hsiao_matched_sram_top/clk10p0ns_seed19/6_final.spef line 59784, u_data not connected to net data_dout[40].
[WARNING STA-1651] /campaign-run/results/sky130hd/hsiao_matched_sram_top/clk10p0ns_seed19/6_final.spef line 59826, u_data not connected to net data_dout[40].
[WARNING STA-1651] /campaign-run/results/sky130hd/hsiao_matched_sram_top/clk10p0ns_seed19/6_final.spef line 59842, u_data not connected to net data_dout[41].
[WARNING STA-1651] /campaign-run/results/sky130hd/hsiao_matched_sram_top/clk10p0ns_seed19/6_final.spef line 59854, u_data not connected to net data_dout[41].
[WARNING STA-1651] /campaign-run/results/sky130hd/hsiao_matched_sram_top/clk10p0ns_seed19/6_final.spef line 59867, u_data not connected to net data_dout[42].
[WARNING STA-1651] /campaign-run/results/sky130hd/hsiao_matched_sram_top/clk10p0ns_seed19/6_final.spef line 59884, u_data not connected to net data_dout[42].
[WARNING STA-1651] /campaign-run/results/sky130hd/hsiao_matched_sram_top/clk10p0ns_seed19/6_final.spef line 59898, u_data not connected to net data_dout[43].
[WARNING STA-1651] /campaign-run/results/sky130hd/hsiao_matched_sram_top/clk10p0ns_seed19/6_final.spef line 59913, u_data not connected to net data_dout[43].
[WARNING STA-1651] /campaign-run/results/sky130hd/hsiao_matched_sram_top/clk10p0ns_seed19/6_final.spef line 59926, u_data not connected to net data_dout[44].
[WARNING STA-1651] /campaign-run/results/sky130hd/hsiao_matched_sram_top/clk10p0ns_seed19/6_final.spef line 59935, u_data not connected to net data_dout[44].
[WARNING STA-1651] /campaign-run/results/sky130hd/hsiao_matched_sram_top/clk10p0ns_seed19/6_final.spef line 59948, u_data not connected to net data_dout[45].
[WARNING STA-1651] /campaign-run/results/sky130hd/hsiao_matched_sram_top/clk10p0ns_seed19/6_final.spef line 59961, u_data not connected to net data_dout[45].
[WARNING STA-1651] /campaign-run/results/sky130hd/hsiao_matched_sram_top/clk10p0ns_seed19/6_final.spef line 59975, u_data not connected to net data_dout[46].
[WARNING STA-1651] /campaign-run/results/sky130hd/hsiao_matched_sram_top/clk10p0ns_seed19/6_final.spef line 59997, u_data not connected to net data_dout[46].
[WARNING STA-1651] /campaign-run/results/sky130hd/hsiao_matched_sram_top/clk10p0ns_seed19/6_final.spef line 60012, u_data not connected to net data_dout[47].
[WARNING STA-1651] /campaign-run/results/sky130hd/hsiao_matched_sram_top/clk10p0ns_seed19/6_final.spef line 60032, u_data not connected to net data_dout[47].
[WARNING STA-1651] /campaign-run/results/sky130hd/hsiao_matched_sram_top/clk10p0ns_seed19/6_final.spef line 60046, u_data not connected to net data_dout[48].
[WARNING STA-1651] /campaign-run/results/sky130hd/hsiao_matched_sram_top/clk10p0ns_seed19/6_final.spef line 60066, u_data not connected to net data_dout[48].
[WARNING STA-1651] /campaign-run/results/sky130hd/hsiao_matched_sram_top/clk10p0ns_seed19/6_final.spef line 60080, u_data not connected to net data_dout[49].
[WARNING STA-1651] /campaign-run/results/sky130hd/hsiao_matched_sram_top/clk10p0ns_seed19/6_final.spef line 60100, u_data not connected to net data_dout[49].
[WARNING STA-1651] /campaign-run/results/sky130hd/hsiao_matched_sram_top/clk10p0ns_seed19/6_final.spef line 60112, u_data not connected to net data_dout[4].
[WARNING STA-1651] /campaign-run/results/sky130hd/hsiao_matched_sram_top/clk10p0ns_seed19/6_final.spef line 60122, u_data not connected to net data_dout[4].
[WARNING STA-1651] /campaign-run/results/sky130hd/hsiao_matched_sram_top/clk10p0ns_seed19/6_final.spef line 60134, u_data not connected to net data_dout[50].
[WARNING STA-1651] /campaign-run/results/sky130hd/hsiao_matched_sram_top/clk10p0ns_seed19/6_final.spef line 60162, u_data not connected to net data_dout[50].
[WARNING STA-1651] /campaign-run/results/sky130hd/hsiao_matched_sram_top/clk10p0ns_seed19/6_final.spef line 60176, u_data not connected to net data_dout[51].
[WARNING STA-1651] /campaign-run/results/sky130hd/hsiao_matched_sram_top/clk10p0ns_seed19/6_final.spef line 60192, u_data not connected to net data_dout[51].
[WARNING STA-1651] /campaign-run/results/sky130hd/hsiao_matched_sram_top/clk10p0ns_seed19/6_final.spef line 60205, u_data not connected to net data_dout[52].
[WARNING STA-1651] /campaign-run/results/sky130hd/hsiao_matched_sram_top/clk10p0ns_seed19/6_final.spef line 60232, u_data not connected to net data_dout[52].
[WARNING STA-1651] /campaign-run/results/sky130hd/hsiao_matched_sram_top/clk10p0ns_seed19/6_final.spef line 60246, u_data not connected to net data_dout[53].
[WARNING STA-1651] /campaign-run/results/sky130hd/hsiao_matched_sram_top/clk10p0ns_seed19/6_final.spef line 60256, u_data not connected to net data_dout[53].
[WARNING STA-1651] /campaign-run/results/sky130hd/hsiao_matched_sram_top/clk10p0ns_seed19/6_final.spef line 60270, u_data not connected to net data_dout[54].
[WARNING STA-1651] /campaign-run/results/sky130hd/hsiao_matched_sram_top/clk10p0ns_seed19/6_final.spef line 60282, u_data not connected to net data_dout[54].
[WARNING STA-1651] /campaign-run/results/sky130hd/hsiao_matched_sram_top/clk10p0ns_seed19/6_final.spef line 60296, u_data not connected to net data_dout[55].
[WARNING STA-1651] /campaign-run/results/sky130hd/hsiao_matched_sram_top/clk10p0ns_seed19/6_final.spef line 60315, u_data not connected to net data_dout[55].
[WARNING STA-1651] /campaign-run/results/sky130hd/hsiao_matched_sram_top/clk10p0ns_seed19/6_final.spef line 60328, u_data not connected to net data_dout[56].
[WARNING STA-1651] /campaign-run/results/sky130hd/hsiao_matched_sram_top/clk10p0ns_seed19/6_final.spef line 60343, u_data not connected to net data_dout[56].
[WARNING STA-1651] /campaign-run/results/sky130hd/hsiao_matched_sram_top/clk10p0ns_seed19/6_final.spef line 60357, u_data not connected to net data_dout[57].
[WARNING STA-1651] /campaign-run/results/sky130hd/hsiao_matched_sram_top/clk10p0ns_seed19/6_final.spef line 60369, u_data not connected to net data_dout[57].
[WARNING STA-1651] /campaign-run/results/sky130hd/hsiao_matched_sram_top/clk10p0ns_seed19/6_final.spef line 60383, u_data not connected to net data_dout[58].
[WARNING STA-1651] /campaign-run/results/sky130hd/hsiao_matched_sram_top/clk10p0ns_seed19/6_final.spef line 60420, u_data not connected to net data_dout[58].
[WARNING STA-1651] /campaign-run/results/sky130hd/hsiao_matched_sram_top/clk10p0ns_seed19/6_final.spef line 60433, u_data not connected to net data_dout[59].
[WARNING STA-1651] /campaign-run/results/sky130hd/hsiao_matched_sram_top/clk10p0ns_seed19/6_final.spef line 60441, u_data not connected to net data_dout[59].
[WARNING STA-1651] /campaign-run/results/sky130hd/hsiao_matched_sram_top/clk10p0ns_seed19/6_final.spef line 60454, u_data not connected to net data_dout[5].
[WARNING STA-1651] /campaign-run/results/sky130hd/hsiao_matched_sram_top/clk10p0ns_seed19/6_final.spef line 60466, u_data not connected to net data_dout[5].
[WARNING STA-1651] /campaign-run/results/sky130hd/hsiao_matched_sram_top/clk10p0ns_seed19/6_final.spef line 60478, u_data not connected to net data_dout[60].
[WARNING STA-1651] /campaign-run/results/sky130hd/hsiao_matched_sram_top/clk10p0ns_seed19/6_final.spef line 60496, u_data not connected to net data_dout[60].
[WARNING STA-1651] /campaign-run/results/sky130hd/hsiao_matched_sram_top/clk10p0ns_seed19/6_final.spef line 60507, u_data not connected to net data_dout[61].
[WARNING STA-1651] /campaign-run/results/sky130hd/hsiao_matched_sram_top/clk10p0ns_seed19/6_final.spef line 60515, u_data not connected to net data_dout[61].
[WARNING STA-1651] /campaign-run/results/sky130hd/hsiao_matched_sram_top/clk10p0ns_seed19/6_final.spef line 60525, u_data not connected to net data_dout[62].
[WARNING STA-1651] /campaign-run/results/sky130hd/hsiao_matched_sram_top/clk10p0ns_seed19/6_final.spef line 60532, u_data not connected to net data_dout[62].
[WARNING STA-1651] /campaign-run/results/sky130hd/hsiao_matched_sram_top/clk10p0ns_seed19/6_final.spef line 60542, u_data not connected to net data_dout[63].
[WARNING STA-1651] /campaign-run/results/sky130hd/hsiao_matched_sram_top/clk10p0ns_seed19/6_final.spef line 60550, u_data not connected to net data_dout[63].
[WARNING STA-1651] /campaign-run/results/sky130hd/hsiao_matched_sram_top/clk10p0ns_seed19/6_final.spef line 60562, u_data not connected to net data_dout[6].
[WARNING STA-1651] /campaign-run/results/sky130hd/hsiao_matched_sram_top/clk10p0ns_seed19/6_final.spef line 60569, u_data not connected to net data_dout[6].
[WARNING STA-1651] /campaign-run/results/sky130hd/hsiao_matched_sram_top/clk10p0ns_seed19/6_final.spef line 60581, u_data not connected to net data_dout[7].
[WARNING STA-1651] /campaign-run/results/sky130hd/hsiao_matched_sram_top/clk10p0ns_seed19/6_final.spef line 60618, u_data not connected to net data_dout[7].
[WARNING STA-1651] /campaign-run/results/sky130hd/hsiao_matched_sram_top/clk10p0ns_seed19/6_final.spef line 60631, u_data not connected to net data_dout[8].
[WARNING STA-1651] /campaign-run/results/sky130hd/hsiao_matched_sram_top/clk10p0ns_seed19/6_final.spef line 60649, u_data not connected to net data_dout[8].
[WARNING STA-1651] /campaign-run/results/sky130hd/hsiao_matched_sram_top/clk10p0ns_seed19/6_final.spef line 60662, u_data not connected to net data_dout[9].
[WARNING STA-1651] /campaign-run/results/sky130hd/hsiao_matched_sram_top/clk10p0ns_seed19/6_final.spef line 60674, u_data not connected to net data_dout[9].
[WARNING STA-1651] /campaign-run/results/sky130hd/hsiao_matched_sram_top/clk10p0ns_seed19/6_final.spef line 60706, u_ecc0 not connected to net ecc_dout[0].
[WARNING STA-1651] /campaign-run/results/sky130hd/hsiao_matched_sram_top/clk10p0ns_seed19/6_final.spef line 60723, u_ecc0 not connected to net ecc_dout[0].
[WARNING STA-1651] /campaign-run/results/sky130hd/hsiao_matched_sram_top/clk10p0ns_seed19/6_final.spef line 60736, u_ecc0 not connected to net ecc_dout[1].
[WARNING STA-1651] /campaign-run/results/sky130hd/hsiao_matched_sram_top/clk10p0ns_seed19/6_final.spef line 60765, u_ecc0 not connected to net ecc_dout[1].
[WARNING STA-1651] /campaign-run/results/sky130hd/hsiao_matched_sram_top/clk10p0ns_seed19/6_final.spef line 60781, u_ecc0 not connected to net ecc_dout[2].
[WARNING STA-1651] /campaign-run/results/sky130hd/hsiao_matched_sram_top/clk10p0ns_seed19/6_final.spef line 60822, u_ecc0 not connected to net ecc_dout[2].
[WARNING STA-1651] /campaign-run/results/sky130hd/hsiao_matched_sram_top/clk10p0ns_seed19/6_final.spef line 60838, u_ecc0 not connected to net ecc_dout[3].
[WARNING STA-1651] /campaign-run/results/sky130hd/hsiao_matched_sram_top/clk10p0ns_seed19/6_final.spef line 60859, u_ecc0 not connected to net ecc_dout[3].
[WARNING STA-1651] /campaign-run/results/sky130hd/hsiao_matched_sram_top/clk10p0ns_seed19/6_final.spef line 60871, u_ecc0 not connected to net ecc_dout[4].
[WARNING STA-1651] /campaign-run/results/sky130hd/hsiao_matched_sram_top/clk10p0ns_seed19/6_final.spef line 60893, u_ecc0 not connected to net ecc_dout[4].
[WARNING STA-1651] /campaign-run/results/sky130hd/hsiao_matched_sram_top/clk10p0ns_seed19/6_final.spef line 60908, u_ecc0 not connected to net ecc_dout[5].
[WARNING STA-1651] /campaign-run/results/sky130hd/hsiao_matched_sram_top/clk10p0ns_seed19/6_final.spef line 60924, u_ecc0 not connected to net ecc_dout[5].
[WARNING STA-1651] /campaign-run/results/sky130hd/hsiao_matched_sram_top/clk10p0ns_seed19/6_final.spef line 60936, u_ecc0 not connected to net ecc_dout[6].
[WARNING STA-1651] /campaign-run/results/sky130hd/hsiao_matched_sram_top/clk10p0ns_seed19/6_final.spef line 60951, u_ecc0 not connected to net ecc_dout[6].
[WARNING STA-1651] /campaign-run/results/sky130hd/hsiao_matched_sram_top/clk10p0ns_seed19/6_final.spef line 60962, u_ecc0 not connected to net ecc_dout[7].
[WARNING STA-1651] /campaign-run/results/sky130hd/hsiao_matched_sram_top/clk10p0ns_seed19/6_final.spef line 60982, u_ecc0 not connected to net ecc_dout[7].
Annotated 142 pin activities.
GREEN_V33_EXPLICIT_ROUTED_NET_ACTIVITY nets=1175
GREEN_V33_MACRO_OUTPUT_ACTIVITY_ROOT_ANNOTATIONS count=0
GREEN_V33_POWER_COMPLETE architecture=hsiao_matched_sram_top operation=READ_CLEAN
