EXECUTED_COMMAND_JSON=["docker", "run", "--rm", "--network", "none", "--platform", "linux/amd64", "--name", "green_v33_secded_s17_a01_read_double_bit_error_detect", "--cpus", "1", "--memory", "3g", "--volume", "/var/lib/green-ecc-v33-activity-complete-e5/fresh_runs/secded_clk10p0ns_seed17/attempt01:/campaign-run", "--volume", "/mnt/c/Users/Abhinav/OneDrive/Desktop/ECC/Error-Code-Correction:/repo:ro", "--workdir", "/OpenROAD-flow-scripts/flow", "openroad/orfs@sha256:f05cee3219a02f26289f02f00e11a3fc986ab51a482a0000a2da810cda219a6e", "/OpenROAD-flow-scripts/tools/install/OpenROAD/bin/openroad", "-exit", "/campaign-run/power/READ_DOUBLE_BIT_ERROR_DETECT/power.tcl"]
OpenROAD 26Q3-1080-gab6fd26351 
Features included (+) or not (-): +GPU +GUI +Python
This program is licensed under the BSD-3 license. See the LICENSE file for details.
Components of this program may be licensed under more restrictive licenses which must be honored.
GREEN_V33_MACRO_OUTPUT_ACTIVITY_ROOTS count=72
[WARNING STA-1651] /campaign-run/results/sky130hd/secded_matched_sram_top/clk10p0ns_seed17/6_final.spef line 56807, u_data not connected to net data_dout[0].
[WARNING STA-1651] /campaign-run/results/sky130hd/secded_matched_sram_top/clk10p0ns_seed17/6_final.spef line 56812, u_data not connected to net data_dout[0].
[WARNING STA-1651] /campaign-run/results/sky130hd/secded_matched_sram_top/clk10p0ns_seed17/6_final.spef line 56823, u_data not connected to net data_dout[10].
[WARNING STA-1651] /campaign-run/results/sky130hd/secded_matched_sram_top/clk10p0ns_seed17/6_final.spef line 56850, u_data not connected to net data_dout[10].
[WARNING STA-1651] /campaign-run/results/sky130hd/secded_matched_sram_top/clk10p0ns_seed17/6_final.spef line 56865, u_data not connected to net data_dout[11].
[WARNING STA-1651] /campaign-run/results/sky130hd/secded_matched_sram_top/clk10p0ns_seed17/6_final.spef line 56896, u_data not connected to net data_dout[11].
[WARNING STA-1651] /campaign-run/results/sky130hd/secded_matched_sram_top/clk10p0ns_seed17/6_final.spef line 56911, u_data not connected to net data_dout[12].
[WARNING STA-1651] /campaign-run/results/sky130hd/secded_matched_sram_top/clk10p0ns_seed17/6_final.spef line 56943, u_data not connected to net data_dout[12].
[WARNING STA-1651] /campaign-run/results/sky130hd/secded_matched_sram_top/clk10p0ns_seed17/6_final.spef line 56958, u_data not connected to net data_dout[13].
[WARNING STA-1651] /campaign-run/results/sky130hd/secded_matched_sram_top/clk10p0ns_seed17/6_final.spef line 56986, u_data not connected to net data_dout[13].
[WARNING STA-1651] /campaign-run/results/sky130hd/secded_matched_sram_top/clk10p0ns_seed17/6_final.spef line 57000, u_data not connected to net data_dout[14].
[WARNING STA-1651] /campaign-run/results/sky130hd/secded_matched_sram_top/clk10p0ns_seed17/6_final.spef line 57033, u_data not connected to net data_dout[14].
[WARNING STA-1651] /campaign-run/results/sky130hd/secded_matched_sram_top/clk10p0ns_seed17/6_final.spef line 57046, u_data not connected to net data_dout[15].
[WARNING STA-1651] /campaign-run/results/sky130hd/secded_matched_sram_top/clk10p0ns_seed17/6_final.spef line 57063, u_data not connected to net data_dout[15].
[WARNING STA-1651] /campaign-run/results/sky130hd/secded_matched_sram_top/clk10p0ns_seed17/6_final.spef line 57075, u_data not connected to net data_dout[16].
[WARNING STA-1651] /campaign-run/results/sky130hd/secded_matched_sram_top/clk10p0ns_seed17/6_final.spef line 57091, u_data not connected to net data_dout[16].
[WARNING STA-1651] /campaign-run/results/sky130hd/secded_matched_sram_top/clk10p0ns_seed17/6_final.spef line 57104, u_data not connected to net data_dout[17].
[WARNING STA-1651] /campaign-run/results/sky130hd/secded_matched_sram_top/clk10p0ns_seed17/6_final.spef line 57135, u_data not connected to net data_dout[17].
[WARNING STA-1651] /campaign-run/results/sky130hd/secded_matched_sram_top/clk10p0ns_seed17/6_final.spef line 57151, u_data not connected to net data_dout[18].
[WARNING STA-1651] /campaign-run/results/sky130hd/secded_matched_sram_top/clk10p0ns_seed17/6_final.spef line 57183, u_data not connected to net data_dout[18].
[WARNING STA-1651] /campaign-run/results/sky130hd/secded_matched_sram_top/clk10p0ns_seed17/6_final.spef line 57197, u_data not connected to net data_dout[19].
[WARNING STA-1651] /campaign-run/results/sky130hd/secded_matched_sram_top/clk10p0ns_seed17/6_final.spef line 57210, u_data not connected to net data_dout[19].
[WARNING STA-1651] /campaign-run/results/sky130hd/secded_matched_sram_top/clk10p0ns_seed17/6_final.spef line 57223, u_data not connected to net data_dout[1].
[WARNING STA-1651] /campaign-run/results/sky130hd/secded_matched_sram_top/clk10p0ns_seed17/6_final.spef line 57231, u_data not connected to net data_dout[1].
[WARNING STA-1651] /campaign-run/results/sky130hd/secded_matched_sram_top/clk10p0ns_seed17/6_final.spef line 57244, u_data not connected to net data_dout[20].
[WARNING STA-1651] /campaign-run/results/sky130hd/secded_matched_sram_top/clk10p0ns_seed17/6_final.spef line 57262, u_data not connected to net data_dout[20].
[WARNING STA-1651] /campaign-run/results/sky130hd/secded_matched_sram_top/clk10p0ns_seed17/6_final.spef line 57275, u_data not connected to net data_dout[21].
[WARNING STA-1651] /campaign-run/results/sky130hd/secded_matched_sram_top/clk10p0ns_seed17/6_final.spef line 57293, u_data not connected to net data_dout[21].
[WARNING STA-1651] /campaign-run/results/sky130hd/secded_matched_sram_top/clk10p0ns_seed17/6_final.spef line 57306, u_data not connected to net data_dout[22].
[WARNING STA-1651] /campaign-run/results/sky130hd/secded_matched_sram_top/clk10p0ns_seed17/6_final.spef line 57330, u_data not connected to net data_dout[22].
[WARNING STA-1651] /campaign-run/results/sky130hd/secded_matched_sram_top/clk10p0ns_seed17/6_final.spef line 57343, u_data not connected to net data_dout[23].
[WARNING STA-1651] /campaign-run/results/sky130hd/secded_matched_sram_top/clk10p0ns_seed17/6_final.spef line 57359, u_data not connected to net data_dout[23].
[WARNING STA-1651] /campaign-run/results/sky130hd/secded_matched_sram_top/clk10p0ns_seed17/6_final.spef line 57373, u_data not connected to net data_dout[24].
[WARNING STA-1651] /campaign-run/results/sky130hd/secded_matched_sram_top/clk10p0ns_seed17/6_final.spef line 57389, u_data not connected to net data_dout[24].
[WARNING STA-1651] /campaign-run/results/sky130hd/secded_matched_sram_top/clk10p0ns_seed17/6_final.spef line 57402, u_data not connected to net data_dout[25].
[WARNING STA-1651] /campaign-run/results/sky130hd/secded_matched_sram_top/clk10p0ns_seed17/6_final.spef line 57415, u_data not connected to net data_dout[25].
[WARNING STA-1651] /campaign-run/results/sky130hd/secded_matched_sram_top/clk10p0ns_seed17/6_final.spef line 57428, u_data not connected to net data_dout[26].
[WARNING STA-1651] /campaign-run/results/sky130hd/secded_matched_sram_top/clk10p0ns_seed17/6_final.spef line 57444, u_data not connected to net data_dout[26].
[WARNING STA-1651] /campaign-run/results/sky130hd/secded_matched_sram_top/clk10p0ns_seed17/6_final.spef line 57457, u_data not connected to net data_dout[27].
[WARNING STA-1651] /campaign-run/results/sky130hd/secded_matched_sram_top/clk10p0ns_seed17/6_final.spef line 57470, u_data not connected to net data_dout[27].
[WARNING STA-1651] /campaign-run/results/sky130hd/secded_matched_sram_top/clk10p0ns_seed17/6_final.spef line 57483, u_data not connected to net data_dout[28].
[WARNING STA-1651] /campaign-run/results/sky130hd/secded_matched_sram_top/clk10p0ns_seed17/6_final.spef line 57520, u_data not connected to net data_dout[28].
[WARNING STA-1651] /campaign-run/results/sky130hd/secded_matched_sram_top/clk10p0ns_seed17/6_final.spef line 57536, u_data not connected to net data_dout[29].
[WARNING STA-1651] /campaign-run/results/sky130hd/secded_matched_sram_top/clk10p0ns_seed17/6_final.spef line 57549, u_data not connected to net data_dout[29].
[WARNING STA-1651] /campaign-run/results/sky130hd/secded_matched_sram_top/clk10p0ns_seed17/6_final.spef line 57562, u_data not connected to net data_dout[2].
[WARNING STA-1651] /campaign-run/results/sky130hd/secded_matched_sram_top/clk10p0ns_seed17/6_final.spef line 57574, u_data not connected to net data_dout[2].
[WARNING STA-1651] /campaign-run/results/sky130hd/secded_matched_sram_top/clk10p0ns_seed17/6_final.spef line 57588, u_data not connected to net data_dout[30].
[WARNING STA-1651] /campaign-run/results/sky130hd/secded_matched_sram_top/clk10p0ns_seed17/6_final.spef line 57604, u_data not connected to net data_dout[30].
[WARNING STA-1651] /campaign-run/results/sky130hd/secded_matched_sram_top/clk10p0ns_seed17/6_final.spef line 57615, u_data not connected to net data_dout[31].
[WARNING STA-1651] /campaign-run/results/sky130hd/secded_matched_sram_top/clk10p0ns_seed17/6_final.spef line 57623, u_data not connected to net data_dout[31].
[WARNING STA-1651] /campaign-run/results/sky130hd/secded_matched_sram_top/clk10p0ns_seed17/6_final.spef line 57634, u_data not connected to net data_dout[32].
[WARNING STA-1651] /campaign-run/results/sky130hd/secded_matched_sram_top/clk10p0ns_seed17/6_final.spef line 57654, u_data not connected to net data_dout[32].
[WARNING STA-1651] /campaign-run/results/sky130hd/secded_matched_sram_top/clk10p0ns_seed17/6_final.spef line 57668, u_data not connected to net data_dout[33].
[WARNING STA-1651] /campaign-run/results/sky130hd/secded_matched_sram_top/clk10p0ns_seed17/6_final.spef line 57682, u_data not connected to net data_dout[33].
[WARNING STA-1651] /campaign-run/results/sky130hd/secded_matched_sram_top/clk10p0ns_seed17/6_final.spef line 57696, u_data not connected to net data_dout[34].
[WARNING STA-1651] /campaign-run/results/sky130hd/secded_matched_sram_top/clk10p0ns_seed17/6_final.spef line 57713, u_data not connected to net data_dout[34].
[WARNING STA-1651] /campaign-run/results/sky130hd/secded_matched_sram_top/clk10p0ns_seed17/6_final.spef line 57726, u_data not connected to net data_dout[35].
[WARNING STA-1651] /campaign-run/results/sky130hd/secded_matched_sram_top/clk10p0ns_seed17/6_final.spef line 57741, u_data not connected to net data_dout[35].
[WARNING STA-1651] /campaign-run/results/sky130hd/secded_matched_sram_top/clk10p0ns_seed17/6_final.spef line 57754, u_data not connected to net data_dout[36].
[WARNING STA-1651] /campaign-run/results/sky130hd/secded_matched_sram_top/clk10p0ns_seed17/6_final.spef line 57771, u_data not connected to net data_dout[36].
[WARNING STA-1651] /campaign-run/results/sky130hd/secded_matched_sram_top/clk10p0ns_seed17/6_final.spef line 57785, u_data not connected to net data_dout[37].
[WARNING STA-1651] /campaign-run/results/sky130hd/secded_matched_sram_top/clk10p0ns_seed17/6_final.spef line 57802, u_data not connected to net data_dout[37].
[WARNING STA-1651] /campaign-run/results/sky130hd/secded_matched_sram_top/clk10p0ns_seed17/6_final.spef line 57816, u_data not connected to net data_dout[38].
[WARNING STA-1651] /campaign-run/results/sky130hd/secded_matched_sram_top/clk10p0ns_seed17/6_final.spef line 57844, u_data not connected to net data_dout[38].
[WARNING STA-1651] /campaign-run/results/sky130hd/secded_matched_sram_top/clk10p0ns_seed17/6_final.spef line 57858, u_data not connected to net data_dout[39].
[WARNING STA-1651] /campaign-run/results/sky130hd/secded_matched_sram_top/clk10p0ns_seed17/6_final.spef line 57875, u_data not connected to net data_dout[39].
[WARNING STA-1651] /campaign-run/results/sky130hd/secded_matched_sram_top/clk10p0ns_seed17/6_final.spef line 57887, u_data not connected to net data_dout[3].
[WARNING STA-1651] /campaign-run/results/sky130hd/secded_matched_sram_top/clk10p0ns_seed17/6_final.spef line 57897, u_data not connected to net data_dout[3].
[WARNING STA-1651] /campaign-run/results/sky130hd/secded_matched_sram_top/clk10p0ns_seed17/6_final.spef line 57908, u_data not connected to net data_dout[40].
[WARNING STA-1651] /campaign-run/results/sky130hd/secded_matched_sram_top/clk10p0ns_seed17/6_final.spef line 57920, u_data not connected to net data_dout[40].
[WARNING STA-1651] /campaign-run/results/sky130hd/secded_matched_sram_top/clk10p0ns_seed17/6_final.spef line 57933, u_data not connected to net data_dout[41].
[WARNING STA-1651] /campaign-run/results/sky130hd/secded_matched_sram_top/clk10p0ns_seed17/6_final.spef line 57947, u_data not connected to net data_dout[41].
[WARNING STA-1651] /campaign-run/results/sky130hd/secded_matched_sram_top/clk10p0ns_seed17/6_final.spef line 57960, u_data not connected to net data_dout[42].
[WARNING STA-1651] /campaign-run/results/sky130hd/secded_matched_sram_top/clk10p0ns_seed17/6_final.spef line 57989, u_data not connected to net data_dout[42].
[WARNING STA-1651] /campaign-run/results/sky130hd/secded_matched_sram_top/clk10p0ns_seed17/6_final.spef line 58003, u_data not connected to net data_dout[43].
[WARNING STA-1651] /campaign-run/results/sky130hd/secded_matched_sram_top/clk10p0ns_seed17/6_final.spef line 58037, u_data not connected to net data_dout[43].
[WARNING STA-1651] /campaign-run/results/sky130hd/secded_matched_sram_top/clk10p0ns_seed17/6_final.spef line 58051, u_data not connected to net data_dout[44].
[WARNING STA-1651] /campaign-run/results/sky130hd/secded_matched_sram_top/clk10p0ns_seed17/6_final.spef line 58083, u_data not connected to net data_dout[44].
[WARNING STA-1651] /campaign-run/results/sky130hd/secded_matched_sram_top/clk10p0ns_seed17/6_final.spef line 58098, u_data not connected to net data_dout[45].
[WARNING STA-1651] /campaign-run/results/sky130hd/secded_matched_sram_top/clk10p0ns_seed17/6_final.spef line 58127, u_data not connected to net data_dout[45].
[WARNING STA-1651] /campaign-run/results/sky130hd/secded_matched_sram_top/clk10p0ns_seed17/6_final.spef line 58141, u_data not connected to net data_dout[46].
[WARNING STA-1651] /campaign-run/results/sky130hd/secded_matched_sram_top/clk10p0ns_seed17/6_final.spef line 58157, u_data not connected to net data_dout[46].
[WARNING STA-1651] /campaign-run/results/sky130hd/secded_matched_sram_top/clk10p0ns_seed17/6_final.spef line 58171, u_data not connected to net data_dout[47].
[WARNING STA-1651] /campaign-run/results/sky130hd/secded_matched_sram_top/clk10p0ns_seed17/6_final.spef line 58190, u_data not connected to net data_dout[47].
[WARNING STA-1651] /campaign-run/results/sky130hd/secded_matched_sram_top/clk10p0ns_seed17/6_final.spef line 58204, u_data not connected to net data_dout[48].
[WARNING STA-1651] /campaign-run/results/sky130hd/secded_matched_sram_top/clk10p0ns_seed17/6_final.spef line 58224, u_data not connected to net data_dout[48].
[WARNING STA-1651] /campaign-run/results/sky130hd/secded_matched_sram_top/clk10p0ns_seed17/6_final.spef line 58240, u_data not connected to net data_dout[49].
[WARNING STA-1651] /campaign-run/results/sky130hd/secded_matched_sram_top/clk10p0ns_seed17/6_final.spef line 58274, u_data not connected to net data_dout[49].
[WARNING STA-1651] /campaign-run/results/sky130hd/secded_matched_sram_top/clk10p0ns_seed17/6_final.spef line 58291, u_data not connected to net data_dout[4].
[WARNING STA-1651] /campaign-run/results/sky130hd/secded_matched_sram_top/clk10p0ns_seed17/6_final.spef line 58303, u_data not connected to net data_dout[4].
[WARNING STA-1651] /campaign-run/results/sky130hd/secded_matched_sram_top/clk10p0ns_seed17/6_final.spef line 58317, u_data not connected to net data_dout[50].
[WARNING STA-1651] /campaign-run/results/sky130hd/secded_matched_sram_top/clk10p0ns_seed17/6_final.spef line 58347, u_data not connected to net data_dout[50].
[WARNING STA-1651] /campaign-run/results/sky130hd/secded_matched_sram_top/clk10p0ns_seed17/6_final.spef line 58362, u_data not connected to net data_dout[51].
[WARNING STA-1651] /campaign-run/results/sky130hd/secded_matched_sram_top/clk10p0ns_seed17/6_final.spef line 58397, u_data not connected to net data_dout[51].
[WARNING STA-1651] /campaign-run/results/sky130hd/secded_matched_sram_top/clk10p0ns_seed17/6_final.spef line 58412, u_data not connected to net data_dout[52].
[WARNING STA-1651] /campaign-run/results/sky130hd/secded_matched_sram_top/clk10p0ns_seed17/6_final.spef line 58437, u_data not connected to net data_dout[52].
[WARNING STA-1651] /campaign-run/results/sky130hd/secded_matched_sram_top/clk10p0ns_seed17/6_final.spef line 58450, u_data not connected to net data_dout[53].
[WARNING STA-1651] /campaign-run/results/sky130hd/secded_matched_sram_top/clk10p0ns_seed17/6_final.spef line 58464, u_data not connected to net data_dout[53].
[WARNING STA-1651] /campaign-run/results/sky130hd/secded_matched_sram_top/clk10p0ns_seed17/6_final.spef line 58477, u_data not connected to net data_dout[54].
[WARNING STA-1651] /campaign-run/results/sky130hd/secded_matched_sram_top/clk10p0ns_seed17/6_final.spef line 58510, u_data not connected to net data_dout[54].
[WARNING STA-1651] /campaign-run/results/sky130hd/secded_matched_sram_top/clk10p0ns_seed17/6_final.spef line 58525, u_data not connected to net data_dout[55].
[WARNING STA-1651] /campaign-run/results/sky130hd/secded_matched_sram_top/clk10p0ns_seed17/6_final.spef line 58561, u_data not connected to net data_dout[55].
[WARNING STA-1651] /campaign-run/results/sky130hd/secded_matched_sram_top/clk10p0ns_seed17/6_final.spef line 58576, u_data not connected to net data_dout[56].
[WARNING STA-1651] /campaign-run/results/sky130hd/secded_matched_sram_top/clk10p0ns_seed17/6_final.spef line 58612, u_data not connected to net data_dout[56].
[WARNING STA-1651] /campaign-run/results/sky130hd/secded_matched_sram_top/clk10p0ns_seed17/6_final.spef line 58628, u_data not connected to net data_dout[57].
[WARNING STA-1651] /campaign-run/results/sky130hd/secded_matched_sram_top/clk10p0ns_seed17/6_final.spef line 58675, u_data not connected to net data_dout[57].
[WARNING STA-1651] /campaign-run/results/sky130hd/secded_matched_sram_top/clk10p0ns_seed17/6_final.spef line 58692, u_data not connected to net data_dout[58].
[WARNING STA-1651] /campaign-run/results/sky130hd/secded_matched_sram_top/clk10p0ns_seed17/6_final.spef line 58718, u_data not connected to net data_dout[58].
[WARNING STA-1651] /campaign-run/results/sky130hd/secded_matched_sram_top/clk10p0ns_seed17/6_final.spef line 58732, u_data not connected to net data_dout[59].
[WARNING STA-1651] /campaign-run/results/sky130hd/secded_matched_sram_top/clk10p0ns_seed17/6_final.spef line 58764, u_data not connected to net data_dout[59].
[WARNING STA-1651] /campaign-run/results/sky130hd/secded_matched_sram_top/clk10p0ns_seed17/6_final.spef line 58779, u_data not connected to net data_dout[5].
[WARNING STA-1651] /campaign-run/results/sky130hd/secded_matched_sram_top/clk10p0ns_seed17/6_final.spef line 58808, u_data not connected to net data_dout[5].
[WARNING STA-1651] /campaign-run/results/sky130hd/secded_matched_sram_top/clk10p0ns_seed17/6_final.spef line 58824, u_data not connected to net data_dout[60].
[WARNING STA-1651] /campaign-run/results/sky130hd/secded_matched_sram_top/clk10p0ns_seed17/6_final.spef line 58850, u_data not connected to net data_dout[60].
[WARNING STA-1651] /campaign-run/results/sky130hd/secded_matched_sram_top/clk10p0ns_seed17/6_final.spef line 58865, u_data not connected to net data_dout[61].
[WARNING STA-1651] /campaign-run/results/sky130hd/secded_matched_sram_top/clk10p0ns_seed17/6_final.spef line 58884, u_data not connected to net data_dout[61].
[WARNING STA-1651] /campaign-run/results/sky130hd/secded_matched_sram_top/clk10p0ns_seed17/6_final.spef line 58897, u_data not connected to net data_dout[62].
[WARNING STA-1651] /campaign-run/results/sky130hd/secded_matched_sram_top/clk10p0ns_seed17/6_final.spef line 58918, u_data not connected to net data_dout[62].
[WARNING STA-1651] /campaign-run/results/sky130hd/secded_matched_sram_top/clk10p0ns_seed17/6_final.spef line 58929, u_data not connected to net data_dout[63].
[WARNING STA-1651] /campaign-run/results/sky130hd/secded_matched_sram_top/clk10p0ns_seed17/6_final.spef line 58964, u_data not connected to net data_dout[63].
[WARNING STA-1651] /campaign-run/results/sky130hd/secded_matched_sram_top/clk10p0ns_seed17/6_final.spef line 58977, u_data not connected to net data_dout[6].
[WARNING STA-1651] /campaign-run/results/sky130hd/secded_matched_sram_top/clk10p0ns_seed17/6_final.spef line 59016, u_data not connected to net data_dout[6].
[WARNING STA-1651] /campaign-run/results/sky130hd/secded_matched_sram_top/clk10p0ns_seed17/6_final.spef line 59028, u_data not connected to net data_dout[7].
[WARNING STA-1651] /campaign-run/results/sky130hd/secded_matched_sram_top/clk10p0ns_seed17/6_final.spef line 59047, u_data not connected to net data_dout[7].
[WARNING STA-1651] /campaign-run/results/sky130hd/secded_matched_sram_top/clk10p0ns_seed17/6_final.spef line 59059, u_data not connected to net data_dout[8].
[WARNING STA-1651] /campaign-run/results/sky130hd/secded_matched_sram_top/clk10p0ns_seed17/6_final.spef line 59098, u_data not connected to net data_dout[8].
[WARNING STA-1651] /campaign-run/results/sky130hd/secded_matched_sram_top/clk10p0ns_seed17/6_final.spef line 59113, u_data not connected to net data_dout[9].
[WARNING STA-1651] /campaign-run/results/sky130hd/secded_matched_sram_top/clk10p0ns_seed17/6_final.spef line 59134, u_data not connected to net data_dout[9].
[WARNING STA-1651] /campaign-run/results/sky130hd/secded_matched_sram_top/clk10p0ns_seed17/6_final.spef line 59167, u_ecc0 not connected to net ecc_dout[0].
[WARNING STA-1651] /campaign-run/results/sky130hd/secded_matched_sram_top/clk10p0ns_seed17/6_final.spef line 59187, u_ecc0 not connected to net ecc_dout[0].
[WARNING STA-1651] /campaign-run/results/sky130hd/secded_matched_sram_top/clk10p0ns_seed17/6_final.spef line 59201, u_ecc0 not connected to net ecc_dout[1].
[WARNING STA-1651] /campaign-run/results/sky130hd/secded_matched_sram_top/clk10p0ns_seed17/6_final.spef line 59236, u_ecc0 not connected to net ecc_dout[1].
[WARNING STA-1651] /campaign-run/results/sky130hd/secded_matched_sram_top/clk10p0ns_seed17/6_final.spef line 59255, u_ecc0 not connected to net ecc_dout[2].
[WARNING STA-1651] /campaign-run/results/sky130hd/secded_matched_sram_top/clk10p0ns_seed17/6_final.spef line 59272, u_ecc0 not connected to net ecc_dout[2].
[WARNING STA-1651] /campaign-run/results/sky130hd/secded_matched_sram_top/clk10p0ns_seed17/6_final.spef line 59286, u_ecc0 not connected to net ecc_dout[3].
[WARNING STA-1651] /campaign-run/results/sky130hd/secded_matched_sram_top/clk10p0ns_seed17/6_final.spef line 59318, u_ecc0 not connected to net ecc_dout[3].
[WARNING STA-1651] /campaign-run/results/sky130hd/secded_matched_sram_top/clk10p0ns_seed17/6_final.spef line 59336, u_ecc0 not connected to net ecc_dout[4].
[WARNING STA-1651] /campaign-run/results/sky130hd/secded_matched_sram_top/clk10p0ns_seed17/6_final.spef line 59357, u_ecc0 not connected to net ecc_dout[4].
[WARNING STA-1651] /campaign-run/results/sky130hd/secded_matched_sram_top/clk10p0ns_seed17/6_final.spef line 59373, u_ecc0 not connected to net ecc_dout[5].
[WARNING STA-1651] /campaign-run/results/sky130hd/secded_matched_sram_top/clk10p0ns_seed17/6_final.spef line 59401, u_ecc0 not connected to net ecc_dout[5].
[WARNING STA-1651] /campaign-run/results/sky130hd/secded_matched_sram_top/clk10p0ns_seed17/6_final.spef line 59416, u_ecc0 not connected to net ecc_dout[6].
[WARNING STA-1651] /campaign-run/results/sky130hd/secded_matched_sram_top/clk10p0ns_seed17/6_final.spef line 59455, u_ecc0 not connected to net ecc_dout[6].
[WARNING STA-1651] /campaign-run/results/sky130hd/secded_matched_sram_top/clk10p0ns_seed17/6_final.spef line 59469, u_ecc0 not connected to net ecc_dout[7].
[WARNING STA-1651] /campaign-run/results/sky130hd/secded_matched_sram_top/clk10p0ns_seed17/6_final.spef line 59475, u_ecc0 not connected to net ecc_dout[7].
Annotated 142 pin activities.
GREEN_V33_EXPLICIT_ROUTED_NET_ACTIVITY nets=1089
GREEN_V33_MACRO_OUTPUT_ACTIVITY_ROOT_ANNOTATIONS count=0
GREEN_V33_POWER_COMPLETE architecture=secded_matched_sram_top operation=READ_DOUBLE_BIT_ERROR_DETECT
