
==========================================================================
global route report_tns
--------------------------------------------------------------------------
tns max 0.00

==========================================================================
global route report_wns
--------------------------------------------------------------------------
wns max 0.00

==========================================================================
global route report_worst_slack
--------------------------------------------------------------------------
worst slack max 0.55

==========================================================================
global route report_clock_min_period
--------------------------------------------------------------------------
core_clk period_min = 9.45 fmax = 105.78

==========================================================================
global route report_clock_skew
--------------------------------------------------------------------------
Clock core_clk
No launch/capture paths found.


==========================================================================
global route report_checks -path_delay min
--------------------------------------------------------------------------
Startpoint: payload_in[50] (input port clocked by core_clk)
Endpoint: u_data (rising edge-triggered flip-flop clocked by core_clk)
Path Group: core_clk
Path Type: min

Fanout     Cap    Slew   Delay    Time   Description
-----------------------------------------------------------------------------
                          0.00    0.00   clock core_clk (rise edge)
                          0.00    0.00   clock network delay (propagated)
                          1.00    1.00 v input external delay
     1    0.04    0.00    0.00    1.00 v payload_in[50] (in)
                                         payload_in[50] (net)
                  0.01    0.01    1.01 v input71/A (sky130_fd_sc_hd__buf_2)
     3    0.05    0.13    0.20    1.20 v input71/X (sky130_fd_sc_hd__buf_2)
                                         net70 (net)
                  0.17    0.00    1.20 v u_data/din[50] (sram22_256x64m4w8)
                                  1.20   data arrival time

                          0.00    0.00   clock core_clk (rise edge)
                          0.00    0.00   clock source latency
     2    0.06    0.00    0.00    0.00 ^ clk (in)
                                         clk (net)
                  0.00    0.00    0.00 ^ clkbuf_0_clk/A (sky130_fd_sc_hd__clkbuf_16)
     2    0.03    0.05    0.12    0.12 ^ clkbuf_0_clk/X (sky130_fd_sc_hd__clkbuf_16)
                                         clknet_0_clk (net)
                  0.05    0.00    0.12 ^ clkbuf_1_1__f_clk/A (sky130_fd_sc_hd__clkbuf_16)
     1    0.38    0.39    0.34    0.46 ^ clkbuf_1_1__f_clk/X (sky130_fd_sc_hd__clkbuf_16)
                                         clknet_1_1__leaf_clk (net)
                  0.52    0.04    0.51 ^ u_data/clk (sram22_256x64m4w8)
                          0.10    0.61   clock uncertainty
                          0.00    0.61   clock reconvergence pessimism
                          0.17    0.77   library hold time
                                  0.77   data required time
-----------------------------------------------------------------------------
                                  0.77   data required time
                                 -1.20   data arrival time
-----------------------------------------------------------------------------
                                  0.43   slack (MET)



==========================================================================
global route report_checks -path_delay max
--------------------------------------------------------------------------
Startpoint: u_data (rising edge-triggered flip-flop clocked by core_clk)
Endpoint: payload_out[20] (output port clocked by core_clk)
Path Group: core_clk
Path Type: max

Fanout     Cap    Slew   Delay    Time   Description
-----------------------------------------------------------------------------
                          0.00    0.00   clock core_clk (rise edge)
                          0.00    0.00   clock source latency
     2    0.06    0.00    0.00    0.00 ^ clk (in)
                                         clk (net)
                  0.00    0.00    0.00 ^ clkbuf_0_clk/A (sky130_fd_sc_hd__clkbuf_16)
     2    0.03    0.05    0.12    0.12 ^ clkbuf_0_clk/X (sky130_fd_sc_hd__clkbuf_16)
                                         clknet_0_clk (net)
                  0.05    0.00    0.12 ^ clkbuf_1_1__f_clk/A (sky130_fd_sc_hd__clkbuf_16)
     1    0.38    0.39    0.34    0.46 ^ clkbuf_1_1__f_clk/X (sky130_fd_sc_hd__clkbuf_16)
                                         clknet_1_1__leaf_clk (net)
                  0.52    0.04    0.51 ^ u_data/clk (sram22_256x64m4w8)
     1    0.01    0.13    3.41    3.92 ^ u_data/dout[8] (sram22_256x64m4w8)
                                         data_dout[8] (net)
                  0.09    0.00    3.92 ^ wire563/A (sky130_fd_sc_hd__clkbuf_1)
     2    0.05    0.56    0.44    4.36 ^ wire563/X (sky130_fd_sc_hd__clkbuf_1)
                                         net562 (net)
                  0.56    0.01    4.37 ^ max_cap562/A (sky130_fd_sc_hd__clkdlybuf4s50_1)
     1    0.01    0.07    0.61    4.98 ^ max_cap562/X (sky130_fd_sc_hd__clkdlybuf4s50_1)
                                         net561 (net)
                  0.07    0.00    4.98 ^ _466_/B (sky130_fd_sc_hd__xnor2_1)
     1    0.01    0.09    0.10    5.08 v _466_/Y (sky130_fd_sc_hd__xnor2_1)
                                         _055_ (net)
                  0.09    0.00    5.08 v _467_/B (sky130_fd_sc_hd__xnor2_1)
     2    0.02    0.45    0.40    5.48 ^ _467_/Y (sky130_fd_sc_hd__xnor2_1)
                                         _056_ (net)
                  0.45    0.00    5.48 ^ _525_/B (sky130_fd_sc_hd__xnor3_1)
     1    0.00    0.07    0.40    5.88 v _525_/X (sky130_fd_sc_hd__xnor3_1)
                                         _114_ (net)
                  0.07    0.00    5.88 v _531_/A (sky130_fd_sc_hd__xnor3_1)
     6    0.04    0.22    0.54    6.42 v _531_/X (sky130_fd_sc_hd__xnor3_1)
                                         _120_ (net)
                  0.22    0.00    6.42 v _576_/B (sky130_fd_sc_hd__or3_2)
     5    0.02    0.12    0.58    7.00 v _576_/X (sky130_fd_sc_hd__or3_2)
                                         _159_ (net)
                  0.12    0.00    7.00 v _578_/A (sky130_fd_sc_hd__nand2_1)
     1    0.00    0.09    0.09    7.09 ^ _578_/Y (sky130_fd_sc_hd__nand2_1)
                                         _161_ (net)
                  0.09    0.00    7.09 ^ place694/A (sky130_fd_sc_hd__buf_4)
    11    0.05    0.15    0.20    7.29 ^ place694/X (sky130_fd_sc_hd__buf_4)
                                         net693 (net)
                  0.15    0.00    7.30 ^ _644_/C (sky130_fd_sc_hd__nand4_1)
     1    0.01    0.18    0.18    7.47 v _644_/Y (sky130_fd_sc_hd__nand4_1)
                                         _207_ (net)
                  0.18    0.00    7.47 v _645_/B (sky130_fd_sc_hd__xnor2_1)
     1    0.01    0.19    0.23    7.71 ^ _645_/Y (sky130_fd_sc_hd__xnor2_1)
                                         net105 (net)
                  0.19    0.00    7.71 ^ output106/A (sky130_fd_sc_hd__clkdlybuf4s50_1)
     1    0.02    0.22    0.64    8.35 ^ output106/X (sky130_fd_sc_hd__clkdlybuf4s50_1)
                                         payload_out[20] (net)
                  0.22    0.00    8.35 ^ payload_out[20] (out)
                                  8.35   data arrival time

                         10.00   10.00   clock core_clk (rise edge)
                          0.00   10.00   clock network delay (propagated)
                         -0.10    9.90   clock uncertainty
                          0.00    9.90   clock reconvergence pessimism
                         -1.00    8.90   output external delay
                                  8.90   data required time
-----------------------------------------------------------------------------
                                  8.90   data required time
                                 -8.35   data arrival time
-----------------------------------------------------------------------------
                                  0.55   slack (MET)



==========================================================================
global route report_checks -unconstrained
--------------------------------------------------------------------------
Startpoint: u_data (rising edge-triggered flip-flop clocked by core_clk)
Endpoint: payload_out[20] (output port clocked by core_clk)
Path Group: core_clk
Path Type: max

Fanout     Cap    Slew   Delay    Time   Description
-----------------------------------------------------------------------------
                          0.00    0.00   clock core_clk (rise edge)
                          0.00    0.00   clock source latency
     2    0.06    0.00    0.00    0.00 ^ clk (in)
                                         clk (net)
                  0.00    0.00    0.00 ^ clkbuf_0_clk/A (sky130_fd_sc_hd__clkbuf_16)
     2    0.03    0.05    0.12    0.12 ^ clkbuf_0_clk/X (sky130_fd_sc_hd__clkbuf_16)
                                         clknet_0_clk (net)
                  0.05    0.00    0.12 ^ clkbuf_1_1__f_clk/A (sky130_fd_sc_hd__clkbuf_16)
     1    0.38    0.39    0.34    0.46 ^ clkbuf_1_1__f_clk/X (sky130_fd_sc_hd__clkbuf_16)
                                         clknet_1_1__leaf_clk (net)
                  0.52    0.04    0.51 ^ u_data/clk (sram22_256x64m4w8)
     1    0.01    0.13    3.41    3.92 ^ u_data/dout[8] (sram22_256x64m4w8)
                                         data_dout[8] (net)
                  0.09    0.00    3.92 ^ wire563/A (sky130_fd_sc_hd__clkbuf_1)
     2    0.05    0.56    0.44    4.36 ^ wire563/X (sky130_fd_sc_hd__clkbuf_1)
                                         net562 (net)
                  0.56    0.01    4.37 ^ max_cap562/A (sky130_fd_sc_hd__clkdlybuf4s50_1)
     1    0.01    0.07    0.61    4.98 ^ max_cap562/X (sky130_fd_sc_hd__clkdlybuf4s50_1)
                                         net561 (net)
                  0.07    0.00    4.98 ^ _466_/B (sky130_fd_sc_hd__xnor2_1)
     1    0.01    0.09    0.10    5.08 v _466_/Y (sky130_fd_sc_hd__xnor2_1)
                                         _055_ (net)
                  0.09    0.00    5.08 v _467_/B (sky130_fd_sc_hd__xnor2_1)
     2    0.02    0.45    0.40    5.48 ^ _467_/Y (sky130_fd_sc_hd__xnor2_1)
                                         _056_ (net)
                  0.45    0.00    5.48 ^ _525_/B (sky130_fd_sc_hd__xnor3_1)
     1    0.00    0.07    0.40    5.88 v _525_/X (sky130_fd_sc_hd__xnor3_1)
                                         _114_ (net)
                  0.07    0.00    5.88 v _531_/A (sky130_fd_sc_hd__xnor3_1)
     6    0.04    0.22    0.54    6.42 v _531_/X (sky130_fd_sc_hd__xnor3_1)
                                         _120_ (net)
                  0.22    0.00    6.42 v _576_/B (sky130_fd_sc_hd__or3_2)
     5    0.02    0.12    0.58    7.00 v _576_/X (sky130_fd_sc_hd__or3_2)
                                         _159_ (net)
                  0.12    0.00    7.00 v _578_/A (sky130_fd_sc_hd__nand2_1)
     1    0.00    0.09    0.09    7.09 ^ _578_/Y (sky130_fd_sc_hd__nand2_1)
                                         _161_ (net)
                  0.09    0.00    7.09 ^ place694/A (sky130_fd_sc_hd__buf_4)
    11    0.05    0.15    0.20    7.29 ^ place694/X (sky130_fd_sc_hd__buf_4)
                                         net693 (net)
                  0.15    0.00    7.30 ^ _644_/C (sky130_fd_sc_hd__nand4_1)
     1    0.01    0.18    0.18    7.47 v _644_/Y (sky130_fd_sc_hd__nand4_1)
                                         _207_ (net)
                  0.18    0.00    7.47 v _645_/B (sky130_fd_sc_hd__xnor2_1)
     1    0.01    0.19    0.23    7.71 ^ _645_/Y (sky130_fd_sc_hd__xnor2_1)
                                         net105 (net)
                  0.19    0.00    7.71 ^ output106/A (sky130_fd_sc_hd__clkdlybuf4s50_1)
     1    0.02    0.22    0.64    8.35 ^ output106/X (sky130_fd_sc_hd__clkdlybuf4s50_1)
                                         payload_out[20] (net)
                  0.22    0.00    8.35 ^ payload_out[20] (out)
                                  8.35   data arrival time

                         10.00   10.00   clock core_clk (rise edge)
                          0.00   10.00   clock network delay (propagated)
                         -0.10    9.90   clock uncertainty
                          0.00    9.90   clock reconvergence pessimism
                         -1.00    8.90   output external delay
                                  8.90   data required time
-----------------------------------------------------------------------------
                                  8.90   data required time
                                 -8.35   data arrival time
-----------------------------------------------------------------------------
                                  0.55   slack (MET)



==========================================================================
global route report_check_types -max_slew -max_cap -max_fanout -violators
--------------------------------------------------------------------------
max slew

Pin                                    Limit    Slew   Slack
------------------------------------------------------------
u_ecc0/dout[2]                          0.04    0.50   -0.46 (VIOLATED)
u_data/dout[15]                         0.04    0.49   -0.45 (VIOLATED)
u_data/dout[3]                          0.04    0.48   -0.44 (VIOLATED)
u_ecc0/dout[5]                          0.04    0.47   -0.43 (VIOLATED)
u_data/dout[16]                         0.04    0.44   -0.40 (VIOLATED)
u_data/dout[11]                         0.04    0.44   -0.40 (VIOLATED)
u_data/dout[19]                         0.04    0.43   -0.39 (VIOLATED)
u_data/dout[17]                         0.04    0.42   -0.38 (VIOLATED)
u_data/dout[9]                          0.04    0.42   -0.38 (VIOLATED)
u_data/dout[60]                         0.04    0.42   -0.38 (VIOLATED)
u_data/dout[14]                         0.04    0.41   -0.37 (VIOLATED)
u_data/dout[24]                         0.04    0.41   -0.37 (VIOLATED)
u_data/dout[56]                         0.04    0.41   -0.37 (VIOLATED)
u_ecc0/dout[3]                          0.04    0.40   -0.36 (VIOLATED)
u_data/dout[2]                          0.04    0.39   -0.35 (VIOLATED)
u_data/dout[12]                         0.04    0.39   -0.35 (VIOLATED)
u_data/dout[13]                         0.04    0.38   -0.34 (VIOLATED)
u_data/dout[61]                         0.04    0.38   -0.34 (VIOLATED)
u_data/dout[54]                         0.04    0.37   -0.33 (VIOLATED)
u_data/dout[21]                         0.04    0.37   -0.33 (VIOLATED)
u_data/dout[34]                         0.04    0.37   -0.33 (VIOLATED)
u_data/dout[26]                         0.04    0.37   -0.33 (VIOLATED)
u_data/dout[20]                         0.04    0.37   -0.33 (VIOLATED)
u_data/dout[57]                         0.04    0.37   -0.33 (VIOLATED)
u_data/dout[40]                         0.04    0.36   -0.32 (VIOLATED)
u_data/dout[63]                         0.04    0.36   -0.32 (VIOLATED)
u_data/dout[55]                         0.04    0.36   -0.32 (VIOLATED)
u_data/dout[50]                         0.04    0.35   -0.31 (VIOLATED)
u_data/dout[37]                         0.04    0.35   -0.31 (VIOLATED)
u_ecc0/dout[0]                          0.04    0.35   -0.31 (VIOLATED)
u_ecc0/dout[6]                          0.04    0.35   -0.31 (VIOLATED)
u_data/dout[35]                         0.04    0.35   -0.31 (VIOLATED)
u_data/dout[32]                         0.04    0.35   -0.31 (VIOLATED)
u_data/dout[47]                         0.04    0.34   -0.30 (VIOLATED)
u_data/dout[25]                         0.04    0.34   -0.30 (VIOLATED)
u_data/dout[52]                         0.04    0.34   -0.30 (VIOLATED)
u_data/dout[51]                         0.04    0.33   -0.29 (VIOLATED)
u_data/dout[49]                         0.04    0.33   -0.29 (VIOLATED)
u_data/dout[43]                         0.04    0.33   -0.29 (VIOLATED)
u_data/dout[27]                         0.04    0.33   -0.29 (VIOLATED)
u_ecc0/dout[1]                          0.04    0.33   -0.29 (VIOLATED)
u_data/dout[39]                         0.04    0.32   -0.28 (VIOLATED)
u_data/dout[7]                          0.04    0.32   -0.28 (VIOLATED)
u_data/dout[31]                         0.04    0.32   -0.28 (VIOLATED)
u_data/dout[36]                         0.04    0.32   -0.28 (VIOLATED)
u_data/dout[53]                         0.04    0.32   -0.28 (VIOLATED)
u_data/dout[38]                         0.04    0.31   -0.27 (VIOLATED)
u_data/dout[33]                         0.04    0.31   -0.27 (VIOLATED)
u_data/dout[10]                         0.04    0.31   -0.27 (VIOLATED)
u_data/rstb                             0.35    0.62   -0.27 (VIOLATED)
u_ecc0/dout[4]                          0.04    0.31   -0.27 (VIOLATED)
u_data/dout[30]                         0.04    0.31   -0.27 (VIOLATED)
u_data/dout[58]                         0.04    0.30   -0.26 (VIOLATED)
u_data/dout[46]                         0.04    0.30   -0.26 (VIOLATED)
u_data/dout[42]                         0.04    0.30   -0.26 (VIOLATED)
u_data/dout[45]                         0.04    0.30   -0.26 (VIOLATED)
u_data/dout[41]                         0.04    0.29   -0.25 (VIOLATED)
u_ecc0/dout[7]                          0.04    0.29   -0.25 (VIOLATED)
u_data/dout[48]                         0.04    0.29   -0.25 (VIOLATED)
u_data/dout[18]                         0.04    0.29   -0.25 (VIOLATED)
u_data/dout[62]                         0.04    0.29   -0.25 (VIOLATED)
u_data/dout[44]                         0.04    0.29   -0.25 (VIOLATED)
u_data/dout[29]                         0.04    0.28   -0.24 (VIOLATED)
u_data/dout[0]                          0.04    0.27   -0.23 (VIOLATED)
u_data/dout[23]                         0.04    0.23   -0.19 (VIOLATED)
u_data/clk                              0.35    0.52   -0.17 (VIOLATED)
u_data/dout[1]                          0.04    0.20   -0.16 (VIOLATED)
u_data/dout[22]                         0.04    0.20   -0.16 (VIOLATED)
u_data/dout[5]                          0.04    0.20   -0.16 (VIOLATED)
u_data/dout[28]                         0.04    0.19   -0.15 (VIOLATED)
u_data/dout[59]                         0.04    0.19   -0.15 (VIOLATED)
u_data/dout[4]                          0.04    0.19   -0.15 (VIOLATED)
u_data/dout[6]                          0.04    0.19   -0.15 (VIOLATED)
u_data/dout[8]                          0.04    0.13   -0.09 (VIOLATED)
_507_/A                                 0.60    0.66   -0.06 (VIOLATED)
_486_/A                                 0.60    0.66   -0.06 (VIOLATED)
_484_/Y                                 0.60    0.66   -0.06 (VIOLATED)
max_cap686/A                            0.60    0.65   -0.05 (VIOLATED)
_479_/A                                 0.60    0.65   -0.05 (VIOLATED)
wire687/X                               0.60    0.65   -0.05 (VIOLATED)
u_ecc0/rstb                             0.35    0.38   -0.03 (VIOLATED)
u_data/din[50]                          0.35    0.36   -0.01 (VIOLATED)


==========================================================================
global route max_slew_check_slack
--------------------------------------------------------------------------
-0.46489185094833374

==========================================================================
global route max_slew_check_limit
--------------------------------------------------------------------------
0.03999999910593033

==========================================================================
global route max_slew_check_slack_limit
--------------------------------------------------------------------------
-11.6223

==========================================================================
global route max_fanout_check_slack
--------------------------------------------------------------------------
1.0000000150474662e+30

==========================================================================
global route max_fanout_check_limit
--------------------------------------------------------------------------
1.0000000150474662e+30

==========================================================================
global route max_capacitance_check_slack
--------------------------------------------------------------------------
0.028113756328821182

==========================================================================
global route max_capacitance_check_limit
--------------------------------------------------------------------------
0.03663099929690361

==========================================================================
global route max_capacitance_check_slack_limit
--------------------------------------------------------------------------
0.7675

==========================================================================
global route max_slew_violation_count
--------------------------------------------------------------------------
max slew violation count 82

==========================================================================
global route max_fanout_violation_count
--------------------------------------------------------------------------
max fanout violation count 0

==========================================================================
global route max_cap_violation_count
--------------------------------------------------------------------------
max cap violation count 0

==========================================================================
global route setup_violation_count
--------------------------------------------------------------------------
setup violation count 0

==========================================================================
global route hold_violation_count
--------------------------------------------------------------------------
hold violation count 0

==========================================================================
global route report_checks -path_delay max reg to reg
--------------------------------------------------------------------------
No paths found.

==========================================================================
global route report_checks -path_delay min reg to reg
--------------------------------------------------------------------------
No paths found.

==========================================================================
global route critical path target clock latency max path
--------------------------------------------------------------------------
0.2971

==========================================================================
global route critical path target clock latency min path
--------------------------------------------------------------------------
0.5067

==========================================================================
global route critical path source clock latency min path
--------------------------------------------------------------------------
0.0000

==========================================================================
global route critical path delay
--------------------------------------------------------------------------
8.3537

==========================================================================
global route critical path slack
--------------------------------------------------------------------------
0.5463

==========================================================================
global route slack div critical path delay
--------------------------------------------------------------------------
6.539617

==========================================================================
global route report_power
--------------------------------------------------------------------------
Group                  Internal  Switching    Leakage      Total
                          Power      Power      Power      Power (Watts)
----------------------------------------------------------------
Sequential             0.00e+00   0.00e+00   0.00e+00   0.00e+00   0.0%
Combinational          2.39e-04   4.21e-04   3.26e-09   6.60e-04  32.9%
Clock                  6.13e-05   1.95e-04   4.85e-11   2.57e-04  12.8%
Macro                  1.09e-03   0.00e+00   7.31e-07   1.09e-03  54.3%
Pad                    0.00e+00   0.00e+00   0.00e+00   0.00e+00   0.0%
----------------------------------------------------------------
Total                  1.39e-03   6.16e-04   7.34e-07   2.00e-03 100.0%
                          69.2%      30.7%       0.0%
