
Magic 8.3 revision 311 - Compiled on Thu Jun 16 12:15:12 PDT 2022.
Starting magic under Tcl interpreter
Using the terminal as the console.
Using NULL graphics device.
Processing system .magicrc file
Sourcing design .magicrc for technology sky130A ...
2 Magic internal units = 1 Lambda
Input style sky130(vendor): scaleFactor=2, multiplier=2
The following types are not handled by extraction and will be treated as non-electrical types:
    ubm 
Scaled tech values by 2 / 1 to match internal grid scaling
Loading sky130A Device Generator Menu ...
Using technology "sky130A", version 1.0.291-63-ge829452
Cell sky130_fd_bd_sram__sram_sp_rowend_replica_ce couldn't be read
Cell sky130_fd_bd_sram__sram_sp_rowend_replica_ce is unavailable.  It could not be expanded.
Cell sky130_fd_bd_sram__sram_sp_rowend_p1m_siz couldn't be read
Cell sky130_fd_bd_sram__sram_sp_rowend_p1m_siz is unavailable.  It could not be expanded.
Cell sky130_fd_bd_sram__sram_sp_rowend_met2 couldn't be read
Cell sky130_fd_bd_sram__sram_sp_rowend_met2 is unavailable.  It could not be expanded.
Failure to read in entire subtree of cell.
Loading DRC CIF style.
__RULE_CSV_BEGIN__
rule,count
"Metal1 minimum area < 0.083um^2 (met1.6)",1
"Metal1 width < 0.14um (met1.1)",2
__RULE_CSV_END__
RULE_TOTAL=3
__HIERARCHY_CSV_BEGIN__
cell,error_tiles
__HIERARCHY_CSV_END__
COUNT_TOTAL_WITH_HIERARCHICAL_DOUBLE_COUNTING=0
