OpenROAD 26Q3-1080-gab6fd26351 
Features included (+) or not (-): +GPU +GUI +Python
This program is licensed under the BSD-3 license. See the LICENSE file for details.
Components of this program may be licensed under more restrictive licenses which must be honored.
[INFO ORD-0030] Using 4 thread(s).
read_liberty /OpenROAD-flow-scripts/flow/platforms/sky130hd/lib/sky130_fd_sc_hd__tt_025C_1v80.lib
read_liberty /work/campaigns/iscas_sustainability_extension/memory_compiler/gate3_attempt07_sram22_matched_physical_closure/source_checkout/sram22_256x64m4w8/sram22_256x64m4w8_tt_025C_1v80.lib
read_liberty /work/campaigns/iscas_sustainability_extension/memory_compiler/gate3_attempt07_sram22_matched_physical_closure/source_checkout/sram22_256x8m8w1/sram22_256x8m8w1_tt_025C_1v80.lib
read_db /work/campaigns/iscas_sustainability_extension/memory_compiler/gate3_attempt07_sram22_matched_physical_closure/raw/openroad/work/results/sky130hd/attempt07_e0/seed19/5_1_grt.odb
read_sdc /work/campaigns/iscas_sustainability_extension/memory_compiler/gate3_attempt07_sram22_matched_physical_closure/raw/openroad/work/results/sky130hd/attempt07_e0/seed19/5_1_grt.sdc
source /OpenROAD-flow-scripts/flow/platforms/sky130hd/setRC.tcl
detailed_route -output_drc /work/campaigns/iscas_sustainability_extension/memory_compiler/gate3_attempt07_sram22_matched_physical_closure/raw/openroad/work/reports/sky130hd/attempt07_e0/seed19/5_route_drc.rpt -output_maze /work/campaigns/iscas_sustainability_extension/memory_compiler/gate3_attempt07_sram22_matched_physical_closure/raw/openroad/work/results/sky130hd/attempt07_e0/seed19/maze.log -droute_end_iter 64 -verbose 1 -drc_report_iter_step 5
[INFO DRT-0149] Reading tech and libs.
[WARNING DRT-0349] LEF58_ENCLOSURE with no CUTCLASS is not supported. Skipping for layer mcon
[WARNING DRT-0349] LEF58_ENCLOSURE with no CUTCLASS is not supported. Skipping for layer mcon
[WARNING DRT-0349] LEF58_ENCLOSURE with no CUTCLASS is not supported. Skipping for layer via
[WARNING DRT-0349] LEF58_ENCLOSURE with no CUTCLASS is not supported. Skipping for layer via
[WARNING DRT-0349] LEF58_ENCLOSURE with no CUTCLASS is not supported. Skipping for layer via2
[WARNING DRT-0349] LEF58_ENCLOSURE with no CUTCLASS is not supported. Skipping for layer via2
[WARNING DRT-0349] LEF58_ENCLOSURE with no CUTCLASS is not supported. Skipping for layer via3
[WARNING DRT-0349] LEF58_ENCLOSURE with no CUTCLASS is not supported. Skipping for layer via3
[WARNING DRT-0349] LEF58_ENCLOSURE with no CUTCLASS is not supported. Skipping for layer via4
[WARNING DRT-0349] LEF58_ENCLOSURE with no CUTCLASS is not supported. Skipping for layer via4

Units:                1000
Number of layers:     13
Number of macros:     443
Number of vias:       130
Number of viarulegen: 25

[INFO DRT-0150] Reading design.

Design:                   e0_sram22_top
Die area:                 ( 0 0 ) ( 1000000 650000 )
Number of track patterns: 12
Number of DEF vias:       0
Number of components:     5840
Number of terminals:      144
Number of snets:          2
Number of nets:           1228

[WARNING DRT-0419] No routing tracks pass through the center of Term u_protected_memory.u_data/dout[0]
[WARNING DRT-0419] No routing tracks pass through the center of Term u_protected_memory.u_data/dout[1]
[WARNING DRT-0419] No routing tracks pass through the center of Term u_protected_memory.u_data/dout[2]
[WARNING DRT-0419] No routing tracks pass through the center of Term u_protected_memory.u_data/dout[3]
[WARNING DRT-0419] No routing tracks pass through the center of Term u_protected_memory.u_data/dout[4]
[WARNING DRT-0419] No routing tracks pass through the center of Term u_protected_memory.u_data/dout[5]
[WARNING DRT-0419] No routing tracks pass through the center of Term u_protected_memory.u_data/dout[6]
[WARNING DRT-0419] No routing tracks pass through the center of Term u_protected_memory.u_data/dout[7]
[WARNING DRT-0419] No routing tracks pass through the center of Term u_protected_memory.u_data/dout[8]
[WARNING DRT-0419] No routing tracks pass through the center of Term u_protected_memory.u_data/dout[9]
[WARNING DRT-0419] No routing tracks pass through the center of Term u_protected_memory.u_data/dout[10]
[WARNING DRT-0419] No routing tracks pass through the center of Term u_protected_memory.u_data/dout[11]
[WARNING DRT-0419] No routing tracks pass through the center of Term u_protected_memory.u_data/dout[12]
[WARNING DRT-0419] No routing tracks pass through the center of Term u_protected_memory.u_data/dout[13]
[WARNING DRT-0419] No routing tracks pass through the center of Term u_protected_memory.u_data/dout[14]
[WARNING DRT-0419] No routing tracks pass through the center of Term u_protected_memory.u_data/dout[15]
[WARNING DRT-0419] No routing tracks pass through the center of Term u_protected_memory.u_data/dout[16]
[WARNING DRT-0419] No routing tracks pass through the center of Term u_protected_memory.u_data/dout[17]
[WARNING DRT-0419] No routing tracks pass through the center of Term u_protected_memory.u_data/dout[18]
[WARNING DRT-0419] No routing tracks pass through the center of Term u_protected_memory.u_data/dout[19]
[WARNING DRT-0419] No routing tracks pass through the center of Term u_protected_memory.u_data/dout[20]
[WARNING DRT-0419] No routing tracks pass through the center of Term u_protected_memory.u_data/dout[21]
[WARNING DRT-0419] No routing tracks pass through the center of Term u_protected_memory.u_data/dout[22]
[WARNING DRT-0419] No routing tracks pass through the center of Term u_protected_memory.u_data/dout[23]
[WARNING DRT-0419] No routing tracks pass through the center of Term u_protected_memory.u_data/dout[24]
[WARNING DRT-0419] No routing tracks pass through the center of Term u_protected_memory.u_data/dout[25]
[WARNING DRT-0419] No routing tracks pass through the center of Term u_protected_memory.u_data/dout[26]
[WARNING DRT-0419] No routing tracks pass through the center of Term u_protected_memory.u_data/dout[27]
[WARNING DRT-0419] No routing tracks pass through the center of Term u_protected_memory.u_data/dout[28]
[WARNING DRT-0419] No routing tracks pass through the center of Term u_protected_memory.u_data/dout[29]
[WARNING DRT-0419] No routing tracks pass through the center of Term u_protected_memory.u_data/dout[30]
[WARNING DRT-0419] No routing tracks pass through the center of Term u_protected_memory.u_data/dout[31]
[WARNING DRT-0419] No routing tracks pass through the center of Term u_protected_memory.u_data/dout[32]
[WARNING DRT-0419] No routing tracks pass through the center of Term u_protected_memory.u_data/dout[33]
[WARNING DRT-0419] No routing tracks pass through the center of Term u_protected_memory.u_data/dout[34]
[WARNING DRT-0419] No routing tracks pass through the center of Term u_protected_memory.u_data/dout[35]
[WARNING DRT-0419] No routing tracks pass through the center of Term u_protected_memory.u_data/dout[36]
[WARNING DRT-0419] No routing tracks pass through the center of Term u_protected_memory.u_data/dout[37]
[WARNING DRT-0419] No routing tracks pass through the center of Term u_protected_memory.u_data/dout[38]
[WARNING DRT-0419] No routing tracks pass through the center of Term u_protected_memory.u_data/dout[39]
[WARNING DRT-0419] No routing tracks pass through the center of Term u_protected_memory.u_data/dout[40]
[WARNING DRT-0419] No routing tracks pass through the center of Term u_protected_memory.u_data/dout[41]
[WARNING DRT-0419] No routing tracks pass through the center of Term u_protected_memory.u_data/dout[42]
[WARNING DRT-0419] No routing tracks pass through the center of Term u_protected_memory.u_data/dout[43]
[WARNING DRT-0419] No routing tracks pass through the center of Term u_protected_memory.u_data/dout[44]
[WARNING DRT-0419] No routing tracks pass through the center of Term u_protected_memory.u_data/dout[45]
[WARNING DRT-0419] No routing tracks pass through the center of Term u_protected_memory.u_data/dout[46]
[WARNING DRT-0419] No routing tracks pass through the center of Term u_protected_memory.u_data/dout[47]
[WARNING DRT-0419] No routing tracks pass through the center of Term u_protected_memory.u_data/dout[48]
[WARNING DRT-0419] No routing tracks pass through the center of Term u_protected_memory.u_data/dout[49]
[WARNING DRT-0419] No routing tracks pass through the center of Term u_protected_memory.u_data/dout[50]
[WARNING DRT-0419] No routing tracks pass through the center of Term u_protected_memory.u_data/dout[51]
[WARNING DRT-0419] No routing tracks pass through the center of Term u_protected_memory.u_data/dout[52]
[WARNING DRT-0419] No routing tracks pass through the center of Term u_protected_memory.u_data/dout[53]
[WARNING DRT-0419] No routing tracks pass through the center of Term u_protected_memory.u_data/dout[54]
[WARNING DRT-0419] No routing tracks pass through the center of Term u_protected_memory.u_data/dout[55]
[WARNING DRT-0419] No routing tracks pass through the center of Term u_protected_memory.u_data/dout[56]
[WARNING DRT-0419] No routing tracks pass through the center of Term u_protected_memory.u_data/dout[57]
[WARNING DRT-0419] No routing tracks pass through the center of Term u_protected_memory.u_data/dout[58]
[WARNING DRT-0419] No routing tracks pass through the center of Term u_protected_memory.u_data/dout[59]
[WARNING DRT-0419] No routing tracks pass through the center of Term u_protected_memory.u_data/dout[60]
[WARNING DRT-0419] No routing tracks pass through the center of Term u_protected_memory.u_data/dout[61]
[WARNING DRT-0419] No routing tracks pass through the center of Term u_protected_memory.u_data/dout[62]
[WARNING DRT-0419] No routing tracks pass through the center of Term u_protected_memory.u_data/dout[63]
[WARNING DRT-0419] No routing tracks pass through the center of Term u_protected_memory.u_data/din[0]
[WARNING DRT-0419] No routing tracks pass through the center of Term u_protected_memory.u_data/din[1]
[WARNING DRT-0419] No routing tracks pass through the center of Term u_protected_memory.u_data/din[2]
[WARNING DRT-0419] No routing tracks pass through the center of Term u_protected_memory.u_data/din[3]
[WARNING DRT-0419] No routing tracks pass through the center of Term u_protected_memory.u_data/din[4]
[WARNING DRT-0419] No routing tracks pass through the center of Term u_protected_memory.u_data/din[5]
[WARNING DRT-0419] No routing tracks pass through the center of Term u_protected_memory.u_data/din[6]
[WARNING DRT-0419] No routing tracks pass through the center of Term u_protected_memory.u_data/din[7]
[WARNING DRT-0419] No routing tracks pass through the center of Term u_protected_memory.u_data/din[8]
[WARNING DRT-0419] No routing tracks pass through the center of Term u_protected_memory.u_data/din[9]
[WARNING DRT-0419] No routing tracks pass through the center of Term u_protected_memory.u_data/din[10]
[WARNING DRT-0419] No routing tracks pass through the center of Term u_protected_memory.u_data/din[11]
[WARNING DRT-0419] No routing tracks pass through the center of Term u_protected_memory.u_data/din[12]
[WARNING DRT-0419] No routing tracks pass through the center of Term u_protected_memory.u_data/din[13]
[WARNING DRT-0419] No routing tracks pass through the center of Term u_protected_memory.u_data/din[14]
[WARNING DRT-0419] No routing tracks pass through the center of Term u_protected_memory.u_data/din[15]
[WARNING DRT-0419] No routing tracks pass through the center of Term u_protected_memory.u_data/din[16]
[WARNING DRT-0419] No routing tracks pass through the center of Term u_protected_memory.u_data/din[17]
[WARNING DRT-0419] No routing tracks pass through the center of Term u_protected_memory.u_data/din[18]
[WARNING DRT-0419] No routing tracks pass through the center of Term u_protected_memory.u_data/din[19]
[WARNING DRT-0419] No routing tracks pass through the center of Term u_protected_memory.u_data/din[20]
[WARNING DRT-0419] No routing tracks pass through the center of Term u_protected_memory.u_data/din[21]
[WARNING DRT-0419] No routing tracks pass through the center of Term u_protected_memory.u_data/din[22]
[WARNING DRT-0419] No routing tracks pass through the center of Term u_protected_memory.u_data/din[23]
[WARNING DRT-0419] No routing tracks pass through the center of Term u_protected_memory.u_data/din[24]
[WARNING DRT-0419] No routing tracks pass through the center of Term u_protected_memory.u_data/din[25]
[WARNING DRT-0419] No routing tracks pass through the center of Term u_protected_memory.u_data/din[26]
[WARNING DRT-0419] No routing tracks pass through the center of Term u_protected_memory.u_data/din[27]
[WARNING DRT-0419] No routing tracks pass through the center of Term u_protected_memory.u_data/din[28]
[WARNING DRT-0419] No routing tracks pass through the center of Term u_protected_memory.u_data/din[29]
[WARNING DRT-0419] No routing tracks pass through the center of Term u_protected_memory.u_data/din[30]
[WARNING DRT-0419] No routing tracks pass through the center of Term u_protected_memory.u_data/din[31]
[WARNING DRT-0419] No routing tracks pass through the center of Term u_protected_memory.u_data/din[32]
[WARNING DRT-0419] No routing tracks pass through the center of Term u_protected_memory.u_data/din[33]
[WARNING DRT-0419] No routing tracks pass through the center of Term u_protected_memory.u_data/din[34]
[WARNING DRT-0419] No routing tracks pass through the center of Term u_protected_memory.u_data/din[35]
[WARNING DRT-0419] No routing tracks pass through the center of Term u_protected_memory.u_data/din[36]
[WARNING DRT-0419] No routing tracks pass through the center of Term u_protected_memory.u_data/din[37]
[WARNING DRT-0419] No routing tracks pass through the center of Term u_protected_memory.u_data/din[38]
[WARNING DRT-0419] No routing tracks pass through the center of Term u_protected_memory.u_data/din[39]
[WARNING DRT-0419] No routing tracks pass through the center of Term u_protected_memory.u_data/din[40]
[WARNING DRT-0419] No routing tracks pass through the center of Term u_protected_memory.u_data/din[41]
[WARNING DRT-0419] No routing tracks pass through the center of Term u_protected_memory.u_data/din[42]
[WARNING DRT-0419] No routing tracks pass through the center of Term u_protected_memory.u_data/din[43]
[WARNING DRT-0419] No routing tracks pass through the center of Term u_protected_memory.u_data/din[44]
[WARNING DRT-0419] No routing tracks pass through the center of Term u_protected_memory.u_data/din[45]
[WARNING DRT-0419] No routing tracks pass through the center of Term u_protected_memory.u_data/din[46]
[WARNING DRT-0419] No routing tracks pass through the center of Term u_protected_memory.u_data/din[47]
[WARNING DRT-0419] No routing tracks pass through the center of Term u_protected_memory.u_data/din[48]
[WARNING DRT-0419] No routing tracks pass through the center of Term u_protected_memory.u_data/din[49]
[WARNING DRT-0419] No routing tracks pass through the center of Term u_protected_memory.u_data/din[50]
[WARNING DRT-0419] No routing tracks pass through the center of Term u_protected_memory.u_data/din[51]
[WARNING DRT-0419] No routing tracks pass through the center of Term u_protected_memory.u_data/din[52]
[WARNING DRT-0419] No routing tracks pass through the center of Term u_protected_memory.u_data/din[53]
[WARNING DRT-0419] No routing tracks pass through the center of Term u_protected_memory.u_data/din[54]
[WARNING DRT-0419] No routing tracks pass through the center of Term u_protected_memory.u_data/din[55]
[WARNING DRT-0419] No routing tracks pass through the center of Term u_protected_memory.u_data/din[56]
[WARNING DRT-0419] No routing tracks pass through the center of Term u_protected_memory.u_data/din[57]
[WARNING DRT-0419] No routing tracks pass through the center of Term u_protected_memory.u_data/din[58]
[WARNING DRT-0419] No routing tracks pass through the center of Term u_protected_memory.u_data/din[59]
[WARNING DRT-0419] No routing tracks pass through the center of Term u_protected_memory.u_data/din[60]
[WARNING DRT-0419] No routing tracks pass through the center of Term u_protected_memory.u_data/din[61]
[WARNING DRT-0419] No routing tracks pass through the center of Term u_protected_memory.u_data/din[62]
[WARNING DRT-0419] No routing tracks pass through the center of Term u_protected_memory.u_data/din[63]
[WARNING DRT-0419] No routing tracks pass through the center of Term u_protected_memory.u_data/wmask[1]
[WARNING DRT-0419] No routing tracks pass through the center of Term u_protected_memory.u_data/wmask[2]
[WARNING DRT-0419] No routing tracks pass through the center of Term u_protected_memory.u_data/wmask[3]
[WARNING DRT-0419] No routing tracks pass through the center of Term u_protected_memory.u_data/wmask[4]
[WARNING DRT-0419] No routing tracks pass through the center of Term u_protected_memory.u_data/wmask[5]
[WARNING DRT-0419] No routing tracks pass through the center of Term u_protected_memory.u_data/wmask[6]
[WARNING DRT-0419] No routing tracks pass through the center of Term u_protected_memory.u_data/wmask[7]
[WARNING DRT-0418] Term u_protected_memory.u_ecc/dout[0] has no pins on routing grid
[WARNING DRT-0418] Term u_protected_memory.u_ecc/dout[1] has no pins on routing grid
[WARNING DRT-0418] Term u_protected_memory.u_ecc/dout[2] has no pins on routing grid
[WARNING DRT-0418] Term u_protected_memory.u_ecc/dout[3] has no pins on routing grid
[WARNING DRT-0418] Term u_protected_memory.u_ecc/dout[4] has no pins on routing grid
[WARNING DRT-0418] Term u_protected_memory.u_ecc/dout[5] has no pins on routing grid
[WARNING DRT-0418] Term u_protected_memory.u_ecc/dout[6] has no pins on routing grid
[WARNING DRT-0418] Term u_protected_memory.u_ecc/dout[7] has no pins on routing grid
[WARNING DRT-0419] No routing tracks pass through the center of Term u_protected_memory.u_ecc/din[0]
[WARNING DRT-0419] No routing tracks pass through the center of Term u_protected_memory.u_ecc/din[1]
[WARNING DRT-0419] No routing tracks pass through the center of Term u_protected_memory.u_ecc/din[2]
[WARNING DRT-0418] Term u_protected_memory.u_ecc/din[3] has no pins on routing grid
[WARNING DRT-0418] Term u_protected_memory.u_ecc/din[4] has no pins on routing grid
[WARNING DRT-0418] Term u_protected_memory.u_ecc/din[5] has no pins on routing grid
[WARNING DRT-0418] Term u_protected_memory.u_ecc/din[6] has no pins on routing grid
[WARNING DRT-0418] Term u_protected_memory.u_ecc/din[7] has no pins on routing grid
[WARNING DRT-0419] No routing tracks pass through the center of Term u_protected_memory.u_ecc/wmask[0]
[WARNING DRT-0419] No routing tracks pass through the center of Term u_protected_memory.u_ecc/wmask[1]
[WARNING DRT-0419] No routing tracks pass through the center of Term u_protected_memory.u_ecc/wmask[2]
[WARNING DRT-0418] Term u_protected_memory.u_ecc/wmask[3] has no pins on routing grid
[WARNING DRT-0418] Term u_protected_memory.u_ecc/wmask[4] has no pins on routing grid
[WARNING DRT-0418] Term u_protected_memory.u_ecc/wmask[5] has no pins on routing grid
[WARNING DRT-0418] Term u_protected_memory.u_ecc/wmask[6] has no pins on routing grid
[WARNING DRT-0418] Term u_protected_memory.u_ecc/wmask[7] has no pins on routing grid
[INFO DRT-0167] List of default vias:
  Layer via
    default via: M1M2_PR
  Layer via2
    default via: M2M3_PR
  Layer via3
    default via: M3M4_PR
  Layer via4
    default via: M4M5_PR
[INFO DRT-0162] Library cell analysis.
[INFO DRT-0163] Instance analysis.
[INFO DRT-0164] Number of unique instances = 97.
[INFO DRT-0168] Init region query.
[INFO DRT-0024]   Complete FR_MASTERSLICE.
[INFO DRT-0024]   Complete Fr_VIA.
[INFO DRT-0024]   Complete li1.
[INFO DRT-0024]   Complete mcon.
[INFO DRT-0024]   Complete met1.
[INFO DRT-0024]   Complete via.
[INFO DRT-0024]   Complete met2.
[INFO DRT-0024]   Complete via2.
[INFO DRT-0024]   Complete met3.
[INFO DRT-0024]   Complete via3.
[INFO DRT-0024]   Complete met4.
[INFO DRT-0024]   Complete via4.
[INFO DRT-0024]   Complete met5.
[INFO DRT-0033] FR_MASTERSLICE shape region query size = 0.
[INFO DRT-0033] FR_VIA shape region query size = 0.
[INFO DRT-0033] li1 shape region query size = 47188.
[INFO DRT-0033] mcon shape region query size = 24912.
[INFO DRT-0033] met1 shape region query size = 17801.
[INFO DRT-0033] via shape region query size = 24330.
[INFO DRT-0033] met2 shape region query size = 22048.
[INFO DRT-0033] via2 shape region query size = 45597.
[INFO DRT-0033] met3 shape region query size = 29027.
[INFO DRT-0033] via3 shape region query size = 45281.
[INFO DRT-0033] met4 shape region query size = 11428.
[INFO DRT-0033] via4 shape region query size = 1676.
[INFO DRT-0033] met5 shape region query size = 1768.
[INFO DRT-0165] Start pin access.
[INFO DRT-0078]   Complete 901 pins.
[INFO DRT-0081]   Complete 95 unique inst patterns.
[INFO DRT-0084]   Complete 925 groups.
#scanned instances     = 5840
#unique  instances     = 97
#stdCellGenAp          = 2852
#stdCellValidPlanarAp  = 37
#stdCellValidViaAp     = 2064
#stdCellPinNoAp        = 0
#stdCellPinCnt         = 2852
#instTermValidViaApCnt = 0
#macroGenAp            = 553
#macroValidPlanarAp    = 452
#macroValidViaAp       = 0
#macroNoAp             = 0
[INFO DRT-0166] Complete pin access.
[INFO DRT-0267] cpu time = 00:00:54, elapsed time = 00:00:53, memory = 267.78 (MB), peak = 267.63 (MB)

[INFO DRT-0157] Number of guides:     8315

[INFO DRT-0169] Post process guides.
[INFO DRT-0176] GCELLGRID X 0 DO 144 STEP 6900 ;
[INFO DRT-0177] GCELLGRID Y 0 DO 94 STEP 6900 ;
[INFO DRT-0028]   Complete FR_MASTERSLICE.
[INFO DRT-0028]   Complete Fr_VIA.
[INFO DRT-0028]   Complete li1.
[INFO DRT-0028]   Complete mcon.
[INFO DRT-0028]   Complete met1.
[INFO DRT-0028]   Complete via.
[INFO DRT-0028]   Complete met2.
[INFO DRT-0028]   Complete via2.
[INFO DRT-0028]   Complete met3.
[INFO DRT-0028]   Complete via3.
[INFO DRT-0028]   Complete met4.
[INFO DRT-0028]   Complete via4.
[INFO DRT-0028]   Complete met5.
[INFO DRT-0178] Init guide query.
[INFO DRT-0035]   Complete FR_MASTERSLICE (guide).
[INFO DRT-0035]   Complete Fr_VIA (guide).
[INFO DRT-0035]   Complete li1 (guide).
[INFO DRT-0035]   Complete mcon (guide).
[INFO DRT-0035]   Complete met1 (guide).
[INFO DRT-0035]   Complete via (guide).
[INFO DRT-0035]   Complete met2 (guide).
[INFO DRT-0035]   Complete via2 (guide).
[INFO DRT-0035]   Complete met3 (guide).
[INFO DRT-0035]   Complete via3 (guide).
[INFO DRT-0035]   Complete met4 (guide).
[INFO DRT-0035]   Complete via4 (guide).
[INFO DRT-0035]   Complete met5 (guide).
[INFO DRT-0036] FR_MASTERSLICE guide region query size = 0.
[INFO DRT-0036] FR_VIA guide region query size = 0.
[INFO DRT-0036] li1 guide region query size = 2563.
[INFO DRT-0036] mcon guide region query size = 0.
[INFO DRT-0036] met1 guide region query size = 2445.
[INFO DRT-0036] via guide region query size = 0.
[INFO DRT-0036] met2 guide region query size = 1382.
[INFO DRT-0036] via2 guide region query size = 0.
[INFO DRT-0036] met3 guide region query size = 319.
[INFO DRT-0036] via3 guide region query size = 0.
[INFO DRT-0036] met4 guide region query size = 159.
[INFO DRT-0036] via4 guide region query size = 0.
[INFO DRT-0036] met5 guide region query size = 6.
[INFO DRT-0179] Init gr pin query.
[INFO DRT-0267] cpu time = 00:00:00, elapsed time = 00:00:00, memory = 270.23 (MB), peak = 270.00 (MB)
[INFO DRT-0245] skipped writing guide updates to database.
[INFO DRT-0181] Start track assignment.
[INFO DRT-0184] Done with 4104 vertical wires in 3 frboxes and 2770 horizontal wires in 2 frboxes.
[INFO DRT-0186] Done with 552 vertical wires in 3 frboxes and 726 horizontal wires in 2 frboxes.
[INFO DRT-0182] Complete track assignment.
[INFO DRT-0267] cpu time = 00:00:02, elapsed time = 00:00:02, memory = 306.70 (MB), peak = 325.89 (MB)
[INFO DRT-0187] Start routing data preparation.
[INFO DRT-0267] cpu time = 00:00:00, elapsed time = 00:00:00, memory = 306.70 (MB), peak = 325.89 (MB)
[INFO DRT-0194] Start detail routing.
[INFO DRT-0195] Start 0th optimization iteration.
    Completing 10% with 0 violations.
    elapsed time = 00:00:00, memory = 325.50 (MB).
    Completing 20% with 0 violations.
    elapsed time = 00:00:03, memory = 366.93 (MB).
    Completing 30% with 152 violations.
    elapsed time = 00:00:07, memory = 346.10 (MB).
    Completing 40% with 152 violations.
    elapsed time = 00:00:09, memory = 380.64 (MB).
    Completing 50% with 152 violations.
    elapsed time = 00:00:11, memory = 389.29 (MB).
    Completing 60% with 328 violations.
    elapsed time = 00:00:15, memory = 380.18 (MB).
    Completing 70% with 328 violations.
    elapsed time = 00:00:18, memory = 404.78 (MB).
    Completing 80% with 462 violations.
    elapsed time = 00:00:22, memory = 389.96 (MB).
    Completing 90% with 462 violations.
    elapsed time = 00:00:27, memory = 398.28 (MB).
    Completing 100% with 568 violations.
    elapsed time = 00:00:28, memory = 399.40 (MB).
[INFO DRT-0199]   Number of violations = 622.
Viol/Layer         li1   mcon   met1   met2   via2   met3   met4
Cut Spacing          0      3      0      0      1      0      0
Metal Spacing        0      0    108     29      0      5      0
Recheck              1      0     34      8      0      8      3
Short                0      0    370     45      0      7      0
[INFO DRT-0267] cpu time = 00:00:29, elapsed time = 00:00:29, memory = 731.58 (MB), peak = 731.34 (MB)
Total wire length = 80686 um.
Total wire length on LAYER li1 = 0 um.
Total wire length on LAYER met1 = 23364 um.
Total wire length on LAYER met2 = 44207 um.
Total wire length on LAYER met3 = 5762 um.
Total wire length on LAYER met4 = 7263 um.
Total wire length on LAYER met5 = 87 um.
Total number of vias = 6627.
Up-via summary (total 6627):

-----------------------
 FR_MASTERSLICE       0
            li1    2886
           met1    3149
           met2     337
           met3     243
           met4      12
-----------------------
               6627


[INFO DRT-0195] Start 1st optimization iteration.
    Completing 10% with 622 violations.
    elapsed time = 00:00:00, memory = 737.53 (MB).
    Completing 20% with 622 violations.
    elapsed time = 00:00:01, memory = 750.49 (MB).
    Completing 30% with 613 violations.
    elapsed time = 00:00:05, memory = 745.14 (MB).
    Completing 40% with 613 violations.
    elapsed time = 00:00:07, memory = 760.45 (MB).
    Completing 50% with 613 violations.
    elapsed time = 00:00:10, memory = 763.30 (MB).
    Completing 60% with 574 violations.
    elapsed time = 00:00:13, memory = 747.12 (MB).
    Completing 70% with 574 violations.
    elapsed time = 00:00:15, memory = 751.50 (MB).
    Completing 80% with 532 violations.
    elapsed time = 00:00:19, memory = 751.50 (MB).
    Completing 90% with 532 violations.
    elapsed time = 00:00:22, memory = 751.50 (MB).
    Completing 100% with 425 violations.
    elapsed time = 00:00:27, memory = 751.50 (MB).
[INFO DRT-0199]   Number of violations = 425.
Viol/Layer        mcon   met1   met2
Cut Spacing          6      0      0
Metal Spacing        0     78      6
Recheck              0      0      1
Short                0    306     28
[INFO DRT-0267] cpu time = 00:00:27, elapsed time = 00:00:27, memory = 754.50 (MB), peak = 763.84 (MB)
Total wire length = 80493 um.
Total wire length on LAYER li1 = 0 um.
Total wire length on LAYER met1 = 23273 um.
Total wire length on LAYER met2 = 44086 um.
Total wire length on LAYER met3 = 5825 um.
Total wire length on LAYER met4 = 7236 um.
Total wire length on LAYER met5 = 71 um.
Total number of vias = 6643.
Up-via summary (total 6643):

-----------------------
 FR_MASTERSLICE       0
            li1    2894
           met1    3149
           met2     350
           met3     240
           met4      10
-----------------------
               6643


[INFO DRT-0195] Start 2nd optimization iteration.
    Completing 10% with 425 violations.
    elapsed time = 00:00:00, memory = 754.50 (MB).
    Completing 20% with 425 violations.
    elapsed time = 00:00:01, memory = 763.96 (MB).
    Completing 30% with 423 violations.
    elapsed time = 00:00:03, memory = 763.96 (MB).
    Completing 40% with 423 violations.
    elapsed time = 00:00:06, memory = 781.61 (MB).
    Completing 50% with 423 violations.
    elapsed time = 00:00:09, memory = 763.96 (MB).
    Completing 60% with 382 violations.
    elapsed time = 00:00:09, memory = 763.96 (MB).
    Completing 70% with 382 violations.
    elapsed time = 00:00:09, memory = 763.96 (MB).
    Completing 80% with 384 violations.
    elapsed time = 00:00:11, memory = 763.96 (MB).
    Completing 90% with 384 violations.
    elapsed time = 00:00:15, memory = 763.96 (MB).
    Completing 100% with 279 violations.
    elapsed time = 00:00:24, memory = 763.94 (MB).
[INFO DRT-0199]   Number of violations = 279.
Viol/Layer        mcon   met1   met2
Cut Spacing          2      0      0
Metal Spacing        0     64     10
Recheck              0      0      1
Short                0    199      3
[INFO DRT-0267] cpu time = 00:00:24, elapsed time = 00:00:24, memory = 763.94 (MB), peak = 781.25 (MB)
Total wire length = 80316 um.
Total wire length on LAYER li1 = 0 um.
Total wire length on LAYER met1 = 23112 um.
Total wire length on LAYER met2 = 44167 um.
Total wire length on LAYER met3 = 5808 um.
Total wire length on LAYER met4 = 7154 um.
Total wire length on LAYER met5 = 74 um.
Total number of vias = 6583.
Up-via summary (total 6583):

-----------------------
 FR_MASTERSLICE       0
            li1    2889
           met1    3117
           met2     332
           met3     235
           met4      10
-----------------------
               6583


[INFO DRT-0195] Start 3rd optimization iteration.
    Completing 10% with 279 violations.
    elapsed time = 00:00:00, memory = 763.94 (MB).
    Completing 20% with 279 violations.
    elapsed time = 00:00:01, memory = 782.03 (MB).
    Completing 30% with 232 violations.
    elapsed time = 00:00:08, memory = 764.14 (MB).
    Completing 40% with 232 violations.
    elapsed time = 00:00:09, memory = 764.88 (MB).
    Completing 50% with 232 violations.
    elapsed time = 00:00:09, memory = 764.88 (MB).
    Completing 60% with 169 violations.
    elapsed time = 00:00:14, memory = 764.88 (MB).
    Completing 70% with 169 violations.
    elapsed time = 00:00:15, memory = 766.02 (MB).
    Completing 80% with 77 violations.
    elapsed time = 00:00:21, memory = 766.02 (MB).
    Completing 90% with 77 violations.
    elapsed time = 00:00:22, memory = 766.02 (MB).
    Completing 100% with 45 violations.
    elapsed time = 00:00:23, memory = 766.02 (MB).
[INFO DRT-0199]   Number of violations = 45.
Viol/Layer        met1   met2
Metal Spacing        6      0
Short               37      2
[INFO DRT-0267] cpu time = 00:00:23, elapsed time = 00:00:23, memory = 766.02 (MB), peak = 781.83 (MB)
Total wire length = 80261 um.
Total wire length on LAYER li1 = 0 um.
Total wire length on LAYER met1 = 22633 um.
Total wire length on LAYER met2 = 44192 um.
Total wire length on LAYER met3 = 6272 um.
Total wire length on LAYER met4 = 7114 um.
Total wire length on LAYER met5 = 47 um.
Total number of vias = 6684.
Up-via summary (total 6684):

-----------------------
 FR_MASTERSLICE       0
            li1    2889
           met1    3181
           met2     372
           met3     236
           met4       6
-----------------------
               6684


[INFO DRT-0195] Start 4th guides tiles iteration.
    Completing 10% with 45 violations.
    elapsed time = 00:00:00, memory = 766.02 (MB).
    Completing 20% with 45 violations.
    elapsed time = 00:00:00, memory = 766.02 (MB).
    Completing 30% with 45 violations.
    elapsed time = 00:00:00, memory = 766.02 (MB).
    Completing 50% with 37 violations.
    elapsed time = 00:00:00, memory = 766.02 (MB).
    Completing 60% with 37 violations.
    elapsed time = 00:00:01, memory = 766.02 (MB).
    Completing 70% with 37 violations.
    elapsed time = 00:00:04, memory = 766.02 (MB).
    Completing 80% with 37 violations.
    elapsed time = 00:00:05, memory = 766.02 (MB).
    Completing 100% with 1 violations.
    elapsed time = 00:00:05, memory = 766.02 (MB).
[INFO DRT-0199]   Number of violations = 1.
Viol/Layer        met1
Short                1
[INFO DRT-0267] cpu time = 00:00:05, elapsed time = 00:00:05, memory = 766.02 (MB), peak = 781.83 (MB)
Total wire length = 80281 um.
Total wire length on LAYER li1 = 0 um.
Total wire length on LAYER met1 = 22579 um.
Total wire length on LAYER met2 = 44195 um.
Total wire length on LAYER met3 = 6339 um.
Total wire length on LAYER met4 = 7118 um.
Total wire length on LAYER met5 = 47 um.
Total number of vias = 6713.
Up-via summary (total 6713):

-----------------------
 FR_MASTERSLICE       0
            li1    2888
           met1    3193
           met2     388
           met3     238
           met4       6
-----------------------
               6713


[INFO DRT-0195] Start 5th guides tiles iteration.
    Completing 50% with 1 violations.
    elapsed time = 00:00:00, memory = 766.02 (MB).
    Completing 100% with 1 violations.
    elapsed time = 00:00:00, memory = 766.02 (MB).
[INFO DRT-0199]   Number of violations = 1.
Viol/Layer        met1
Short                1
[INFO DRT-0267] cpu time = 00:00:00, elapsed time = 00:00:00, memory = 766.98 (MB), peak = 781.83 (MB)
Total wire length = 80281 um.
Total wire length on LAYER li1 = 0 um.
Total wire length on LAYER met1 = 22579 um.
Total wire length on LAYER met2 = 44195 um.
Total wire length on LAYER met3 = 6339 um.
Total wire length on LAYER met4 = 7118 um.
Total wire length on LAYER met5 = 47 um.
Total number of vias = 6713.
Up-via summary (total 6713):

-----------------------
 FR_MASTERSLICE       0
            li1    2888
           met1    3193
           met2     388
           met3     238
           met4       6
-----------------------
               6713


[INFO DRT-0195] Start 6th stubborn tiles iteration.
    Completing 10% with 1 violations.
    elapsed time = 00:00:02, memory = 766.98 (MB).
    Completing 20% with 1 violations.
    elapsed time = 00:00:04, memory = 766.98 (MB).
    Completing 30% with 1 violations.
    elapsed time = 00:00:08, memory = 766.98 (MB).
    Completing 40% with 1 violations.
    elapsed time = 00:00:10, memory = 766.98 (MB).
    Completing 50% with 1 violations.
    elapsed time = 00:00:13, memory = 766.98 (MB).
    Completing 60% with 1 violations.
    elapsed time = 00:00:16, memory = 766.98 (MB).
    Completing 70% with 1 violations.
    elapsed time = 00:00:17, memory = 766.98 (MB).
    Completing 80% with 1 violations.
    elapsed time = 00:00:18, memory = 766.98 (MB).
    Completing 90% with 1 violations.
    elapsed time = 00:00:29, memory = 766.99 (MB).
    Completing 100% with 0 violations.
    elapsed time = 00:00:32, memory = 768.79 (MB).
[INFO DRT-0199]   Number of violations = 0.
[INFO DRT-0267] cpu time = 00:00:32, elapsed time = 00:00:32, memory = 768.79 (MB), peak = 781.83 (MB)
Total wire length = 80281 um.
Total wire length on LAYER li1 = 0 um.
Total wire length on LAYER met1 = 22579 um.
Total wire length on LAYER met2 = 44195 um.
Total wire length on LAYER met3 = 6339 um.
Total wire length on LAYER met4 = 7118 um.
Total wire length on LAYER met5 = 47 um.
Total number of vias = 6713.
Up-via summary (total 6713):

-----------------------
 FR_MASTERSLICE       0
            li1    2888
           met1    3193
           met2     388
           met3     238
           met4       6
-----------------------
               6713


[INFO DRT-0198] Complete detail routing.
Total wire length = 80281 um.
Total wire length on LAYER li1 = 0 um.
Total wire length on LAYER met1 = 22579 um.
Total wire length on LAYER met2 = 44195 um.
Total wire length on LAYER met3 = 6339 um.
Total wire length on LAYER met4 = 7118 um.
Total wire length on LAYER met5 = 47 um.
Total number of vias = 6713.
Up-via summary (total 6713):

-----------------------
 FR_MASTERSLICE       0
            li1    2888
           met1    3193
           met2     388
           met3     238
           met4       6
-----------------------
               6713


[INFO DRT-0267] cpu time = 00:02:24, elapsed time = 00:02:24, memory = 768.79 (MB), peak = 781.83 (MB)

[INFO DRT-0180] Post processing.
[INFO DRT-0501] Runtime: 201.66s
Took 201 seconds: detailed_route -output_drc /work/campaigns/iscas_sustainability_extension/memory_compiler/gate3_attempt07_sram22_matched_physical_closure/raw/openroad/work/reports/sky130hd/attempt07_e0/seed19/5_route_drc.rpt -output_maze /work/campaigns/iscas_sustainability_extension/memory_compiler/gate3_attempt07_sram22_matched_physical_closure/raw/openroad/work/results/sky130hd/attempt07_e0/seed19/maze.log -droute_end_iter 64 -verbose 1 -drc_report_iter_step 5
[INFO GRT-0012] Found 2 antenna violations.
[INFO DPL-0006] Core area: 615627.94 um^2
[INFO DPL-0007] Movable instances area: 2.50 um^2
[INFO DPL-0008] Fixed instances area within core: 275651.26 um^2
[INFO DPL-0009] Utilization: 44.8%
[INFO DPL-0005] Diamond search max displacement: +/- 500 sites horizontally, +/- 100 rows vertically.
[INFO DPL-1102] Legalizing using negotiation legalizer.
[INFO DPL-1103] Negotiation base search window: +/-20 sites horizontally, +/-5 rows vertically 
	Automatic search window extension enabled.
	Search window extendable up to the max displacement cap of +/-500 sites, +/-100 rows near walls.
[INFO DPL-1104] NegotiationLegalizer DRC penalty: 5.
[INFO DPL-0392] Negotiation cell height distribution (3 unique row-count(s)):
[INFO DPL-0393]   height 1 row(s): 5841 cells
[INFO DPL-0393]   height 83 row(s): 1 cells
[INFO DPL-0393]   height 108 row(s): 1 cells
[INFO DPL-0500] Runtime: 0.06s
[INFO GRT-0015] Inserted 3 diodes.
[INFO DRT-0024]   Complete FR_MASTERSLICE.
[INFO DRT-0024]   Complete Fr_VIA.
[INFO DRT-0024]   Complete li1.
[INFO DRT-0024]   Complete mcon.
[INFO DRT-0024]   Complete met1.
[INFO DRT-0024]   Complete via.
[INFO DRT-0024]   Complete met2.
[INFO DRT-0024]   Complete via2.
[INFO DRT-0024]   Complete met3.
[INFO DRT-0024]   Complete via3.
[INFO DRT-0024]   Complete met4.
[INFO DRT-0024]   Complete via4.
[INFO DRT-0024]   Complete met5.
[INFO DRT-0165] Start pin access.
[INFO DRT-0078]   Complete 901 pins.
[INFO DRT-0081]   Complete 95 unique inst patterns.
[INFO DRT-0084]   Complete 926 groups.
#scanned instances     = 5843
#unique  instances     = 97
#stdCellGenAp          = 2852
#stdCellValidPlanarAp  = 37
#stdCellValidViaAp     = 2064
#stdCellPinNoAp        = 0
#stdCellPinCnt         = 2852
#instTermValidViaApCnt = 0
#macroGenAp            = 553
#macroValidPlanarAp    = 452
#macroValidViaAp       = 0
#macroNoAp             = 0
[INFO DRT-0166] Complete pin access.
[INFO DRT-0267] cpu time = 00:00:57, elapsed time = 00:00:53, memory = 676.95 (MB), peak = 781.83 (MB)

[INFO DRT-0157] Number of guides:     8305

[INFO DRT-0169] Post process guides.
[INFO DRT-0176] GCELLGRID X 0 DO 144 STEP 6900 ;
[INFO DRT-0177] GCELLGRID Y 0 DO 94 STEP 6900 ;
[INFO DRT-0028]   Complete FR_MASTERSLICE.
[INFO DRT-0028]   Complete Fr_VIA.
[INFO DRT-0028]   Complete li1.
[INFO DRT-0028]   Complete mcon.
[INFO DRT-0028]   Complete met1.
[INFO DRT-0028]   Complete via.
[INFO DRT-0028]   Complete met2.
[INFO DRT-0028]   Complete via2.
[INFO DRT-0028]   Complete met3.
[INFO DRT-0028]   Complete via3.
[INFO DRT-0028]   Complete met4.
[INFO DRT-0028]   Complete via4.
[INFO DRT-0028]   Complete met5.
[INFO DRT-0178] Init guide query.
[INFO DRT-0035]   Complete FR_MASTERSLICE (guide).
[INFO DRT-0035]   Complete Fr_VIA (guide).
[INFO DRT-0035]   Complete li1 (guide).
[INFO DRT-0035]   Complete mcon (guide).
[INFO DRT-0035]   Complete met1 (guide).
[INFO DRT-0035]   Complete via (guide).
[INFO DRT-0035]   Complete met2 (guide).
[INFO DRT-0035]   Complete via2 (guide).
[INFO DRT-0035]   Complete met3 (guide).
[INFO DRT-0035]   Complete via3 (guide).
[INFO DRT-0035]   Complete met4 (guide).
[INFO DRT-0035]   Complete via4 (guide).
[INFO DRT-0035]   Complete met5 (guide).
[INFO DRT-0036] FR_MASTERSLICE guide region query size = 0.
[INFO DRT-0036] FR_VIA guide region query size = 0.
[INFO DRT-0036] li1 guide region query size = 2564.
[INFO DRT-0036] mcon guide region query size = 0.
[INFO DRT-0036] met1 guide region query size = 2446.
[INFO DRT-0036] via guide region query size = 0.
[INFO DRT-0036] met2 guide region query size = 1381.
[INFO DRT-0036] via2 guide region query size = 0.
[INFO DRT-0036] met3 guide region query size = 318.
[INFO DRT-0036] via3 guide region query size = 0.
[INFO DRT-0036] met4 guide region query size = 157.
[INFO DRT-0036] via4 guide region query size = 0.
[INFO DRT-0036] met5 guide region query size = 5.
[INFO DRT-0179] Init gr pin query.
[INFO DRT-0267] cpu time = 00:00:00, elapsed time = 00:00:00, memory = 676.95 (MB), peak = 781.83 (MB)
[INFO DRT-0245] skipped writing guide updates to database.
[INFO DRT-0181] Start track assignment.
[INFO DRT-0184] Done with 4102 vertical wires in 3 frboxes and 2769 horizontal wires in 2 frboxes.
[INFO DRT-0186] Done with 544 vertical wires in 3 frboxes and 716 horizontal wires in 2 frboxes.
[INFO DRT-0182] Complete track assignment.
[INFO DRT-0267] cpu time = 00:00:02, elapsed time = 00:00:02, memory = 676.95 (MB), peak = 781.83 (MB)
[INFO DRT-0187] Start routing data preparation.
[INFO DRT-0267] cpu time = 00:00:00, elapsed time = 00:00:00, memory = 676.95 (MB), peak = 781.83 (MB)
[INFO DRT-0194] Start detail routing.
[INFO DRT-0195] Start 0th optimization iteration.
    Completing 10% with 0 violations.
    elapsed time = 00:00:00, memory = 676.95 (MB).
    Completing 20% with 0 violations.
    elapsed time = 00:00:01, memory = 679.21 (MB).
    Completing 30% with 8 violations.
    elapsed time = 00:00:01, memory = 679.21 (MB).
    Completing 40% with 8 violations.
    elapsed time = 00:00:02, memory = 690.92 (MB).
    Completing 50% with 8 violations.
    elapsed time = 00:00:03, memory = 690.92 (MB).
    Completing 60% with 16 violations.
    elapsed time = 00:00:04, memory = 690.92 (MB).
    Completing 70% with 16 violations.
    elapsed time = 00:00:04, memory = 692.01 (MB).
    Completing 80% with 17 violations.
    elapsed time = 00:00:05, memory = 692.01 (MB).
    Completing 90% with 17 violations.
    elapsed time = 00:00:06, memory = 692.01 (MB).
    Completing 100% with 17 violations.
    elapsed time = 00:00:06, memory = 692.01 (MB).
[INFO DRT-0199]   Number of violations = 24.
Viol/Layer        met1   met2   met3
Metal Spacing        0      1      2
Recheck              0      1      6
Short                4      1      9
[INFO DRT-0267] cpu time = 00:00:11, elapsed time = 00:00:06, memory = 812.66 (MB), peak = 812.39 (MB)
Total wire length = 80285 um.
Total wire length on LAYER li1 = 0 um.
Total wire length on LAYER met1 = 22565 um.
Total wire length on LAYER met2 = 44168 um.
Total wire length on LAYER met3 = 6351 um.
Total wire length on LAYER met4 = 7151 um.
Total wire length on LAYER met5 = 47 um.
Total number of vias = 6714.
Up-via summary (total 6714):

-----------------------
 FR_MASTERSLICE       0
            li1    2892
           met1    3190
           met2     388
           met3     238
           met4       6
-----------------------
               6714


[INFO DRT-0195] Start 1st optimization iteration.
    Completing 10% with 24 violations.
    elapsed time = 00:00:00, memory = 812.66 (MB).
    Completing 20% with 24 violations.
    elapsed time = 00:00:00, memory = 812.66 (MB).
    Completing 30% with 20 violations.
    elapsed time = 00:00:01, memory = 812.66 (MB).
    Completing 40% with 20 violations.
    elapsed time = 00:00:01, memory = 812.66 (MB).
    Completing 50% with 20 violations.
    elapsed time = 00:00:02, memory = 812.66 (MB).
    Completing 60% with 17 violations.
    elapsed time = 00:00:02, memory = 812.66 (MB).
    Completing 70% with 17 violations.
    elapsed time = 00:00:03, memory = 812.66 (MB).
    Completing 80% with 14 violations.
    elapsed time = 00:00:03, memory = 812.66 (MB).
    Completing 90% with 14 violations.
    elapsed time = 00:00:04, memory = 815.38 (MB).
    Completing 100% with 11 violations.
    elapsed time = 00:00:04, memory = 815.38 (MB).
[INFO DRT-0199]   Number of violations = 11.
Viol/Layer        met1   met3
Short                4      7
[INFO DRT-0267] cpu time = 00:00:10, elapsed time = 00:00:05, memory = 691.85 (MB), peak = 815.26 (MB)
Total wire length = 80286 um.
Total wire length on LAYER li1 = 0 um.
Total wire length on LAYER met1 = 22565 um.
Total wire length on LAYER met2 = 44174 um.
Total wire length on LAYER met3 = 6353 um.
Total wire length on LAYER met4 = 7144 um.
Total wire length on LAYER met5 = 47 um.
Total number of vias = 6712.
Up-via summary (total 6712):

-----------------------
 FR_MASTERSLICE       0
            li1    2892
           met1    3189
           met2     388
           met3     237
           met4       6
-----------------------
               6712


[INFO DRT-0195] Start 2nd optimization iteration.
    Completing 10% with 11 violations.
    elapsed time = 00:00:00, memory = 691.85 (MB).
    Completing 20% with 11 violations.
    elapsed time = 00:00:00, memory = 691.85 (MB).
    Completing 30% with 11 violations.
    elapsed time = 00:00:00, memory = 691.85 (MB).
    Completing 40% with 11 violations.
    elapsed time = 00:00:00, memory = 691.85 (MB).
    Completing 50% with 11 violations.
    elapsed time = 00:00:00, memory = 691.85 (MB).
    Completing 60% with 9 violations.
    elapsed time = 00:00:00, memory = 691.85 (MB).
    Completing 70% with 9 violations.
    elapsed time = 00:00:00, memory = 691.85 (MB).
    Completing 80% with 12 violations.
    elapsed time = 00:00:00, memory = 691.85 (MB).
    Completing 90% with 12 violations.
    elapsed time = 00:00:00, memory = 691.85 (MB).
    Completing 100% with 15 violations.
    elapsed time = 00:00:01, memory = 691.85 (MB).
[INFO DRT-0199]   Number of violations = 15.
Viol/Layer        met1   met3
Metal Spacing        2      0
Short                5      8
[INFO DRT-0267] cpu time = 00:00:01, elapsed time = 00:00:01, memory = 815.38 (MB), peak = 815.26 (MB)
Total wire length = 80279 um.
Total wire length on LAYER li1 = 0 um.
Total wire length on LAYER met1 = 22566 um.
Total wire length on LAYER met2 = 44171 um.
Total wire length on LAYER met3 = 6346 um.
Total wire length on LAYER met4 = 7147 um.
Total wire length on LAYER met5 = 47 um.
Total number of vias = 6713.
Up-via summary (total 6713):

-----------------------
 FR_MASTERSLICE       0
            li1    2892
           met1    3190
           met2     388
           met3     237
           met4       6
-----------------------
               6713


[INFO DRT-0195] Start 3rd guides tiles iteration.
    Completing 50% with 15 violations.
    elapsed time = 00:00:00, memory = 815.38 (MB).
    Completing 100% with 0 violations.
    elapsed time = 00:00:00, memory = 815.38 (MB).
[INFO DRT-0199]   Number of violations = 0.
[INFO DRT-0267] cpu time = 00:00:00, elapsed time = 00:00:00, memory = 757.47 (MB), peak = 815.26 (MB)
Total wire length = 80262 um.
Total wire length on LAYER li1 = 0 um.
Total wire length on LAYER met1 = 22546 um.
Total wire length on LAYER met2 = 44176 um.
Total wire length on LAYER met3 = 6201 um.
Total wire length on LAYER met4 = 7144 um.
Total wire length on LAYER met5 = 193 um.
Total number of vias = 6717.
Up-via summary (total 6717):

-----------------------
 FR_MASTERSLICE       0
            li1    2892
           met1    3195
           met2     389
           met3     235
           met4       6
-----------------------
               6717


[INFO DRT-0198] Complete detail routing.
Total wire length = 80262 um.
Total wire length on LAYER li1 = 0 um.
Total wire length on LAYER met1 = 22546 um.
Total wire length on LAYER met2 = 44176 um.
Total wire length on LAYER met3 = 6201 um.
Total wire length on LAYER met4 = 7144 um.
Total wire length on LAYER met5 = 193 um.
Total number of vias = 6717.
Up-via summary (total 6717):

-----------------------
 FR_MASTERSLICE       0
            li1    2892
           met1    3195
           met2     389
           met3     235
           met4       6
-----------------------
               6717


[INFO DRT-0267] cpu time = 00:00:24, elapsed time = 00:00:14, memory = 757.47 (MB), peak = 815.26 (MB)

[INFO DRT-0180] Post processing.
[INFO DRT-0501] Runtime: 70.25s
[INFO ANT-0002] Found 1 net violations.
[INFO ANT-0001] Found 1 pin violations.
[INFO GRT-0012] Found 1 antenna violations.
[INFO DPL-0006] Core area: 615627.94 um^2
[INFO DPL-0007] Movable instances area: 2.50 um^2
[INFO DPL-0008] Fixed instances area within core: 275653.76 um^2
[INFO DPL-0009] Utilization: 44.8%
[INFO DPL-0005] Diamond search max displacement: +/- 500 sites horizontally, +/- 100 rows vertically.
[INFO DPL-1102] Legalizing using negotiation legalizer.
[INFO DPL-1103] Negotiation base search window: +/-20 sites horizontally, +/-5 rows vertically 
	Automatic search window extension enabled.
	Search window extendable up to the max displacement cap of +/-500 sites, +/-100 rows near walls.
[INFO DPL-1104] NegotiationLegalizer DRC penalty: 5.
[INFO DPL-0392] Negotiation cell height distribution (3 unique row-count(s)):
[INFO DPL-0393]   height 1 row(s): 5842 cells
[INFO DPL-0393]   height 83 row(s): 1 cells
[INFO DPL-0393]   height 108 row(s): 1 cells
[INFO DPL-0500] Runtime: 0.07s
[INFO GRT-0015] Inserted 1 diodes.
[INFO DRT-0024]   Complete FR_MASTERSLICE.
[INFO DRT-0024]   Complete Fr_VIA.
[INFO DRT-0024]   Complete li1.
[INFO DRT-0024]   Complete mcon.
[INFO DRT-0024]   Complete met1.
[INFO DRT-0024]   Complete via.
[INFO DRT-0024]   Complete met2.
[INFO DRT-0024]   Complete via2.
[INFO DRT-0024]   Complete met3.
[INFO DRT-0024]   Complete via3.
[INFO DRT-0024]   Complete met4.
[INFO DRT-0024]   Complete via4.
[INFO DRT-0024]   Complete met5.
[INFO DRT-0165] Start pin access.
[INFO DRT-0078]   Complete 901 pins.
[INFO DRT-0081]   Complete 95 unique inst patterns.
[INFO DRT-0084]   Complete 927 groups.
#scanned instances     = 5844
#unique  instances     = 97
#stdCellGenAp          = 2852
#stdCellValidPlanarAp  = 37
#stdCellValidViaAp     = 2064
#stdCellPinNoAp        = 0
#stdCellPinCnt         = 2852
#instTermValidViaApCnt = 0
#macroGenAp            = 553
#macroValidPlanarAp    = 452
#macroValidViaAp       = 0
#macroNoAp             = 0
[INFO DRT-0166] Complete pin access.
[INFO DRT-0267] cpu time = 00:01:02, elapsed time = 00:00:32, memory = 757.99 (MB), peak = 815.26 (MB)

[INFO DRT-0157] Number of guides:     8305

[INFO DRT-0169] Post process guides.
[INFO DRT-0176] GCELLGRID X 0 DO 144 STEP 6900 ;
[INFO DRT-0177] GCELLGRID Y 0 DO 94 STEP 6900 ;
[INFO DRT-0028]   Complete FR_MASTERSLICE.
[INFO DRT-0028]   Complete Fr_VIA.
[INFO DRT-0028]   Complete li1.
[INFO DRT-0028]   Complete mcon.
[INFO DRT-0028]   Complete met1.
[INFO DRT-0028]   Complete via.
[INFO DRT-0028]   Complete met2.
[INFO DRT-0028]   Complete via2.
[INFO DRT-0028]   Complete met3.
[INFO DRT-0028]   Complete via3.
[INFO DRT-0028]   Complete met4.
[INFO DRT-0028]   Complete via4.
[INFO DRT-0028]   Complete met5.
[INFO DRT-0178] Init guide query.
[INFO DRT-0035]   Complete FR_MASTERSLICE (guide).
[INFO DRT-0035]   Complete Fr_VIA (guide).
[INFO DRT-0035]   Complete li1 (guide).
[INFO DRT-0035]   Complete mcon (guide).
[INFO DRT-0035]   Complete met1 (guide).
[INFO DRT-0035]   Complete via (guide).
[INFO DRT-0035]   Complete met2 (guide).
[INFO DRT-0035]   Complete via2 (guide).
[INFO DRT-0035]   Complete met3 (guide).
[INFO DRT-0035]   Complete via3 (guide).
[INFO DRT-0035]   Complete met4 (guide).
[INFO DRT-0035]   Complete via4 (guide).
[INFO DRT-0035]   Complete met5 (guide).
[INFO DRT-0036] FR_MASTERSLICE guide region query size = 0.
[INFO DRT-0036] FR_VIA guide region query size = 0.
[INFO DRT-0036] li1 guide region query size = 2565.
[INFO DRT-0036] mcon guide region query size = 0.
[INFO DRT-0036] met1 guide region query size = 2447.
[INFO DRT-0036] via guide region query size = 0.
[INFO DRT-0036] met2 guide region query size = 1382.
[INFO DRT-0036] via2 guide region query size = 0.
[INFO DRT-0036] met3 guide region query size = 319.
[INFO DRT-0036] via3 guide region query size = 0.
[INFO DRT-0036] met4 guide region query size = 156.
[INFO DRT-0036] via4 guide region query size = 0.
[INFO DRT-0036] met5 guide region query size = 4.
[INFO DRT-0179] Init gr pin query.
[INFO DRT-0267] cpu time = 00:00:00, elapsed time = 00:00:00, memory = 757.99 (MB), peak = 815.26 (MB)
[INFO DRT-0245] skipped writing guide updates to database.
[INFO DRT-0181] Start track assignment.
[INFO DRT-0184] Done with 4103 vertical wires in 3 frboxes and 2770 horizontal wires in 2 frboxes.
[INFO DRT-0186] Done with 559 vertical wires in 3 frboxes and 726 horizontal wires in 2 frboxes.
[INFO DRT-0182] Complete track assignment.
[INFO DRT-0267] cpu time = 00:00:02, elapsed time = 00:00:01, memory = 757.99 (MB), peak = 815.26 (MB)
[INFO DRT-0187] Start routing data preparation.
[INFO DRT-0267] cpu time = 00:00:00, elapsed time = 00:00:00, memory = 757.99 (MB), peak = 815.26 (MB)
[INFO DRT-0194] Start detail routing.
[INFO DRT-0195] Start 0th optimization iteration.
    Completing 10% with 0 violations.
    elapsed time = 00:00:00, memory = 757.99 (MB).
    Completing 20% with 0 violations.
    elapsed time = 00:00:00, memory = 757.99 (MB).
    Completing 30% with 9 violations.
    elapsed time = 00:00:01, memory = 757.99 (MB).
    Completing 40% with 9 violations.
    elapsed time = 00:00:01, memory = 757.99 (MB).
    Completing 50% with 9 violations.
    elapsed time = 00:00:02, memory = 757.99 (MB).
    Completing 60% with 11 violations.
    elapsed time = 00:00:02, memory = 757.99 (MB).
    Completing 70% with 11 violations.
    elapsed time = 00:00:03, memory = 757.99 (MB).
    Completing 80% with 12 violations.
    elapsed time = 00:00:03, memory = 757.99 (MB).
    Completing 90% with 12 violations.
    elapsed time = 00:00:03, memory = 757.99 (MB).
    Completing 100% with 12 violations.
    elapsed time = 00:00:04, memory = 757.99 (MB).
[INFO DRT-0199]   Number of violations = 17.
Viol/Layer        met3   met4
Recheck              0      5
Short                3      9
[INFO DRT-0267] cpu time = 00:00:10, elapsed time = 00:00:04, memory = 816.50 (MB), peak = 816.24 (MB)
Total wire length = 80262 um.
Total wire length on LAYER li1 = 0 um.
Total wire length on LAYER met1 = 22587 um.
Total wire length on LAYER met2 = 43906 um.
Total wire length on LAYER met3 = 6160 um.
Total wire length on LAYER met4 = 7414 um.
Total wire length on LAYER met5 = 193 um.
Total number of vias = 6721.
Up-via summary (total 6721):

-----------------------
 FR_MASTERSLICE       0
            li1    2893
           met1    3194
           met2     391
           met3     237
           met4       6
-----------------------
               6721


[INFO DRT-0195] Start 1st optimization iteration.
    Completing 10% with 17 violations.
    elapsed time = 00:00:00, memory = 816.50 (MB).
    Completing 20% with 17 violations.
    elapsed time = 00:00:00, memory = 816.50 (MB).
    Completing 30% with 11 violations.
    elapsed time = 00:00:00, memory = 816.50 (MB).
    Completing 40% with 11 violations.
    elapsed time = 00:00:01, memory = 816.50 (MB).
    Completing 50% with 11 violations.
    elapsed time = 00:00:01, memory = 816.50 (MB).
    Completing 60% with 3 violations.
    elapsed time = 00:00:01, memory = 816.50 (MB).
    Completing 70% with 3 violations.
    elapsed time = 00:00:02, memory = 816.50 (MB).
    Completing 80% with 0 violations.
    elapsed time = 00:00:02, memory = 816.50 (MB).
    Completing 90% with 0 violations.
    elapsed time = 00:00:03, memory = 816.50 (MB).
    Completing 100% with 0 violations.
    elapsed time = 00:00:03, memory = 816.50 (MB).
[INFO DRT-0199]   Number of violations = 0.
[INFO DRT-0267] cpu time = 00:00:09, elapsed time = 00:00:03, memory = 816.50 (MB), peak = 816.24 (MB)
Total wire length = 80261 um.
Total wire length on LAYER li1 = 0 um.
Total wire length on LAYER met1 = 22589 um.
Total wire length on LAYER met2 = 43905 um.
Total wire length on LAYER met3 = 6161 um.
Total wire length on LAYER met4 = 7412 um.
Total wire length on LAYER met5 = 193 um.
Total number of vias = 6722.
Up-via summary (total 6722):

-----------------------
 FR_MASTERSLICE       0
            li1    2893
           met1    3195
           met2     391
           met3     237
           met4       6
-----------------------
               6722


[INFO DRT-0198] Complete detail routing.
Total wire length = 80261 um.
Total wire length on LAYER li1 = 0 um.
Total wire length on LAYER met1 = 22589 um.
Total wire length on LAYER met2 = 43905 um.
Total wire length on LAYER met3 = 6161 um.
Total wire length on LAYER met4 = 7412 um.
Total wire length on LAYER met5 = 193 um.
Total number of vias = 6722.
Up-via summary (total 6722):

-----------------------
 FR_MASTERSLICE       0
            li1    2893
           met1    3195
           met2     391
           met3     237
           met4       6
-----------------------
               6722


[INFO DRT-0267] cpu time = 00:00:20, elapsed time = 00:00:07, memory = 816.50 (MB), peak = 816.24 (MB)

[INFO DRT-0180] Post processing.
[INFO DRT-0501] Runtime: 41.47s
[INFO ANT-0002] Found 0 net violations.
[INFO ANT-0001] Found 0 pin violations.
[INFO ANT-0002] Found 0 net violations.
[INFO ANT-0001] Found 0 pin violations.
Design area 275656 um^2 45% utilization.
write_db /work/campaigns/iscas_sustainability_extension/memory_compiler/gate3_attempt07_sram22_matched_physical_closure/raw/openroad/work/results/sky130hd/attempt07_e0/seed19/5_2_route.odb
Elapsed time: 5:19.72[h:]min:sec. CPU time: user 372.44 sys 6.17 (118%). Peak memory: 841584KB.
Log                       Ext     Elapsed/s Peak Memory/MB sha1sum result [0:20)
5_2_route                 .odb          319            821 be49180f69a2362ec7c4
