Error while reading cell "sky130_fd_bd_sram__sram_sp_cell" (byte position 359912): Unknown layer/datatype in boundary, layer=92 type=44
Error while reading cell "sky130_fd_bd_sram__sram_sp_cell" (byte position 360168): Unknown layer/datatype in boundary, layer=22 type=21
Error while reading cell "sky130_fd_bd_sram__sram_sp_cell" (byte position 361064): Unknown layer/datatype in boundary, layer=115 type=43
Error while reading cell "sky130_fd_bd_sram__sram_sp_cell_fom_serif_pmos" (byte position 357684): Unknown layer/datatype in boundary, layer=22 type=22
Error while reading cell "sky130_fd_bd_sram__sram_sp_cell_fom_serif_nmos" (byte position 357830): Unknown layer/datatype in boundary, layer=22 type=22
Error while reading cell "sky130_fd_bd_sram__sram_sp_cell_p1m_sizing" (byte position 356130): Unknown layer/datatype in boundary, layer=33 type=43
Error while reading cell "sky130_fd_bd_sram__sram_sp_cell_p1_serif" (byte position 355630): Unknown layer/datatype in boundary, layer=33 type=43
Error while reading cell "sky130_fd_bd_sram__sram_sp_cell_addpoly_sizing" (byte position 355426): Unknown layer/datatype in boundary, layer=33 type=43
CIF file read warning: CIF style sky130(vendor): units rescaled by factor of 5 / 1
Error while reading cell "sky130_fd_bd_sram__sram_sp_wlstrap_ce" (byte position 367476): Unknown layer/datatype in boundary, layer=92 type=44
Error while reading cell "sky130_fd_bd_sram__sram_sp_wlstrap_ce" (byte position 367924): Unknown layer/datatype in boundary, layer=22 type=21
Error while reading cell "sky130_fd_bd_sram__sram_sp_wlstrap_ce" (byte position 368372): Unknown layer/datatype in boundary, layer=115 type=42
Error while reading cell "sky130_fd_bd_sram__sram_sp_wlstrap_ce" (byte position 368564): Unknown layer/datatype in boundary, layer=115 type=43
Error while reading cell "sky130_fd_bd_sram__sram_sp_wlstrap_p1m_siz" (byte position 364894): Unknown layer/datatype in boundary, layer=33 type=43
Error while reading cell "sky130_fd_bd_sram__sram_sp_wlstrap_p_ce" (byte position 372550): Unknown layer/datatype in boundary, layer=22 type=21
Error while reading cell "sky130_fd_bd_sram__sram_sp_wlstrap_p_ce" (byte position 372966): Unknown layer/datatype in boundary, layer=115 type=42
Error while reading cell "sky130_fd_bd_sram__sram_sp_wlstrap_p_ce" (byte position 373094): Unknown layer/datatype in boundary, layer=115 type=43
Error while reading cell "sky130_fd_bd_sram__sram_sp_wlstrapa_p1m_siz" (byte position 376746): Unknown layer/datatype in boundary, layer=33 type=43
Error while reading cell "sky130_fd_bd_sram__sram_sp_colend" (byte position 403448): Unknown layer/datatype in boundary, layer=92 type=44
Error while reading cell "sky130_fd_bd_sram__sram_sp_colend" (byte position 403512): Unknown layer/datatype in boundary, layer=22 type=21
Error while reading cell "sky130_fd_bd_sram__sram_sp_colend" (byte position 404184): Unknown layer/datatype in boundary, layer=33 type=43
Error while reading cell "sky130_fd_bd_sram__sram_sp_colend_p_cent" (byte position 408324): Unknown layer/datatype in boundary, layer=33 type=43
Error while reading cell "sky130_fd_bd_sram__openram_sp_cell_opt1_replica" (byte position 409696): Unknown layer/datatype in boundary, layer=22 type=22
Error while reading cell "sky130_fd_bd_sram__openram_sp_cell_opt1_replica" (byte position 409952): Unknown layer/datatype in boundary, layer=33 type=43
Error while reading cell "sky130_fd_bd_sram__openram_sp_cell_opt1_replica" (byte position 412952): Unknown layer/datatype in boundary, layer=92 type=44
Error while reading cell "sky130_fd_bd_sram__openram_sp_cell_opt1_replica" (byte position 413208): Unknown layer/datatype in boundary, layer=22 type=21
Error while reading cell "sky130_fd_bd_sram__openram_sp_cell_opt1_replica" (byte position 414104): Unknown layer/datatype in boundary, layer=115 type=43
Error while reading cell "sky130_fd_bd_sram__openram_sp_cell_opt1a_replica" (byte position 417208): Unknown layer/datatype in boundary, layer=22 type=22
Error while reading cell "sky130_fd_bd_sram__openram_sp_cell_opt1a_replica" (byte position 417464): Unknown layer/datatype in boundary, layer=33 type=43
Error while reading cell "sky130_fd_bd_sram__openram_sp_cell_opt1a_replica" (byte position 420056): Unknown layer/datatype in boundary, layer=92 type=44
Error while reading cell "sky130_fd_bd_sram__openram_sp_cell_opt1a_replica" (byte position 420312): Unknown layer/datatype in boundary, layer=22 type=21
Error while reading cell "sky130_fd_bd_sram__openram_sp_cell_opt1a_replica" (byte position 421208): Unknown layer/datatype in boundary, layer=115 type=43
Error while reading cell "sky130_fd_bd_sram__sram_sp_colenda" (byte position 426130): Unknown layer/datatype in boundary, layer=92 type=44
Error while reading cell "sky130_fd_bd_sram__sram_sp_colenda" (byte position 426658): Unknown layer/datatype in boundary, layer=22 type=21
Error while reading cell "sky130_fd_bd_sram__sram_sp_colenda" (byte position 426882): Unknown layer/datatype in boundary, layer=33 type=43
Error while reading cell "sky130_fd_bd_sram__sram_sp_colenda_p_cent" (byte position 431384): Unknown layer/datatype in boundary, layer=33 type=43
Error while reading cell "sky130_fd_bd_sram__openram_sp_cell_opt1a_dummy" (byte position 442634): Unknown layer/datatype in boundary, layer=22 type=22
Error while reading cell "sky130_fd_bd_sram__openram_sp_cell_opt1a_dummy" (byte position 442890): Unknown layer/datatype in boundary, layer=33 type=43
Error while reading cell "sky130_fd_bd_sram__openram_sp_cell_opt1a_dummy" (byte position 445250): Unknown layer/datatype in boundary, layer=92 type=44
Error while reading cell "sky130_fd_bd_sram__openram_sp_cell_opt1a_dummy" (byte position 445506): Unknown layer/datatype in boundary, layer=22 type=21
Error while reading cell "sky130_fd_bd_sram__openram_sp_cell_opt1a_dummy" (byte position 446402): Unknown layer/datatype in boundary, layer=115 type=43
Error while reading cell "sky130_fd_bd_sram__sram_sp_colenda_cent" (byte position 463406): Unknown layer/datatype in boundary, layer=92 type=44
Error while reading cell "sky130_fd_bd_sram__sram_sp_colenda_cent" (byte position 463790): Unknown layer/datatype in boundary, layer=33 type=43
Error while reading cell "sky130_fd_bd_sram__sram_sp_colend_cent" (byte position 478130): Unknown layer/datatype in boundary, layer=92 type=44
Error while reading cell "sky130_fd_bd_sram__sram_sp_colend_cent" (byte position 478962): Unknown layer/datatype in boundary, layer=33 type=43
Error while reading cell "sky130_fd_bd_sram__sram_sp_cornera" (byte position 490468): Unknown layer/datatype in boundary, layer=92 type=44
Error while reading cell "sky130_fd_bd_sram__sram_sp_corner_ce" (byte position 490078): Unknown layer/datatype in boundary, layer=92 type=44
Error while reading cell "sky130_fd_bd_sram__sram_sp_cornera_p1m_serif" (byte position 488694): Unknown layer/datatype in boundary, layer=33 type=43
Error while reading cell "sky130_fd_bd_sram__sram_sp_rowend_replica_ce" (byte position 492602): Unknown layer/datatype in boundary, layer=92 type=44
Error while reading cell "sky130_fd_bd_sram__sram_sp_rowend_replica_ce" (byte position 493018): Unknown layer/datatype in boundary, layer=22 type=21
Error while reading cell "sky130_fd_bd_sram__sram_sp_rowend_replica_ce" (byte position 493242): Unknown layer/datatype in boundary, layer=115 type=42
Error while reading cell "sky130_fd_bd_sram__sram_sp_rowend_replica_ce" (byte position 493370): Unknown layer/datatype in boundary, layer=115 type=43
Error while reading cell "sky130_fd_bd_sram__sram_sp_rowenda_p1m_siz" (byte position 493528): Unknown layer/datatype in boundary, layer=33 type=43
Error while reading cell "sky130_fd_bd_sram__sram_sp_rowend_p1m_siz" (byte position 495000): Unknown layer/datatype in boundary, layer=33 type=43
Error while reading cell "sky130_fd_bd_sram__sram_sp_corner_p1m_serif" (byte position 496078): Unknown layer/datatype in boundary, layer=33 type=43
Error while reading cell "sky130_fd_bd_sram__sram_sp_rowend_ce" (byte position 505920): Unknown layer/datatype in boundary, layer=92 type=44
Error while reading cell "sky130_fd_bd_sram__sram_sp_rowend_ce" (byte position 506336): Unknown layer/datatype in boundary, layer=22 type=21
Error while reading cell "sky130_fd_bd_sram__sram_sp_rowend_ce" (byte position 506560): Unknown layer/datatype in boundary, layer=115 type=42
Error while reading cell "sky130_fd_bd_sram__sram_sp_rowend_ce" (byte position 506688): Unknown layer/datatype in boundary, layer=115 type=43
Error while reading cell "sky130_sram_1rw_8x16_gate3a03_control_precharge_0" (byte position 548430): Warning:  Cell sky130_sram_1rw_8x16_gate3a03_control_precharge_0 boundary was redefined.
Error while reading cell "sky130_sram_1rw_8x16_gate3a03_control_precharge_array" (byte position 545718): Warning:  Cell sky130_sram_1rw_8x16_gate3a03_control_precharge_array boundary was redefined.
Error while reading cell "sky130_sram_1rw_8x16_gate3a03_control_precharge_array" (byte position 545718): Warning:  Cell sky130_sram_1rw_8x16_gate3a03_control_precharge_array boundary was redefined.
Error while reading cell "sky130_sram_1rw_8x16_gate3a03_control_precharge_array" (byte position 545718): Warning:  Cell sky130_sram_1rw_8x16_gate3a03_control_precharge_array boundary was redefined.
Error while reading cell "sky130_sram_1rw_8x16_gate3a03_control_precharge_array" (byte position 545718): Warning:  Cell sky130_sram_1rw_8x16_gate3a03_control_precharge_array boundary was redefined.
Error while reading cell "sky130_sram_1rw_8x16_gate3a03_control_precharge_array" (byte position 545718): Warning:  Cell sky130_sram_1rw_8x16_gate3a03_control_precharge_array boundary was redefined.
Error while reading cell "sky130_sram_1rw_8x16_gate3a03_control_precharge_array" (byte position 545718): Warning:  Cell sky130_sram_1rw_8x16_gate3a03_control_precharge_array boundary was redefined.
Error while reading cell "sky130_sram_1rw_8x16_gate3a03_control_precharge_array" (byte position 545718): Warning:  Cell sky130_sram_1rw_8x16_gate3a03_control_precharge_array boundary was redefined.
Error while reading cell "sky130_sram_1rw_8x16_gate3a03_control_precharge_array" (byte position 545718): Warning:  Cell sky130_sram_1rw_8x16_gate3a03_control_precharge_array boundary was redefined.
Error while reading cell "sky130_sram_1rw_8x16_gate3a03_control_precharge_array" (byte position 545718): Warning:  Cell sky130_sram_1rw_8x16_gate3a03_control_precharge_array boundary was redefined.
Error while reading cell "sky130_sram_1rw_8x16_gate3a03_control_precharge_array" (byte position 545718): Warning:  Cell sky130_sram_1rw_8x16_gate3a03_control_precharge_array boundary was redefined.
Error while reading cell "sky130_sram_1rw_8x16_gate3a03_control_pnand2" (byte position 624574): Warning:  Cell sky130_sram_1rw_8x16_gate3a03_control_pnand2 boundary was redefined.
Error while reading cell "sky130_sram_1rw_8x16_gate3a03_control_pnand2" (byte position 624574): Warning:  Cell sky130_sram_1rw_8x16_gate3a03_control_pnand2 boundary was redefined.
Error while reading cell "sky130_sram_1rw_8x16_gate3a03_control_pnand2" (byte position 624574): Warning:  Cell sky130_sram_1rw_8x16_gate3a03_control_pnand2 boundary was redefined.
Error while reading cell "sky130_sram_1rw_8x16_gate3a03_control_pinv" (byte position 630648): Warning:  Cell sky130_sram_1rw_8x16_gate3a03_control_pinv boundary was redefined.
Error while reading cell "sky130_sram_1rw_8x16_gate3a03_control_pinv" (byte position 630648): Warning:  Cell sky130_sram_1rw_8x16_gate3a03_control_pinv boundary was redefined.
Error while reading cell "sky130_sram_1rw_8x16_gate3a03_control_pinv" (byte position 630648): Warning:  Cell sky130_sram_1rw_8x16_gate3a03_control_pinv boundary was redefined.
Error while reading cell "sky130_sram_1rw_8x16_gate3a03_control_write_mask_and_array" (byte position 620604): Warning:  Cell sky130_sram_1rw_8x16_gate3a03_control_write_mask_and_array boundary was redefined.
Error while reading cell "sky130_sram_1rw_8x16_gate3a03_control_write_mask_and_array" (byte position 620604): Warning:  Cell sky130_sram_1rw_8x16_gate3a03_control_write_mask_and_array boundary was redefined.
Error while reading cell "sky130_sram_1rw_8x16_gate3a03_control_write_mask_and_array" (byte position 620604): Warning:  Cell sky130_sram_1rw_8x16_gate3a03_control_write_mask_and_array boundary was redefined.
Error while reading cell "sky130_sram_1rw_8x16_gate3a03_control_write_mask_and_array" (byte position 620604): Warning:  Cell sky130_sram_1rw_8x16_gate3a03_control_write_mask_and_array boundary was redefined.
Error while reading cell "sky130_sram_1rw_8x16_gate3a03_control_write_mask_and_array" (byte position 620604): Warning:  Cell sky130_sram_1rw_8x16_gate3a03_control_write_mask_and_array boundary was redefined.
Error while reading cell "sky130_sram_1rw_8x16_gate3a03_control_write_mask_and_array" (byte position 620604): Warning:  Cell sky130_sram_1rw_8x16_gate3a03_control_write_mask_and_array boundary was redefined.
Error while reading cell "sky130_sram_1rw_8x16_gate3a03_control_write_mask_and_array" (byte position 620604): Warning:  Cell sky130_sram_1rw_8x16_gate3a03_control_write_mask_and_array boundary was redefined.
Error while reading cell "sky130_sram_1rw_8x16_gate3a03_control_write_mask_and_array" (byte position 620604): Warning:  Cell sky130_sram_1rw_8x16_gate3a03_control_write_mask_and_array boundary was redefined.
Error while reading cell "sky130_sram_1rw_8x16_gate3a03_control_write_mask_and_array" (byte position 620604): Warning:  Cell sky130_sram_1rw_8x16_gate3a03_control_write_mask_and_array boundary was redefined.
Error while reading cell "sky130_sram_1rw_8x16_gate3a03_control_write_mask_and_array" (byte position 620604): Warning:  Cell sky130_sram_1rw_8x16_gate3a03_control_write_mask_and_array boundary was redefined.
Error while reading cell "sky130_sram_1rw_8x16_gate3a03_control_write_mask_and_array" (byte position 620604): Warning:  Cell sky130_sram_1rw_8x16_gate3a03_control_write_mask_and_array boundary was redefined.
Error while reading cell "sky130_sram_1rw_8x16_gate3a03_control_write_mask_and_array" (byte position 620604): Warning:  Cell sky130_sram_1rw_8x16_gate3a03_control_write_mask_and_array boundary was redefined.
Error while reading cell "sky130_sram_1rw_8x16_gate3a03_control_write_mask_and_array" (byte position 620604): Warning:  Cell sky130_sram_1rw_8x16_gate3a03_control_write_mask_and_array boundary was redefined.
Error while reading cell "sky130_sram_1rw_8x16_gate3a03_control_write_mask_and_array" (byte position 620604): Warning:  Cell sky130_sram_1rw_8x16_gate3a03_control_write_mask_and_array boundary was redefined.
Error while reading cell "sky130_sram_1rw_8x16_gate3a03_control_pinv_dec" (byte position 712384): Warning:  Cell sky130_sram_1rw_8x16_gate3a03_control_pinv_dec boundary was redefined.
Error while reading cell "sky130_sram_1rw_8x16_gate3a03_control_pinv_dec" (byte position 712384): Warning:  Cell sky130_sram_1rw_8x16_gate3a03_control_pinv_dec boundary was redefined.
Error while reading cell "sky130_sram_1rw_8x16_gate3a03_control_pinv_dec" (byte position 712384): Warning:  Cell sky130_sram_1rw_8x16_gate3a03_control_pinv_dec boundary was redefined.
Error while reading cell "sky130_sram_1rw_8x16_gate3a03_control_pinv_dec" (byte position 712384): Warning:  Cell sky130_sram_1rw_8x16_gate3a03_control_pinv_dec boundary was redefined.
Error while reading cell "sky130_sram_1rw_8x16_gate3a03_control_hierarchical_decoder" (byte position 700292): Warning:  Cell sky130_sram_1rw_8x16_gate3a03_control_hierarchical_decoder boundary was redefined.
Error while reading cell "sky130_sram_1rw_8x16_gate3a03_control_pinv_dec_0" (byte position 784640): Warning:  Cell sky130_sram_1rw_8x16_gate3a03_control_pinv_dec_0 boundary was redefined.
Error while reading cell "sky130_sram_1rw_8x16_gate3a03_control_pinv_dec_0" (byte position 784640): Warning:  Cell sky130_sram_1rw_8x16_gate3a03_control_pinv_dec_0 boundary was redefined.
Error while reading cell "sky130_sram_1rw_8x16_gate3a03_control_pinv_dec_0" (byte position 784640): Warning:  Cell sky130_sram_1rw_8x16_gate3a03_control_pinv_dec_0 boundary was redefined.
Error while reading cell "sky130_sram_1rw_8x16_gate3a03_control_pinv_dec_0" (byte position 784640): Warning:  Cell sky130_sram_1rw_8x16_gate3a03_control_pinv_dec_0 boundary was redefined.
Error while reading cell "sky130_sram_1rw_8x16_gate3a03_control_port_address" (byte position 651518): Warning:  Cell sky130_sram_1rw_8x16_gate3a03_control_port_address boundary was redefined.
Error while reading cell "sky130_sram_1rw_8x16_gate3a03_control_port_address" (byte position 651518): Warning:  Cell sky130_sram_1rw_8x16_gate3a03_control_port_address boundary was redefined.
Error while reading cell "sky130_sram_1rw_8x16_gate3a03_control_port_address" (byte position 651518): Warning:  Cell sky130_sram_1rw_8x16_gate3a03_control_port_address boundary was redefined.
Error while reading cell "sky130_sram_1rw_8x16_gate3a03_control_port_address" (byte position 651518): Warning:  Cell sky130_sram_1rw_8x16_gate3a03_control_port_address boundary was redefined.
Error while reading cell "sky130_sram_1rw_8x16_gate3a03_control_pinv_0" (byte position 840820): Warning:  Cell sky130_sram_1rw_8x16_gate3a03_control_pinv_0 boundary was redefined.
Error while reading cell "sky130_sram_1rw_8x16_gate3a03_control_pinv_0" (byte position 840820): Warning:  Cell sky130_sram_1rw_8x16_gate3a03_control_pinv_0 boundary was redefined.
Error while reading cell "sky130_sram_1rw_8x16_gate3a03_control_pinv_0" (byte position 840820): Warning:  Cell sky130_sram_1rw_8x16_gate3a03_control_pinv_0 boundary was redefined.
Error while reading cell "sky130_sram_1rw_8x16_gate3a03_control_pinv_1" (byte position 845282): Warning:  Cell sky130_sram_1rw_8x16_gate3a03_control_pinv_1 boundary was redefined.
Error while reading cell "sky130_sram_1rw_8x16_gate3a03_control_pinv_1" (byte position 845282): Warning:  Cell sky130_sram_1rw_8x16_gate3a03_control_pinv_1 boundary was redefined.
Error while reading cell "sky130_sram_1rw_8x16_gate3a03_control_pinv_1" (byte position 845282): Warning:  Cell sky130_sram_1rw_8x16_gate3a03_control_pinv_1 boundary was redefined.
Error while reading cell "sky130_sram_1rw_8x16_gate3a03_control_dff_buf_array" (byte position 816106): Warning:  Cell sky130_sram_1rw_8x16_gate3a03_control_dff_buf_array boundary was redefined.
Error while reading cell "sky130_sram_1rw_8x16_gate3a03_control_dff_buf_array" (byte position 816106): Warning:  Cell sky130_sram_1rw_8x16_gate3a03_control_dff_buf_array boundary was redefined.
Error while reading cell "sky130_sram_1rw_8x16_gate3a03_control_dff_buf_array" (byte position 816106): Warning:  Cell sky130_sram_1rw_8x16_gate3a03_control_dff_buf_array boundary was redefined.
Error while reading cell "sky130_sram_1rw_8x16_gate3a03_control_dff_buf_array" (byte position 816106): Warning:  Cell sky130_sram_1rw_8x16_gate3a03_control_dff_buf_array boundary was redefined.
Error while reading cell "sky130_sram_1rw_8x16_gate3a03_control_dff_buf_array" (byte position 816106): Warning:  Cell sky130_sram_1rw_8x16_gate3a03_control_dff_buf_array boundary was redefined.
Error while reading cell "sky130_sram_1rw_8x16_gate3a03_control_dff_buf_array" (byte position 816106): Warning:  Cell sky130_sram_1rw_8x16_gate3a03_control_dff_buf_array boundary was redefined.
Error while reading cell "sky130_sram_1rw_8x16_gate3a03_control_dff_buf_array" (byte position 816106): Warning:  Cell sky130_sram_1rw_8x16_gate3a03_control_dff_buf_array boundary was redefined.
Error while reading cell "sky130_sram_1rw_8x16_gate3a03_control_dff_buf_array" (byte position 816106): Warning:  Cell sky130_sram_1rw_8x16_gate3a03_control_dff_buf_array boundary was redefined.
Error while reading cell "sky130_sram_1rw_8x16_gate3a03_control_dff_buf_array" (byte position 816106): Warning:  Cell sky130_sram_1rw_8x16_gate3a03_control_dff_buf_array boundary was redefined.
Error while reading cell "sky130_sram_1rw_8x16_gate3a03_control_dff_buf_array" (byte position 816106): Warning:  Cell sky130_sram_1rw_8x16_gate3a03_control_dff_buf_array boundary was redefined.
Error while reading cell "sky130_sram_1rw_8x16_gate3a03_control_dff_buf_array" (byte position 816106): Warning:  Cell sky130_sram_1rw_8x16_gate3a03_control_dff_buf_array boundary was redefined.
Error while reading cell "sky130_sram_1rw_8x16_gate3a03_control_dff_buf_array" (byte position 816106): Warning:  Cell sky130_sram_1rw_8x16_gate3a03_control_dff_buf_array boundary was redefined.
Error while reading cell "sky130_sram_1rw_8x16_gate3a03_control_pinv_4" (byte position 851868): Warning:  Cell sky130_sram_1rw_8x16_gate3a03_control_pinv_4 boundary was redefined.
Error while reading cell "sky130_sram_1rw_8x16_gate3a03_control_pinv_4" (byte position 851868): Warning:  Cell sky130_sram_1rw_8x16_gate3a03_control_pinv_4 boundary was redefined.
Error while reading cell "sky130_sram_1rw_8x16_gate3a03_control_pinv_4" (byte position 851868): Warning:  Cell sky130_sram_1rw_8x16_gate3a03_control_pinv_4 boundary was redefined.
Error while reading cell "sky130_sram_1rw_8x16_gate3a03_control_pinv_5" (byte position 853962): Warning:  Cell sky130_sram_1rw_8x16_gate3a03_control_pinv_5 boundary was redefined.
Error while reading cell "sky130_sram_1rw_8x16_gate3a03_control_pinv_5" (byte position 853962): Warning:  Cell sky130_sram_1rw_8x16_gate3a03_control_pinv_5 boundary was redefined.
Error while reading cell "sky130_sram_1rw_8x16_gate3a03_control_pinv_5" (byte position 853962): Warning:  Cell sky130_sram_1rw_8x16_gate3a03_control_pinv_5 boundary was redefined.
Error while reading cell "sky130_sram_1rw_8x16_gate3a03_control_pinv_6" (byte position 858552): Warning:  Cell sky130_sram_1rw_8x16_gate3a03_control_pinv_6 boundary was redefined.
Error while reading cell "sky130_sram_1rw_8x16_gate3a03_control_pinv_6" (byte position 858552): Warning:  Cell sky130_sram_1rw_8x16_gate3a03_control_pinv_6 boundary was redefined.
Error while reading cell "sky130_sram_1rw_8x16_gate3a03_control_pinv_6" (byte position 858552): Warning:  Cell sky130_sram_1rw_8x16_gate3a03_control_pinv_6 boundary was redefined.
Error while reading cell "sky130_sram_1rw_8x16_gate3a03_control_pinv_7" (byte position 865234): Warning:  Cell sky130_sram_1rw_8x16_gate3a03_control_pinv_7 boundary was redefined.
Error while reading cell "sky130_sram_1rw_8x16_gate3a03_control_pinv_7" (byte position 865234): Warning:  Cell sky130_sram_1rw_8x16_gate3a03_control_pinv_7 boundary was redefined.
Error while reading cell "sky130_sram_1rw_8x16_gate3a03_control_pinv_7" (byte position 865234): Warning:  Cell sky130_sram_1rw_8x16_gate3a03_control_pinv_7 boundary was redefined.
Error while reading cell "sky130_sram_1rw_8x16_gate3a03_control_pinv_10" (byte position 875582): Warning:  Cell sky130_sram_1rw_8x16_gate3a03_control_pinv_10 boundary was redefined.
Error while reading cell "sky130_sram_1rw_8x16_gate3a03_control_pinv_10" (byte position 875582): Warning:  Cell sky130_sram_1rw_8x16_gate3a03_control_pinv_10 boundary was redefined.
Error while reading cell "sky130_sram_1rw_8x16_gate3a03_control_pinv_10" (byte position 875582): Warning:  Cell sky130_sram_1rw_8x16_gate3a03_control_pinv_10 boundary was redefined.
Error while reading cell "sky130_sram_1rw_8x16_gate3a03_control_pnand2_0" (byte position 879560): Warning:  Cell sky130_sram_1rw_8x16_gate3a03_control_pnand2_0 boundary was redefined.
Error while reading cell "sky130_sram_1rw_8x16_gate3a03_control_pnand2_0" (byte position 879560): Warning:  Cell sky130_sram_1rw_8x16_gate3a03_control_pnand2_0 boundary was redefined.
Error while reading cell "sky130_sram_1rw_8x16_gate3a03_control_pnand2_0" (byte position 879560): Warning:  Cell sky130_sram_1rw_8x16_gate3a03_control_pnand2_0 boundary was redefined.
Error while reading cell "sky130_sram_1rw_8x16_gate3a03_control_pinv_2" (byte position 882952): Warning:  Cell sky130_sram_1rw_8x16_gate3a03_control_pinv_2 boundary was redefined.
Error while reading cell "sky130_sram_1rw_8x16_gate3a03_control_pinv_2" (byte position 882952): Warning:  Cell sky130_sram_1rw_8x16_gate3a03_control_pinv_2 boundary was redefined.
Error while reading cell "sky130_sram_1rw_8x16_gate3a03_control_pinv_2" (byte position 882952): Warning:  Cell sky130_sram_1rw_8x16_gate3a03_control_pinv_2 boundary was redefined.
Error while reading cell "sky130_sram_1rw_8x16_gate3a03_control_pinv_8" (byte position 891086): Warning:  Cell sky130_sram_1rw_8x16_gate3a03_control_pinv_8 boundary was redefined.
Error while reading cell "sky130_sram_1rw_8x16_gate3a03_control_pinv_8" (byte position 891086): Warning:  Cell sky130_sram_1rw_8x16_gate3a03_control_pinv_8 boundary was redefined.
Error while reading cell "sky130_sram_1rw_8x16_gate3a03_control_pinv_8" (byte position 891086): Warning:  Cell sky130_sram_1rw_8x16_gate3a03_control_pinv_8 boundary was redefined.
Error while reading cell "sky130_sram_1rw_8x16_gate3a03_control_pnand3" (byte position 898576): Warning:  Cell sky130_sram_1rw_8x16_gate3a03_control_pnand3 boundary was redefined.
Error while reading cell "sky130_sram_1rw_8x16_gate3a03_control_pnand3" (byte position 898576): Warning:  Cell sky130_sram_1rw_8x16_gate3a03_control_pnand3 boundary was redefined.
Error while reading cell "sky130_sram_1rw_8x16_gate3a03_control_pnand3" (byte position 898576): Warning:  Cell sky130_sram_1rw_8x16_gate3a03_control_pnand3 boundary was redefined.
Error while reading cell "sky130_sram_1rw_8x16_gate3a03_control_pinv_9" (byte position 902844): Warning:  Cell sky130_sram_1rw_8x16_gate3a03_control_pinv_9 boundary was redefined.
Error while reading cell "sky130_sram_1rw_8x16_gate3a03_control_pinv_9" (byte position 902844): Warning:  Cell sky130_sram_1rw_8x16_gate3a03_control_pinv_9 boundary was redefined.
Error while reading cell "sky130_sram_1rw_8x16_gate3a03_control_pinv_9" (byte position 902844): Warning:  Cell sky130_sram_1rw_8x16_gate3a03_control_pinv_9 boundary was redefined.
Error while reading cell "sky130_sram_1rw_8x16_gate3a03_control_pinv_11" (byte position 948000): Warning:  Cell sky130_sram_1rw_8x16_gate3a03_control_pinv_11 boundary was redefined.
Error while reading cell "sky130_sram_1rw_8x16_gate3a03_control_pinv_11" (byte position 948000): Warning:  Cell sky130_sram_1rw_8x16_gate3a03_control_pinv_11 boundary was redefined.
Error while reading cell "sky130_sram_1rw_8x16_gate3a03_control_pinv_11" (byte position 948000): Warning:  Cell sky130_sram_1rw_8x16_gate3a03_control_pinv_11 boundary was redefined.
Error while reading cell "sky130_sram_1rw_8x16_gate3a03_control_delay_chain" (byte position 946032): Warning:  Cell sky130_sram_1rw_8x16_gate3a03_control_delay_chain boundary was redefined.
Error while reading cell "sky130_sram_1rw_8x16_gate3a03_control_delay_chain" (byte position 946032): Warning:  Cell sky130_sram_1rw_8x16_gate3a03_control_delay_chain boundary was redefined.
Error while reading cell "sky130_sram_1rw_8x16_gate3a03_control_delay_chain" (byte position 946032): Warning:  Cell sky130_sram_1rw_8x16_gate3a03_control_delay_chain boundary was redefined.
Error while reading cell "sky130_sram_1rw_8x16_gate3a03_control_delay_chain" (byte position 946032): Warning:  Cell sky130_sram_1rw_8x16_gate3a03_control_delay_chain boundary was redefined.
Error while reading cell "sky130_sram_1rw_8x16_gate3a03_control_delay_chain" (byte position 946032): Warning:  Cell sky130_sram_1rw_8x16_gate3a03_control_delay_chain boundary was redefined.
Error while reading cell "sky130_sram_1rw_8x16_gate3a03_control_delay_chain" (byte position 946032): Warning:  Cell sky130_sram_1rw_8x16_gate3a03_control_delay_chain boundary was redefined.
Error while reading cell "sky130_sram_1rw_8x16_gate3a03_control_delay_chain" (byte position 946032): Warning:  Cell sky130_sram_1rw_8x16_gate3a03_control_delay_chain boundary was redefined.
Error while reading cell "sky130_sram_1rw_8x16_gate3a03_control_pnand2_1" (byte position 951034): Warning:  Cell sky130_sram_1rw_8x16_gate3a03_control_pnand2_1 boundary was redefined.
Error while reading cell "sky130_sram_1rw_8x16_gate3a03_control_pnand2_1" (byte position 951034): Warning:  Cell sky130_sram_1rw_8x16_gate3a03_control_pnand2_1 boundary was redefined.
Error while reading cell "sky130_sram_1rw_8x16_gate3a03_control_pnand2_1" (byte position 951034): Warning:  Cell sky130_sram_1rw_8x16_gate3a03_control_pnand2_1 boundary was redefined.
Error while reading cell "sky130_sram_1rw_8x16_gate3a03_control_control_logic_rw" (byte position 811876): Warning:  Cell sky130_sram_1rw_8x16_gate3a03_control_control_logic_rw boundary was redefined.
Error while reading cell "sky130_sram_1rw_8x16_gate3a03_control_control_logic_rw" (byte position 811876): Warning:  Cell sky130_sram_1rw_8x16_gate3a03_control_control_logic_rw boundary was redefined.
Error while reading cell "sky130_sram_1rw_8x16_gate3a03_control_row_addr_dff" (byte position 960724): Warning:  Cell sky130_sram_1rw_8x16_gate3a03_control_row_addr_dff boundary was redefined.
Error while reading cell "sky130_sram_1rw_8x16_gate3a03_control_row_addr_dff" (byte position 960724): Warning:  Cell sky130_sram_1rw_8x16_gate3a03_control_row_addr_dff boundary was redefined.
Error while reading cell "sky130_sram_1rw_8x16_gate3a03_control_row_addr_dff" (byte position 960724): Warning:  Cell sky130_sram_1rw_8x16_gate3a03_control_row_addr_dff boundary was redefined.
Error while reading cell "sky130_sram_1rw_8x16_gate3a03_control_row_addr_dff" (byte position 960724): Warning:  Cell sky130_sram_1rw_8x16_gate3a03_control_row_addr_dff boundary was redefined.
Error while reading cell "sky130_sram_1rw_8x16_gate3a03_control_row_addr_dff" (byte position 960724): Warning:  Cell sky130_sram_1rw_8x16_gate3a03_control_row_addr_dff boundary was redefined.
Error while reading cell "sky130_sram_1rw_8x16_gate3a03_control_row_addr_dff" (byte position 960724): Warning:  Cell sky130_sram_1rw_8x16_gate3a03_control_row_addr_dff boundary was redefined.
Error while reading cell "sky130_sram_1rw_8x16_gate3a03_control_row_addr_dff" (byte position 960724): Warning:  Cell sky130_sram_1rw_8x16_gate3a03_control_row_addr_dff boundary was redefined.
Error while reading cell "sky130_sram_1rw_8x16_gate3a03_control_row_addr_dff" (byte position 960724): Warning:  Cell sky130_sram_1rw_8x16_gate3a03_control_row_addr_dff boundary was redefined.
Error while reading cell "sky130_sram_1rw_8x16_gate3a03_control_row_addr_dff" (byte position 960724): Warning:  Cell sky130_sram_1rw_8x16_gate3a03_control_row_addr_dff boundary was redefined.
Error while reading cell "sky130_sram_1rw_8x16_gate3a03_control_row_addr_dff" (byte position 960724): Warning:  Cell sky130_sram_1rw_8x16_gate3a03_control_row_addr_dff boundary was redefined.
Error while reading cell "sky130_sram_1rw_8x16_gate3a03_control_row_addr_dff" (byte position 960724): Warning:  Cell sky130_sram_1rw_8x16_gate3a03_control_row_addr_dff boundary was redefined.
Error while reading cell "sky130_sram_1rw_8x16_gate3a03_control_row_addr_dff" (byte position 960724): Warning:  Cell sky130_sram_1rw_8x16_gate3a03_control_row_addr_dff boundary was redefined.
Error while reading cell "sky130_sram_1rw_8x16_gate3a03_control_row_addr_dff" (byte position 960724): Warning:  Cell sky130_sram_1rw_8x16_gate3a03_control_row_addr_dff boundary was redefined.
Error while reading cell "sky130_sram_1rw_8x16_gate3a03_control_row_addr_dff" (byte position 960724): Warning:  Cell sky130_sram_1rw_8x16_gate3a03_control_row_addr_dff boundary was redefined.
Error while reading cell "sky130_sram_1rw_8x16_gate3a03_control_row_addr_dff" (byte position 960724): Warning:  Cell sky130_sram_1rw_8x16_gate3a03_control_row_addr_dff boundary was redefined.
Error while reading cell "sky130_sram_1rw_8x16_gate3a03_control_row_addr_dff" (byte position 960724): Warning:  Cell sky130_sram_1rw_8x16_gate3a03_control_row_addr_dff boundary was redefined.
Error while reading cell "sky130_sram_1rw_8x16_gate3a03_control_row_addr_dff" (byte position 960724): Warning:  Cell sky130_sram_1rw_8x16_gate3a03_control_row_addr_dff boundary was redefined.
Error while reading cell "sky130_sram_1rw_8x16_gate3a03_control_row_addr_dff" (byte position 960724): Warning:  Cell sky130_sram_1rw_8x16_gate3a03_control_row_addr_dff boundary was redefined.
Error while reading cell "sky130_sram_1rw_8x16_gate3a03_control_row_addr_dff" (byte position 960724): Warning:  Cell sky130_sram_1rw_8x16_gate3a03_control_row_addr_dff boundary was redefined.
Error while reading cell "sky130_sram_1rw_8x16_gate3a03_control_row_addr_dff" (byte position 960724): Warning:  Cell sky130_sram_1rw_8x16_gate3a03_control_row_addr_dff boundary was redefined.
Error while reading cell "sky130_sram_1rw_8x16_gate3a03_control_row_addr_dff" (byte position 960724): Warning:  Cell sky130_sram_1rw_8x16_gate3a03_control_row_addr_dff boundary was redefined.
Error while reading cell "sky130_sram_1rw_8x16_gate3a03_control_row_addr_dff" (byte position 960724): Warning:  Cell sky130_sram_1rw_8x16_gate3a03_control_row_addr_dff boundary was redefined.
Error while reading cell "sky130_sram_1rw_8x16_gate3a03_control_row_addr_dff" (byte position 960724): Warning:  Cell sky130_sram_1rw_8x16_gate3a03_control_row_addr_dff boundary was redefined.
Error while reading cell "sky130_sram_1rw_8x16_gate3a03_control_row_addr_dff" (byte position 960724): Warning:  Cell sky130_sram_1rw_8x16_gate3a03_control_row_addr_dff boundary was redefined.
Error while reading cell "sky130_sram_1rw_8x16_gate3a03_control_wmask_dff" (byte position 964398): Warning:  Cell sky130_sram_1rw_8x16_gate3a03_control_wmask_dff boundary was redefined.
Error while reading cell "sky130_sram_1rw_8x16_gate3a03_control_wmask_dff" (byte position 964398): Warning:  Cell sky130_sram_1rw_8x16_gate3a03_control_wmask_dff boundary was redefined.
Error while reading cell "sky130_sram_1rw_8x16_gate3a03_control_wmask_dff" (byte position 964398): Warning:  Cell sky130_sram_1rw_8x16_gate3a03_control_wmask_dff boundary was redefined.
Error while reading cell "sky130_sram_1rw_8x16_gate3a03_control_data_dff" (byte position 972984): Warning:  Cell sky130_sram_1rw_8x16_gate3a03_control_data_dff boundary was redefined.
Error while reading cell "sky130_sram_1rw_8x16_gate3a03_control_data_dff" (byte position 972984): Warning:  Cell sky130_sram_1rw_8x16_gate3a03_control_data_dff boundary was redefined.
Error while reading cell "sky130_sram_1rw_8x16_gate3a03_control_data_dff" (byte position 972984): Warning:  Cell sky130_sram_1rw_8x16_gate3a03_control_data_dff boundary was redefined.
Error while reading cell "sky130_sram_1rw_8x16_gate3a03_control_data_dff" (byte position 972984): Warning:  Cell sky130_sram_1rw_8x16_gate3a03_control_data_dff boundary was redefined.
Error while reading cell "sky130_sram_1rw_8x16_gate3a03_control_data_dff" (byte position 972984): Warning:  Cell sky130_sram_1rw_8x16_gate3a03_control_data_dff boundary was redefined.
Error while reading cell "sky130_sram_1rw_8x16_gate3a03_control_data_dff" (byte position 972984): Warning:  Cell sky130_sram_1rw_8x16_gate3a03_control_data_dff boundary was redefined.
Error while reading cell "sky130_sram_1rw_8x16_gate3a03_control_data_dff" (byte position 972984): Warning:  Cell sky130_sram_1rw_8x16_gate3a03_control_data_dff boundary was redefined.
Error while reading cell "sky130_sram_1rw_8x16_gate3a03_control_data_dff" (byte position 972984): Warning:  Cell sky130_sram_1rw_8x16_gate3a03_control_data_dff boundary was redefined.
Error while reading cell "sky130_sram_1rw_8x16_gate3a03_control_spare_wen_dff" (byte position 975000): Warning:  Cell sky130_sram_1rw_8x16_gate3a03_control_spare_wen_dff boundary was redefined.
Error while reading cell "sky130_sram_1rw_8x16_gate3a03_control_spare_wen_dff" (byte position 975000): Warning:  Cell sky130_sram_1rw_8x16_gate3a03_control_spare_wen_dff boundary was redefined.
Error while reading cell "sky130_sram_1rw_8x16_gate3a03_control_spare_wen_dff" (byte position 975000): Warning:  Cell sky130_sram_1rw_8x16_gate3a03_control_spare_wen_dff boundary was redefined.
Error while reading cell "sky130_sram_1rw_8x16_gate3a03_control_spare_wen_dff" (byte position 975000): Warning:  Cell sky130_sram_1rw_8x16_gate3a03_control_spare_wen_dff boundary was redefined.
Couldn't find label wl_0_18
Couldn't find label wl_0_19
Couldn't find label gnd
Couldn't find label gate
Couldn't find label wl_0_18
Couldn't find label wl_0_19
Couldn't find label gnd
Couldn't find label top_gate
Couldn't find label bot_gate
Couldn't find label gate
Warning:  Ports "clk" and "CLK" are electrically shorted.
Warning:  Ports "vdd" and "VDD" are electrically shorted.
Warning:  Ports "gnd" and "GND" are electrically shorted.
Warning:  Ports "vdd" and "VDD" are electrically shorted.
Warning:  Ports "gnd" and "GND" are electrically shorted.
Warning:  Ports "vdd" and "VDD" are electrically shorted.
Warning:  Ports "vdd" and "VDD" are electrically shorted.
Warning:  Ports "gnd" and "GND" are electrically shorted.
Warning:  Ports "din" and "DIN" are electrically shorted.
Warning:  Ports "en" and "EN" are electrically shorted.
Warning:  Ports "br" and "BR" are electrically shorted.
Warning:  Ports "bl" and "BL" are electrically shorted.
Warning:  Ports "VDD_uq0" and "vdd_uq0" are electrically shorted.
Warning:  Ports "vdd" and "VDD" are electrically shorted.
Warning:  Ports "GND_uq0" and "gnd_uq0" are electrically shorted.
Warning:  Ports "GND_uq0" and "gnd" are electrically shorted.
Warning:  Ports "GND_uq0" and "GND" are electrically shorted.
Warning:  Ports "VDD_uq0" and "vdd_uq0" are electrically shorted.
Warning:  Ports "dout" and "DOUT" are electrically shorted.
Warning:  Ports "br" and "BR" are electrically shorted.
Warning:  Ports "bl" and "BL" are electrically shorted.
Warning:  Ports "en" and "EN" are electrically shorted.
Warning:  Ports "vdd" and "VDD" are electrically shorted.
Warning:  Ports "GND_uq0" and "gnd_uq0" are electrically shorted.
Warning:  Ports "GND_uq0" and "gnd" are electrically shorted.
Warning:  Ports "GND_uq0" and "GND" are electrically shorted.
Warning:  Ports "vdd" and "VPWR" are electrically shorted.
Warning:  Ports "wl" and "WL" are electrically shorted.
Warning:  Ports "vdd" and "VPWR" are electrically shorted.
Warning:  Ports "wl" and "WL" are electrically shorted.
Warning:  Ports "vdd" and "VPWR" are electrically shorted.
Warning:  Ports "wl" and "WL" are electrically shorted.
Warning:  Ports "vdd" and "VPWR" are electrically shorted.
Warning:  Ports "wl" and "WL" are electrically shorted.
Warning:  Ports "vdd" and "VPWR" are electrically shorted.
Warning:  Ports "vdd" and "VPWR" are electrically shorted.
Warning:  Ports "vnb" and "VNB" are electrically shorted.
Warning:  Ports "vpb" and "VPB" are electrically shorted.
Warning:  Ports "gnd" and "VGND" are electrically shorted.
Warning:  Ports "gnd" and "VGND" are electrically shorted.
Warning:  Ports "vpb" and "VPB" are electrically shorted.
Warning:  Ports "vnb" and "VNB" are electrically shorted.
Warning:  Ports "gnd_uq10" and "gnd_uq9" are electrically shorted.
Warning:  Ports "gnd_uq10" and "gnd_uq8" are electrically shorted.
Warning:  Ports "gnd_uq14" and "gnd_uq13" are electrically shorted.
Warning:  Ports "gnd_uq14" and "gnd_uq12" are electrically shorted.
Warning:  Ports "gnd_uq18" and "gnd_uq17" are electrically shorted.
Warning:  Ports "gnd_uq18" and "gnd_uq16" are electrically shorted.
Warning:  Ports "gnd_uq22" and "gnd_uq21" are electrically shorted.
Warning:  Ports "gnd_uq22" and "gnd_uq20" are electrically shorted.
Warning:  Ports "gnd_uq23" and "gnd_uq19" are electrically shorted.
Warning:  Ports "gnd_uq23" and "gnd_uq15" are electrically shorted.
Warning:  Ports "gnd_uq23" and "gnd_uq11" are electrically shorted.
Warning:  Ports "vdd" and "VPWR" are electrically shorted.
Warning:  Ports "vdd" and "VPWR" are electrically shorted.
Warning:  Ports "vnb" and "VNB" are electrically shorted.
Warning:  Ports "vpb" and "VPB" are electrically shorted.
Warning:  Ports "gnd" and "VGND" are electrically shorted.
Warning:  Ports "gnd" and "VGND" are electrically shorted.
Warning:  Ports "vpb" and "VPB" are electrically shorted.
Warning:  Ports "vnb" and "VNB" are electrically shorted.
Warning:  Ports "gnd_uq10" and "gnd_uq9" are electrically shorted.
Warning:  Ports "gnd_uq10" and "gnd_uq8" are electrically shorted.
Warning:  Ports "gnd_uq14" and "gnd_uq13" are electrically shorted.
Warning:  Ports "gnd_uq14" and "gnd_uq12" are electrically shorted.
Warning:  Ports "gnd_uq18" and "gnd_uq17" are electrically shorted.
Warning:  Ports "gnd_uq18" and "gnd_uq16" are electrically shorted.
Warning:  Ports "gnd_uq22" and "gnd_uq21" are electrically shorted.
Warning:  Ports "gnd_uq22" and "gnd_uq20" are electrically shorted.
Warning:  Ports "gnd_uq23" and "gnd_uq19" are electrically shorted.
Warning:  Ports "gnd_uq23" and "gnd_uq15" are electrically shorted.
Warning:  Ports "gnd_uq23" and "gnd_uq11" are electrically shorted.
Warning:  Ports "br" and "BR" are electrically shorted.
Warning:  Ports "wl" and "WL" are electrically shorted.
Warning:  Ports "vdd" and "VPWR" are electrically shorted.
Warning:  Ports "gnd" and "VGND" are electrically shorted.
Warning:  Ports "bl" and "BL" are electrically shorted.
Warning:  Ports "vnb" and "VNB" are electrically shorted.
Warning:  Ports "vpb" and "VPB" are electrically shorted.
Error:  Asymmetric device with multiple terminals!
Error:  Asymmetric device with multiple terminals!
Warning:  Ports "vdd" and "VPWR" are electrically shorted.
Warning:  Ports "vdd" and "VPWR" are electrically shorted.
Warning:  Ports "gnd" and "VGND" are electrically shorted.
Warning:  Ports "gnd" and "VGND" are electrically shorted.
Warning:  Ports "gnd_uq9" and "gnd_uq8" are electrically shorted.
Warning:  Ports "gnd_uq11" and "gnd_uq10" are electrically shorted.
Warning:  Ports "gnd_uq13" and "gnd_uq12" are electrically shorted.
Warning:  Ports "gnd_uq15" and "gnd_uq14" are electrically shorted.
Warning:  Ports "br" and "BR" are electrically shorted.
Warning:  Ports "gnd" and "VGND" are electrically shorted.
Warning:  Ports "vdd" and "VPWR" are electrically shorted.
Warning:  Ports "wl" and "WL" are electrically shorted.
Warning:  Ports "bl" and "BL" are electrically shorted.
Warning:  Ports "vnb" and "VNB" are electrically shorted.
Warning:  Ports "vpb" and "VPB" are electrically shorted.
Error:  Asymmetric device with multiple terminals!
Error:  Asymmetric device with multiple terminals!
Warning:  Ports "gnd" and "VGND" are electrically shorted.
Warning:  Ports "gnd" and "VGND" are electrically shorted.
Warning:  Ports "br" and "BR" are electrically shorted.
Warning:  Ports "wl" and "WL" are electrically shorted.
Warning:  Ports "gnd" and "VGND" are electrically shorted.
Warning:  Ports "vdd" and "VPWR" are electrically shorted.
Warning:  Ports "bl" and "BL" are electrically shorted.
Warning:  Ports "vnb" and "VNB" are electrically shorted.
Warning:  Ports "vpb" and "VPB" are electrically shorted.
Error:  Asymmetric device with multiple terminals!
Error:  Asymmetric device with multiple terminals!
Warning:  Ports "gnd_uq20" and "gnd_uq19" are electrically shorted.
Warning:  Ports "gnd_uq20" and "gnd_uq19" are electrically shorted.
Warning:  Ports "gnd_uq20" and "gnd_uq19" are electrically shorted.
Warning:  Ports "gnd_uq20" and "gnd_uq19" are electrically shorted.
Warning:  Ports "gnd_uq20" and "gnd_uq18" are electrically shorted.
Warning:  Ports "gnd_uq20" and "gnd_uq18" are electrically shorted.
Warning:  Ports "gnd_uq20" and "gnd_uq18" are electrically shorted.
Warning:  Ports "gnd_uq20" and "gnd_uq18" are electrically shorted.
Warning:  Ports "gnd_uq20" and "gnd_uq18" are electrically shorted.
Warning:  Ports "gnd_uq20" and "gnd_uq18" are electrically shorted.
Warning:  Ports "gnd_uq20" and "gnd_uq18" are electrically shorted.
Warning:  Ports "gnd_uq20" and "gnd_uq18" are electrically shorted.
Warning:  Ports "gnd_uq20" and "gnd_uq17" are electrically shorted.
Warning:  Ports "gnd_uq20" and "gnd_uq17" are electrically shorted.
Warning:  Ports "gnd_uq20" and "gnd_uq17" are electrically shorted.
Warning:  Ports "gnd_uq20" and "gnd_uq17" are electrically shorted.
Warning:  Ports "gnd_uq20" and "gnd_uq17" are electrically shorted.
Warning:  Ports "gnd_uq20" and "gnd_uq17" are electrically shorted.
Warning:  Ports "gnd_uq20" and "gnd_uq17" are electrically shorted.
Warning:  Ports "gnd_uq20" and "gnd_uq17" are electrically shorted.
Warning:  Ports "gnd_uq20" and "gnd_uq16" are electrically shorted.
Warning:  Ports "gnd_uq20" and "gnd_uq16" are electrically shorted.
Warning:  Ports "gnd_uq20" and "gnd_uq16" are electrically shorted.
Warning:  Ports "gnd_uq20" and "gnd_uq16" are electrically shorted.
Warning:  Ports "gnd_uq20" and "gnd_uq16" are electrically shorted.
Warning:  Ports "gnd_uq20" and "gnd_uq16" are electrically shorted.
Warning:  Ports "gnd_uq20" and "gnd_uq16" are electrically shorted.
Warning:  Ports "gnd_uq20" and "gnd_uq16" are electrically shorted.
Warning:  Ports "gnd_uq20" and "gnd_uq15" are electrically shorted.
Warning:  Ports "gnd_uq20" and "gnd_uq15" are electrically shorted.
Warning:  Ports "gnd_uq20" and "gnd_uq15" are electrically shorted.
Warning:  Ports "gnd_uq20" and "gnd_uq15" are electrically shorted.
Warning:  Ports "gnd_uq20" and "gnd_uq15" are electrically shorted.
Warning:  Ports "gnd_uq20" and "gnd_uq15" are electrically shorted.
Warning:  Ports "gnd_uq20" and "gnd_uq15" are electrically shorted.
Warning:  Ports "gnd_uq20" and "gnd_uq15" are electrically shorted.
Warning:  Ports "gnd_uq20" and "gnd_uq14" are electrically shorted.
Warning:  Ports "gnd_uq20" and "gnd_uq14" are electrically shorted.
Warning:  Ports "gnd_uq20" and "gnd_uq14" are electrically shorted.
Warning:  Ports "gnd_uq20" and "gnd_uq14" are electrically shorted.
Warning:  Ports "gnd_uq20" and "gnd_uq14" are electrically shorted.
Warning:  Ports "gnd_uq20" and "gnd_uq14" are electrically shorted.
Warning:  Ports "gnd_uq20" and "gnd_uq14" are electrically shorted.
Warning:  Ports "gnd_uq20" and "gnd_uq14" are electrically shorted.
Warning:  Ports "gnd_uq20" and "gnd_uq13" are electrically shorted.
Warning:  Ports "gnd_uq20" and "gnd_uq13" are electrically shorted.
Warning:  Ports "gnd_uq20" and "gnd_uq13" are electrically shorted.
Warning:  Ports "gnd_uq20" and "gnd_uq13" are electrically shorted.
Warning:  Ports "gnd_uq20" and "gnd_uq13" are electrically shorted.
Warning:  Ports "gnd_uq20" and "gnd_uq13" are electrically shorted.
Warning:  Ports "gnd_uq20" and "gnd_uq13" are electrically shorted.
Warning:  Ports "gnd_uq20" and "gnd_uq13" are electrically shorted.
Warning:  Ports "gnd_uq20" and "gnd_uq12" are electrically shorted.
Warning:  Ports "gnd_uq20" and "gnd_uq12" are electrically shorted.
Warning:  Ports "gnd_uq20" and "gnd_uq12" are electrically shorted.
Warning:  Ports "gnd_uq20" and "gnd_uq12" are electrically shorted.
Warning:  Ports "gnd_uq20" and "gnd_uq12" are electrically shorted.
Warning:  Ports "gnd_uq20" and "gnd_uq12" are electrically shorted.
Warning:  Ports "gnd_uq20" and "gnd_uq12" are electrically shorted.
Warning:  Ports "gnd_uq20" and "gnd_uq12" are electrically shorted.
Warning:  Ports "gnd_uq20" and "gnd_uq11" are electrically shorted.
Warning:  Ports "gnd_uq20" and "gnd_uq11" are electrically shorted.
Warning:  Ports "gnd_uq20" and "gnd_uq11" are electrically shorted.
Warning:  Ports "gnd_uq20" and "gnd_uq11" are electrically shorted.
Warning:  Ports "gnd_uq20" and "gnd_uq11" are electrically shorted.
Warning:  Ports "gnd_uq20" and "gnd_uq11" are electrically shorted.
Warning:  Ports "gnd_uq20" and "gnd_uq11" are electrically shorted.
Warning:  Ports "gnd_uq20" and "gnd_uq11" are electrically shorted.
Warning:  Ports "gnd_uq20" and "gnd_uq10" are electrically shorted.
Warning:  Ports "gnd_uq20" and "gnd_uq10" are electrically shorted.
Warning:  Ports "gnd_uq20" and "gnd_uq10" are electrically shorted.
Warning:  Ports "gnd_uq20" and "gnd_uq10" are electrically shorted.
Warning:  Ports "gnd_uq20" and "gnd_uq9" are electrically shorted.
Warning:  Ports "gnd_uq20" and "gnd_uq9" are electrically shorted.
Warning:  Ports "gnd_uq20" and "gnd_uq9" are electrically shorted.
Warning:  Ports "gnd_uq20" and "gnd_uq9" are electrically shorted.
Warning:  Ports "br" and "BR" are electrically shorted.
Warning:  Ports "vdd" and "VPWR" are electrically shorted.
Warning:  Ports "gnd" and "VGND" are electrically shorted.
Warning:  Ports "wl" and "WL" are electrically shorted.
Warning:  Ports "bl" and "BL" are electrically shorted.
Warning:  Ports "vnb" and "VNB" are electrically shorted.
Warning:  Ports "vpb" and "VPB" are electrically shorted.
Error:  Asymmetric device with multiple terminals!
Error:  Asymmetric device with multiple terminals!
Warning:  Ports "vdd" and "VPWR" are electrically shorted.
Warning:  Ports "vdd" and "VPWR" are electrically shorted.
Warning:  Ports "br" and "BR" are electrically shorted.
Warning:  Ports "wl" and "WL" are electrically shorted.
Warning:  Ports "vdd" and "VPWR" are electrically shorted.
Warning:  Ports "gnd" and "VGND" are electrically shorted.
Warning:  Ports "bl" and "BL" are electrically shorted.
Warning:  Ports "vnb" and "VNB" are electrically shorted.
Warning:  Ports "vpb" and "VPB" are electrically shorted.
Error:  Asymmetric device with multiple terminals!
Error:  Asymmetric device with multiple terminals!
Warning:  Ports "gnd_uq81" and "gnd_uq80" are electrically shorted.
Warning:  Ports "gnd_uq83" and "gnd_uq82" are electrically shorted.
Warning:  Ports "gnd_uq85" and "gnd_uq84" are electrically shorted.
Warning:  Ports "gnd_uq87" and "gnd_uq86" are electrically shorted.
Total of 24 errors (check feedback entries).
Total of 14 warnings.
Warning:  Ports "clk" and "CLK" are electrically shorted.
Warning:  Ports "vdd" and "VDD" are electrically shorted.
Warning:  Ports "gnd" and "GND" are electrically shorted.
Warning:  Ports "gnd_uq9" and "gnd_uq8" are electrically shorted.
Warning:  Ports "gnd_uq11" and "gnd_uq10" are electrically shorted.
Warning:  Ports "gnd_uq13" and "gnd_uq12" are electrically shorted.
Warning:  Ports "gnd_uq15" and "gnd_uq14" are electrically shorted.
Warning:  Ports "gnd" and "VGND" are electrically shorted.
Warning:  Ports "br" and "BR" are electrically shorted.
Warning:  Ports "wl" and "WL" are electrically shorted.
Warning:  Ports "vdd" and "VPWR" are electrically shorted.
Warning:  Ports "gnd" and "VGND" are electrically shorted.
Warning:  Ports "bl" and "BL" are electrically shorted.
Warning:  Ports "vnb" and "VNB" are electrically shorted.
Warning:  Ports "vpb" and "VPB" are electrically shorted.
Warning:  Ports "vdd" and "VPWR" are electrically shorted.
Warning:  Ports "gnd_uq10" and "gnd_uq9" are electrically shorted.
Warning:  Ports "gnd_uq10" and "gnd_uq8" are electrically shorted.
Warning:  Ports "gnd_uq14" and "gnd_uq13" are electrically shorted.
Warning:  Ports "gnd_uq14" and "gnd_uq12" are electrically shorted.
Warning:  Ports "gnd_uq18" and "gnd_uq17" are electrically shorted.
Warning:  Ports "gnd_uq18" and "gnd_uq16" are electrically shorted.
Warning:  Ports "gnd_uq22" and "gnd_uq21" are electrically shorted.
Warning:  Ports "gnd_uq22" and "gnd_uq20" are electrically shorted.
Warning:  Ports "gnd_uq23" and "gnd_uq19" are electrically shorted.
Warning:  Ports "gnd_uq23" and "gnd_uq15" are electrically shorted.
Warning:  Ports "gnd_uq23" and "gnd_uq11" are electrically shorted.
Warning:  Ports "gnd" and "VGND" are electrically shorted.
Warning:  Ports "vpb" and "VPB" are electrically shorted.
Warning:  Ports "vnb" and "VNB" are electrically shorted.
Warning:  Ports "vdd" and "VPWR" are electrically shorted.
Warning:  Ports "vnb" and "VNB" are electrically shorted.
Warning:  Ports "vpb" and "VPB" are electrically shorted.
Warning:  Ports "vdd" and "VPWR" are electrically shorted.
Warning:  Ports "wl" and "WL" are electrically shorted.
Warning:  Ports "vdd" and "VPWR" are electrically shorted.
Warning:  Ports "wl" and "WL" are electrically shorted.
Warning:  Ports "gnd_uq20" and "gnd_uq19" are electrically shorted.
Warning:  Ports "gnd_uq20" and "gnd_uq18" are electrically shorted.
Warning:  Ports "gnd_uq20" and "gnd_uq17" are electrically shorted.
Warning:  Ports "gnd_uq20" and "gnd_uq16" are electrically shorted.
Warning:  Ports "gnd_uq20" and "gnd_uq15" are electrically shorted.
Warning:  Ports "gnd_uq20" and "gnd_uq14" are electrically shorted.
Warning:  Ports "gnd_uq20" and "gnd_uq13" are electrically shorted.
Warning:  Ports "gnd_uq20" and "gnd_uq12" are electrically shorted.
Warning:  Ports "gnd_uq20" and "gnd_uq11" are electrically shorted.
Warning:  Ports "gnd_uq20" and "gnd_uq10" are electrically shorted.
Warning:  Ports "gnd_uq20" and "gnd_uq9" are electrically shorted.
Warning:  Ports "br" and "BR" are electrically shorted.
Warning:  Ports "gnd" and "VGND" are electrically shorted.
Warning:  Ports "vdd" and "VPWR" are electrically shorted.
Warning:  Ports "wl" and "WL" are electrically shorted.
Warning:  Ports "bl" and "BL" are electrically shorted.
Warning:  Ports "vnb" and "VNB" are electrically shorted.
Warning:  Ports "vpb" and "VPB" are electrically shorted.
Warning:  Ports "br" and "BR" are electrically shorted.
Warning:  Ports "wl" and "WL" are electrically shorted.
Warning:  Ports "gnd" and "VGND" are electrically shorted.
Warning:  Ports "vdd" and "VPWR" are electrically shorted.
Warning:  Ports "bl" and "BL" are electrically shorted.
Warning:  Ports "vnb" and "VNB" are electrically shorted.
Warning:  Ports "vpb" and "VPB" are electrically shorted.
Warning:  Ports "gnd" and "VGND" are electrically shorted.
Warning:  Ports "vpb" and "VPB" are electrically shorted.
Warning:  Ports "vnb" and "VNB" are electrically shorted.
Warning:  Ports "gnd" and "VGND" are electrically shorted.
Warning:  Ports "vdd" and "VPWR" are electrically shorted.
Warning:  Ports "wl" and "WL" are electrically shorted.
Warning:  Ports "vdd" and "VPWR" are electrically shorted.
Warning:  Ports "wl" and "WL" are electrically shorted.
Warning:  Ports "gnd_uq10" and "gnd_uq9" are electrically shorted.
Warning:  Ports "gnd_uq10" and "gnd_uq8" are electrically shorted.
Warning:  Ports "gnd_uq14" and "gnd_uq13" are electrically shorted.
Warning:  Ports "gnd_uq14" and "gnd_uq12" are electrically shorted.
Warning:  Ports "gnd_uq18" and "gnd_uq17" are electrically shorted.
Warning:  Ports "gnd_uq18" and "gnd_uq16" are electrically shorted.
Warning:  Ports "gnd_uq22" and "gnd_uq21" are electrically shorted.
Warning:  Ports "gnd_uq22" and "gnd_uq20" are electrically shorted.
Warning:  Ports "gnd_uq23" and "gnd_uq19" are electrically shorted.
Warning:  Ports "gnd_uq23" and "gnd_uq15" are electrically shorted.
Warning:  Ports "gnd_uq23" and "gnd_uq11" are electrically shorted.
Warning:  Ports "vdd" and "VPWR" are electrically shorted.
Warning:  Ports "vnb" and "VNB" are electrically shorted.
Warning:  Ports "vpb" and "VPB" are electrically shorted.
Warning:  Ports "gnd_uq81" and "gnd_uq80" are electrically shorted.
Warning:  Ports "gnd_uq83" and "gnd_uq82" are electrically shorted.
Warning:  Ports "gnd_uq85" and "gnd_uq84" are electrically shorted.
Warning:  Ports "gnd_uq87" and "gnd_uq86" are electrically shorted.
Warning:  Ports "br" and "BR" are electrically shorted.
Warning:  Ports "vdd" and "VPWR" are electrically shorted.
Warning:  Ports "gnd" and "VGND" are electrically shorted.
Warning:  Ports "wl" and "WL" are electrically shorted.
Warning:  Ports "bl" and "BL" are electrically shorted.
Warning:  Ports "vnb" and "VNB" are electrically shorted.
Warning:  Ports "vpb" and "VPB" are electrically shorted.
Warning:  Ports "br" and "BR" are electrically shorted.
Warning:  Ports "wl" and "WL" are electrically shorted.
Warning:  Ports "vdd" and "VPWR" are electrically shorted.
Warning:  Ports "gnd" and "VGND" are electrically shorted.
Warning:  Ports "bl" and "BL" are electrically shorted.
Warning:  Ports "vnb" and "VNB" are electrically shorted.
Warning:  Ports "vpb" and "VPB" are electrically shorted.
Warning:  Ports "vdd" and "VPWR" are electrically shorted.
Warning:  Ports "din" and "DIN" are electrically shorted.
Warning:  Ports "en" and "EN" are electrically shorted.
Warning:  Ports "br" and "BR" are electrically shorted.
Warning:  Ports "bl" and "BL" are electrically shorted.
Warning:  Ports "VDD_uq0" and "vdd_uq0" are electrically shorted.
Warning:  Ports "vdd" and "VDD" are electrically shorted.
Warning:  Ports "GND_uq0" and "gnd_uq0" are electrically shorted.
Warning:  Ports "GND_uq0" and "gnd" are electrically shorted.
Warning:  Ports "GND_uq0" and "GND" are electrically shorted.
Warning:  Ports "VDD_uq0" and "vdd_uq0" are electrically shorted.
Warning:  Ports "dout" and "DOUT" are electrically shorted.
Warning:  Ports "br" and "BR" are electrically shorted.
Warning:  Ports "bl" and "BL" are electrically shorted.
Warning:  Ports "en" and "EN" are electrically shorted.
Warning:  Ports "vdd" and "VDD" are electrically shorted.
Warning:  Ports "GND_uq0" and "gnd_uq0" are electrically shorted.
Warning:  Ports "GND_uq0" and "gnd" are electrically shorted.
Warning:  Ports "GND_uq0" and "GND" are electrically shorted.
Warning:  Ports "vdd" and "VDD" are electrically shorted.
Warning:  Ports "gnd" and "GND" are electrically shorted.
Warning:  Ports "vdd" and "VDD" are electrically shorted.
Warning:  Ports "gnd" and "GND" are electrically shorted.
