OpenROAD 26Q3-1080-gab6fd26351 
Features included (+) or not (-): +GPU +GUI +Python
This program is licensed under the BSD-3 license. See the LICENSE file for details.
Components of this program may be licensed under more restrictive licenses which must be honored.
[INFO ORD-0030] Using 4 thread(s).
read_liberty /OpenROAD-flow-scripts/flow/platforms/sky130hd/lib/sky130_fd_sc_hd__tt_025C_1v80.lib
read_liberty /work/campaigns/iscas_sustainability_extension/memory_compiler/gate3_attempt08_sram22_slew_provenance_and_drv_closure/source_checkout/sram22_256x64m4w8/sram22_256x64m4w8_tt_025C_1v80.lib
read_liberty /work/campaigns/iscas_sustainability_extension/memory_compiler/gate3_attempt08_sram22_slew_provenance_and_drv_closure/source_checkout/sram22_256x8m8w1/sram22_256x8m8w1_tt_025C_1v80.lib
read_db /work/campaigns/iscas_sustainability_extension/memory_compiler/gate3_attempt08_sram22_slew_provenance_and_drv_closure/raw/openroad/work/results/sky130hd/attempt08_e0/seed13/5_1_grt.odb
read_sdc /work/campaigns/iscas_sustainability_extension/memory_compiler/gate3_attempt08_sram22_slew_provenance_and_drv_closure/raw/openroad/work/results/sky130hd/attempt08_e0/seed13/5_1_grt.sdc
source /OpenROAD-flow-scripts/flow/platforms/sky130hd/setRC.tcl
detailed_route -output_drc /work/campaigns/iscas_sustainability_extension/memory_compiler/gate3_attempt08_sram22_slew_provenance_and_drv_closure/raw/openroad/work/reports/sky130hd/attempt08_e0/seed13/5_route_drc.rpt -output_maze /work/campaigns/iscas_sustainability_extension/memory_compiler/gate3_attempt08_sram22_slew_provenance_and_drv_closure/raw/openroad/work/results/sky130hd/attempt08_e0/seed13/maze.log -droute_end_iter 64 -verbose 1 -drc_report_iter_step 5
[INFO DRT-0149] Reading tech and libs.
[WARNING DRT-0349] LEF58_ENCLOSURE with no CUTCLASS is not supported. Skipping for layer mcon
[WARNING DRT-0349] LEF58_ENCLOSURE with no CUTCLASS is not supported. Skipping for layer mcon
[WARNING DRT-0349] LEF58_ENCLOSURE with no CUTCLASS is not supported. Skipping for layer via
[WARNING DRT-0349] LEF58_ENCLOSURE with no CUTCLASS is not supported. Skipping for layer via
[WARNING DRT-0349] LEF58_ENCLOSURE with no CUTCLASS is not supported. Skipping for layer via2
[WARNING DRT-0349] LEF58_ENCLOSURE with no CUTCLASS is not supported. Skipping for layer via2
[WARNING DRT-0349] LEF58_ENCLOSURE with no CUTCLASS is not supported. Skipping for layer via3
[WARNING DRT-0349] LEF58_ENCLOSURE with no CUTCLASS is not supported. Skipping for layer via3
[WARNING DRT-0349] LEF58_ENCLOSURE with no CUTCLASS is not supported. Skipping for layer via4
[WARNING DRT-0349] LEF58_ENCLOSURE with no CUTCLASS is not supported. Skipping for layer via4

Units:                1000
Number of layers:     13
Number of macros:     443
Number of vias:       130
Number of viarulegen: 25

[INFO DRT-0150] Reading design.

Design:                   e0_sram22_top
Die area:                 ( 0 0 ) ( 1000000 650000 )
Number of track patterns: 12
Number of DEF vias:       0
Number of components:     5848
Number of terminals:      144
Number of snets:          2
Number of nets:           1221

[WARNING DRT-0419] No routing tracks pass through the center of Term u_protected_memory.u_data/dout[0]
[WARNING DRT-0419] No routing tracks pass through the center of Term u_protected_memory.u_data/dout[1]
[WARNING DRT-0419] No routing tracks pass through the center of Term u_protected_memory.u_data/dout[2]
[WARNING DRT-0419] No routing tracks pass through the center of Term u_protected_memory.u_data/dout[3]
[WARNING DRT-0419] No routing tracks pass through the center of Term u_protected_memory.u_data/dout[4]
[WARNING DRT-0419] No routing tracks pass through the center of Term u_protected_memory.u_data/dout[5]
[WARNING DRT-0419] No routing tracks pass through the center of Term u_protected_memory.u_data/dout[6]
[WARNING DRT-0419] No routing tracks pass through the center of Term u_protected_memory.u_data/dout[7]
[WARNING DRT-0419] No routing tracks pass through the center of Term u_protected_memory.u_data/dout[8]
[WARNING DRT-0419] No routing tracks pass through the center of Term u_protected_memory.u_data/dout[9]
[WARNING DRT-0419] No routing tracks pass through the center of Term u_protected_memory.u_data/dout[10]
[WARNING DRT-0419] No routing tracks pass through the center of Term u_protected_memory.u_data/dout[11]
[WARNING DRT-0419] No routing tracks pass through the center of Term u_protected_memory.u_data/dout[12]
[WARNING DRT-0419] No routing tracks pass through the center of Term u_protected_memory.u_data/dout[13]
[WARNING DRT-0419] No routing tracks pass through the center of Term u_protected_memory.u_data/dout[14]
[WARNING DRT-0419] No routing tracks pass through the center of Term u_protected_memory.u_data/dout[15]
[WARNING DRT-0419] No routing tracks pass through the center of Term u_protected_memory.u_data/dout[16]
[WARNING DRT-0419] No routing tracks pass through the center of Term u_protected_memory.u_data/dout[17]
[WARNING DRT-0419] No routing tracks pass through the center of Term u_protected_memory.u_data/dout[18]
[WARNING DRT-0419] No routing tracks pass through the center of Term u_protected_memory.u_data/dout[19]
[WARNING DRT-0419] No routing tracks pass through the center of Term u_protected_memory.u_data/dout[20]
[WARNING DRT-0419] No routing tracks pass through the center of Term u_protected_memory.u_data/dout[21]
[WARNING DRT-0419] No routing tracks pass through the center of Term u_protected_memory.u_data/dout[22]
[WARNING DRT-0419] No routing tracks pass through the center of Term u_protected_memory.u_data/dout[23]
[WARNING DRT-0419] No routing tracks pass through the center of Term u_protected_memory.u_data/dout[24]
[WARNING DRT-0419] No routing tracks pass through the center of Term u_protected_memory.u_data/dout[25]
[WARNING DRT-0419] No routing tracks pass through the center of Term u_protected_memory.u_data/dout[26]
[WARNING DRT-0419] No routing tracks pass through the center of Term u_protected_memory.u_data/dout[27]
[WARNING DRT-0419] No routing tracks pass through the center of Term u_protected_memory.u_data/dout[28]
[WARNING DRT-0419] No routing tracks pass through the center of Term u_protected_memory.u_data/dout[29]
[WARNING DRT-0419] No routing tracks pass through the center of Term u_protected_memory.u_data/dout[30]
[WARNING DRT-0419] No routing tracks pass through the center of Term u_protected_memory.u_data/dout[31]
[WARNING DRT-0419] No routing tracks pass through the center of Term u_protected_memory.u_data/dout[32]
[WARNING DRT-0419] No routing tracks pass through the center of Term u_protected_memory.u_data/dout[33]
[WARNING DRT-0419] No routing tracks pass through the center of Term u_protected_memory.u_data/dout[34]
[WARNING DRT-0419] No routing tracks pass through the center of Term u_protected_memory.u_data/dout[35]
[WARNING DRT-0419] No routing tracks pass through the center of Term u_protected_memory.u_data/dout[36]
[WARNING DRT-0419] No routing tracks pass through the center of Term u_protected_memory.u_data/dout[37]
[WARNING DRT-0419] No routing tracks pass through the center of Term u_protected_memory.u_data/dout[38]
[WARNING DRT-0419] No routing tracks pass through the center of Term u_protected_memory.u_data/dout[39]
[WARNING DRT-0419] No routing tracks pass through the center of Term u_protected_memory.u_data/dout[40]
[WARNING DRT-0419] No routing tracks pass through the center of Term u_protected_memory.u_data/dout[41]
[WARNING DRT-0419] No routing tracks pass through the center of Term u_protected_memory.u_data/dout[42]
[WARNING DRT-0419] No routing tracks pass through the center of Term u_protected_memory.u_data/dout[43]
[WARNING DRT-0419] No routing tracks pass through the center of Term u_protected_memory.u_data/dout[44]
[WARNING DRT-0419] No routing tracks pass through the center of Term u_protected_memory.u_data/dout[45]
[WARNING DRT-0419] No routing tracks pass through the center of Term u_protected_memory.u_data/dout[46]
[WARNING DRT-0419] No routing tracks pass through the center of Term u_protected_memory.u_data/dout[47]
[WARNING DRT-0419] No routing tracks pass through the center of Term u_protected_memory.u_data/dout[48]
[WARNING DRT-0419] No routing tracks pass through the center of Term u_protected_memory.u_data/dout[49]
[WARNING DRT-0419] No routing tracks pass through the center of Term u_protected_memory.u_data/dout[50]
[WARNING DRT-0419] No routing tracks pass through the center of Term u_protected_memory.u_data/dout[51]
[WARNING DRT-0419] No routing tracks pass through the center of Term u_protected_memory.u_data/dout[52]
[WARNING DRT-0419] No routing tracks pass through the center of Term u_protected_memory.u_data/dout[53]
[WARNING DRT-0419] No routing tracks pass through the center of Term u_protected_memory.u_data/dout[54]
[WARNING DRT-0419] No routing tracks pass through the center of Term u_protected_memory.u_data/dout[55]
[WARNING DRT-0419] No routing tracks pass through the center of Term u_protected_memory.u_data/dout[56]
[WARNING DRT-0419] No routing tracks pass through the center of Term u_protected_memory.u_data/dout[57]
[WARNING DRT-0419] No routing tracks pass through the center of Term u_protected_memory.u_data/dout[58]
[WARNING DRT-0419] No routing tracks pass through the center of Term u_protected_memory.u_data/dout[59]
[WARNING DRT-0419] No routing tracks pass through the center of Term u_protected_memory.u_data/dout[60]
[WARNING DRT-0419] No routing tracks pass through the center of Term u_protected_memory.u_data/dout[61]
[WARNING DRT-0419] No routing tracks pass through the center of Term u_protected_memory.u_data/dout[62]
[WARNING DRT-0419] No routing tracks pass through the center of Term u_protected_memory.u_data/dout[63]
[WARNING DRT-0419] No routing tracks pass through the center of Term u_protected_memory.u_data/din[0]
[WARNING DRT-0419] No routing tracks pass through the center of Term u_protected_memory.u_data/din[1]
[WARNING DRT-0419] No routing tracks pass through the center of Term u_protected_memory.u_data/din[2]
[WARNING DRT-0419] No routing tracks pass through the center of Term u_protected_memory.u_data/din[3]
[WARNING DRT-0419] No routing tracks pass through the center of Term u_protected_memory.u_data/din[4]
[WARNING DRT-0419] No routing tracks pass through the center of Term u_protected_memory.u_data/din[5]
[WARNING DRT-0419] No routing tracks pass through the center of Term u_protected_memory.u_data/din[6]
[WARNING DRT-0419] No routing tracks pass through the center of Term u_protected_memory.u_data/din[7]
[WARNING DRT-0419] No routing tracks pass through the center of Term u_protected_memory.u_data/din[8]
[WARNING DRT-0419] No routing tracks pass through the center of Term u_protected_memory.u_data/din[9]
[WARNING DRT-0419] No routing tracks pass through the center of Term u_protected_memory.u_data/din[10]
[WARNING DRT-0419] No routing tracks pass through the center of Term u_protected_memory.u_data/din[11]
[WARNING DRT-0419] No routing tracks pass through the center of Term u_protected_memory.u_data/din[12]
[WARNING DRT-0419] No routing tracks pass through the center of Term u_protected_memory.u_data/din[13]
[WARNING DRT-0419] No routing tracks pass through the center of Term u_protected_memory.u_data/din[14]
[WARNING DRT-0419] No routing tracks pass through the center of Term u_protected_memory.u_data/din[15]
[WARNING DRT-0419] No routing tracks pass through the center of Term u_protected_memory.u_data/din[16]
[WARNING DRT-0419] No routing tracks pass through the center of Term u_protected_memory.u_data/din[17]
[WARNING DRT-0419] No routing tracks pass through the center of Term u_protected_memory.u_data/din[18]
[WARNING DRT-0419] No routing tracks pass through the center of Term u_protected_memory.u_data/din[19]
[WARNING DRT-0419] No routing tracks pass through the center of Term u_protected_memory.u_data/din[20]
[WARNING DRT-0419] No routing tracks pass through the center of Term u_protected_memory.u_data/din[21]
[WARNING DRT-0419] No routing tracks pass through the center of Term u_protected_memory.u_data/din[22]
[WARNING DRT-0419] No routing tracks pass through the center of Term u_protected_memory.u_data/din[23]
[WARNING DRT-0419] No routing tracks pass through the center of Term u_protected_memory.u_data/din[24]
[WARNING DRT-0419] No routing tracks pass through the center of Term u_protected_memory.u_data/din[25]
[WARNING DRT-0419] No routing tracks pass through the center of Term u_protected_memory.u_data/din[26]
[WARNING DRT-0419] No routing tracks pass through the center of Term u_protected_memory.u_data/din[27]
[WARNING DRT-0419] No routing tracks pass through the center of Term u_protected_memory.u_data/din[28]
[WARNING DRT-0419] No routing tracks pass through the center of Term u_protected_memory.u_data/din[29]
[WARNING DRT-0419] No routing tracks pass through the center of Term u_protected_memory.u_data/din[30]
[WARNING DRT-0419] No routing tracks pass through the center of Term u_protected_memory.u_data/din[31]
[WARNING DRT-0419] No routing tracks pass through the center of Term u_protected_memory.u_data/din[32]
[WARNING DRT-0419] No routing tracks pass through the center of Term u_protected_memory.u_data/din[33]
[WARNING DRT-0419] No routing tracks pass through the center of Term u_protected_memory.u_data/din[34]
[WARNING DRT-0419] No routing tracks pass through the center of Term u_protected_memory.u_data/din[35]
[WARNING DRT-0419] No routing tracks pass through the center of Term u_protected_memory.u_data/din[36]
[WARNING DRT-0419] No routing tracks pass through the center of Term u_protected_memory.u_data/din[37]
[WARNING DRT-0419] No routing tracks pass through the center of Term u_protected_memory.u_data/din[38]
[WARNING DRT-0419] No routing tracks pass through the center of Term u_protected_memory.u_data/din[39]
[WARNING DRT-0419] No routing tracks pass through the center of Term u_protected_memory.u_data/din[40]
[WARNING DRT-0419] No routing tracks pass through the center of Term u_protected_memory.u_data/din[41]
[WARNING DRT-0419] No routing tracks pass through the center of Term u_protected_memory.u_data/din[42]
[WARNING DRT-0419] No routing tracks pass through the center of Term u_protected_memory.u_data/din[43]
[WARNING DRT-0419] No routing tracks pass through the center of Term u_protected_memory.u_data/din[44]
[WARNING DRT-0419] No routing tracks pass through the center of Term u_protected_memory.u_data/din[45]
[WARNING DRT-0419] No routing tracks pass through the center of Term u_protected_memory.u_data/din[46]
[WARNING DRT-0419] No routing tracks pass through the center of Term u_protected_memory.u_data/din[47]
[WARNING DRT-0419] No routing tracks pass through the center of Term u_protected_memory.u_data/din[48]
[WARNING DRT-0419] No routing tracks pass through the center of Term u_protected_memory.u_data/din[49]
[WARNING DRT-0419] No routing tracks pass through the center of Term u_protected_memory.u_data/din[50]
[WARNING DRT-0419] No routing tracks pass through the center of Term u_protected_memory.u_data/din[51]
[WARNING DRT-0419] No routing tracks pass through the center of Term u_protected_memory.u_data/din[52]
[WARNING DRT-0419] No routing tracks pass through the center of Term u_protected_memory.u_data/din[53]
[WARNING DRT-0419] No routing tracks pass through the center of Term u_protected_memory.u_data/din[54]
[WARNING DRT-0419] No routing tracks pass through the center of Term u_protected_memory.u_data/din[55]
[WARNING DRT-0419] No routing tracks pass through the center of Term u_protected_memory.u_data/din[56]
[WARNING DRT-0419] No routing tracks pass through the center of Term u_protected_memory.u_data/din[57]
[WARNING DRT-0419] No routing tracks pass through the center of Term u_protected_memory.u_data/din[58]
[WARNING DRT-0419] No routing tracks pass through the center of Term u_protected_memory.u_data/din[59]
[WARNING DRT-0419] No routing tracks pass through the center of Term u_protected_memory.u_data/din[60]
[WARNING DRT-0419] No routing tracks pass through the center of Term u_protected_memory.u_data/din[61]
[WARNING DRT-0419] No routing tracks pass through the center of Term u_protected_memory.u_data/din[62]
[WARNING DRT-0419] No routing tracks pass through the center of Term u_protected_memory.u_data/din[63]
[WARNING DRT-0419] No routing tracks pass through the center of Term u_protected_memory.u_data/wmask[1]
[WARNING DRT-0419] No routing tracks pass through the center of Term u_protected_memory.u_data/wmask[2]
[WARNING DRT-0419] No routing tracks pass through the center of Term u_protected_memory.u_data/wmask[3]
[WARNING DRT-0419] No routing tracks pass through the center of Term u_protected_memory.u_data/wmask[4]
[WARNING DRT-0419] No routing tracks pass through the center of Term u_protected_memory.u_data/wmask[5]
[WARNING DRT-0419] No routing tracks pass through the center of Term u_protected_memory.u_data/wmask[6]
[WARNING DRT-0419] No routing tracks pass through the center of Term u_protected_memory.u_data/wmask[7]
[WARNING DRT-0418] Term u_protected_memory.u_ecc/dout[0] has no pins on routing grid
[WARNING DRT-0418] Term u_protected_memory.u_ecc/dout[1] has no pins on routing grid
[WARNING DRT-0418] Term u_protected_memory.u_ecc/dout[2] has no pins on routing grid
[WARNING DRT-0418] Term u_protected_memory.u_ecc/dout[3] has no pins on routing grid
[WARNING DRT-0418] Term u_protected_memory.u_ecc/dout[4] has no pins on routing grid
[WARNING DRT-0418] Term u_protected_memory.u_ecc/dout[5] has no pins on routing grid
[WARNING DRT-0418] Term u_protected_memory.u_ecc/dout[6] has no pins on routing grid
[WARNING DRT-0418] Term u_protected_memory.u_ecc/dout[7] has no pins on routing grid
[WARNING DRT-0419] No routing tracks pass through the center of Term u_protected_memory.u_ecc/din[0]
[WARNING DRT-0419] No routing tracks pass through the center of Term u_protected_memory.u_ecc/din[1]
[WARNING DRT-0419] No routing tracks pass through the center of Term u_protected_memory.u_ecc/din[2]
[WARNING DRT-0418] Term u_protected_memory.u_ecc/din[3] has no pins on routing grid
[WARNING DRT-0418] Term u_protected_memory.u_ecc/din[4] has no pins on routing grid
[WARNING DRT-0418] Term u_protected_memory.u_ecc/din[5] has no pins on routing grid
[WARNING DRT-0418] Term u_protected_memory.u_ecc/din[6] has no pins on routing grid
[WARNING DRT-0418] Term u_protected_memory.u_ecc/din[7] has no pins on routing grid
[WARNING DRT-0419] No routing tracks pass through the center of Term u_protected_memory.u_ecc/wmask[0]
[WARNING DRT-0419] No routing tracks pass through the center of Term u_protected_memory.u_ecc/wmask[1]
[WARNING DRT-0419] No routing tracks pass through the center of Term u_protected_memory.u_ecc/wmask[2]
[WARNING DRT-0418] Term u_protected_memory.u_ecc/wmask[3] has no pins on routing grid
[WARNING DRT-0418] Term u_protected_memory.u_ecc/wmask[4] has no pins on routing grid
[WARNING DRT-0418] Term u_protected_memory.u_ecc/wmask[5] has no pins on routing grid
[WARNING DRT-0418] Term u_protected_memory.u_ecc/wmask[6] has no pins on routing grid
[WARNING DRT-0418] Term u_protected_memory.u_ecc/wmask[7] has no pins on routing grid
[INFO DRT-0167] List of default vias:
  Layer via
    default via: M1M2_PR
  Layer via2
    default via: M2M3_PR
  Layer via3
    default via: M3M4_PR
  Layer via4
    default via: M4M5_PR
[INFO DRT-0162] Library cell analysis.
[INFO DRT-0163] Instance analysis.
[INFO DRT-0164] Number of unique instances = 98.
[INFO DRT-0168] Init region query.
[INFO DRT-0024]   Complete FR_MASTERSLICE.
[INFO DRT-0024]   Complete Fr_VIA.
[INFO DRT-0024]   Complete li1.
[INFO DRT-0024]   Complete mcon.
[INFO DRT-0024]   Complete met1.
[INFO DRT-0024]   Complete via.
[INFO DRT-0024]   Complete met2.
[INFO DRT-0024]   Complete via2.
[INFO DRT-0024]   Complete met3.
[INFO DRT-0024]   Complete via3.
[INFO DRT-0024]   Complete met4.
[INFO DRT-0024]   Complete via4.
[INFO DRT-0024]   Complete met5.
[INFO DRT-0033] FR_MASTERSLICE shape region query size = 0.
[INFO DRT-0033] FR_VIA shape region query size = 0.
[INFO DRT-0033] li1 shape region query size = 47344.
[INFO DRT-0033] mcon shape region query size = 25092.
[INFO DRT-0033] met1 shape region query size = 17858.
[INFO DRT-0033] via shape region query size = 24330.
[INFO DRT-0033] met2 shape region query size = 22048.
[INFO DRT-0033] via2 shape region query size = 45597.
[INFO DRT-0033] met3 shape region query size = 29027.
[INFO DRT-0033] via3 shape region query size = 45281.
[INFO DRT-0033] met4 shape region query size = 11428.
[INFO DRT-0033] via4 shape region query size = 1676.
[INFO DRT-0033] met5 shape region query size = 1768.
[INFO DRT-0165] Start pin access.
[INFO DRT-0078]   Complete 902 pins.
[INFO DRT-0081]   Complete 96 unique inst patterns.
[INFO DRT-0084]   Complete 907 groups.
#scanned instances     = 5848
#unique  instances     = 98
#stdCellGenAp          = 2854
#stdCellValidPlanarAp  = 44
#stdCellValidViaAp     = 2049
#stdCellPinNoAp        = 0
#stdCellPinCnt         = 2838
#instTermValidViaApCnt = 0
#macroGenAp            = 553
#macroValidPlanarAp    = 452
#macroValidViaAp       = 0
#macroNoAp             = 0
[INFO DRT-0166] Complete pin access.
[INFO DRT-0267] cpu time = 00:00:56, elapsed time = 00:00:14, memory = 268.66 (MB), peak = 268.08 (MB)

[INFO DRT-0157] Number of guides:     8242

[INFO DRT-0169] Post process guides.
[INFO DRT-0176] GCELLGRID X 0 DO 144 STEP 6900 ;
[INFO DRT-0177] GCELLGRID Y 0 DO 94 STEP 6900 ;
[INFO DRT-0028]   Complete FR_MASTERSLICE.
[INFO DRT-0028]   Complete Fr_VIA.
[INFO DRT-0028]   Complete li1.
[INFO DRT-0028]   Complete mcon.
[INFO DRT-0028]   Complete met1.
[INFO DRT-0028]   Complete via.
[INFO DRT-0028]   Complete met2.
[INFO DRT-0028]   Complete via2.
[INFO DRT-0028]   Complete met3.
[INFO DRT-0028]   Complete via3.
[INFO DRT-0028]   Complete met4.
[INFO DRT-0028]   Complete via4.
[INFO DRT-0028]   Complete met5.
[INFO DRT-0178] Init guide query.
[INFO DRT-0035]   Complete FR_MASTERSLICE (guide).
[INFO DRT-0035]   Complete Fr_VIA (guide).
[INFO DRT-0035]   Complete li1 (guide).
[INFO DRT-0035]   Complete mcon (guide).
[INFO DRT-0035]   Complete met1 (guide).
[INFO DRT-0035]   Complete via (guide).
[INFO DRT-0035]   Complete met2 (guide).
[INFO DRT-0035]   Complete via2 (guide).
[INFO DRT-0035]   Complete met3 (guide).
[INFO DRT-0035]   Complete via3 (guide).
[INFO DRT-0035]   Complete met4 (guide).
[INFO DRT-0035]   Complete via4 (guide).
[INFO DRT-0035]   Complete met5 (guide).
[INFO DRT-0036] FR_MASTERSLICE guide region query size = 0.
[INFO DRT-0036] FR_VIA guide region query size = 0.
[INFO DRT-0036] li1 guide region query size = 2570.
[INFO DRT-0036] mcon guide region query size = 0.
[INFO DRT-0036] met1 guide region query size = 2427.
[INFO DRT-0036] via guide region query size = 0.
[INFO DRT-0036] met2 guide region query size = 1370.
[INFO DRT-0036] via2 guide region query size = 0.
[INFO DRT-0036] met3 guide region query size = 296.
[INFO DRT-0036] via3 guide region query size = 0.
[INFO DRT-0036] met4 guide region query size = 145.
[INFO DRT-0036] via4 guide region query size = 0.
[INFO DRT-0036] met5 guide region query size = 3.
[INFO DRT-0179] Init gr pin query.
[INFO DRT-0267] cpu time = 00:00:00, elapsed time = 00:00:00, memory = 271.04 (MB), peak = 270.58 (MB)
[INFO DRT-0245] skipped writing guide updates to database.
[INFO DRT-0181] Start track assignment.
[INFO DRT-0184] Done with 4085 vertical wires in 3 frboxes and 2726 horizontal wires in 2 frboxes.
[INFO DRT-0186] Done with 523 vertical wires in 3 frboxes and 739 horizontal wires in 2 frboxes.
[INFO DRT-0182] Complete track assignment.
[INFO DRT-0267] cpu time = 00:00:02, elapsed time = 00:00:01, memory = 307.58 (MB), peak = 327.03 (MB)
[INFO DRT-0187] Start routing data preparation.
[INFO DRT-0267] cpu time = 00:00:00, elapsed time = 00:00:00, memory = 307.58 (MB), peak = 327.03 (MB)
[INFO DRT-0194] Start detail routing.
[INFO DRT-0195] Start 0th optimization iteration.
    Completing 10% with 0 violations.
    elapsed time = 00:00:00, memory = 318.23 (MB).
    Completing 20% with 0 violations.
    elapsed time = 00:00:00, memory = 358.99 (MB).
    Completing 30% with 189 violations.
    elapsed time = 00:00:04, memory = 350.18 (MB).
    Completing 40% with 189 violations.
    elapsed time = 00:00:05, memory = 379.69 (MB).
    Completing 50% with 189 violations.
    elapsed time = 00:00:05, memory = 386.42 (MB).
    Completing 60% with 354 violations.
    elapsed time = 00:00:07, memory = 388.65 (MB).
    Completing 70% with 354 violations.
    elapsed time = 00:00:08, memory = 397.66 (MB).
    Completing 80% with 481 violations.
    elapsed time = 00:00:09, memory = 401.94 (MB).
    Completing 90% with 481 violations.
    elapsed time = 00:00:10, memory = 404.98 (MB).
    Completing 100% with 594 violations.
    elapsed time = 00:00:11, memory = 405.18 (MB).
[INFO DRT-0199]   Number of violations = 676.
Viol/Layer         li1   mcon   met1    via   met2   via2   met3   met4
Cut Spacing          0      1      0      0      0      0      0      0
Metal Spacing        0      0    115      0     34      0      2      1
Recheck              2      0     54      0     23      0      2      1
Short                0      0    409      1     22      1      8      0
[INFO DRT-0267] cpu time = 00:00:25, elapsed time = 00:00:12, memory = 740.30 (MB), peak = 740.01 (MB)
Total wire length = 80026 um.
Total wire length on LAYER li1 = 0 um.
Total wire length on LAYER met1 = 23657 um.
Total wire length on LAYER met2 = 45395 um.
Total wire length on LAYER met3 = 5133 um.
Total wire length on LAYER met4 = 5787 um.
Total wire length on LAYER met5 = 52 um.
Total number of vias = 6613.
Up-via summary (total 6613):

-----------------------
 FR_MASTERSLICE       0
            li1    2888
           met1    3190
           met2     317
           met3     212
           met4       6
-----------------------
               6613


[INFO DRT-0195] Start 1st optimization iteration.
    Completing 10% with 676 violations.
    elapsed time = 00:00:00, memory = 740.30 (MB).
    Completing 20% with 676 violations.
    elapsed time = 00:00:00, memory = 740.48 (MB).
    Completing 30% with 632 violations.
    elapsed time = 00:00:01, memory = 740.48 (MB).
    Completing 40% with 632 violations.
    elapsed time = 00:00:01, memory = 759.75 (MB).
    Completing 50% with 632 violations.
    elapsed time = 00:00:02, memory = 759.84 (MB).
    Completing 60% with 589 violations.
    elapsed time = 00:00:03, memory = 759.84 (MB).
    Completing 70% with 589 violations.
    elapsed time = 00:00:04, memory = 763.52 (MB).
    Completing 80% with 514 violations.
    elapsed time = 00:00:06, memory = 763.52 (MB).
    Completing 90% with 514 violations.
    elapsed time = 00:00:07, memory = 763.52 (MB).
    Completing 100% with 364 violations.
    elapsed time = 00:00:11, memory = 763.52 (MB).
[INFO DRT-0199]   Number of violations = 364.
Viol/Layer        mcon   met1   met2   met3
Cut Spacing          2      0      0      0
Metal Spacing        0     96     13      0
Short                0    231     21      1
[INFO DRT-0267] cpu time = 00:00:25, elapsed time = 00:00:12, memory = 766.52 (MB), peak = 766.01 (MB)
Total wire length = 79742 um.
Total wire length on LAYER li1 = 0 um.
Total wire length on LAYER met1 = 23512 um.
Total wire length on LAYER met2 = 45252 um.
Total wire length on LAYER met3 = 5138 um.
Total wire length on LAYER met4 = 5805 um.
Total wire length on LAYER met5 = 33 um.
Total number of vias = 6540.
Up-via summary (total 6540):

-----------------------
 FR_MASTERSLICE       0
            li1    2884
           met1    3127
           met2     312
           met3     211
           met4       6
-----------------------
               6540


[INFO DRT-0195] Start 2nd optimization iteration.
    Completing 10% with 364 violations.
    elapsed time = 00:00:00, memory = 766.52 (MB).
    Completing 20% with 364 violations.
    elapsed time = 00:00:00, memory = 772.40 (MB).
    Completing 30% with 364 violations.
    elapsed time = 00:00:00, memory = 772.40 (MB).
    Completing 40% with 364 violations.
    elapsed time = 00:00:01, memory = 789.09 (MB).
    Completing 50% with 364 violations.
    elapsed time = 00:00:02, memory = 772.40 (MB).
    Completing 60% with 362 violations.
    elapsed time = 00:00:02, memory = 772.40 (MB).
    Completing 70% with 362 violations.
    elapsed time = 00:00:03, memory = 772.40 (MB).
    Completing 80% with 341 violations.
    elapsed time = 00:00:04, memory = 772.40 (MB).
    Completing 90% with 341 violations.
    elapsed time = 00:00:05, memory = 798.18 (MB).
    Completing 100% with 290 violations.
    elapsed time = 00:00:12, memory = 772.40 (MB).
[INFO DRT-0199]   Number of violations = 290.
Viol/Layer        mcon   met1   met2   met3
Cut Spacing          5      0      0      0
Metal Spacing        0     78      9      1
Short                0    197      0      0
[INFO DRT-0267] cpu time = 00:00:22, elapsed time = 00:00:12, memory = 772.40 (MB), peak = 797.80 (MB)
Total wire length = 79590 um.
Total wire length on LAYER li1 = 0 um.
Total wire length on LAYER met1 = 23498 um.
Total wire length on LAYER met2 = 45254 um.
Total wire length on LAYER met3 = 5125 um.
Total wire length on LAYER met4 = 5684 um.
Total wire length on LAYER met5 = 27 um.
Total number of vias = 6417.
Up-via summary (total 6417):

-----------------------
 FR_MASTERSLICE       0
            li1    2883
           met1    3048
           met2     288
           met3     194
           met4       4
-----------------------
               6417


[INFO DRT-0195] Start 3rd optimization iteration.
    Completing 10% with 290 violations.
    elapsed time = 00:00:00, memory = 772.40 (MB).
    Completing 20% with 290 violations.
    elapsed time = 00:00:01, memory = 780.25 (MB).
    Completing 30% with 185 violations.
    elapsed time = 00:00:07, memory = 789.59 (MB).
    Completing 40% with 185 violations.
    elapsed time = 00:00:07, memory = 789.59 (MB).
    Completing 50% with 185 violations.
    elapsed time = 00:00:07, memory = 789.59 (MB).
    Completing 60% with 115 violations.
    elapsed time = 00:00:13, memory = 789.59 (MB).
    Completing 70% with 115 violations.
    elapsed time = 00:00:14, memory = 789.59 (MB).
    Completing 80% with 68 violations.
    elapsed time = 00:00:15, memory = 789.59 (MB).
    Completing 90% with 68 violations.
    elapsed time = 00:00:15, memory = 789.59 (MB).
    Completing 100% with 18 violations.
    elapsed time = 00:00:19, memory = 792.81 (MB).
[INFO DRT-0199]   Number of violations = 18.
Viol/Layer        met1   met2
Metal Spacing        8      1
Short                5      4
[INFO DRT-0267] cpu time = 00:00:32, elapsed time = 00:00:19, memory = 792.81 (MB), peak = 797.80 (MB)
Total wire length = 79608 um.
Total wire length on LAYER li1 = 0 um.
Total wire length on LAYER met1 = 22679 um.
Total wire length on LAYER met2 = 45305 um.
Total wire length on LAYER met3 = 5898 um.
Total wire length on LAYER met4 = 5671 um.
Total wire length on LAYER met5 = 53 um.
Total number of vias = 6564.
Up-via summary (total 6564):

-----------------------
 FR_MASTERSLICE       0
            li1    2884
           met1    3118
           met2     364
           met3     194
           met4       4
-----------------------
               6564


[INFO DRT-0195] Start 4th guides tiles iteration.
    Completing 10% with 18 violations.
    elapsed time = 00:00:00, memory = 792.81 (MB).
    Completing 30% with 18 violations.
    elapsed time = 00:00:00, memory = 792.81 (MB).
    Completing 50% with 18 violations.
    elapsed time = 00:00:00, memory = 792.81 (MB).
    Completing 60% with 18 violations.
    elapsed time = 00:00:00, memory = 792.81 (MB).
    Completing 80% with 4 violations.
    elapsed time = 00:00:00, memory = 792.81 (MB).
    Completing 100% with 0 violations.
    elapsed time = 00:00:00, memory = 792.81 (MB).
[INFO DRT-0199]   Number of violations = 0.
[INFO DRT-0267] cpu time = 00:00:01, elapsed time = 00:00:00, memory = 792.81 (MB), peak = 797.80 (MB)
Total wire length = 79604 um.
Total wire length on LAYER li1 = 0 um.
Total wire length on LAYER met1 = 22533 um.
Total wire length on LAYER met2 = 45295 um.
Total wire length on LAYER met3 = 6050 um.
Total wire length on LAYER met4 = 5671 um.
Total wire length on LAYER met5 = 53 um.
Total number of vias = 6548.
Up-via summary (total 6548):

-----------------------
 FR_MASTERSLICE       0
            li1    2884
           met1    3108
           met2     358
           met3     194
           met4       4
-----------------------
               6548


[INFO DRT-0198] Complete detail routing.
Total wire length = 79604 um.
Total wire length on LAYER li1 = 0 um.
Total wire length on LAYER met1 = 22533 um.
Total wire length on LAYER met2 = 45295 um.
Total wire length on LAYER met3 = 6050 um.
Total wire length on LAYER met4 = 5671 um.
Total wire length on LAYER met5 = 53 um.
Total number of vias = 6548.
Up-via summary (total 6548):

-----------------------
 FR_MASTERSLICE       0
            li1    2884
           met1    3108
           met2     358
           met3     194
           met4       4
-----------------------
               6548


[INFO DRT-0267] cpu time = 00:01:47, elapsed time = 00:00:57, memory = 792.87 (MB), peak = 797.80 (MB)

[INFO DRT-0180] Post processing.
[INFO DRT-0501] Runtime: 75.67s
Took 74 seconds: detailed_route -output_drc /work/campaigns/iscas_sustainability_extension/memory_compiler/gate3_attempt08_sram22_slew_provenance_and_drv_closure/raw/openroad/work/reports/sky130hd/attempt08_e0/seed13/5_route_drc.rpt -output_maze /work/campaigns/iscas_sustainability_extension/memory_compiler/gate3_attempt08_sram22_slew_provenance_and_drv_closure/raw/openroad/work/results/sky130hd/attempt08_e0/seed13/maze.log -droute_end_iter 64 -verbose 1 -drc_report_iter_step 5
[INFO GRT-0012] Found 4 antenna violations.
[INFO DPL-0006] Core area: 615627.94 um^2
[INFO DPL-0007] Movable instances area: 7.51 um^2
[INFO DPL-0008] Fixed instances area within core: 275750.10 um^2
[INFO DPL-0009] Utilization: 44.8%
[INFO DPL-0005] Diamond search max displacement: +/- 500 sites horizontally, +/- 100 rows vertically.
[INFO DPL-1102] Legalizing using negotiation legalizer.
[INFO DPL-1103] Negotiation base search window: +/-20 sites horizontally, +/-5 rows vertically 
	Automatic search window extension enabled.
	Search window extendable up to the max displacement cap of +/-500 sites, +/-100 rows near walls.
[INFO DPL-1104] NegotiationLegalizer DRC penalty: 5.
[INFO DPL-0392] Negotiation cell height distribution (3 unique row-count(s)):
[INFO DPL-0393]   height 1 row(s): 5851 cells
[INFO DPL-0393]   height 83 row(s): 1 cells
[INFO DPL-0393]   height 108 row(s): 1 cells
[INFO DPL-0500] Runtime: 0.04s
[INFO GRT-0015] Inserted 5 diodes.
[INFO DRT-0024]   Complete FR_MASTERSLICE.
[INFO DRT-0024]   Complete Fr_VIA.
[INFO DRT-0024]   Complete li1.
[INFO DRT-0024]   Complete mcon.
[INFO DRT-0024]   Complete met1.
[INFO DRT-0024]   Complete via.
[INFO DRT-0024]   Complete met2.
[INFO DRT-0024]   Complete via2.
[INFO DRT-0024]   Complete met3.
[INFO DRT-0024]   Complete via3.
[INFO DRT-0024]   Complete met4.
[INFO DRT-0024]   Complete via4.
[INFO DRT-0024]   Complete met5.
[INFO DRT-0165] Start pin access.
[INFO DRT-0078]   Complete 902 pins.
[INFO DRT-0081]   Complete 96 unique inst patterns.
[INFO DRT-0084]   Complete 910 groups.
#scanned instances     = 5853
#unique  instances     = 98
#stdCellGenAp          = 2854
#stdCellValidPlanarAp  = 44
#stdCellValidViaAp     = 2049
#stdCellPinNoAp        = 0
#stdCellPinCnt         = 2838
#instTermValidViaApCnt = 0
#macroGenAp            = 553
#macroValidPlanarAp    = 452
#macroValidViaAp       = 0
#macroNoAp             = 0
[INFO DRT-0166] Complete pin access.
[INFO DRT-0267] cpu time = 00:01:00, elapsed time = 00:00:18, memory = 700.77 (MB), peak = 797.80 (MB)

[INFO DRT-0157] Number of guides:     8227

[INFO DRT-0169] Post process guides.
[INFO DRT-0176] GCELLGRID X 0 DO 144 STEP 6900 ;
[INFO DRT-0177] GCELLGRID Y 0 DO 94 STEP 6900 ;
[INFO DRT-0028]   Complete FR_MASTERSLICE.
[INFO DRT-0028]   Complete Fr_VIA.
[INFO DRT-0028]   Complete li1.
[INFO DRT-0028]   Complete mcon.
[INFO DRT-0028]   Complete met1.
[INFO DRT-0028]   Complete via.
[INFO DRT-0028]   Complete met2.
[INFO DRT-0028]   Complete via2.
[INFO DRT-0028]   Complete met3.
[INFO DRT-0028]   Complete via3.
[INFO DRT-0028]   Complete met4.
[INFO DRT-0028]   Complete via4.
[INFO DRT-0028]   Complete met5.
[INFO DRT-0178] Init guide query.
[INFO DRT-0035]   Complete FR_MASTERSLICE (guide).
[INFO DRT-0035]   Complete Fr_VIA (guide).
[INFO DRT-0035]   Complete li1 (guide).
[INFO DRT-0035]   Complete mcon (guide).
[INFO DRT-0035]   Complete met1 (guide).
[INFO DRT-0035]   Complete via (guide).
[INFO DRT-0035]   Complete met2 (guide).
[INFO DRT-0035]   Complete via2 (guide).
[INFO DRT-0035]   Complete met3 (guide).
[INFO DRT-0035]   Complete via3 (guide).
[INFO DRT-0035]   Complete met4 (guide).
[INFO DRT-0035]   Complete via4 (guide).
[INFO DRT-0035]   Complete met5 (guide).
[INFO DRT-0036] FR_MASTERSLICE guide region query size = 0.
[INFO DRT-0036] FR_VIA guide region query size = 0.
[INFO DRT-0036] li1 guide region query size = 2573.
[INFO DRT-0036] mcon guide region query size = 0.
[INFO DRT-0036] met1 guide region query size = 2431.
[INFO DRT-0036] via guide region query size = 0.
[INFO DRT-0036] met2 guide region query size = 1366.
[INFO DRT-0036] via2 guide region query size = 0.
[INFO DRT-0036] met3 guide region query size = 289.
[INFO DRT-0036] via3 guide region query size = 0.
[INFO DRT-0036] met4 guide region query size = 140.
[INFO DRT-0036] via4 guide region query size = 0.
[INFO DRT-0036] met5 guide region query size = 2.
[INFO DRT-0179] Init gr pin query.
[INFO DRT-0267] cpu time = 00:00:00, elapsed time = 00:00:00, memory = 700.77 (MB), peak = 797.80 (MB)
[INFO DRT-0245] skipped writing guide updates to database.
[INFO DRT-0181] Start track assignment.
[INFO DRT-0184] Done with 4079 vertical wires in 3 frboxes and 2722 horizontal wires in 2 frboxes.
[INFO DRT-0186] Done with 509 vertical wires in 3 frboxes and 738 horizontal wires in 2 frboxes.
[INFO DRT-0182] Complete track assignment.
[INFO DRT-0267] cpu time = 00:00:02, elapsed time = 00:00:01, memory = 700.86 (MB), peak = 797.80 (MB)
[INFO DRT-0187] Start routing data preparation.
[INFO DRT-0267] cpu time = 00:00:00, elapsed time = 00:00:00, memory = 700.86 (MB), peak = 797.80 (MB)
[INFO DRT-0194] Start detail routing.
[INFO DRT-0195] Start 0th optimization iteration.
    Completing 10% with 0 violations.
    elapsed time = 00:00:00, memory = 700.86 (MB).
    Completing 20% with 0 violations.
    elapsed time = 00:00:00, memory = 700.86 (MB).
    Completing 30% with 12 violations.
    elapsed time = 00:00:01, memory = 700.86 (MB).
    Completing 40% with 12 violations.
    elapsed time = 00:00:01, memory = 700.86 (MB).
    Completing 50% with 12 violations.
    elapsed time = 00:00:02, memory = 700.86 (MB).
    Completing 60% with 16 violations.
    elapsed time = 00:00:02, memory = 700.86 (MB).
    Completing 70% with 16 violations.
    elapsed time = 00:00:03, memory = 700.86 (MB).
    Completing 80% with 18 violations.
    elapsed time = 00:00:03, memory = 700.86 (MB).
    Completing 90% with 18 violations.
    elapsed time = 00:00:04, memory = 700.86 (MB).
    Completing 100% with 21 violations.
    elapsed time = 00:00:04, memory = 700.86 (MB).
[INFO DRT-0199]   Number of violations = 23.
Viol/Layer        met1   met3
Metal Spacing        2      0
Recheck              1      1
Short               18      1
[INFO DRT-0267] cpu time = 00:00:10, elapsed time = 00:00:05, memory = 821.18 (MB), peak = 820.80 (MB)
Total wire length = 79629 um.
Total wire length on LAYER li1 = 0 um.
Total wire length on LAYER met1 = 22892 um.
Total wire length on LAYER met2 = 45443 um.
Total wire length on LAYER met3 = 5706 um.
Total wire length on LAYER met4 = 5534 um.
Total wire length on LAYER met5 = 53 um.
Total number of vias = 6557.
Up-via summary (total 6557):

-----------------------
 FR_MASTERSLICE       0
            li1    2891
           met1    3121
           met2     352
           met3     189
           met4       4
-----------------------
               6557


[INFO DRT-0195] Start 1st optimization iteration.
    Completing 10% with 23 violations.
    elapsed time = 00:00:00, memory = 821.18 (MB).
    Completing 20% with 23 violations.
    elapsed time = 00:00:00, memory = 821.18 (MB).
    Completing 30% with 10 violations.
    elapsed time = 00:00:01, memory = 821.18 (MB).
    Completing 40% with 10 violations.
    elapsed time = 00:00:01, memory = 821.18 (MB).
    Completing 50% with 10 violations.
    elapsed time = 00:00:02, memory = 821.18 (MB).
    Completing 60% with 9 violations.
    elapsed time = 00:00:02, memory = 821.18 (MB).
    Completing 70% with 9 violations.
    elapsed time = 00:00:02, memory = 821.18 (MB).
    Completing 80% with 5 violations.
    elapsed time = 00:00:03, memory = 821.18 (MB).
    Completing 90% with 5 violations.
    elapsed time = 00:00:03, memory = 821.18 (MB).
    Completing 100% with 3 violations.
    elapsed time = 00:00:04, memory = 821.18 (MB).
[INFO DRT-0199]   Number of violations = 3.
Viol/Layer        met1
Short                3
[INFO DRT-0267] cpu time = 00:00:09, elapsed time = 00:00:04, memory = 821.18 (MB), peak = 820.80 (MB)
Total wire length = 79622 um.
Total wire length on LAYER li1 = 0 um.
Total wire length on LAYER met1 = 22863 um.
Total wire length on LAYER met2 = 45443 um.
Total wire length on LAYER met3 = 5733 um.
Total wire length on LAYER met4 = 5527 um.
Total wire length on LAYER met5 = 53 um.
Total number of vias = 6554.
Up-via summary (total 6554):

-----------------------
 FR_MASTERSLICE       0
            li1    2891
           met1    3117
           met2     352
           met3     190
           met4       4
-----------------------
               6554


[INFO DRT-0195] Start 2nd optimization iteration.
    Completing 10% with 3 violations.
    elapsed time = 00:00:00, memory = 821.18 (MB).
    Completing 20% with 3 violations.
    elapsed time = 00:00:00, memory = 821.18 (MB).
    Completing 30% with 4 violations.
    elapsed time = 00:00:00, memory = 821.18 (MB).
    Completing 40% with 4 violations.
    elapsed time = 00:00:00, memory = 821.18 (MB).
    Completing 50% with 4 violations.
    elapsed time = 00:00:00, memory = 821.18 (MB).
    Completing 60% with 4 violations.
    elapsed time = 00:00:00, memory = 697.98 (MB).
    Completing 70% with 4 violations.
    elapsed time = 00:00:00, memory = 697.98 (MB).
    Completing 80% with 4 violations.
    elapsed time = 00:00:00, memory = 697.98 (MB).
    Completing 90% with 4 violations.
    elapsed time = 00:00:00, memory = 697.98 (MB).
    Completing 100% with 4 violations.
    elapsed time = 00:00:00, memory = 697.98 (MB).
[INFO DRT-0199]   Number of violations = 4.
Viol/Layer        met1
Short                4
[INFO DRT-0267] cpu time = 00:00:01, elapsed time = 00:00:00, memory = 821.18 (MB), peak = 820.80 (MB)
Total wire length = 79623 um.
Total wire length on LAYER li1 = 0 um.
Total wire length on LAYER met1 = 22864 um.
Total wire length on LAYER met2 = 45443 um.
Total wire length on LAYER met3 = 5733 um.
Total wire length on LAYER met4 = 5527 um.
Total wire length on LAYER met5 = 53 um.
Total number of vias = 6554.
Up-via summary (total 6554):

-----------------------
 FR_MASTERSLICE       0
            li1    2891
           met1    3117
           met2     352
           met3     190
           met4       4
-----------------------
               6554


[INFO DRT-0195] Start 3rd guides tiles iteration.
    Completing 100% with 0 violations.
    elapsed time = 00:00:00, memory = 821.18 (MB).
[INFO DRT-0199]   Number of violations = 0.
[INFO DRT-0267] cpu time = 00:00:00, elapsed time = 00:00:00, memory = 700.99 (MB), peak = 820.87 (MB)
Total wire length = 79619 um.
Total wire length on LAYER li1 = 0 um.
Total wire length on LAYER met1 = 22708 um.
Total wire length on LAYER met2 = 45445 um.
Total wire length on LAYER met3 = 5883 um.
Total wire length on LAYER met4 = 5527 um.
Total wire length on LAYER met5 = 53 um.
Total number of vias = 6558.
Up-via summary (total 6558):

-----------------------
 FR_MASTERSLICE       0
            li1    2891
           met1    3119
           met2     354
           met3     190
           met4       4
-----------------------
               6558


[INFO DRT-0198] Complete detail routing.
Total wire length = 79619 um.
Total wire length on LAYER li1 = 0 um.
Total wire length on LAYER met1 = 22708 um.
Total wire length on LAYER met2 = 45445 um.
Total wire length on LAYER met3 = 5883 um.
Total wire length on LAYER met4 = 5527 um.
Total wire length on LAYER met5 = 53 um.
Total number of vias = 6558.
Up-via summary (total 6558):

-----------------------
 FR_MASTERSLICE       0
            li1    2891
           met1    3119
           met2     354
           met3     190
           met4       4
-----------------------
               6558


[INFO DRT-0267] cpu time = 00:00:21, elapsed time = 00:00:10, memory = 700.99 (MB), peak = 820.87 (MB)

[INFO DRT-0180] Post processing.
[INFO DRT-0501] Runtime: 31.21s
[INFO ANT-0002] Found 0 net violations.
[INFO ANT-0001] Found 0 pin violations.
[INFO ANT-0002] Found 0 net violations.
[INFO ANT-0001] Found 0 pin violations.
Design area 275758 um^2 45% utilization.
write_db /work/campaigns/iscas_sustainability_extension/memory_compiler/gate3_attempt08_sram22_slew_provenance_and_drv_closure/raw/openroad/work/results/sky130hd/attempt08_e0/seed13/5_2_route.odb
Elapsed time: 1:50.89[h:]min:sec. CPU time: user 253.30 sys 3.64 (231%). Peak memory: 840572KB.
Log                       Ext     Elapsed/s Peak Memory/MB sha1sum result [0:20)
5_2_route                 .odb          110            820 3821e1f8c379c665fd98
