vcd           142
input        2414
unannotated   300
Unannotated pins:
 green_v33_activity_root_000
 green_v33_activity_root_001
 green_v33_activity_root_002
 green_v33_activity_root_003
 green_v33_activity_root_004
 green_v33_activity_root_005
 green_v33_activity_root_006
 green_v33_activity_root_007
 green_v33_activity_root_008
 green_v33_activity_root_009
 green_v33_activity_root_010
 green_v33_activity_root_011
 green_v33_activity_root_012
 green_v33_activity_root_013
 green_v33_activity_root_014
 green_v33_activity_root_015
 green_v33_activity_root_016
 green_v33_activity_root_017
 green_v33_activity_root_018
 green_v33_activity_root_019
 green_v33_activity_root_020
 green_v33_activity_root_021
 green_v33_activity_root_022
 green_v33_activity_root_023
 green_v33_activity_root_024
 green_v33_activity_root_025
 green_v33_activity_root_026
 green_v33_activity_root_027
 green_v33_activity_root_028
 green_v33_activity_root_029
 green_v33_activity_root_030
 green_v33_activity_root_031
 green_v33_activity_root_032
 green_v33_activity_root_033
 green_v33_activity_root_034
 green_v33_activity_root_035
 green_v33_activity_root_036
 green_v33_activity_root_037
 green_v33_activity_root_038
 green_v33_activity_root_039
 green_v33_activity_root_040
 green_v33_activity_root_041
 green_v33_activity_root_042
 green_v33_activity_root_043
 green_v33_activity_root_044
 green_v33_activity_root_045
 green_v33_activity_root_046
 green_v33_activity_root_047
 green_v33_activity_root_048
 green_v33_activity_root_049
 green_v33_activity_root_050
 green_v33_activity_root_051
 green_v33_activity_root_052
 green_v33_activity_root_053
 green_v33_activity_root_054
 green_v33_activity_root_055
 green_v33_activity_root_056
 green_v33_activity_root_057
 green_v33_activity_root_058
 green_v33_activity_root_059
 green_v33_activity_root_060
 green_v33_activity_root_061
 green_v33_activity_root_062
 green_v33_activity_root_063
 green_v33_activity_root_064
 green_v33_activity_root_065
 green_v33_activity_root_066
 green_v33_activity_root_067
 green_v33_activity_root_068
 green_v33_activity_root_069
 green_v33_activity_root_070
 green_v33_activity_root_071
 ANTENNA_1/DIODE
 ANTENNA_10/DIODE
 ANTENNA_11/DIODE
 ANTENNA_12/DIODE
 ANTENNA_13/DIODE
 ANTENNA_14/DIODE
 ANTENNA_15/DIODE
 ANTENNA_16/DIODE
 ANTENNA_17/DIODE
 ANTENNA_18/DIODE
 ANTENNA_19/DIODE
 ANTENNA_2/DIODE
 ANTENNA_20/DIODE
 ANTENNA_21/DIODE
 ANTENNA_22/DIODE
 ANTENNA_23/DIODE
 ANTENNA_24/DIODE
 ANTENNA_25/DIODE
 ANTENNA_26/DIODE
 ANTENNA_27/DIODE
 ANTENNA_28/DIODE
 ANTENNA_29/DIODE
 ANTENNA_3/DIODE
 ANTENNA_30/DIODE
 ANTENNA_31/DIODE
 ANTENNA_32/DIODE
 ANTENNA_33/DIODE
 ANTENNA_34/DIODE
 ANTENNA_35/DIODE
 ANTENNA_4/DIODE
 ANTENNA_5/DIODE
 ANTENNA_6/DIODE
 ANTENNA_7/DIODE
 ANTENNA_8/DIODE
 ANTENNA_9/DIODE
 clkload0/Y
 u_data/addr[0]
 u_data/addr[1]
 u_data/addr[2]
 u_data/addr[3]
 u_data/addr[4]
 u_data/addr[5]
 u_data/addr[6]
 u_data/addr[7]
 u_data/din[0]
 u_data/din[10]
 u_data/din[11]
 u_data/din[12]
 u_data/din[13]
 u_data/din[14]
 u_data/din[15]
 u_data/din[16]
 u_data/din[17]
 u_data/din[18]
 u_data/din[19]
 u_data/din[1]
 u_data/din[20]
 u_data/din[21]
 u_data/din[22]
 u_data/din[23]
 u_data/din[24]
 u_data/din[25]
 u_data/din[26]
 u_data/din[27]
 u_data/din[28]
 u_data/din[29]
 u_data/din[2]
 u_data/din[30]
 u_data/din[31]
 u_data/din[32]
 u_data/din[33]
 u_data/din[34]
 u_data/din[35]
 u_data/din[36]
 u_data/din[37]
 u_data/din[38]
 u_data/din[39]
 u_data/din[3]
 u_data/din[40]
 u_data/din[41]
 u_data/din[42]
 u_data/din[43]
 u_data/din[44]
 u_data/din[45]
 u_data/din[46]
 u_data/din[47]
 u_data/din[48]
 u_data/din[49]
 u_data/din[4]
 u_data/din[50]
 u_data/din[51]
 u_data/din[52]
 u_data/din[53]
 u_data/din[54]
 u_data/din[55]
 u_data/din[56]
 u_data/din[57]
 u_data/din[58]
 u_data/din[59]
 u_data/din[5]
 u_data/din[60]
 u_data/din[61]
 u_data/din[62]
 u_data/din[63]
 u_data/din[6]
 u_data/din[7]
 u_data/din[8]
 u_data/din[9]
 u_data/dout[0]
 u_data/dout[10]
 u_data/dout[11]
 u_data/dout[12]
 u_data/dout[13]
 u_data/dout[14]
 u_data/dout[15]
 u_data/dout[16]
 u_data/dout[17]
 u_data/dout[18]
 u_data/dout[19]
 u_data/dout[1]
 u_data/dout[20]
 u_data/dout[21]
 u_data/dout[22]
 u_data/dout[23]
 u_data/dout[24]
 u_data/dout[25]
 u_data/dout[26]
 u_data/dout[27]
 u_data/dout[28]
 u_data/dout[29]
 u_data/dout[2]
 u_data/dout[30]
 u_data/dout[31]
 u_data/dout[32]
 u_data/dout[33]
 u_data/dout[34]
 u_data/dout[35]
 u_data/dout[36]
 u_data/dout[37]
 u_data/dout[38]
 u_data/dout[39]
 u_data/dout[3]
 u_data/dout[40]
 u_data/dout[41]
 u_data/dout[42]
 u_data/dout[43]
 u_data/dout[44]
 u_data/dout[45]
 u_data/dout[46]
 u_data/dout[47]
 u_data/dout[48]
 u_data/dout[49]
 u_data/dout[4]
 u_data/dout[50]
 u_data/dout[51]
 u_data/dout[52]
 u_data/dout[53]
 u_data/dout[54]
 u_data/dout[55]
 u_data/dout[56]
 u_data/dout[57]
 u_data/dout[58]
 u_data/dout[59]
 u_data/dout[5]
 u_data/dout[60]
 u_data/dout[61]
 u_data/dout[62]
 u_data/dout[63]
 u_data/dout[6]
 u_data/dout[7]
 u_data/dout[8]
 u_data/dout[9]
 u_data/wmask[0]
 u_data/wmask[1]
 u_data/wmask[2]
 u_data/wmask[3]
 u_data/wmask[4]
 u_data/wmask[5]
 u_data/wmask[6]
 u_data/wmask[7]
 u_data_1/LO
 u_data_2/LO
 u_data_3/LO
 u_data_4/LO
 u_data_5/LO
 u_data_6/LO
 u_data_7/LO
 u_data_8/LO
 u_ecc0/addr[0]
 u_ecc0/addr[1]
 u_ecc0/addr[2]
 u_ecc0/addr[3]
 u_ecc0/addr[4]
 u_ecc0/addr[5]
 u_ecc0/addr[6]
 u_ecc0/addr[7]
 u_ecc0/din[0]
 u_ecc0/din[1]
 u_ecc0/din[2]
 u_ecc0/din[3]
 u_ecc0/din[4]
 u_ecc0/din[5]
 u_ecc0/din[6]
 u_ecc0/din[7]
 u_ecc0/dout[0]
 u_ecc0/dout[1]
 u_ecc0/dout[2]
 u_ecc0/dout[3]
 u_ecc0/dout[4]
 u_ecc0/dout[5]
 u_ecc0/dout[6]
 u_ecc0/dout[7]
 u_ecc0/wmask[0]
 u_ecc0/wmask[1]
 u_ecc0/wmask[2]
 u_ecc0/wmask[3]
 u_ecc0/wmask[4]
 u_ecc0/wmask[5]
 u_ecc0/wmask[6]
 u_ecc0/wmask[7]
 u_ecc0_10/LO
 u_ecc0_11/LO
 u_ecc0_12/LO
 u_ecc0_13/LO
 u_ecc0_14/LO
 u_ecc0_15/LO
 u_ecc0_16/LO
 u_ecc0_9/LO
