vcd           296
unannotated   312
Unannotated pins:
 hold149/A
 hold149/X
 hold150/A
 hold150/X
 hold151/A
 hold151/X
 hold152/A
 hold152/X
 hold153/A
 hold153/X
 hold154/A
 hold154/X
 hold155/A
 hold155/X
 hold156/A
 hold156/X
 input1/A
 input1/X
 input10/A
 input10/X
 input11/A
 input11/X
 input12/A
 input12/X
 input13/A
 input13/X
 input14/A
 input14/X
 input15/A
 input15/X
 input16/A
 input16/X
 input17/A
 input17/X
 input18/A
 input18/X
 input19/A
 input19/X
 input2/A
 input2/X
 input20/A
 input20/X
 input21/A
 input21/X
 input22/A
 input22/X
 input23/A
 input23/X
 input24/A
 input24/X
 input25/A
 input25/X
 input26/A
 input26/X
 input27/A
 input27/X
 input28/A
 input28/X
 input29/A
 input29/X
 input3/A
 input3/X
 input30/A
 input30/X
 input31/A
 input31/X
 input32/A
 input32/X
 input33/A
 input33/X
 input34/A
 input34/X
 input35/A
 input35/X
 input36/A
 input36/X
 input37/A
 input37/X
 input38/A
 input38/X
 input39/A
 input39/X
 input4/A
 input4/X
 input40/A
 input40/X
 input41/A
 input41/X
 input42/A
 input42/X
 input43/A
 input43/X
 input44/A
 input44/X
 input45/A
 input45/X
 input46/A
 input46/X
 input47/A
 input47/X
 input48/A
 input48/X
 input49/A
 input49/X
 input5/A
 input5/X
 input50/A
 input50/X
 input51/A
 input51/X
 input52/A
 input52/X
 input53/A
 input53/X
 input54/A
 input54/X
 input55/A
 input55/X
 input56/A
 input56/X
 input57/A
 input57/X
 input58/A
 input58/X
 input59/A
 input59/X
 input6/A
 input6/X
 input60/A
 input60/X
 input61/A
 input61/X
 input62/A
 input62/X
 input63/A
 input63/X
 input64/A
 input64/X
 input65/A
 input65/X
 input66/A
 input66/X
 input67/A
 input67/X
 input68/A
 input68/X
 input69/A
 input69/X
 input7/A
 input7/X
 input70/A
 input70/X
 input71/A
 input71/X
 input72/A
 input72/X
 input73/A
 input73/X
 input74/A
 input74/X
 input75/A
 input75/X
 input76/A
 input76/X
 input77/A
 input77/X
 input78/A
 input78/X
 input79/A
 input79/X
 input8/A
 input8/X
 input80/A
 input80/X
 input81/A
 input81/X
 input82/A
 input82/X
 input83/A
 input83/X
 input9/A
 input9/X
 output100/A
 output100/X
 output101/A
 output101/X
 output102/A
 output102/X
 output103/A
 output103/X
 output104/A
 output104/X
 output105/A
 output105/X
 output106/A
 output106/X
 output107/A
 output107/X
 output108/A
 output108/X
 output109/A
 output109/X
 output110/A
 output110/X
 output111/A
 output111/X
 output112/A
 output112/X
 output113/A
 output113/X
 output114/A
 output114/X
 output115/A
 output115/X
 output116/A
 output116/X
 output117/A
 output117/X
 output118/A
 output118/X
 output119/A
 output119/X
 output120/A
 output120/X
 output121/A
 output121/X
 output122/A
 output122/X
 output123/A
 output123/X
 output124/A
 output124/X
 output125/A
 output125/X
 output126/A
 output126/X
 output127/A
 output127/X
 output128/A
 output128/X
 output129/A
 output129/X
 output130/A
 output130/X
 output131/A
 output131/X
 output132/A
 output132/X
 output133/A
 output133/X
 output134/A
 output134/X
 output135/A
 output135/X
 output136/A
 output136/X
 output137/A
 output137/X
 output138/A
 output138/X
 output139/A
 output139/X
 output140/A
 output140/X
 output141/A
 output141/X
 output142/A
 output142/X
 output143/A
 output143/X
 output144/A
 output144/X
 output145/A
 output145/X
 output146/A
 output146/X
 output147/A
 output147/X
 output84/A
 output84/X
 output85/A
 output85/X
 output86/A
 output86/X
 output87/A
 output87/X
 output88/A
 output88/X
 output89/A
 output89/X
 output90/A
 output90/X
 output91/A
 output91/X
 output92/A
 output92/X
 output93/A
 output93/X
 output94/A
 output94/X
 output95/A
 output95/X
 output96/A
 output96/X
 output97/A
 output97/X
 output98/A
 output98/X
 output99/A
 output99/X
 wire148/A
 wire148/X
