OpenROAD 26Q3-1080-gab6fd26351 
Features included (+) or not (-): +GPU +GUI +Python
This program is licensed under the BSD-3 license. See the LICENSE file for details.
Components of this program may be licensed under more restrictive licenses which must be honored.
ATTEMPT08_ORIGINAL_SLEW_DETAIL_BEGIN design=e0 seed=11
ATTEMPT08_PATTERN u_protected_memory.u_data/dout[*]
u_protected_memory.u_data/dout[63] ^ 0.281853557:0.281855345 v 0.163343787:0.163317874
u_protected_memory.u_data/dout[62] ^ 0.357746214:0.357747674 v 0.205121979:0.205097079
u_protected_memory.u_data/dout[61] ^ 0.286454737:0.286456585 v 0.165171579:0.165147737
u_protected_memory.u_data/dout[60] ^ 0.263228923:0.263232142 v 0.153956428:0.153917447
u_protected_memory.u_data/dout[59] ^ 0.250694126:0.250696868 v 0.146302953:0.146269873
u_protected_memory.u_data/dout[58] ^ 0.284913599:0.284915417 v 0.164531529:0.164501891
u_protected_memory.u_data/dout[57] ^ 0.212799430:0.212799728 v 0.123569630:0.123552091
u_protected_memory.u_data/dout[56] ^ 0.265428931:0.265432268 v 0.155289531:0.155246362
u_protected_memory.u_data/dout[55] ^ 0.204921260:0.204920202 v 0.118358344:0.118311726
u_protected_memory.u_data/dout[54] ^ 0.256518930:0.256520212 v 0.149364263:0.149327204
u_protected_memory.u_data/dout[53] ^ 0.221308231:0.221307471 v 0.130067751:0.130044833
u_protected_memory.u_data/dout[52] ^ 0.219622329:0.219621554 v 0.127171606:0.127151400
u_protected_memory.u_data/dout[51] ^ 0.212827042:0.212827355 v 0.123637922:0.123620205
u_protected_memory.u_data/dout[50] ^ 0.184136733:0.184136212 v 0.107155122:0.107172310
u_protected_memory.u_data/dout[49] ^ 0.183937550:0.183937013 v 0.107049771:0.107066892
u_protected_memory.u_data/dout[48] ^ 0.165222645:0.165225342 v 0.096632116:0.096623741
u_protected_memory.u_data/dout[47] ^ 0.213443264:0.213443607 v 0.123698942:0.123682164
u_protected_memory.u_data/dout[46] ^ 0.177557915:0.177557200 v 0.103453301:0.103470393
u_protected_memory.u_data/dout[45] ^ 0.155358806:0.155369997 v 0.091146186:0.091129757
u_protected_memory.u_data/dout[44] ^ 0.173559889:0.173558235 v 0.101318918:0.101335116
u_protected_memory.u_data/dout[43] ^ 0.194301873:0.194300592 v 0.112167232:0.112184443
u_protected_memory.u_data/dout[42] ^ 0.194902465:0.194902241 v 0.112802863:0.112819053
u_protected_memory.u_data/dout[41] ^ 0.168264136:0.168263137 v 0.098232158:0.098239876
u_protected_memory.u_data/dout[40] ^ 0.174694702:0.174693897 v 0.102073185:0.102090187
u_protected_memory.u_data/dout[39] ^ 0.239912316:0.239914626 v 0.139601782:0.139574066
u_protected_memory.u_data/dout[38] ^ 0.176663116:0.176661521 v 0.103126936:0.103143208
u_protected_memory.u_data/dout[37] ^ 0.158754498:0.158766270 v 0.093293063:0.093276724
u_protected_memory.u_data/dout[36] ^ 0.210699379:0.210699633 v 0.122212671:0.122196048
u_protected_memory.u_data/dout[35] ^ 0.221171781:0.221171051 v 0.128972515:0.128950626
u_protected_memory.u_data/dout[34] ^ 0.219463885:0.219464377 v 0.128298149:0.128276810
u_protected_memory.u_data/dout[33] ^ 0.297638685:0.297638059 v 0.171152160:0.171127155
u_protected_memory.u_data/dout[32] ^ 0.223410651:0.223411277 v 0.130172431:0.130151331
u_protected_memory.u_data/dout[31] ^ 0.217367679:0.217366859 v 0.126884192:0.126865029
u_protected_memory.u_data/dout[30] ^ 0.206995919:0.206994891 v 0.119686916:0.119669445
u_protected_memory.u_data/dout[29] ^ 0.233312011:0.233312786 v 0.135902822:0.135876223
u_protected_memory.u_data/dout[28] ^ 0.153209716:0.153220996 v 0.090325378:0.090308867
u_protected_memory.u_data/dout[27] ^ 0.182581902:0.182581365 v 0.106162198:0.106179386
u_protected_memory.u_data/dout[26] ^ 0.224037558:0.224038213 v 0.130419254:0.130396694
u_protected_memory.u_data/dout[25] ^ 0.212810725:0.212809801 v 0.123790495:0.123772770
u_protected_memory.u_data/dout[24] ^ 0.188436389:0.188435987 v 0.109308444:0.109324694
u_protected_memory.u_data/dout[23] ^ 0.198949486:0.198949397 v 0.114979878:0.114997074
u_protected_memory.u_data/dout[22] ^ 0.177088976:0.177087381 v 0.103363119:0.103380106
u_protected_memory.u_data/dout[21] ^ 0.185857221:0.185856745 v 0.108082302:0.108099505
u_protected_memory.u_data/dout[20] ^ 0.165286571:0.165290058 v 0.096654914:0.096646488
u_protected_memory.u_data/dout[19] ^ 0.270615876:0.270617425 v 0.158094600:0.158052042
u_protected_memory.u_data/dout[18] ^ 0.225727603:0.225728273 v 0.131683588:0.131661564
u_protected_memory.u_data/dout[17] ^ 0.277382582:0.277382255 v 0.161232248:0.161190972
u_protected_memory.u_data/dout[16] ^ 0.326450139:0.326451749 v 0.187110618:0.187083796
u_protected_memory.u_data/dout[15] ^ 0.196237251:0.196234941 v 0.113518417:0.113535643
u_protected_memory.u_data/dout[14] ^ 0.233302191:0.233304352 v 0.136066288:0.136039674
u_protected_memory.u_data/dout[13] ^ 0.197568133:0.197568014 v 0.114086613:0.114103846
u_protected_memory.u_data/dout[12] ^ 0.218274489:0.218274981 v 0.126942858:0.126924038
u_protected_memory.u_data/dout[11] ^ 0.179130986:0.179129422 v 0.104458943:0.104475178
u_protected_memory.u_data/dout[10] ^ 0.243745968:0.243748412 v 0.141897365:0.141866326
u_protected_memory.u_data/dout[9] ^ 0.216112435:0.216112867 v 0.125772014:0.125754088
u_protected_memory.u_data/dout[8] ^ 0.237317473:0.237319678 v 0.138352275:0.138325259
u_protected_memory.u_data/dout[7] ^ 0.216768682:0.216767862 v 0.126155317:0.126137123
u_protected_memory.u_data/dout[6] ^ 0.311400026:0.311399043 v 0.178952619:0.178929910
u_protected_memory.u_data/dout[5] ^ 0.281303525:0.281305313 v 0.163016543:0.162990600
u_protected_memory.u_data/dout[4] ^ 0.173662707:0.173661053 v 0.101060458:0.101076663
u_protected_memory.u_data/dout[3] ^ 0.324519157:0.324520767 v 0.186265096:0.186241895
u_protected_memory.u_data/dout[2] ^ 0.346269846:0.346271396 v 0.198824838:0.198800281
u_protected_memory.u_data/dout[1] ^ 0.202376425:0.202375308 v 0.117176548:0.117193758
u_protected_memory.u_data/dout[0] ^ 0.196244508:0.196244359 v 0.113174401:0.113191620
ATTEMPT08_PATTERN u_protected_memory.u_ecc/dout[*]
u_protected_memory.u_ecc/dout[7] ^ 0.406574100:0.406579226 v 0.235834911:0.235840544
u_protected_memory.u_ecc/dout[6] ^ 0.386273175:0.386268944 v 0.225204661:0.225209564
u_protected_memory.u_ecc/dout[5] ^ 0.364838898:0.364839107 v 0.210139021:0.210137978
u_protected_memory.u_ecc/dout[4] ^ 0.342208058:0.342211813 v 0.196662351:0.196661040
u_protected_memory.u_ecc/dout[3] ^ 0.342043161:0.342043608 v 0.199185431:0.199193165
u_protected_memory.u_ecc/dout[2] ^ 0.349182189:0.349186063 v 0.201292440:0.201295540
u_protected_memory.u_ecc/dout[1] ^ 0.366762161:0.366766483 v 0.213881329:0.213885576
u_protected_memory.u_ecc/dout[0] ^ 0.204956964:0.204950958 v 0.121100456:0.121106222
ATTEMPT08_PATTERN u_protected_memory.u_data/rstb
u_protected_memory.u_data/rstb ^ 0.128213570:0.615880728 v 0.078488767:0.313300580
ATTEMPT08_PATTERN u_protected_memory.u_data/clk
u_protected_memory.u_data/clk ^ 0.123228177:0.511382282 v 0.091029324:0.321298182
ATTEMPT08_PATTERN u_protected_memory.u_data/din[56]
u_protected_memory.u_data/din[56] ^ 0.366107613:0.367528468 v 0.183889821:0.184426889
ATTEMPT08_PATTERN u_protected_memory.u_data/din[57]
u_protected_memory.u_data/din[57] ^ 0.392313480:0.393737197 v 0.198161468:0.198712617
ATTEMPT08_PATTERN u_protected_memory.u_ecc/rstb
u_protected_memory.u_ecc/rstb ^ 0.133325517:0.358998388 v 0.079960093:0.189256653
ATTEMPT08_PATTERN _513_/Y
_513_/Y ^ 0.329067379:0.646700442 v 0.213754535:0.230194211
ATTEMPT08_PATTERN _518_/A
_518_/A ^ 0.329072088:0.646702707 v 0.213821739:0.230200544
ATTEMPT08_PATTERN _540_/A
_540_/A ^ 0.329111546:0.646722376 v 0.213878870:0.230254114
ATTEMPT08_ORIGINAL_SLEW_DETAIL_END design=e0 seed=11
