OpenROAD 26Q3-1080-gab6fd26351 
Features included (+) or not (-): +GPU +GUI +Python
This program is licensed under the BSD-3 license. See the LICENSE file for details.
Components of this program may be licensed under more restrictive licenses which must be honored.
[INFO ORD-0030] Using 4 thread(s).
read_liberty /OpenROAD-flow-scripts/flow/platforms/sky130hd/lib/sky130_fd_sc_hd__tt_025C_1v80.lib
read_liberty /work/campaigns/iscas_sustainability_extension/memory_compiler/gate3_attempt08_sram22_slew_provenance_and_drv_closure/source_checkout/sram22_256x64m4w8/sram22_256x64m4w8_tt_025C_1v80.lib
read_db /work/campaigns/iscas_sustainability_extension/memory_compiler/gate3_attempt08_sram22_slew_provenance_and_drv_closure/raw/openroad/work/results/sky130hd/attempt08_u0/seed23/5_1_grt.odb
read_sdc /work/campaigns/iscas_sustainability_extension/memory_compiler/gate3_attempt08_sram22_slew_provenance_and_drv_closure/raw/openroad/work/results/sky130hd/attempt08_u0/seed23/5_1_grt.sdc
source /OpenROAD-flow-scripts/flow/platforms/sky130hd/setRC.tcl
detailed_route -output_drc /work/campaigns/iscas_sustainability_extension/memory_compiler/gate3_attempt08_sram22_slew_provenance_and_drv_closure/raw/openroad/work/reports/sky130hd/attempt08_u0/seed23/5_route_drc.rpt -output_maze /work/campaigns/iscas_sustainability_extension/memory_compiler/gate3_attempt08_sram22_slew_provenance_and_drv_closure/raw/openroad/work/results/sky130hd/attempt08_u0/seed23/maze.log -droute_end_iter 64 -verbose 1 -drc_report_iter_step 5
[INFO DRT-0149] Reading tech and libs.
[WARNING DRT-0349] LEF58_ENCLOSURE with no CUTCLASS is not supported. Skipping for layer mcon
[WARNING DRT-0349] LEF58_ENCLOSURE with no CUTCLASS is not supported. Skipping for layer mcon
[WARNING DRT-0349] LEF58_ENCLOSURE with no CUTCLASS is not supported. Skipping for layer via
[WARNING DRT-0349] LEF58_ENCLOSURE with no CUTCLASS is not supported. Skipping for layer via
[WARNING DRT-0349] LEF58_ENCLOSURE with no CUTCLASS is not supported. Skipping for layer via2
[WARNING DRT-0349] LEF58_ENCLOSURE with no CUTCLASS is not supported. Skipping for layer via2
[WARNING DRT-0349] LEF58_ENCLOSURE with no CUTCLASS is not supported. Skipping for layer via3
[WARNING DRT-0349] LEF58_ENCLOSURE with no CUTCLASS is not supported. Skipping for layer via3
[WARNING DRT-0349] LEF58_ENCLOSURE with no CUTCLASS is not supported. Skipping for layer via4
[WARNING DRT-0349] LEF58_ENCLOSURE with no CUTCLASS is not supported. Skipping for layer via4

Units:                1000
Number of layers:     13
Number of macros:     442
Number of vias:       94
Number of viarulegen: 25

[INFO DRT-0150] Reading design.

Design:                   u0_sram22_top
Die area:                 ( 0 0 ) ( 1000000 470000 )
Number of track patterns: 12
Number of DEF vias:       0
Number of components:     3322
Number of terminals:      150
Number of snets:          2
Number of nets:           304

[WARNING DRT-0419] No routing tracks pass through the center of Term u_data/dout[0]
[WARNING DRT-0419] No routing tracks pass through the center of Term u_data/dout[1]
[WARNING DRT-0419] No routing tracks pass through the center of Term u_data/dout[2]
[WARNING DRT-0419] No routing tracks pass through the center of Term u_data/dout[3]
[WARNING DRT-0419] No routing tracks pass through the center of Term u_data/dout[4]
[WARNING DRT-0419] No routing tracks pass through the center of Term u_data/dout[5]
[WARNING DRT-0419] No routing tracks pass through the center of Term u_data/dout[6]
[WARNING DRT-0419] No routing tracks pass through the center of Term u_data/dout[7]
[WARNING DRT-0419] No routing tracks pass through the center of Term u_data/dout[8]
[WARNING DRT-0419] No routing tracks pass through the center of Term u_data/dout[9]
[WARNING DRT-0419] No routing tracks pass through the center of Term u_data/dout[10]
[WARNING DRT-0419] No routing tracks pass through the center of Term u_data/dout[11]
[WARNING DRT-0419] No routing tracks pass through the center of Term u_data/dout[12]
[WARNING DRT-0419] No routing tracks pass through the center of Term u_data/dout[13]
[WARNING DRT-0419] No routing tracks pass through the center of Term u_data/dout[14]
[WARNING DRT-0419] No routing tracks pass through the center of Term u_data/dout[15]
[WARNING DRT-0419] No routing tracks pass through the center of Term u_data/dout[16]
[WARNING DRT-0419] No routing tracks pass through the center of Term u_data/dout[17]
[WARNING DRT-0419] No routing tracks pass through the center of Term u_data/dout[18]
[WARNING DRT-0419] No routing tracks pass through the center of Term u_data/dout[19]
[WARNING DRT-0419] No routing tracks pass through the center of Term u_data/dout[20]
[WARNING DRT-0419] No routing tracks pass through the center of Term u_data/dout[21]
[WARNING DRT-0419] No routing tracks pass through the center of Term u_data/dout[22]
[WARNING DRT-0419] No routing tracks pass through the center of Term u_data/dout[23]
[WARNING DRT-0419] No routing tracks pass through the center of Term u_data/dout[24]
[WARNING DRT-0419] No routing tracks pass through the center of Term u_data/dout[25]
[WARNING DRT-0419] No routing tracks pass through the center of Term u_data/dout[26]
[WARNING DRT-0419] No routing tracks pass through the center of Term u_data/dout[27]
[WARNING DRT-0419] No routing tracks pass through the center of Term u_data/dout[28]
[WARNING DRT-0419] No routing tracks pass through the center of Term u_data/dout[29]
[WARNING DRT-0419] No routing tracks pass through the center of Term u_data/dout[30]
[WARNING DRT-0419] No routing tracks pass through the center of Term u_data/dout[31]
[WARNING DRT-0419] No routing tracks pass through the center of Term u_data/dout[32]
[WARNING DRT-0419] No routing tracks pass through the center of Term u_data/dout[33]
[WARNING DRT-0419] No routing tracks pass through the center of Term u_data/dout[34]
[WARNING DRT-0419] No routing tracks pass through the center of Term u_data/dout[35]
[WARNING DRT-0419] No routing tracks pass through the center of Term u_data/dout[36]
[WARNING DRT-0419] No routing tracks pass through the center of Term u_data/dout[37]
[WARNING DRT-0419] No routing tracks pass through the center of Term u_data/dout[38]
[WARNING DRT-0419] No routing tracks pass through the center of Term u_data/dout[39]
[WARNING DRT-0419] No routing tracks pass through the center of Term u_data/dout[40]
[WARNING DRT-0419] No routing tracks pass through the center of Term u_data/dout[41]
[WARNING DRT-0419] No routing tracks pass through the center of Term u_data/dout[42]
[WARNING DRT-0419] No routing tracks pass through the center of Term u_data/dout[43]
[WARNING DRT-0419] No routing tracks pass through the center of Term u_data/dout[44]
[WARNING DRT-0419] No routing tracks pass through the center of Term u_data/dout[45]
[WARNING DRT-0419] No routing tracks pass through the center of Term u_data/dout[46]
[WARNING DRT-0419] No routing tracks pass through the center of Term u_data/dout[47]
[WARNING DRT-0419] No routing tracks pass through the center of Term u_data/dout[48]
[WARNING DRT-0419] No routing tracks pass through the center of Term u_data/dout[49]
[WARNING DRT-0419] No routing tracks pass through the center of Term u_data/dout[50]
[WARNING DRT-0419] No routing tracks pass through the center of Term u_data/dout[51]
[WARNING DRT-0419] No routing tracks pass through the center of Term u_data/dout[52]
[WARNING DRT-0419] No routing tracks pass through the center of Term u_data/dout[53]
[WARNING DRT-0419] No routing tracks pass through the center of Term u_data/dout[54]
[WARNING DRT-0419] No routing tracks pass through the center of Term u_data/dout[55]
[WARNING DRT-0419] No routing tracks pass through the center of Term u_data/dout[56]
[WARNING DRT-0419] No routing tracks pass through the center of Term u_data/dout[57]
[WARNING DRT-0419] No routing tracks pass through the center of Term u_data/dout[58]
[WARNING DRT-0419] No routing tracks pass through the center of Term u_data/dout[59]
[WARNING DRT-0419] No routing tracks pass through the center of Term u_data/dout[60]
[WARNING DRT-0419] No routing tracks pass through the center of Term u_data/dout[61]
[WARNING DRT-0419] No routing tracks pass through the center of Term u_data/dout[62]
[WARNING DRT-0419] No routing tracks pass through the center of Term u_data/dout[63]
[WARNING DRT-0419] No routing tracks pass through the center of Term u_data/din[0]
[WARNING DRT-0419] No routing tracks pass through the center of Term u_data/din[1]
[WARNING DRT-0419] No routing tracks pass through the center of Term u_data/din[2]
[WARNING DRT-0419] No routing tracks pass through the center of Term u_data/din[3]
[WARNING DRT-0419] No routing tracks pass through the center of Term u_data/din[4]
[WARNING DRT-0419] No routing tracks pass through the center of Term u_data/din[5]
[WARNING DRT-0419] No routing tracks pass through the center of Term u_data/din[6]
[WARNING DRT-0419] No routing tracks pass through the center of Term u_data/din[7]
[WARNING DRT-0419] No routing tracks pass through the center of Term u_data/din[8]
[WARNING DRT-0419] No routing tracks pass through the center of Term u_data/din[9]
[WARNING DRT-0419] No routing tracks pass through the center of Term u_data/din[10]
[WARNING DRT-0419] No routing tracks pass through the center of Term u_data/din[11]
[WARNING DRT-0419] No routing tracks pass through the center of Term u_data/din[12]
[WARNING DRT-0419] No routing tracks pass through the center of Term u_data/din[13]
[WARNING DRT-0419] No routing tracks pass through the center of Term u_data/din[14]
[WARNING DRT-0419] No routing tracks pass through the center of Term u_data/din[15]
[WARNING DRT-0419] No routing tracks pass through the center of Term u_data/din[16]
[WARNING DRT-0419] No routing tracks pass through the center of Term u_data/din[17]
[WARNING DRT-0419] No routing tracks pass through the center of Term u_data/din[18]
[WARNING DRT-0419] No routing tracks pass through the center of Term u_data/din[19]
[WARNING DRT-0419] No routing tracks pass through the center of Term u_data/din[20]
[WARNING DRT-0419] No routing tracks pass through the center of Term u_data/din[21]
[WARNING DRT-0419] No routing tracks pass through the center of Term u_data/din[22]
[WARNING DRT-0419] No routing tracks pass through the center of Term u_data/din[23]
[WARNING DRT-0419] No routing tracks pass through the center of Term u_data/din[24]
[WARNING DRT-0419] No routing tracks pass through the center of Term u_data/din[25]
[WARNING DRT-0419] No routing tracks pass through the center of Term u_data/din[26]
[WARNING DRT-0419] No routing tracks pass through the center of Term u_data/din[27]
[WARNING DRT-0419] No routing tracks pass through the center of Term u_data/din[28]
[WARNING DRT-0419] No routing tracks pass through the center of Term u_data/din[29]
[WARNING DRT-0419] No routing tracks pass through the center of Term u_data/din[30]
[WARNING DRT-0419] No routing tracks pass through the center of Term u_data/din[31]
[WARNING DRT-0419] No routing tracks pass through the center of Term u_data/din[32]
[WARNING DRT-0419] No routing tracks pass through the center of Term u_data/din[33]
[WARNING DRT-0419] No routing tracks pass through the center of Term u_data/din[34]
[WARNING DRT-0419] No routing tracks pass through the center of Term u_data/din[35]
[WARNING DRT-0419] No routing tracks pass through the center of Term u_data/din[36]
[WARNING DRT-0419] No routing tracks pass through the center of Term u_data/din[37]
[WARNING DRT-0419] No routing tracks pass through the center of Term u_data/din[38]
[WARNING DRT-0419] No routing tracks pass through the center of Term u_data/din[39]
[WARNING DRT-0419] No routing tracks pass through the center of Term u_data/din[40]
[WARNING DRT-0419] No routing tracks pass through the center of Term u_data/din[41]
[WARNING DRT-0419] No routing tracks pass through the center of Term u_data/din[42]
[WARNING DRT-0419] No routing tracks pass through the center of Term u_data/din[43]
[WARNING DRT-0419] No routing tracks pass through the center of Term u_data/din[44]
[WARNING DRT-0419] No routing tracks pass through the center of Term u_data/din[45]
[WARNING DRT-0419] No routing tracks pass through the center of Term u_data/din[46]
[WARNING DRT-0419] No routing tracks pass through the center of Term u_data/din[47]
[WARNING DRT-0419] No routing tracks pass through the center of Term u_data/din[48]
[WARNING DRT-0419] No routing tracks pass through the center of Term u_data/din[49]
[WARNING DRT-0419] No routing tracks pass through the center of Term u_data/din[50]
[WARNING DRT-0419] No routing tracks pass through the center of Term u_data/din[51]
[WARNING DRT-0419] No routing tracks pass through the center of Term u_data/din[52]
[WARNING DRT-0419] No routing tracks pass through the center of Term u_data/din[53]
[WARNING DRT-0419] No routing tracks pass through the center of Term u_data/din[54]
[WARNING DRT-0419] No routing tracks pass through the center of Term u_data/din[55]
[WARNING DRT-0419] No routing tracks pass through the center of Term u_data/din[56]
[WARNING DRT-0419] No routing tracks pass through the center of Term u_data/din[57]
[WARNING DRT-0419] No routing tracks pass through the center of Term u_data/din[58]
[WARNING DRT-0419] No routing tracks pass through the center of Term u_data/din[59]
[WARNING DRT-0419] No routing tracks pass through the center of Term u_data/din[60]
[WARNING DRT-0419] No routing tracks pass through the center of Term u_data/din[61]
[WARNING DRT-0419] No routing tracks pass through the center of Term u_data/din[62]
[WARNING DRT-0419] No routing tracks pass through the center of Term u_data/din[63]
[WARNING DRT-0419] No routing tracks pass through the center of Term u_data/wmask[1]
[WARNING DRT-0419] No routing tracks pass through the center of Term u_data/wmask[2]
[WARNING DRT-0419] No routing tracks pass through the center of Term u_data/wmask[3]
[WARNING DRT-0419] No routing tracks pass through the center of Term u_data/wmask[4]
[WARNING DRT-0419] No routing tracks pass through the center of Term u_data/wmask[5]
[WARNING DRT-0419] No routing tracks pass through the center of Term u_data/wmask[6]
[WARNING DRT-0419] No routing tracks pass through the center of Term u_data/wmask[7]
[INFO DRT-0167] List of default vias:
  Layer via
    default via: M1M2_PR
  Layer via2
    default via: M2M3_PR
  Layer via3
    default via: M3M4_PR
  Layer via4
    default via: M4M5_PR
[INFO DRT-0162] Library cell analysis.
[INFO DRT-0163] Instance analysis.
[INFO DRT-0164] Number of unique instances = 9.
[INFO DRT-0168] Init region query.
[INFO DRT-0024]   Complete FR_MASTERSLICE.
[INFO DRT-0024]   Complete Fr_VIA.
[INFO DRT-0024]   Complete li1.
[INFO DRT-0024]   Complete mcon.
[INFO DRT-0024]   Complete met1.
[INFO DRT-0024]   Complete via.
[INFO DRT-0024]   Complete met2.
[INFO DRT-0024]   Complete via2.
[INFO DRT-0024]   Complete met3.
[INFO DRT-0024]   Complete via3.
[INFO DRT-0024]   Complete met4.
[INFO DRT-0024]   Complete via4.
[INFO DRT-0024]   Complete met5.
[INFO DRT-0033] FR_MASTERSLICE shape region query size = 0.
[INFO DRT-0033] FR_VIA shape region query size = 0.
[INFO DRT-0033] li1 shape region query size = 16491.
[INFO DRT-0033] mcon shape region query size = 8898.
[INFO DRT-0033] met1 shape region query size = 10319.
[INFO DRT-0033] via shape region query size = 16265.
[INFO DRT-0033] met2 shape region query size = 14582.
[INFO DRT-0033] via2 shape region query size = 31755.
[INFO DRT-0033] met3 shape region query size = 19501.
[INFO DRT-0033] via3 shape region query size = 31436.
[INFO DRT-0033] met4 shape region query size = 7774.
[INFO DRT-0033] via4 shape region query size = 1199.
[INFO DRT-0033] met5 shape region query size = 1265.
[INFO DRT-0165] Start pin access.
[INFO DRT-0078]   Complete 190 pins.
[INFO DRT-0081]   Complete 8 unique inst patterns.
[INFO DRT-0084]   Complete 148 groups.
#scanned instances     = 3322
#unique  instances     = 9
#stdCellGenAp          = 128
#stdCellValidPlanarAp  = 0
#stdCellValidViaAp     = 91
#stdCellPinNoAp        = 0
#stdCellPinCnt         = 312
#instTermValidViaApCnt = 0
#macroGenAp            = 306
#macroValidPlanarAp    = 222
#macroValidViaAp       = 0
#macroNoAp             = 0
[INFO DRT-0166] Complete pin access.
[INFO DRT-0267] cpu time = 00:00:03, elapsed time = 00:00:01, memory = 247.49 (MB), peak = 246.92 (MB)

[INFO DRT-0157] Number of guides:     1907

[INFO DRT-0169] Post process guides.
[INFO DRT-0176] GCELLGRID X 0 DO 144 STEP 6900 ;
[INFO DRT-0177] GCELLGRID Y 0 DO 68 STEP 6900 ;
[INFO DRT-0028]   Complete FR_MASTERSLICE.
[INFO DRT-0028]   Complete Fr_VIA.
[INFO DRT-0028]   Complete li1.
[INFO DRT-0028]   Complete mcon.
[INFO DRT-0028]   Complete met1.
[INFO DRT-0028]   Complete via.
[INFO DRT-0028]   Complete met2.
[INFO DRT-0028]   Complete via2.
[INFO DRT-0028]   Complete met3.
[INFO DRT-0028]   Complete via3.
[INFO DRT-0028]   Complete met4.
[INFO DRT-0028]   Complete via4.
[INFO DRT-0028]   Complete met5.
[INFO DRT-0178] Init guide query.
[INFO DRT-0035]   Complete FR_MASTERSLICE (guide).
[INFO DRT-0035]   Complete Fr_VIA (guide).
[INFO DRT-0035]   Complete li1 (guide).
[INFO DRT-0035]   Complete mcon (guide).
[INFO DRT-0035]   Complete met1 (guide).
[INFO DRT-0035]   Complete via (guide).
[INFO DRT-0035]   Complete met2 (guide).
[INFO DRT-0035]   Complete via2 (guide).
[INFO DRT-0035]   Complete met3 (guide).
[INFO DRT-0035]   Complete via3 (guide).
[INFO DRT-0035]   Complete met4 (guide).
[INFO DRT-0035]   Complete via4 (guide).
[INFO DRT-0035]   Complete met5 (guide).
[INFO DRT-0036] FR_MASTERSLICE guide region query size = 0.
[INFO DRT-0036] FR_VIA guide region query size = 0.
[INFO DRT-0036] li1 guide region query size = 311.
[INFO DRT-0036] mcon guide region query size = 0.
[INFO DRT-0036] met1 guide region query size = 469.
[INFO DRT-0036] via guide region query size = 0.
[INFO DRT-0036] met2 guide region query size = 429.
[INFO DRT-0036] via2 guide region query size = 0.
[INFO DRT-0036] met3 guide region query size = 230.
[INFO DRT-0036] via3 guide region query size = 0.
[INFO DRT-0036] met4 guide region query size = 115.
[INFO DRT-0036] via4 guide region query size = 0.
[INFO DRT-0036] met5 guide region query size = 0.
[INFO DRT-0179] Init gr pin query.
[INFO DRT-0267] cpu time = 00:00:00, elapsed time = 00:00:00, memory = 248.11 (MB), peak = 247.42 (MB)
[INFO DRT-0245] skipped writing guide updates to database.
[INFO DRT-0181] Start track assignment.
[INFO DRT-0184] Done with 855 vertical wires in 3 frboxes and 699 horizontal wires in 2 frboxes.
[INFO DRT-0186] Done with 184 vertical wires in 3 frboxes and 93 horizontal wires in 2 frboxes.
[INFO DRT-0182] Complete track assignment.
[INFO DRT-0267] cpu time = 00:00:01, elapsed time = 00:00:00, memory = 281.50 (MB), peak = 290.77 (MB)
[INFO DRT-0187] Start routing data preparation.
[INFO DRT-0267] cpu time = 00:00:00, elapsed time = 00:00:00, memory = 281.50 (MB), peak = 290.77 (MB)
[INFO DRT-0194] Start detail routing.
[INFO DRT-0195] Start 0th optimization iteration.
    Completing 10% with 0 violations.
    elapsed time = 00:00:00, memory = 289.79 (MB).
    Completing 20% with 0 violations.
    elapsed time = 00:00:00, memory = 290.36 (MB).
    Completing 30% with 41 violations.
    elapsed time = 00:00:00, memory = 290.90 (MB).
    Completing 40% with 41 violations.
    elapsed time = 00:00:00, memory = 299.78 (MB).
    Completing 50% with 41 violations.
    elapsed time = 00:00:00, memory = 295.78 (MB).
    Completing 60% with 42 violations.
    elapsed time = 00:00:00, memory = 292.18 (MB).
    Completing 70% with 42 violations.
    elapsed time = 00:00:00, memory = 302.82 (MB).
    Completing 80% with 74 violations.
    elapsed time = 00:00:00, memory = 302.82 (MB).
    Completing 90% with 74 violations.
    elapsed time = 00:00:00, memory = 304.05 (MB).
    Completing 100% with 74 violations.
    elapsed time = 00:00:01, memory = 304.05 (MB).
[INFO DRT-0199]   Number of violations = 75.
Viol/Layer        met1   met2
Metal Spacing       62      0
Recheck              1      0
Short               11      1
[INFO DRT-0267] cpu time = 00:00:04, elapsed time = 00:00:02, memory = 641.02 (MB), peak = 652.67 (MB)
Total wire length = 22247 um.
Total wire length on LAYER li1 = 0 um.
Total wire length on LAYER met1 = 414 um.
Total wire length on LAYER met2 = 18112 um.
Total wire length on LAYER met3 = 213 um.
Total wire length on LAYER met4 = 3506 um.
Total wire length on LAYER met5 = 0 um.
Total number of vias = 1208.
Up-via summary (total 1208):

-----------------------
 FR_MASTERSLICE       0
            li1     312
           met1     476
           met2     210
           met3     210
           met4       0
-----------------------
               1208


[INFO DRT-0195] Start 1st optimization iteration.
    Completing 10% with 75 violations.
    elapsed time = 00:00:00, memory = 641.06 (MB).
    Completing 20% with 75 violations.
    elapsed time = 00:00:00, memory = 641.06 (MB).
    Completing 30% with 45 violations.
    elapsed time = 00:00:00, memory = 641.06 (MB).
    Completing 40% with 45 violations.
    elapsed time = 00:00:00, memory = 641.06 (MB).
    Completing 50% with 45 violations.
    elapsed time = 00:00:00, memory = 641.06 (MB).
    Completing 60% with 45 violations.
    elapsed time = 00:00:00, memory = 641.06 (MB).
    Completing 70% with 45 violations.
    elapsed time = 00:00:00, memory = 646.02 (MB).
    Completing 80% with 15 violations.
    elapsed time = 00:00:00, memory = 646.02 (MB).
    Completing 90% with 15 violations.
    elapsed time = 00:00:00, memory = 646.03 (MB).
    Completing 100% with 15 violations.
    elapsed time = 00:00:01, memory = 646.03 (MB).
[INFO DRT-0199]   Number of violations = 15.
Viol/Layer        met1   met2
Metal Spacing       14      0
Short                0      1
[INFO DRT-0267] cpu time = 00:00:04, elapsed time = 00:00:01, memory = 646.16 (MB), peak = 657.79 (MB)
Total wire length = 22253 um.
Total wire length on LAYER li1 = 0 um.
Total wire length on LAYER met1 = 422 um.
Total wire length on LAYER met2 = 17987 um.
Total wire length on LAYER met3 = 215 um.
Total wire length on LAYER met4 = 3627 um.
Total wire length on LAYER met5 = 0 um.
Total number of vias = 1206.
Up-via summary (total 1206):

-----------------------
 FR_MASTERSLICE       0
            li1     312
           met1     474
           met2     210
           met3     210
           met4       0
-----------------------
               1206


[INFO DRT-0195] Start 2nd optimization iteration.
    Completing 10% with 15 violations.
    elapsed time = 00:00:00, memory = 646.16 (MB).
    Completing 20% with 15 violations.
    elapsed time = 00:00:00, memory = 646.16 (MB).
    Completing 30% with 15 violations.
    elapsed time = 00:00:00, memory = 646.16 (MB).
    Completing 40% with 15 violations.
    elapsed time = 00:00:00, memory = 646.16 (MB).
    Completing 50% with 15 violations.
    elapsed time = 00:00:00, memory = 646.16 (MB).
    Completing 60% with 15 violations.
    elapsed time = 00:00:00, memory = 646.16 (MB).
    Completing 70% with 15 violations.
    elapsed time = 00:00:00, memory = 646.16 (MB).
    Completing 80% with 15 violations.
    elapsed time = 00:00:00, memory = 646.16 (MB).
    Completing 90% with 15 violations.
    elapsed time = 00:00:00, memory = 646.16 (MB).
    Completing 100% with 16 violations.
    elapsed time = 00:00:00, memory = 646.16 (MB).
[INFO DRT-0199]   Number of violations = 16.
Viol/Layer        met1
Metal Spacing       16
[INFO DRT-0267] cpu time = 00:00:03, elapsed time = 00:00:01, memory = 646.16 (MB), peak = 657.80 (MB)
Total wire length = 22228 um.
Total wire length on LAYER li1 = 0 um.
Total wire length on LAYER met1 = 431 um.
Total wire length on LAYER met2 = 18155 um.
Total wire length on LAYER met3 = 187 um.
Total wire length on LAYER met4 = 3454 um.
Total wire length on LAYER met5 = 0 um.
Total number of vias = 1198.
Up-via summary (total 1198):

-----------------------
 FR_MASTERSLICE       0
            li1     312
           met1     476
           met2     204
           met3     206
           met4       0
-----------------------
               1198


[INFO DRT-0195] Start 3rd guides tiles iteration.
    Completing 10% with 16 violations.
    elapsed time = 00:00:00, memory = 646.16 (MB).
    Completing 20% with 16 violations.
    elapsed time = 00:00:00, memory = 646.16 (MB).
    Completing 30% with 16 violations.
    elapsed time = 00:00:00, memory = 646.16 (MB).
    Completing 40% with 16 violations.
    elapsed time = 00:00:00, memory = 646.16 (MB).
    Completing 50% with 16 violations.
    elapsed time = 00:00:00, memory = 646.16 (MB).
    Completing 60% with 4 violations.
    elapsed time = 00:00:00, memory = 646.16 (MB).
    Completing 70% with 4 violations.
    elapsed time = 00:00:00, memory = 646.16 (MB).
    Completing 80% with 4 violations.
    elapsed time = 00:00:00, memory = 646.16 (MB).
    Completing 90% with 4 violations.
    elapsed time = 00:00:00, memory = 646.16 (MB).
    Completing 100% with 0 violations.
    elapsed time = 00:00:00, memory = 646.16 (MB).
[INFO DRT-0199]   Number of violations = 0.
[INFO DRT-0267] cpu time = 00:00:01, elapsed time = 00:00:01, memory = 646.16 (MB), peak = 657.80 (MB)
Total wire length = 22231 um.
Total wire length on LAYER li1 = 0 um.
Total wire length on LAYER met1 = 440 um.
Total wire length on LAYER met2 = 18247 um.
Total wire length on LAYER met3 = 180 um.
Total wire length on LAYER met4 = 3363 um.
Total wire length on LAYER met5 = 0 um.
Total number of vias = 1186.
Up-via summary (total 1186):

-----------------------
 FR_MASTERSLICE       0
            li1     312
           met1     476
           met2     198
           met3     200
           met4       0
-----------------------
               1186


[INFO DRT-0198] Complete detail routing.
Total wire length = 22231 um.
Total wire length on LAYER li1 = 0 um.
Total wire length on LAYER met1 = 440 um.
Total wire length on LAYER met2 = 18247 um.
Total wire length on LAYER met3 = 180 um.
Total wire length on LAYER met4 = 3363 um.
Total wire length on LAYER met5 = 0 um.
Total number of vias = 1186.
Up-via summary (total 1186):

-----------------------
 FR_MASTERSLICE       0
            li1     312
           met1     476
           met2     198
           met3     200
           met4       0
-----------------------
               1186


[INFO DRT-0267] cpu time = 00:00:12, elapsed time = 00:00:06, memory = 646.22 (MB), peak = 657.80 (MB)

[INFO DRT-0180] Post processing.
[INFO DRT-0501] Runtime: 8.58s
Took 8 seconds: detailed_route -output_drc /work/campaigns/iscas_sustainability_extension/memory_compiler/gate3_attempt08_sram22_slew_provenance_and_drv_closure/raw/openroad/work/reports/sky130hd/attempt08_u0/seed23/5_route_drc.rpt -output_maze /work/campaigns/iscas_sustainability_extension/memory_compiler/gate3_attempt08_sram22_slew_provenance_and_drv_closure/raw/openroad/work/results/sky130hd/attempt08_u0/seed23/maze.log -droute_end_iter 64 -verbose 1 -drc_report_iter_step 5
[INFO GRT-0012] Found 0 antenna violations.
[INFO ANT-0002] Found 0 net violations.
[INFO ANT-0001] Found 0 pin violations.
[INFO ANT-0002] Found 0 net violations.
[INFO ANT-0001] Found 0 pin violations.
Design area 206833 um^2 47% utilization.
write_db /work/campaigns/iscas_sustainability_extension/memory_compiler/gate3_attempt08_sram22_slew_provenance_and_drv_closure/raw/openroad/work/results/sky130hd/attempt08_u0/seed23/5_2_route.odb
Elapsed time: 0:11.22[h:]min:sec. CPU time: user 17.97 sys 1.58 (174%). Peak memory: 673588KB.
Log                       Ext     Elapsed/s Peak Memory/MB sha1sum result [0:20)
5_2_route                 .odb           11            657 e61b385e523e2efbe6cc
