vcd           142
input        2282
unannotated   385
Annotated pins:
  vcd addr[0]
  vcd addr[1]
  vcd addr[2]
  vcd addr[3]
  vcd addr[4]
  vcd addr[5]
  vcd addr[6]
  vcd addr[7]
  vcd ce
  vcd clk
  vcd correction_applied
  vcd detected_uncorrectable
  vcd payload_in[0]
  vcd payload_in[10]
  vcd payload_in[11]
  vcd payload_in[12]
  vcd payload_in[13]
  vcd payload_in[14]
  vcd payload_in[15]
  vcd payload_in[16]
  vcd payload_in[17]
  vcd payload_in[18]
  vcd payload_in[19]
  vcd payload_in[1]
  vcd payload_in[20]
  vcd payload_in[21]
  vcd payload_in[22]
  vcd payload_in[23]
  vcd payload_in[24]
  vcd payload_in[25]
  vcd payload_in[26]
  vcd payload_in[27]
  vcd payload_in[28]
  vcd payload_in[29]
  vcd payload_in[2]
  vcd payload_in[30]
  vcd payload_in[31]
  vcd payload_in[32]
  vcd payload_in[33]
  vcd payload_in[34]
  vcd payload_in[35]
  vcd payload_in[36]
  vcd payload_in[37]
  vcd payload_in[38]
  vcd payload_in[39]
  vcd payload_in[3]
  vcd payload_in[40]
  vcd payload_in[41]
  vcd payload_in[42]
  vcd payload_in[43]
  vcd payload_in[44]
  vcd payload_in[45]
  vcd payload_in[46]
  vcd payload_in[47]
  vcd payload_in[48]
  vcd payload_in[49]
  vcd payload_in[4]
  vcd payload_in[50]
  vcd payload_in[51]
  vcd payload_in[52]
  vcd payload_in[53]
  vcd payload_in[54]
  vcd payload_in[55]
  vcd payload_in[56]
  vcd payload_in[57]
  vcd payload_in[58]
  vcd payload_in[59]
  vcd payload_in[5]
  vcd payload_in[60]
  vcd payload_in[61]
  vcd payload_in[62]
  vcd payload_in[63]
  vcd payload_in[6]
  vcd payload_in[7]
  vcd payload_in[8]
  vcd payload_in[9]
  vcd payload_out[0]
  vcd payload_out[10]
  vcd payload_out[11]
  vcd payload_out[12]
  vcd payload_out[13]
  vcd payload_out[14]
  vcd payload_out[15]
  vcd payload_out[16]
  vcd payload_out[17]
  vcd payload_out[18]
  vcd payload_out[19]
  vcd payload_out[1]
  vcd payload_out[20]
  vcd payload_out[21]
  vcd payload_out[22]
  vcd payload_out[23]
  vcd payload_out[24]
  vcd payload_out[25]
  vcd payload_out[26]
  vcd payload_out[27]
  vcd payload_out[28]
  vcd payload_out[29]
  vcd payload_out[2]
  vcd payload_out[30]
  vcd payload_out[31]
  vcd payload_out[32]
  vcd payload_out[33]
  vcd payload_out[34]
  vcd payload_out[35]
  vcd payload_out[36]
  vcd payload_out[37]
  vcd payload_out[38]
  vcd payload_out[39]
  vcd payload_out[3]
  vcd payload_out[40]
  vcd payload_out[41]
  vcd payload_out[42]
  vcd payload_out[43]
  vcd payload_out[44]
  vcd payload_out[45]
  vcd payload_out[46]
  vcd payload_out[47]
  vcd payload_out[48]
  vcd payload_out[49]
  vcd payload_out[4]
  vcd payload_out[50]
  vcd payload_out[51]
  vcd payload_out[52]
  vcd payload_out[53]
  vcd payload_out[54]
  vcd payload_out[55]
  vcd payload_out[56]
  vcd payload_out[57]
  vcd payload_out[58]
  vcd payload_out[59]
  vcd payload_out[5]
  vcd payload_out[60]
  vcd payload_out[61]
  vcd payload_out[62]
  vcd payload_out[63]
  vcd payload_out[6]
  vcd payload_out[7]
  vcd payload_out[8]
  vcd payload_out[9]
  vcd rstb
  vcd we
 user ANTENNA_1/DIODE
 user ANTENNA_10/DIODE
 user ANTENNA_11/DIODE
 user ANTENNA_12/DIODE
 user ANTENNA_13/DIODE
 user ANTENNA_14/DIODE
 user ANTENNA_15/DIODE
 user ANTENNA_16/DIODE
 user ANTENNA_17/DIODE
 user ANTENNA_18/DIODE
 user ANTENNA_19/DIODE
 user ANTENNA_20/DIODE
 user ANTENNA_21/DIODE
 user ANTENNA_22/DIODE
 user ANTENNA_23/DIODE
 user ANTENNA_24/DIODE
 user ANTENNA_25/DIODE
 user ANTENNA_26/DIODE
 user ANTENNA_27/DIODE
 user ANTENNA_28/DIODE
 user ANTENNA_29/DIODE
 user ANTENNA_3/DIODE
 user ANTENNA_30/DIODE
 user ANTENNA_31/DIODE
 user ANTENNA_32/DIODE
 user ANTENNA_33/DIODE
 user ANTENNA_34/DIODE
 user ANTENNA_35/DIODE
 user ANTENNA_36/DIODE
 user ANTENNA_4/DIODE
 user ANTENNA_43/DIODE
 user ANTENNA_44/DIODE
 user ANTENNA_45/DIODE
 user ANTENNA_46/DIODE
 user ANTENNA_47/DIODE
 user ANTENNA_48/DIODE
 user ANTENNA_49/DIODE
 user ANTENNA_5/DIODE
 user ANTENNA_50/DIODE
 user ANTENNA_51/DIODE
 user ANTENNA_52/DIODE
 user ANTENNA_53/DIODE
 user ANTENNA_54/DIODE
 user ANTENNA_6/DIODE
 user ANTENNA_7/DIODE
 user ANTENNA_8/DIODE
 user ANTENNA_9/DIODE
 user _393_/Y
 user _394_/A
 user _394_/Y
 user _395_/A
 user _395_/B
 user _395_/Y
 user _396_/X
 user _397_/B
 user _397_/Y
 user _398_/Y
 user _399_/A
 user _399_/Y
 user _400_/A
 user _400_/B
 user _400_/Y
 user _401_/A
 user _401_/B
 user _401_/C
 user _401_/X
 user _402_/A
 user _402_/Y
 user _403_/A
 user _403_/B
 user _403_/X
 user _404_/A
 user _404_/B
 user _404_/Y
 user _405_/A
 user _405_/B
 user _405_/X
 user _406_/A
 user _406_/B
 user _406_/Y
 user _407_/A
 user _407_/B
 user _407_/Y
 user _408_/A
 user _408_/B
 user _408_/Y
 user _409_/A
 user _409_/B
 user _409_/Y
 user _410_/B
 user _410_/C
 user _410_/X
 user _411_/A
 user _411_/B
 user _411_/Y
 user _412_/B
 user _412_/C
 user _412_/X
 user _413_/Y
 user _414_/Y
 user _415_/A
 user _415_/Y
 user _416_/A
 user _416_/B
 user _416_/C
 user _416_/X
 user _417_/A
 user _417_/B
 user _417_/Y
 user _418_/X
 user _419_/Y
 user _420_/Y
 user _421_/A
 user _421_/B
 user _421_/C
 user _421_/X
 user _422_/A
 user _422_/B
 user _422_/Y
 user _423_/A
 user _423_/B
 user _423_/Y
 user _424_/A
 user _424_/B
 user _424_/Y
 user _425_/A
 user _425_/B
 user _425_/Y
 user _426_/A
 user _426_/B
 user _426_/Y
 user _427_/A
 user _427_/B
 user _427_/C
 user _427_/X
 user _428_/A
 user _428_/B
 user _428_/C
 user _428_/X
 user _429_/A
 user _429_/B
 user _429_/Y
 user _430_/A
 user _430_/B
 user _430_/Y
 user _431_/B
 user _431_/X
 user _432_/A
 user _432_/B
 user _432_/Y
 user _433_/A
 user _433_/B
 user _433_/Y
 user _434_/A
 user _434_/B
 user _434_/C
 user _434_/X
 user _435_/A
 user _435_/B
 user _435_/Y
 user _436_/A
 user _436_/B
 user _436_/Y
 user _437_/A
 user _437_/B
 user _437_/X
 user _438_/A
 user _438_/Y
 user _439_/A
 user _439_/B
 user _439_/Y
 user _440_/A
 user _440_/B
 user _440_/C
 user _440_/X
 user _441_/A
 user _441_/B
 user _441_/Y
 user _442_/A
 user _442_/B
 user _442_/C
 user _442_/X
 user _443_/A
 user _443_/B
 user _443_/Y
 user _444_/A
 user _444_/B
 user _444_/C
 user _444_/X
 user _445_/A
 user _445_/B
 user _445_/X
 user _446_/A
 user _446_/B
 user _446_/X
 user _447_/A
 user _447_/B
 user _447_/X
 user _448_/A
 user _448_/B
 user _448_/Y
 user _449_/A
 user _449_/B
 user _449_/Y
 user _450_/A
 user _450_/X
 user _451_/A
 user _451_/B
 user _451_/Y
 user _452_/A
 user _452_/B
 user _452_/Y
 user _453_/A
 user _453_/B
 user _453_/Y
 user _454_/A
 user _454_/B
 user _454_/X
 user _455_/A
 user _455_/B
 user _455_/Y
 user _456_/A
 user _456_/B
 user _456_/Y
 user _457_/A
 user _457_/B
 user _457_/Y
 user _458_/A
 user _458_/B
 user _458_/Y
 user _459_/A
 user _459_/B
 user _459_/Y
 user _460_/A
 user _460_/Y
 user _461_/A
 user _461_/B
 user _461_/Y
 user _462_/A
 user _462_/B
 user _462_/Y
 user _463_/A
 user _463_/B
 user _463_/C
 user _463_/X
 user _464_/A
 user _464_/B
 user _464_/X
 user _465_/A
 user _465_/B
 user _465_/Y
 user _466_/A
 user _466_/B
 user _466_/Y
 user _467_/A
 user _467_/B
 user _467_/Y
 user _468_/A
 user _468_/B
 user _468_/Y
 user _469_/A
 user _469_/B
 user _469_/Y
 user _470_/A
 user _470_/B
 user _470_/Y
 user _471_/A
 user _471_/B
 user _471_/X
 user _472_/A
 user _472_/B
 user _472_/Y
 user _473_/A
 user _473_/B
 user _473_/X
 user _474_/A
 user _474_/B
 user _474_/C
 user _474_/X
 user _475_/A
 user _475_/B
 user _475_/C
 user _475_/Y
 user _476_/A
 user _476_/B
 user _476_/Y
 user _477_/A
 user _477_/B
 user _477_/Y
 user _478_/A
 user _478_/B
 user _478_/C
 user _478_/X
 user _479_/A
 user _479_/B
 user _479_/C
 user _479_/Y
 user _480_/Y
 user _481_/A
 user _481_/B
 user _481_/Y
 user _482_/A
 user _482_/B
 user _482_/X
 user _483_/A
 user _483_/B
 user _483_/Y
 user _484_/A
 user _484_/B
 user _484_/C
 user _484_/X
 user _485_/A
 user _485_/B
 user _485_/Y
 user _486_/A
 user _486_/B
 user _486_/X
 user _487_/A
 user _487_/B
 user _487_/Y
 user _488_/A
 user _488_/B
 user _488_/Y
 user _489_/A
 user _489_/B
 user _489_/Y
 user _490_/A
 user _490_/B
 user _490_/Y
 user _491_/A1
 user _491_/A2
 user _491_/B1
 user _491_/Y
 user _492_/A0
 user _492_/A1
 user _492_/S
 user _492_/Y
 user _493_/A
 user _493_/B
 user _493_/X
 user _495_/A
 user _495_/B
 user _495_/Y
 user _496_/A
 user _496_/B
 user _496_/C
 user _496_/Y
 user _497_/A1
 user _497_/A2
 user _497_/B1
 user _497_/Y
 user _498_/A
 user _498_/B
 user _498_/X
 user _499_/B
 user _499_/Y
 user _500_/A
 user _500_/B
 user _500_/Y
 user _501_/A
 user _501_/Y
 user _502_/A
 user _502_/B
 user _502_/Y
 user _503_/A
 user _503_/B
 user _503_/Y
 user _505_/A_N
 user _505_/B
 user _505_/C
 user _505_/Y
 user _506_/A
 user _506_/B
 user _506_/X
 user _507_/A_N
 user _507_/B
 user _507_/C
 user _507_/Y
 user _508_/A1
 user _508_/A2
 user _508_/B1
 user _508_/Y
 user _509_/X
 user _510_/A
 user _510_/Y
 user _511_/A
 user _511_/B
 user _511_/Y
 user _512_/B
 user _512_/Y
 user _513_/A
 user _513_/B
 user _513_/C
 user _513_/X
 user _514_/A
 user _514_/B
 user _514_/Y
 user _515_/A
 user _515_/B
 user _515_/Y
 user _516_/A
 user _516_/B
 user _516_/X
 user _517_/A
 user _517_/B
 user _517_/Y
 user _518_/A1
 user _518_/A2
 user _518_/B1
 user _518_/X
 user _520_/A
 user _520_/B
 user _520_/X
 user _522_/A
 user _522_/B
 user _522_/X
 user _523_/A
 user _523_/B
 user _523_/C
 user _523_/X
 user _524_/A
 user _524_/B
 user _524_/X
 user _525_/A
 user _525_/B
 user _525_/Y
 user _526_/A
 user _526_/Y
 user _527_/A
 user _527_/B
 user _527_/Y
 user _528_/A
 user _528_/B
 user _528_/Y
 user _529_/A
 user _529_/B
 user _529_/Y
 user _530_/A
 user _530_/B
 user _530_/Y
 user _531_/A
 user _531_/B
 user _531_/C
 user _531_/X
 user _532_/A
 user _532_/B
 user _532_/Y
 user _533_/A
 user _533_/B
 user _533_/Y
 user _534_/A_N
 user _534_/B
 user _534_/Y
 user _535_/A
 user _535_/B
 user _535_/X
 user _537_/A
 user _537_/B
 user _537_/Y
 user _538_/A
 user _538_/B
 user _538_/Y
 user _539_/A
 user _539_/B_N
 user _539_/Y
 user _540_/A
 user _540_/B
 user _540_/C
 user _540_/Y
 user _541_/A
 user _541_/B
 user _541_/Y
 user _542_/A
 user _542_/B
 user _542_/Y
 user _543_/A
 user _543_/B
 user _543_/Y
 user _544_/A_N
 user _544_/B
 user _544_/X
 user _546_/A
 user _546_/B
 user _546_/C
 user _546_/Y
 user _547_/A
 user _547_/B
 user _547_/Y
 user _549_/A
 user _549_/B_N
 user _549_/X
 user _550_/A
 user _550_/B
 user _550_/Y
 user _551_/A
 user _551_/B
 user _551_/Y
 user _552_/A
 user _552_/B
 user _552_/X
 user _553_/A_N
 user _553_/B
 user _553_/C
 user _553_/D
 user _553_/Y
 user _554_/A
 user _554_/B
 user _554_/Y
 user _555_/A
 user _555_/B
 user _555_/C
 user _555_/Y
 user _556_/A1
 user _556_/A2
 user _556_/B1
 user _556_/Y
 user _557_/A
 user _557_/B
 user _557_/C
 user _557_/X
 user _559_/A
 user _559_/B
 user _559_/Y
 user _560_/A
 user _560_/B
 user _560_/C
 user _560_/Y
 user _561_/A
 user _561_/B
 user _561_/Y
 user _562_/A
 user _562_/B
 user _562_/Y
 user _563_/A
 user _563_/B
 user _563_/X
 user _564_/A
 user _564_/B
 user _564_/C
 user _564_/X
 user _566_/A
 user _566_/B
 user _566_/C
 user _566_/Y
 user _567_/A
 user _567_/B
 user _567_/C
 user _567_/X
 user _568_/A
 user _568_/B
 user _568_/X
 user _569_/A
 user _569_/B
 user _569_/Y
 user _570_/A
 user _570_/B
 user _570_/Y
 user _571_/A
 user _571_/B
 user _571_/Y
 user _572_/A_N
 user _572_/B
 user _572_/C
 user _572_/Y
 user _573_/A
 user _573_/B
 user _573_/C
 user _573_/Y
 user _574_/A
 user _574_/B
 user _574_/Y
 user _575_/A
 user _575_/B
 user _575_/Y
 user _576_/A
 user _576_/B
 user _576_/X
 user _578_/A
 user _578_/B
 user _578_/C
 user _578_/Y
 user _579_/A
 user _579_/B
 user _579_/Y
 user _581_/A
 user _581_/B
 user _581_/X
 user _582_/A_N
 user _582_/B
 user _582_/C
 user _582_/X
 user _583_/A
 user _583_/B
 user _583_/Y
 user _584_/A_N
 user _584_/B
 user _584_/C
 user _584_/Y
 user _585_/A
 user _585_/B
 user _585_/Y
 user _586_/A
 user _586_/B
 user _586_/C
 user _586_/Y
 user _587_/A
 user _587_/B
 user _587_/Y
 user _588_/A
 user _588_/B
 user _588_/Y
 user _589_/A
 user _589_/B
 user _589_/Y
 user _590_/A1
 user _590_/A2
 user _590_/B1
 user _590_/B2
 user _590_/Y
 user _591_/A
 user _591_/B
 user _591_/C
 user _591_/X
 user _593_/A_N
 user _593_/B
 user _593_/C
 user _593_/Y
 user _594_/A
 user _594_/B
 user _594_/Y
 user _596_/A
 user _596_/B
 user _596_/C
 user _596_/Y
 user _597_/A
 user _597_/B
 user _597_/X
 user _598_/A
 user _598_/B
 user _598_/Y
 user _599_/A
 user _599_/B
 user _599_/C
 user _599_/D
 user _599_/Y
 user _600_/A
 user _600_/B
 user _600_/Y
 user _601_/A
 user _601_/B
 user _601_/X
 user _602_/A
 user _602_/B
 user _602_/C
 user _602_/Y
 user _603_/A
 user _603_/B
 user _603_/Y
 user _604_/A
 user _604_/B
 user _604_/C
 user _604_/X
 user _606_/A
 user _606_/B
 user _606_/Y
 user _607_/A
 user _607_/B
 user _607_/Y
 user _608_/A
 user _608_/B
 user _608_/X
 user _609_/A
 user _609_/B
 user _609_/C
 user _609_/Y
 user _610_/A
 user _610_/B
 user _610_/Y
 user _611_/A
 user _611_/B
 user _611_/Y
 user _612_/A
 user _612_/B
 user _612_/Y
 user _613_/A
 user _613_/B
 user _613_/Y
 user _614_/A
 user _614_/B
 user _614_/X
 user _615_/A
 user _615_/B
 user _615_/Y
 user _616_/A
 user _616_/B
 user _616_/Y
 user _617_/A
 user _617_/B
 user _617_/C
 user _617_/Y
 user _618_/A
 user _618_/B
 user _618_/Y
 user _619_/A_N
 user _619_/B
 user _619_/Y
 user _620_/A_N
 user _620_/B
 user _620_/C
 user _620_/D
 user _620_/Y
 user _621_/A
 user _621_/B
 user _621_/Y
 user _622_/A
 user _622_/B
 user _622_/Y
 user _623_/A
 user _623_/B
 user _623_/C
 user _623_/Y
 user _624_/A
 user _624_/B
 user _624_/Y
 user _625_/A_N
 user _625_/B
 user _625_/C
 user _625_/D
 user _625_/Y
 user _626_/A
 user _626_/B
 user _626_/Y
 user _627_/A
 user _627_/B
 user _627_/C
 user _627_/D
 user _627_/Y
 user _628_/A
 user _628_/B
 user _628_/Y
 user _629_/A
 user _629_/B
 user _629_/C
 user _629_/Y
 user _630_/A
 user _630_/B
 user _630_/Y
 user _631_/A
 user _631_/B
 user _631_/C
 user _631_/Y
 user _632_/A
 user _632_/B
 user _632_/Y
 user _633_/A
 user _633_/B
 user _633_/Y
 user _634_/A
 user _634_/B
 user _634_/Y
 user _635_/A
 user _635_/B
 user _635_/C
 user _635_/D
 user _635_/Y
 user _636_/A
 user _636_/B
 user _636_/Y
 user _637_/A
 user _637_/B
 user _637_/C
 user _637_/Y
 user _638_/A
 user _638_/B
 user _638_/Y
 user _639_/A
 user _639_/B
 user _639_/C
 user _639_/D
 user _639_/Y
 user _640_/A
 user _640_/B
 user _640_/Y
 user _641_/A_N
 user _641_/B
 user _641_/C
 user _641_/Y
 user _642_/A
 user _642_/B
 user _642_/Y
 user _643_/A
 user _643_/B
 user _643_/C
 user _643_/Y
 user _644_/A
 user _644_/B
 user _644_/Y
 user _645_/A_N
 user _645_/B
 user _645_/C
 user _645_/Y
 user _646_/A
 user _646_/B
 user _646_/Y
 user _648_/A
 user _648_/B
 user _648_/X
 user _649_/A
 user _649_/B
 user _649_/C
 user _649_/Y
 user _650_/A
 user _650_/B
 user _650_/Y
 user _651_/A_N
 user _651_/B
 user _651_/C
 user _651_/Y
 user _652_/A
 user _652_/B
 user _652_/Y
 user _653_/A
 user _653_/B
 user _653_/C
 user _653_/Y
 user _654_/A
 user _654_/B
 user _654_/Y
 user _655_/A
 user _655_/B
 user _655_/Y
 user _656_/A
 user _656_/B
 user _656_/X
 user _657_/A_N
 user _657_/B
 user _657_/C
 user _657_/Y
 user _658_/A
 user _658_/B
 user _658_/Y
 user _659_/A
 user _659_/B
 user _659_/C
 user _659_/Y
 user _660_/A
 user _660_/B
 user _660_/Y
 user _661_/A
 user _661_/B
 user _661_/C
 user _661_/Y
 user _662_/A
 user _662_/B
 user _662_/Y
 user _663_/A
 user _663_/B
 user _663_/Y
 user _664_/A
 user _664_/B
 user _664_/Y
 user _665_/A
 user _665_/B
 user _665_/C
 user _665_/Y
 user _666_/A
 user _666_/B
 user _666_/Y
 user _667_/A
 user _667_/B
 user _667_/Y
 user _668_/A_N
 user _668_/B
 user _668_/C
 user _668_/Y
 user _669_/A
 user _669_/B
 user _669_/Y
 user _670_/A
 user _670_/B
 user _670_/C
 user _670_/Y
 user _671_/A
 user _671_/B
 user _671_/Y
 user _672_/A
 user _672_/B
 user _672_/C
 user _672_/Y
 user _673_/A
 user _673_/B
 user _673_/Y
 user _674_/A
 user _674_/B
 user _674_/C
 user _674_/Y
 user _675_/A
 user _675_/B
 user _675_/Y
 user _676_/A
 user _676_/B
 user _676_/Y
 user _677_/A
 user _677_/B
 user _677_/Y
 user _678_/A_N
 user _678_/B
 user _678_/C
 user _678_/D
 user _678_/Y
 user _679_/A
 user _679_/B
 user _679_/Y
 user _680_/A_N
 user _680_/B
 user _680_/C
 user _680_/Y
 user _681_/A
 user _681_/B
 user _681_/Y
 user _682_/A
 user _682_/B
 user _682_/C
 user _682_/Y
 user _683_/A
 user _683_/B
 user _683_/Y
 user _684_/A
 user _684_/B
 user _684_/Y
 user _685_/A
 user _685_/B
 user _685_/Y
 user _686_/A_N
 user _686_/B
 user _686_/C
 user _686_/Y
 user _687_/A
 user _687_/B
 user _687_/Y
 user _688_/A
 user _688_/B
 user _688_/C
 user _688_/Y
 user _689_/A
 user _689_/B
 user _689_/Y
 user _690_/A
 user _690_/B
 user _690_/C
 user _690_/Y
 user _691_/A
 user _691_/B
 user _691_/Y
 user _692_/A
 user _692_/B
 user _692_/C
 user _692_/Y
 user _693_/A
 user _693_/B
 user _693_/Y
 user _694_/A
 user _694_/B
 user _694_/Y
 user _695_/A
 user _695_/B
 user _695_/Y
 user _696_/A
 user _696_/B
 user _696_/C
 user _696_/Y
 user _697_/A
 user _697_/B
 user _697_/Y
 user _698_/A_N
 user _698_/B
 user _698_/C
 user _698_/Y
 user _699_/A
 user _699_/B
 user _699_/Y
 user _700_/A
 user _700_/B
 user _700_/C
 user _700_/Y
 user _701_/A
 user _701_/B
 user _701_/Y
 user _702_/A_N
 user _702_/B
 user _702_/C
 user _702_/Y
 user _703_/A
 user _703_/B
 user _703_/Y
 user _704_/A
 user _704_/B
 user _704_/Y
 user _705_/A
 user _705_/B
 user _705_/Y
 user _706_/A
 user _706_/B
 user _706_/X
 user _707_/A
 user _707_/B
 user _707_/Y
 user _708_/A
 user _708_/B
 user _708_/Y
 user _709_/A
 user _709_/B
 user _709_/X
 user _710_/A
 user _710_/B
 user _710_/Y
 user _711_/A
 user _711_/B
 user _712_/A
 user _712_/B
 user _712_/X
 user _713_/A
 user _713_/B
 user _713_/Y
 user _714_/A
 user _714_/B
 user _714_/X
 user _715_/A
 user _715_/B
 user _715_/Y
 user _716_/A
 user _716_/B
 user _716_/Y
 user _717_/A
 user _717_/B
 user _717_/Y
 user _718_/A
 user _718_/B
 user _718_/Y
 user _719_/A
 user _719_/B
 user _719_/Y
 user _720_/A
 user _720_/B
 user _720_/X
 user _721_/A
 user _721_/B
 user _721_/Y
 user _722_/A
 user _722_/B
 user _722_/Y
 user _723_/A
 user _723_/B
 user _723_/X
 user _724_/A
 user _724_/B
 user _724_/Y
 user _725_/A
 user _725_/B
 user _725_/Y
 user _726_/A
 user _726_/B
 user _726_/Y
 user _727_/A
 user _727_/B
 user _727_/X
 user _728_/A
 user _728_/B
 user _728_/Y
 user _729_/A
 user _729_/B
 user _729_/Y
 user _730_/A
 user _730_/B
 user _730_/Y
 user _731_/A
 user _731_/B
 user _731_/Y
 user _732_/A
 user _732_/B
 user _732_/X
 user _733_/A
 user _733_/B
 user _733_/Y
 user _734_/A
 user _734_/B
 user _734_/Y
 user _735_/A
 user _735_/B
 user _735_/Y
 user _736_/A
 user _736_/B
 user _736_/Y
 user _737_/A
 user _737_/B
 user _737_/Y
 user _738_/A
 user _738_/B
 user _738_/Y
 user _739_/A
 user _739_/B
 user _739_/Y
 user _740_/A
 user _740_/B
 user _740_/Y
 user _741_/A
 user _741_/B
 user _742_/A
 user _742_/B
 user _742_/Y
 user _743_/A
 user _743_/B
 user _743_/Y
 user _744_/A
 user _744_/B
 user _744_/Y
 user _745_/A
 user _745_/B
 user _745_/Y
 user _746_/A
 user _746_/B
 user _746_/Y
 user _747_/A
 user _747_/B
 user _747_/Y
 user _748_/A
 user _748_/B
 user _748_/Y
 user _749_/A
 user _749_/B
 user _749_/Y
 user _750_/A
 user _750_/B
 user _750_/X
 user _751_/A
 user _751_/B
 user _751_/Y
 user _752_/A
 user _752_/B
 user _752_/X
 user _753_/A
 user _753_/B
 user _753_/Y
 user _754_/A
 user _754_/B
 user _754_/Y
 user _755_/A
 user _755_/B
 user _755_/Y
 user _756_/A
 user _756_/B
 user _756_/Y
 user _757_/A
 user _757_/B
 user _757_/Y
 user _758_/A
 user _758_/B
 user _759_/A
 user _759_/B
 user _759_/X
 user _760_/A
 user _760_/B
 user _760_/Y
 user _761_/A
 user _761_/B
 user _761_/Y
 user _762_/A
 user _762_/B
 user _762_/X
 user _763_/A
 user _763_/B
 user _763_/Y
 user _764_/A
 user _764_/B
 user _764_/Y
 user _765_/A
 user _765_/B
 user _765_/Y
 user _766_/A
 user _766_/B
 user _766_/Y
 user _767_/A
 user _767_/B
 user _767_/Y
 user _768_/A
 user _768_/B
 user _769_/A
 user _769_/B
 user _769_/X
 user _770_/A
 user _770_/B
 user _770_/Y
 user _771_/A
 user _771_/B
 user _771_/Y
 user _772_/A
 user _772_/B
 user _772_/Y
 user _773_/A
 user _773_/B
 user _773_/Y
 user _774_/A
 user _774_/B
 user _774_/Y
 user _775_/A
 user _775_/B
 user _775_/Y
 user _776_/A
 user _776_/B
 user _776_/X
 user _777_/A
 user _777_/B
 user _777_/Y
 user _778_/A
 user _778_/B
 user _778_/Y
 user _779_/A
 user _779_/B
 user _779_/Y
 user _780_/A
 user _780_/B
 user _780_/Y
 user _781_/A
 user _781_/B
 user _781_/Y
 user _782_/A
 user _782_/B
 user _782_/Y
 user _783_/A
 user _783_/B
 user _783_/X
 user _784_/A
 user _784_/B
 user _784_/Y
 user _785_/A
 user _785_/B
 user _785_/Y
 user _786_/A
 user _786_/B
 user _786_/Y
 user _787_/A
 user _787_/B
 user _787_/X
 user _788_/A
 user _788_/B
 user _788_/Y
 user _789_/A
 user _789_/B
 user _789_/X
 user _790_/A
 user _790_/B
 user _790_/Y
 user _791_/A
 user _791_/B
 user _791_/Y
 user _792_/A
 user _792_/B
 user _792_/Y
 user _793_/A
 user _793_/B
 user _793_/Y
 user _794_/A
 user _794_/B
 user _794_/Y
 user _795_/A
 user _795_/B
 user _795_/Y
 user _796_/A
 user _796_/B
 user _796_/Y
 user _797_/A
 user _797_/B
 user _797_/Y
 user _798_/A
 user _798_/B
 user _799_/A
 user _799_/B
 user _799_/X
 user _800_/A
 user _800_/B
 user _800_/Y
 user _801_/A
 user _801_/B
 user _801_/Y
 user _802_/A
 user _802_/B
 user _802_/Y
 user _803_/A
 user _803_/B
 user _803_/Y
 user _804_/A
 user _804_/B
 user _804_/X
 user _805_/A
 user _805_/B
 user _805_/Y
 user _806_/A
 user _806_/B
 user _806_/Y
 user _807_/A
 user _807_/B
 user _807_/Y
 user _808_/A
 user _808_/B
 user _808_/Y
 user _809_/A
 user _809_/B
 user _809_/Y
 user _810_/A
 user _810_/B
 user _810_/Y
 user _811_/A
 user _811_/B
 user _811_/Y
 user _812_/A
 user _812_/B
 user _812_/Y
 user _813_/A
 user _813_/B
 user _813_/Y
 user _814_/A
 user _814_/B
 user _814_/X
 user _815_/A
 user _815_/B
 user _815_/Y
 user _816_/A
 user _816_/B
 user _816_/Y
 user _817_/A
 user _817_/B
 user _817_/Y
 user _818_/A
 user _818_/B
 user _818_/Y
 user _819_/A
 user _819_/B
 user _820_/A
 user _820_/B
 user _820_/Y
 user _821_/A
 user _821_/B
 user _821_/Y
 user _822_/A
 user _822_/B
 user _822_/Y
 user _823_/A
 user _823_/B
 user _823_/X
 user _824_/A
 user _824_/B
 user _824_/Y
 user _825_/A
 user _825_/B
 user _825_/Y
 user _826_/A
 user _826_/B
 user _826_/Y
 user _827_/A
 user _827_/B
 user _827_/Y
 user _828_/A
 user _828_/B
 user _828_/Y
 user _829_/A
 user _829_/B
 user _829_/Y
 user _830_/A
 user _830_/B
 user _830_/Y
 user _831_/A
 user _831_/B
 user _831_/Y
 user _832_/A
 user _832_/B
 user _833_/A
 user _833_/B
 user _833_/C
 user _833_/Y
 user _834_/A
 user _834_/B
 user _834_/Y
 user _835_/A_N
 user _835_/B
 user _835_/C
 user _835_/Y
 user _836_/A
 user _836_/B
 user _836_/Y
 user _837_/A
 user _837_/B
 user _837_/C
 user _837_/Y
 user _838_/A
 user _838_/B
 user _838_/Y
 user _839_/A
 user _839_/B
 user _839_/C
 user _839_/Y
 user _840_/A
 user _840_/B
 user _840_/Y
 user _841_/A_N
 user _841_/B
 user _841_/C
 user _841_/Y
 user _842_/A
 user _842_/B
 user _842_/Y
 user _843_/A
 user _843_/B
 user _843_/C
 user _843_/D
 user _843_/Y
 user _844_/A
 user _844_/B
 user _844_/Y
 user _845_/A
 user _845_/B
 user _845_/Y
 user _846_/A
 user _846_/B
 user _846_/Y
 user _847_/A
 user _847_/B
 user _847_/X
 user _848_/A
 user _848_/B
 user _848_/Y
 user _849_/A
 user _849_/B
 user _849_/Y
 user _850_/A
 user _850_/B
 user _850_/Y
 user _851_/A
 user _851_/B
 user _851_/C
 user _851_/X
 user _852_/A
 user _852_/B
 user _852_/Y
 user _853_/A
 user _853_/B
 user _853_/Y
 user _854_/A
 user _854_/B
 user _854_/X
 user _855_/A
 user _855_/B
 user _856_/A
 user _856_/B
 user _856_/Y
 user _857_/A
 user _857_/B
 user _857_/Y
 user _858_/A
 user _858_/B
 user _858_/X
 user clkbuf_0_clk/A
 user clkbuf_0_clk/X
 user clkbuf_1_0__f_clk/A
 user clkbuf_1_0__f_clk/X
 user clkbuf_1_1__f_clk/A
 user clkbuf_1_1__f_clk/X
 user clkload0/A
 user hold774/A
 user hold774/X
 user hold775/A
 user hold775/X
 user hold776/A
 user hold776/X
 user hold777/A
 user hold777/X
 user hold778/A
 user hold778/X
 user hold779/A
 user hold779/X
 user hold780/A
 user hold780/X
 user hold781/A
 user hold781/X
 user input17/X
 user input18/X
 user input19/X
 user input20/X
 user input21/X
 user input22/X
 user input23/X
 user input24/X
 user input25/A
 user input25/X
 user input26/X
 user input27/X
 user input28/X
 user input29/X
 user input30/X
 user input31/X
 user input32/X
 user input33/X
 user input34/X
 user input35/X
 user input36/X
 user input37/X
 user input38/X
 user input39/X
 user input40/X
 user input41/X
 user input42/X
 user input43/X
 user input44/X
 user input45/X
 user input46/X
 user input47/X
 user input48/X
 user input49/X
 user input50/X
 user input51/X
 user input52/X
 user input53/X
 user input54/X
 user input55/X
 user input56/X
 user input57/X
 user input58/X
 user input59/X
 user input60/X
 user input61/X
 user input62/X
 user input63/X
 user input64/X
 user input65/X
 user input66/X
 user input67/X
 user input68/X
 user input69/X
 user input70/X
 user input71/X
 user input72/X
 user input73/X
 user input74/X
 user input75/X
 user input76/X
 user input77/X
 user input78/X
 user input79/X
 user input80/X
 user input81/X
 user input82/X
 user input83/X
 user input84/X
 user input85/X
 user input86/X
 user input87/X
 user input88/X
 user input89/X
 user input90/A
 user input90/X
 user input91/A
 user input91/X
 user max_cap168/A
 user max_cap168/X
 user max_cap169/A
 user max_cap169/X
 user max_cap170/A
 user max_cap170/X
 user max_cap171/X
 user max_cap172/A
 user max_cap172/X
 user max_cap173/X
 user max_cap174/X
 user max_cap175/A
 user max_cap175/X
 user max_cap176/X
 user max_cap177/A
 user max_cap177/X
 user max_cap178/X
 user max_cap179/A
 user max_cap179/X
 user max_cap180/A
 user max_cap180/X
 user max_cap181/X
 user max_cap182/A
 user max_cap182/X
 user max_cap183/A
 user max_cap183/X
 user max_cap184/A
 user max_cap184/X
 user max_cap185/A
 user max_cap185/X
 user max_cap186/A
 user max_cap186/X
 user max_cap187/A
 user max_cap187/X
 user max_cap188/A
 user max_cap188/X
 user max_cap189/X
 user max_cap190/A
 user max_cap190/X
 user max_cap191/X
 user max_cap192/X
 user max_cap193/A
 user max_cap193/X
 user max_cap194/A
 user max_cap194/X
 user max_cap195/A
 user max_cap195/X
 user max_cap196/A
 user max_cap196/X
 user max_cap197/A
 user max_cap197/X
 user max_cap198/A
 user max_cap198/X
 user max_cap199/A
 user max_cap199/X
 user max_cap200/X
 user max_cap201/A
 user max_cap201/X
 user max_cap202/X
 user max_cap203/A
 user max_cap203/X
 user max_cap204/A
 user max_cap204/X
 user max_cap205/X
 user max_cap206/X
 user max_cap207/A
 user max_cap207/X
 user max_cap208/A
 user max_cap208/X
 user max_cap209/A
 user max_cap209/X
 user max_cap210/A
 user max_cap210/X
 user max_cap211/X
 user max_cap212/A
 user max_cap212/X
 user max_cap213/A
 user max_cap213/X
 user max_cap214/A
 user max_cap214/X
 user max_cap215/A
 user max_cap215/X
 user max_cap216/A
 user max_cap216/X
 user max_cap217/A
 user max_cap217/X
 user max_cap218/X
 user max_cap219/A
 user max_cap219/X
 user max_cap220/A
 user max_cap220/X
 user max_cap221/A
 user max_cap221/X
 user max_cap222/A
 user max_cap222/X
 user max_cap223/A
 user max_cap223/X
 user max_cap224/A
 user max_cap224/X
 user max_cap225/A
 user max_cap225/X
 user max_cap226/A
 user max_cap226/X
 user max_cap227/A
 user max_cap227/X
 user max_cap228/A
 user max_cap228/X
 user max_cap229/A
 user max_cap229/X
 user max_cap230/X
 user max_cap231/A
 user max_cap231/X
 user max_cap232/A
 user max_cap232/X
 user max_cap233/X
 user max_cap234/A
 user max_cap234/X
 user max_cap235/X
 user max_cap236/A
 user max_cap236/X
 user max_cap237/X
 user max_cap238/X
 user max_cap239/A
 user max_cap239/X
 user max_cap240/X
 user max_cap241/A
 user max_cap241/X
 user max_cap242/X
 user max_cap243/A
 user max_cap243/X
 user max_cap244/A
 user max_cap244/X
 user max_cap245/A
 user max_cap245/X
 user max_cap246/X
 user max_cap247/A
 user max_cap247/X
 user max_cap248/A
 user max_cap248/X
 user max_cap249/A
 user max_cap249/X
 user max_cap250/X
 user max_cap251/A
 user max_cap251/X
 user max_cap252/X
 user max_cap253/A
 user max_cap253/X
 user max_cap254/X
 user max_cap255/A
 user max_cap255/X
 user max_cap256/X
 user max_cap257/A
 user max_cap257/X
 user max_cap258/A
 user max_cap258/X
 user max_cap259/X
 user max_cap260/A
 user max_cap260/X
 user max_cap261/A
 user max_cap261/X
 user max_cap262/A
 user max_cap262/X
 user max_cap263/A
 user max_cap263/X
 user max_cap264/A
 user max_cap264/X
 user max_cap265/A
 user max_cap265/X
 user max_cap266/X
 user max_cap267/A
 user max_cap267/X
 user max_cap268/X
 user max_cap269/X
 user max_cap270/A
 user max_cap270/X
 user max_cap271/A
 user max_cap271/X
 user max_cap272/A
 user max_cap272/X
 user max_cap273/A
 user max_cap273/X
 user max_cap274/A
 user max_cap274/X
 user max_cap275/A
 user max_cap275/X
 user max_cap276/A
 user max_cap276/X
 user max_cap277/A
 user max_cap277/X
 user max_cap278/A
 user max_cap278/X
 user max_cap279/X
 user max_cap280/A
 user max_cap280/X
 user max_cap281/X
 user max_cap282/A
 user max_cap282/X
 user max_cap283/A
 user max_cap283/X
 user max_cap284/A
 user max_cap284/X
 user max_cap285/X
 user max_cap559/X
 user max_cap560/X
 user max_cap561/X
 user max_cap562/X
 user max_cap563/X
 user max_cap564/X
 user max_cap565/X
 user max_cap566/X
 user max_cap567/X
 user max_cap568/X
 user max_cap569/X
 user max_cap570/X
 user max_cap571/X
 user max_cap572/X
 user max_cap573/A
 user max_cap573/X
 user max_cap574/X
 user max_cap575/X
 user max_cap576/A
 user max_cap576/X
 user max_cap577/X
 user max_cap578/X
 user max_cap579/X
 user max_cap580/X
 user max_cap581/X
 user max_cap582/X
 user max_cap583/X
 user max_cap584/X
 user max_cap585/X
 user max_cap586/A
 user max_cap586/X
 user max_cap587/X
 user max_cap588/X
 user max_cap589/X
 user max_cap590/A
 user max_cap590/X
 user max_cap591/X
 user max_cap592/A
 user max_cap592/X
 user max_cap593/X
 user max_cap594/A
 user max_cap594/X
 user max_cap595/X
 user max_cap596/A
 user max_cap596/X
 user max_cap597/X
 user max_cap598/X
 user max_cap599/X
 user max_cap600/A
 user max_cap600/X
 user max_cap601/X
 user max_cap602/X
 user max_cap603/X
 user max_cap604/X
 user max_cap605/A
 user max_cap605/X
 user max_cap606/X
 user max_cap607/X
 user max_cap608/X
 user max_cap609/X
 user max_cap610/X
 user max_cap611/X
 user max_cap612/X
 user max_cap613/X
 user max_cap614/X
 user max_cap615/X
 user max_cap616/X
 user max_cap617/X
 user max_cap618/A
 user max_cap618/X
 user max_cap619/X
 user max_cap620/X
 user max_cap621/X
 user max_cap622/X
 user max_cap623/X
 user max_cap624/X
 user max_cap625/X
 user max_cap626/X
 user max_cap627/X
 user max_cap628/X
 user max_cap629/X
 user max_cap630/X
 user max_cap631/X
 user max_cap632/X
 user max_cap633/X
 user output117/A
 user output136/A
 user place375/A
 user place376/A
 user place377/A
 user place378/A
 user place379/A
 user place380/A
 user place381/A
 user place382/A
 user place383/A
 user place384/A
 user place385/A
 user place386/A
 user place387/A
 user place388/A
 user place389/A
 user place390/A
 user place391/A
 user place392/A
 user place393/A
 user place394/A
 user place395/A
 user place396/A
 user place397/A
 user place398/A
 user place399/A
 user place400/A
 user place401/A
 user place402/A
 user place403/A
 user place404/A
 user place405/A
 user place406/A
 user place407/A
 user place408/A
 user place409/A
 user place410/A
 user place411/A
 user place412/A
 user place413/A
 user place414/A
 user place415/A
 user place416/A
 user place459/A
 user place460/A
 user place461/A
 user place636/A
 user place637/A
 user place638/A
 user place639/A
 user place640/A
 user place641/A
 user place642/A
 user place643/A
 user place644/A
 user place645/A
 user place646/A
 user place647/A
 user place648/A
 user place649/A
 user place650/A
 user place651/A
 user place652/A
 user place653/A
 user place653/X
 user place654/A
 user place654/X
 user place655/A
 user place655/X
 user place656/X
 user place657/A
 user place657/X
 user place658/A
 user place658/X
 user place659/A
 user place659/X
 user place660/A
 user place660/X
 user place661/A
 user place661/X
 user place662/A
 user place662/X
 user place663/A
 user place663/X
 user place664/A
 user place664/X
 user place665/A
 user place665/X
 user place666/A
 user place666/X
 user place667/A
 user place667/X
 user place668/X
 user place669/X
 user place670/X
 user place671/X
 user place672/X
 user place673/A
 user place673/X
 user place674/A
 user place674/X
 user place675/A
 user place675/X
 user place676/A
 user place676/X
 user place677/A
 user place677/X
 user place678/A
 user place678/X
 user place679/A
 user place679/X
 user place680/A
 user place680/X
 user place681/A
 user place681/X
 user place682/A
 user place682/X
 user place683/A
 user place683/X
 user place684/A
 user place684/X
 user place685/X
 user place686/A
 user place686/X
 user place687/A
 user place687/X
 user place688/A
 user place688/X
 user place689/A
 user place689/X
 user place690/A
 user place690/X
 user place691/A
 user place691/X
 user place692/A
 user place692/X
 user place693/A
 user place693/X
 user place694/A
 user place694/X
 user place695/A
 user place695/X
 user place696/A
 user place696/X
 user place697/A
 user place697/X
 user place698/A
 user place698/X
 user place699/A
 user place699/X
 user place700/A
 user place700/X
 user place701/A
 user place701/X
 user place702/A
 user place702/X
 user place703/A
 user place703/X
 user place704/A
 user place704/X
 user place705/A
 user place705/X
 user place706/A
 user place706/X
 user place707/A
 user place707/X
 user place708/A
 user place708/X
 user place709/A
 user place709/X
 user place710/A
 user place710/X
 user place711/A
 user place711/X
 user place712/A
 user place712/X
 user place713/A
 user place713/X
 user place714/A
 user place714/X
 user place715/A
 user place715/X
 user place716/A
 user place716/X
 user place717/A
 user place717/X
 user place718/A
 user place718/X
 user place719/A
 user place719/X
 user place720/A
 user place720/X
 user place721/A
 user place721/X
 user place722/A
 user place722/X
 user place723/A
 user place723/X
 user place724/A
 user place724/X
 user place725/A
 user place725/X
 user place726/A
 user place726/X
 user place727/A
 user place727/X
 user place728/A
 user place728/X
 user place729/A
 user place729/X
 user place730/A
 user place730/X
 user place731/A
 user place731/X
 user place732/A
 user place732/X
 user place733/A
 user place733/X
 user place734/A
 user place734/X
 user place735/A
 user place735/X
 user place736/A
 user place736/X
 user place737/A
 user place737/X
 user place738/A
 user place738/X
 user place739/A
 user place739/X
 user place740/A
 user place740/X
 user place741/A
 user place741/X
 user place742/A
 user place742/X
 user place743/A
 user place743/X
 user place744/A
 user place744/X
 user place745/A
 user place745/X
 user place746/A
 user place746/X
 user place747/A
 user place747/X
 user place748/A
 user place748/X
 user place749/A
 user place749/X
 user place750/A
 user place750/X
 user place751/A
 user place751/X
 user place752/A
 user place752/X
 user place753/A
 user place753/X
 user place754/A
 user place754/X
 user place755/A
 user place755/X
 user place756/A
 user place756/X
 user place757/A
 user place757/X
 user place758/A
 user place758/X
 user place759/A
 user place759/X
 user place760/A
 user place760/X
 user place761/A
 user place761/X
 user place762/A
 user place762/X
 user place763/A
 user place763/X
 user place764/A
 user place764/X
 user place765/A
 user place765/X
 user place766/A
 user place766/X
 user place767/A
 user place767/X
 user place768/A
 user place768/X
 user place769/A
 user place769/X
 user place770/A
 user place770/X
 user place771/A
 user place771/X
 user place772/A
 user place772/X
 user place773/A
 user place773/X
 user u_data/addr[0]
 user u_data/addr[1]
 user u_data/addr[2]
 user u_data/addr[3]
 user u_data/addr[4]
 user u_data/addr[5]
 user u_data/addr[6]
 user u_data/addr[7]
 user u_data/ce
 user u_data/clk
 user u_data/din[0]
 user u_data/din[10]
 user u_data/din[11]
 user u_data/din[12]
 user u_data/din[13]
 user u_data/din[14]
 user u_data/din[15]
 user u_data/din[16]
 user u_data/din[17]
 user u_data/din[18]
 user u_data/din[19]
 user u_data/din[1]
 user u_data/din[20]
 user u_data/din[21]
 user u_data/din[22]
 user u_data/din[23]
 user u_data/din[24]
 user u_data/din[25]
 user u_data/din[26]
 user u_data/din[27]
 user u_data/din[28]
 user u_data/din[29]
 user u_data/din[2]
 user u_data/din[30]
 user u_data/din[32]
 user u_data/din[33]
 user u_data/din[34]
 user u_data/din[35]
 user u_data/din[36]
 user u_data/din[37]
 user u_data/din[38]
 user u_data/din[39]
 user u_data/din[3]
 user u_data/din[40]
 user u_data/din[41]
 user u_data/din[42]
 user u_data/din[43]
 user u_data/din[44]
 user u_data/din[45]
 user u_data/din[46]
 user u_data/din[47]
 user u_data/din[48]
 user u_data/din[49]
 user u_data/din[4]
 user u_data/din[50]
 user u_data/din[51]
 user u_data/din[52]
 user u_data/din[53]
 user u_data/din[54]
 user u_data/din[55]
 user u_data/din[56]
 user u_data/din[57]
 user u_data/din[58]
 user u_data/din[59]
 user u_data/din[5]
 user u_data/din[60]
 user u_data/din[61]
 user u_data/din[62]
 user u_data/din[63]
 user u_data/din[6]
 user u_data/din[7]
 user u_data/din[8]
 user u_data/din[9]
 user u_data/rstb
 user u_data/we
 user u_data/wmask[0]
 user u_data/wmask[1]
 user u_data/wmask[2]
 user u_data/wmask[3]
 user u_data/wmask[4]
 user u_data/wmask[5]
 user u_data/wmask[6]
 user u_data/wmask[7]
 user u_data_1/HI
 user u_data_2/HI
 user u_data_3/HI
 user u_data_4/HI
 user u_data_5/HI
 user u_data_6/HI
 user u_data_7/HI
 user u_data_8/HI
 user u_ecc0/addr[0]
 user u_ecc0/addr[1]
 user u_ecc0/addr[2]
 user u_ecc0/addr[3]
 user u_ecc0/addr[4]
 user u_ecc0/addr[5]
 user u_ecc0/addr[6]
 user u_ecc0/addr[7]
 user u_ecc0/ce
 user u_ecc0/clk
 user u_ecc0/din[0]
 user u_ecc0/din[1]
 user u_ecc0/din[2]
 user u_ecc0/din[3]
 user u_ecc0/din[4]
 user u_ecc0/din[5]
 user u_ecc0/din[6]
 user u_ecc0/din[7]
 user u_ecc0/rstb
 user u_ecc0/we
 user u_ecc0/wmask[0]
 user u_ecc0/wmask[1]
 user u_ecc0/wmask[2]
 user u_ecc0/wmask[3]
 user u_ecc0/wmask[4]
 user u_ecc0/wmask[5]
 user u_ecc0/wmask[6]
 user u_ecc0/wmask[7]
 user u_ecc0_10/HI
 user u_ecc0_11/HI
 user u_ecc0_12/HI
 user u_ecc0_13/HI
 user u_ecc0_14/HI
 user u_ecc0_15/HI
 user u_ecc0_16/HI
 user u_ecc0_9/HI
 user wire289/A
 user wire289/X
 user wire290/A
 user wire290/X
 user wire634/A
 user wire634/X
 user wire635/A
 user wire635/X
