
==========================================================================
global place report_tns
--------------------------------------------------------------------------
tns max 0.00

==========================================================================
global place report_wns
--------------------------------------------------------------------------
wns max 0.00

==========================================================================
global place report_worst_slack
--------------------------------------------------------------------------
worst slack max 0.19

==========================================================================
global place report_clock_min_period
--------------------------------------------------------------------------
core_clk period_min = 9.81 fmax = 101.96

==========================================================================
global place report_checks -path_delay min
--------------------------------------------------------------------------
Startpoint: rstb (input port clocked by core_clk)
Endpoint: u_protected_memory.u_data
          (rising edge-triggered flip-flop clocked by core_clk)
Path Group: core_clk
Path Type: min

Fanout     Cap    Slew   Delay    Time   Description
-----------------------------------------------------------------------------
                  0.00    0.00    0.00   clock core_clk (rise edge)
                          0.00    0.00   clock network delay (ideal)
                          0.50    0.50 v input external delay
     1    0.05    0.00    0.00    0.50 v rstb (in)
                                         rstb (net)
                  0.01    0.01    0.51 v input90/A (sky130_fd_sc_hd__clkbuf_16)
     2    0.04    0.05    0.15    0.66 v input90/X (sky130_fd_sc_hd__clkbuf_16)
                                         net89 (net)
                  0.05    0.00    0.66 v wire304/A (sky130_fd_sc_hd__buf_16)
     1    0.02    0.03    0.13    0.78 v wire304/X (sky130_fd_sc_hd__buf_16)
                                         net303 (net)
                  0.03    0.00    0.79 v wire632/A (sky130_fd_sc_hd__buf_16)
     1    0.08    0.06    0.15    0.93 v wire632/X (sky130_fd_sc_hd__buf_16)
                                         net631 (net)
                  0.08    0.00    0.94 v u_protected_memory.u_data/rstb (sram22_256x64m4w8)
                                  0.94   data arrival time

                  0.00    0.00    0.00   clock core_clk (rise edge)
                          0.00    0.00   clock network delay (ideal)
                          0.10    0.10   clock uncertainty
                          0.00    0.10   clock reconvergence pessimism
                                  0.10 ^ u_protected_memory.u_data/clk (sram22_256x64m4w8)
                          4.87    4.97   library hold time
                                  4.97   data required time
-----------------------------------------------------------------------------
                                  4.97   data required time
                                 -0.94   data arrival time
-----------------------------------------------------------------------------
                                 -4.03   slack (VIOLATED)



==========================================================================
global place report_checks -path_delay max
--------------------------------------------------------------------------
Startpoint: u_protected_memory.u_data
            (rising edge-triggered flip-flop clocked by core_clk)
Endpoint: detected_uncorrectable (output port clocked by core_clk)
Path Group: core_clk
Path Type: max

Fanout     Cap    Slew   Delay    Time   Description
-----------------------------------------------------------------------------
                  0.00    0.00    0.00   clock core_clk (rise edge)
                          0.00    0.00   clock network delay (ideal)
                  0.00    0.00    0.00 ^ u_protected_memory.u_data/clk (sram22_256x64m4w8)
     2    0.03    0.27    3.45    3.45 ^ u_protected_memory.u_data/dout[56] (sram22_256x64m4w8)
                                         u_protected_memory.data_dout[56] (net)
                  0.20    0.00    3.45 ^ max_cap561/A (sky130_fd_sc_hd__clkdlybuf4s50_1)
     2    0.01    0.10    0.56    4.01 ^ max_cap561/X (sky130_fd_sc_hd__clkdlybuf4s50_1)
                                         net560 (net)
                  0.10    0.00    4.01 ^ max_cap560/A (sky130_fd_sc_hd__clkdlybuf4s50_1)
     1    0.00    0.06    0.50    4.51 ^ max_cap560/X (sky130_fd_sc_hd__clkdlybuf4s50_1)
                                         net559 (net)
                  0.06    0.00    4.51 ^ max_cap202/A (sky130_fd_sc_hd__clkdlybuf4s50_1)
     1    0.00    0.07    0.49    5.00 ^ max_cap202/X (sky130_fd_sc_hd__clkdlybuf4s50_1)
                                         net201 (net)
                  0.07    0.00    5.00 ^ _496_/C (sky130_fd_sc_hd__xnor3_1)
     3    0.02    0.13    0.29    5.29 v _496_/X (sky130_fd_sc_hd__xnor3_1)
                                         _038_ (net)
                  0.13    0.00    5.29 v _567_/A (sky130_fd_sc_hd__xnor2_1)
     1    0.01    0.19    0.24    5.53 ^ _567_/Y (sky130_fd_sc_hd__xnor2_1)
                                         _109_ (net)
                  0.19    0.00    5.53 ^ _570_/B (sky130_fd_sc_hd__xnor3_1)
     2    0.03    0.21    0.50    6.03 v _570_/X (sky130_fd_sc_hd__xnor3_1)
                                         _112_ (net)
                  0.21    0.00    6.03 v _575_/A (sky130_fd_sc_hd__xnor2_4)
     9    0.06    0.46    0.47    6.50 ^ _575_/Y (sky130_fd_sc_hd__xnor2_4)
                                         _117_ (net)
                  0.46    0.00    6.50 ^ place722/A (sky130_fd_sc_hd__buf_4)
     4    0.02    0.08    0.24    6.74 ^ place722/X (sky130_fd_sc_hd__buf_4)
                                         net721 (net)
                  0.08    0.00    6.74 ^ _602_/C (sky130_fd_sc_hd__nor4_4)
     5    0.02    0.12    0.06    6.80 v _602_/Y (sky130_fd_sc_hd__nor4_4)
                                         _141_ (net)
                  0.12    0.00    6.80 v place707/A (sky130_fd_sc_hd__buf_4)
     8    0.03    0.05    0.19    7.00 v place707/X (sky130_fd_sc_hd__buf_4)
                                         net706 (net)
                  0.05    0.00    7.00 v _831_/B2 (sky130_fd_sc_hd__a22oi_1)
     1    0.00    0.18    0.18    7.17 ^ _831_/Y (sky130_fd_sc_hd__a22oi_1)
                                         _310_ (net)
                  0.18    0.00    7.18 ^ _834_/A2 (sky130_fd_sc_hd__o22ai_1)
     1    0.01    0.08    0.12    7.29 v _834_/Y (sky130_fd_sc_hd__o22ai_1)
                                         _313_ (net)
                  0.08    0.00    7.29 v _848_/A (sky130_fd_sc_hd__nor4_1)
     1    0.01    0.43    0.44    7.73 ^ _848_/Y (sky130_fd_sc_hd__nor4_1)
                                         _327_ (net)
                  0.43    0.00    7.73 ^ _849_/B1 (sky130_fd_sc_hd__o21ai_2)
     2    0.01    0.11    0.13    7.86 v _849_/Y (sky130_fd_sc_hd__o21ai_2)
                                         _328_ (net)
                  0.11    0.00    7.86 v _851_/C1 (sky130_fd_sc_hd__a211oi_2)
     1    0.03    0.61    0.51    8.37 ^ _851_/Y (sky130_fd_sc_hd__a211oi_2)
                                         net92 (net)
                  0.61    0.00    8.38 ^ place634/A (sky130_fd_sc_hd__buf_4)
     1    0.01    0.05    0.22    8.60 ^ place634/X (sky130_fd_sc_hd__buf_4)
                                         net633 (net)
                  0.05    0.00    8.60 ^ output93/A (sky130_fd_sc_hd__clkdlybuf4s50_1)
     1    0.02    0.23    0.61    9.21 ^ output93/X (sky130_fd_sc_hd__clkdlybuf4s50_1)
                                         detected_uncorrectable (net)
                  0.23    0.00    9.21 ^ detected_uncorrectable (out)
                                  9.21   data arrival time

                  0.00   10.00   10.00   clock core_clk (rise edge)
                          0.00   10.00   clock network delay (ideal)
                         -0.10    9.90   clock uncertainty
                          0.00    9.90   clock reconvergence pessimism
                         -0.50    9.40   output external delay
                                  9.40   data required time
-----------------------------------------------------------------------------
                                  9.40   data required time
                                 -9.21   data arrival time
-----------------------------------------------------------------------------
                                  0.19   slack (MET)



==========================================================================
global place report_checks -unconstrained
--------------------------------------------------------------------------
Startpoint: u_protected_memory.u_data
            (rising edge-triggered flip-flop clocked by core_clk)
Endpoint: detected_uncorrectable (output port clocked by core_clk)
Path Group: core_clk
Path Type: max

Fanout     Cap    Slew   Delay    Time   Description
-----------------------------------------------------------------------------
                  0.00    0.00    0.00   clock core_clk (rise edge)
                          0.00    0.00   clock network delay (ideal)
                  0.00    0.00    0.00 ^ u_protected_memory.u_data/clk (sram22_256x64m4w8)
     2    0.03    0.27    3.45    3.45 ^ u_protected_memory.u_data/dout[56] (sram22_256x64m4w8)
                                         u_protected_memory.data_dout[56] (net)
                  0.20    0.00    3.45 ^ max_cap561/A (sky130_fd_sc_hd__clkdlybuf4s50_1)
     2    0.01    0.10    0.56    4.01 ^ max_cap561/X (sky130_fd_sc_hd__clkdlybuf4s50_1)
                                         net560 (net)
                  0.10    0.00    4.01 ^ max_cap560/A (sky130_fd_sc_hd__clkdlybuf4s50_1)
     1    0.00    0.06    0.50    4.51 ^ max_cap560/X (sky130_fd_sc_hd__clkdlybuf4s50_1)
                                         net559 (net)
                  0.06    0.00    4.51 ^ max_cap202/A (sky130_fd_sc_hd__clkdlybuf4s50_1)
     1    0.00    0.07    0.49    5.00 ^ max_cap202/X (sky130_fd_sc_hd__clkdlybuf4s50_1)
                                         net201 (net)
                  0.07    0.00    5.00 ^ _496_/C (sky130_fd_sc_hd__xnor3_1)
     3    0.02    0.13    0.29    5.29 v _496_/X (sky130_fd_sc_hd__xnor3_1)
                                         _038_ (net)
                  0.13    0.00    5.29 v _567_/A (sky130_fd_sc_hd__xnor2_1)
     1    0.01    0.19    0.24    5.53 ^ _567_/Y (sky130_fd_sc_hd__xnor2_1)
                                         _109_ (net)
                  0.19    0.00    5.53 ^ _570_/B (sky130_fd_sc_hd__xnor3_1)
     2    0.03    0.21    0.50    6.03 v _570_/X (sky130_fd_sc_hd__xnor3_1)
                                         _112_ (net)
                  0.21    0.00    6.03 v _575_/A (sky130_fd_sc_hd__xnor2_4)
     9    0.06    0.46    0.47    6.50 ^ _575_/Y (sky130_fd_sc_hd__xnor2_4)
                                         _117_ (net)
                  0.46    0.00    6.50 ^ place722/A (sky130_fd_sc_hd__buf_4)
     4    0.02    0.08    0.24    6.74 ^ place722/X (sky130_fd_sc_hd__buf_4)
                                         net721 (net)
                  0.08    0.00    6.74 ^ _602_/C (sky130_fd_sc_hd__nor4_4)
     5    0.02    0.12    0.06    6.80 v _602_/Y (sky130_fd_sc_hd__nor4_4)
                                         _141_ (net)
                  0.12    0.00    6.80 v place707/A (sky130_fd_sc_hd__buf_4)
     8    0.03    0.05    0.19    7.00 v place707/X (sky130_fd_sc_hd__buf_4)
                                         net706 (net)
                  0.05    0.00    7.00 v _831_/B2 (sky130_fd_sc_hd__a22oi_1)
     1    0.00    0.18    0.18    7.17 ^ _831_/Y (sky130_fd_sc_hd__a22oi_1)
                                         _310_ (net)
                  0.18    0.00    7.18 ^ _834_/A2 (sky130_fd_sc_hd__o22ai_1)
     1    0.01    0.08    0.12    7.29 v _834_/Y (sky130_fd_sc_hd__o22ai_1)
                                         _313_ (net)
                  0.08    0.00    7.29 v _848_/A (sky130_fd_sc_hd__nor4_1)
     1    0.01    0.43    0.44    7.73 ^ _848_/Y (sky130_fd_sc_hd__nor4_1)
                                         _327_ (net)
                  0.43    0.00    7.73 ^ _849_/B1 (sky130_fd_sc_hd__o21ai_2)
     2    0.01    0.11    0.13    7.86 v _849_/Y (sky130_fd_sc_hd__o21ai_2)
                                         _328_ (net)
                  0.11    0.00    7.86 v _851_/C1 (sky130_fd_sc_hd__a211oi_2)
     1    0.03    0.61    0.51    8.37 ^ _851_/Y (sky130_fd_sc_hd__a211oi_2)
                                         net92 (net)
                  0.61    0.00    8.38 ^ place634/A (sky130_fd_sc_hd__buf_4)
     1    0.01    0.05    0.22    8.60 ^ place634/X (sky130_fd_sc_hd__buf_4)
                                         net633 (net)
                  0.05    0.00    8.60 ^ output93/A (sky130_fd_sc_hd__clkdlybuf4s50_1)
     1    0.02    0.23    0.61    9.21 ^ output93/X (sky130_fd_sc_hd__clkdlybuf4s50_1)
                                         detected_uncorrectable (net)
                  0.23    0.00    9.21 ^ detected_uncorrectable (out)
                                  9.21   data arrival time

                  0.00   10.00   10.00   clock core_clk (rise edge)
                          0.00   10.00   clock network delay (ideal)
                         -0.10    9.90   clock uncertainty
                          0.00    9.90   clock reconvergence pessimism
                         -0.50    9.40   output external delay
                                  9.40   data required time
-----------------------------------------------------------------------------
                                  9.40   data required time
                                 -9.21   data arrival time
-----------------------------------------------------------------------------
                                  0.19   slack (MET)



==========================================================================
global place report_power
--------------------------------------------------------------------------
Group                  Internal  Switching    Leakage      Total
                          Power      Power      Power      Power (Watts)
----------------------------------------------------------------
Sequential             0.00e+00   0.00e+00   0.00e+00   0.00e+00   0.0%
Combinational          2.41e-04   4.17e-04   3.61e-09   6.58e-04  37.7%
Clock                  0.00e+00   0.00e+00   0.00e+00   0.00e+00   0.0%
Macro                  1.09e-03   0.00e+00   7.31e-07   1.09e-03  62.3%
Pad                    0.00e+00   0.00e+00   0.00e+00   0.00e+00   0.0%
----------------------------------------------------------------
Total                  1.33e-03   4.17e-04   7.34e-07   1.75e-03 100.0%
                          76.1%      23.9%       0.0%
