
==========================================================================
global route report_tns
--------------------------------------------------------------------------
tns max -0.07

==========================================================================
global route report_wns
--------------------------------------------------------------------------
wns max -0.07

==========================================================================
global route report_worst_slack
--------------------------------------------------------------------------
worst slack max -0.07

==========================================================================
global route report_clock_min_period
--------------------------------------------------------------------------
core_clk period_min = 10.07 fmax = 99.35

==========================================================================
global route report_clock_skew
--------------------------------------------------------------------------
Clock core_clk
No launch/capture paths found.


==========================================================================
global route report_checks -path_delay min
--------------------------------------------------------------------------
Startpoint: rstb (input port clocked by core_clk)
Endpoint: u_ecc0 (rising edge-triggered flip-flop clocked by core_clk)
Path Group: core_clk
Path Type: min

Fanout     Cap    Slew   Delay    Time   Description
-----------------------------------------------------------------------------
                          0.00    0.00   clock core_clk (rise edge)
                          0.00    0.00   clock network delay (propagated)
                          1.00    1.00 v input external delay
     1    0.01    0.00    0.00    1.00 v rstb (in)
                                         rstb (net)
                  0.00    0.00    1.00 v hold778/A (sky130_fd_sc_hd__dlygate4sd3_1)
     1    0.02    0.14    0.63    1.63 v hold778/X (sky130_fd_sc_hd__dlygate4sd3_1)
                                         net777 (net)
                  0.14    0.00    1.63 v hold774/A (sky130_fd_sc_hd__dlygate4sd3_1)
     1    0.01    0.10    0.65    2.29 v hold774/X (sky130_fd_sc_hd__dlygate4sd3_1)
                                         net773 (net)
                  0.10    0.00    2.29 v hold779/A (sky130_fd_sc_hd__dlygate4sd3_1)
     1    0.03    0.15    0.69    2.98 v hold779/X (sky130_fd_sc_hd__dlygate4sd3_1)
                                         net778 (net)
                  0.15    0.00    2.98 v input90/A (sky130_fd_sc_hd__clkbuf_16)
     1    0.00    0.02    0.18    3.16 v input90/X (sky130_fd_sc_hd__clkbuf_16)
                                         net89 (net)
                  0.02    0.00    3.16 v hold780/A (sky130_fd_sc_hd__dlygate4sd3_1)
     1    0.00    0.06    0.55    3.71 v hold780/X (sky130_fd_sc_hd__dlygate4sd3_1)
                                         net779 (net)
                  0.06    0.00    3.71 v hold775/A (sky130_fd_sc_hd__dlygate4sd3_1)
     1    0.01    0.09    0.60    4.32 v hold775/X (sky130_fd_sc_hd__dlygate4sd3_1)
                                         net774 (net)
                  0.09    0.00    4.32 v hold781/A (sky130_fd_sc_hd__dlygate4sd3_1)
     2    0.04    0.23    0.75    5.07 v hold781/X (sky130_fd_sc_hd__dlygate4sd3_1)
                                         net780 (net)
                  0.23    0.00    5.07 v wire289/A (sky130_fd_sc_hd__buf_16)
     1    0.02    0.03    0.21    5.29 v wire289/X (sky130_fd_sc_hd__buf_16)
                                         net288 (net)
                  0.03    0.00    5.29 v wire635/A (sky130_fd_sc_hd__buf_16)
     1    0.08    0.06    0.15    5.44 v wire635/X (sky130_fd_sc_hd__buf_16)
                                         net634 (net)
                  0.08    0.00    5.44 v u_ecc0/rstb (sram22_256x8m8w1)
                                  5.44   data arrival time

                          0.00    0.00   clock core_clk (rise edge)
                          0.00    0.00   clock source latency
     2    0.06    0.00    0.00    0.00 ^ clk (in)
                                         clk (net)
                  0.00    0.00    0.00 ^ clkbuf_0_clk/A (sky130_fd_sc_hd__clkbuf_16)
     2    0.03    0.05    0.12    0.12 ^ clkbuf_0_clk/X (sky130_fd_sc_hd__clkbuf_16)
                                         clknet_0_clk (net)
                  0.05    0.00    0.12 ^ clkbuf_1_0__f_clk/A (sky130_fd_sc_hd__clkbuf_16)
     2    0.20    0.21    0.25    0.36 ^ clkbuf_1_0__f_clk/X (sky130_fd_sc_hd__clkbuf_16)
                                         clknet_1_0__leaf_clk (net)
                  0.28    0.02    0.38 ^ u_ecc0/clk (sram22_256x8m8w1)
                          0.10    0.48   clock uncertainty
                          0.00    0.48   clock reconvergence pessimism
                          4.76    5.25   library hold time
                                  5.25   data required time
-----------------------------------------------------------------------------
                                  5.25   data required time
                                 -5.44   data arrival time
-----------------------------------------------------------------------------
                                  0.19   slack (MET)



==========================================================================
global route report_checks -path_delay max
--------------------------------------------------------------------------
Startpoint: u_data (rising edge-triggered flip-flop clocked by core_clk)
Endpoint: payload_out[30] (output port clocked by core_clk)
Path Group: core_clk
Path Type: max

Fanout     Cap    Slew   Delay    Time   Description
-----------------------------------------------------------------------------
                          0.00    0.00   clock core_clk (rise edge)
                          0.00    0.00   clock source latency
     2    0.06    0.00    0.00    0.00 ^ clk (in)
                                         clk (net)
                  0.00    0.00    0.00 ^ clkbuf_0_clk/A (sky130_fd_sc_hd__clkbuf_16)
     2    0.03    0.05    0.12    0.12 ^ clkbuf_0_clk/X (sky130_fd_sc_hd__clkbuf_16)
                                         clknet_0_clk (net)
                  0.05    0.00    0.12 ^ clkbuf_1_1__f_clk/A (sky130_fd_sc_hd__clkbuf_16)
     1    0.38    0.39    0.34    0.46 ^ clkbuf_1_1__f_clk/X (sky130_fd_sc_hd__clkbuf_16)
                                         clknet_1_1__leaf_clk (net)
                  0.52    0.04    0.51 ^ u_data/clk (sram22_256x64m4w8)
     2    0.01    0.08    3.45    3.96 v u_data/dout[40] (sram22_256x64m4w8)
                                         data_dout[40] (net)
                  0.06    0.00    3.96 v max_cap601/A (sky130_fd_sc_hd__clkdlybuf4s25_1)
     2    0.01    0.11    0.31    4.27 v max_cap601/X (sky130_fd_sc_hd__clkdlybuf4s25_1)
                                         net600 (net)
                  0.11    0.00    4.27 v max_cap600/A (sky130_fd_sc_hd__clkdlybuf4s50_1)
     1    0.00    0.06    0.45    4.72 v max_cap600/X (sky130_fd_sc_hd__clkdlybuf4s50_1)
                                         net599 (net)
                  0.06    0.00    4.72 v max_cap229/A (sky130_fd_sc_hd__clkdlybuf4s25_1)
     1    0.01    0.08    0.28    5.00 v max_cap229/X (sky130_fd_sc_hd__clkdlybuf4s25_1)
                                         net228 (net)
                  0.08    0.00    5.00 v _394_/A (sky130_fd_sc_hd__xnor2_1)
     1    0.01    0.19    0.22    5.22 ^ _394_/Y (sky130_fd_sc_hd__xnor2_1)
                                         _001_ (net)
                  0.19    0.00    5.22 ^ _395_/B (sky130_fd_sc_hd__xnor2_1)
     1    0.01    0.18    0.16    5.38 ^ _395_/Y (sky130_fd_sc_hd__xnor2_1)
                                         _002_ (net)
                  0.18    0.00    5.38 ^ _401_/A (sky130_fd_sc_hd__xnor3_4)
     2    0.03    0.13    0.58    5.97 v _401_/X (sky130_fd_sc_hd__xnor3_4)
                                         _008_ (net)
                  0.13    0.00    5.97 v _485_/A (sky130_fd_sc_hd__xnor2_4)
     2    0.02    0.23    0.27    6.24 ^ _485_/Y (sky130_fd_sc_hd__xnor2_4)
                                         _092_ (net)
                  0.23    0.00    6.24 ^ _490_/A (sky130_fd_sc_hd__xnor2_2)
     2    0.01    0.10    0.14    6.38 v _490_/Y (sky130_fd_sc_hd__xnor2_2)
                                         _097_ (net)
                  0.10    0.00    6.38 v place675/A (sky130_fd_sc_hd__buf_4)
     8    0.03    0.06    0.19    6.56 v place675/X (sky130_fd_sc_hd__buf_4)
                                         net674 (net)
                  0.06    0.00    6.57 v _508_/B1 (sky130_fd_sc_hd__a21oi_1)
     4    0.02    0.37    0.31    6.88 ^ _508_/Y (sky130_fd_sc_hd__a21oi_1)
                                         _115_ (net)
                  0.37    0.00    6.88 ^ _518_/A2 (sky130_fd_sc_hd__o21a_1)
     9    0.03    0.33    0.36    7.24 ^ _518_/X (sky130_fd_sc_hd__o21a_1)
                                         net91 (net)
                  0.33    0.00    7.24 ^ _576_/A (sky130_fd_sc_hd__and2_1)
     6    0.03    0.33    0.39    7.63 ^ _576_/X (sky130_fd_sc_hd__and2_1)
                                         _176_ (net)
                  0.33    0.00    7.63 ^ _578_/C (sky130_fd_sc_hd__nand3_1)
     1    0.01    0.14    0.19    7.82 v _578_/Y (sky130_fd_sc_hd__nand3_1)
                                         _178_ (net)
                  0.14    0.00    7.82 v _579_/B (sky130_fd_sc_hd__xnor2_2)
     1    0.03    0.38    0.36    8.18 ^ _579_/Y (sky130_fd_sc_hd__xnor2_2)
                                         net116 (net)
                  0.38    0.00    8.18 ^ place654/A (sky130_fd_sc_hd__buf_4)
     1    0.01    0.04    0.18    8.37 ^ place654/X (sky130_fd_sc_hd__buf_4)
                                         net653 (net)
                  0.04    0.00    8.37 ^ output117/A (sky130_fd_sc_hd__clkdlybuf4s50_1)
     1    0.02    0.22    0.60    8.96 ^ output117/X (sky130_fd_sc_hd__clkdlybuf4s50_1)
                                         payload_out[30] (net)
                  0.22    0.00    8.97 ^ payload_out[30] (out)
                                  8.97   data arrival time

                         10.00   10.00   clock core_clk (rise edge)
                          0.00   10.00   clock network delay (propagated)
                         -0.10    9.90   clock uncertainty
                          0.00    9.90   clock reconvergence pessimism
                         -1.00    8.90   output external delay
                                  8.90   data required time
-----------------------------------------------------------------------------
                                  8.90   data required time
                                 -8.97   data arrival time
-----------------------------------------------------------------------------
                                 -0.07   slack (VIOLATED)



==========================================================================
global route report_checks -unconstrained
--------------------------------------------------------------------------
Startpoint: u_data (rising edge-triggered flip-flop clocked by core_clk)
Endpoint: payload_out[30] (output port clocked by core_clk)
Path Group: core_clk
Path Type: max

Fanout     Cap    Slew   Delay    Time   Description
-----------------------------------------------------------------------------
                          0.00    0.00   clock core_clk (rise edge)
                          0.00    0.00   clock source latency
     2    0.06    0.00    0.00    0.00 ^ clk (in)
                                         clk (net)
                  0.00    0.00    0.00 ^ clkbuf_0_clk/A (sky130_fd_sc_hd__clkbuf_16)
     2    0.03    0.05    0.12    0.12 ^ clkbuf_0_clk/X (sky130_fd_sc_hd__clkbuf_16)
                                         clknet_0_clk (net)
                  0.05    0.00    0.12 ^ clkbuf_1_1__f_clk/A (sky130_fd_sc_hd__clkbuf_16)
     1    0.38    0.39    0.34    0.46 ^ clkbuf_1_1__f_clk/X (sky130_fd_sc_hd__clkbuf_16)
                                         clknet_1_1__leaf_clk (net)
                  0.52    0.04    0.51 ^ u_data/clk (sram22_256x64m4w8)
     2    0.01    0.08    3.45    3.96 v u_data/dout[40] (sram22_256x64m4w8)
                                         data_dout[40] (net)
                  0.06    0.00    3.96 v max_cap601/A (sky130_fd_sc_hd__clkdlybuf4s25_1)
     2    0.01    0.11    0.31    4.27 v max_cap601/X (sky130_fd_sc_hd__clkdlybuf4s25_1)
                                         net600 (net)
                  0.11    0.00    4.27 v max_cap600/A (sky130_fd_sc_hd__clkdlybuf4s50_1)
     1    0.00    0.06    0.45    4.72 v max_cap600/X (sky130_fd_sc_hd__clkdlybuf4s50_1)
                                         net599 (net)
                  0.06    0.00    4.72 v max_cap229/A (sky130_fd_sc_hd__clkdlybuf4s25_1)
     1    0.01    0.08    0.28    5.00 v max_cap229/X (sky130_fd_sc_hd__clkdlybuf4s25_1)
                                         net228 (net)
                  0.08    0.00    5.00 v _394_/A (sky130_fd_sc_hd__xnor2_1)
     1    0.01    0.19    0.22    5.22 ^ _394_/Y (sky130_fd_sc_hd__xnor2_1)
                                         _001_ (net)
                  0.19    0.00    5.22 ^ _395_/B (sky130_fd_sc_hd__xnor2_1)
     1    0.01    0.18    0.16    5.38 ^ _395_/Y (sky130_fd_sc_hd__xnor2_1)
                                         _002_ (net)
                  0.18    0.00    5.38 ^ _401_/A (sky130_fd_sc_hd__xnor3_4)
     2    0.03    0.13    0.58    5.97 v _401_/X (sky130_fd_sc_hd__xnor3_4)
                                         _008_ (net)
                  0.13    0.00    5.97 v _485_/A (sky130_fd_sc_hd__xnor2_4)
     2    0.02    0.23    0.27    6.24 ^ _485_/Y (sky130_fd_sc_hd__xnor2_4)
                                         _092_ (net)
                  0.23    0.00    6.24 ^ _490_/A (sky130_fd_sc_hd__xnor2_2)
     2    0.01    0.10    0.14    6.38 v _490_/Y (sky130_fd_sc_hd__xnor2_2)
                                         _097_ (net)
                  0.10    0.00    6.38 v place675/A (sky130_fd_sc_hd__buf_4)
     8    0.03    0.06    0.19    6.56 v place675/X (sky130_fd_sc_hd__buf_4)
                                         net674 (net)
                  0.06    0.00    6.57 v _508_/B1 (sky130_fd_sc_hd__a21oi_1)
     4    0.02    0.37    0.31    6.88 ^ _508_/Y (sky130_fd_sc_hd__a21oi_1)
                                         _115_ (net)
                  0.37    0.00    6.88 ^ _518_/A2 (sky130_fd_sc_hd__o21a_1)
     9    0.03    0.33    0.36    7.24 ^ _518_/X (sky130_fd_sc_hd__o21a_1)
                                         net91 (net)
                  0.33    0.00    7.24 ^ _576_/A (sky130_fd_sc_hd__and2_1)
     6    0.03    0.33    0.39    7.63 ^ _576_/X (sky130_fd_sc_hd__and2_1)
                                         _176_ (net)
                  0.33    0.00    7.63 ^ _578_/C (sky130_fd_sc_hd__nand3_1)
     1    0.01    0.14    0.19    7.82 v _578_/Y (sky130_fd_sc_hd__nand3_1)
                                         _178_ (net)
                  0.14    0.00    7.82 v _579_/B (sky130_fd_sc_hd__xnor2_2)
     1    0.03    0.38    0.36    8.18 ^ _579_/Y (sky130_fd_sc_hd__xnor2_2)
                                         net116 (net)
                  0.38    0.00    8.18 ^ place654/A (sky130_fd_sc_hd__buf_4)
     1    0.01    0.04    0.18    8.37 ^ place654/X (sky130_fd_sc_hd__buf_4)
                                         net653 (net)
                  0.04    0.00    8.37 ^ output117/A (sky130_fd_sc_hd__clkdlybuf4s50_1)
     1    0.02    0.22    0.60    8.96 ^ output117/X (sky130_fd_sc_hd__clkdlybuf4s50_1)
                                         payload_out[30] (net)
                  0.22    0.00    8.97 ^ payload_out[30] (out)
                                  8.97   data arrival time

                         10.00   10.00   clock core_clk (rise edge)
                          0.00   10.00   clock network delay (propagated)
                         -0.10    9.90   clock uncertainty
                          0.00    9.90   clock reconvergence pessimism
                         -1.00    8.90   output external delay
                                  8.90   data required time
-----------------------------------------------------------------------------
                                  8.90   data required time
                                 -8.97   data arrival time
-----------------------------------------------------------------------------
                                 -0.07   slack (VIOLATED)



==========================================================================
global route report_check_types -max_slew -max_cap -max_fanout -violators
--------------------------------------------------------------------------
max slew

Pin                                    Limit    Slew   Slack
------------------------------------------------------------
u_ecc0/dout[0]                          0.04    0.52   -0.48 (VIOLATED)
u_data/dout[63]                         0.04    0.50   -0.46 (VIOLATED)
u_ecc0/dout[1]                          0.04    0.48   -0.44 (VIOLATED)
u_ecc0/dout[3]                          0.04    0.44   -0.40 (VIOLATED)
u_ecc0/dout[2]                          0.04    0.41   -0.37 (VIOLATED)
u_data/dout[5]                          0.04    0.40   -0.36 (VIOLATED)
u_ecc0/dout[4]                          0.04    0.37   -0.33 (VIOLATED)
u_ecc0/dout[5]                          0.04    0.36   -0.32 (VIOLATED)
u_ecc0/dout[6]                          0.04    0.35   -0.31 (VIOLATED)
u_data/dout[6]                          0.04    0.34   -0.30 (VIOLATED)
u_data/dout[14]                         0.04    0.32   -0.28 (VIOLATED)
u_data/dout[8]                          0.04    0.32   -0.28 (VIOLATED)
u_data/dout[59]                         0.04    0.31   -0.27 (VIOLATED)
u_data/rstb                             0.35    0.62   -0.27 (VIOLATED)
u_data/dout[58]                         0.04    0.30   -0.26 (VIOLATED)
u_data/dout[57]                         0.04    0.28   -0.24 (VIOLATED)
u_data/dout[54]                         0.04    0.28   -0.24 (VIOLATED)
u_data/dout[51]                         0.04    0.27   -0.23 (VIOLATED)
u_data/dout[17]                         0.04    0.26   -0.22 (VIOLATED)
u_data/dout[60]                         0.04    0.26   -0.22 (VIOLATED)
u_data/dout[62]                         0.04    0.26   -0.22 (VIOLATED)
u_data/dout[61]                         0.04    0.25   -0.21 (VIOLATED)
u_data/dout[10]                         0.04    0.25   -0.21 (VIOLATED)
u_data/dout[12]                         0.04    0.25   -0.21 (VIOLATED)
u_data/dout[50]                         0.04    0.24   -0.20 (VIOLATED)
u_data/dout[56]                         0.04    0.24   -0.20 (VIOLATED)
u_data/dout[46]                         0.04    0.23   -0.19 (VIOLATED)
u_data/dout[44]                         0.04    0.23   -0.19 (VIOLATED)
u_data/dout[18]                         0.04    0.22   -0.18 (VIOLATED)
u_data/dout[9]                          0.04    0.22   -0.18 (VIOLATED)
_617_/B                                 0.60    0.77   -0.17 (VIOLATED)
_643_/A                                 0.60    0.77   -0.17 (VIOLATED)
_557_/C                                 0.60    0.77   -0.17 (VIOLATED)
_576_/B                                 0.60    0.77   -0.17 (VIOLATED)
_556_/Y                                 0.60    0.77   -0.17 (VIOLATED)
u_data/clk                              0.35    0.52   -0.17 (VIOLATED)
u_data/dout[49]                         0.04    0.21   -0.17 (VIOLATED)
u_data/dout[45]                         0.04    0.21   -0.17 (VIOLATED)
u_data/dout[43]                         0.04    0.21   -0.17 (VIOLATED)
u_data/dout[39]                         0.04    0.21   -0.17 (VIOLATED)
u_data/dout[42]                         0.04    0.21   -0.17 (VIOLATED)
u_data/dout[38]                         0.04    0.21   -0.17 (VIOLATED)
u_data/dout[55]                         0.04    0.21   -0.17 (VIOLATED)
u_data/dout[13]                         0.04    0.20   -0.16 (VIOLATED)
u_data/dout[20]                         0.04    0.20   -0.16 (VIOLATED)
u_data/dout[28]                         0.04    0.20   -0.16 (VIOLATED)
u_data/dout[19]                         0.04    0.20   -0.16 (VIOLATED)
u_data/dout[23]                         0.04    0.20   -0.16 (VIOLATED)
u_data/dout[15]                         0.04    0.20   -0.16 (VIOLATED)
u_data/dout[11]                         0.04    0.20   -0.16 (VIOLATED)
u_data/dout[53]                         0.04    0.19   -0.15 (VIOLATED)
u_data/dout[16]                         0.04    0.19   -0.15 (VIOLATED)
u_data/dout[48]                         0.04    0.19   -0.15 (VIOLATED)
u_ecc0/dout[7]                          0.04    0.19   -0.15 (VIOLATED)
u_data/dout[26]                         0.04    0.19   -0.15 (VIOLATED)
u_data/dout[27]                         0.04    0.19   -0.15 (VIOLATED)
u_data/dout[47]                         0.04    0.19   -0.15 (VIOLATED)
u_data/dout[41]                         0.04    0.18   -0.14 (VIOLATED)
u_data/dout[24]                         0.04    0.18   -0.14 (VIOLATED)
u_data/dout[22]                         0.04    0.18   -0.14 (VIOLATED)
u_data/dout[2]                          0.04    0.18   -0.14 (VIOLATED)
u_data/dout[52]                         0.04    0.18   -0.14 (VIOLATED)
u_data/dout[21]                         0.04    0.18   -0.14 (VIOLATED)
u_data/dout[25]                         0.04    0.18   -0.14 (VIOLATED)
u_data/dout[30]                         0.04    0.17   -0.13 (VIOLATED)
u_data/dout[29]                         0.04    0.17   -0.13 (VIOLATED)
u_data/dout[35]                         0.04    0.17   -0.13 (VIOLATED)
u_data/dout[37]                         0.04    0.17   -0.13 (VIOLATED)
u_data/dout[32]                         0.04    0.17   -0.13 (VIOLATED)
u_data/dout[34]                         0.04    0.17   -0.13 (VIOLATED)
u_data/dout[3]                          0.04    0.17   -0.13 (VIOLATED)
u_data/dout[1]                          0.04    0.17   -0.13 (VIOLATED)
u_data/dout[33]                         0.04    0.17   -0.13 (VIOLATED)
u_data/dout[7]                          0.04    0.16   -0.12 (VIOLATED)
u_data/dout[31]                         0.04    0.15   -0.11 (VIOLATED)
u_data/dout[36]                         0.04    0.15   -0.11 (VIOLATED)
u_data/dout[4]                          0.04    0.15   -0.11 (VIOLATED)
u_data/dout[0]                          0.04    0.15   -0.11 (VIOLATED)
u_data/dout[40]                         0.04    0.14   -0.10 (VIOLATED)
u_data/din[31]                          0.35    0.44   -0.09 (VIOLATED)
_702_/C                                 0.60    0.67   -0.07 (VIOLATED)
_668_/C                                 0.60    0.66   -0.06 (VIOLATED)
_672_/C                                 0.60    0.66   -0.06 (VIOLATED)
_682_/C                                 0.60    0.66   -0.06 (VIOLATED)
_667_/Y                                 0.60    0.66   -0.06 (VIOLATED)
u_data/din[52]                          0.35    0.38   -0.03 (VIOLATED)
u_ecc0/din[1]                           0.35    0.37   -0.02 (VIOLATED)
u_ecc0/rstb                             0.35    0.36   -0.01 (VIOLATED)
u_data/addr[3]                          0.35    0.36   -0.00 (VIOLATED)
u_ecc0/addr[3]                          0.35    0.36   -0.00 (VIOLATED)


==========================================================================
global route max_slew_check_slack
--------------------------------------------------------------------------
-0.4765523076057434

==========================================================================
global route max_slew_check_limit
--------------------------------------------------------------------------
0.03999999910593033

==========================================================================
global route max_slew_check_slack_limit
--------------------------------------------------------------------------
-11.9138

==========================================================================
global route max_fanout_check_slack
--------------------------------------------------------------------------
1.0000000150474662e+30

==========================================================================
global route max_fanout_check_limit
--------------------------------------------------------------------------
1.0000000150474662e+30

==========================================================================
global route max_capacitance_check_slack
--------------------------------------------------------------------------
0.02445555292069912

==========================================================================
global route max_capacitance_check_limit
--------------------------------------------------------------------------
0.05036399886012077

==========================================================================
global route max_capacitance_check_slack_limit
--------------------------------------------------------------------------
0.4856

==========================================================================
global route max_slew_violation_count
--------------------------------------------------------------------------
max slew violation count 90

==========================================================================
global route max_fanout_violation_count
--------------------------------------------------------------------------
max fanout violation count 0

==========================================================================
global route max_cap_violation_count
--------------------------------------------------------------------------
max cap violation count 0

==========================================================================
global route setup_violation_count
--------------------------------------------------------------------------
setup violation count 1

==========================================================================
global route hold_violation_count
--------------------------------------------------------------------------
hold violation count 0

==========================================================================
global route report_checks -path_delay max reg to reg
--------------------------------------------------------------------------
No paths found.

==========================================================================
global route report_checks -path_delay min reg to reg
--------------------------------------------------------------------------
No paths found.

==========================================================================
global route critical path target clock latency max path
--------------------------------------------------------------------------
0.2971

==========================================================================
global route critical path target clock latency min path
--------------------------------------------------------------------------
0.3832

==========================================================================
global route critical path source clock latency min path
--------------------------------------------------------------------------
0.0000

==========================================================================
global route critical path delay
--------------------------------------------------------------------------
8.9656

==========================================================================
global route critical path slack
--------------------------------------------------------------------------
-0.0656

==========================================================================
global route slack div critical path delay
--------------------------------------------------------------------------
-0.731686

==========================================================================
global route report_power
--------------------------------------------------------------------------
Group                  Internal  Switching    Leakage      Total
                          Power      Power      Power      Power (Watts)
----------------------------------------------------------------
Sequential             0.00e+00   0.00e+00   0.00e+00   0.00e+00   0.0%
Combinational          3.88e-04   6.19e-04   3.10e-09   1.01e-03  42.8%
Clock                  6.13e-05   1.95e-04   4.86e-11   2.57e-04  10.9%
Macro                  1.09e-03   0.00e+00   7.31e-07   1.09e-03  46.3%
Pad                    0.00e+00   0.00e+00   0.00e+00   0.00e+00   0.0%
----------------------------------------------------------------
Total                  1.54e-03   8.14e-04   7.34e-07   2.35e-03 100.0%
                          65.4%      34.6%       0.0%
