OpenROAD 26Q3-1080-gab6fd26351 
Features included (+) or not (-): +GPU +GUI +Python
This program is licensed under the BSD-3 license. See the LICENSE file for details.
Components of this program may be licensed under more restrictive licenses which must be honored.
[INFO ORD-0030] Using 4 thread(s).
read_liberty /OpenROAD-flow-scripts/flow/platforms/sky130hd/lib/sky130_fd_sc_hd__tt_025C_1v80.lib
read_liberty /work/campaigns/iscas_sustainability_extension/memory_compiler/gate3_attempt07_sram22_matched_physical_closure/source_checkout/sram22_256x64m4w8/sram22_256x64m4w8_tt_025C_1v80.lib
read_liberty /work/campaigns/iscas_sustainability_extension/memory_compiler/gate3_attempt07_sram22_matched_physical_closure/source_checkout/sram22_256x8m8w1/sram22_256x8m8w1_tt_025C_1v80.lib
read_db /work/campaigns/iscas_sustainability_extension/memory_compiler/gate3_attempt07_sram22_matched_physical_closure/raw/openroad/work/results/sky130hd/attempt07_e0/seed17/5_1_grt.odb
read_sdc /work/campaigns/iscas_sustainability_extension/memory_compiler/gate3_attempt07_sram22_matched_physical_closure/raw/openroad/work/results/sky130hd/attempt07_e0/seed17/5_1_grt.sdc
source /OpenROAD-flow-scripts/flow/platforms/sky130hd/setRC.tcl
detailed_route -output_drc /work/campaigns/iscas_sustainability_extension/memory_compiler/gate3_attempt07_sram22_matched_physical_closure/raw/openroad/work/reports/sky130hd/attempt07_e0/seed17/5_route_drc.rpt -output_maze /work/campaigns/iscas_sustainability_extension/memory_compiler/gate3_attempt07_sram22_matched_physical_closure/raw/openroad/work/results/sky130hd/attempt07_e0/seed17/maze.log -droute_end_iter 64 -verbose 1 -drc_report_iter_step 5
[INFO DRT-0149] Reading tech and libs.
[WARNING DRT-0349] LEF58_ENCLOSURE with no CUTCLASS is not supported. Skipping for layer mcon
[WARNING DRT-0349] LEF58_ENCLOSURE with no CUTCLASS is not supported. Skipping for layer mcon
[WARNING DRT-0349] LEF58_ENCLOSURE with no CUTCLASS is not supported. Skipping for layer via
[WARNING DRT-0349] LEF58_ENCLOSURE with no CUTCLASS is not supported. Skipping for layer via
[WARNING DRT-0349] LEF58_ENCLOSURE with no CUTCLASS is not supported. Skipping for layer via2
[WARNING DRT-0349] LEF58_ENCLOSURE with no CUTCLASS is not supported. Skipping for layer via2
[WARNING DRT-0349] LEF58_ENCLOSURE with no CUTCLASS is not supported. Skipping for layer via3
[WARNING DRT-0349] LEF58_ENCLOSURE with no CUTCLASS is not supported. Skipping for layer via3
[WARNING DRT-0349] LEF58_ENCLOSURE with no CUTCLASS is not supported. Skipping for layer via4
[WARNING DRT-0349] LEF58_ENCLOSURE with no CUTCLASS is not supported. Skipping for layer via4

Units:                1000
Number of layers:     13
Number of macros:     443
Number of vias:       130
Number of viarulegen: 25

[INFO DRT-0150] Reading design.

Design:                   e0_sram22_top
Die area:                 ( 0 0 ) ( 1000000 650000 )
Number of track patterns: 12
Number of DEF vias:       0
Number of components:     5862
Number of terminals:      144
Number of snets:          2
Number of nets:           1238

[WARNING DRT-0419] No routing tracks pass through the center of Term u_protected_memory.u_data/dout[0]
[WARNING DRT-0419] No routing tracks pass through the center of Term u_protected_memory.u_data/dout[1]
[WARNING DRT-0419] No routing tracks pass through the center of Term u_protected_memory.u_data/dout[2]
[WARNING DRT-0419] No routing tracks pass through the center of Term u_protected_memory.u_data/dout[3]
[WARNING DRT-0419] No routing tracks pass through the center of Term u_protected_memory.u_data/dout[4]
[WARNING DRT-0419] No routing tracks pass through the center of Term u_protected_memory.u_data/dout[5]
[WARNING DRT-0419] No routing tracks pass through the center of Term u_protected_memory.u_data/dout[6]
[WARNING DRT-0419] No routing tracks pass through the center of Term u_protected_memory.u_data/dout[7]
[WARNING DRT-0419] No routing tracks pass through the center of Term u_protected_memory.u_data/dout[8]
[WARNING DRT-0419] No routing tracks pass through the center of Term u_protected_memory.u_data/dout[9]
[WARNING DRT-0419] No routing tracks pass through the center of Term u_protected_memory.u_data/dout[10]
[WARNING DRT-0419] No routing tracks pass through the center of Term u_protected_memory.u_data/dout[11]
[WARNING DRT-0419] No routing tracks pass through the center of Term u_protected_memory.u_data/dout[12]
[WARNING DRT-0419] No routing tracks pass through the center of Term u_protected_memory.u_data/dout[13]
[WARNING DRT-0419] No routing tracks pass through the center of Term u_protected_memory.u_data/dout[14]
[WARNING DRT-0419] No routing tracks pass through the center of Term u_protected_memory.u_data/dout[15]
[WARNING DRT-0419] No routing tracks pass through the center of Term u_protected_memory.u_data/dout[16]
[WARNING DRT-0419] No routing tracks pass through the center of Term u_protected_memory.u_data/dout[17]
[WARNING DRT-0419] No routing tracks pass through the center of Term u_protected_memory.u_data/dout[18]
[WARNING DRT-0419] No routing tracks pass through the center of Term u_protected_memory.u_data/dout[19]
[WARNING DRT-0419] No routing tracks pass through the center of Term u_protected_memory.u_data/dout[20]
[WARNING DRT-0419] No routing tracks pass through the center of Term u_protected_memory.u_data/dout[21]
[WARNING DRT-0419] No routing tracks pass through the center of Term u_protected_memory.u_data/dout[22]
[WARNING DRT-0419] No routing tracks pass through the center of Term u_protected_memory.u_data/dout[23]
[WARNING DRT-0419] No routing tracks pass through the center of Term u_protected_memory.u_data/dout[24]
[WARNING DRT-0419] No routing tracks pass through the center of Term u_protected_memory.u_data/dout[25]
[WARNING DRT-0419] No routing tracks pass through the center of Term u_protected_memory.u_data/dout[26]
[WARNING DRT-0419] No routing tracks pass through the center of Term u_protected_memory.u_data/dout[27]
[WARNING DRT-0419] No routing tracks pass through the center of Term u_protected_memory.u_data/dout[28]
[WARNING DRT-0419] No routing tracks pass through the center of Term u_protected_memory.u_data/dout[29]
[WARNING DRT-0419] No routing tracks pass through the center of Term u_protected_memory.u_data/dout[30]
[WARNING DRT-0419] No routing tracks pass through the center of Term u_protected_memory.u_data/dout[31]
[WARNING DRT-0419] No routing tracks pass through the center of Term u_protected_memory.u_data/dout[32]
[WARNING DRT-0419] No routing tracks pass through the center of Term u_protected_memory.u_data/dout[33]
[WARNING DRT-0419] No routing tracks pass through the center of Term u_protected_memory.u_data/dout[34]
[WARNING DRT-0419] No routing tracks pass through the center of Term u_protected_memory.u_data/dout[35]
[WARNING DRT-0419] No routing tracks pass through the center of Term u_protected_memory.u_data/dout[36]
[WARNING DRT-0419] No routing tracks pass through the center of Term u_protected_memory.u_data/dout[37]
[WARNING DRT-0419] No routing tracks pass through the center of Term u_protected_memory.u_data/dout[38]
[WARNING DRT-0419] No routing tracks pass through the center of Term u_protected_memory.u_data/dout[39]
[WARNING DRT-0419] No routing tracks pass through the center of Term u_protected_memory.u_data/dout[40]
[WARNING DRT-0419] No routing tracks pass through the center of Term u_protected_memory.u_data/dout[41]
[WARNING DRT-0419] No routing tracks pass through the center of Term u_protected_memory.u_data/dout[42]
[WARNING DRT-0419] No routing tracks pass through the center of Term u_protected_memory.u_data/dout[43]
[WARNING DRT-0419] No routing tracks pass through the center of Term u_protected_memory.u_data/dout[44]
[WARNING DRT-0419] No routing tracks pass through the center of Term u_protected_memory.u_data/dout[45]
[WARNING DRT-0419] No routing tracks pass through the center of Term u_protected_memory.u_data/dout[46]
[WARNING DRT-0419] No routing tracks pass through the center of Term u_protected_memory.u_data/dout[47]
[WARNING DRT-0419] No routing tracks pass through the center of Term u_protected_memory.u_data/dout[48]
[WARNING DRT-0419] No routing tracks pass through the center of Term u_protected_memory.u_data/dout[49]
[WARNING DRT-0419] No routing tracks pass through the center of Term u_protected_memory.u_data/dout[50]
[WARNING DRT-0419] No routing tracks pass through the center of Term u_protected_memory.u_data/dout[51]
[WARNING DRT-0419] No routing tracks pass through the center of Term u_protected_memory.u_data/dout[52]
[WARNING DRT-0419] No routing tracks pass through the center of Term u_protected_memory.u_data/dout[53]
[WARNING DRT-0419] No routing tracks pass through the center of Term u_protected_memory.u_data/dout[54]
[WARNING DRT-0419] No routing tracks pass through the center of Term u_protected_memory.u_data/dout[55]
[WARNING DRT-0419] No routing tracks pass through the center of Term u_protected_memory.u_data/dout[56]
[WARNING DRT-0419] No routing tracks pass through the center of Term u_protected_memory.u_data/dout[57]
[WARNING DRT-0419] No routing tracks pass through the center of Term u_protected_memory.u_data/dout[58]
[WARNING DRT-0419] No routing tracks pass through the center of Term u_protected_memory.u_data/dout[59]
[WARNING DRT-0419] No routing tracks pass through the center of Term u_protected_memory.u_data/dout[60]
[WARNING DRT-0419] No routing tracks pass through the center of Term u_protected_memory.u_data/dout[61]
[WARNING DRT-0419] No routing tracks pass through the center of Term u_protected_memory.u_data/dout[62]
[WARNING DRT-0419] No routing tracks pass through the center of Term u_protected_memory.u_data/dout[63]
[WARNING DRT-0419] No routing tracks pass through the center of Term u_protected_memory.u_data/din[0]
[WARNING DRT-0419] No routing tracks pass through the center of Term u_protected_memory.u_data/din[1]
[WARNING DRT-0419] No routing tracks pass through the center of Term u_protected_memory.u_data/din[2]
[WARNING DRT-0419] No routing tracks pass through the center of Term u_protected_memory.u_data/din[3]
[WARNING DRT-0419] No routing tracks pass through the center of Term u_protected_memory.u_data/din[4]
[WARNING DRT-0419] No routing tracks pass through the center of Term u_protected_memory.u_data/din[5]
[WARNING DRT-0419] No routing tracks pass through the center of Term u_protected_memory.u_data/din[6]
[WARNING DRT-0419] No routing tracks pass through the center of Term u_protected_memory.u_data/din[7]
[WARNING DRT-0419] No routing tracks pass through the center of Term u_protected_memory.u_data/din[8]
[WARNING DRT-0419] No routing tracks pass through the center of Term u_protected_memory.u_data/din[9]
[WARNING DRT-0419] No routing tracks pass through the center of Term u_protected_memory.u_data/din[10]
[WARNING DRT-0419] No routing tracks pass through the center of Term u_protected_memory.u_data/din[11]
[WARNING DRT-0419] No routing tracks pass through the center of Term u_protected_memory.u_data/din[12]
[WARNING DRT-0419] No routing tracks pass through the center of Term u_protected_memory.u_data/din[13]
[WARNING DRT-0419] No routing tracks pass through the center of Term u_protected_memory.u_data/din[14]
[WARNING DRT-0419] No routing tracks pass through the center of Term u_protected_memory.u_data/din[15]
[WARNING DRT-0419] No routing tracks pass through the center of Term u_protected_memory.u_data/din[16]
[WARNING DRT-0419] No routing tracks pass through the center of Term u_protected_memory.u_data/din[17]
[WARNING DRT-0419] No routing tracks pass through the center of Term u_protected_memory.u_data/din[18]
[WARNING DRT-0419] No routing tracks pass through the center of Term u_protected_memory.u_data/din[19]
[WARNING DRT-0419] No routing tracks pass through the center of Term u_protected_memory.u_data/din[20]
[WARNING DRT-0419] No routing tracks pass through the center of Term u_protected_memory.u_data/din[21]
[WARNING DRT-0419] No routing tracks pass through the center of Term u_protected_memory.u_data/din[22]
[WARNING DRT-0419] No routing tracks pass through the center of Term u_protected_memory.u_data/din[23]
[WARNING DRT-0419] No routing tracks pass through the center of Term u_protected_memory.u_data/din[24]
[WARNING DRT-0419] No routing tracks pass through the center of Term u_protected_memory.u_data/din[25]
[WARNING DRT-0419] No routing tracks pass through the center of Term u_protected_memory.u_data/din[26]
[WARNING DRT-0419] No routing tracks pass through the center of Term u_protected_memory.u_data/din[27]
[WARNING DRT-0419] No routing tracks pass through the center of Term u_protected_memory.u_data/din[28]
[WARNING DRT-0419] No routing tracks pass through the center of Term u_protected_memory.u_data/din[29]
[WARNING DRT-0419] No routing tracks pass through the center of Term u_protected_memory.u_data/din[30]
[WARNING DRT-0419] No routing tracks pass through the center of Term u_protected_memory.u_data/din[31]
[WARNING DRT-0419] No routing tracks pass through the center of Term u_protected_memory.u_data/din[32]
[WARNING DRT-0419] No routing tracks pass through the center of Term u_protected_memory.u_data/din[33]
[WARNING DRT-0419] No routing tracks pass through the center of Term u_protected_memory.u_data/din[34]
[WARNING DRT-0419] No routing tracks pass through the center of Term u_protected_memory.u_data/din[35]
[WARNING DRT-0419] No routing tracks pass through the center of Term u_protected_memory.u_data/din[36]
[WARNING DRT-0419] No routing tracks pass through the center of Term u_protected_memory.u_data/din[37]
[WARNING DRT-0419] No routing tracks pass through the center of Term u_protected_memory.u_data/din[38]
[WARNING DRT-0419] No routing tracks pass through the center of Term u_protected_memory.u_data/din[39]
[WARNING DRT-0419] No routing tracks pass through the center of Term u_protected_memory.u_data/din[40]
[WARNING DRT-0419] No routing tracks pass through the center of Term u_protected_memory.u_data/din[41]
[WARNING DRT-0419] No routing tracks pass through the center of Term u_protected_memory.u_data/din[42]
[WARNING DRT-0419] No routing tracks pass through the center of Term u_protected_memory.u_data/din[43]
[WARNING DRT-0419] No routing tracks pass through the center of Term u_protected_memory.u_data/din[44]
[WARNING DRT-0419] No routing tracks pass through the center of Term u_protected_memory.u_data/din[45]
[WARNING DRT-0419] No routing tracks pass through the center of Term u_protected_memory.u_data/din[46]
[WARNING DRT-0419] No routing tracks pass through the center of Term u_protected_memory.u_data/din[47]
[WARNING DRT-0419] No routing tracks pass through the center of Term u_protected_memory.u_data/din[48]
[WARNING DRT-0419] No routing tracks pass through the center of Term u_protected_memory.u_data/din[49]
[WARNING DRT-0419] No routing tracks pass through the center of Term u_protected_memory.u_data/din[50]
[WARNING DRT-0419] No routing tracks pass through the center of Term u_protected_memory.u_data/din[51]
[WARNING DRT-0419] No routing tracks pass through the center of Term u_protected_memory.u_data/din[52]
[WARNING DRT-0419] No routing tracks pass through the center of Term u_protected_memory.u_data/din[53]
[WARNING DRT-0419] No routing tracks pass through the center of Term u_protected_memory.u_data/din[54]
[WARNING DRT-0419] No routing tracks pass through the center of Term u_protected_memory.u_data/din[55]
[WARNING DRT-0419] No routing tracks pass through the center of Term u_protected_memory.u_data/din[56]
[WARNING DRT-0419] No routing tracks pass through the center of Term u_protected_memory.u_data/din[57]
[WARNING DRT-0419] No routing tracks pass through the center of Term u_protected_memory.u_data/din[58]
[WARNING DRT-0419] No routing tracks pass through the center of Term u_protected_memory.u_data/din[59]
[WARNING DRT-0419] No routing tracks pass through the center of Term u_protected_memory.u_data/din[60]
[WARNING DRT-0419] No routing tracks pass through the center of Term u_protected_memory.u_data/din[61]
[WARNING DRT-0419] No routing tracks pass through the center of Term u_protected_memory.u_data/din[62]
[WARNING DRT-0419] No routing tracks pass through the center of Term u_protected_memory.u_data/din[63]
[WARNING DRT-0419] No routing tracks pass through the center of Term u_protected_memory.u_data/wmask[1]
[WARNING DRT-0419] No routing tracks pass through the center of Term u_protected_memory.u_data/wmask[2]
[WARNING DRT-0419] No routing tracks pass through the center of Term u_protected_memory.u_data/wmask[3]
[WARNING DRT-0419] No routing tracks pass through the center of Term u_protected_memory.u_data/wmask[4]
[WARNING DRT-0419] No routing tracks pass through the center of Term u_protected_memory.u_data/wmask[5]
[WARNING DRT-0419] No routing tracks pass through the center of Term u_protected_memory.u_data/wmask[6]
[WARNING DRT-0419] No routing tracks pass through the center of Term u_protected_memory.u_data/wmask[7]
[WARNING DRT-0418] Term u_protected_memory.u_ecc/dout[0] has no pins on routing grid
[WARNING DRT-0418] Term u_protected_memory.u_ecc/dout[1] has no pins on routing grid
[WARNING DRT-0418] Term u_protected_memory.u_ecc/dout[2] has no pins on routing grid
[WARNING DRT-0418] Term u_protected_memory.u_ecc/dout[3] has no pins on routing grid
[WARNING DRT-0418] Term u_protected_memory.u_ecc/dout[4] has no pins on routing grid
[WARNING DRT-0418] Term u_protected_memory.u_ecc/dout[5] has no pins on routing grid
[WARNING DRT-0418] Term u_protected_memory.u_ecc/dout[6] has no pins on routing grid
[WARNING DRT-0418] Term u_protected_memory.u_ecc/dout[7] has no pins on routing grid
[WARNING DRT-0419] No routing tracks pass through the center of Term u_protected_memory.u_ecc/din[0]
[WARNING DRT-0419] No routing tracks pass through the center of Term u_protected_memory.u_ecc/din[1]
[WARNING DRT-0419] No routing tracks pass through the center of Term u_protected_memory.u_ecc/din[2]
[WARNING DRT-0418] Term u_protected_memory.u_ecc/din[3] has no pins on routing grid
[WARNING DRT-0418] Term u_protected_memory.u_ecc/din[4] has no pins on routing grid
[WARNING DRT-0418] Term u_protected_memory.u_ecc/din[5] has no pins on routing grid
[WARNING DRT-0418] Term u_protected_memory.u_ecc/din[6] has no pins on routing grid
[WARNING DRT-0418] Term u_protected_memory.u_ecc/din[7] has no pins on routing grid
[WARNING DRT-0419] No routing tracks pass through the center of Term u_protected_memory.u_ecc/wmask[0]
[WARNING DRT-0419] No routing tracks pass through the center of Term u_protected_memory.u_ecc/wmask[1]
[WARNING DRT-0419] No routing tracks pass through the center of Term u_protected_memory.u_ecc/wmask[2]
[WARNING DRT-0418] Term u_protected_memory.u_ecc/wmask[3] has no pins on routing grid
[WARNING DRT-0418] Term u_protected_memory.u_ecc/wmask[4] has no pins on routing grid
[WARNING DRT-0418] Term u_protected_memory.u_ecc/wmask[5] has no pins on routing grid
[WARNING DRT-0418] Term u_protected_memory.u_ecc/wmask[6] has no pins on routing grid
[WARNING DRT-0418] Term u_protected_memory.u_ecc/wmask[7] has no pins on routing grid
[INFO DRT-0167] List of default vias:
  Layer via
    default via: M1M2_PR
  Layer via2
    default via: M2M3_PR
  Layer via3
    default via: M3M4_PR
  Layer via4
    default via: M4M5_PR
[INFO DRT-0162] Library cell analysis.
[INFO DRT-0163] Instance analysis.
[INFO DRT-0164] Number of unique instances = 97.
[INFO DRT-0168] Init region query.
[INFO DRT-0024]   Complete FR_MASTERSLICE.
[INFO DRT-0024]   Complete Fr_VIA.
[INFO DRT-0024]   Complete li1.
[INFO DRT-0024]   Complete mcon.
[INFO DRT-0024]   Complete met1.
[INFO DRT-0024]   Complete via.
[INFO DRT-0024]   Complete met2.
[INFO DRT-0024]   Complete via2.
[INFO DRT-0024]   Complete met3.
[INFO DRT-0024]   Complete via3.
[INFO DRT-0024]   Complete met4.
[INFO DRT-0024]   Complete via4.
[INFO DRT-0024]   Complete met5.
[INFO DRT-0033] FR_MASTERSLICE shape region query size = 0.
[INFO DRT-0033] FR_VIA shape region query size = 0.
[INFO DRT-0033] li1 shape region query size = 47366.
[INFO DRT-0033] mcon shape region query size = 25020.
[INFO DRT-0033] met1 shape region query size = 17830.
[INFO DRT-0033] via shape region query size = 24330.
[INFO DRT-0033] met2 shape region query size = 22048.
[INFO DRT-0033] via2 shape region query size = 45597.
[INFO DRT-0033] met3 shape region query size = 29027.
[INFO DRT-0033] via3 shape region query size = 45281.
[INFO DRT-0033] met4 shape region query size = 11428.
[INFO DRT-0033] via4 shape region query size = 1676.
[INFO DRT-0033] met5 shape region query size = 1768.
[INFO DRT-0165] Start pin access.
[INFO DRT-0078]   Complete 898 pins.
[INFO DRT-0081]   Complete 95 unique inst patterns.
[INFO DRT-0084]   Complete 938 groups.
#scanned instances     = 5862
#unique  instances     = 97
#stdCellGenAp          = 2850
#stdCellValidPlanarAp  = 42
#stdCellValidViaAp     = 2047
#stdCellPinNoAp        = 0
#stdCellPinCnt         = 2872
#instTermValidViaApCnt = 0
#macroGenAp            = 553
#macroValidPlanarAp    = 452
#macroValidViaAp       = 0
#macroNoAp             = 0
[INFO DRT-0166] Complete pin access.
[INFO DRT-0267] cpu time = 00:00:52, elapsed time = 00:00:52, memory = 267.33 (MB), peak = 266.74 (MB)

[INFO DRT-0157] Number of guides:     8337

[INFO DRT-0169] Post process guides.
[INFO DRT-0176] GCELLGRID X 0 DO 144 STEP 6900 ;
[INFO DRT-0177] GCELLGRID Y 0 DO 94 STEP 6900 ;
[INFO DRT-0028]   Complete FR_MASTERSLICE.
[INFO DRT-0028]   Complete Fr_VIA.
[INFO DRT-0028]   Complete li1.
[INFO DRT-0028]   Complete mcon.
[INFO DRT-0028]   Complete met1.
[INFO DRT-0028]   Complete via.
[INFO DRT-0028]   Complete met2.
[INFO DRT-0028]   Complete via2.
[INFO DRT-0028]   Complete met3.
[INFO DRT-0028]   Complete via3.
[INFO DRT-0028]   Complete met4.
[INFO DRT-0028]   Complete via4.
[INFO DRT-0028]   Complete met5.
[INFO DRT-0178] Init guide query.
[INFO DRT-0035]   Complete FR_MASTERSLICE (guide).
[INFO DRT-0035]   Complete Fr_VIA (guide).
[INFO DRT-0035]   Complete li1 (guide).
[INFO DRT-0035]   Complete mcon (guide).
[INFO DRT-0035]   Complete met1 (guide).
[INFO DRT-0035]   Complete via (guide).
[INFO DRT-0035]   Complete met2 (guide).
[INFO DRT-0035]   Complete via2 (guide).
[INFO DRT-0035]   Complete met3 (guide).
[INFO DRT-0035]   Complete via3 (guide).
[INFO DRT-0035]   Complete met4 (guide).
[INFO DRT-0035]   Complete via4 (guide).
[INFO DRT-0035]   Complete met5 (guide).
[INFO DRT-0036] FR_MASTERSLICE guide region query size = 0.
[INFO DRT-0036] FR_VIA guide region query size = 0.
[INFO DRT-0036] li1 guide region query size = 2594.
[INFO DRT-0036] mcon guide region query size = 0.
[INFO DRT-0036] met1 guide region query size = 2435.
[INFO DRT-0036] via guide region query size = 0.
[INFO DRT-0036] met2 guide region query size = 1384.
[INFO DRT-0036] via2 guide region query size = 0.
[INFO DRT-0036] met3 guide region query size = 307.
[INFO DRT-0036] via3 guide region query size = 0.
[INFO DRT-0036] met4 guide region query size = 154.
[INFO DRT-0036] via4 guide region query size = 0.
[INFO DRT-0036] met5 guide region query size = 6.
[INFO DRT-0179] Init gr pin query.
[INFO DRT-0267] cpu time = 00:00:00, elapsed time = 00:00:00, memory = 270.00 (MB), peak = 269.49 (MB)
[INFO DRT-0245] skipped writing guide updates to database.
[INFO DRT-0181] Start track assignment.
[INFO DRT-0184] Done with 4132 vertical wires in 3 frboxes and 2748 horizontal wires in 2 frboxes.
[INFO DRT-0186] Done with 543 vertical wires in 3 frboxes and 692 horizontal wires in 2 frboxes.
[INFO DRT-0182] Complete track assignment.
[INFO DRT-0267] cpu time = 00:00:02, elapsed time = 00:00:02, memory = 330.32 (MB), peak = 329.78 (MB)
[INFO DRT-0187] Start routing data preparation.
[INFO DRT-0267] cpu time = 00:00:00, elapsed time = 00:00:00, memory = 330.32 (MB), peak = 329.78 (MB)
[INFO DRT-0194] Start detail routing.
[INFO DRT-0195] Start 0th optimization iteration.
    Completing 10% with 0 violations.
    elapsed time = 00:00:00, memory = 335.65 (MB).
    Completing 20% with 0 violations.
    elapsed time = 00:00:03, memory = 353.62 (MB).
    Completing 30% with 135 violations.
    elapsed time = 00:00:05, memory = 361.70 (MB).
    Completing 40% with 135 violations.
    elapsed time = 00:00:08, memory = 394.32 (MB).
    Completing 50% with 135 violations.
    elapsed time = 00:00:10, memory = 396.17 (MB).
    Completing 60% with 319 violations.
    elapsed time = 00:00:16, memory = 381.60 (MB).
    Completing 70% with 319 violations.
    elapsed time = 00:00:19, memory = 401.93 (MB).
    Completing 80% with 478 violations.
    elapsed time = 00:00:23, memory = 406.79 (MB).
    Completing 90% with 478 violations.
    elapsed time = 00:00:27, memory = 416.42 (MB).
    Completing 100% with 597 violations.
    elapsed time = 00:00:29, memory = 416.42 (MB).
[INFO DRT-0199]   Number of violations = 659.
Viol/Layer        mcon   met1   met2   met3   met4
Cut Spacing          2      0      0      0      0
Metal Spacing        0     89     36     10      0
Min Hole             0      1      0      0      0
Recheck              0     35     16      4      7
Short                0    406     46      7      0
[INFO DRT-0267] cpu time = 00:00:29, elapsed time = 00:00:30, memory = 743.95 (MB), peak = 743.48 (MB)
Total wire length = 80125 um.
Total wire length on LAYER li1 = 0 um.
Total wire length on LAYER met1 = 23524 um.
Total wire length on LAYER met2 = 44596 um.
Total wire length on LAYER met3 = 5286 um.
Total wire length on LAYER met4 = 6665 um.
Total wire length on LAYER met5 = 50 um.
Total number of vias = 6711.
Up-via summary (total 6711):

-----------------------
 FR_MASTERSLICE       0
            li1    2913
           met1    3231
           met2     328
           met3     231
           met4       8
-----------------------
               6711


[INFO DRT-0195] Start 1st optimization iteration.
    Completing 10% with 659 violations.
    elapsed time = 00:00:00, memory = 743.95 (MB).
    Completing 20% with 659 violations.
    elapsed time = 00:00:02, memory = 743.95 (MB).
    Completing 30% with 601 violations.
    elapsed time = 00:00:04, memory = 739.30 (MB).
    Completing 40% with 601 violations.
    elapsed time = 00:00:05, memory = 758.10 (MB).
    Completing 50% with 601 violations.
    elapsed time = 00:00:08, memory = 756.28 (MB).
    Completing 60% with 567 violations.
    elapsed time = 00:00:13, memory = 736.88 (MB).
    Completing 70% with 567 violations.
    elapsed time = 00:00:15, memory = 736.88 (MB).
    Completing 80% with 507 violations.
    elapsed time = 00:00:16, memory = 736.88 (MB).
    Completing 90% with 507 violations.
    elapsed time = 00:00:20, memory = 736.88 (MB).
    Completing 100% with 401 violations.
    elapsed time = 00:00:30, memory = 736.88 (MB).
[INFO DRT-0199]   Number of violations = 401.
Viol/Layer        mcon   met1   met2   met3
Cut Spacing          3      0      0      0
Metal Spacing        0    103     15      3
Short                0    264     12      1
[INFO DRT-0267] cpu time = 00:00:30, elapsed time = 00:00:31, memory = 739.88 (MB), peak = 757.86 (MB)
Total wire length = 79862 um.
Total wire length on LAYER li1 = 0 um.
Total wire length on LAYER met1 = 23340 um.
Total wire length on LAYER met2 = 44484 um.
Total wire length on LAYER met3 = 5303 um.
Total wire length on LAYER met4 = 6679 um.
Total wire length on LAYER met5 = 54 um.
Total number of vias = 6688.
Up-via summary (total 6688):

-----------------------
 FR_MASTERSLICE       0
            li1    2911
           met1    3231
           met2     312
           met3     226
           met4       8
-----------------------
               6688


[INFO DRT-0195] Start 2nd optimization iteration.
    Completing 10% with 401 violations.
    elapsed time = 00:00:00, memory = 739.88 (MB).
    Completing 20% with 401 violations.
    elapsed time = 00:00:01, memory = 744.61 (MB).
    Completing 30% with 404 violations.
    elapsed time = 00:00:02, memory = 744.61 (MB).
    Completing 40% with 404 violations.
    elapsed time = 00:00:05, memory = 747.88 (MB).
    Completing 50% with 404 violations.
    elapsed time = 00:00:07, memory = 747.88 (MB).
    Completing 60% with 392 violations.
    elapsed time = 00:00:07, memory = 747.88 (MB).
    Completing 70% with 392 violations.
    elapsed time = 00:00:09, memory = 747.88 (MB).
    Completing 80% with 393 violations.
    elapsed time = 00:00:10, memory = 747.88 (MB).
    Completing 90% with 393 violations.
    elapsed time = 00:00:14, memory = 747.88 (MB).
    Completing 100% with 382 violations.
    elapsed time = 00:00:29, memory = 747.86 (MB).
[INFO DRT-0199]   Number of violations = 382.
Viol/Layer        mcon   met1   met2   met3
Cut Spacing          3      0      0      0
Metal Spacing        0     89      3      2
Short                0    271     13      1
[INFO DRT-0267] cpu time = 00:00:29, elapsed time = 00:00:30, memory = 747.86 (MB), peak = 757.86 (MB)
Total wire length = 79785 um.
Total wire length on LAYER li1 = 0 um.
Total wire length on LAYER met1 = 23421 um.
Total wire length on LAYER met2 = 44500 um.
Total wire length on LAYER met3 = 5244 um.
Total wire length on LAYER met4 = 6559 um.
Total wire length on LAYER met5 = 59 um.
Total number of vias = 6606.
Up-via summary (total 6606):

-----------------------
 FR_MASTERSLICE       0
            li1    2916
           met1    3152
           met2     307
           met3     223
           met4       8
-----------------------
               6606


[INFO DRT-0195] Start 3rd optimization iteration.
    Completing 10% with 382 violations.
    elapsed time = 00:00:00, memory = 747.86 (MB).
    Completing 20% with 382 violations.
    elapsed time = 00:00:03, memory = 748.88 (MB).
    Completing 30% with 300 violations.
    elapsed time = 00:00:04, memory = 748.88 (MB).
    Completing 40% with 300 violations.
    elapsed time = 00:00:04, memory = 748.88 (MB).
    Completing 50% with 300 violations.
    elapsed time = 00:00:05, memory = 768.93 (MB).
    Completing 60% with 166 violations.
    elapsed time = 00:00:16, memory = 748.86 (MB).
    Completing 70% with 166 violations.
    elapsed time = 00:00:20, memory = 748.86 (MB).
    Completing 80% with 57 violations.
    elapsed time = 00:00:21, memory = 748.86 (MB).
    Completing 90% with 57 violations.
    elapsed time = 00:00:23, memory = 748.86 (MB).
    Completing 100% with 15 violations.
    elapsed time = 00:00:24, memory = 748.86 (MB).
[INFO DRT-0199]   Number of violations = 15.
Viol/Layer        met1   met2   met3
Metal Spacing        5      4      1
Short                5      0      0
[INFO DRT-0267] cpu time = 00:00:24, elapsed time = 00:00:24, memory = 748.86 (MB), peak = 768.64 (MB)
Total wire length = 79840 um.
Total wire length on LAYER li1 = 0 um.
Total wire length on LAYER met1 = 22679 um.
Total wire length on LAYER met2 = 44672 um.
Total wire length on LAYER met3 = 5949 um.
Total wire length on LAYER met4 = 6497 um.
Total wire length on LAYER met5 = 40 um.
Total number of vias = 6769.
Up-via summary (total 6769):

-----------------------
 FR_MASTERSLICE       0
            li1    2917
           met1    3251
           met2     372
           met3     223
           met4       6
-----------------------
               6769


[INFO DRT-0195] Start 4th guides tiles iteration.
    Completing 20% with 15 violations.
    elapsed time = 00:00:00, memory = 748.86 (MB).
    Completing 40% with 15 violations.
    elapsed time = 00:00:00, memory = 748.86 (MB).
    Completing 60% with 15 violations.
    elapsed time = 00:00:00, memory = 748.86 (MB).
    Completing 80% with 15 violations.
    elapsed time = 00:00:00, memory = 748.86 (MB).
    Completing 100% with 0 violations.
    elapsed time = 00:00:01, memory = 748.86 (MB).
[INFO DRT-0199]   Number of violations = 0.
[INFO DRT-0267] cpu time = 00:00:01, elapsed time = 00:00:01, memory = 748.86 (MB), peak = 768.64 (MB)
Total wire length = 79837 um.
Total wire length on LAYER li1 = 0 um.
Total wire length on LAYER met1 = 22666 um.
Total wire length on LAYER met2 = 44673 um.
Total wire length on LAYER met3 = 5959 um.
Total wire length on LAYER met4 = 6496 um.
Total wire length on LAYER met5 = 40 um.
Total number of vias = 6771.
Up-via summary (total 6771):

-----------------------
 FR_MASTERSLICE       0
            li1    2917
           met1    3249
           met2     376
           met3     223
           met4       6
-----------------------
               6771


[INFO DRT-0198] Complete detail routing.
Total wire length = 79837 um.
Total wire length on LAYER li1 = 0 um.
Total wire length on LAYER met1 = 22666 um.
Total wire length on LAYER met2 = 44673 um.
Total wire length on LAYER met3 = 5959 um.
Total wire length on LAYER met4 = 6496 um.
Total wire length on LAYER met5 = 40 um.
Total number of vias = 6771.
Up-via summary (total 6771):

-----------------------
 FR_MASTERSLICE       0
            li1    2917
           met1    3249
           met2     376
           met3     223
           met4       6
-----------------------
               6771


[INFO DRT-0267] cpu time = 00:01:56, elapsed time = 00:01:57, memory = 749.04 (MB), peak = 768.64 (MB)

[INFO DRT-0180] Post processing.
[INFO DRT-0501] Runtime: 173.71s
Took 174 seconds: detailed_route -output_drc /work/campaigns/iscas_sustainability_extension/memory_compiler/gate3_attempt07_sram22_matched_physical_closure/raw/openroad/work/reports/sky130hd/attempt07_e0/seed17/5_route_drc.rpt -output_maze /work/campaigns/iscas_sustainability_extension/memory_compiler/gate3_attempt07_sram22_matched_physical_closure/raw/openroad/work/results/sky130hd/attempt07_e0/seed17/maze.log -droute_end_iter 64 -verbose 1 -drc_report_iter_step 5
[INFO GRT-0012] Found 7 antenna violations.
[INFO DPL-0006] Core area: 615627.94 um^2
[INFO DPL-0007] Movable instances area: 12.51 um^2
[INFO DPL-0008] Fixed instances area within core: 275728.83 um^2
[INFO DPL-0009] Utilization: 44.8%
[INFO DPL-0005] Diamond search max displacement: +/- 500 sites horizontally, +/- 100 rows vertically.
[INFO DPL-1102] Legalizing using negotiation legalizer.
[INFO DPL-1103] Negotiation base search window: +/-20 sites horizontally, +/-5 rows vertically 
	Automatic search window extension enabled.
	Search window extendable up to the max displacement cap of +/-500 sites, +/-100 rows near walls.
[INFO DPL-1104] NegotiationLegalizer DRC penalty: 5.
[INFO DPL-0392] Negotiation cell height distribution (3 unique row-count(s)):
[INFO DPL-0393]   height 1 row(s): 5868 cells
[INFO DPL-0393]   height 83 row(s): 1 cells
[INFO DPL-0393]   height 108 row(s): 1 cells
          |      Total |  Illegal |  Illegal
Iteration | Violations |    Cells |    Sites
---------------------------------------------
        0 |          0 |         0 |         0
Negotiation phase 1 converged at iteration 0.
[INFO DPL-0500] Runtime: 0.09s
[INFO GRT-0015] Inserted 8 diodes.
[INFO DRT-0024]   Complete FR_MASTERSLICE.
[INFO DRT-0024]   Complete Fr_VIA.
[INFO DRT-0024]   Complete li1.
[INFO DRT-0024]   Complete mcon.
[INFO DRT-0024]   Complete met1.
[INFO DRT-0024]   Complete via.
[INFO DRT-0024]   Complete met2.
[INFO DRT-0024]   Complete via2.
[INFO DRT-0024]   Complete met3.
[INFO DRT-0024]   Complete via3.
[INFO DRT-0024]   Complete met4.
[INFO DRT-0024]   Complete via4.
[INFO DRT-0024]   Complete met5.
[INFO DRT-0165] Start pin access.
[INFO DRT-0078]   Complete 898 pins.
[INFO DRT-0081]   Complete 95 unique inst patterns.
[INFO DRT-0084]   Complete 942 groups.
#scanned instances     = 5870
#unique  instances     = 97
#stdCellGenAp          = 2850
#stdCellValidPlanarAp  = 42
#stdCellValidViaAp     = 2047
#stdCellPinNoAp        = 0
#stdCellPinCnt         = 2872
#instTermValidViaApCnt = 0
#macroGenAp            = 553
#macroValidPlanarAp    = 452
#macroValidViaAp       = 0
#macroNoAp             = 0
[INFO DRT-0166] Complete pin access.
[INFO DRT-0267] cpu time = 00:00:53, elapsed time = 00:00:53, memory = 657.90 (MB), peak = 768.64 (MB)

[INFO DRT-0157] Number of guides:     8318

[INFO DRT-0169] Post process guides.
[INFO DRT-0176] GCELLGRID X 0 DO 144 STEP 6900 ;
[INFO DRT-0177] GCELLGRID Y 0 DO 94 STEP 6900 ;
[INFO DRT-0028]   Complete FR_MASTERSLICE.
[INFO DRT-0028]   Complete Fr_VIA.
[INFO DRT-0028]   Complete li1.
[INFO DRT-0028]   Complete mcon.
[INFO DRT-0028]   Complete met1.
[INFO DRT-0028]   Complete via.
[INFO DRT-0028]   Complete met2.
[INFO DRT-0028]   Complete via2.
[INFO DRT-0028]   Complete met3.
[INFO DRT-0028]   Complete via3.
[INFO DRT-0028]   Complete met4.
[INFO DRT-0028]   Complete via4.
[INFO DRT-0028]   Complete met5.
[INFO DRT-0178] Init guide query.
[INFO DRT-0035]   Complete FR_MASTERSLICE (guide).
[INFO DRT-0035]   Complete Fr_VIA (guide).
[INFO DRT-0035]   Complete li1 (guide).
[INFO DRT-0035]   Complete mcon (guide).
[INFO DRT-0035]   Complete met1 (guide).
[INFO DRT-0035]   Complete via (guide).
[INFO DRT-0035]   Complete met2 (guide).
[INFO DRT-0035]   Complete via2 (guide).
[INFO DRT-0035]   Complete met3 (guide).
[INFO DRT-0035]   Complete via3 (guide).
[INFO DRT-0035]   Complete met4 (guide).
[INFO DRT-0035]   Complete via4 (guide).
[INFO DRT-0035]   Complete met5 (guide).
[INFO DRT-0036] FR_MASTERSLICE guide region query size = 0.
[INFO DRT-0036] FR_VIA guide region query size = 0.
[INFO DRT-0036] li1 guide region query size = 2600.
[INFO DRT-0036] mcon guide region query size = 0.
[INFO DRT-0036] met1 guide region query size = 2439.
[INFO DRT-0036] via guide region query size = 0.
[INFO DRT-0036] met2 guide region query size = 1380.
[INFO DRT-0036] via2 guide region query size = 0.
[INFO DRT-0036] met3 guide region query size = 297.
[INFO DRT-0036] via3 guide region query size = 0.
[INFO DRT-0036] met4 guide region query size = 145.
[INFO DRT-0036] via4 guide region query size = 0.
[INFO DRT-0036] met5 guide region query size = 4.
[INFO DRT-0179] Init gr pin query.
[INFO DRT-0267] cpu time = 00:00:00, elapsed time = 00:00:00, memory = 657.90 (MB), peak = 768.64 (MB)
[INFO DRT-0245] skipped writing guide updates to database.
[INFO DRT-0181] Start track assignment.
[INFO DRT-0184] Done with 4125 vertical wires in 3 frboxes and 2740 horizontal wires in 2 frboxes.
[INFO DRT-0186] Done with 541 vertical wires in 3 frboxes and 691 horizontal wires in 2 frboxes.
[INFO DRT-0182] Complete track assignment.
[INFO DRT-0267] cpu time = 00:00:02, elapsed time = 00:00:02, memory = 657.90 (MB), peak = 768.64 (MB)
[INFO DRT-0187] Start routing data preparation.
[INFO DRT-0267] cpu time = 00:00:00, elapsed time = 00:00:00, memory = 657.90 (MB), peak = 768.64 (MB)
[INFO DRT-0194] Start detail routing.
[INFO DRT-0195] Start 0th optimization iteration.
    Completing 10% with 0 violations.
    elapsed time = 00:00:00, memory = 657.90 (MB).
    Completing 20% with 0 violations.
    elapsed time = 00:00:01, memory = 657.90 (MB).
    Completing 30% with 3 violations.
    elapsed time = 00:00:02, memory = 657.90 (MB).
    Completing 40% with 3 violations.
    elapsed time = 00:00:03, memory = 657.90 (MB).
    Completing 50% with 3 violations.
    elapsed time = 00:00:04, memory = 657.90 (MB).
    Completing 60% with 5 violations.
    elapsed time = 00:00:05, memory = 657.90 (MB).
    Completing 70% with 5 violations.
    elapsed time = 00:00:06, memory = 657.90 (MB).
    Completing 80% with 12 violations.
    elapsed time = 00:00:06, memory = 657.90 (MB).
    Completing 90% with 12 violations.
    elapsed time = 00:00:08, memory = 657.90 (MB).
    Completing 100% with 23 violations.
    elapsed time = 00:00:09, memory = 657.90 (MB).
[INFO DRT-0199]   Number of violations = 26.
Viol/Layer        met1   met2   met3   met4
Metal Spacing        1      0      0      0
Recheck              2      0      0      1
Short               16      1      1      4
[INFO DRT-0267] cpu time = 00:00:10, elapsed time = 00:00:09, memory = 778.60 (MB), peak = 778.30 (MB)
Total wire length = 79841 um.
Total wire length on LAYER li1 = 0 um.
Total wire length on LAYER met1 = 22599 um.
Total wire length on LAYER met2 = 44849 um.
Total wire length on LAYER met3 = 6046 um.
Total wire length on LAYER met4 = 6306 um.
Total wire length on LAYER met5 = 40 um.
Total number of vias = 6762.
Up-via summary (total 6762):

-----------------------
 FR_MASTERSLICE       0
            li1    2926
           met1    3253
           met2     367
           met3     210
           met4       6
-----------------------
               6762


[INFO DRT-0195] Start 1st optimization iteration.
    Completing 10% with 26 violations.
    elapsed time = 00:00:00, memory = 778.60 (MB).
    Completing 20% with 26 violations.
    elapsed time = 00:00:01, memory = 780.14 (MB).
    Completing 30% with 22 violations.
    elapsed time = 00:00:01, memory = 780.14 (MB).
    Completing 40% with 22 violations.
    elapsed time = 00:00:02, memory = 784.12 (MB).
    Completing 50% with 22 violations.
    elapsed time = 00:00:04, memory = 784.12 (MB).
    Completing 60% with 22 violations.
    elapsed time = 00:00:04, memory = 784.12 (MB).
    Completing 70% with 22 violations.
    elapsed time = 00:00:06, memory = 784.12 (MB).
    Completing 80% with 15 violations.
    elapsed time = 00:00:06, memory = 784.12 (MB).
    Completing 90% with 15 violations.
    elapsed time = 00:00:08, memory = 784.12 (MB).
    Completing 100% with 11 violations.
    elapsed time = 00:00:09, memory = 784.12 (MB).
[INFO DRT-0199]   Number of violations = 11.
Viol/Layer        met1   met3   met4
Short                9      1      1
[INFO DRT-0267] cpu time = 00:00:10, elapsed time = 00:00:09, memory = 660.55 (MB), peak = 783.80 (MB)
Total wire length = 79839 um.
Total wire length on LAYER li1 = 0 um.
Total wire length on LAYER met1 = 22613 um.
Total wire length on LAYER met2 = 44847 um.
Total wire length on LAYER met3 = 6034 um.
Total wire length on LAYER met4 = 6303 um.
Total wire length on LAYER met5 = 40 um.
Total number of vias = 6759.
Up-via summary (total 6759):

-----------------------
 FR_MASTERSLICE       0
            li1    2927
           met1    3250
           met2     365
           met3     211
           met4       6
-----------------------
               6759


[INFO DRT-0195] Start 2nd optimization iteration.
    Completing 10% with 11 violations.
    elapsed time = 00:00:00, memory = 660.55 (MB).
    Completing 20% with 11 violations.
    elapsed time = 00:00:00, memory = 660.55 (MB).
    Completing 30% with 9 violations.
    elapsed time = 00:00:00, memory = 660.55 (MB).
    Completing 40% with 9 violations.
    elapsed time = 00:00:00, memory = 660.55 (MB).
    Completing 50% with 9 violations.
    elapsed time = 00:00:00, memory = 660.55 (MB).
    Completing 60% with 9 violations.
    elapsed time = 00:00:00, memory = 660.55 (MB).
    Completing 70% with 9 violations.
    elapsed time = 00:00:00, memory = 660.55 (MB).
    Completing 80% with 9 violations.
    elapsed time = 00:00:00, memory = 660.55 (MB).
    Completing 90% with 9 violations.
    elapsed time = 00:00:00, memory = 660.55 (MB).
    Completing 100% with 9 violations.
    elapsed time = 00:00:00, memory = 660.55 (MB).
[INFO DRT-0199]   Number of violations = 9.
Viol/Layer        met1   met3   met4
Short                7      1      1
[INFO DRT-0267] cpu time = 00:00:00, elapsed time = 00:00:01, memory = 784.14 (MB), peak = 783.80 (MB)
Total wire length = 79839 um.
Total wire length on LAYER li1 = 0 um.
Total wire length on LAYER met1 = 22613 um.
Total wire length on LAYER met2 = 44851 um.
Total wire length on LAYER met3 = 6034 um.
Total wire length on LAYER met4 = 6299 um.
Total wire length on LAYER met5 = 40 um.
Total number of vias = 6758.
Up-via summary (total 6758):

-----------------------
 FR_MASTERSLICE       0
            li1    2927
           met1    3250
           met2     365
           met3     210
           met4       6
-----------------------
               6758


[INFO DRT-0195] Start 3rd guides tiles iteration.
    Completing 50% with 9 violations.
    elapsed time = 00:00:01, memory = 784.14 (MB).
    Completing 100% with 0 violations.
    elapsed time = 00:00:02, memory = 786.14 (MB).
[INFO DRT-0199]   Number of violations = 0.
[INFO DRT-0267] cpu time = 00:00:02, elapsed time = 00:00:02, memory = 665.56 (MB), peak = 785.85 (MB)
Total wire length = 79837 um.
Total wire length on LAYER li1 = 0 um.
Total wire length on LAYER met1 = 22754 um.
Total wire length on LAYER met2 = 44855 um.
Total wire length on LAYER met3 = 5889 um.
Total wire length on LAYER met4 = 6296 um.
Total wire length on LAYER met5 = 40 um.
Total number of vias = 6758.
Up-via summary (total 6758):

-----------------------
 FR_MASTERSLICE       0
            li1    2927
           met1    3252
           met2     363
           met3     210
           met4       6
-----------------------
               6758


[INFO DRT-0198] Complete detail routing.
Total wire length = 79837 um.
Total wire length on LAYER li1 = 0 um.
Total wire length on LAYER met1 = 22754 um.
Total wire length on LAYER met2 = 44855 um.
Total wire length on LAYER met3 = 5889 um.
Total wire length on LAYER met4 = 6296 um.
Total wire length on LAYER met5 = 40 um.
Total number of vias = 6758.
Up-via summary (total 6758):

-----------------------
 FR_MASTERSLICE       0
            li1    2927
           met1    3252
           met2     363
           met3     210
           met4       6
-----------------------
               6758


[INFO DRT-0267] cpu time = 00:00:23, elapsed time = 00:00:23, memory = 665.56 (MB), peak = 785.85 (MB)

[INFO DRT-0180] Post processing.
[INFO DRT-0501] Runtime: 79.78s
[INFO ANT-0002] Found 0 net violations.
[INFO ANT-0001] Found 0 pin violations.
[INFO ANT-0002] Found 0 net violations.
[INFO ANT-0001] Found 0 pin violations.
Design area 275741 um^2 45% utilization.
write_db /work/campaigns/iscas_sustainability_extension/memory_compiler/gate3_attempt07_sram22_matched_physical_closure/raw/openroad/work/results/sky130hd/attempt07_e0/seed17/5_2_route.odb
Elapsed time: 4:19.58[h:]min:sec. CPU time: user 253.97 sys 2.36 (98%). Peak memory: 804708KB.
Log                       Ext     Elapsed/s Peak Memory/MB sha1sum result [0:20)
5_2_route                 .odb          259            785 771213e46d1a88852125
