OpenROAD 26Q3-1080-gab6fd26351 
Features included (+) or not (-): +GPU +GUI +Python
This program is licensed under the BSD-3 license. See the LICENSE file for details.
Components of this program may be licensed under more restrictive licenses which must be honored.
[INFO ORD-0030] Using 4 thread(s).
read_liberty /OpenROAD-flow-scripts/flow/platforms/sky130hd/lib/sky130_fd_sc_hd__tt_025C_1v80.lib
read_liberty /work/campaigns/iscas_sustainability_extension/memory_compiler/gate3_attempt09_sram22_residual_interface_drv_and_provenance_closure/source_checkout/sram22_256x64m4w8/sram22_256x64m4w8_tt_025C_1v80.lib
read_liberty /work/campaigns/iscas_sustainability_extension/memory_compiler/gate3_attempt09_sram22_residual_interface_drv_and_provenance_closure/source_checkout/sram22_256x8m8w1/sram22_256x8m8w1_tt_025C_1v80.lib
read_db /work/campaigns/iscas_sustainability_extension/memory_compiler/gate3_attempt09_sram22_residual_interface_drv_and_provenance_closure/raw/openroad/work/results/sky130hd/attempt09_e0/seed11/5_1_grt.odb
read_sdc /work/campaigns/iscas_sustainability_extension/memory_compiler/gate3_attempt09_sram22_residual_interface_drv_and_provenance_closure/raw/openroad/work/results/sky130hd/attempt09_e0/seed11/5_1_grt.sdc
source /OpenROAD-flow-scripts/flow/platforms/sky130hd/setRC.tcl
detailed_route -output_drc /work/campaigns/iscas_sustainability_extension/memory_compiler/gate3_attempt09_sram22_residual_interface_drv_and_provenance_closure/raw/openroad/work/reports/sky130hd/attempt09_e0/seed11/5_route_drc.rpt -output_maze /work/campaigns/iscas_sustainability_extension/memory_compiler/gate3_attempt09_sram22_residual_interface_drv_and_provenance_closure/raw/openroad/work/results/sky130hd/attempt09_e0/seed11/maze.log -droute_end_iter 64 -verbose 1 -drc_report_iter_step 5
[INFO DRT-0149] Reading tech and libs.
[WARNING DRT-0349] LEF58_ENCLOSURE with no CUTCLASS is not supported. Skipping for layer mcon
[WARNING DRT-0349] LEF58_ENCLOSURE with no CUTCLASS is not supported. Skipping for layer mcon
[WARNING DRT-0349] LEF58_ENCLOSURE with no CUTCLASS is not supported. Skipping for layer via
[WARNING DRT-0349] LEF58_ENCLOSURE with no CUTCLASS is not supported. Skipping for layer via
[WARNING DRT-0349] LEF58_ENCLOSURE with no CUTCLASS is not supported. Skipping for layer via2
[WARNING DRT-0349] LEF58_ENCLOSURE with no CUTCLASS is not supported. Skipping for layer via2
[WARNING DRT-0349] LEF58_ENCLOSURE with no CUTCLASS is not supported. Skipping for layer via3
[WARNING DRT-0349] LEF58_ENCLOSURE with no CUTCLASS is not supported. Skipping for layer via3
[WARNING DRT-0349] LEF58_ENCLOSURE with no CUTCLASS is not supported. Skipping for layer via4
[WARNING DRT-0349] LEF58_ENCLOSURE with no CUTCLASS is not supported. Skipping for layer via4

Units:                1000
Number of layers:     13
Number of macros:     443
Number of vias:       130
Number of viarulegen: 25

[INFO DRT-0150] Reading design.

Design:                   e0_sram22_top
Die area:                 ( 0 0 ) ( 1000000 650000 )
Number of track patterns: 12
Number of DEF vias:       0
Number of components:     5852
Number of terminals:      144
Number of snets:          2
Number of nets:           1236

[WARNING DRT-0419] No routing tracks pass through the center of Term u_protected_memory.u_data/dout[0]
[WARNING DRT-0419] No routing tracks pass through the center of Term u_protected_memory.u_data/dout[1]
[WARNING DRT-0419] No routing tracks pass through the center of Term u_protected_memory.u_data/dout[2]
[WARNING DRT-0419] No routing tracks pass through the center of Term u_protected_memory.u_data/dout[3]
[WARNING DRT-0419] No routing tracks pass through the center of Term u_protected_memory.u_data/dout[4]
[WARNING DRT-0419] No routing tracks pass through the center of Term u_protected_memory.u_data/dout[5]
[WARNING DRT-0419] No routing tracks pass through the center of Term u_protected_memory.u_data/dout[6]
[WARNING DRT-0419] No routing tracks pass through the center of Term u_protected_memory.u_data/dout[7]
[WARNING DRT-0419] No routing tracks pass through the center of Term u_protected_memory.u_data/dout[8]
[WARNING DRT-0419] No routing tracks pass through the center of Term u_protected_memory.u_data/dout[9]
[WARNING DRT-0419] No routing tracks pass through the center of Term u_protected_memory.u_data/dout[10]
[WARNING DRT-0419] No routing tracks pass through the center of Term u_protected_memory.u_data/dout[11]
[WARNING DRT-0419] No routing tracks pass through the center of Term u_protected_memory.u_data/dout[12]
[WARNING DRT-0419] No routing tracks pass through the center of Term u_protected_memory.u_data/dout[13]
[WARNING DRT-0419] No routing tracks pass through the center of Term u_protected_memory.u_data/dout[14]
[WARNING DRT-0419] No routing tracks pass through the center of Term u_protected_memory.u_data/dout[15]
[WARNING DRT-0419] No routing tracks pass through the center of Term u_protected_memory.u_data/dout[16]
[WARNING DRT-0419] No routing tracks pass through the center of Term u_protected_memory.u_data/dout[17]
[WARNING DRT-0419] No routing tracks pass through the center of Term u_protected_memory.u_data/dout[18]
[WARNING DRT-0419] No routing tracks pass through the center of Term u_protected_memory.u_data/dout[19]
[WARNING DRT-0419] No routing tracks pass through the center of Term u_protected_memory.u_data/dout[20]
[WARNING DRT-0419] No routing tracks pass through the center of Term u_protected_memory.u_data/dout[21]
[WARNING DRT-0419] No routing tracks pass through the center of Term u_protected_memory.u_data/dout[22]
[WARNING DRT-0419] No routing tracks pass through the center of Term u_protected_memory.u_data/dout[23]
[WARNING DRT-0419] No routing tracks pass through the center of Term u_protected_memory.u_data/dout[24]
[WARNING DRT-0419] No routing tracks pass through the center of Term u_protected_memory.u_data/dout[25]
[WARNING DRT-0419] No routing tracks pass through the center of Term u_protected_memory.u_data/dout[26]
[WARNING DRT-0419] No routing tracks pass through the center of Term u_protected_memory.u_data/dout[27]
[WARNING DRT-0419] No routing tracks pass through the center of Term u_protected_memory.u_data/dout[28]
[WARNING DRT-0419] No routing tracks pass through the center of Term u_protected_memory.u_data/dout[29]
[WARNING DRT-0419] No routing tracks pass through the center of Term u_protected_memory.u_data/dout[30]
[WARNING DRT-0419] No routing tracks pass through the center of Term u_protected_memory.u_data/dout[31]
[WARNING DRT-0419] No routing tracks pass through the center of Term u_protected_memory.u_data/dout[32]
[WARNING DRT-0419] No routing tracks pass through the center of Term u_protected_memory.u_data/dout[33]
[WARNING DRT-0419] No routing tracks pass through the center of Term u_protected_memory.u_data/dout[34]
[WARNING DRT-0419] No routing tracks pass through the center of Term u_protected_memory.u_data/dout[35]
[WARNING DRT-0419] No routing tracks pass through the center of Term u_protected_memory.u_data/dout[36]
[WARNING DRT-0419] No routing tracks pass through the center of Term u_protected_memory.u_data/dout[37]
[WARNING DRT-0419] No routing tracks pass through the center of Term u_protected_memory.u_data/dout[38]
[WARNING DRT-0419] No routing tracks pass through the center of Term u_protected_memory.u_data/dout[39]
[WARNING DRT-0419] No routing tracks pass through the center of Term u_protected_memory.u_data/dout[40]
[WARNING DRT-0419] No routing tracks pass through the center of Term u_protected_memory.u_data/dout[41]
[WARNING DRT-0419] No routing tracks pass through the center of Term u_protected_memory.u_data/dout[42]
[WARNING DRT-0419] No routing tracks pass through the center of Term u_protected_memory.u_data/dout[43]
[WARNING DRT-0419] No routing tracks pass through the center of Term u_protected_memory.u_data/dout[44]
[WARNING DRT-0419] No routing tracks pass through the center of Term u_protected_memory.u_data/dout[45]
[WARNING DRT-0419] No routing tracks pass through the center of Term u_protected_memory.u_data/dout[46]
[WARNING DRT-0419] No routing tracks pass through the center of Term u_protected_memory.u_data/dout[47]
[WARNING DRT-0419] No routing tracks pass through the center of Term u_protected_memory.u_data/dout[48]
[WARNING DRT-0419] No routing tracks pass through the center of Term u_protected_memory.u_data/dout[49]
[WARNING DRT-0419] No routing tracks pass through the center of Term u_protected_memory.u_data/dout[50]
[WARNING DRT-0419] No routing tracks pass through the center of Term u_protected_memory.u_data/dout[51]
[WARNING DRT-0419] No routing tracks pass through the center of Term u_protected_memory.u_data/dout[52]
[WARNING DRT-0419] No routing tracks pass through the center of Term u_protected_memory.u_data/dout[53]
[WARNING DRT-0419] No routing tracks pass through the center of Term u_protected_memory.u_data/dout[54]
[WARNING DRT-0419] No routing tracks pass through the center of Term u_protected_memory.u_data/dout[55]
[WARNING DRT-0419] No routing tracks pass through the center of Term u_protected_memory.u_data/dout[56]
[WARNING DRT-0419] No routing tracks pass through the center of Term u_protected_memory.u_data/dout[57]
[WARNING DRT-0419] No routing tracks pass through the center of Term u_protected_memory.u_data/dout[58]
[WARNING DRT-0419] No routing tracks pass through the center of Term u_protected_memory.u_data/dout[59]
[WARNING DRT-0419] No routing tracks pass through the center of Term u_protected_memory.u_data/dout[60]
[WARNING DRT-0419] No routing tracks pass through the center of Term u_protected_memory.u_data/dout[61]
[WARNING DRT-0419] No routing tracks pass through the center of Term u_protected_memory.u_data/dout[62]
[WARNING DRT-0419] No routing tracks pass through the center of Term u_protected_memory.u_data/dout[63]
[WARNING DRT-0419] No routing tracks pass through the center of Term u_protected_memory.u_data/din[0]
[WARNING DRT-0419] No routing tracks pass through the center of Term u_protected_memory.u_data/din[1]
[WARNING DRT-0419] No routing tracks pass through the center of Term u_protected_memory.u_data/din[2]
[WARNING DRT-0419] No routing tracks pass through the center of Term u_protected_memory.u_data/din[3]
[WARNING DRT-0419] No routing tracks pass through the center of Term u_protected_memory.u_data/din[4]
[WARNING DRT-0419] No routing tracks pass through the center of Term u_protected_memory.u_data/din[5]
[WARNING DRT-0419] No routing tracks pass through the center of Term u_protected_memory.u_data/din[6]
[WARNING DRT-0419] No routing tracks pass through the center of Term u_protected_memory.u_data/din[7]
[WARNING DRT-0419] No routing tracks pass through the center of Term u_protected_memory.u_data/din[8]
[WARNING DRT-0419] No routing tracks pass through the center of Term u_protected_memory.u_data/din[9]
[WARNING DRT-0419] No routing tracks pass through the center of Term u_protected_memory.u_data/din[10]
[WARNING DRT-0419] No routing tracks pass through the center of Term u_protected_memory.u_data/din[11]
[WARNING DRT-0419] No routing tracks pass through the center of Term u_protected_memory.u_data/din[12]
[WARNING DRT-0419] No routing tracks pass through the center of Term u_protected_memory.u_data/din[13]
[WARNING DRT-0419] No routing tracks pass through the center of Term u_protected_memory.u_data/din[14]
[WARNING DRT-0419] No routing tracks pass through the center of Term u_protected_memory.u_data/din[15]
[WARNING DRT-0419] No routing tracks pass through the center of Term u_protected_memory.u_data/din[16]
[WARNING DRT-0419] No routing tracks pass through the center of Term u_protected_memory.u_data/din[17]
[WARNING DRT-0419] No routing tracks pass through the center of Term u_protected_memory.u_data/din[18]
[WARNING DRT-0419] No routing tracks pass through the center of Term u_protected_memory.u_data/din[19]
[WARNING DRT-0419] No routing tracks pass through the center of Term u_protected_memory.u_data/din[20]
[WARNING DRT-0419] No routing tracks pass through the center of Term u_protected_memory.u_data/din[21]
[WARNING DRT-0419] No routing tracks pass through the center of Term u_protected_memory.u_data/din[22]
[WARNING DRT-0419] No routing tracks pass through the center of Term u_protected_memory.u_data/din[23]
[WARNING DRT-0419] No routing tracks pass through the center of Term u_protected_memory.u_data/din[24]
[WARNING DRT-0419] No routing tracks pass through the center of Term u_protected_memory.u_data/din[25]
[WARNING DRT-0419] No routing tracks pass through the center of Term u_protected_memory.u_data/din[26]
[WARNING DRT-0419] No routing tracks pass through the center of Term u_protected_memory.u_data/din[27]
[WARNING DRT-0419] No routing tracks pass through the center of Term u_protected_memory.u_data/din[28]
[WARNING DRT-0419] No routing tracks pass through the center of Term u_protected_memory.u_data/din[29]
[WARNING DRT-0419] No routing tracks pass through the center of Term u_protected_memory.u_data/din[30]
[WARNING DRT-0419] No routing tracks pass through the center of Term u_protected_memory.u_data/din[31]
[WARNING DRT-0419] No routing tracks pass through the center of Term u_protected_memory.u_data/din[32]
[WARNING DRT-0419] No routing tracks pass through the center of Term u_protected_memory.u_data/din[33]
[WARNING DRT-0419] No routing tracks pass through the center of Term u_protected_memory.u_data/din[34]
[WARNING DRT-0419] No routing tracks pass through the center of Term u_protected_memory.u_data/din[35]
[WARNING DRT-0419] No routing tracks pass through the center of Term u_protected_memory.u_data/din[36]
[WARNING DRT-0419] No routing tracks pass through the center of Term u_protected_memory.u_data/din[37]
[WARNING DRT-0419] No routing tracks pass through the center of Term u_protected_memory.u_data/din[38]
[WARNING DRT-0419] No routing tracks pass through the center of Term u_protected_memory.u_data/din[39]
[WARNING DRT-0419] No routing tracks pass through the center of Term u_protected_memory.u_data/din[40]
[WARNING DRT-0419] No routing tracks pass through the center of Term u_protected_memory.u_data/din[41]
[WARNING DRT-0419] No routing tracks pass through the center of Term u_protected_memory.u_data/din[42]
[WARNING DRT-0419] No routing tracks pass through the center of Term u_protected_memory.u_data/din[43]
[WARNING DRT-0419] No routing tracks pass through the center of Term u_protected_memory.u_data/din[44]
[WARNING DRT-0419] No routing tracks pass through the center of Term u_protected_memory.u_data/din[45]
[WARNING DRT-0419] No routing tracks pass through the center of Term u_protected_memory.u_data/din[46]
[WARNING DRT-0419] No routing tracks pass through the center of Term u_protected_memory.u_data/din[47]
[WARNING DRT-0419] No routing tracks pass through the center of Term u_protected_memory.u_data/din[48]
[WARNING DRT-0419] No routing tracks pass through the center of Term u_protected_memory.u_data/din[49]
[WARNING DRT-0419] No routing tracks pass through the center of Term u_protected_memory.u_data/din[50]
[WARNING DRT-0419] No routing tracks pass through the center of Term u_protected_memory.u_data/din[51]
[WARNING DRT-0419] No routing tracks pass through the center of Term u_protected_memory.u_data/din[52]
[WARNING DRT-0419] No routing tracks pass through the center of Term u_protected_memory.u_data/din[53]
[WARNING DRT-0419] No routing tracks pass through the center of Term u_protected_memory.u_data/din[54]
[WARNING DRT-0419] No routing tracks pass through the center of Term u_protected_memory.u_data/din[55]
[WARNING DRT-0419] No routing tracks pass through the center of Term u_protected_memory.u_data/din[56]
[WARNING DRT-0419] No routing tracks pass through the center of Term u_protected_memory.u_data/din[57]
[WARNING DRT-0419] No routing tracks pass through the center of Term u_protected_memory.u_data/din[58]
[WARNING DRT-0419] No routing tracks pass through the center of Term u_protected_memory.u_data/din[59]
[WARNING DRT-0419] No routing tracks pass through the center of Term u_protected_memory.u_data/din[60]
[WARNING DRT-0419] No routing tracks pass through the center of Term u_protected_memory.u_data/din[61]
[WARNING DRT-0419] No routing tracks pass through the center of Term u_protected_memory.u_data/din[62]
[WARNING DRT-0419] No routing tracks pass through the center of Term u_protected_memory.u_data/din[63]
[WARNING DRT-0419] No routing tracks pass through the center of Term u_protected_memory.u_data/wmask[1]
[WARNING DRT-0419] No routing tracks pass through the center of Term u_protected_memory.u_data/wmask[2]
[WARNING DRT-0419] No routing tracks pass through the center of Term u_protected_memory.u_data/wmask[3]
[WARNING DRT-0419] No routing tracks pass through the center of Term u_protected_memory.u_data/wmask[4]
[WARNING DRT-0419] No routing tracks pass through the center of Term u_protected_memory.u_data/wmask[5]
[WARNING DRT-0419] No routing tracks pass through the center of Term u_protected_memory.u_data/wmask[6]
[WARNING DRT-0419] No routing tracks pass through the center of Term u_protected_memory.u_data/wmask[7]
[WARNING DRT-0418] Term u_protected_memory.u_ecc/dout[0] has no pins on routing grid
[WARNING DRT-0418] Term u_protected_memory.u_ecc/dout[1] has no pins on routing grid
[WARNING DRT-0418] Term u_protected_memory.u_ecc/dout[2] has no pins on routing grid
[WARNING DRT-0418] Term u_protected_memory.u_ecc/dout[3] has no pins on routing grid
[WARNING DRT-0418] Term u_protected_memory.u_ecc/dout[4] has no pins on routing grid
[WARNING DRT-0418] Term u_protected_memory.u_ecc/dout[5] has no pins on routing grid
[WARNING DRT-0418] Term u_protected_memory.u_ecc/dout[6] has no pins on routing grid
[WARNING DRT-0418] Term u_protected_memory.u_ecc/dout[7] has no pins on routing grid
[WARNING DRT-0419] No routing tracks pass through the center of Term u_protected_memory.u_ecc/din[0]
[WARNING DRT-0419] No routing tracks pass through the center of Term u_protected_memory.u_ecc/din[1]
[WARNING DRT-0419] No routing tracks pass through the center of Term u_protected_memory.u_ecc/din[2]
[WARNING DRT-0418] Term u_protected_memory.u_ecc/din[3] has no pins on routing grid
[WARNING DRT-0418] Term u_protected_memory.u_ecc/din[4] has no pins on routing grid
[WARNING DRT-0418] Term u_protected_memory.u_ecc/din[5] has no pins on routing grid
[WARNING DRT-0418] Term u_protected_memory.u_ecc/din[6] has no pins on routing grid
[WARNING DRT-0418] Term u_protected_memory.u_ecc/din[7] has no pins on routing grid
[WARNING DRT-0419] No routing tracks pass through the center of Term u_protected_memory.u_ecc/wmask[0]
[WARNING DRT-0419] No routing tracks pass through the center of Term u_protected_memory.u_ecc/wmask[1]
[WARNING DRT-0419] No routing tracks pass through the center of Term u_protected_memory.u_ecc/wmask[2]
[WARNING DRT-0418] Term u_protected_memory.u_ecc/wmask[3] has no pins on routing grid
[WARNING DRT-0418] Term u_protected_memory.u_ecc/wmask[4] has no pins on routing grid
[WARNING DRT-0418] Term u_protected_memory.u_ecc/wmask[5] has no pins on routing grid
[WARNING DRT-0418] Term u_protected_memory.u_ecc/wmask[6] has no pins on routing grid
[WARNING DRT-0418] Term u_protected_memory.u_ecc/wmask[7] has no pins on routing grid
[INFO DRT-0167] List of default vias:
  Layer via
    default via: M1M2_PR
  Layer via2
    default via: M2M3_PR
  Layer via3
    default via: M3M4_PR
  Layer via4
    default via: M4M5_PR
[INFO DRT-0162] Library cell analysis.
[INFO DRT-0163] Instance analysis.
[INFO DRT-0164] Number of unique instances = 104.
[INFO DRT-0168] Init region query.
[INFO DRT-0024]   Complete FR_MASTERSLICE.
[INFO DRT-0024]   Complete Fr_VIA.
[INFO DRT-0024]   Complete li1.
[INFO DRT-0024]   Complete mcon.
[INFO DRT-0024]   Complete met1.
[INFO DRT-0024]   Complete via.
[INFO DRT-0024]   Complete met2.
[INFO DRT-0024]   Complete via2.
[INFO DRT-0024]   Complete met3.
[INFO DRT-0024]   Complete via3.
[INFO DRT-0024]   Complete met4.
[INFO DRT-0024]   Complete via4.
[INFO DRT-0024]   Complete met5.
[INFO DRT-0033] FR_MASTERSLICE shape region query size = 0.
[INFO DRT-0033] FR_VIA shape region query size = 0.
[INFO DRT-0033] li1 shape region query size = 47600.
[INFO DRT-0033] mcon shape region query size = 25230.
[INFO DRT-0033] met1 shape region query size = 17846.
[INFO DRT-0033] via shape region query size = 24330.
[INFO DRT-0033] met2 shape region query size = 22048.
[INFO DRT-0033] via2 shape region query size = 45597.
[INFO DRT-0033] met3 shape region query size = 29027.
[INFO DRT-0033] via3 shape region query size = 45281.
[INFO DRT-0033] met4 shape region query size = 11428.
[INFO DRT-0033] via4 shape region query size = 1676.
[INFO DRT-0033] met5 shape region query size = 1768.
[INFO DRT-0165] Start pin access.
[INFO DRT-0078]   Complete 943 pins.
[INFO DRT-0079]   Complete 100 unique inst patterns.
[INFO DRT-0081]   Complete 102 unique inst patterns.
[INFO DRT-0084]   Complete 907 groups.
#scanned instances     = 5852
#unique  instances     = 104
#stdCellGenAp          = 3128
#stdCellValidPlanarAp  = 56
#stdCellValidViaAp     = 2229
#stdCellPinNoAp        = 0
#stdCellPinCnt         = 2868
#instTermValidViaApCnt = 0
#macroGenAp            = 553
#macroValidPlanarAp    = 452
#macroValidViaAp       = 0
#macroNoAp             = 0
[INFO DRT-0166] Complete pin access.
[INFO DRT-0267] cpu time = 00:01:01, elapsed time = 00:00:16, memory = 268.98 (MB), peak = 268.62 (MB)

[INFO DRT-0157] Number of guides:     8345

[INFO DRT-0169] Post process guides.
[INFO DRT-0176] GCELLGRID X 0 DO 144 STEP 6900 ;
[INFO DRT-0177] GCELLGRID Y 0 DO 94 STEP 6900 ;
[INFO DRT-0028]   Complete FR_MASTERSLICE.
[INFO DRT-0028]   Complete Fr_VIA.
[INFO DRT-0028]   Complete li1.
[INFO DRT-0028]   Complete mcon.
[INFO DRT-0028]   Complete met1.
[INFO DRT-0028]   Complete via.
[INFO DRT-0028]   Complete met2.
[INFO DRT-0028]   Complete via2.
[INFO DRT-0028]   Complete met3.
[INFO DRT-0028]   Complete via3.
[INFO DRT-0028]   Complete met4.
[INFO DRT-0028]   Complete via4.
[INFO DRT-0028]   Complete met5.
[INFO DRT-0178] Init guide query.
[INFO DRT-0035]   Complete FR_MASTERSLICE (guide).
[INFO DRT-0035]   Complete Fr_VIA (guide).
[INFO DRT-0035]   Complete li1 (guide).
[INFO DRT-0035]   Complete mcon (guide).
[INFO DRT-0035]   Complete met1 (guide).
[INFO DRT-0035]   Complete via (guide).
[INFO DRT-0035]   Complete met2 (guide).
[INFO DRT-0035]   Complete via2 (guide).
[INFO DRT-0035]   Complete met3 (guide).
[INFO DRT-0035]   Complete via3 (guide).
[INFO DRT-0035]   Complete met4 (guide).
[INFO DRT-0035]   Complete via4 (guide).
[INFO DRT-0035]   Complete met5 (guide).
[INFO DRT-0036] FR_MASTERSLICE guide region query size = 0.
[INFO DRT-0036] FR_VIA guide region query size = 0.
[INFO DRT-0036] li1 guide region query size = 2577.
[INFO DRT-0036] mcon guide region query size = 0.
[INFO DRT-0036] met1 guide region query size = 2436.
[INFO DRT-0036] via guide region query size = 0.
[INFO DRT-0036] met2 guide region query size = 1389.
[INFO DRT-0036] via2 guide region query size = 0.
[INFO DRT-0036] met3 guide region query size = 317.
[INFO DRT-0036] via3 guide region query size = 0.
[INFO DRT-0036] met4 guide region query size = 163.
[INFO DRT-0036] via4 guide region query size = 0.
[INFO DRT-0036] met5 guide region query size = 7.
[INFO DRT-0179] Init gr pin query.
[INFO DRT-0267] cpu time = 00:00:00, elapsed time = 00:00:00, memory = 271.44 (MB), peak = 271.12 (MB)
[INFO DRT-0245] skipped writing guide updates to database.
[INFO DRT-0181] Start track assignment.
[INFO DRT-0184] Done with 4129 vertical wires in 3 frboxes and 2760 horizontal wires in 2 frboxes.
[INFO DRT-0186] Done with 540 vertical wires in 3 frboxes and 728 horizontal wires in 2 frboxes.
[INFO DRT-0182] Complete track assignment.
[INFO DRT-0267] cpu time = 00:00:02, elapsed time = 00:00:01, memory = 326.09 (MB), peak = 334.12 (MB)
[INFO DRT-0187] Start routing data preparation.
[INFO DRT-0267] cpu time = 00:00:00, elapsed time = 00:00:00, memory = 326.09 (MB), peak = 334.12 (MB)
[INFO DRT-0194] Start detail routing.
[INFO DRT-0195] Start 0th optimization iteration.
    Completing 10% with 0 violations.
    elapsed time = 00:00:00, memory = 336.66 (MB).
    Completing 20% with 0 violations.
    elapsed time = 00:00:00, memory = 364.68 (MB).
    Completing 30% with 180 violations.
    elapsed time = 00:00:04, memory = 350.39 (MB).
    Completing 40% with 180 violations.
    elapsed time = 00:00:05, memory = 378.59 (MB).
    Completing 50% with 180 violations.
    elapsed time = 00:00:05, memory = 385.99 (MB).
    Completing 60% with 332 violations.
    elapsed time = 00:00:06, memory = 386.13 (MB).
    Completing 70% with 332 violations.
    elapsed time = 00:00:07, memory = 413.90 (MB).
    Completing 80% with 578 violations.
    elapsed time = 00:00:11, memory = 397.85 (MB).
    Completing 90% with 578 violations.
    elapsed time = 00:00:11, memory = 413.43 (MB).
    Completing 100% with 770 violations.
    elapsed time = 00:00:14, memory = 417.44 (MB).
[INFO DRT-0199]   Number of violations = 833.
Viol/Layer        mcon   met1    via   met2   met3   met4
Cut Spacing          1      0      0      0      0      0
Metal Spacing        0    150      0     26      9      0
Recheck              0     45      0     12      1      5
Short                0    524      1     50      5      4
[INFO DRT-0267] cpu time = 00:00:30, elapsed time = 00:00:15, memory = 741.73 (MB), peak = 741.34 (MB)
Total wire length = 80302 um.
Total wire length on LAYER li1 = 0 um.
Total wire length on LAYER met1 = 23382 um.
Total wire length on LAYER met2 = 43770 um.
Total wire length on LAYER met3 = 5829 um.
Total wire length on LAYER met4 = 7250 um.
Total wire length on LAYER met5 = 69 um.
Total number of vias = 6639.
Up-via summary (total 6639):

-----------------------
 FR_MASTERSLICE       0
            li1    2911
           met1    3140
           met2     330
           met3     248
           met4      10
-----------------------
               6639


[INFO DRT-0195] Start 1st optimization iteration.
    Completing 10% with 833 violations.
    elapsed time = 00:00:00, memory = 742.16 (MB).
    Completing 20% with 833 violations.
    elapsed time = 00:00:00, memory = 742.67 (MB).
    Completing 30% with 732 violations.
    elapsed time = 00:00:02, memory = 742.67 (MB).
    Completing 40% with 732 violations.
    elapsed time = 00:00:02, memory = 743.44 (MB).
    Completing 50% with 732 violations.
    elapsed time = 00:00:03, memory = 757.07 (MB).
    Completing 60% with 654 violations.
    elapsed time = 00:00:04, memory = 757.08 (MB).
    Completing 70% with 654 violations.
    elapsed time = 00:00:05, memory = 781.70 (MB).
    Completing 80% with 588 violations.
    elapsed time = 00:00:07, memory = 765.14 (MB).
    Completing 90% with 588 violations.
    elapsed time = 00:00:08, memory = 786.84 (MB).
    Completing 100% with 460 violations.
    elapsed time = 00:00:14, memory = 765.15 (MB).
[INFO DRT-0199]   Number of violations = 460.
Viol/Layer        mcon   met1   met2   met3
Cut Spacing          2      0      0      0
Metal Spacing        0    112     14      3
Short                0    318     11      0
[INFO DRT-0267] cpu time = 00:00:27, elapsed time = 00:00:14, memory = 768.14 (MB), peak = 786.63 (MB)
Total wire length = 80095 um.
Total wire length on LAYER li1 = 0 um.
Total wire length on LAYER met1 = 23155 um.
Total wire length on LAYER met2 = 43671 um.
Total wire length on LAYER met3 = 5954 um.
Total wire length on LAYER met4 = 7254 um.
Total wire length on LAYER met5 = 59 um.
Total number of vias = 6649.
Up-via summary (total 6649):

-----------------------
 FR_MASTERSLICE       0
            li1    2905
           met1    3144
           met2     347
           met3     245
           met4       8
-----------------------
               6649


[INFO DRT-0195] Start 2nd optimization iteration.
    Completing 10% with 460 violations.
    elapsed time = 00:00:00, memory = 768.14 (MB).
    Completing 20% with 460 violations.
    elapsed time = 00:00:00, memory = 768.14 (MB).
    Completing 30% with 452 violations.
    elapsed time = 00:00:01, memory = 768.14 (MB).
    Completing 40% with 452 violations.
    elapsed time = 00:00:02, memory = 768.14 (MB).
    Completing 50% with 452 violations.
    elapsed time = 00:00:03, memory = 768.14 (MB).
    Completing 60% with 407 violations.
    elapsed time = 00:00:03, memory = 768.14 (MB).
    Completing 70% with 407 violations.
    elapsed time = 00:00:04, memory = 768.14 (MB).
    Completing 80% with 347 violations.
    elapsed time = 00:00:04, memory = 768.14 (MB).
    Completing 90% with 347 violations.
    elapsed time = 00:00:05, memory = 791.31 (MB).
    Completing 100% with 308 violations.
    elapsed time = 00:00:19, memory = 768.14 (MB).
[INFO DRT-0199]   Number of violations = 308.
Viol/Layer        mcon   met1   met2   met3
Cut Spacing          1      0      0      0
Metal Spacing        0     60      5      3
Short                0    237      2      0
[INFO DRT-0267] cpu time = 00:00:29, elapsed time = 00:00:19, memory = 768.14 (MB), peak = 791.07 (MB)
Total wire length = 79865 um.
Total wire length on LAYER li1 = 0 um.
Total wire length on LAYER met1 = 22974 um.
Total wire length on LAYER met2 = 43781 um.
Total wire length on LAYER met3 = 5947 um.
Total wire length on LAYER met4 = 7106 um.
Total wire length on LAYER met5 = 55 um.
Total number of vias = 6602.
Up-via summary (total 6602):

-----------------------
 FR_MASTERSLICE       0
            li1    2913
           met1    3117
           met2     327
           met3     237
           met4       8
-----------------------
               6602


[INFO DRT-0195] Start 3rd optimization iteration.
    Completing 10% with 308 violations.
    elapsed time = 00:00:00, memory = 768.14 (MB).
    Completing 20% with 308 violations.
    elapsed time = 00:00:00, memory = 775.42 (MB).
    Completing 30% with 255 violations.
    elapsed time = 00:00:03, memory = 780.17 (MB).
    Completing 40% with 255 violations.
    elapsed time = 00:00:03, memory = 780.17 (MB).
    Completing 50% with 255 violations.
    elapsed time = 00:00:04, memory = 780.17 (MB).
    Completing 60% with 200 violations.
    elapsed time = 00:00:09, memory = 780.17 (MB).
    Completing 70% with 200 violations.
    elapsed time = 00:00:10, memory = 781.91 (MB).
    Completing 80% with 136 violations.
    elapsed time = 00:00:11, memory = 787.32 (MB).
    Completing 90% with 136 violations.
    elapsed time = 00:00:11, memory = 787.32 (MB).
    Completing 100% with 69 violations.
    elapsed time = 00:00:14, memory = 787.32 (MB).
[INFO DRT-0199]   Number of violations = 69.
Viol/Layer        met1   met2   met3
Metal Spacing       21      2      1
Short               45      0      0
[INFO DRT-0267] cpu time = 00:00:25, elapsed time = 00:00:14, memory = 787.32 (MB), peak = 791.07 (MB)
Total wire length = 79899 um.
Total wire length on LAYER li1 = 0 um.
Total wire length on LAYER met1 = 22259 um.
Total wire length on LAYER met2 = 43839 um.
Total wire length on LAYER met3 = 6589 um.
Total wire length on LAYER met4 = 7156 um.
Total wire length on LAYER met5 = 55 um.
Total number of vias = 6784.
Up-via summary (total 6784):

-----------------------
 FR_MASTERSLICE       0
            li1    2914
           met1    3208
           met2     405
           met3     249
           met4       8
-----------------------
               6784


[INFO DRT-0195] Start 4th guides tiles iteration.
    Completing 10% with 69 violations.
    elapsed time = 00:00:00, memory = 787.32 (MB).
    Completing 20% with 69 violations.
    elapsed time = 00:00:00, memory = 787.32 (MB).
    Completing 30% with 69 violations.
    elapsed time = 00:00:01, memory = 787.32 (MB).
    Completing 40% with 10 violations.
    elapsed time = 00:00:01, memory = 787.32 (MB).
    Completing 50% with 10 violations.
    elapsed time = 00:00:01, memory = 787.32 (MB).
    Completing 60% with 10 violations.
    elapsed time = 00:00:01, memory = 787.32 (MB).
    Completing 70% with 10 violations.
    elapsed time = 00:00:02, memory = 787.32 (MB).
    Completing 80% with 0 violations.
    elapsed time = 00:00:02, memory = 787.32 (MB).
    Completing 100% with 0 violations.
    elapsed time = 00:00:02, memory = 787.32 (MB).
[INFO DRT-0199]   Number of violations = 0.
[INFO DRT-0267] cpu time = 00:00:03, elapsed time = 00:00:02, memory = 787.32 (MB), peak = 791.07 (MB)
Total wire length = 79869 um.
Total wire length on LAYER li1 = 0 um.
Total wire length on LAYER met1 = 21980 um.
Total wire length on LAYER met2 = 43807 um.
Total wire length on LAYER met3 = 6868 um.
Total wire length on LAYER met4 = 7158 um.
Total wire length on LAYER met5 = 55 um.
Total number of vias = 6767.
Up-via summary (total 6767):

-----------------------
 FR_MASTERSLICE       0
            li1    2912
           met1    3193
           met2     405
           met3     249
           met4       8
-----------------------
               6767


[INFO DRT-0198] Complete detail routing.
Total wire length = 79869 um.
Total wire length on LAYER li1 = 0 um.
Total wire length on LAYER met1 = 21980 um.
Total wire length on LAYER met2 = 43807 um.
Total wire length on LAYER met3 = 6868 um.
Total wire length on LAYER met4 = 7158 um.
Total wire length on LAYER met5 = 55 um.
Total number of vias = 6767.
Up-via summary (total 6767):

-----------------------
 FR_MASTERSLICE       0
            li1    2912
           met1    3193
           met2     405
           met3     249
           met4       8
-----------------------
               6767


[INFO DRT-0267] cpu time = 00:01:57, elapsed time = 00:01:06, memory = 787.32 (MB), peak = 791.07 (MB)

[INFO DRT-0180] Post processing.
[INFO DRT-0501] Runtime: 86.55s
Took 85 seconds: detailed_route -output_drc /work/campaigns/iscas_sustainability_extension/memory_compiler/gate3_attempt09_sram22_residual_interface_drv_and_provenance_closure/raw/openroad/work/reports/sky130hd/attempt09_e0/seed11/5_route_drc.rpt -output_maze /work/campaigns/iscas_sustainability_extension/memory_compiler/gate3_attempt09_sram22_residual_interface_drv_and_provenance_closure/raw/openroad/work/results/sky130hd/attempt09_e0/seed11/maze.log -droute_end_iter 64 -verbose 1 -drc_report_iter_step 5
[INFO GRT-0012] Found 5 antenna violations.
[WARNING GRT-0243] Unable to repair antennas on net with diodes.
[INFO DPL-0006] Core area: 615627.94 um^2
[INFO DPL-0007] Movable instances area: 7.51 um^2
[INFO DPL-0008] Fixed instances area within core: 275845.20 um^2
[INFO DPL-0009] Utilization: 44.8%
[INFO DPL-0005] Diamond search max displacement: +/- 500 sites horizontally, +/- 100 rows vertically.
[INFO DPL-1102] Legalizing using negotiation legalizer.
[INFO DPL-1103] Negotiation base search window: +/-20 sites horizontally, +/-5 rows vertically 
	Automatic search window extension enabled.
	Search window extendable up to the max displacement cap of +/-500 sites, +/-100 rows near walls.
[INFO DPL-1104] NegotiationLegalizer DRC penalty: 5.
[INFO DPL-0392] Negotiation cell height distribution (3 unique row-count(s)):
[INFO DPL-0393]   height 1 row(s): 5856 cells
[INFO DPL-0393]   height 83 row(s): 1 cells
[INFO DPL-0393]   height 108 row(s): 1 cells
[INFO DPL-0500] Runtime: 0.05s
[INFO GRT-0015] Inserted 6 diodes.
[INFO DRT-0024]   Complete FR_MASTERSLICE.
[INFO DRT-0024]   Complete Fr_VIA.
[INFO DRT-0024]   Complete li1.
[INFO DRT-0024]   Complete mcon.
[INFO DRT-0024]   Complete met1.
[INFO DRT-0024]   Complete via.
[INFO DRT-0024]   Complete met2.
[INFO DRT-0024]   Complete via2.
[INFO DRT-0024]   Complete met3.
[INFO DRT-0024]   Complete via3.
[INFO DRT-0024]   Complete met4.
[INFO DRT-0024]   Complete via4.
[INFO DRT-0024]   Complete met5.
[INFO DRT-0165] Start pin access.
[INFO DRT-0078]   Complete 943 pins.
[INFO DRT-0079]   Complete 100 unique inst patterns.
[INFO DRT-0081]   Complete 102 unique inst patterns.
[INFO DRT-0084]   Complete 910 groups.
#scanned instances     = 5858
#unique  instances     = 104
#stdCellGenAp          = 3128
#stdCellValidPlanarAp  = 56
#stdCellValidViaAp     = 2229
#stdCellPinNoAp        = 0
#stdCellPinCnt         = 2868
#instTermValidViaApCnt = 0
#macroGenAp            = 553
#macroValidPlanarAp    = 452
#macroValidViaAp       = 0
#macroNoAp             = 0
[INFO DRT-0166] Complete pin access.
[INFO DRT-0267] cpu time = 00:01:02, elapsed time = 00:00:17, memory = 695.45 (MB), peak = 791.07 (MB)

[INFO DRT-0157] Number of guides:     8326

[INFO DRT-0169] Post process guides.
[INFO DRT-0176] GCELLGRID X 0 DO 144 STEP 6900 ;
[INFO DRT-0177] GCELLGRID Y 0 DO 94 STEP 6900 ;
[INFO DRT-0028]   Complete FR_MASTERSLICE.
[INFO DRT-0028]   Complete Fr_VIA.
[INFO DRT-0028]   Complete li1.
[INFO DRT-0028]   Complete mcon.
[INFO DRT-0028]   Complete met1.
[INFO DRT-0028]   Complete via.
[INFO DRT-0028]   Complete met2.
[INFO DRT-0028]   Complete via2.
[INFO DRT-0028]   Complete met3.
[INFO DRT-0028]   Complete via3.
[INFO DRT-0028]   Complete met4.
[INFO DRT-0028]   Complete via4.
[INFO DRT-0028]   Complete met5.
[INFO DRT-0178] Init guide query.
[INFO DRT-0035]   Complete FR_MASTERSLICE (guide).
[INFO DRT-0035]   Complete Fr_VIA (guide).
[INFO DRT-0035]   Complete li1 (guide).
[INFO DRT-0035]   Complete mcon (guide).
[INFO DRT-0035]   Complete met1 (guide).
[INFO DRT-0035]   Complete via (guide).
[INFO DRT-0035]   Complete met2 (guide).
[INFO DRT-0035]   Complete via2 (guide).
[INFO DRT-0035]   Complete met3 (guide).
[INFO DRT-0035]   Complete via3 (guide).
[INFO DRT-0035]   Complete met4 (guide).
[INFO DRT-0035]   Complete via4 (guide).
[INFO DRT-0035]   Complete met5 (guide).
[INFO DRT-0036] FR_MASTERSLICE guide region query size = 0.
[INFO DRT-0036] FR_VIA guide region query size = 0.
[INFO DRT-0036] li1 guide region query size = 2581.
[INFO DRT-0036] mcon guide region query size = 0.
[INFO DRT-0036] met1 guide region query size = 2440.
[INFO DRT-0036] via guide region query size = 0.
[INFO DRT-0036] met2 guide region query size = 1386.
[INFO DRT-0036] via2 guide region query size = 0.
[INFO DRT-0036] met3 guide region query size = 310.
[INFO DRT-0036] via3 guide region query size = 0.
[INFO DRT-0036] met4 guide region query size = 156.
[INFO DRT-0036] via4 guide region query size = 0.
[INFO DRT-0036] met5 guide region query size = 5.
[INFO DRT-0179] Init gr pin query.
[INFO DRT-0267] cpu time = 00:00:00, elapsed time = 00:00:00, memory = 695.45 (MB), peak = 791.07 (MB)
[INFO DRT-0245] skipped writing guide updates to database.
[INFO DRT-0181] Start track assignment.
[INFO DRT-0184] Done with 4123 vertical wires in 3 frboxes and 2755 horizontal wires in 2 frboxes.
[INFO DRT-0186] Done with 536 vertical wires in 3 frboxes and 730 horizontal wires in 2 frboxes.
[INFO DRT-0182] Complete track assignment.
[INFO DRT-0267] cpu time = 00:00:02, elapsed time = 00:00:00, memory = 695.45 (MB), peak = 791.07 (MB)
[INFO DRT-0187] Start routing data preparation.
[INFO DRT-0267] cpu time = 00:00:00, elapsed time = 00:00:00, memory = 695.45 (MB), peak = 791.07 (MB)
[INFO DRT-0194] Start detail routing.
[INFO DRT-0195] Start 0th optimization iteration.
    Completing 10% with 0 violations.
    elapsed time = 00:00:00, memory = 695.45 (MB).
    Completing 20% with 0 violations.
    elapsed time = 00:00:00, memory = 695.45 (MB).
    Completing 30% with 33 violations.
    elapsed time = 00:00:00, memory = 695.45 (MB).
    Completing 40% with 33 violations.
    elapsed time = 00:00:01, memory = 695.45 (MB).
    Completing 50% with 33 violations.
    elapsed time = 00:00:01, memory = 695.45 (MB).
    Completing 60% with 38 violations.
    elapsed time = 00:00:01, memory = 695.45 (MB).
    Completing 70% with 38 violations.
    elapsed time = 00:00:01, memory = 695.45 (MB).
    Completing 80% with 68 violations.
    elapsed time = 00:00:02, memory = 695.45 (MB).
    Completing 90% with 68 violations.
    elapsed time = 00:00:02, memory = 695.45 (MB).
    Completing 100% with 69 violations.
    elapsed time = 00:00:02, memory = 695.45 (MB).
[INFO DRT-0199]   Number of violations = 72.
Viol/Layer        met1   met3
Metal Spacing       10      0
Recheck              1      2
Short               55      4
[INFO DRT-0267] cpu time = 00:00:09, elapsed time = 00:00:03, memory = 816.03 (MB), peak = 815.75 (MB)
Total wire length = 79844 um.
Total wire length on LAYER li1 = 0 um.
Total wire length on LAYER met1 = 22189 um.
Total wire length on LAYER met2 = 43884 um.
Total wire length on LAYER met3 = 6682 um.
Total wire length on LAYER met4 = 7032 um.
Total wire length on LAYER met5 = 55 um.
Total number of vias = 6762.
Up-via summary (total 6762):

-----------------------
 FR_MASTERSLICE       0
            li1    2920
           met1    3198
           met2     402
           met3     234
           met4       8
-----------------------
               6762


[INFO DRT-0195] Start 1st optimization iteration.
    Completing 10% with 72 violations.
    elapsed time = 00:00:00, memory = 816.03 (MB).
    Completing 20% with 72 violations.
    elapsed time = 00:00:00, memory = 817.24 (MB).
    Completing 30% with 66 violations.
    elapsed time = 00:00:00, memory = 817.24 (MB).
    Completing 40% with 66 violations.
    elapsed time = 00:00:00, memory = 817.24 (MB).
    Completing 50% with 66 violations.
    elapsed time = 00:00:01, memory = 817.24 (MB).
    Completing 60% with 66 violations.
    elapsed time = 00:00:01, memory = 693.79 (MB).
    Completing 70% with 66 violations.
    elapsed time = 00:00:01, memory = 693.79 (MB).
    Completing 80% with 54 violations.
    elapsed time = 00:00:02, memory = 693.79 (MB).
    Completing 90% with 54 violations.
    elapsed time = 00:00:02, memory = 693.79 (MB).
    Completing 100% with 46 violations.
    elapsed time = 00:00:02, memory = 693.79 (MB).
[INFO DRT-0199]   Number of violations = 46.
Viol/Layer        met1   met3
Metal Spacing        2      0
Short               42      2
[INFO DRT-0267] cpu time = 00:00:09, elapsed time = 00:00:02, memory = 817.23 (MB), peak = 816.88 (MB)
Total wire length = 79838 um.
Total wire length on LAYER li1 = 0 um.
Total wire length on LAYER met1 = 22184 um.
Total wire length on LAYER met2 = 43874 um.
Total wire length on LAYER met3 = 6685 um.
Total wire length on LAYER met4 = 7038 um.
Total wire length on LAYER met5 = 55 um.
Total number of vias = 6758.
Up-via summary (total 6758):

-----------------------
 FR_MASTERSLICE       0
            li1    2919
           met1    3193
           met2     403
           met3     235
           met4       8
-----------------------
               6758


[INFO DRT-0195] Start 2nd optimization iteration.
    Completing 10% with 46 violations.
    elapsed time = 00:00:00, memory = 817.23 (MB).
    Completing 20% with 46 violations.
    elapsed time = 00:00:00, memory = 817.23 (MB).
    Completing 30% with 46 violations.
    elapsed time = 00:00:00, memory = 817.23 (MB).
    Completing 40% with 46 violations.
    elapsed time = 00:00:00, memory = 817.23 (MB).
    Completing 50% with 46 violations.
    elapsed time = 00:00:00, memory = 817.23 (MB).
    Completing 60% with 53 violations.
    elapsed time = 00:00:00, memory = 817.23 (MB).
    Completing 70% with 53 violations.
    elapsed time = 00:00:00, memory = 817.23 (MB).
    Completing 80% with 51 violations.
    elapsed time = 00:00:00, memory = 817.23 (MB).
    Completing 90% with 51 violations.
    elapsed time = 00:00:00, memory = 817.23 (MB).
    Completing 100% with 55 violations.
    elapsed time = 00:00:00, memory = 817.23 (MB).
[INFO DRT-0199]   Number of violations = 55.
Viol/Layer        met1   met3
Metal Spacing        5      0
Short               48      2
[INFO DRT-0267] cpu time = 00:00:01, elapsed time = 00:00:00, memory = 693.79 (MB), peak = 816.88 (MB)
Total wire length = 79840 um.
Total wire length on LAYER li1 = 0 um.
Total wire length on LAYER met1 = 22186 um.
Total wire length on LAYER met2 = 43875 um.
Total wire length on LAYER met3 = 6685 um.
Total wire length on LAYER met4 = 7038 um.
Total wire length on LAYER met5 = 55 um.
Total number of vias = 6759.
Up-via summary (total 6759):

-----------------------
 FR_MASTERSLICE       0
            li1    2919
           met1    3194
           met2     403
           met3     235
           met4       8
-----------------------
               6759


[INFO DRT-0195] Start 3rd guides tiles iteration.
    Completing 10% with 55 violations.
    elapsed time = 00:00:00, memory = 693.79 (MB).
    Completing 30% with 55 violations.
    elapsed time = 00:00:00, memory = 693.79 (MB).
    Completing 50% with 0 violations.
    elapsed time = 00:00:00, memory = 693.79 (MB).
    Completing 60% with 0 violations.
    elapsed time = 00:00:00, memory = 693.79 (MB).
    Completing 80% with 0 violations.
    elapsed time = 00:00:00, memory = 693.79 (MB).
    Completing 100% with 0 violations.
    elapsed time = 00:00:00, memory = 693.79 (MB).
[INFO DRT-0199]   Number of violations = 0.
[INFO DRT-0267] cpu time = 00:00:01, elapsed time = 00:00:01, memory = 817.21 (MB), peak = 817.00 (MB)
Total wire length = 79829 um.
Total wire length on LAYER li1 = 0 um.
Total wire length on LAYER met1 = 22205 um.
Total wire length on LAYER met2 = 43883 um.
Total wire length on LAYER met3 = 6648 um.
Total wire length on LAYER met4 = 7037 um.
Total wire length on LAYER met5 = 55 um.
Total number of vias = 6771.
Up-via summary (total 6771):

-----------------------
 FR_MASTERSLICE       0
            li1    2919
           met1    3204
           met2     405
           met3     235
           met4       8
-----------------------
               6771


[INFO DRT-0198] Complete detail routing.
Total wire length = 79829 um.
Total wire length on LAYER li1 = 0 um.
Total wire length on LAYER met1 = 22205 um.
Total wire length on LAYER met2 = 43883 um.
Total wire length on LAYER met3 = 6648 um.
Total wire length on LAYER met4 = 7037 um.
Total wire length on LAYER met5 = 55 um.
Total number of vias = 6771.
Up-via summary (total 6771):

-----------------------
 FR_MASTERSLICE       0
            li1    2919
           met1    3204
           met2     405
           met3     235
           met4       8
-----------------------
               6771


[INFO DRT-0267] cpu time = 00:00:22, elapsed time = 00:00:08, memory = 817.21 (MB), peak = 817.00 (MB)

[INFO DRT-0180] Post processing.
[INFO DRT-0501] Runtime: 27.34s
[INFO ANT-0002] Found 0 net violations.
[INFO ANT-0001] Found 0 pin violations.
[INFO ANT-0002] Found 0 net violations.
[INFO ANT-0001] Found 0 pin violations.
Design area 275853 um^2 45% utilization.
write_db /work/campaigns/iscas_sustainability_extension/memory_compiler/gate3_attempt09_sram22_residual_interface_drv_and_provenance_closure/raw/openroad/work/results/sky130hd/attempt09_e0/seed11/5_2_route.odb
Elapsed time: 1:57.74[h:]min:sec. CPU time: user 271.55 sys 2.53 (232%). Peak memory: 841244KB.
Log                       Ext     Elapsed/s Peak Memory/MB sha1sum result [0:20)
5_2_route                 .odb          117            821 b3fbac7a48c44b45f6ec
