
==========================================================================
global route report_tns
--------------------------------------------------------------------------
tns max -0.01

==========================================================================
global route report_wns
--------------------------------------------------------------------------
wns max -0.01

==========================================================================
global route report_worst_slack
--------------------------------------------------------------------------
worst slack max -0.01

==========================================================================
global route report_clock_min_period
--------------------------------------------------------------------------
core_clk period_min = 10.01 fmax = 99.93

==========================================================================
global route report_clock_skew
--------------------------------------------------------------------------
Clock core_clk
No launch/capture paths found.


==========================================================================
global route report_checks -path_delay min
--------------------------------------------------------------------------
Startpoint: rstb (input port clocked by core_clk)
Endpoint: u_data (rising edge-triggered flip-flop clocked by core_clk)
Path Group: core_clk
Path Type: min

Fanout     Cap    Slew   Delay    Time   Description
-----------------------------------------------------------------------------
                          0.00    0.00   clock core_clk (rise edge)
                          0.00    0.00   clock network delay (propagated)
                          1.00    1.00 v input external delay
     1    0.01    0.00    0.00    1.00 v rstb (in)
                                         rstb (net)
                  0.00    0.00    1.00 v hold785/A (sky130_fd_sc_hd__dlygate4sd3_1)
     1    0.00    0.06    0.55    1.55 v hold785/X (sky130_fd_sc_hd__dlygate4sd3_1)
                                         net784 (net)
                  0.06    0.00    1.55 v hold779/A (sky130_fd_sc_hd__dlygate4sd3_1)
     1    0.02    0.14    0.66    2.20 v hold779/X (sky130_fd_sc_hd__dlygate4sd3_1)
                                         net778 (net)
                  0.14    0.00    2.21 v hold775/A (sky130_fd_sc_hd__dlygate4sd3_1)
     1    0.01    0.10    0.65    2.86 v hold775/X (sky130_fd_sc_hd__dlygate4sd3_1)
                                         net774 (net)
                  0.10    0.00    2.86 v hold780/A (sky130_fd_sc_hd__dlygate4sd3_1)
     1    0.03    0.15    0.69    3.55 v hold780/X (sky130_fd_sc_hd__dlygate4sd3_1)
                                         net779 (net)
                  0.15    0.00    3.55 v input90/A (sky130_fd_sc_hd__clkbuf_16)
     1    0.00    0.02    0.18    3.73 v input90/X (sky130_fd_sc_hd__clkbuf_16)
                                         net89 (net)
                  0.02    0.00    3.73 v hold781/A (sky130_fd_sc_hd__dlygate4sd3_1)
     1    0.00    0.06    0.56    4.29 v hold781/X (sky130_fd_sc_hd__dlygate4sd3_1)
                                         net780 (net)
                  0.06    0.00    4.29 v hold776/A (sky130_fd_sc_hd__buf_4)
     1    0.01    0.04    0.15    4.44 v hold776/X (sky130_fd_sc_hd__buf_4)
                                         net775 (net)
                  0.04    0.00    4.44 v hold782/A (sky130_fd_sc_hd__buf_4)
     2    0.05    0.07    0.18    4.62 v hold782/X (sky130_fd_sc_hd__buf_4)
                                         net781 (net)
                  0.07    0.00    4.62 v wire291/A (sky130_fd_sc_hd__buf_16)
     1    0.00    0.02    0.13    4.75 v wire291/X (sky130_fd_sc_hd__buf_16)
                                         net290 (net)
                  0.02    0.00    4.75 v hold777/A (sky130_fd_sc_hd__dlygate4sd3_1)
     1    0.02    0.12    0.62    5.37 v hold777/X (sky130_fd_sc_hd__dlygate4sd3_1)
                                         net776 (net)
                  0.12    0.00    5.37 v wire636/A (sky130_fd_sc_hd__buf_16)
     1    0.02    0.03    0.16    5.52 v wire636/X (sky130_fd_sc_hd__buf_16)
                                         net635 (net)
                  0.03    0.00    5.53 v hold778/A (sky130_fd_sc_hd__buf_16)
     1    0.08    0.06    0.15    5.67 v hold778/X (sky130_fd_sc_hd__buf_16)
                                         net777 (net)
                  0.08    0.00    5.68 v u_data/rstb (sram22_256x64m4w8)
                                  5.68   data arrival time

                          0.00    0.00   clock core_clk (rise edge)
                          0.00    0.00   clock source latency
     2    0.07    0.00    0.00    0.00 ^ clk (in)
                                         clk (net)
                  0.00    0.00    0.00 ^ clkbuf_0_clk/A (sky130_fd_sc_hd__clkbuf_16)
     2    0.03    0.05    0.12    0.12 ^ clkbuf_0_clk/X (sky130_fd_sc_hd__clkbuf_16)
                                         clknet_0_clk (net)
                  0.05    0.00    0.12 ^ clkbuf_1_1__f_clk/A (sky130_fd_sc_hd__clkbuf_16)
     1    0.38    0.39    0.34    0.46 ^ clkbuf_1_1__f_clk/X (sky130_fd_sc_hd__clkbuf_16)
                                         clknet_1_1__leaf_clk (net)
                  0.52    0.04    0.51 ^ u_data/clk (sram22_256x64m4w8)
                          0.10    0.61   clock uncertainty
                          0.00    0.61   clock reconvergence pessimism
                          4.89    5.50   library hold time
                                  5.50   data required time
-----------------------------------------------------------------------------
                                  5.50   data required time
                                 -5.68   data arrival time
-----------------------------------------------------------------------------
                                  0.18   slack (MET)



==========================================================================
global route report_checks -path_delay max
--------------------------------------------------------------------------
Startpoint: u_data (rising edge-triggered flip-flop clocked by core_clk)
Endpoint: payload_out[30] (output port clocked by core_clk)
Path Group: core_clk
Path Type: max

Fanout     Cap    Slew   Delay    Time   Description
-----------------------------------------------------------------------------
                          0.00    0.00   clock core_clk (rise edge)
                          0.00    0.00   clock source latency
     2    0.07    0.00    0.00    0.00 ^ clk (in)
                                         clk (net)
                  0.00    0.00    0.00 ^ clkbuf_0_clk/A (sky130_fd_sc_hd__clkbuf_16)
     2    0.03    0.05    0.12    0.12 ^ clkbuf_0_clk/X (sky130_fd_sc_hd__clkbuf_16)
                                         clknet_0_clk (net)
                  0.05    0.00    0.12 ^ clkbuf_1_1__f_clk/A (sky130_fd_sc_hd__clkbuf_16)
     1    0.38    0.39    0.34    0.46 ^ clkbuf_1_1__f_clk/X (sky130_fd_sc_hd__clkbuf_16)
                                         clknet_1_1__leaf_clk (net)
                  0.52    0.04    0.51 ^ u_data/clk (sram22_256x64m4w8)
     2    0.01    0.16    3.43    3.93 ^ u_data/dout[36] (sram22_256x64m4w8)
                                         data_dout[36] (net)
                  0.12    0.00    3.93 ^ max_cap608/A (sky130_fd_sc_hd__clkdlybuf4s50_1)
     2    0.01    0.12    0.55    4.48 ^ max_cap608/X (sky130_fd_sc_hd__clkdlybuf4s50_1)
                                         net607 (net)
                  0.12    0.00    4.48 ^ max_cap607/A (sky130_fd_sc_hd__clkdlybuf4s50_1)
     1    0.01    0.08    0.52    5.00 ^ max_cap607/X (sky130_fd_sc_hd__clkdlybuf4s50_1)
                                         net606 (net)
                  0.08    0.00    5.00 ^ _405_/A (sky130_fd_sc_hd__xor2_1)
     2    0.01    0.30    0.29    5.29 ^ _405_/X (sky130_fd_sc_hd__xor2_1)
                                         _012_ (net)
                  0.30    0.00    5.29 ^ _440_/A (sky130_fd_sc_hd__xnor3_2)
     2    0.01    0.10    0.53    5.82 v _440_/X (sky130_fd_sc_hd__xnor3_2)
                                         _047_ (net)
                  0.10    0.00    5.82 v _514_/B (sky130_fd_sc_hd__xnor2_1)
     1    0.01    0.21    0.22    6.05 ^ _514_/Y (sky130_fd_sc_hd__xnor2_1)
                                         _121_ (net)
                  0.21    0.00    6.05 ^ _515_/B (sky130_fd_sc_hd__xnor2_1)
     1    0.01    0.18    0.17    6.22 ^ _515_/Y (sky130_fd_sc_hd__xnor2_1)
                                         _122_ (net)
                  0.18    0.00    6.22 ^ _516_/B (sky130_fd_sc_hd__xor2_1)
     1    0.01    0.24    0.26    6.48 ^ _516_/X (sky130_fd_sc_hd__xor2_1)
                                         _123_ (net)
                  0.24    0.00    6.48 ^ _517_/B (sky130_fd_sc_hd__xnor2_2)
     1    0.01    0.15    0.15    6.63 ^ _517_/Y (sky130_fd_sc_hd__xnor2_2)
                                         _124_ (net)
                  0.15    0.00    6.63 ^ place670/A (sky130_fd_sc_hd__buf_4)
    10    0.04    0.11    0.19    6.82 ^ place670/X (sky130_fd_sc_hd__buf_4)
                                         net669 (net)
                  0.11    0.00    6.82 ^ _518_/B1 (sky130_fd_sc_hd__o21a_1)
     9    0.04    0.33    0.34    7.16 ^ _518_/X (sky130_fd_sc_hd__o21a_1)
                                         net91 (net)
                  0.33    0.00    7.16 ^ _576_/A (sky130_fd_sc_hd__and2_1)
     6    0.03    0.32    0.38    7.54 ^ _576_/X (sky130_fd_sc_hd__and2_1)
                                         _176_ (net)
                  0.32    0.00    7.55 ^ _578_/C (sky130_fd_sc_hd__nand3_1)
     1    0.01    0.14    0.19    7.73 v _578_/Y (sky130_fd_sc_hd__nand3_1)
                                         _178_ (net)
                  0.14    0.00    7.73 v _579_/B (sky130_fd_sc_hd__xnor2_2)
     1    0.04    0.47    0.41    8.15 ^ _579_/Y (sky130_fd_sc_hd__xnor2_2)
                                         net116 (net)
                  0.47    0.01    8.15 ^ place656/A (sky130_fd_sc_hd__buf_12)
     1    0.01    0.03    0.16    8.31 ^ place656/X (sky130_fd_sc_hd__buf_12)
                                         net655 (net)
                  0.03    0.00    8.31 ^ output117/A (sky130_fd_sc_hd__clkdlybuf4s50_1)
     1    0.02    0.22    0.60    8.91 ^ output117/X (sky130_fd_sc_hd__clkdlybuf4s50_1)
                                         payload_out[30] (net)
                  0.22    0.00    8.91 ^ payload_out[30] (out)
                                  8.91   data arrival time

                         10.00   10.00   clock core_clk (rise edge)
                          0.00   10.00   clock network delay (propagated)
                         -0.10    9.90   clock uncertainty
                          0.00    9.90   clock reconvergence pessimism
                         -1.00    8.90   output external delay
                                  8.90   data required time
-----------------------------------------------------------------------------
                                  8.90   data required time
                                 -8.91   data arrival time
-----------------------------------------------------------------------------
                                 -0.01   slack (VIOLATED)



==========================================================================
global route report_checks -unconstrained
--------------------------------------------------------------------------
Startpoint: u_data (rising edge-triggered flip-flop clocked by core_clk)
Endpoint: payload_out[30] (output port clocked by core_clk)
Path Group: core_clk
Path Type: max

Fanout     Cap    Slew   Delay    Time   Description
-----------------------------------------------------------------------------
                          0.00    0.00   clock core_clk (rise edge)
                          0.00    0.00   clock source latency
     2    0.07    0.00    0.00    0.00 ^ clk (in)
                                         clk (net)
                  0.00    0.00    0.00 ^ clkbuf_0_clk/A (sky130_fd_sc_hd__clkbuf_16)
     2    0.03    0.05    0.12    0.12 ^ clkbuf_0_clk/X (sky130_fd_sc_hd__clkbuf_16)
                                         clknet_0_clk (net)
                  0.05    0.00    0.12 ^ clkbuf_1_1__f_clk/A (sky130_fd_sc_hd__clkbuf_16)
     1    0.38    0.39    0.34    0.46 ^ clkbuf_1_1__f_clk/X (sky130_fd_sc_hd__clkbuf_16)
                                         clknet_1_1__leaf_clk (net)
                  0.52    0.04    0.51 ^ u_data/clk (sram22_256x64m4w8)
     2    0.01    0.16    3.43    3.93 ^ u_data/dout[36] (sram22_256x64m4w8)
                                         data_dout[36] (net)
                  0.12    0.00    3.93 ^ max_cap608/A (sky130_fd_sc_hd__clkdlybuf4s50_1)
     2    0.01    0.12    0.55    4.48 ^ max_cap608/X (sky130_fd_sc_hd__clkdlybuf4s50_1)
                                         net607 (net)
                  0.12    0.00    4.48 ^ max_cap607/A (sky130_fd_sc_hd__clkdlybuf4s50_1)
     1    0.01    0.08    0.52    5.00 ^ max_cap607/X (sky130_fd_sc_hd__clkdlybuf4s50_1)
                                         net606 (net)
                  0.08    0.00    5.00 ^ _405_/A (sky130_fd_sc_hd__xor2_1)
     2    0.01    0.30    0.29    5.29 ^ _405_/X (sky130_fd_sc_hd__xor2_1)
                                         _012_ (net)
                  0.30    0.00    5.29 ^ _440_/A (sky130_fd_sc_hd__xnor3_2)
     2    0.01    0.10    0.53    5.82 v _440_/X (sky130_fd_sc_hd__xnor3_2)
                                         _047_ (net)
                  0.10    0.00    5.82 v _514_/B (sky130_fd_sc_hd__xnor2_1)
     1    0.01    0.21    0.22    6.05 ^ _514_/Y (sky130_fd_sc_hd__xnor2_1)
                                         _121_ (net)
                  0.21    0.00    6.05 ^ _515_/B (sky130_fd_sc_hd__xnor2_1)
     1    0.01    0.18    0.17    6.22 ^ _515_/Y (sky130_fd_sc_hd__xnor2_1)
                                         _122_ (net)
                  0.18    0.00    6.22 ^ _516_/B (sky130_fd_sc_hd__xor2_1)
     1    0.01    0.24    0.26    6.48 ^ _516_/X (sky130_fd_sc_hd__xor2_1)
                                         _123_ (net)
                  0.24    0.00    6.48 ^ _517_/B (sky130_fd_sc_hd__xnor2_2)
     1    0.01    0.15    0.15    6.63 ^ _517_/Y (sky130_fd_sc_hd__xnor2_2)
                                         _124_ (net)
                  0.15    0.00    6.63 ^ place670/A (sky130_fd_sc_hd__buf_4)
    10    0.04    0.11    0.19    6.82 ^ place670/X (sky130_fd_sc_hd__buf_4)
                                         net669 (net)
                  0.11    0.00    6.82 ^ _518_/B1 (sky130_fd_sc_hd__o21a_1)
     9    0.04    0.33    0.34    7.16 ^ _518_/X (sky130_fd_sc_hd__o21a_1)
                                         net91 (net)
                  0.33    0.00    7.16 ^ _576_/A (sky130_fd_sc_hd__and2_1)
     6    0.03    0.32    0.38    7.54 ^ _576_/X (sky130_fd_sc_hd__and2_1)
                                         _176_ (net)
                  0.32    0.00    7.55 ^ _578_/C (sky130_fd_sc_hd__nand3_1)
     1    0.01    0.14    0.19    7.73 v _578_/Y (sky130_fd_sc_hd__nand3_1)
                                         _178_ (net)
                  0.14    0.00    7.73 v _579_/B (sky130_fd_sc_hd__xnor2_2)
     1    0.04    0.47    0.41    8.15 ^ _579_/Y (sky130_fd_sc_hd__xnor2_2)
                                         net116 (net)
                  0.47    0.01    8.15 ^ place656/A (sky130_fd_sc_hd__buf_12)
     1    0.01    0.03    0.16    8.31 ^ place656/X (sky130_fd_sc_hd__buf_12)
                                         net655 (net)
                  0.03    0.00    8.31 ^ output117/A (sky130_fd_sc_hd__clkdlybuf4s50_1)
     1    0.02    0.22    0.60    8.91 ^ output117/X (sky130_fd_sc_hd__clkdlybuf4s50_1)
                                         payload_out[30] (net)
                  0.22    0.00    8.91 ^ payload_out[30] (out)
                                  8.91   data arrival time

                         10.00   10.00   clock core_clk (rise edge)
                          0.00   10.00   clock network delay (propagated)
                         -0.10    9.90   clock uncertainty
                          0.00    9.90   clock reconvergence pessimism
                         -1.00    8.90   output external delay
                                  8.90   data required time
-----------------------------------------------------------------------------
                                  8.90   data required time
                                 -8.91   data arrival time
-----------------------------------------------------------------------------
                                 -0.01   slack (VIOLATED)



==========================================================================
global route report_check_types -max_slew -max_cap -max_fanout -violators
--------------------------------------------------------------------------
max slew

Pin                                    Limit    Slew   Slack
------------------------------------------------------------
u_data/dout[63]                         0.04    0.50   -0.46 (VIOLATED)
u_ecc0/dout[2]                          0.04    0.47   -0.43 (VIOLATED)
u_ecc0/dout[0]                          0.04    0.45   -0.41 (VIOLATED)
u_ecc0/dout[3]                          0.04    0.44   -0.40 (VIOLATED)
u_ecc0/dout[1]                          0.04    0.44   -0.40 (VIOLATED)
u_ecc0/dout[4]                          0.04    0.41   -0.37 (VIOLATED)
u_data/dout[5]                          0.04    0.39   -0.35 (VIOLATED)
u_ecc0/dout[6]                          0.04    0.36   -0.32 (VIOLATED)
u_ecc0/dout[5]                          0.04    0.35   -0.31 (VIOLATED)
u_data/dout[49]                         0.04    0.34   -0.30 (VIOLATED)
u_data/dout[14]                         0.04    0.32   -0.28 (VIOLATED)
u_data/rstb                             0.35    0.62   -0.27 (VIOLATED)
u_data/dout[6]                          0.04    0.30   -0.26 (VIOLATED)
u_data/dout[59]                         0.04    0.29   -0.25 (VIOLATED)
u_data/dout[8]                          0.04    0.29   -0.25 (VIOLATED)
u_data/dout[58]                         0.04    0.28   -0.24 (VIOLATED)
u_data/dout[57]                         0.04    0.28   -0.24 (VIOLATED)
u_data/dout[62]                         0.04    0.28   -0.24 (VIOLATED)
u_data/dout[60]                         0.04    0.26   -0.22 (VIOLATED)
u_data/dout[10]                         0.04    0.26   -0.22 (VIOLATED)
u_data/dout[61]                         0.04    0.26   -0.22 (VIOLATED)
u_data/dout[54]                         0.04    0.26   -0.22 (VIOLATED)
u_data/dout[56]                         0.04    0.26   -0.22 (VIOLATED)
u_data/dout[50]                         0.04    0.25   -0.21 (VIOLATED)
u_data/dout[52]                         0.04    0.24   -0.20 (VIOLATED)
u_data/dout[12]                         0.04    0.24   -0.20 (VIOLATED)
u_data/dout[51]                         0.04    0.24   -0.20 (VIOLATED)
u_data/dout[17]                         0.04    0.23   -0.19 (VIOLATED)
u_data/dout[9]                          0.04    0.23   -0.19 (VIOLATED)
u_data/dout[44]                         0.04    0.23   -0.19 (VIOLATED)
u_data/dout[55]                         0.04    0.23   -0.19 (VIOLATED)
u_data/dout[18]                         0.04    0.22   -0.18 (VIOLATED)
u_data/dout[47]                         0.04    0.22   -0.18 (VIOLATED)
u_data/dout[45]                         0.04    0.22   -0.18 (VIOLATED)
u_data/dout[46]                         0.04    0.22   -0.18 (VIOLATED)
u_data/dout[48]                         0.04    0.21   -0.17 (VIOLATED)
u_data/dout[16]                         0.04    0.21   -0.17 (VIOLATED)
u_data/clk                              0.35    0.52   -0.17 (VIOLATED)
u_data/dout[23]                         0.04    0.21   -0.17 (VIOLATED)
u_data/dout[13]                         0.04    0.21   -0.17 (VIOLATED)
u_data/dout[22]                         0.04    0.21   -0.17 (VIOLATED)
u_data/dout[38]                         0.04    0.21   -0.17 (VIOLATED)
u_data/dout[37]                         0.04    0.21   -0.17 (VIOLATED)
u_data/dout[20]                         0.04    0.21   -0.17 (VIOLATED)
u_data/dout[53]                         0.04    0.20   -0.16 (VIOLATED)
u_data/dout[42]                         0.04    0.20   -0.16 (VIOLATED)
u_data/dout[43]                         0.04    0.20   -0.16 (VIOLATED)
u_data/dout[28]                         0.04    0.20   -0.16 (VIOLATED)
u_data/dout[15]                         0.04    0.20   -0.16 (VIOLATED)
u_data/dout[19]                         0.04    0.20   -0.16 (VIOLATED)
u_data/dout[21]                         0.04    0.20   -0.16 (VIOLATED)
u_data/dout[32]                         0.04    0.19   -0.15 (VIOLATED)
u_data/dout[27]                         0.04    0.19   -0.15 (VIOLATED)
u_data/dout[39]                         0.04    0.19   -0.15 (VIOLATED)
u_ecc0/dout[7]                          0.04    0.19   -0.15 (VIOLATED)
u_data/dout[11]                         0.04    0.19   -0.15 (VIOLATED)
u_data/dout[34]                         0.04    0.19   -0.15 (VIOLATED)
u_data/dout[26]                         0.04    0.19   -0.15 (VIOLATED)
u_data/dout[30]                         0.04    0.19   -0.15 (VIOLATED)
u_data/dout[35]                         0.04    0.19   -0.15 (VIOLATED)
u_data/dout[2]                          0.04    0.19   -0.15 (VIOLATED)
u_data/dout[1]                          0.04    0.18   -0.14 (VIOLATED)
u_data/dout[29]                         0.04    0.18   -0.14 (VIOLATED)
u_data/dout[24]                         0.04    0.18   -0.14 (VIOLATED)
u_data/dout[41]                         0.04    0.18   -0.14 (VIOLATED)
u_data/dout[25]                         0.04    0.18   -0.14 (VIOLATED)
u_data/dout[33]                         0.04    0.17   -0.13 (VIOLATED)
u_data/dout[3]                          0.04    0.16   -0.12 (VIOLATED)
u_data/dout[40]                         0.04    0.16   -0.12 (VIOLATED)
u_data/dout[7]                          0.04    0.16   -0.12 (VIOLATED)
u_data/dout[0]                          0.04    0.16   -0.12 (VIOLATED)
u_data/dout[36]                         0.04    0.16   -0.12 (VIOLATED)
u_data/dout[31]                         0.04    0.15   -0.11 (VIOLATED)
u_data/dout[4]                          0.04    0.15   -0.11 (VIOLATED)
u_data/din[31]                          0.35    0.43   -0.08 (VIOLATED)
_513_/C                                 0.60    0.66   -0.06 (VIOLATED)
_512_/Y                                 0.60    0.66   -0.06 (VIOLATED)
_702_/C                                 0.60    0.63   -0.03 (VIOLATED)
_668_/C                                 0.60    0.63   -0.03 (VIOLATED)
_682_/C                                 0.60    0.63   -0.03 (VIOLATED)
_672_/C                                 0.60    0.63   -0.03 (VIOLATED)
_667_/Y                                 0.60    0.63   -0.03 (VIOLATED)
u_ecc0/rstb                             0.35    0.36   -0.01 (VIOLATED)
u_ecc0/din[1]                           0.35    0.35   -0.00 (VIOLATED)
u_data/din[52]                          0.35    0.35   -0.00 (VIOLATED)


==========================================================================
global route max_slew_check_slack
--------------------------------------------------------------------------
-0.4601275622844696

==========================================================================
global route max_slew_check_limit
--------------------------------------------------------------------------
0.03999999910593033

==========================================================================
global route max_slew_check_slack_limit
--------------------------------------------------------------------------
-11.5032

==========================================================================
global route max_fanout_check_slack
--------------------------------------------------------------------------
1.0000000150474662e+30

==========================================================================
global route max_fanout_check_limit
--------------------------------------------------------------------------
1.0000000150474662e+30

==========================================================================
global route max_capacitance_check_slack
--------------------------------------------------------------------------
0.03950449079275131

==========================================================================
global route max_capacitance_check_limit
--------------------------------------------------------------------------
0.0695900022983551

==========================================================================
global route max_capacitance_check_slack_limit
--------------------------------------------------------------------------
0.5677

==========================================================================
global route max_slew_violation_count
--------------------------------------------------------------------------
max slew violation count 85

==========================================================================
global route max_fanout_violation_count
--------------------------------------------------------------------------
max fanout violation count 0

==========================================================================
global route max_cap_violation_count
--------------------------------------------------------------------------
max cap violation count 0

==========================================================================
global route setup_violation_count
--------------------------------------------------------------------------
setup violation count 1

==========================================================================
global route hold_violation_count
--------------------------------------------------------------------------
hold violation count 0

==========================================================================
global route report_checks -path_delay max reg to reg
--------------------------------------------------------------------------
No paths found.

==========================================================================
global route report_checks -path_delay min reg to reg
--------------------------------------------------------------------------
No paths found.

==========================================================================
global route critical path target clock latency max path
--------------------------------------------------------------------------
0.2973

==========================================================================
global route critical path target clock latency min path
--------------------------------------------------------------------------
0.5069

==========================================================================
global route critical path source clock latency min path
--------------------------------------------------------------------------
0.0000

==========================================================================
global route critical path delay
--------------------------------------------------------------------------
8.9072

==========================================================================
global route critical path slack
--------------------------------------------------------------------------
-0.0072

==========================================================================
global route slack div critical path delay
--------------------------------------------------------------------------
-0.080833

==========================================================================
global route report_power
--------------------------------------------------------------------------
Group                  Internal  Switching    Leakage      Total
                          Power      Power      Power      Power (Watts)
----------------------------------------------------------------
Sequential             0.00e+00   0.00e+00   0.00e+00   0.00e+00   0.0%
Combinational          3.91e-04   6.13e-04   3.13e-09   1.00e-03  42.7%
Clock                  6.13e-05   1.95e-04   4.85e-11   2.57e-04  10.9%
Macro                  1.09e-03   0.00e+00   7.31e-07   1.09e-03  46.3%
Pad                    0.00e+00   0.00e+00   0.00e+00   0.00e+00   0.0%
----------------------------------------------------------------
Total                  1.54e-03   8.08e-04   7.34e-07   2.35e-03 100.0%
                          65.6%      34.4%       0.0%
