OpenROAD 26Q3-1080-gab6fd26351 
Features included (+) or not (-): +GPU +GUI +Python
This program is licensed under the BSD-3 license. See the LICENSE file for details.
Components of this program may be licensed under more restrictive licenses which must be honored.
[INFO ORD-0030] Using 4 thread(s).
read_liberty /OpenROAD-flow-scripts/flow/platforms/sky130hd/lib/sky130_fd_sc_hd__tt_025C_1v80.lib
read_liberty /work/campaigns/iscas_sustainability_extension/memory_compiler/gate3_attempt09_sram22_residual_interface_drv_and_provenance_closure/source_checkout/sram22_256x64m4w8/sram22_256x64m4w8_tt_025C_1v80.lib
read_liberty /work/campaigns/iscas_sustainability_extension/memory_compiler/gate3_attempt09_sram22_residual_interface_drv_and_provenance_closure/source_checkout/sram22_256x8m8w1/sram22_256x8m8w1_tt_025C_1v80.lib
read_db /work/campaigns/iscas_sustainability_extension/memory_compiler/gate3_attempt09_sram22_residual_interface_drv_and_provenance_closure/raw/openroad/work/results/sky130hd/attempt09_e0/seed19/5_1_grt.odb
read_sdc /work/campaigns/iscas_sustainability_extension/memory_compiler/gate3_attempt09_sram22_residual_interface_drv_and_provenance_closure/raw/openroad/work/results/sky130hd/attempt09_e0/seed19/5_1_grt.sdc
source /OpenROAD-flow-scripts/flow/platforms/sky130hd/setRC.tcl
detailed_route -output_drc /work/campaigns/iscas_sustainability_extension/memory_compiler/gate3_attempt09_sram22_residual_interface_drv_and_provenance_closure/raw/openroad/work/reports/sky130hd/attempt09_e0/seed19/5_route_drc.rpt -output_maze /work/campaigns/iscas_sustainability_extension/memory_compiler/gate3_attempt09_sram22_residual_interface_drv_and_provenance_closure/raw/openroad/work/results/sky130hd/attempt09_e0/seed19/maze.log -droute_end_iter 64 -verbose 1 -drc_report_iter_step 5
[INFO DRT-0149] Reading tech and libs.
[WARNING DRT-0349] LEF58_ENCLOSURE with no CUTCLASS is not supported. Skipping for layer mcon
[WARNING DRT-0349] LEF58_ENCLOSURE with no CUTCLASS is not supported. Skipping for layer mcon
[WARNING DRT-0349] LEF58_ENCLOSURE with no CUTCLASS is not supported. Skipping for layer via
[WARNING DRT-0349] LEF58_ENCLOSURE with no CUTCLASS is not supported. Skipping for layer via
[WARNING DRT-0349] LEF58_ENCLOSURE with no CUTCLASS is not supported. Skipping for layer via2
[WARNING DRT-0349] LEF58_ENCLOSURE with no CUTCLASS is not supported. Skipping for layer via2
[WARNING DRT-0349] LEF58_ENCLOSURE with no CUTCLASS is not supported. Skipping for layer via3
[WARNING DRT-0349] LEF58_ENCLOSURE with no CUTCLASS is not supported. Skipping for layer via3
[WARNING DRT-0349] LEF58_ENCLOSURE with no CUTCLASS is not supported. Skipping for layer via4
[WARNING DRT-0349] LEF58_ENCLOSURE with no CUTCLASS is not supported. Skipping for layer via4

Units:                1000
Number of layers:     13
Number of macros:     443
Number of vias:       130
Number of viarulegen: 25

[INFO DRT-0150] Reading design.

Design:                   e0_sram22_top
Die area:                 ( 0 0 ) ( 1000000 650000 )
Number of track patterns: 12
Number of DEF vias:       0
Number of components:     5850
Number of terminals:      144
Number of snets:          2
Number of nets:           1239

[WARNING DRT-0419] No routing tracks pass through the center of Term u_protected_memory.u_data/dout[0]
[WARNING DRT-0419] No routing tracks pass through the center of Term u_protected_memory.u_data/dout[1]
[WARNING DRT-0419] No routing tracks pass through the center of Term u_protected_memory.u_data/dout[2]
[WARNING DRT-0419] No routing tracks pass through the center of Term u_protected_memory.u_data/dout[3]
[WARNING DRT-0419] No routing tracks pass through the center of Term u_protected_memory.u_data/dout[4]
[WARNING DRT-0419] No routing tracks pass through the center of Term u_protected_memory.u_data/dout[5]
[WARNING DRT-0419] No routing tracks pass through the center of Term u_protected_memory.u_data/dout[6]
[WARNING DRT-0419] No routing tracks pass through the center of Term u_protected_memory.u_data/dout[7]
[WARNING DRT-0419] No routing tracks pass through the center of Term u_protected_memory.u_data/dout[8]
[WARNING DRT-0419] No routing tracks pass through the center of Term u_protected_memory.u_data/dout[9]
[WARNING DRT-0419] No routing tracks pass through the center of Term u_protected_memory.u_data/dout[10]
[WARNING DRT-0419] No routing tracks pass through the center of Term u_protected_memory.u_data/dout[11]
[WARNING DRT-0419] No routing tracks pass through the center of Term u_protected_memory.u_data/dout[12]
[WARNING DRT-0419] No routing tracks pass through the center of Term u_protected_memory.u_data/dout[13]
[WARNING DRT-0419] No routing tracks pass through the center of Term u_protected_memory.u_data/dout[14]
[WARNING DRT-0419] No routing tracks pass through the center of Term u_protected_memory.u_data/dout[15]
[WARNING DRT-0419] No routing tracks pass through the center of Term u_protected_memory.u_data/dout[16]
[WARNING DRT-0419] No routing tracks pass through the center of Term u_protected_memory.u_data/dout[17]
[WARNING DRT-0419] No routing tracks pass through the center of Term u_protected_memory.u_data/dout[18]
[WARNING DRT-0419] No routing tracks pass through the center of Term u_protected_memory.u_data/dout[19]
[WARNING DRT-0419] No routing tracks pass through the center of Term u_protected_memory.u_data/dout[20]
[WARNING DRT-0419] No routing tracks pass through the center of Term u_protected_memory.u_data/dout[21]
[WARNING DRT-0419] No routing tracks pass through the center of Term u_protected_memory.u_data/dout[22]
[WARNING DRT-0419] No routing tracks pass through the center of Term u_protected_memory.u_data/dout[23]
[WARNING DRT-0419] No routing tracks pass through the center of Term u_protected_memory.u_data/dout[24]
[WARNING DRT-0419] No routing tracks pass through the center of Term u_protected_memory.u_data/dout[25]
[WARNING DRT-0419] No routing tracks pass through the center of Term u_protected_memory.u_data/dout[26]
[WARNING DRT-0419] No routing tracks pass through the center of Term u_protected_memory.u_data/dout[27]
[WARNING DRT-0419] No routing tracks pass through the center of Term u_protected_memory.u_data/dout[28]
[WARNING DRT-0419] No routing tracks pass through the center of Term u_protected_memory.u_data/dout[29]
[WARNING DRT-0419] No routing tracks pass through the center of Term u_protected_memory.u_data/dout[30]
[WARNING DRT-0419] No routing tracks pass through the center of Term u_protected_memory.u_data/dout[31]
[WARNING DRT-0419] No routing tracks pass through the center of Term u_protected_memory.u_data/dout[32]
[WARNING DRT-0419] No routing tracks pass through the center of Term u_protected_memory.u_data/dout[33]
[WARNING DRT-0419] No routing tracks pass through the center of Term u_protected_memory.u_data/dout[34]
[WARNING DRT-0419] No routing tracks pass through the center of Term u_protected_memory.u_data/dout[35]
[WARNING DRT-0419] No routing tracks pass through the center of Term u_protected_memory.u_data/dout[36]
[WARNING DRT-0419] No routing tracks pass through the center of Term u_protected_memory.u_data/dout[37]
[WARNING DRT-0419] No routing tracks pass through the center of Term u_protected_memory.u_data/dout[38]
[WARNING DRT-0419] No routing tracks pass through the center of Term u_protected_memory.u_data/dout[39]
[WARNING DRT-0419] No routing tracks pass through the center of Term u_protected_memory.u_data/dout[40]
[WARNING DRT-0419] No routing tracks pass through the center of Term u_protected_memory.u_data/dout[41]
[WARNING DRT-0419] No routing tracks pass through the center of Term u_protected_memory.u_data/dout[42]
[WARNING DRT-0419] No routing tracks pass through the center of Term u_protected_memory.u_data/dout[43]
[WARNING DRT-0419] No routing tracks pass through the center of Term u_protected_memory.u_data/dout[44]
[WARNING DRT-0419] No routing tracks pass through the center of Term u_protected_memory.u_data/dout[45]
[WARNING DRT-0419] No routing tracks pass through the center of Term u_protected_memory.u_data/dout[46]
[WARNING DRT-0419] No routing tracks pass through the center of Term u_protected_memory.u_data/dout[47]
[WARNING DRT-0419] No routing tracks pass through the center of Term u_protected_memory.u_data/dout[48]
[WARNING DRT-0419] No routing tracks pass through the center of Term u_protected_memory.u_data/dout[49]
[WARNING DRT-0419] No routing tracks pass through the center of Term u_protected_memory.u_data/dout[50]
[WARNING DRT-0419] No routing tracks pass through the center of Term u_protected_memory.u_data/dout[51]
[WARNING DRT-0419] No routing tracks pass through the center of Term u_protected_memory.u_data/dout[52]
[WARNING DRT-0419] No routing tracks pass through the center of Term u_protected_memory.u_data/dout[53]
[WARNING DRT-0419] No routing tracks pass through the center of Term u_protected_memory.u_data/dout[54]
[WARNING DRT-0419] No routing tracks pass through the center of Term u_protected_memory.u_data/dout[55]
[WARNING DRT-0419] No routing tracks pass through the center of Term u_protected_memory.u_data/dout[56]
[WARNING DRT-0419] No routing tracks pass through the center of Term u_protected_memory.u_data/dout[57]
[WARNING DRT-0419] No routing tracks pass through the center of Term u_protected_memory.u_data/dout[58]
[WARNING DRT-0419] No routing tracks pass through the center of Term u_protected_memory.u_data/dout[59]
[WARNING DRT-0419] No routing tracks pass through the center of Term u_protected_memory.u_data/dout[60]
[WARNING DRT-0419] No routing tracks pass through the center of Term u_protected_memory.u_data/dout[61]
[WARNING DRT-0419] No routing tracks pass through the center of Term u_protected_memory.u_data/dout[62]
[WARNING DRT-0419] No routing tracks pass through the center of Term u_protected_memory.u_data/dout[63]
[WARNING DRT-0419] No routing tracks pass through the center of Term u_protected_memory.u_data/din[0]
[WARNING DRT-0419] No routing tracks pass through the center of Term u_protected_memory.u_data/din[1]
[WARNING DRT-0419] No routing tracks pass through the center of Term u_protected_memory.u_data/din[2]
[WARNING DRT-0419] No routing tracks pass through the center of Term u_protected_memory.u_data/din[3]
[WARNING DRT-0419] No routing tracks pass through the center of Term u_protected_memory.u_data/din[4]
[WARNING DRT-0419] No routing tracks pass through the center of Term u_protected_memory.u_data/din[5]
[WARNING DRT-0419] No routing tracks pass through the center of Term u_protected_memory.u_data/din[6]
[WARNING DRT-0419] No routing tracks pass through the center of Term u_protected_memory.u_data/din[7]
[WARNING DRT-0419] No routing tracks pass through the center of Term u_protected_memory.u_data/din[8]
[WARNING DRT-0419] No routing tracks pass through the center of Term u_protected_memory.u_data/din[9]
[WARNING DRT-0419] No routing tracks pass through the center of Term u_protected_memory.u_data/din[10]
[WARNING DRT-0419] No routing tracks pass through the center of Term u_protected_memory.u_data/din[11]
[WARNING DRT-0419] No routing tracks pass through the center of Term u_protected_memory.u_data/din[12]
[WARNING DRT-0419] No routing tracks pass through the center of Term u_protected_memory.u_data/din[13]
[WARNING DRT-0419] No routing tracks pass through the center of Term u_protected_memory.u_data/din[14]
[WARNING DRT-0419] No routing tracks pass through the center of Term u_protected_memory.u_data/din[15]
[WARNING DRT-0419] No routing tracks pass through the center of Term u_protected_memory.u_data/din[16]
[WARNING DRT-0419] No routing tracks pass through the center of Term u_protected_memory.u_data/din[17]
[WARNING DRT-0419] No routing tracks pass through the center of Term u_protected_memory.u_data/din[18]
[WARNING DRT-0419] No routing tracks pass through the center of Term u_protected_memory.u_data/din[19]
[WARNING DRT-0419] No routing tracks pass through the center of Term u_protected_memory.u_data/din[20]
[WARNING DRT-0419] No routing tracks pass through the center of Term u_protected_memory.u_data/din[21]
[WARNING DRT-0419] No routing tracks pass through the center of Term u_protected_memory.u_data/din[22]
[WARNING DRT-0419] No routing tracks pass through the center of Term u_protected_memory.u_data/din[23]
[WARNING DRT-0419] No routing tracks pass through the center of Term u_protected_memory.u_data/din[24]
[WARNING DRT-0419] No routing tracks pass through the center of Term u_protected_memory.u_data/din[25]
[WARNING DRT-0419] No routing tracks pass through the center of Term u_protected_memory.u_data/din[26]
[WARNING DRT-0419] No routing tracks pass through the center of Term u_protected_memory.u_data/din[27]
[WARNING DRT-0419] No routing tracks pass through the center of Term u_protected_memory.u_data/din[28]
[WARNING DRT-0419] No routing tracks pass through the center of Term u_protected_memory.u_data/din[29]
[WARNING DRT-0419] No routing tracks pass through the center of Term u_protected_memory.u_data/din[30]
[WARNING DRT-0419] No routing tracks pass through the center of Term u_protected_memory.u_data/din[31]
[WARNING DRT-0419] No routing tracks pass through the center of Term u_protected_memory.u_data/din[32]
[WARNING DRT-0419] No routing tracks pass through the center of Term u_protected_memory.u_data/din[33]
[WARNING DRT-0419] No routing tracks pass through the center of Term u_protected_memory.u_data/din[34]
[WARNING DRT-0419] No routing tracks pass through the center of Term u_protected_memory.u_data/din[35]
[WARNING DRT-0419] No routing tracks pass through the center of Term u_protected_memory.u_data/din[36]
[WARNING DRT-0419] No routing tracks pass through the center of Term u_protected_memory.u_data/din[37]
[WARNING DRT-0419] No routing tracks pass through the center of Term u_protected_memory.u_data/din[38]
[WARNING DRT-0419] No routing tracks pass through the center of Term u_protected_memory.u_data/din[39]
[WARNING DRT-0419] No routing tracks pass through the center of Term u_protected_memory.u_data/din[40]
[WARNING DRT-0419] No routing tracks pass through the center of Term u_protected_memory.u_data/din[41]
[WARNING DRT-0419] No routing tracks pass through the center of Term u_protected_memory.u_data/din[42]
[WARNING DRT-0419] No routing tracks pass through the center of Term u_protected_memory.u_data/din[43]
[WARNING DRT-0419] No routing tracks pass through the center of Term u_protected_memory.u_data/din[44]
[WARNING DRT-0419] No routing tracks pass through the center of Term u_protected_memory.u_data/din[45]
[WARNING DRT-0419] No routing tracks pass through the center of Term u_protected_memory.u_data/din[46]
[WARNING DRT-0419] No routing tracks pass through the center of Term u_protected_memory.u_data/din[47]
[WARNING DRT-0419] No routing tracks pass through the center of Term u_protected_memory.u_data/din[48]
[WARNING DRT-0419] No routing tracks pass through the center of Term u_protected_memory.u_data/din[49]
[WARNING DRT-0419] No routing tracks pass through the center of Term u_protected_memory.u_data/din[50]
[WARNING DRT-0419] No routing tracks pass through the center of Term u_protected_memory.u_data/din[51]
[WARNING DRT-0419] No routing tracks pass through the center of Term u_protected_memory.u_data/din[52]
[WARNING DRT-0419] No routing tracks pass through the center of Term u_protected_memory.u_data/din[53]
[WARNING DRT-0419] No routing tracks pass through the center of Term u_protected_memory.u_data/din[54]
[WARNING DRT-0419] No routing tracks pass through the center of Term u_protected_memory.u_data/din[55]
[WARNING DRT-0419] No routing tracks pass through the center of Term u_protected_memory.u_data/din[56]
[WARNING DRT-0419] No routing tracks pass through the center of Term u_protected_memory.u_data/din[57]
[WARNING DRT-0419] No routing tracks pass through the center of Term u_protected_memory.u_data/din[58]
[WARNING DRT-0419] No routing tracks pass through the center of Term u_protected_memory.u_data/din[59]
[WARNING DRT-0419] No routing tracks pass through the center of Term u_protected_memory.u_data/din[60]
[WARNING DRT-0419] No routing tracks pass through the center of Term u_protected_memory.u_data/din[61]
[WARNING DRT-0419] No routing tracks pass through the center of Term u_protected_memory.u_data/din[62]
[WARNING DRT-0419] No routing tracks pass through the center of Term u_protected_memory.u_data/din[63]
[WARNING DRT-0419] No routing tracks pass through the center of Term u_protected_memory.u_data/wmask[1]
[WARNING DRT-0419] No routing tracks pass through the center of Term u_protected_memory.u_data/wmask[2]
[WARNING DRT-0419] No routing tracks pass through the center of Term u_protected_memory.u_data/wmask[3]
[WARNING DRT-0419] No routing tracks pass through the center of Term u_protected_memory.u_data/wmask[4]
[WARNING DRT-0419] No routing tracks pass through the center of Term u_protected_memory.u_data/wmask[5]
[WARNING DRT-0419] No routing tracks pass through the center of Term u_protected_memory.u_data/wmask[6]
[WARNING DRT-0419] No routing tracks pass through the center of Term u_protected_memory.u_data/wmask[7]
[WARNING DRT-0418] Term u_protected_memory.u_ecc/dout[0] has no pins on routing grid
[WARNING DRT-0418] Term u_protected_memory.u_ecc/dout[1] has no pins on routing grid
[WARNING DRT-0418] Term u_protected_memory.u_ecc/dout[2] has no pins on routing grid
[WARNING DRT-0418] Term u_protected_memory.u_ecc/dout[3] has no pins on routing grid
[WARNING DRT-0418] Term u_protected_memory.u_ecc/dout[4] has no pins on routing grid
[WARNING DRT-0418] Term u_protected_memory.u_ecc/dout[5] has no pins on routing grid
[WARNING DRT-0418] Term u_protected_memory.u_ecc/dout[6] has no pins on routing grid
[WARNING DRT-0418] Term u_protected_memory.u_ecc/dout[7] has no pins on routing grid
[WARNING DRT-0419] No routing tracks pass through the center of Term u_protected_memory.u_ecc/din[0]
[WARNING DRT-0419] No routing tracks pass through the center of Term u_protected_memory.u_ecc/din[1]
[WARNING DRT-0419] No routing tracks pass through the center of Term u_protected_memory.u_ecc/din[2]
[WARNING DRT-0418] Term u_protected_memory.u_ecc/din[3] has no pins on routing grid
[WARNING DRT-0418] Term u_protected_memory.u_ecc/din[4] has no pins on routing grid
[WARNING DRT-0418] Term u_protected_memory.u_ecc/din[5] has no pins on routing grid
[WARNING DRT-0418] Term u_protected_memory.u_ecc/din[6] has no pins on routing grid
[WARNING DRT-0418] Term u_protected_memory.u_ecc/din[7] has no pins on routing grid
[WARNING DRT-0419] No routing tracks pass through the center of Term u_protected_memory.u_ecc/wmask[0]
[WARNING DRT-0419] No routing tracks pass through the center of Term u_protected_memory.u_ecc/wmask[1]
[WARNING DRT-0419] No routing tracks pass through the center of Term u_protected_memory.u_ecc/wmask[2]
[WARNING DRT-0418] Term u_protected_memory.u_ecc/wmask[3] has no pins on routing grid
[WARNING DRT-0418] Term u_protected_memory.u_ecc/wmask[4] has no pins on routing grid
[WARNING DRT-0418] Term u_protected_memory.u_ecc/wmask[5] has no pins on routing grid
[WARNING DRT-0418] Term u_protected_memory.u_ecc/wmask[6] has no pins on routing grid
[WARNING DRT-0418] Term u_protected_memory.u_ecc/wmask[7] has no pins on routing grid
[INFO DRT-0167] List of default vias:
  Layer via
    default via: M1M2_PR
  Layer via2
    default via: M2M3_PR
  Layer via3
    default via: M3M4_PR
  Layer via4
    default via: M4M5_PR
[INFO DRT-0162] Library cell analysis.
[INFO DRT-0163] Instance analysis.
[INFO DRT-0164] Number of unique instances = 100.
[INFO DRT-0168] Init region query.
[INFO DRT-0024]   Complete FR_MASTERSLICE.
[INFO DRT-0024]   Complete Fr_VIA.
[INFO DRT-0024]   Complete li1.
[INFO DRT-0024]   Complete mcon.
[INFO DRT-0024]   Complete met1.
[INFO DRT-0024]   Complete via.
[INFO DRT-0024]   Complete met2.
[INFO DRT-0024]   Complete via2.
[INFO DRT-0024]   Complete met3.
[INFO DRT-0024]   Complete via3.
[INFO DRT-0024]   Complete met4.
[INFO DRT-0024]   Complete via4.
[INFO DRT-0024]   Complete met5.
[INFO DRT-0033] FR_MASTERSLICE shape region query size = 0.
[INFO DRT-0033] FR_VIA shape region query size = 0.
[INFO DRT-0033] li1 shape region query size = 47617.
[INFO DRT-0033] mcon shape region query size = 25298.
[INFO DRT-0033] met1 shape region query size = 17844.
[INFO DRT-0033] via shape region query size = 24330.
[INFO DRT-0033] met2 shape region query size = 22048.
[INFO DRT-0033] via2 shape region query size = 45597.
[INFO DRT-0033] met3 shape region query size = 29027.
[INFO DRT-0033] via3 shape region query size = 45281.
[INFO DRT-0033] met4 shape region query size = 11428.
[INFO DRT-0033] via4 shape region query size = 1676.
[INFO DRT-0033] met5 shape region query size = 1768.
[INFO DRT-0165] Start pin access.
[INFO DRT-0078]   Complete 919 pins.
[INFO DRT-0081]   Complete 98 unique inst patterns.
[INFO DRT-0084]   Complete 931 groups.
#scanned instances     = 5850
#unique  instances     = 100
#stdCellGenAp          = 3034
#stdCellValidPlanarAp  = 56
#stdCellValidViaAp     = 2178
#stdCellPinNoAp        = 0
#stdCellPinCnt         = 2874
#instTermValidViaApCnt = 0
#macroGenAp            = 553
#macroValidPlanarAp    = 452
#macroValidViaAp       = 0
#macroNoAp             = 0
[INFO DRT-0166] Complete pin access.
[INFO DRT-0267] cpu time = 00:01:02, elapsed time = 00:00:16, memory = 267.92 (MB), peak = 267.51 (MB)

[INFO DRT-0157] Number of guides:     8411

[INFO DRT-0169] Post process guides.
[INFO DRT-0176] GCELLGRID X 0 DO 144 STEP 6900 ;
[INFO DRT-0177] GCELLGRID Y 0 DO 94 STEP 6900 ;
[INFO DRT-0028]   Complete FR_MASTERSLICE.
[INFO DRT-0028]   Complete Fr_VIA.
[INFO DRT-0028]   Complete li1.
[INFO DRT-0028]   Complete mcon.
[INFO DRT-0028]   Complete met1.
[INFO DRT-0028]   Complete via.
[INFO DRT-0028]   Complete met2.
[INFO DRT-0028]   Complete via2.
[INFO DRT-0028]   Complete met3.
[INFO DRT-0028]   Complete via3.
[INFO DRT-0028]   Complete met4.
[INFO DRT-0028]   Complete via4.
[INFO DRT-0028]   Complete met5.
[INFO DRT-0178] Init guide query.
[INFO DRT-0035]   Complete FR_MASTERSLICE (guide).
[INFO DRT-0035]   Complete Fr_VIA (guide).
[INFO DRT-0035]   Complete li1 (guide).
[INFO DRT-0035]   Complete mcon (guide).
[INFO DRT-0035]   Complete met1 (guide).
[INFO DRT-0035]   Complete via (guide).
[INFO DRT-0035]   Complete met2 (guide).
[INFO DRT-0035]   Complete via2 (guide).
[INFO DRT-0035]   Complete met3 (guide).
[INFO DRT-0035]   Complete via3 (guide).
[INFO DRT-0035]   Complete met4 (guide).
[INFO DRT-0035]   Complete via4 (guide).
[INFO DRT-0035]   Complete met5 (guide).
[INFO DRT-0036] FR_MASTERSLICE guide region query size = 0.
[INFO DRT-0036] FR_VIA guide region query size = 0.
[INFO DRT-0036] li1 guide region query size = 2580.
[INFO DRT-0036] mcon guide region query size = 0.
[INFO DRT-0036] met1 guide region query size = 2451.
[INFO DRT-0036] via guide region query size = 0.
[INFO DRT-0036] met2 guide region query size = 1391.
[INFO DRT-0036] via2 guide region query size = 0.
[INFO DRT-0036] met3 guide region query size = 319.
[INFO DRT-0036] via3 guide region query size = 0.
[INFO DRT-0036] met4 guide region query size = 162.
[INFO DRT-0036] via4 guide region query size = 0.
[INFO DRT-0036] met5 guide region query size = 9.
[INFO DRT-0179] Init gr pin query.
[INFO DRT-0267] cpu time = 00:00:00, elapsed time = 00:00:00, memory = 270.49 (MB), peak = 270.14 (MB)
[INFO DRT-0245] skipped writing guide updates to database.
[INFO DRT-0181] Start track assignment.
[INFO DRT-0184] Done with 4133 vertical wires in 3 frboxes and 2779 horizontal wires in 2 frboxes.
[INFO DRT-0186] Done with 562 vertical wires in 3 frboxes and 695 horizontal wires in 2 frboxes.
[INFO DRT-0182] Complete track assignment.
[INFO DRT-0267] cpu time = 00:00:02, elapsed time = 00:00:01, memory = 299.44 (MB), peak = 329.19 (MB)
[INFO DRT-0187] Start routing data preparation.
[INFO DRT-0267] cpu time = 00:00:00, elapsed time = 00:00:00, memory = 299.44 (MB), peak = 329.19 (MB)
[INFO DRT-0194] Start detail routing.
[INFO DRT-0195] Start 0th optimization iteration.
    Completing 10% with 0 violations.
    elapsed time = 00:00:00, memory = 319.24 (MB).
    Completing 20% with 0 violations.
    elapsed time = 00:00:00, memory = 361.59 (MB).
    Completing 30% with 140 violations.
    elapsed time = 00:00:04, memory = 341.16 (MB).
    Completing 40% with 140 violations.
    elapsed time = 00:00:05, memory = 374.46 (MB).
    Completing 50% with 140 violations.
    elapsed time = 00:00:05, memory = 386.27 (MB).
    Completing 60% with 310 violations.
    elapsed time = 00:00:07, memory = 379.73 (MB).
    Completing 70% with 310 violations.
    elapsed time = 00:00:08, memory = 399.79 (MB).
    Completing 80% with 468 violations.
    elapsed time = 00:00:11, memory = 384.75 (MB).
    Completing 90% with 468 violations.
    elapsed time = 00:00:12, memory = 399.20 (MB).
    Completing 100% with 561 violations.
    elapsed time = 00:00:12, memory = 402.31 (MB).
[INFO DRT-0199]   Number of violations = 630.
Viol/Layer         li1   mcon   met1   met2   met3   met4
Cut Spacing          0      3      0      0      0      0
Metal Spacing        0      0    124     28      8      0
Recheck              1      0     51     10      4      3
Short                0      0    362     35      1      0
[INFO DRT-0267] cpu time = 00:00:27, elapsed time = 00:00:13, memory = 736.38 (MB), peak = 736.11 (MB)
Total wire length = 80663 um.
Total wire length on LAYER li1 = 0 um.
Total wire length on LAYER met1 = 22675 um.
Total wire length on LAYER met2 = 44439 um.
Total wire length on LAYER met3 = 6437 um.
Total wire length on LAYER met4 = 7012 um.
Total wire length on LAYER met5 = 96 um.
Total number of vias = 6692.
Up-via summary (total 6692):

-----------------------
 FR_MASTERSLICE       0
            li1    2908
           met1    3181
           met2     333
           met3     254
           met4      16
-----------------------
               6692


[INFO DRT-0195] Start 1st optimization iteration.
    Completing 10% with 630 violations.
    elapsed time = 00:00:00, memory = 736.38 (MB).
    Completing 20% with 630 violations.
    elapsed time = 00:00:00, memory = 753.19 (MB).
    Completing 30% with 620 violations.
    elapsed time = 00:00:03, memory = 736.38 (MB).
    Completing 40% with 620 violations.
    elapsed time = 00:00:03, memory = 750.66 (MB).
    Completing 50% with 620 violations.
    elapsed time = 00:00:04, memory = 750.66 (MB).
    Completing 60% with 579 violations.
    elapsed time = 00:00:06, memory = 752.81 (MB).
    Completing 70% with 579 violations.
    elapsed time = 00:00:06, memory = 752.81 (MB).
    Completing 80% with 505 violations.
    elapsed time = 00:00:08, memory = 752.81 (MB).
    Completing 90% with 505 violations.
    elapsed time = 00:00:09, memory = 775.37 (MB).
    Completing 100% with 400 violations.
    elapsed time = 00:00:13, memory = 756.37 (MB).
[INFO DRT-0199]   Number of violations = 400.
Viol/Layer        mcon   met1   met2   via2   met3
Cut Spacing          2      0      0      0      0
Metal Spacing        0     92      5      0      0
Short                0    259     38      1      3
[INFO DRT-0267] cpu time = 00:00:25, elapsed time = 00:00:13, memory = 759.37 (MB), peak = 775.09 (MB)
Total wire length = 80494 um.
Total wire length on LAYER li1 = 0 um.
Total wire length on LAYER met1 = 22498 um.
Total wire length on LAYER met2 = 44386 um.
Total wire length on LAYER met3 = 6510 um.
Total wire length on LAYER met4 = 6992 um.
Total wire length on LAYER met5 = 106 um.
Total number of vias = 6642.
Up-via summary (total 6642):

-----------------------
 FR_MASTERSLICE       0
            li1    2905
           met1    3143
           met2     331
           met3     247
           met4      16
-----------------------
               6642


[INFO DRT-0195] Start 2nd optimization iteration.
    Completing 10% with 400 violations.
    elapsed time = 00:00:00, memory = 759.37 (MB).
    Completing 20% with 400 violations.
    elapsed time = 00:00:00, memory = 762.34 (MB).
    Completing 30% with 425 violations.
    elapsed time = 00:00:00, memory = 762.34 (MB).
    Completing 40% with 425 violations.
    elapsed time = 00:00:01, memory = 765.66 (MB).
    Completing 50% with 425 violations.
    elapsed time = 00:00:02, memory = 765.66 (MB).
    Completing 60% with 385 violations.
    elapsed time = 00:00:02, memory = 765.66 (MB).
    Completing 70% with 385 violations.
    elapsed time = 00:00:03, memory = 765.77 (MB).
    Completing 80% with 394 violations.
    elapsed time = 00:00:04, memory = 765.77 (MB).
    Completing 90% with 394 violations.
    elapsed time = 00:00:04, memory = 790.73 (MB).
    Completing 100% with 258 violations.
    elapsed time = 00:00:11, memory = 765.77 (MB).
[INFO DRT-0199]   Number of violations = 258.
Viol/Layer        mcon   met1   met2
Cut Spacing          4      0      0
Metal Spacing        0     66      4
Short                0    184      0
[INFO DRT-0267] cpu time = 00:00:22, elapsed time = 00:00:11, memory = 765.77 (MB), peak = 790.49 (MB)
Total wire length = 80327 um.
Total wire length on LAYER li1 = 0 um.
Total wire length on LAYER met1 = 22458 um.
Total wire length on LAYER met2 = 44397 um.
Total wire length on LAYER met3 = 6488 um.
Total wire length on LAYER met4 = 6875 um.
Total wire length on LAYER met5 = 108 um.
Total number of vias = 6621.
Up-via summary (total 6621):

-----------------------
 FR_MASTERSLICE       0
            li1    2906
           met1    3134
           met2     335
           met3     230
           met4      16
-----------------------
               6621


[INFO DRT-0195] Start 3rd optimization iteration.
    Completing 10% with 258 violations.
    elapsed time = 00:00:00, memory = 765.77 (MB).
    Completing 20% with 258 violations.
    elapsed time = 00:00:00, memory = 766.46 (MB).
    Completing 30% with 231 violations.
    elapsed time = 00:00:04, memory = 766.46 (MB).
    Completing 40% with 231 violations.
    elapsed time = 00:00:04, memory = 766.64 (MB).
    Completing 50% with 231 violations.
    elapsed time = 00:00:04, memory = 766.64 (MB).
    Completing 60% with 148 violations.
    elapsed time = 00:00:07, memory = 766.64 (MB).
    Completing 70% with 148 violations.
    elapsed time = 00:00:07, memory = 766.64 (MB).
    Completing 80% with 77 violations.
    elapsed time = 00:00:08, memory = 766.64 (MB).
    Completing 90% with 77 violations.
    elapsed time = 00:00:09, memory = 766.64 (MB).
    Completing 100% with 32 violations.
    elapsed time = 00:00:09, memory = 766.64 (MB).
[INFO DRT-0199]   Number of violations = 32.
Viol/Layer        met1   met2
Metal Spacing        7      0
Short               23      2
[INFO DRT-0267] cpu time = 00:00:15, elapsed time = 00:00:09, memory = 766.64 (MB), peak = 790.49 (MB)
Total wire length = 80291 um.
Total wire length on LAYER li1 = 0 um.
Total wire length on LAYER met1 = 21819 um.
Total wire length on LAYER met2 = 44491 um.
Total wire length on LAYER met3 = 7059 um.
Total wire length on LAYER met4 = 6824 um.
Total wire length on LAYER met5 = 95 um.
Total number of vias = 6695.
Up-via summary (total 6695):

-----------------------
 FR_MASTERSLICE       0
            li1    2908
           met1    3175
           met2     376
           met3     222
           met4      14
-----------------------
               6695


[INFO DRT-0195] Start 4th guides tiles iteration.
    Completing 10% with 32 violations.
    elapsed time = 00:00:00, memory = 766.64 (MB).
    Completing 20% with 32 violations.
    elapsed time = 00:00:00, memory = 766.64 (MB).
    Completing 30% with 32 violations.
    elapsed time = 00:00:00, memory = 766.64 (MB).
    Completing 50% with 25 violations.
    elapsed time = 00:00:00, memory = 766.64 (MB).
    Completing 60% with 25 violations.
    elapsed time = 00:00:00, memory = 766.64 (MB).
    Completing 70% with 25 violations.
    elapsed time = 00:00:00, memory = 766.64 (MB).
    Completing 80% with 3 violations.
    elapsed time = 00:00:00, memory = 766.64 (MB).
    Completing 100% with 3 violations.
    elapsed time = 00:00:00, memory = 766.64 (MB).
[INFO DRT-0199]   Number of violations = 3.
Viol/Layer        met1
Metal Spacing        1
Short                2
[INFO DRT-0267] cpu time = 00:00:01, elapsed time = 00:00:00, memory = 766.64 (MB), peak = 790.49 (MB)
Total wire length = 80291 um.
Total wire length on LAYER li1 = 0 um.
Total wire length on LAYER met1 = 21601 um.
Total wire length on LAYER met2 = 44485 um.
Total wire length on LAYER met3 = 7284 um.
Total wire length on LAYER met4 = 6824 um.
Total wire length on LAYER met5 = 95 um.
Total number of vias = 6711.
Up-via summary (total 6711):

-----------------------
 FR_MASTERSLICE       0
            li1    2907
           met1    3176
           met2     392
           met3     222
           met4      14
-----------------------
               6711


[INFO DRT-0195] Start 5th guides tiles iteration.
    Completing 50% with 3 violations.
    elapsed time = 00:00:00, memory = 766.64 (MB).
    Completing 100% with 3 violations.
    elapsed time = 00:00:00, memory = 766.64 (MB).
[INFO DRT-0199]   Number of violations = 3.
Viol/Layer        met1
Metal Spacing        1
Short                2
[INFO DRT-0267] cpu time = 00:00:00, elapsed time = 00:00:00, memory = 766.76 (MB), peak = 790.49 (MB)
Total wire length = 80291 um.
Total wire length on LAYER li1 = 0 um.
Total wire length on LAYER met1 = 21601 um.
Total wire length on LAYER met2 = 44485 um.
Total wire length on LAYER met3 = 7284 um.
Total wire length on LAYER met4 = 6824 um.
Total wire length on LAYER met5 = 95 um.
Total number of vias = 6711.
Up-via summary (total 6711):

-----------------------
 FR_MASTERSLICE       0
            li1    2907
           met1    3176
           met2     392
           met3     222
           met4      14
-----------------------
               6711


[INFO DRT-0195] Start 6th stubborn tiles iteration.
    Completing 10% with 3 violations.
    elapsed time = 00:00:00, memory = 766.76 (MB).
    Completing 20% with 3 violations.
    elapsed time = 00:00:01, memory = 766.76 (MB).
    Completing 30% with 3 violations.
    elapsed time = 00:00:02, memory = 766.76 (MB).
    Completing 40% with 3 violations.
    elapsed time = 00:00:03, memory = 766.76 (MB).
    Completing 50% with 3 violations.
    elapsed time = 00:00:04, memory = 766.76 (MB).
    Completing 60% with 3 violations.
    elapsed time = 00:00:04, memory = 766.76 (MB).
    Completing 70% with 3 violations.
    elapsed time = 00:00:05, memory = 766.76 (MB).
    Completing 80% with 3 violations.
    elapsed time = 00:00:06, memory = 766.76 (MB).
    Completing 90% with 3 violations.
    elapsed time = 00:00:11, memory = 766.76 (MB).
    Completing 100% with 0 violations.
    elapsed time = 00:00:14, memory = 766.76 (MB).
[INFO DRT-0199]   Number of violations = 0.
[INFO DRT-0267] cpu time = 00:00:58, elapsed time = 00:00:15, memory = 766.76 (MB), peak = 790.49 (MB)
Total wire length = 80291 um.
Total wire length on LAYER li1 = 0 um.
Total wire length on LAYER met1 = 21601 um.
Total wire length on LAYER met2 = 44484 um.
Total wire length on LAYER met3 = 7284 um.
Total wire length on LAYER met4 = 6824 um.
Total wire length on LAYER met5 = 95 um.
Total number of vias = 6711.
Up-via summary (total 6711):

-----------------------
 FR_MASTERSLICE       0
            li1    2907
           met1    3176
           met2     392
           met3     222
           met4      14
-----------------------
               6711


[INFO DRT-0198] Complete detail routing.
Total wire length = 80291 um.
Total wire length on LAYER li1 = 0 um.
Total wire length on LAYER met1 = 21601 um.
Total wire length on LAYER met2 = 44484 um.
Total wire length on LAYER met3 = 7284 um.
Total wire length on LAYER met4 = 6824 um.
Total wire length on LAYER met5 = 95 um.
Total number of vias = 6711.
Up-via summary (total 6711):

-----------------------
 FR_MASTERSLICE       0
            li1    2907
           met1    3176
           met2     392
           met3     222
           met4      14
-----------------------
               6711


[INFO DRT-0267] cpu time = 00:02:32, elapsed time = 00:01:05, memory = 766.82 (MB), peak = 790.49 (MB)

[INFO DRT-0180] Post processing.
[INFO DRT-0501] Runtime: 86.69s
Took 83 seconds: detailed_route -output_drc /work/campaigns/iscas_sustainability_extension/memory_compiler/gate3_attempt09_sram22_residual_interface_drv_and_provenance_closure/raw/openroad/work/reports/sky130hd/attempt09_e0/seed19/5_route_drc.rpt -output_maze /work/campaigns/iscas_sustainability_extension/memory_compiler/gate3_attempt09_sram22_residual_interface_drv_and_provenance_closure/raw/openroad/work/results/sky130hd/attempt09_e0/seed19/maze.log -droute_end_iter 64 -verbose 1 -drc_report_iter_step 5
[INFO GRT-0012] Found 5 antenna violations.
[INFO DPL-0006] Core area: 615627.94 um^2
[INFO DPL-0007] Movable instances area: 7.51 um^2
[INFO DPL-0008] Fixed instances area within core: 275886.48 um^2
[INFO DPL-0009] Utilization: 44.8%
[INFO DPL-0005] Diamond search max displacement: +/- 500 sites horizontally, +/- 100 rows vertically.
[INFO DPL-1102] Legalizing using negotiation legalizer.
[INFO DPL-1103] Negotiation base search window: +/-20 sites horizontally, +/-5 rows vertically 
	Automatic search window extension enabled.
	Search window extendable up to the max displacement cap of +/-500 sites, +/-100 rows near walls.
[INFO DPL-1104] NegotiationLegalizer DRC penalty: 5.
[INFO DPL-0392] Negotiation cell height distribution (3 unique row-count(s)):
[INFO DPL-0393]   height 1 row(s): 5855 cells
[INFO DPL-0393]   height 83 row(s): 1 cells
[INFO DPL-0393]   height 108 row(s): 1 cells
[INFO DPL-0500] Runtime: 0.04s
[INFO GRT-0015] Inserted 7 diodes.
[INFO DRT-0024]   Complete FR_MASTERSLICE.
[INFO DRT-0024]   Complete Fr_VIA.
[INFO DRT-0024]   Complete li1.
[INFO DRT-0024]   Complete mcon.
[INFO DRT-0024]   Complete met1.
[INFO DRT-0024]   Complete via.
[INFO DRT-0024]   Complete met2.
[INFO DRT-0024]   Complete via2.
[INFO DRT-0024]   Complete met3.
[INFO DRT-0024]   Complete via3.
[INFO DRT-0024]   Complete met4.
[INFO DRT-0024]   Complete via4.
[INFO DRT-0024]   Complete met5.
[INFO DRT-0165] Start pin access.
[INFO DRT-0078]   Complete 919 pins.
[INFO DRT-0081]   Complete 98 unique inst patterns.
[INFO DRT-0084]   Complete 934 groups.
#scanned instances     = 5857
#unique  instances     = 100
#stdCellGenAp          = 3034
#stdCellValidPlanarAp  = 56
#stdCellValidViaAp     = 2178
#stdCellPinNoAp        = 0
#stdCellPinCnt         = 2874
#instTermValidViaApCnt = 0
#macroGenAp            = 553
#macroValidPlanarAp    = 452
#macroValidViaAp       = 0
#macroNoAp             = 0
[INFO DRT-0166] Complete pin access.
[INFO DRT-0267] cpu time = 00:01:02, elapsed time = 00:00:17, memory = 675.01 (MB), peak = 790.49 (MB)

[INFO DRT-0157] Number of guides:     8385

[INFO DRT-0169] Post process guides.
[INFO DRT-0176] GCELLGRID X 0 DO 144 STEP 6900 ;
[INFO DRT-0177] GCELLGRID Y 0 DO 94 STEP 6900 ;
[INFO DRT-0028]   Complete FR_MASTERSLICE.
[INFO DRT-0028]   Complete Fr_VIA.
[INFO DRT-0028]   Complete li1.
[INFO DRT-0028]   Complete mcon.
[INFO DRT-0028]   Complete met1.
[INFO DRT-0028]   Complete via.
[INFO DRT-0028]   Complete met2.
[INFO DRT-0028]   Complete via2.
[INFO DRT-0028]   Complete met3.
[INFO DRT-0028]   Complete via3.
[INFO DRT-0028]   Complete met4.
[INFO DRT-0028]   Complete via4.
[INFO DRT-0028]   Complete met5.
[INFO DRT-0178] Init guide query.
[INFO DRT-0035]   Complete FR_MASTERSLICE (guide).
[INFO DRT-0035]   Complete Fr_VIA (guide).
[INFO DRT-0035]   Complete li1 (guide).
[INFO DRT-0035]   Complete mcon (guide).
[INFO DRT-0035]   Complete met1 (guide).
[INFO DRT-0035]   Complete via (guide).
[INFO DRT-0035]   Complete met2 (guide).
[INFO DRT-0035]   Complete via2 (guide).
[INFO DRT-0035]   Complete met3 (guide).
[INFO DRT-0035]   Complete via3 (guide).
[INFO DRT-0035]   Complete met4 (guide).
[INFO DRT-0035]   Complete via4 (guide).
[INFO DRT-0035]   Complete met5 (guide).
[INFO DRT-0036] FR_MASTERSLICE guide region query size = 0.
[INFO DRT-0036] FR_VIA guide region query size = 0.
[INFO DRT-0036] li1 guide region query size = 2583.
[INFO DRT-0036] mcon guide region query size = 0.
[INFO DRT-0036] met1 guide region query size = 2455.
[INFO DRT-0036] via guide region query size = 0.
[INFO DRT-0036] met2 guide region query size = 1390.
[INFO DRT-0036] via2 guide region query size = 0.
[INFO DRT-0036] met3 guide region query size = 310.
[INFO DRT-0036] via3 guide region query size = 0.
[INFO DRT-0036] met4 guide region query size = 152.
[INFO DRT-0036] via4 guide region query size = 0.
[INFO DRT-0036] met5 guide region query size = 6.
[INFO DRT-0179] Init gr pin query.
[INFO DRT-0267] cpu time = 00:00:00, elapsed time = 00:00:00, memory = 675.01 (MB), peak = 790.49 (MB)
[INFO DRT-0245] skipped writing guide updates to database.
[INFO DRT-0181] Start track assignment.
[INFO DRT-0184] Done with 4125 vertical wires in 3 frboxes and 2771 horizontal wires in 2 frboxes.
[INFO DRT-0186] Done with 547 vertical wires in 3 frboxes and 687 horizontal wires in 2 frboxes.
[INFO DRT-0182] Complete track assignment.
[INFO DRT-0267] cpu time = 00:00:02, elapsed time = 00:00:00, memory = 675.01 (MB), peak = 790.49 (MB)
[INFO DRT-0187] Start routing data preparation.
[INFO DRT-0267] cpu time = 00:00:00, elapsed time = 00:00:00, memory = 675.01 (MB), peak = 790.49 (MB)
[INFO DRT-0194] Start detail routing.
[INFO DRT-0195] Start 0th optimization iteration.
    Completing 10% with 0 violations.
    elapsed time = 00:00:00, memory = 675.01 (MB).
    Completing 20% with 0 violations.
    elapsed time = 00:00:00, memory = 686.76 (MB).
    Completing 30% with 8 violations.
    elapsed time = 00:00:00, memory = 686.76 (MB).
    Completing 40% with 8 violations.
    elapsed time = 00:00:01, memory = 686.76 (MB).
    Completing 50% with 8 violations.
    elapsed time = 00:00:01, memory = 686.76 (MB).
    Completing 60% with 13 violations.
    elapsed time = 00:00:01, memory = 686.76 (MB).
    Completing 70% with 13 violations.
    elapsed time = 00:00:02, memory = 686.76 (MB).
    Completing 80% with 13 violations.
    elapsed time = 00:00:02, memory = 686.76 (MB).
    Completing 90% with 13 violations.
    elapsed time = 00:00:02, memory = 686.76 (MB).
    Completing 100% with 17 violations.
    elapsed time = 00:00:03, memory = 686.76 (MB).
[INFO DRT-0199]   Number of violations = 24.
Viol/Layer        met1   met2   met3
Metal Spacing        4      1      0
Min Hole             1      0      0
Recheck              2      2      3
Short                4      1      6
[INFO DRT-0267] cpu time = 00:00:10, elapsed time = 00:00:03, memory = 807.37 (MB), peak = 807.04 (MB)
Total wire length = 80275 um.
Total wire length on LAYER li1 = 0 um.
Total wire length on LAYER met1 = 21840 um.
Total wire length on LAYER met2 = 44611 um.
Total wire length on LAYER met3 = 7053 um.
Total wire length on LAYER met4 = 6685 um.
Total wire length on LAYER met5 = 85 um.
Total number of vias = 6709.
Up-via summary (total 6709):

-----------------------
 FR_MASTERSLICE       0
            li1    2917
           met1    3180
           met2     388
           met3     212
           met4      12
-----------------------
               6709


[INFO DRT-0195] Start 1st optimization iteration.
    Completing 10% with 24 violations.
    elapsed time = 00:00:00, memory = 807.37 (MB).
    Completing 20% with 24 violations.
    elapsed time = 00:00:00, memory = 807.37 (MB).
    Completing 30% with 21 violations.
    elapsed time = 00:00:00, memory = 807.37 (MB).
    Completing 40% with 21 violations.
    elapsed time = 00:00:01, memory = 807.37 (MB).
    Completing 50% with 21 violations.
    elapsed time = 00:00:01, memory = 807.37 (MB).
    Completing 60% with 13 violations.
    elapsed time = 00:00:01, memory = 683.89 (MB).
    Completing 70% with 13 violations.
    elapsed time = 00:00:01, memory = 683.89 (MB).
    Completing 80% with 10 violations.
    elapsed time = 00:00:02, memory = 683.89 (MB).
    Completing 90% with 10 violations.
    elapsed time = 00:00:01, memory = 684.46 (MB).
    Completing 100% with 2 violations.
    elapsed time = 00:00:01, memory = 684.46 (MB).
[INFO DRT-0199]   Number of violations = 2.
Viol/Layer        met1
Short                2
[INFO DRT-0267] cpu time = 00:00:09, elapsed time = 00:00:02, memory = 807.92 (MB), peak = 807.48 (MB)
Total wire length = 80279 um.
Total wire length on LAYER li1 = 0 um.
Total wire length on LAYER met1 = 21838 um.
Total wire length on LAYER met2 = 44612 um.
Total wire length on LAYER met3 = 7052 um.
Total wire length on LAYER met4 = 6691 um.
Total wire length on LAYER met5 = 85 um.
Total number of vias = 6707.
Up-via summary (total 6707):

-----------------------
 FR_MASTERSLICE       0
            li1    2917
           met1    3178
           met2     388
           met3     212
           met4      12
-----------------------
               6707


[INFO DRT-0195] Start 2nd optimization iteration.
    Completing 10% with 2 violations.
    elapsed time = 00:00:00, memory = 807.92 (MB).
    Completing 20% with 2 violations.
    elapsed time = 00:00:00, memory = 807.92 (MB).
    Completing 30% with 2 violations.
    elapsed time = 00:00:00, memory = 807.92 (MB).
    Completing 40% with 2 violations.
    elapsed time = 00:00:00, memory = 807.92 (MB).
    Completing 50% with 2 violations.
    elapsed time = 00:00:00, memory = 807.92 (MB).
    Completing 60% with 2 violations.
    elapsed time = 00:00:00, memory = 807.92 (MB).
    Completing 70% with 2 violations.
    elapsed time = 00:00:00, memory = 807.92 (MB).
    Completing 80% with 2 violations.
    elapsed time = 00:00:00, memory = 807.92 (MB).
    Completing 90% with 2 violations.
    elapsed time = 00:00:00, memory = 807.92 (MB).
    Completing 100% with 2 violations.
    elapsed time = 00:00:00, memory = 807.92 (MB).
[INFO DRT-0199]   Number of violations = 2.
Viol/Layer        met1
Short                2
[INFO DRT-0267] cpu time = 00:00:00, elapsed time = 00:00:00, memory = 684.46 (MB), peak = 807.48 (MB)
Total wire length = 80276 um.
Total wire length on LAYER li1 = 0 um.
Total wire length on LAYER met1 = 21836 um.
Total wire length on LAYER met2 = 44610 um.
Total wire length on LAYER met3 = 7052 um.
Total wire length on LAYER met4 = 6691 um.
Total wire length on LAYER met5 = 85 um.
Total number of vias = 6708.
Up-via summary (total 6708):

-----------------------
 FR_MASTERSLICE       0
            li1    2917
           met1    3179
           met2     388
           met3     212
           met4      12
-----------------------
               6708


[INFO DRT-0195] Start 3rd guides tiles iteration.
    Completing 30% with 2 violations.
    elapsed time = 00:00:00, memory = 684.46 (MB).
    Completing 60% with 2 violations.
    elapsed time = 00:00:00, memory = 684.46 (MB).
    Completing 100% with 0 violations.
    elapsed time = 00:00:00, memory = 684.46 (MB).
[INFO DRT-0199]   Number of violations = 0.
[INFO DRT-0267] cpu time = 00:00:00, elapsed time = 00:00:00, memory = 807.92 (MB), peak = 807.48 (MB)
Total wire length = 80275 um.
Total wire length on LAYER li1 = 0 um.
Total wire length on LAYER met1 = 21741 um.
Total wire length on LAYER met2 = 44606 um.
Total wire length on LAYER met3 = 7144 um.
Total wire length on LAYER met4 = 6696 um.
Total wire length on LAYER met5 = 85 um.
Total number of vias = 6710.
Up-via summary (total 6710):

-----------------------
 FR_MASTERSLICE       0
            li1    2916
           met1    3180
           met2     389
           met3     213
           met4      12
-----------------------
               6710


[INFO DRT-0198] Complete detail routing.
Total wire length = 80275 um.
Total wire length on LAYER li1 = 0 um.
Total wire length on LAYER met1 = 21741 um.
Total wire length on LAYER met2 = 44606 um.
Total wire length on LAYER met3 = 7144 um.
Total wire length on LAYER met4 = 6696 um.
Total wire length on LAYER met5 = 85 um.
Total number of vias = 6710.
Up-via summary (total 6710):

-----------------------
 FR_MASTERSLICE       0
            li1    2916
           met1    3180
           met2     389
           met3     213
           met4      12
-----------------------
               6710


[INFO DRT-0267] cpu time = 00:00:20, elapsed time = 00:00:06, memory = 807.92 (MB), peak = 807.48 (MB)

[INFO DRT-0180] Post processing.
[INFO DRT-0501] Runtime: 26.42s
[INFO ANT-0002] Found 0 net violations.
[INFO ANT-0001] Found 0 pin violations.
[INFO ANT-0002] Found 0 net violations.
[INFO ANT-0001] Found 0 pin violations.
Design area 275894 um^2 45% utilization.
write_db /work/campaigns/iscas_sustainability_extension/memory_compiler/gate3_attempt09_sram22_residual_interface_drv_and_provenance_closure/raw/openroad/work/results/sky130hd/attempt09_e0/seed19/5_2_route.odb
Elapsed time: 1:56.55[h:]min:sec. CPU time: user 305.66 sys 2.46 (264%). Peak memory: 831272KB.
Log                       Ext     Elapsed/s Peak Memory/MB sha1sum result [0:20)
5_2_route                 .odb          116            811 78e264bbe6de9651c693
