
==========================================================================
global route report_tns
--------------------------------------------------------------------------
tns max 0.00

==========================================================================
global route report_wns
--------------------------------------------------------------------------
wns max 0.00

==========================================================================
global route report_worst_slack
--------------------------------------------------------------------------
worst slack max 3.83

==========================================================================
global route report_clock_min_period
--------------------------------------------------------------------------
core_clk period_min = 6.17 fmax = 162.02

==========================================================================
global route report_clock_skew
--------------------------------------------------------------------------
Clock core_clk
No launch/capture paths found.


==========================================================================
global route report_checks -path_delay min
--------------------------------------------------------------------------
Startpoint: rstb (input port clocked by core_clk)
Endpoint: u_data (rising edge-triggered flip-flop clocked by core_clk)
Path Group: core_clk
Path Type: min

Fanout     Cap    Slew   Delay    Time   Description
-----------------------------------------------------------------------------
                          0.00    0.00   clock core_clk (rise edge)
                          0.00    0.00   clock network delay (propagated)
                          1.00    1.00 v input external delay
     1    0.01    0.00    0.00    1.00 v rstb (in)
                                         rstb (net)
                  0.00    0.00    1.00 v hold154/A (sky130_fd_sc_hd__dlygate4sd3_1)
     1    0.01    0.07    0.56    1.56 v hold154/X (sky130_fd_sc_hd__dlygate4sd3_1)
                                         net153 (net)
                  0.07    0.00    1.56 v hold151/A (sky130_fd_sc_hd__dlygate4sd3_1)
     1    0.00    0.06    0.57    2.13 v hold151/X (sky130_fd_sc_hd__dlygate4sd3_1)
                                         net150 (net)
                  0.06    0.00    2.13 v hold155/A (sky130_fd_sc_hd__dlygate4sd3_1)
     1    0.01    0.11    0.62    2.75 v hold155/X (sky130_fd_sc_hd__dlygate4sd3_1)
                                         net154 (net)
                  0.11    0.00    2.75 v input84/A (sky130_fd_sc_hd__buf_12)
     1    0.00    0.02    0.14    2.89 v input84/X (sky130_fd_sc_hd__buf_12)
                                         net83 (net)
                  0.02    0.00    2.89 v hold156/A (sky130_fd_sc_hd__dlygate4sd3_1)
     1    0.01    0.07    0.56    3.45 v hold156/X (sky130_fd_sc_hd__dlygate4sd3_1)
                                         net155 (net)
                  0.07    0.00    3.45 v hold152/A (sky130_fd_sc_hd__dlygate4sd3_1)
     1    0.00    0.06    0.57    4.03 v hold152/X (sky130_fd_sc_hd__dlygate4sd3_1)
                                         net151 (net)
                  0.06    0.00    4.03 v hold157/A (sky130_fd_sc_hd__dlygate4sd3_1)
     1    0.02    0.12    0.64    4.67 v hold157/X (sky130_fd_sc_hd__dlygate4sd3_1)
                                         net156 (net)
                  0.12    0.00    4.67 v wire150/A (sky130_fd_sc_hd__buf_16)
     1    0.00    0.02    0.15    4.82 v wire150/X (sky130_fd_sc_hd__buf_16)
                                         net149 (net)
                  0.02    0.00    4.82 v hold158/A (sky130_fd_sc_hd__dlygate4sd3_1)
     1    0.01    0.11    0.61    5.43 v hold158/X (sky130_fd_sc_hd__dlygate4sd3_1)
                                         net157 (net)
                  0.11    0.00    5.43 v hold153/A (sky130_fd_sc_hd__buf_16)
     1    0.08    0.06    0.18    5.61 v hold153/X (sky130_fd_sc_hd__buf_16)
                                         net152 (net)
                  0.08    0.00    5.62 v u_data/rstb (sram22_256x64m4w8)
                                  5.62   data arrival time

                          0.00    0.00   clock core_clk (rise edge)
                          0.00    0.00   clock source latency
     1    0.39    0.00    0.00    0.00 ^ clk (in)
                                         clk (net)
                  0.05    0.01    0.01 ^ u_data/clk (sram22_256x64m4w8)
                          0.10    0.11   clock uncertainty
                          0.00    0.11   clock reconvergence pessimism
                          4.87    4.99   library hold time
                                  4.99   data required time
-----------------------------------------------------------------------------
                                  4.99   data required time
                                 -5.62   data arrival time
-----------------------------------------------------------------------------
                                  0.63   slack (MET)



==========================================================================
global route report_checks -path_delay max
--------------------------------------------------------------------------
Startpoint: rstb (input port clocked by core_clk)
Endpoint: u_data (rising edge-triggered flip-flop clocked by core_clk)
Path Group: core_clk
Path Type: max

Fanout     Cap    Slew   Delay    Time   Description
-----------------------------------------------------------------------------
                          0.00    0.00   clock core_clk (rise edge)
                          0.00    0.00   clock network delay (propagated)
                          1.00    1.00 ^ input external delay
     1    0.01    0.00    0.00    1.00 ^ rstb (in)
                                         rstb (net)
                  0.00    0.00    1.00 ^ hold154/A (sky130_fd_sc_hd__dlygate4sd3_1)
     1    0.01    0.09    0.55    1.55 ^ hold154/X (sky130_fd_sc_hd__dlygate4sd3_1)
                                         net153 (net)
                  0.09    0.00    1.55 ^ hold151/A (sky130_fd_sc_hd__dlygate4sd3_1)
     1    0.00    0.07    0.56    2.11 ^ hold151/X (sky130_fd_sc_hd__dlygate4sd3_1)
                                         net150 (net)
                  0.07    0.00    2.11 ^ hold155/A (sky130_fd_sc_hd__dlygate4sd3_1)
     1    0.02    0.16    0.63    2.75 ^ hold155/X (sky130_fd_sc_hd__dlygate4sd3_1)
                                         net154 (net)
                  0.16    0.00    2.75 ^ input84/A (sky130_fd_sc_hd__buf_12)
     1    0.00    0.02    0.11    2.86 ^ input84/X (sky130_fd_sc_hd__buf_12)
                                         net83 (net)
                  0.02    0.00    2.86 ^ hold156/A (sky130_fd_sc_hd__dlygate4sd3_1)
     1    0.01    0.08    0.55    3.42 ^ hold156/X (sky130_fd_sc_hd__dlygate4sd3_1)
                                         net155 (net)
                  0.08    0.00    3.42 ^ hold152/A (sky130_fd_sc_hd__dlygate4sd3_1)
     1    0.00    0.07    0.56    3.98 ^ hold152/X (sky130_fd_sc_hd__dlygate4sd3_1)
                                         net151 (net)
                  0.07    0.00    3.98 ^ hold157/A (sky130_fd_sc_hd__dlygate4sd3_1)
     1    0.02    0.20    0.66    4.64 ^ hold157/X (sky130_fd_sc_hd__dlygate4sd3_1)
                                         net156 (net)
                  0.20    0.00    4.64 ^ wire150/A (sky130_fd_sc_hd__buf_16)
     1    0.00    0.03    0.13    4.77 ^ wire150/X (sky130_fd_sc_hd__buf_16)
                                         net149 (net)
                  0.03    0.00    4.77 ^ hold158/A (sky130_fd_sc_hd__dlygate4sd3_1)
     1    0.02    0.17    0.63    5.40 ^ hold158/X (sky130_fd_sc_hd__dlygate4sd3_1)
                                         net157 (net)
                  0.17    0.00    5.40 ^ hold153/A (sky130_fd_sc_hd__buf_16)
     1    0.45    0.47    0.42    5.81 ^ hold153/X (sky130_fd_sc_hd__buf_16)
                                         net152 (net)
                  0.62    0.02    5.84 ^ u_data/rstb (sram22_256x64m4w8)
                                  5.84   data arrival time

                         10.00   10.00   clock core_clk (rise edge)
                          0.00   10.00   clock source latency
     1    0.09    0.00    0.00   10.00 ^ clk (in)
                                         clk (net)
                  0.01    0.00   10.00 ^ u_data/clk (sram22_256x64m4w8)
                         -0.10    9.90   clock uncertainty
                          0.00    9.90   clock reconvergence pessimism
                         -0.24    9.66   library setup time
                                  9.66   data required time
-----------------------------------------------------------------------------
                                  9.66   data required time
                                 -5.84   data arrival time
-----------------------------------------------------------------------------
                                  3.83   slack (MET)



==========================================================================
global route report_checks -unconstrained
--------------------------------------------------------------------------
Startpoint: rstb (input port clocked by core_clk)
Endpoint: u_data (rising edge-triggered flip-flop clocked by core_clk)
Path Group: core_clk
Path Type: max

Fanout     Cap    Slew   Delay    Time   Description
-----------------------------------------------------------------------------
                          0.00    0.00   clock core_clk (rise edge)
                          0.00    0.00   clock network delay (propagated)
                          1.00    1.00 ^ input external delay
     1    0.01    0.00    0.00    1.00 ^ rstb (in)
                                         rstb (net)
                  0.00    0.00    1.00 ^ hold154/A (sky130_fd_sc_hd__dlygate4sd3_1)
     1    0.01    0.09    0.55    1.55 ^ hold154/X (sky130_fd_sc_hd__dlygate4sd3_1)
                                         net153 (net)
                  0.09    0.00    1.55 ^ hold151/A (sky130_fd_sc_hd__dlygate4sd3_1)
     1    0.00    0.07    0.56    2.11 ^ hold151/X (sky130_fd_sc_hd__dlygate4sd3_1)
                                         net150 (net)
                  0.07    0.00    2.11 ^ hold155/A (sky130_fd_sc_hd__dlygate4sd3_1)
     1    0.02    0.16    0.63    2.75 ^ hold155/X (sky130_fd_sc_hd__dlygate4sd3_1)
                                         net154 (net)
                  0.16    0.00    2.75 ^ input84/A (sky130_fd_sc_hd__buf_12)
     1    0.00    0.02    0.11    2.86 ^ input84/X (sky130_fd_sc_hd__buf_12)
                                         net83 (net)
                  0.02    0.00    2.86 ^ hold156/A (sky130_fd_sc_hd__dlygate4sd3_1)
     1    0.01    0.08    0.55    3.42 ^ hold156/X (sky130_fd_sc_hd__dlygate4sd3_1)
                                         net155 (net)
                  0.08    0.00    3.42 ^ hold152/A (sky130_fd_sc_hd__dlygate4sd3_1)
     1    0.00    0.07    0.56    3.98 ^ hold152/X (sky130_fd_sc_hd__dlygate4sd3_1)
                                         net151 (net)
                  0.07    0.00    3.98 ^ hold157/A (sky130_fd_sc_hd__dlygate4sd3_1)
     1    0.02    0.20    0.66    4.64 ^ hold157/X (sky130_fd_sc_hd__dlygate4sd3_1)
                                         net156 (net)
                  0.20    0.00    4.64 ^ wire150/A (sky130_fd_sc_hd__buf_16)
     1    0.00    0.03    0.13    4.77 ^ wire150/X (sky130_fd_sc_hd__buf_16)
                                         net149 (net)
                  0.03    0.00    4.77 ^ hold158/A (sky130_fd_sc_hd__dlygate4sd3_1)
     1    0.02    0.17    0.63    5.40 ^ hold158/X (sky130_fd_sc_hd__dlygate4sd3_1)
                                         net157 (net)
                  0.17    0.00    5.40 ^ hold153/A (sky130_fd_sc_hd__buf_16)
     1    0.45    0.47    0.42    5.81 ^ hold153/X (sky130_fd_sc_hd__buf_16)
                                         net152 (net)
                  0.62    0.02    5.84 ^ u_data/rstb (sram22_256x64m4w8)
                                  5.84   data arrival time

                         10.00   10.00   clock core_clk (rise edge)
                          0.00   10.00   clock source latency
     1    0.09    0.00    0.00   10.00 ^ clk (in)
                                         clk (net)
                  0.01    0.00   10.00 ^ u_data/clk (sram22_256x64m4w8)
                         -0.10    9.90   clock uncertainty
                          0.00    9.90   clock reconvergence pessimism
                         -0.24    9.66   library setup time
                                  9.66   data required time
-----------------------------------------------------------------------------
                                  9.66   data required time
                                 -5.84   data arrival time
-----------------------------------------------------------------------------
                                  3.83   slack (MET)



==========================================================================
global route report_check_types -max_slew -max_cap -max_fanout -violators
--------------------------------------------------------------------------
max slew

Pin                                    Limit    Slew   Slack
------------------------------------------------------------
u_data/rstb                             0.35    0.62   -0.27 (VIOLATED)
u_data/dout[42]                         0.04    0.17   -0.13 (VIOLATED)
u_data/dout[8]                          0.04    0.17   -0.13 (VIOLATED)
u_data/dout[15]                         0.04    0.17   -0.13 (VIOLATED)
u_data/dout[6]                          0.04    0.17   -0.13 (VIOLATED)
u_data/dout[50]                         0.04    0.17   -0.13 (VIOLATED)
u_data/dout[59]                         0.04    0.17   -0.13 (VIOLATED)
u_data/dout[34]                         0.04    0.17   -0.13 (VIOLATED)
u_data/dout[51]                         0.04    0.17   -0.13 (VIOLATED)
u_data/dout[33]                         0.04    0.17   -0.13 (VIOLATED)
u_data/dout[24]                         0.04    0.17   -0.13 (VIOLATED)
u_data/dout[23]                         0.04    0.17   -0.13 (VIOLATED)
u_data/dout[40]                         0.04    0.17   -0.13 (VIOLATED)
u_data/dout[26]                         0.04    0.17   -0.13 (VIOLATED)
u_data/dout[60]                         0.04    0.17   -0.13 (VIOLATED)
u_data/dout[16]                         0.04    0.17   -0.13 (VIOLATED)
u_data/dout[58]                         0.04    0.17   -0.13 (VIOLATED)
u_data/dout[25]                         0.04    0.16   -0.12 (VIOLATED)
u_data/dout[11]                         0.04    0.16   -0.12 (VIOLATED)
u_data/dout[17]                         0.04    0.16   -0.12 (VIOLATED)
u_data/dout[41]                         0.04    0.16   -0.12 (VIOLATED)
u_data/dout[22]                         0.04    0.16   -0.12 (VIOLATED)
u_data/dout[7]                          0.04    0.16   -0.12 (VIOLATED)
u_data/dout[39]                         0.04    0.16   -0.12 (VIOLATED)
u_data/dout[18]                         0.04    0.16   -0.12 (VIOLATED)
u_data/dout[13]                         0.04    0.16   -0.12 (VIOLATED)
u_data/dout[31]                         0.04    0.16   -0.12 (VIOLATED)
u_data/dout[56]                         0.04    0.16   -0.12 (VIOLATED)
u_data/dout[47]                         0.04    0.16   -0.12 (VIOLATED)
u_data/dout[5]                          0.04    0.16   -0.12 (VIOLATED)
u_data/dout[52]                         0.04    0.16   -0.12 (VIOLATED)
u_data/dout[21]                         0.04    0.16   -0.12 (VIOLATED)
u_data/dout[4]                          0.04    0.16   -0.12 (VIOLATED)
u_data/dout[10]                         0.04    0.16   -0.12 (VIOLATED)
u_data/dout[19]                         0.04    0.16   -0.12 (VIOLATED)
u_data/dout[43]                         0.04    0.16   -0.12 (VIOLATED)
u_data/dout[29]                         0.04    0.16   -0.12 (VIOLATED)
u_data/dout[63]                         0.04    0.16   -0.12 (VIOLATED)
u_data/dout[0]                          0.04    0.16   -0.12 (VIOLATED)
u_data/dout[1]                          0.04    0.16   -0.12 (VIOLATED)
u_data/dout[30]                         0.04    0.16   -0.12 (VIOLATED)
u_data/dout[36]                         0.04    0.16   -0.12 (VIOLATED)
u_data/dout[45]                         0.04    0.16   -0.12 (VIOLATED)
u_data/dout[38]                         0.04    0.16   -0.12 (VIOLATED)
u_data/dout[55]                         0.04    0.16   -0.12 (VIOLATED)
u_data/dout[9]                          0.04    0.16   -0.12 (VIOLATED)
u_data/dout[35]                         0.04    0.16   -0.12 (VIOLATED)
u_data/dout[61]                         0.04    0.16   -0.12 (VIOLATED)
u_data/dout[14]                         0.04    0.16   -0.12 (VIOLATED)
u_data/dout[57]                         0.04    0.16   -0.12 (VIOLATED)
u_data/dout[32]                         0.04    0.16   -0.12 (VIOLATED)
u_data/dout[48]                         0.04    0.16   -0.12 (VIOLATED)
u_data/dout[49]                         0.04    0.16   -0.12 (VIOLATED)
u_data/dout[62]                         0.04    0.16   -0.12 (VIOLATED)
u_data/dout[2]                          0.04    0.16   -0.12 (VIOLATED)
u_data/dout[37]                         0.04    0.16   -0.12 (VIOLATED)
u_data/dout[28]                         0.04    0.16   -0.12 (VIOLATED)
u_data/dout[46]                         0.04    0.16   -0.12 (VIOLATED)
u_data/dout[3]                          0.04    0.16   -0.12 (VIOLATED)
u_data/dout[27]                         0.04    0.16   -0.12 (VIOLATED)
u_data/dout[44]                         0.04    0.16   -0.12 (VIOLATED)
u_data/dout[53]                         0.04    0.16   -0.12 (VIOLATED)
u_data/dout[54]                         0.04    0.16   -0.12 (VIOLATED)
u_data/dout[20]                         0.04    0.15   -0.11 (VIOLATED)
u_data/dout[12]                         0.04    0.15   -0.11 (VIOLATED)


==========================================================================
global route max_slew_check_slack
--------------------------------------------------------------------------
-0.27242031693458557

==========================================================================
global route max_slew_check_limit
--------------------------------------------------------------------------
0.35100001096725464

==========================================================================
global route max_slew_check_slack_limit
--------------------------------------------------------------------------
-0.7761

==========================================================================
global route max_fanout_check_slack
--------------------------------------------------------------------------
1.0000000150474662e+30

==========================================================================
global route max_fanout_check_limit
--------------------------------------------------------------------------
1.0000000150474662e+30

==========================================================================
global route max_capacitance_check_slack
--------------------------------------------------------------------------
0.12169436365365982

==========================================================================
global route max_capacitance_check_limit
--------------------------------------------------------------------------
0.15656499564647675

==========================================================================
global route max_capacitance_check_slack_limit
--------------------------------------------------------------------------
0.7773

==========================================================================
global route max_slew_violation_count
--------------------------------------------------------------------------
max slew violation count 65

==========================================================================
global route max_fanout_violation_count
--------------------------------------------------------------------------
max fanout violation count 0

==========================================================================
global route max_cap_violation_count
--------------------------------------------------------------------------
max cap violation count 0

==========================================================================
global route setup_violation_count
--------------------------------------------------------------------------
setup violation count 0

==========================================================================
global route hold_violation_count
--------------------------------------------------------------------------
hold violation count 0

==========================================================================
global route report_checks -path_delay max reg to reg
--------------------------------------------------------------------------
No paths found.

==========================================================================
global route report_checks -path_delay min reg to reg
--------------------------------------------------------------------------
No paths found.

==========================================================================
global route critical path target clock latency max path
--------------------------------------------------------------------------
0.0023

==========================================================================
global route critical path target clock latency min path
--------------------------------------------------------------------------
0.0112

==========================================================================
global route critical path source clock latency min path
--------------------------------------------------------------------------
0.0000

==========================================================================
global route critical path delay
--------------------------------------------------------------------------
5.8360

==========================================================================
global route critical path slack
--------------------------------------------------------------------------
3.8280

==========================================================================
global route slack div critical path delay
--------------------------------------------------------------------------
65.592872

==========================================================================
global route report_power
--------------------------------------------------------------------------
Group                  Internal  Switching    Leakage      Total
                          Power      Power      Power      Power (Watts)
----------------------------------------------------------------
Sequential             0.00e+00   0.00e+00   0.00e+00   0.00e+00   0.0%
Combinational          3.04e-05   3.39e-05   6.03e-10   6.43e-05   8.0%
Clock                  0.00e+00   0.00e+00   0.00e+00   0.00e+00   0.0%
Macro                  7.40e-04   0.00e+00   6.42e-07   7.40e-04  92.0%
Pad                    0.00e+00   0.00e+00   0.00e+00   0.00e+00   0.0%
----------------------------------------------------------------
Total                  7.70e-04   3.39e-05   6.43e-07   8.05e-04 100.0%
                          95.7%       4.2%       0.1%
