OpenROAD 26Q3-1080-gab6fd26351 
Features included (+) or not (-): +GPU +GUI +Python
This program is licensed under the BSD-3 license. See the LICENSE file for details.
Components of this program may be licensed under more restrictive licenses which must be honored.
[INFO ORD-0030] Using 4 thread(s).
read_liberty /OpenROAD-flow-scripts/flow/platforms/sky130hd/lib/sky130_fd_sc_hd__tt_025C_1v80.lib
read_liberty /work/campaigns/iscas_sustainability_extension/memory_compiler/gate3_attempt09_sram22_residual_interface_drv_and_provenance_closure/source_checkout/sram22_256x64m4w8/sram22_256x64m4w8_tt_025C_1v80.lib
read_liberty /work/campaigns/iscas_sustainability_extension/memory_compiler/gate3_attempt09_sram22_residual_interface_drv_and_provenance_closure/source_checkout/sram22_256x8m8w1/sram22_256x8m8w1_tt_025C_1v80.lib
read_db /work/campaigns/iscas_sustainability_extension/memory_compiler/gate3_attempt09_sram22_residual_interface_drv_and_provenance_closure/raw/openroad/work/results/sky130hd/attempt09_e0/seed11/5_1_grt.odb
read_sdc /work/campaigns/iscas_sustainability_extension/memory_compiler/gate3_attempt09_sram22_residual_interface_drv_and_provenance_closure/raw/openroad/work/results/sky130hd/attempt09_e0/seed11/5_1_grt.sdc
source /OpenROAD-flow-scripts/flow/platforms/sky130hd/setRC.tcl
detailed_route -output_drc /work/campaigns/iscas_sustainability_extension/memory_compiler/gate3_attempt09_sram22_residual_interface_drv_and_provenance_closure/raw/openroad/work/reports/sky130hd/attempt09_e0/seed11/5_route_drc.rpt -output_maze /work/campaigns/iscas_sustainability_extension/memory_compiler/gate3_attempt09_sram22_residual_interface_drv_and_provenance_closure/raw/openroad/work/results/sky130hd/attempt09_e0/seed11/maze.log -droute_end_iter 64 -verbose 1 -drc_report_iter_step 5
[INFO DRT-0149] Reading tech and libs.
[WARNING DRT-0349] LEF58_ENCLOSURE with no CUTCLASS is not supported. Skipping for layer mcon
[WARNING DRT-0349] LEF58_ENCLOSURE with no CUTCLASS is not supported. Skipping for layer mcon
[WARNING DRT-0349] LEF58_ENCLOSURE with no CUTCLASS is not supported. Skipping for layer via
[WARNING DRT-0349] LEF58_ENCLOSURE with no CUTCLASS is not supported. Skipping for layer via
[WARNING DRT-0349] LEF58_ENCLOSURE with no CUTCLASS is not supported. Skipping for layer via2
[WARNING DRT-0349] LEF58_ENCLOSURE with no CUTCLASS is not supported. Skipping for layer via2
[WARNING DRT-0349] LEF58_ENCLOSURE with no CUTCLASS is not supported. Skipping for layer via3
[WARNING DRT-0349] LEF58_ENCLOSURE with no CUTCLASS is not supported. Skipping for layer via3
[WARNING DRT-0349] LEF58_ENCLOSURE with no CUTCLASS is not supported. Skipping for layer via4
[WARNING DRT-0349] LEF58_ENCLOSURE with no CUTCLASS is not supported. Skipping for layer via4

Units:                1000
Number of layers:     13
Number of macros:     443
Number of vias:       130
Number of viarulegen: 25

[INFO DRT-0150] Reading design.

Design:                   e0_sram22_top
Die area:                 ( 0 0 ) ( 1000000 650000 )
Number of track patterns: 12
Number of DEF vias:       0
Number of components:     5860
Number of terminals:      144
Number of snets:          2
Number of nets:           1243

[WARNING DRT-0419] No routing tracks pass through the center of Term u_protected_memory.u_data/dout[0]
[WARNING DRT-0419] No routing tracks pass through the center of Term u_protected_memory.u_data/dout[1]
[WARNING DRT-0419] No routing tracks pass through the center of Term u_protected_memory.u_data/dout[2]
[WARNING DRT-0419] No routing tracks pass through the center of Term u_protected_memory.u_data/dout[3]
[WARNING DRT-0419] No routing tracks pass through the center of Term u_protected_memory.u_data/dout[4]
[WARNING DRT-0419] No routing tracks pass through the center of Term u_protected_memory.u_data/dout[5]
[WARNING DRT-0419] No routing tracks pass through the center of Term u_protected_memory.u_data/dout[6]
[WARNING DRT-0419] No routing tracks pass through the center of Term u_protected_memory.u_data/dout[7]
[WARNING DRT-0419] No routing tracks pass through the center of Term u_protected_memory.u_data/dout[8]
[WARNING DRT-0419] No routing tracks pass through the center of Term u_protected_memory.u_data/dout[9]
[WARNING DRT-0419] No routing tracks pass through the center of Term u_protected_memory.u_data/dout[10]
[WARNING DRT-0419] No routing tracks pass through the center of Term u_protected_memory.u_data/dout[11]
[WARNING DRT-0419] No routing tracks pass through the center of Term u_protected_memory.u_data/dout[12]
[WARNING DRT-0419] No routing tracks pass through the center of Term u_protected_memory.u_data/dout[13]
[WARNING DRT-0419] No routing tracks pass through the center of Term u_protected_memory.u_data/dout[14]
[WARNING DRT-0419] No routing tracks pass through the center of Term u_protected_memory.u_data/dout[15]
[WARNING DRT-0419] No routing tracks pass through the center of Term u_protected_memory.u_data/dout[16]
[WARNING DRT-0419] No routing tracks pass through the center of Term u_protected_memory.u_data/dout[17]
[WARNING DRT-0419] No routing tracks pass through the center of Term u_protected_memory.u_data/dout[18]
[WARNING DRT-0419] No routing tracks pass through the center of Term u_protected_memory.u_data/dout[19]
[WARNING DRT-0419] No routing tracks pass through the center of Term u_protected_memory.u_data/dout[20]
[WARNING DRT-0419] No routing tracks pass through the center of Term u_protected_memory.u_data/dout[21]
[WARNING DRT-0419] No routing tracks pass through the center of Term u_protected_memory.u_data/dout[22]
[WARNING DRT-0419] No routing tracks pass through the center of Term u_protected_memory.u_data/dout[23]
[WARNING DRT-0419] No routing tracks pass through the center of Term u_protected_memory.u_data/dout[24]
[WARNING DRT-0419] No routing tracks pass through the center of Term u_protected_memory.u_data/dout[25]
[WARNING DRT-0419] No routing tracks pass through the center of Term u_protected_memory.u_data/dout[26]
[WARNING DRT-0419] No routing tracks pass through the center of Term u_protected_memory.u_data/dout[27]
[WARNING DRT-0419] No routing tracks pass through the center of Term u_protected_memory.u_data/dout[28]
[WARNING DRT-0419] No routing tracks pass through the center of Term u_protected_memory.u_data/dout[29]
[WARNING DRT-0419] No routing tracks pass through the center of Term u_protected_memory.u_data/dout[30]
[WARNING DRT-0419] No routing tracks pass through the center of Term u_protected_memory.u_data/dout[31]
[WARNING DRT-0419] No routing tracks pass through the center of Term u_protected_memory.u_data/dout[32]
[WARNING DRT-0419] No routing tracks pass through the center of Term u_protected_memory.u_data/dout[33]
[WARNING DRT-0419] No routing tracks pass through the center of Term u_protected_memory.u_data/dout[34]
[WARNING DRT-0419] No routing tracks pass through the center of Term u_protected_memory.u_data/dout[35]
[WARNING DRT-0419] No routing tracks pass through the center of Term u_protected_memory.u_data/dout[36]
[WARNING DRT-0419] No routing tracks pass through the center of Term u_protected_memory.u_data/dout[37]
[WARNING DRT-0419] No routing tracks pass through the center of Term u_protected_memory.u_data/dout[38]
[WARNING DRT-0419] No routing tracks pass through the center of Term u_protected_memory.u_data/dout[39]
[WARNING DRT-0419] No routing tracks pass through the center of Term u_protected_memory.u_data/dout[40]
[WARNING DRT-0419] No routing tracks pass through the center of Term u_protected_memory.u_data/dout[41]
[WARNING DRT-0419] No routing tracks pass through the center of Term u_protected_memory.u_data/dout[42]
[WARNING DRT-0419] No routing tracks pass through the center of Term u_protected_memory.u_data/dout[43]
[WARNING DRT-0419] No routing tracks pass through the center of Term u_protected_memory.u_data/dout[44]
[WARNING DRT-0419] No routing tracks pass through the center of Term u_protected_memory.u_data/dout[45]
[WARNING DRT-0419] No routing tracks pass through the center of Term u_protected_memory.u_data/dout[46]
[WARNING DRT-0419] No routing tracks pass through the center of Term u_protected_memory.u_data/dout[47]
[WARNING DRT-0419] No routing tracks pass through the center of Term u_protected_memory.u_data/dout[48]
[WARNING DRT-0419] No routing tracks pass through the center of Term u_protected_memory.u_data/dout[49]
[WARNING DRT-0419] No routing tracks pass through the center of Term u_protected_memory.u_data/dout[50]
[WARNING DRT-0419] No routing tracks pass through the center of Term u_protected_memory.u_data/dout[51]
[WARNING DRT-0419] No routing tracks pass through the center of Term u_protected_memory.u_data/dout[52]
[WARNING DRT-0419] No routing tracks pass through the center of Term u_protected_memory.u_data/dout[53]
[WARNING DRT-0419] No routing tracks pass through the center of Term u_protected_memory.u_data/dout[54]
[WARNING DRT-0419] No routing tracks pass through the center of Term u_protected_memory.u_data/dout[55]
[WARNING DRT-0419] No routing tracks pass through the center of Term u_protected_memory.u_data/dout[56]
[WARNING DRT-0419] No routing tracks pass through the center of Term u_protected_memory.u_data/dout[57]
[WARNING DRT-0419] No routing tracks pass through the center of Term u_protected_memory.u_data/dout[58]
[WARNING DRT-0419] No routing tracks pass through the center of Term u_protected_memory.u_data/dout[59]
[WARNING DRT-0419] No routing tracks pass through the center of Term u_protected_memory.u_data/dout[60]
[WARNING DRT-0419] No routing tracks pass through the center of Term u_protected_memory.u_data/dout[61]
[WARNING DRT-0419] No routing tracks pass through the center of Term u_protected_memory.u_data/dout[62]
[WARNING DRT-0419] No routing tracks pass through the center of Term u_protected_memory.u_data/dout[63]
[WARNING DRT-0419] No routing tracks pass through the center of Term u_protected_memory.u_data/din[0]
[WARNING DRT-0419] No routing tracks pass through the center of Term u_protected_memory.u_data/din[1]
[WARNING DRT-0419] No routing tracks pass through the center of Term u_protected_memory.u_data/din[2]
[WARNING DRT-0419] No routing tracks pass through the center of Term u_protected_memory.u_data/din[3]
[WARNING DRT-0419] No routing tracks pass through the center of Term u_protected_memory.u_data/din[4]
[WARNING DRT-0419] No routing tracks pass through the center of Term u_protected_memory.u_data/din[5]
[WARNING DRT-0419] No routing tracks pass through the center of Term u_protected_memory.u_data/din[6]
[WARNING DRT-0419] No routing tracks pass through the center of Term u_protected_memory.u_data/din[7]
[WARNING DRT-0419] No routing tracks pass through the center of Term u_protected_memory.u_data/din[8]
[WARNING DRT-0419] No routing tracks pass through the center of Term u_protected_memory.u_data/din[9]
[WARNING DRT-0419] No routing tracks pass through the center of Term u_protected_memory.u_data/din[10]
[WARNING DRT-0419] No routing tracks pass through the center of Term u_protected_memory.u_data/din[11]
[WARNING DRT-0419] No routing tracks pass through the center of Term u_protected_memory.u_data/din[12]
[WARNING DRT-0419] No routing tracks pass through the center of Term u_protected_memory.u_data/din[13]
[WARNING DRT-0419] No routing tracks pass through the center of Term u_protected_memory.u_data/din[14]
[WARNING DRT-0419] No routing tracks pass through the center of Term u_protected_memory.u_data/din[15]
[WARNING DRT-0419] No routing tracks pass through the center of Term u_protected_memory.u_data/din[16]
[WARNING DRT-0419] No routing tracks pass through the center of Term u_protected_memory.u_data/din[17]
[WARNING DRT-0419] No routing tracks pass through the center of Term u_protected_memory.u_data/din[18]
[WARNING DRT-0419] No routing tracks pass through the center of Term u_protected_memory.u_data/din[19]
[WARNING DRT-0419] No routing tracks pass through the center of Term u_protected_memory.u_data/din[20]
[WARNING DRT-0419] No routing tracks pass through the center of Term u_protected_memory.u_data/din[21]
[WARNING DRT-0419] No routing tracks pass through the center of Term u_protected_memory.u_data/din[22]
[WARNING DRT-0419] No routing tracks pass through the center of Term u_protected_memory.u_data/din[23]
[WARNING DRT-0419] No routing tracks pass through the center of Term u_protected_memory.u_data/din[24]
[WARNING DRT-0419] No routing tracks pass through the center of Term u_protected_memory.u_data/din[25]
[WARNING DRT-0419] No routing tracks pass through the center of Term u_protected_memory.u_data/din[26]
[WARNING DRT-0419] No routing tracks pass through the center of Term u_protected_memory.u_data/din[27]
[WARNING DRT-0419] No routing tracks pass through the center of Term u_protected_memory.u_data/din[28]
[WARNING DRT-0419] No routing tracks pass through the center of Term u_protected_memory.u_data/din[29]
[WARNING DRT-0419] No routing tracks pass through the center of Term u_protected_memory.u_data/din[30]
[WARNING DRT-0419] No routing tracks pass through the center of Term u_protected_memory.u_data/din[31]
[WARNING DRT-0419] No routing tracks pass through the center of Term u_protected_memory.u_data/din[32]
[WARNING DRT-0419] No routing tracks pass through the center of Term u_protected_memory.u_data/din[33]
[WARNING DRT-0419] No routing tracks pass through the center of Term u_protected_memory.u_data/din[34]
[WARNING DRT-0419] No routing tracks pass through the center of Term u_protected_memory.u_data/din[35]
[WARNING DRT-0419] No routing tracks pass through the center of Term u_protected_memory.u_data/din[36]
[WARNING DRT-0419] No routing tracks pass through the center of Term u_protected_memory.u_data/din[37]
[WARNING DRT-0419] No routing tracks pass through the center of Term u_protected_memory.u_data/din[38]
[WARNING DRT-0419] No routing tracks pass through the center of Term u_protected_memory.u_data/din[39]
[WARNING DRT-0419] No routing tracks pass through the center of Term u_protected_memory.u_data/din[40]
[WARNING DRT-0419] No routing tracks pass through the center of Term u_protected_memory.u_data/din[41]
[WARNING DRT-0419] No routing tracks pass through the center of Term u_protected_memory.u_data/din[42]
[WARNING DRT-0419] No routing tracks pass through the center of Term u_protected_memory.u_data/din[43]
[WARNING DRT-0419] No routing tracks pass through the center of Term u_protected_memory.u_data/din[44]
[WARNING DRT-0419] No routing tracks pass through the center of Term u_protected_memory.u_data/din[45]
[WARNING DRT-0419] No routing tracks pass through the center of Term u_protected_memory.u_data/din[46]
[WARNING DRT-0419] No routing tracks pass through the center of Term u_protected_memory.u_data/din[47]
[WARNING DRT-0419] No routing tracks pass through the center of Term u_protected_memory.u_data/din[48]
[WARNING DRT-0419] No routing tracks pass through the center of Term u_protected_memory.u_data/din[49]
[WARNING DRT-0419] No routing tracks pass through the center of Term u_protected_memory.u_data/din[50]
[WARNING DRT-0419] No routing tracks pass through the center of Term u_protected_memory.u_data/din[51]
[WARNING DRT-0419] No routing tracks pass through the center of Term u_protected_memory.u_data/din[52]
[WARNING DRT-0419] No routing tracks pass through the center of Term u_protected_memory.u_data/din[53]
[WARNING DRT-0419] No routing tracks pass through the center of Term u_protected_memory.u_data/din[54]
[WARNING DRT-0419] No routing tracks pass through the center of Term u_protected_memory.u_data/din[55]
[WARNING DRT-0419] No routing tracks pass through the center of Term u_protected_memory.u_data/din[56]
[WARNING DRT-0419] No routing tracks pass through the center of Term u_protected_memory.u_data/din[57]
[WARNING DRT-0419] No routing tracks pass through the center of Term u_protected_memory.u_data/din[58]
[WARNING DRT-0419] No routing tracks pass through the center of Term u_protected_memory.u_data/din[59]
[WARNING DRT-0419] No routing tracks pass through the center of Term u_protected_memory.u_data/din[60]
[WARNING DRT-0419] No routing tracks pass through the center of Term u_protected_memory.u_data/din[61]
[WARNING DRT-0419] No routing tracks pass through the center of Term u_protected_memory.u_data/din[62]
[WARNING DRT-0419] No routing tracks pass through the center of Term u_protected_memory.u_data/din[63]
[WARNING DRT-0419] No routing tracks pass through the center of Term u_protected_memory.u_data/wmask[1]
[WARNING DRT-0419] No routing tracks pass through the center of Term u_protected_memory.u_data/wmask[2]
[WARNING DRT-0419] No routing tracks pass through the center of Term u_protected_memory.u_data/wmask[3]
[WARNING DRT-0419] No routing tracks pass through the center of Term u_protected_memory.u_data/wmask[4]
[WARNING DRT-0419] No routing tracks pass through the center of Term u_protected_memory.u_data/wmask[5]
[WARNING DRT-0419] No routing tracks pass through the center of Term u_protected_memory.u_data/wmask[6]
[WARNING DRT-0419] No routing tracks pass through the center of Term u_protected_memory.u_data/wmask[7]
[WARNING DRT-0418] Term u_protected_memory.u_ecc/dout[0] has no pins on routing grid
[WARNING DRT-0418] Term u_protected_memory.u_ecc/dout[1] has no pins on routing grid
[WARNING DRT-0418] Term u_protected_memory.u_ecc/dout[2] has no pins on routing grid
[WARNING DRT-0418] Term u_protected_memory.u_ecc/dout[3] has no pins on routing grid
[WARNING DRT-0418] Term u_protected_memory.u_ecc/dout[4] has no pins on routing grid
[WARNING DRT-0418] Term u_protected_memory.u_ecc/dout[5] has no pins on routing grid
[WARNING DRT-0418] Term u_protected_memory.u_ecc/dout[6] has no pins on routing grid
[WARNING DRT-0418] Term u_protected_memory.u_ecc/dout[7] has no pins on routing grid
[WARNING DRT-0419] No routing tracks pass through the center of Term u_protected_memory.u_ecc/din[0]
[WARNING DRT-0419] No routing tracks pass through the center of Term u_protected_memory.u_ecc/din[1]
[WARNING DRT-0419] No routing tracks pass through the center of Term u_protected_memory.u_ecc/din[2]
[WARNING DRT-0418] Term u_protected_memory.u_ecc/din[3] has no pins on routing grid
[WARNING DRT-0418] Term u_protected_memory.u_ecc/din[4] has no pins on routing grid
[WARNING DRT-0418] Term u_protected_memory.u_ecc/din[5] has no pins on routing grid
[WARNING DRT-0418] Term u_protected_memory.u_ecc/din[6] has no pins on routing grid
[WARNING DRT-0418] Term u_protected_memory.u_ecc/din[7] has no pins on routing grid
[WARNING DRT-0419] No routing tracks pass through the center of Term u_protected_memory.u_ecc/wmask[0]
[WARNING DRT-0419] No routing tracks pass through the center of Term u_protected_memory.u_ecc/wmask[1]
[WARNING DRT-0419] No routing tracks pass through the center of Term u_protected_memory.u_ecc/wmask[2]
[WARNING DRT-0418] Term u_protected_memory.u_ecc/wmask[3] has no pins on routing grid
[WARNING DRT-0418] Term u_protected_memory.u_ecc/wmask[4] has no pins on routing grid
[WARNING DRT-0418] Term u_protected_memory.u_ecc/wmask[5] has no pins on routing grid
[WARNING DRT-0418] Term u_protected_memory.u_ecc/wmask[6] has no pins on routing grid
[WARNING DRT-0418] Term u_protected_memory.u_ecc/wmask[7] has no pins on routing grid
[INFO DRT-0167] List of default vias:
  Layer via
    default via: M1M2_PR
  Layer via2
    default via: M2M3_PR
  Layer via3
    default via: M3M4_PR
  Layer via4
    default via: M4M5_PR
[INFO DRT-0162] Library cell analysis.
[INFO DRT-0163] Instance analysis.
[INFO DRT-0164] Number of unique instances = 104.
[INFO DRT-0168] Init region query.
[INFO DRT-0024]   Complete FR_MASTERSLICE.
[INFO DRT-0024]   Complete Fr_VIA.
[INFO DRT-0024]   Complete li1.
[INFO DRT-0024]   Complete mcon.
[INFO DRT-0024]   Complete met1.
[INFO DRT-0024]   Complete via.
[INFO DRT-0024]   Complete met2.
[INFO DRT-0024]   Complete via2.
[INFO DRT-0024]   Complete met3.
[INFO DRT-0024]   Complete via3.
[INFO DRT-0024]   Complete met4.
[INFO DRT-0024]   Complete via4.
[INFO DRT-0024]   Complete met5.
[INFO DRT-0033] FR_MASTERSLICE shape region query size = 0.
[INFO DRT-0033] FR_VIA shape region query size = 0.
[INFO DRT-0033] li1 shape region query size = 47816.
[INFO DRT-0033] mcon shape region query size = 25418.
[INFO DRT-0033] met1 shape region query size = 17872.
[INFO DRT-0033] via shape region query size = 24330.
[INFO DRT-0033] met2 shape region query size = 22048.
[INFO DRT-0033] via2 shape region query size = 45597.
[INFO DRT-0033] met3 shape region query size = 29027.
[INFO DRT-0033] via3 shape region query size = 45281.
[INFO DRT-0033] met4 shape region query size = 11428.
[INFO DRT-0033] via4 shape region query size = 1676.
[INFO DRT-0033] met5 shape region query size = 1768.
[INFO DRT-0165] Start pin access.
[INFO DRT-0078]   Complete 943 pins.
[INFO DRT-0079]   Complete 100 unique inst patterns.
[INFO DRT-0081]   Complete 102 unique inst patterns.
[INFO DRT-0084]   Complete 915 groups.
#scanned instances     = 5860
#unique  instances     = 104
#stdCellGenAp          = 3128
#stdCellValidPlanarAp  = 56
#stdCellValidViaAp     = 2229
#stdCellPinNoAp        = 0
#stdCellPinCnt         = 2882
#instTermValidViaApCnt = 0
#macroGenAp            = 553
#macroValidPlanarAp    = 452
#macroValidViaAp       = 0
#macroNoAp             = 0
[INFO DRT-0166] Complete pin access.
[INFO DRT-0267] cpu time = 00:01:01, elapsed time = 00:00:17, memory = 268.05 (MB), peak = 267.78 (MB)

[INFO DRT-0157] Number of guides:     8392

[INFO DRT-0169] Post process guides.
[INFO DRT-0176] GCELLGRID X 0 DO 144 STEP 6900 ;
[INFO DRT-0177] GCELLGRID Y 0 DO 94 STEP 6900 ;
[INFO DRT-0028]   Complete FR_MASTERSLICE.
[INFO DRT-0028]   Complete Fr_VIA.
[INFO DRT-0028]   Complete li1.
[INFO DRT-0028]   Complete mcon.
[INFO DRT-0028]   Complete met1.
[INFO DRT-0028]   Complete via.
[INFO DRT-0028]   Complete met2.
[INFO DRT-0028]   Complete via2.
[INFO DRT-0028]   Complete met3.
[INFO DRT-0028]   Complete via3.
[INFO DRT-0028]   Complete met4.
[INFO DRT-0028]   Complete via4.
[INFO DRT-0028]   Complete met5.
[INFO DRT-0178] Init guide query.
[INFO DRT-0035]   Complete FR_MASTERSLICE (guide).
[INFO DRT-0035]   Complete Fr_VIA (guide).
[INFO DRT-0035]   Complete li1 (guide).
[INFO DRT-0035]   Complete mcon (guide).
[INFO DRT-0035]   Complete met1 (guide).
[INFO DRT-0035]   Complete via (guide).
[INFO DRT-0035]   Complete met2 (guide).
[INFO DRT-0035]   Complete via2 (guide).
[INFO DRT-0035]   Complete met3 (guide).
[INFO DRT-0035]   Complete via3 (guide).
[INFO DRT-0035]   Complete met4 (guide).
[INFO DRT-0035]   Complete via4 (guide).
[INFO DRT-0035]   Complete met5 (guide).
[INFO DRT-0036] FR_MASTERSLICE guide region query size = 0.
[INFO DRT-0036] FR_VIA guide region query size = 0.
[INFO DRT-0036] li1 guide region query size = 2589.
[INFO DRT-0036] mcon guide region query size = 0.
[INFO DRT-0036] met1 guide region query size = 2446.
[INFO DRT-0036] via guide region query size = 0.
[INFO DRT-0036] met2 guide region query size = 1391.
[INFO DRT-0036] via2 guide region query size = 0.
[INFO DRT-0036] met3 guide region query size = 324.
[INFO DRT-0036] via3 guide region query size = 0.
[INFO DRT-0036] met4 guide region query size = 168.
[INFO DRT-0036] via4 guide region query size = 0.
[INFO DRT-0036] met5 guide region query size = 8.
[INFO DRT-0179] Init gr pin query.
[INFO DRT-0267] cpu time = 00:00:00, elapsed time = 00:00:00, memory = 270.58 (MB), peak = 270.15 (MB)
[INFO DRT-0245] skipped writing guide updates to database.
[INFO DRT-0181] Start track assignment.
[INFO DRT-0184] Done with 4148 vertical wires in 3 frboxes and 2778 horizontal wires in 2 frboxes.
[INFO DRT-0186] Done with 542 vertical wires in 3 frboxes and 734 horizontal wires in 2 frboxes.
[INFO DRT-0182] Complete track assignment.
[INFO DRT-0267] cpu time = 00:00:02, elapsed time = 00:00:01, memory = 306.87 (MB), peak = 334.83 (MB)
[INFO DRT-0187] Start routing data preparation.
[INFO DRT-0267] cpu time = 00:00:00, elapsed time = 00:00:00, memory = 306.87 (MB), peak = 334.83 (MB)
[INFO DRT-0194] Start detail routing.
[INFO DRT-0195] Start 0th optimization iteration.
    Completing 10% with 0 violations.
    elapsed time = 00:00:00, memory = 330.18 (MB).
    Completing 20% with 0 violations.
    elapsed time = 00:00:00, memory = 369.12 (MB).
    Completing 30% with 193 violations.
    elapsed time = 00:00:04, memory = 354.06 (MB).
    Completing 40% with 193 violations.
    elapsed time = 00:00:05, memory = 375.89 (MB).
    Completing 50% with 193 violations.
    elapsed time = 00:00:06, memory = 382.54 (MB).
    Completing 60% with 370 violations.
    elapsed time = 00:00:07, memory = 387.56 (MB).
    Completing 70% with 370 violations.
    elapsed time = 00:00:08, memory = 409.31 (MB).
    Completing 80% with 575 violations.
    elapsed time = 00:00:11, memory = 395.82 (MB).
    Completing 90% with 575 violations.
    elapsed time = 00:00:12, memory = 410.38 (MB).
    Completing 100% with 727 violations.
    elapsed time = 00:00:13, memory = 413.75 (MB).
[INFO DRT-0199]   Number of violations = 796.
Viol/Layer        mcon   met1    via   met2   met3   met4
Cut Spacing          3      0      0      0      0      0
Metal Spacing        0    139      0     32      8      0
Recheck              0     47      0     15      2      5
Short                0    497      1     30      6     11
[INFO DRT-0267] cpu time = 00:00:29, elapsed time = 00:00:14, memory = 738.28 (MB), peak = 737.82 (MB)
Total wire length = 80345 um.
Total wire length on LAYER li1 = 0 um.
Total wire length on LAYER met1 = 23476 um.
Total wire length on LAYER met2 = 43491 um.
Total wire length on LAYER met3 = 5722 um.
Total wire length on LAYER met4 = 7553 um.
Total wire length on LAYER met5 = 101 um.
Total number of vias = 6655.
Up-via summary (total 6655):

-----------------------
 FR_MASTERSLICE       0
            li1    2924
           met1    3133
           met2     339
           met3     245
           met4      14
-----------------------
               6655


[INFO DRT-0195] Start 1st optimization iteration.
    Completing 10% with 796 violations.
    elapsed time = 00:00:00, memory = 738.34 (MB).
    Completing 20% with 796 violations.
    elapsed time = 00:00:00, memory = 741.69 (MB).
    Completing 30% with 688 violations.
    elapsed time = 00:00:01, memory = 745.08 (MB).
    Completing 40% with 688 violations.
    elapsed time = 00:00:01, memory = 745.08 (MB).
    Completing 50% with 688 violations.
    elapsed time = 00:00:02, memory = 749.38 (MB).
    Completing 60% with 601 violations.
    elapsed time = 00:00:04, memory = 749.38 (MB).
    Completing 70% with 601 violations.
    elapsed time = 00:00:04, memory = 753.09 (MB).
    Completing 80% with 544 violations.
    elapsed time = 00:00:06, memory = 753.09 (MB).
    Completing 90% with 544 violations.
    elapsed time = 00:00:07, memory = 753.09 (MB).
    Completing 100% with 479 violations.
    elapsed time = 00:00:12, memory = 754.62 (MB).
[INFO DRT-0199]   Number of violations = 479.
Viol/Layer        mcon   met1   met2   met3
Cut Spacing          3      0      0      0
Metal Spacing        0    107     17      3
Short                0    338      9      2
[INFO DRT-0267] cpu time = 00:00:25, elapsed time = 00:00:13, memory = 757.62 (MB), peak = 757.07 (MB)
Total wire length = 80104 um.
Total wire length on LAYER li1 = 0 um.
Total wire length on LAYER met1 = 23293 um.
Total wire length on LAYER met2 = 43418 um.
Total wire length on LAYER met3 = 5770 um.
Total wire length on LAYER met4 = 7525 um.
Total wire length on LAYER met5 = 95 um.
Total number of vias = 6631.
Up-via summary (total 6631):

-----------------------
 FR_MASTERSLICE       0
            li1    2918
           met1    3123
           met2     341
           met3     237
           met4      12
-----------------------
               6631


[INFO DRT-0195] Start 2nd optimization iteration.
    Completing 10% with 479 violations.
    elapsed time = 00:00:00, memory = 757.62 (MB).
    Completing 20% with 479 violations.
    elapsed time = 00:00:00, memory = 757.68 (MB).
    Completing 30% with 443 violations.
    elapsed time = 00:00:01, memory = 757.68 (MB).
    Completing 40% with 443 violations.
    elapsed time = 00:00:01, memory = 791.09 (MB).
    Completing 50% with 443 violations.
    elapsed time = 00:00:04, memory = 757.68 (MB).
    Completing 60% with 374 violations.
    elapsed time = 00:00:04, memory = 757.68 (MB).
    Completing 70% with 374 violations.
    elapsed time = 00:00:04, memory = 757.68 (MB).
    Completing 80% with 355 violations.
    elapsed time = 00:00:05, memory = 757.68 (MB).
    Completing 90% with 355 violations.
    elapsed time = 00:00:06, memory = 780.96 (MB).
    Completing 100% with 288 violations.
    elapsed time = 00:00:14, memory = 757.68 (MB).
[INFO DRT-0199]   Number of violations = 288.
Viol/Layer        mcon   met1   met2   met3
Cut Spacing          2      0      0      0
Metal Spacing        0     71      7      4
Short                0    199      4      1
[INFO DRT-0267] cpu time = 00:00:24, elapsed time = 00:00:14, memory = 757.68 (MB), peak = 790.57 (MB)
Total wire length = 79993 um.
Total wire length on LAYER li1 = 0 um.
Total wire length on LAYER met1 = 23177 um.
Total wire length on LAYER met2 = 43568 um.
Total wire length on LAYER met3 = 5799 um.
Total wire length on LAYER met4 = 7362 um.
Total wire length on LAYER met5 = 84 um.
Total number of vias = 6613.
Up-via summary (total 6613):

-----------------------
 FR_MASTERSLICE       0
            li1    2921
           met1    3113
           met2     334
           met3     233
           met4      12
-----------------------
               6613


[INFO DRT-0195] Start 3rd optimization iteration.
    Completing 10% with 288 violations.
    elapsed time = 00:00:00, memory = 757.68 (MB).
    Completing 20% with 288 violations.
    elapsed time = 00:00:00, memory = 764.60 (MB).
    Completing 30% with 226 violations.
    elapsed time = 00:00:05, memory = 769.18 (MB).
    Completing 40% with 226 violations.
    elapsed time = 00:00:05, memory = 769.18 (MB).
    Completing 50% with 226 violations.
    elapsed time = 00:00:05, memory = 769.18 (MB).
    Completing 60% with 185 violations.
    elapsed time = 00:00:10, memory = 769.18 (MB).
    Completing 70% with 185 violations.
    elapsed time = 00:00:12, memory = 769.18 (MB).
    Completing 80% with 138 violations.
    elapsed time = 00:00:15, memory = 769.18 (MB).
    Completing 90% with 138 violations.
    elapsed time = 00:00:16, memory = 769.18 (MB).
    Completing 100% with 83 violations.
    elapsed time = 00:00:19, memory = 770.38 (MB).
[INFO DRT-0199]   Number of violations = 83.
Viol/Layer        met1   met2   met3
Metal Spacing       20      9      1
Short               36     14      3
[INFO DRT-0267] cpu time = 00:00:32, elapsed time = 00:00:20, memory = 770.38 (MB), peak = 790.57 (MB)
Total wire length = 80005 um.
Total wire length on LAYER li1 = 0 um.
Total wire length on LAYER met1 = 22381 um.
Total wire length on LAYER met2 = 43539 um.
Total wire length on LAYER met3 = 6556 um.
Total wire length on LAYER met4 = 7444 um.
Total wire length on LAYER met5 = 82 um.
Total number of vias = 6791.
Up-via summary (total 6791):

-----------------------
 FR_MASTERSLICE       0
            li1    2920
           met1    3201
           met2     415
           met3     245
           met4      10
-----------------------
               6791


[INFO DRT-0195] Start 4th guides tiles iteration.
    Completing 10% with 83 violations.
    elapsed time = 00:00:00, memory = 770.38 (MB).
    Completing 20% with 83 violations.
    elapsed time = 00:00:00, memory = 770.38 (MB).
    Completing 30% with 83 violations.
    elapsed time = 00:00:03, memory = 770.38 (MB).
    Completing 50% with 15 violations.
    elapsed time = 00:00:03, memory = 770.38 (MB).
    Completing 60% with 15 violations.
    elapsed time = 00:00:03, memory = 770.38 (MB).
    Completing 70% with 15 violations.
    elapsed time = 00:00:03, memory = 770.38 (MB).
    Completing 80% with 15 violations.
    elapsed time = 00:00:03, memory = 770.38 (MB).
    Completing 100% with 0 violations.
    elapsed time = 00:00:03, memory = 770.38 (MB).
[INFO DRT-0199]   Number of violations = 0.
[INFO DRT-0267] cpu time = 00:00:05, elapsed time = 00:00:04, memory = 770.38 (MB), peak = 790.57 (MB)
Total wire length = 79971 um.
Total wire length on LAYER li1 = 0 um.
Total wire length on LAYER met1 = 22326 um.
Total wire length on LAYER met2 = 43496 um.
Total wire length on LAYER met3 = 6608 um.
Total wire length on LAYER met4 = 7455 um.
Total wire length on LAYER met5 = 82 um.
Total number of vias = 6764.
Up-via summary (total 6764):

-----------------------
 FR_MASTERSLICE       0
            li1    2919
           met1    3192
           met2     398
           met3     245
           met4      10
-----------------------
               6764


[INFO DRT-0198] Complete detail routing.
Total wire length = 79971 um.
Total wire length on LAYER li1 = 0 um.
Total wire length on LAYER met1 = 22326 um.
Total wire length on LAYER met2 = 43496 um.
Total wire length on LAYER met3 = 6608 um.
Total wire length on LAYER met4 = 7455 um.
Total wire length on LAYER met5 = 82 um.
Total number of vias = 6764.
Up-via summary (total 6764):

-----------------------
 FR_MASTERSLICE       0
            li1    2919
           met1    3192
           met2     398
           met3     245
           met4      10
-----------------------
               6764


[INFO DRT-0267] cpu time = 00:01:57, elapsed time = 00:01:06, memory = 770.50 (MB), peak = 790.57 (MB)

[INFO DRT-0180] Post processing.
[INFO DRT-0501] Runtime: 86.77s
Took 85 seconds: detailed_route -output_drc /work/campaigns/iscas_sustainability_extension/memory_compiler/gate3_attempt09_sram22_residual_interface_drv_and_provenance_closure/raw/openroad/work/reports/sky130hd/attempt09_e0/seed11/5_route_drc.rpt -output_maze /work/campaigns/iscas_sustainability_extension/memory_compiler/gate3_attempt09_sram22_residual_interface_drv_and_provenance_closure/raw/openroad/work/results/sky130hd/attempt09_e0/seed11/maze.log -droute_end_iter 64 -verbose 1 -drc_report_iter_step 5
[INFO GRT-0012] Found 5 antenna violations.
[INFO DPL-0006] Core area: 615627.94 um^2
[INFO DPL-0007] Movable instances area: 10.01 um^2
[INFO DPL-0008] Fixed instances area within core: 275952.80 um^2
[INFO DPL-0009] Utilization: 44.8%
[INFO DPL-0005] Diamond search max displacement: +/- 500 sites horizontally, +/- 100 rows vertically.
[INFO DPL-1102] Legalizing using negotiation legalizer.
[INFO DPL-1103] Negotiation base search window: +/-20 sites horizontally, +/-5 rows vertically 
	Automatic search window extension enabled.
	Search window extendable up to the max displacement cap of +/-500 sites, +/-100 rows near walls.
[INFO DPL-1104] NegotiationLegalizer DRC penalty: 5.
[INFO DPL-0392] Negotiation cell height distribution (3 unique row-count(s)):
[INFO DPL-0393]   height 1 row(s): 5863 cells
[INFO DPL-0393]   height 83 row(s): 1 cells
[INFO DPL-0393]   height 108 row(s): 1 cells
          |      Total |  Illegal |  Illegal
Iteration | Violations |    Cells |    Sites
---------------------------------------------
        0 |          0 |         0 |         0
Negotiation phase 1 converged at iteration 0.
[INFO DPL-0500] Runtime: 0.05s
[INFO GRT-0015] Inserted 5 diodes.
[INFO DRT-0024]   Complete FR_MASTERSLICE.
[INFO DRT-0024]   Complete Fr_VIA.
[INFO DRT-0024]   Complete li1.
[INFO DRT-0024]   Complete mcon.
[INFO DRT-0024]   Complete met1.
[INFO DRT-0024]   Complete via.
[INFO DRT-0024]   Complete met2.
[INFO DRT-0024]   Complete via2.
[INFO DRT-0024]   Complete met3.
[INFO DRT-0024]   Complete via3.
[INFO DRT-0024]   Complete met4.
[INFO DRT-0024]   Complete via4.
[INFO DRT-0024]   Complete met5.
[INFO DRT-0165] Start pin access.
[INFO DRT-0078]   Complete 943 pins.
[INFO DRT-0079]   Complete 100 unique inst patterns.
[INFO DRT-0081]   Complete 102 unique inst patterns.
[INFO DRT-0084]   Complete 919 groups.
#scanned instances     = 5865
#unique  instances     = 104
#stdCellGenAp          = 3128
#stdCellValidPlanarAp  = 56
#stdCellValidViaAp     = 2229
#stdCellPinNoAp        = 0
#stdCellPinCnt         = 2882
#instTermValidViaApCnt = 0
#macroGenAp            = 553
#macroValidPlanarAp    = 452
#macroValidViaAp       = 0
#macroNoAp             = 0
[INFO DRT-0166] Complete pin access.
[INFO DRT-0267] cpu time = 00:01:02, elapsed time = 00:00:16, memory = 678.62 (MB), peak = 790.57 (MB)

[INFO DRT-0157] Number of guides:     8381

[INFO DRT-0169] Post process guides.
[INFO DRT-0176] GCELLGRID X 0 DO 144 STEP 6900 ;
[INFO DRT-0177] GCELLGRID Y 0 DO 94 STEP 6900 ;
[INFO DRT-0028]   Complete FR_MASTERSLICE.
[INFO DRT-0028]   Complete Fr_VIA.
[INFO DRT-0028]   Complete li1.
[INFO DRT-0028]   Complete mcon.
[INFO DRT-0028]   Complete met1.
[INFO DRT-0028]   Complete via.
[INFO DRT-0028]   Complete met2.
[INFO DRT-0028]   Complete via2.
[INFO DRT-0028]   Complete met3.
[INFO DRT-0028]   Complete via3.
[INFO DRT-0028]   Complete met4.
[INFO DRT-0028]   Complete via4.
[INFO DRT-0028]   Complete met5.
[INFO DRT-0178] Init guide query.
[INFO DRT-0035]   Complete FR_MASTERSLICE (guide).
[INFO DRT-0035]   Complete Fr_VIA (guide).
[INFO DRT-0035]   Complete li1 (guide).
[INFO DRT-0035]   Complete mcon (guide).
[INFO DRT-0035]   Complete met1 (guide).
[INFO DRT-0035]   Complete via (guide).
[INFO DRT-0035]   Complete met2 (guide).
[INFO DRT-0035]   Complete via2 (guide).
[INFO DRT-0035]   Complete met3 (guide).
[INFO DRT-0035]   Complete via3 (guide).
[INFO DRT-0035]   Complete met4 (guide).
[INFO DRT-0035]   Complete via4 (guide).
[INFO DRT-0035]   Complete met5 (guide).
[INFO DRT-0036] FR_MASTERSLICE guide region query size = 0.
[INFO DRT-0036] FR_VIA guide region query size = 0.
[INFO DRT-0036] li1 guide region query size = 2594.
[INFO DRT-0036] mcon guide region query size = 0.
[INFO DRT-0036] met1 guide region query size = 2452.
[INFO DRT-0036] via guide region query size = 0.
[INFO DRT-0036] met2 guide region query size = 1390.
[INFO DRT-0036] via2 guide region query size = 0.
[INFO DRT-0036] met3 guide region query size = 316.
[INFO DRT-0036] via3 guide region query size = 0.
[INFO DRT-0036] met4 guide region query size = 161.
[INFO DRT-0036] via4 guide region query size = 0.
[INFO DRT-0036] met5 guide region query size = 6.
[INFO DRT-0179] Init gr pin query.
[INFO DRT-0267] cpu time = 00:00:00, elapsed time = 00:00:00, memory = 678.62 (MB), peak = 790.57 (MB)
[INFO DRT-0245] skipped writing guide updates to database.
[INFO DRT-0181] Start track assignment.
[INFO DRT-0184] Done with 4145 vertical wires in 3 frboxes and 2774 horizontal wires in 2 frboxes.
[INFO DRT-0186] Done with 540 vertical wires in 3 frboxes and 728 horizontal wires in 2 frboxes.
[INFO DRT-0182] Complete track assignment.
[INFO DRT-0267] cpu time = 00:00:02, elapsed time = 00:00:00, memory = 678.62 (MB), peak = 790.57 (MB)
[INFO DRT-0187] Start routing data preparation.
[INFO DRT-0267] cpu time = 00:00:00, elapsed time = 00:00:00, memory = 678.62 (MB), peak = 790.57 (MB)
[INFO DRT-0194] Start detail routing.
[INFO DRT-0195] Start 0th optimization iteration.
    Completing 10% with 0 violations.
    elapsed time = 00:00:00, memory = 678.62 (MB).
    Completing 20% with 0 violations.
    elapsed time = 00:00:00, memory = 678.62 (MB).
    Completing 30% with 10 violations.
    elapsed time = 00:00:00, memory = 678.62 (MB).
    Completing 40% with 10 violations.
    elapsed time = 00:00:01, memory = 678.62 (MB).
    Completing 50% with 10 violations.
    elapsed time = 00:00:01, memory = 678.62 (MB).
    Completing 60% with 20 violations.
    elapsed time = 00:00:01, memory = 678.62 (MB).
    Completing 70% with 20 violations.
    elapsed time = 00:00:02, memory = 678.62 (MB).
    Completing 80% with 20 violations.
    elapsed time = 00:00:02, memory = 678.62 (MB).
    Completing 90% with 20 violations.
    elapsed time = 00:00:02, memory = 678.62 (MB).
    Completing 100% with 29 violations.
    elapsed time = 00:00:03, memory = 678.62 (MB).
[INFO DRT-0199]   Number of violations = 36.
Viol/Layer        met1   met2   met3
Metal Spacing        1      1      0
Recheck              3      0      4
Short               23      0      4
[INFO DRT-0267] cpu time = 00:00:09, elapsed time = 00:00:03, memory = 799.34 (MB), peak = 798.99 (MB)
Total wire length = 79941 um.
Total wire length on LAYER li1 = 0 um.
Total wire length on LAYER met1 = 22603 um.
Total wire length on LAYER met2 = 43562 um.
Total wire length on LAYER met3 = 6354 um.
Total wire length on LAYER met4 = 7338 um.
Total wire length on LAYER met5 = 82 um.
Total number of vias = 6751.
Up-via summary (total 6751):

-----------------------
 FR_MASTERSLICE       0
            li1    2924
           met1    3195
           met2     390
           met3     232
           met4      10
-----------------------
               6751


[INFO DRT-0195] Start 1st optimization iteration.
    Completing 10% with 36 violations.
    elapsed time = 00:00:00, memory = 799.34 (MB).
    Completing 20% with 36 violations.
    elapsed time = 00:00:00, memory = 799.34 (MB).
    Completing 30% with 33 violations.
    elapsed time = 00:00:00, memory = 799.34 (MB).
    Completing 40% with 33 violations.
    elapsed time = 00:00:00, memory = 799.34 (MB).
    Completing 50% with 33 violations.
    elapsed time = 00:00:01, memory = 799.34 (MB).
    Completing 60% with 25 violations.
    elapsed time = 00:00:01, memory = 799.34 (MB).
    Completing 70% with 25 violations.
    elapsed time = 00:00:01, memory = 799.34 (MB).
    Completing 80% with 17 violations.
    elapsed time = 00:00:02, memory = 799.34 (MB).
    Completing 90% with 17 violations.
    elapsed time = 00:00:02, memory = 799.34 (MB).
    Completing 100% with 16 violations.
    elapsed time = 00:00:02, memory = 799.34 (MB).
[INFO DRT-0199]   Number of violations = 16.
Viol/Layer        met1
Short               16
[INFO DRT-0267] cpu time = 00:00:09, elapsed time = 00:00:03, memory = 675.75 (MB), peak = 798.99 (MB)
Total wire length = 79944 um.
Total wire length on LAYER li1 = 0 um.
Total wire length on LAYER met1 = 22602 um.
Total wire length on LAYER met2 = 43561 um.
Total wire length on LAYER met3 = 6351 um.
Total wire length on LAYER met4 = 7345 um.
Total wire length on LAYER met5 = 82 um.
Total number of vias = 6752.
Up-via summary (total 6752):

-----------------------
 FR_MASTERSLICE       0
            li1    2925
           met1    3195
           met2     390
           met3     232
           met4      10
-----------------------
               6752


[INFO DRT-0195] Start 2nd optimization iteration.
    Completing 10% with 16 violations.
    elapsed time = 00:00:00, memory = 675.75 (MB).
    Completing 20% with 16 violations.
    elapsed time = 00:00:00, memory = 675.75 (MB).
    Completing 30% with 17 violations.
    elapsed time = 00:00:00, memory = 675.75 (MB).
    Completing 40% with 17 violations.
    elapsed time = 00:00:00, memory = 675.75 (MB).
    Completing 50% with 17 violations.
    elapsed time = 00:00:00, memory = 675.75 (MB).
    Completing 60% with 17 violations.
    elapsed time = 00:00:00, memory = 675.75 (MB).
    Completing 70% with 17 violations.
    elapsed time = 00:00:00, memory = 675.75 (MB).
    Completing 80% with 10 violations.
    elapsed time = 00:00:00, memory = 675.75 (MB).
    Completing 90% with 10 violations.
    elapsed time = 00:00:00, memory = 675.75 (MB).
    Completing 100% with 10 violations.
    elapsed time = 00:00:00, memory = 675.75 (MB).
[INFO DRT-0199]   Number of violations = 10.
Viol/Layer        met1
Short               10
[INFO DRT-0267] cpu time = 00:00:01, elapsed time = 00:00:01, memory = 799.31 (MB), peak = 798.99 (MB)
Total wire length = 79946 um.
Total wire length on LAYER li1 = 0 um.
Total wire length on LAYER met1 = 22600 um.
Total wire length on LAYER met2 = 43566 um.
Total wire length on LAYER met3 = 6351 um.
Total wire length on LAYER met4 = 7345 um.
Total wire length on LAYER met5 = 82 um.
Total number of vias = 6758.
Up-via summary (total 6758):

-----------------------
 FR_MASTERSLICE       0
            li1    2925
           met1    3201
           met2     390
           met3     232
           met4      10
-----------------------
               6758


[INFO DRT-0195] Start 3rd guides tiles iteration.
    Completing 30% with 10 violations.
    elapsed time = 00:00:00, memory = 799.31 (MB).
    Completing 60% with 10 violations.
    elapsed time = 00:00:00, memory = 799.31 (MB).
    Completing 100% with 0 violations.
    elapsed time = 00:00:00, memory = 799.31 (MB).
[INFO DRT-0199]   Number of violations = 0.
[INFO DRT-0267] cpu time = 00:00:00, elapsed time = 00:00:00, memory = 675.75 (MB), peak = 798.99 (MB)
Total wire length = 79932 um.
Total wire length on LAYER li1 = 0 um.
Total wire length on LAYER met1 = 22270 um.
Total wire length on LAYER met2 = 43555 um.
Total wire length on LAYER met3 = 6677 um.
Total wire length on LAYER met4 = 7346 um.
Total wire length on LAYER met5 = 82 um.
Total number of vias = 6756.
Up-via summary (total 6756):

-----------------------
 FR_MASTERSLICE       0
            li1    2925
           met1    3191
           met2     397
           met3     233
           met4      10
-----------------------
               6756


[INFO DRT-0198] Complete detail routing.
Total wire length = 79932 um.
Total wire length on LAYER li1 = 0 um.
Total wire length on LAYER met1 = 22270 um.
Total wire length on LAYER met2 = 43555 um.
Total wire length on LAYER met3 = 6677 um.
Total wire length on LAYER met4 = 7346 um.
Total wire length on LAYER met5 = 82 um.
Total number of vias = 6756.
Up-via summary (total 6756):

-----------------------
 FR_MASTERSLICE       0
            li1    2925
           met1    3191
           met2     397
           met3     233
           met4      10
-----------------------
               6756


[INFO DRT-0267] cpu time = 00:00:21, elapsed time = 00:00:08, memory = 675.75 (MB), peak = 798.99 (MB)

[INFO DRT-0180] Post processing.
[INFO DRT-0501] Runtime: 26.76s
[INFO ANT-0002] Found 0 net violations.
[INFO ANT-0001] Found 0 pin violations.
[INFO ANT-0002] Found 0 net violations.
[INFO ANT-0001] Found 0 pin violations.
Design area 275963 um^2 45% utilization.
write_db /work/campaigns/iscas_sustainability_extension/memory_compiler/gate3_attempt09_sram22_residual_interface_drv_and_provenance_closure/raw/openroad/work/results/sky130hd/attempt09_e0/seed11/5_2_route.odb
Elapsed time: 1:57.31[h:]min:sec. CPU time: user 270.43 sys 2.35 (232%). Peak memory: 818168KB.
Log                       Ext     Elapsed/s Peak Memory/MB sha1sum result [0:20)
5_2_route                 .odb          117            798 4cde4ff1389e22779f99
