OpenROAD 26Q3-1080-gab6fd26351 
Features included (+) or not (-): +GPU +GUI +Python
This program is licensed under the BSD-3 license. See the LICENSE file for details.
Components of this program may be licensed under more restrictive licenses which must be honored.
[INFO ORD-0030] Using 4 thread(s).
read_liberty /OpenROAD-flow-scripts/flow/platforms/sky130hd/lib/sky130_fd_sc_hd__tt_025C_1v80.lib
read_liberty /work/campaigns/iscas_sustainability_extension/memory_compiler/gate3_attempt08_sram22_slew_provenance_and_drv_closure/source_checkout/sram22_256x64m4w8/sram22_256x64m4w8_tt_025C_1v80.lib
read_liberty /work/campaigns/iscas_sustainability_extension/memory_compiler/gate3_attempt08_sram22_slew_provenance_and_drv_closure/source_checkout/sram22_256x8m8w1/sram22_256x8m8w1_tt_025C_1v80.lib
read_db /work/campaigns/iscas_sustainability_extension/memory_compiler/gate3_attempt08_sram22_slew_provenance_and_drv_closure/raw/openroad/work/results/sky130hd/attempt08_e0/seed19/3_2_place_iop.odb
read_sdc /work/campaigns/iscas_sustainability_extension/memory_compiler/gate3_attempt08_sram22_slew_provenance_and_drv_closure/raw/openroad/work/results/sky130hd/attempt08_e0/seed19/2_floorplan.sdc
source /OpenROAD-flow-scripts/flow/platforms/sky130hd/setRC.tcl
[INFO RSZ-0026] Removed 17 buffers.
Perform port buffering...
[INFO RSZ-0027] Inserted 75 sky130_fd_sc_hd__clkdlybuf4s50_1 input buffers.
[INFO RSZ-0028] Inserted 66 sky130_fd_sc_hd__clkdlybuf4s50_1 output buffers.
global_placement -density 0.3 -pad_left 0 -pad_right 0 -routability_driven -random_seed 19 -timing_driven -force_center_initial_place -min_phi_coef 0.95 -max_phi_coef 1.05
[INFO GPL-0001] ---- Initialize GPL Main Data Structures
[INFO GPL-0002] DBU: 1000
[INFO GPL-0003] SiteSize: (  0.460  2.720 ) um
[INFO GPL-0004] CoreBBox: ( 10.120 10.880 ) ( 989.920 639.200 ) um
[INFO GPL-0016] Core area:                  615627.936 um^2
[INFO GPL-0036] Movable instances area:       6067.069 um^2
[INFO GPL-0037] Total instances area:       274627.139 um^2
[INFO GPL-0035] Pin density area adjust:       322.050 um^2
[INFO GPL-0032] ---- Initialize Region: Top-level
[INFO GPL-0006] Number of instances:              5798
[INFO GPL-0007] Movable instances:                 671
[INFO GPL-0008] Fixed instances:                  4740
[INFO GPL-0009] Dummy instances:                   387
[INFO GPL-0010] Number of nets:                    819
[INFO GPL-0011] Number of pins:                   2359
[INFO GPL-0012] Die BBox:       (  0.000  0.000 ) ( 1000.000 650.000 ) um
[INFO GPL-0013] Placement BBox: ( 10.120 10.880 ) ( 989.920 639.200 ) um
[INFO GPL-0014] Region name: top-level.
[INFO GPL-0015] Region area:                615627.936 um^2
[INFO GPL-0017] Fixed instances area:       275330.314 um^2
[INFO GPL-0018] Movable instances area:       6389.119 um^2
[INFO GPL-0019] Utilization:                     1.878 %
[INFO GPL-0020] Standard cells area:          6389.119 um^2
[INFO GPL-0021] Large instances area:            0.000 um^2
[INFO GPL-0005] ---- Execute Conjugate Gradient Initial Placement.
[INFO GPL-0051] Source of initial instance position counters:
	Odb location = 0	Core center = 671	Region center = 0
[InitialPlace]  Iter: 1 conjugate gradient residual: 0.00000849 HPWL: 223972336
[InitialPlace]  Iter: 2 conjugate gradient residual: 0.00000011 HPWL: 224267999
[InitialPlace]  Iter: 3 conjugate gradient residual: 0.00000010 HPWL: 223012579
[InitialPlace]  Iter: 4 conjugate gradient residual: 0.00000010 HPWL: 221153961
[InitialPlace]  Iter: 5 conjugate gradient residual: 0.00000011 HPWL: 219501226
[INFO GPL-0033] ---- Initialize Nesterov Region: Top-level
[INFO GPL-0023] Placement target density:       0.3000
[INFO GPL-0024] Movable insts average area:      9.522 um^2
[INFO GPL-0025] Ideal bin area:                 31.739 um^2
[INFO GPL-0026] Ideal bin count:                 19396
[INFO GPL-0027] Total bin area:             615627.936 um^2
[INFO GPL-0028] Bin count (X, Y):         128 ,    128
[INFO GPL-0029] Bin size (W * H):       7.655 *  4.909 um
[INFO GPL-0030] Number of bins:                  16384
[INFO GPL-0084] ---- Execute Nesterov Global Placement.
[INFO GPL-0031] HPWL: Half-Perimeter Wirelength
Iteration | Overflow |     HPWL (um) |  HPWL(%) |   Penalty | Group
---------------------------------------------------------------
        0 |   0.8425 |  7.499572e+04 |   +0.00% |  7.22e-15 |      
[INFO GPL-0100] Timing-driven iteration 1/2, virtual: false.
[INFO GPL-0101]    Iter: 3, overflow: 0.589, keep resizer changes at: 1, HPWL: 80898385
Iteration |   Area    | Resized | Buffers | Nets repaired | Remaining
---------------------------------------------------------------------
        0 |     +0.0% |       0 |       0 |             0 |       835
    final |     +0.7% |     127 |     230 |           211 |         0
---------------------------------------------------------------------
[INFO RSZ-0034] Found 219 slew violations.
[INFO RSZ-0039] Resized 127 instances.
[INFO RSZ-0038] Inserted 230 buffers in 211 nets.
   Iter   |    Area   | Removed | Inserted |   Pins
          |           | Buffers | Buffers  | Remaining
-------------------------------------------------------
        0 |     +0.0% |       0 |        0 |       727
       72 |     +0.0% |       1 |        4 |       655
      144 |     +0.0% |       1 |       16 |       583
      216 |     +0.1% |       2 |       28 |       511
      288 |     +0.1% |       6 |       35 |       439
      360 |     +0.1% |      20 |       61 |       367
      432 |     +0.1% |      21 |       62 |       295
      504 |     +0.1% |      21 |       67 |       223
[WARNING RSZ-2005] cannot find a viable buffering solution on pin u_protected_memory.u_ecc/dout[7] after 1 rounds of buffering (no solution meets design rules)
[WARNING RSZ-2005] cannot find a viable buffering solution on pin u_protected_memory.u_ecc/dout[6] after 1 rounds of buffering (no solution meets design rules)
[WARNING RSZ-2005] cannot find a viable buffering solution on pin u_protected_memory.u_ecc/dout[5] after 1 rounds of buffering (no solution meets design rules)
[WARNING RSZ-2005] cannot find a viable buffering solution on pin u_protected_memory.u_ecc/dout[4] after 1 rounds of buffering (no solution meets design rules)
[WARNING RSZ-2005] cannot find a viable buffering solution on pin u_protected_memory.u_ecc/dout[3] after 1 rounds of buffering (no solution meets design rules)
[WARNING RSZ-2005] cannot find a viable buffering solution on pin u_protected_memory.u_ecc/dout[2] after 1 rounds of buffering (no solution meets design rules)
[WARNING RSZ-2005] cannot find a viable buffering solution on pin u_protected_memory.u_ecc/dout[1] after 1 rounds of buffering (no solution meets design rules)
[WARNING RSZ-2005] cannot find a viable buffering solution on pin u_protected_memory.u_ecc/dout[0] after 1 rounds of buffering (no solution meets design rules)
[WARNING RSZ-2005] cannot find a viable buffering solution on pin u_protected_memory.u_data/dout[9] after 1 rounds of buffering (no solution meets design rules)
[WARNING RSZ-2005] cannot find a viable buffering solution on pin u_protected_memory.u_data/dout[8] after 1 rounds of buffering (no solution meets design rules)
[WARNING RSZ-2005] cannot find a viable buffering solution on pin u_protected_memory.u_data/dout[7] after 1 rounds of buffering (no solution meets design rules)
[WARNING RSZ-2005] cannot find a viable buffering solution on pin u_protected_memory.u_data/dout[6] after 1 rounds of buffering (no solution meets design rules)
[WARNING RSZ-2005] cannot find a viable buffering solution on pin u_protected_memory.u_data/dout[63] after 1 rounds of buffering (no solution meets design rules)
[WARNING RSZ-2005] cannot find a viable buffering solution on pin u_protected_memory.u_data/dout[62] after 1 rounds of buffering (no solution meets design rules)
[WARNING RSZ-2005] cannot find a viable buffering solution on pin u_protected_memory.u_data/dout[61] after 1 rounds of buffering (no solution meets design rules)
[WARNING RSZ-2005] cannot find a viable buffering solution on pin u_protected_memory.u_data/dout[60] after 1 rounds of buffering (no solution meets design rules)
[WARNING RSZ-2005] cannot find a viable buffering solution on pin u_protected_memory.u_data/dout[5] after 1 rounds of buffering (no solution meets design rules)
[WARNING RSZ-2005] cannot find a viable buffering solution on pin u_protected_memory.u_data/dout[59] after 1 rounds of buffering (no solution meets design rules)
[WARNING RSZ-2005] cannot find a viable buffering solution on pin u_protected_memory.u_data/dout[58] after 1 rounds of buffering (no solution meets design rules)
[WARNING RSZ-2005] cannot find a viable buffering solution on pin u_protected_memory.u_data/dout[57] after 1 rounds of buffering (no solution meets design rules)
[WARNING RSZ-2005] cannot find a viable buffering solution on pin u_protected_memory.u_data/dout[56] after 1 rounds of buffering (no solution meets design rules)
[WARNING RSZ-2005] cannot find a viable buffering solution on pin u_protected_memory.u_data/dout[55] after 1 rounds of buffering (no solution meets design rules)
[WARNING RSZ-2005] cannot find a viable buffering solution on pin u_protected_memory.u_data/dout[54] after 1 rounds of buffering (no solution meets design rules)
[WARNING RSZ-2005] cannot find a viable buffering solution on pin u_protected_memory.u_data/dout[53] after 1 rounds of buffering (no solution meets design rules)
[WARNING RSZ-2005] cannot find a viable buffering solution on pin u_protected_memory.u_data/dout[52] after 1 rounds of buffering (no solution meets design rules)
[WARNING RSZ-2005] cannot find a viable buffering solution on pin u_protected_memory.u_data/dout[51] after 1 rounds of buffering (no solution meets design rules)
[WARNING RSZ-2005] cannot find a viable buffering solution on pin u_protected_memory.u_data/dout[50] after 1 rounds of buffering (no solution meets design rules)
[WARNING RSZ-2005] cannot find a viable buffering solution on pin u_protected_memory.u_data/dout[4] after 1 rounds of buffering (no solution meets design rules)
[WARNING RSZ-2005] cannot find a viable buffering solution on pin u_protected_memory.u_data/dout[49] after 1 rounds of buffering (no solution meets design rules)
[WARNING RSZ-2005] cannot find a viable buffering solution on pin u_protected_memory.u_data/dout[48] after 1 rounds of buffering (no solution meets design rules)
[WARNING RSZ-2005] cannot find a viable buffering solution on pin u_protected_memory.u_data/dout[47] after 1 rounds of buffering (no solution meets design rules)
[WARNING RSZ-2005] cannot find a viable buffering solution on pin u_protected_memory.u_data/dout[46] after 1 rounds of buffering (no solution meets design rules)
[WARNING RSZ-2005] cannot find a viable buffering solution on pin u_protected_memory.u_data/dout[45] after 1 rounds of buffering (no solution meets design rules)
[WARNING RSZ-2005] cannot find a viable buffering solution on pin u_protected_memory.u_data/dout[44] after 1 rounds of buffering (no solution meets design rules)
[WARNING RSZ-2005] cannot find a viable buffering solution on pin u_protected_memory.u_data/dout[43] after 1 rounds of buffering (no solution meets design rules)
[WARNING RSZ-2005] cannot find a viable buffering solution on pin u_protected_memory.u_data/dout[42] after 1 rounds of buffering (no solution meets design rules)
[WARNING RSZ-2005] cannot find a viable buffering solution on pin u_protected_memory.u_data/dout[41] after 1 rounds of buffering (no solution meets design rules)
[WARNING RSZ-2005] cannot find a viable buffering solution on pin u_protected_memory.u_data/dout[40] after 1 rounds of buffering (no solution meets design rules)
[WARNING RSZ-2005] cannot find a viable buffering solution on pin u_protected_memory.u_data/dout[3] after 1 rounds of buffering (no solution meets design rules)
[WARNING RSZ-2005] cannot find a viable buffering solution on pin u_protected_memory.u_data/dout[39] after 1 rounds of buffering (no solution meets design rules)
[WARNING RSZ-2005] cannot find a viable buffering solution on pin u_protected_memory.u_data/dout[38] after 1 rounds of buffering (no solution meets design rules)
[WARNING RSZ-2005] cannot find a viable buffering solution on pin u_protected_memory.u_data/dout[37] after 1 rounds of buffering (no solution meets design rules)
[WARNING RSZ-2005] cannot find a viable buffering solution on pin u_protected_memory.u_data/dout[36] after 1 rounds of buffering (no solution meets design rules)
[WARNING RSZ-2005] cannot find a viable buffering solution on pin u_protected_memory.u_data/dout[35] after 1 rounds of buffering (no solution meets design rules)
[WARNING RSZ-2005] cannot find a viable buffering solution on pin u_protected_memory.u_data/dout[34] after 1 rounds of buffering (no solution meets design rules)
[WARNING RSZ-2005] cannot find a viable buffering solution on pin u_protected_memory.u_data/dout[33] after 1 rounds of buffering (no solution meets design rules)
[WARNING RSZ-2005] cannot find a viable buffering solution on pin u_protected_memory.u_data/dout[32] after 1 rounds of buffering (no solution meets design rules)
[WARNING RSZ-2005] cannot find a viable buffering solution on pin u_protected_memory.u_data/dout[31] after 1 rounds of buffering (no solution meets design rules)
[WARNING RSZ-2005] cannot find a viable buffering solution on pin u_protected_memory.u_data/dout[30] after 1 rounds of buffering (no solution meets design rules)
[WARNING RSZ-2005] cannot find a viable buffering solution on pin u_protected_memory.u_data/dout[2] after 1 rounds of buffering (no solution meets design rules)
[WARNING RSZ-2005] cannot find a viable buffering solution on pin u_protected_memory.u_data/dout[29] after 1 rounds of buffering (no solution meets design rules)
[WARNING RSZ-2005] cannot find a viable buffering solution on pin u_protected_memory.u_data/dout[28] after 1 rounds of buffering (no solution meets design rules)
      576 |     +0.1% |      21 |       69 |       151
[WARNING RSZ-2005] cannot find a viable buffering solution on pin u_protected_memory.u_data/dout[27] after 1 rounds of buffering (no solution meets design rules)
[WARNING RSZ-2005] cannot find a viable buffering solution on pin u_protected_memory.u_data/dout[26] after 1 rounds of buffering (no solution meets design rules)
[WARNING RSZ-2005] cannot find a viable buffering solution on pin u_protected_memory.u_data/dout[25] after 1 rounds of buffering (no solution meets design rules)
[WARNING RSZ-2005] cannot find a viable buffering solution on pin u_protected_memory.u_data/dout[24] after 1 rounds of buffering (no solution meets design rules)
[WARNING RSZ-2005] cannot find a viable buffering solution on pin u_protected_memory.u_data/dout[23] after 1 rounds of buffering (no solution meets design rules)
[WARNING RSZ-2005] cannot find a viable buffering solution on pin u_protected_memory.u_data/dout[22] after 1 rounds of buffering (no solution meets design rules)
[WARNING RSZ-2005] cannot find a viable buffering solution on pin u_protected_memory.u_data/dout[21] after 1 rounds of buffering (no solution meets design rules)
[WARNING RSZ-2005] cannot find a viable buffering solution on pin u_protected_memory.u_data/dout[20] after 1 rounds of buffering (no solution meets design rules)
[WARNING RSZ-2005] cannot find a viable buffering solution on pin u_protected_memory.u_data/dout[1] after 1 rounds of buffering (no solution meets design rules)
[WARNING RSZ-2005] cannot find a viable buffering solution on pin u_protected_memory.u_data/dout[19] after 1 rounds of buffering (no solution meets design rules)
[WARNING RSZ-2005] cannot find a viable buffering solution on pin u_protected_memory.u_data/dout[18] after 1 rounds of buffering (no solution meets design rules)
[WARNING RSZ-2005] cannot find a viable buffering solution on pin u_protected_memory.u_data/dout[17] after 1 rounds of buffering (no solution meets design rules)
[WARNING RSZ-2005] cannot find a viable buffering solution on pin u_protected_memory.u_data/dout[16] after 1 rounds of buffering (no solution meets design rules)
[WARNING RSZ-2005] cannot find a viable buffering solution on pin u_protected_memory.u_data/dout[15] after 1 rounds of buffering (no solution meets design rules)
[WARNING RSZ-2005] cannot find a viable buffering solution on pin u_protected_memory.u_data/dout[14] after 1 rounds of buffering (no solution meets design rules)
[WARNING RSZ-2005] cannot find a viable buffering solution on pin u_protected_memory.u_data/dout[13] after 1 rounds of buffering (no solution meets design rules)
[WARNING RSZ-2005] cannot find a viable buffering solution on pin u_protected_memory.u_data/dout[12] after 1 rounds of buffering (no solution meets design rules)
[WARNING RSZ-2005] cannot find a viable buffering solution on pin u_protected_memory.u_data/dout[11] after 1 rounds of buffering (no solution meets design rules)
[WARNING RSZ-2005] cannot find a viable buffering solution on pin u_protected_memory.u_data/dout[10] after 1 rounds of buffering (no solution meets design rules)
[WARNING RSZ-2005] cannot find a viable buffering solution on pin u_protected_memory.u_data/dout[0] after 1 rounds of buffering (no solution meets design rules)
      648 |     +0.1% |      21 |       71 |        79
[WARNING RSZ-2009] Skipping buffering because no valid buffering solution satisfying the design rules can be found for net connected to pin input90/X.
[WARNING RSZ-2005] cannot find a viable buffering solution on pin input90/X after 1 rounds of buffering (no solution meets design rules)
      720 |     +0.1% |      98 |      139 |         7
    final |     +0.1% |     105 |      146 |         0
-------------------------------------------------------
[INFO GPL-0106] Timing-driven: worst slack 1.5319293e-09
[INFO GPL-0107] Timing-driven: repair_design delta area: 1999.162 um^2 (+31.29%)
[INFO GPL-0108] Timing-driven: repair_design, gpl delta gcells: 271 (+40.39%)
[INFO GPL-0109] Timing-driven: repair_design, gcells created: 376, deleted: 105
[INFO GPL-0110] Timing-driven: new target density: 0.30587474
[INFO GPL-0038] Routability snapshot saved at iter = 3
        2 |   0.5894 |  8.202725e+04 |          |           |      
Iteration | Overflow |     HPWL (um) |  HPWL(%) |   Penalty | Group
---------------------------------------------------------------
       10 |   0.4816 |  7.893747e+04 |   +5.26% |  1.17e-14 |      
       20 |   0.4897 |  7.669367e+04 |   -2.84% |  1.91e-14 |      
       30 |   0.4796 |  7.622395e+04 |   -0.61% |  3.12e-14 |      
       40 |   0.4881 |  7.641126e+04 |   +0.25% |  5.08e-14 |      
       50 |   0.4739 |  7.628693e+04 |   -0.16% |  8.27e-14 |      
       60 |   0.4755 |  7.602818e+04 |   -0.34% |  1.35e-13 |      
       70 |   0.4672 |  7.615401e+04 |   +0.17% |  2.19e-13 |      
       80 |   0.4622 |  7.611605e+04 |   -0.05% |  3.57e-13 |      
       90 |   0.4688 |  7.623292e+04 |   +0.15% |  5.82e-13 |      
      100 |   0.4697 |  7.635813e+04 |   +0.16% |  9.48e-13 |      
      110 |   0.4646 |  7.629419e+04 |   -0.08% |  1.54e-12 |      
      120 |   0.4669 |  7.636343e+04 |   +0.09% |  2.52e-12 |      
      130 |   0.4625 |  7.623092e+04 |   -0.17% |  4.10e-12 |      
      140 |   0.4572 |  7.611442e+04 |   -0.15% |  6.67e-12 |      
      150 |   0.4614 |  7.607378e+04 |   -0.05% |  1.09e-11 |      
      160 |   0.4717 |  7.629682e+04 |   +0.29% |  1.77e-11 |      
      170 |   0.4711 |  7.638021e+04 |   +0.11% |  2.88e-11 |      
      180 |   0.4686 |  7.647012e+04 |   +0.12% |  4.70e-11 |      
      190 |   0.4619 |  7.642415e+04 |   -0.06% |  7.65e-11 |      
      200 |   0.4734 |  7.756183e+04 |   +1.49% |  1.25e-10 |      
      210 |   0.4503 |  7.963367e+04 |   +2.67% |  2.03e-10 |      
      220 |   0.4201 |  8.164136e+04 |   +2.52% |  3.31e-10 |      
      230 |   0.4158 |  8.285416e+04 |   +1.49% |  5.38e-10 |      
      240 |   0.4328 |  8.251414e+04 |   -0.41% |  8.76e-10 |      
      250 |   0.4281 |  8.329865e+04 |   +0.95% |  1.43e-09 |      
      260 |   0.3876 |  8.397073e+04 |   +0.81% |  2.32e-09 |      
      270 |   0.4030 |  8.151999e+04 |   -2.92% |  3.79e-09 |      
      280 |   0.3733 |  8.055088e+04 |   -1.19% |  6.16e-09 |      
      290 |   0.3360 |  7.990972e+04 |   -0.80% |  9.45e-09 |      
      300 |   0.3180 |  7.836782e+04 |   -1.93% |  1.39e-08 |      
[INFO GPL-0040] Routability iteration: 1
[INFO GPL-0041] Total routing overflow: 2.5029
[INFO GPL-0042] Number of overflowed tiles: 14 (0.10%)
[INFO GPL-0043] Average top 0.5% routing congestion: 0.9758
[INFO GPL-0044] Average top 1.0% routing congestion: 0.9419
[INFO GPL-0045] Average top 2.0% routing congestion: 0.9024
[INFO GPL-0046] Average top 5.0% routing congestion: 0.8675
[INFO GPL-0047] Routability iteration weighted routing congestion: 0.9589
[INFO GPL-0050] Weighted routing congestion is lower than target routing congestion(1.0100), end routability optimization.
[INFO GPL-0090] Routability finished. Target routing congestion achieved succesfully.
Iteration | Overflow |     HPWL (um) |  HPWL(%) |   Penalty | Group
---------------------------------------------------------------
      310 |   0.2926 |  7.789473e+04 |   -0.60% |  2.05e-08 |      
      320 |   0.2541 |  7.744166e+04 |   -0.58% |  3.02e-08 |      
      330 |   0.2259 |  7.706974e+04 |   -0.48% |  4.45e-08 |      
[INFO GPL-0100] Timing-driven iteration 2/2, virtual: false.
[INFO GPL-0101]    Iter: 340, overflow: 0.195, keep resizer changes at: 1, HPWL: 77176132
Iteration |   Area    | Resized | Buffers | Nets repaired | Remaining
---------------------------------------------------------------------
        0 |     +0.0% |       0 |       0 |             0 |      1106
    final |     +0.3% |      15 |     101 |            92 |         0
---------------------------------------------------------------------
[INFO RSZ-0034] Found 92 slew violations.
[INFO RSZ-0039] Resized 15 instances.
[INFO RSZ-0038] Inserted 101 buffers in 92 nets.
   Iter   |    Area   | Removed | Inserted |   Pins
          |           | Buffers | Buffers  | Remaining
-------------------------------------------------------
        0 |     +0.0% |       0 |        0 |       727
       72 |     +0.0% |       5 |       10 |       655
      144 |     +0.0% |      20 |       38 |       583
      216 |     +0.1% |      33 |       51 |       511
      288 |     +0.0% |      41 |       58 |       439
      360 |     +0.1% |      71 |       90 |       367
      432 |     +0.1% |      72 |       93 |       295
      504 |     +0.1% |      77 |       97 |       223
[WARNING RSZ-2005] cannot find a viable buffering solution on pin u_protected_memory.u_ecc/dout[7] after 1 rounds of buffering (no solution meets design rules)
[WARNING RSZ-2005] cannot find a viable buffering solution on pin u_protected_memory.u_ecc/dout[6] after 1 rounds of buffering (no solution meets design rules)
[WARNING RSZ-2005] cannot find a viable buffering solution on pin u_protected_memory.u_ecc/dout[5] after 1 rounds of buffering (no solution meets design rules)
[WARNING RSZ-2005] cannot find a viable buffering solution on pin u_protected_memory.u_ecc/dout[4] after 1 rounds of buffering (no solution meets design rules)
[WARNING RSZ-2005] cannot find a viable buffering solution on pin u_protected_memory.u_ecc/dout[3] after 1 rounds of buffering (no solution meets design rules)
[WARNING RSZ-2005] cannot find a viable buffering solution on pin u_protected_memory.u_ecc/dout[2] after 1 rounds of buffering (no solution meets design rules)
[WARNING RSZ-2005] cannot find a viable buffering solution on pin u_protected_memory.u_ecc/dout[1] after 1 rounds of buffering (no solution meets design rules)
[WARNING RSZ-2005] cannot find a viable buffering solution on pin u_protected_memory.u_ecc/dout[0] after 1 rounds of buffering (no solution meets design rules)
[WARNING RSZ-2005] cannot find a viable buffering solution on pin u_protected_memory.u_data/dout[9] after 1 rounds of buffering (no solution meets design rules)
[WARNING RSZ-2005] cannot find a viable buffering solution on pin u_protected_memory.u_data/dout[8] after 1 rounds of buffering (no solution meets design rules)
[WARNING RSZ-2005] cannot find a viable buffering solution on pin u_protected_memory.u_data/dout[7] after 1 rounds of buffering (no solution meets design rules)
[WARNING RSZ-2005] cannot find a viable buffering solution on pin u_protected_memory.u_data/dout[6] after 1 rounds of buffering (no solution meets design rules)
[WARNING RSZ-2005] cannot find a viable buffering solution on pin u_protected_memory.u_data/dout[63] after 1 rounds of buffering (no solution meets design rules)
[WARNING RSZ-2005] cannot find a viable buffering solution on pin u_protected_memory.u_data/dout[62] after 1 rounds of buffering (no solution meets design rules)
[WARNING RSZ-2005] cannot find a viable buffering solution on pin u_protected_memory.u_data/dout[61] after 1 rounds of buffering (no solution meets design rules)
[WARNING RSZ-2005] cannot find a viable buffering solution on pin u_protected_memory.u_data/dout[60] after 1 rounds of buffering (no solution meets design rules)
[WARNING RSZ-2005] cannot find a viable buffering solution on pin u_protected_memory.u_data/dout[5] after 1 rounds of buffering (no solution meets design rules)
[WARNING RSZ-2005] cannot find a viable buffering solution on pin u_protected_memory.u_data/dout[59] after 1 rounds of buffering (no solution meets design rules)
[WARNING RSZ-2005] cannot find a viable buffering solution on pin u_protected_memory.u_data/dout[58] after 1 rounds of buffering (no solution meets design rules)
[WARNING RSZ-2005] cannot find a viable buffering solution on pin u_protected_memory.u_data/dout[57] after 1 rounds of buffering (no solution meets design rules)
[WARNING RSZ-2005] cannot find a viable buffering solution on pin u_protected_memory.u_data/dout[56] after 1 rounds of buffering (no solution meets design rules)
[WARNING RSZ-2005] cannot find a viable buffering solution on pin u_protected_memory.u_data/dout[55] after 1 rounds of buffering (no solution meets design rules)
[WARNING RSZ-2005] cannot find a viable buffering solution on pin u_protected_memory.u_data/dout[54] after 1 rounds of buffering (no solution meets design rules)
[WARNING RSZ-2005] cannot find a viable buffering solution on pin u_protected_memory.u_data/dout[53] after 1 rounds of buffering (no solution meets design rules)
[WARNING RSZ-2005] cannot find a viable buffering solution on pin u_protected_memory.u_data/dout[52] after 1 rounds of buffering (no solution meets design rules)
[WARNING RSZ-2005] cannot find a viable buffering solution on pin u_protected_memory.u_data/dout[51] after 1 rounds of buffering (no solution meets design rules)
[WARNING RSZ-2005] cannot find a viable buffering solution on pin u_protected_memory.u_data/dout[50] after 1 rounds of buffering (no solution meets design rules)
[WARNING RSZ-2005] cannot find a viable buffering solution on pin u_protected_memory.u_data/dout[4] after 1 rounds of buffering (no solution meets design rules)
[WARNING RSZ-2005] cannot find a viable buffering solution on pin u_protected_memory.u_data/dout[49] after 1 rounds of buffering (no solution meets design rules)
[WARNING RSZ-2005] cannot find a viable buffering solution on pin u_protected_memory.u_data/dout[48] after 1 rounds of buffering (no solution meets design rules)
[WARNING RSZ-2005] cannot find a viable buffering solution on pin u_protected_memory.u_data/dout[47] after 1 rounds of buffering (no solution meets design rules)
[WARNING RSZ-2005] cannot find a viable buffering solution on pin u_protected_memory.u_data/dout[46] after 1 rounds of buffering (no solution meets design rules)
[WARNING RSZ-2005] cannot find a viable buffering solution on pin u_protected_memory.u_data/dout[45] after 1 rounds of buffering (no solution meets design rules)
[WARNING RSZ-2005] cannot find a viable buffering solution on pin u_protected_memory.u_data/dout[44] after 1 rounds of buffering (no solution meets design rules)
[WARNING RSZ-2005] cannot find a viable buffering solution on pin u_protected_memory.u_data/dout[43] after 1 rounds of buffering (no solution meets design rules)
[WARNING RSZ-2005] cannot find a viable buffering solution on pin u_protected_memory.u_data/dout[42] after 1 rounds of buffering (no solution meets design rules)
[WARNING RSZ-2005] cannot find a viable buffering solution on pin u_protected_memory.u_data/dout[41] after 1 rounds of buffering (no solution meets design rules)
[WARNING RSZ-2005] cannot find a viable buffering solution on pin u_protected_memory.u_data/dout[40] after 1 rounds of buffering (no solution meets design rules)
[WARNING RSZ-2005] cannot find a viable buffering solution on pin u_protected_memory.u_data/dout[3] after 1 rounds of buffering (no solution meets design rules)
[WARNING RSZ-2005] cannot find a viable buffering solution on pin u_protected_memory.u_data/dout[39] after 1 rounds of buffering (no solution meets design rules)
[WARNING RSZ-2005] cannot find a viable buffering solution on pin u_protected_memory.u_data/dout[38] after 1 rounds of buffering (no solution meets design rules)
[WARNING RSZ-2005] cannot find a viable buffering solution on pin u_protected_memory.u_data/dout[37] after 1 rounds of buffering (no solution meets design rules)
[WARNING RSZ-2005] cannot find a viable buffering solution on pin u_protected_memory.u_data/dout[36] after 1 rounds of buffering (no solution meets design rules)
[WARNING RSZ-2005] cannot find a viable buffering solution on pin u_protected_memory.u_data/dout[35] after 1 rounds of buffering (no solution meets design rules)
[WARNING RSZ-2005] cannot find a viable buffering solution on pin u_protected_memory.u_data/dout[34] after 1 rounds of buffering (no solution meets design rules)
[WARNING RSZ-2005] cannot find a viable buffering solution on pin u_protected_memory.u_data/dout[33] after 1 rounds of buffering (no solution meets design rules)
[WARNING RSZ-2005] cannot find a viable buffering solution on pin u_protected_memory.u_data/dout[32] after 1 rounds of buffering (no solution meets design rules)
[WARNING RSZ-2005] cannot find a viable buffering solution on pin u_protected_memory.u_data/dout[31] after 1 rounds of buffering (no solution meets design rules)
[WARNING RSZ-2005] cannot find a viable buffering solution on pin u_protected_memory.u_data/dout[30] after 1 rounds of buffering (no solution meets design rules)
[WARNING RSZ-2005] cannot find a viable buffering solution on pin u_protected_memory.u_data/dout[2] after 1 rounds of buffering (no solution meets design rules)
[WARNING RSZ-2005] cannot find a viable buffering solution on pin u_protected_memory.u_data/dout[29] after 1 rounds of buffering (no solution meets design rules)
[WARNING RSZ-2005] cannot find a viable buffering solution on pin u_protected_memory.u_data/dout[28] after 1 rounds of buffering (no solution meets design rules)
      576 |     +0.1% |      79 |       98 |       151
[WARNING RSZ-2005] cannot find a viable buffering solution on pin u_protected_memory.u_data/dout[27] after 1 rounds of buffering (no solution meets design rules)
[WARNING RSZ-2005] cannot find a viable buffering solution on pin u_protected_memory.u_data/dout[26] after 1 rounds of buffering (no solution meets design rules)
[WARNING RSZ-2005] cannot find a viable buffering solution on pin u_protected_memory.u_data/dout[25] after 1 rounds of buffering (no solution meets design rules)
[WARNING RSZ-2005] cannot find a viable buffering solution on pin u_protected_memory.u_data/dout[24] after 1 rounds of buffering (no solution meets design rules)
[WARNING RSZ-2005] cannot find a viable buffering solution on pin u_protected_memory.u_data/dout[23] after 1 rounds of buffering (no solution meets design rules)
[WARNING RSZ-2005] cannot find a viable buffering solution on pin u_protected_memory.u_data/dout[22] after 1 rounds of buffering (no solution meets design rules)
[WARNING RSZ-2005] cannot find a viable buffering solution on pin u_protected_memory.u_data/dout[21] after 1 rounds of buffering (no solution meets design rules)
[WARNING RSZ-2005] cannot find a viable buffering solution on pin u_protected_memory.u_data/dout[20] after 1 rounds of buffering (no solution meets design rules)
[WARNING RSZ-2005] cannot find a viable buffering solution on pin u_protected_memory.u_data/dout[1] after 1 rounds of buffering (no solution meets design rules)
[WARNING RSZ-2005] cannot find a viable buffering solution on pin u_protected_memory.u_data/dout[19] after 1 rounds of buffering (no solution meets design rules)
[WARNING RSZ-2005] cannot find a viable buffering solution on pin u_protected_memory.u_data/dout[18] after 1 rounds of buffering (no solution meets design rules)
[WARNING RSZ-2005] cannot find a viable buffering solution on pin u_protected_memory.u_data/dout[17] after 1 rounds of buffering (no solution meets design rules)
[WARNING RSZ-2005] cannot find a viable buffering solution on pin u_protected_memory.u_data/dout[16] after 1 rounds of buffering (no solution meets design rules)
[WARNING RSZ-2005] cannot find a viable buffering solution on pin u_protected_memory.u_data/dout[15] after 1 rounds of buffering (no solution meets design rules)
[WARNING RSZ-2005] cannot find a viable buffering solution on pin u_protected_memory.u_data/dout[14] after 1 rounds of buffering (no solution meets design rules)
[WARNING RSZ-2005] cannot find a viable buffering solution on pin u_protected_memory.u_data/dout[13] after 1 rounds of buffering (no solution meets design rules)
[WARNING RSZ-2005] cannot find a viable buffering solution on pin u_protected_memory.u_data/dout[12] after 1 rounds of buffering (no solution meets design rules)
[WARNING RSZ-2005] cannot find a viable buffering solution on pin u_protected_memory.u_data/dout[11] after 1 rounds of buffering (no solution meets design rules)
[WARNING RSZ-2005] cannot find a viable buffering solution on pin u_protected_memory.u_data/dout[10] after 1 rounds of buffering (no solution meets design rules)
[WARNING RSZ-2005] cannot find a viable buffering solution on pin u_protected_memory.u_data/dout[0] after 1 rounds of buffering (no solution meets design rules)
      648 |     +0.0% |      81 |       98 |        79
[WARNING RSZ-2009] Skipping buffering because no valid buffering solution satisfying the design rules can be found for net connected to pin input90/X.
[WARNING RSZ-2005] cannot find a viable buffering solution on pin input90/X after 1 rounds of buffering (no solution meets design rules)
      720 |     +0.1% |     150 |      175 |         7
    final |     +0.1% |     157 |      182 |         0
-------------------------------------------------------
[INFO GPL-0106] Timing-driven: worst slack 7.2623196e-10
[INFO GPL-0107] Timing-driven: repair_design delta area: 1026.504 um^2 (+12.24%)
[INFO GPL-0108] Timing-driven: repair_design, gpl delta gcells: 126 (+13.38%)
[INFO GPL-0109] Timing-driven: repair_design, gcells created: 283, deleted: 157
[INFO GPL-0110] Timing-driven: new target density: 0.30889124
Iteration | Overflow |     HPWL (um) |  HPWL(%) |   Penalty | Group
---------------------------------------------------------------
      340 |   0.2667 |  7.802430e+04 |   +1.24% |  6.56e-08 |      
      350 |   0.1666 |  7.878440e+04 |   +0.97% |  9.65e-08 |      
      360 |   0.1487 |  7.813113e+04 |   -0.83% |  1.42e-07 |      
      370 |   0.1291 |  7.808241e+04 |   -0.06% |  2.10e-07 |      
      380 |   0.1101 |  7.787049e+04 |   -0.27% |  3.09e-07 |      
      386 |   0.0995 |  7.779147e+04 |          |  4.05e-07 |      
---------------------------------------------------------------
[INFO GPL-1001] Global placement finished at iteration 386
[INFO GPL-1017] Routability mode iteration count: 303
[INFO GPL-1005] Routability final weighted congestion: 0.9146
[INFO GPL-1002] Placed Cell Area             9414.7847
[INFO GPL-1003] Available Free Area         340297.6224
[INFO GPL-1004] Minimum Feasible Density        0.0200 (cell_area / free_area)
[INFO GPL-1006]   Suggested Target Densities:
[INFO GPL-1007]     - For 90% usage of free space: 0.0307
[INFO GPL-1008]     - For 80% usage of free space: 0.0346
[INFO GPL-1009]     - For 50% usage of free space: 0.0553
[INFO GPL-1011] Original area (um^2): 6389.12
[INFO GPL-1012] Total routability artificial inflation: 0.00 (+0.00%)
[INFO GPL-1013] Total timing-driven delta area: 3025.67 (+47.36%)
[INFO GPL-1014] Final placement area: 9414.78 (+47.36%)
Took 8 seconds: global_placement -density 0.3 -pad_left 0 -pad_right 0 -routability_driven -random_seed 19 -timing_driven -force_center_initial_place -min_phi_coef 0.95 -max_phi_coef 1.05
estimate_parasitics -placement
Report metrics stage 3, global place...

==========================================================================
global place report_design_area
--------------------------------------------------------------------------
Design area 275386 um^2 45% utilization.
write_db /work/campaigns/iscas_sustainability_extension/memory_compiler/gate3_attempt08_sram22_slew_provenance_and_drv_closure/raw/openroad/work/results/sky130hd/attempt08_e0/seed19/3_3_place_gp.odb
Elapsed time: 0:10.82[h:]min:sec. CPU time: user 21.07 sys 1.02 (204%). Peak memory: 290152KB.
Log                       Ext     Elapsed/s Peak Memory/MB sha1sum result [0:20)
3_3_place_gp              .odb           10            283 4ddfe5235efe5b1c3361
