OpenROAD 26Q3-1080-gab6fd26351 
Features included (+) or not (-): +GPU +GUI +Python
This program is licensed under the BSD-3 license. See the LICENSE file for details.
Components of this program may be licensed under more restrictive licenses which must be honored.
[INFO ORD-0030] Using 4 thread(s).
read_liberty /OpenROAD-flow-scripts/flow/platforms/sky130hd/lib/sky130_fd_sc_hd__tt_025C_1v80.lib
read_liberty /work/campaigns/iscas_sustainability_extension/memory_compiler/gate3_attempt08_sram22_slew_provenance_and_drv_closure/source_checkout/sram22_256x64m4w8/sram22_256x64m4w8_tt_025C_1v80.lib
read_liberty /work/campaigns/iscas_sustainability_extension/memory_compiler/gate3_attempt08_sram22_slew_provenance_and_drv_closure/source_checkout/sram22_256x8m8w1/sram22_256x8m8w1_tt_025C_1v80.lib
read_db /work/campaigns/iscas_sustainability_extension/memory_compiler/gate3_attempt08_sram22_slew_provenance_and_drv_closure/raw/openroad/work/results/sky130hd/attempt08_e0/seed19/5_1_grt.odb
read_sdc /work/campaigns/iscas_sustainability_extension/memory_compiler/gate3_attempt08_sram22_slew_provenance_and_drv_closure/raw/openroad/work/results/sky130hd/attempt08_e0/seed19/5_1_grt.sdc
source /OpenROAD-flow-scripts/flow/platforms/sky130hd/setRC.tcl
detailed_route -output_drc /work/campaigns/iscas_sustainability_extension/memory_compiler/gate3_attempt08_sram22_slew_provenance_and_drv_closure/raw/openroad/work/reports/sky130hd/attempt08_e0/seed19/5_route_drc.rpt -output_maze /work/campaigns/iscas_sustainability_extension/memory_compiler/gate3_attempt08_sram22_slew_provenance_and_drv_closure/raw/openroad/work/results/sky130hd/attempt08_e0/seed19/maze.log -droute_end_iter 64 -verbose 1 -drc_report_iter_step 5
[INFO DRT-0149] Reading tech and libs.
[WARNING DRT-0349] LEF58_ENCLOSURE with no CUTCLASS is not supported. Skipping for layer mcon
[WARNING DRT-0349] LEF58_ENCLOSURE with no CUTCLASS is not supported. Skipping for layer mcon
[WARNING DRT-0349] LEF58_ENCLOSURE with no CUTCLASS is not supported. Skipping for layer via
[WARNING DRT-0349] LEF58_ENCLOSURE with no CUTCLASS is not supported. Skipping for layer via
[WARNING DRT-0349] LEF58_ENCLOSURE with no CUTCLASS is not supported. Skipping for layer via2
[WARNING DRT-0349] LEF58_ENCLOSURE with no CUTCLASS is not supported. Skipping for layer via2
[WARNING DRT-0349] LEF58_ENCLOSURE with no CUTCLASS is not supported. Skipping for layer via3
[WARNING DRT-0349] LEF58_ENCLOSURE with no CUTCLASS is not supported. Skipping for layer via3
[WARNING DRT-0349] LEF58_ENCLOSURE with no CUTCLASS is not supported. Skipping for layer via4
[WARNING DRT-0349] LEF58_ENCLOSURE with no CUTCLASS is not supported. Skipping for layer via4

Units:                1000
Number of layers:     13
Number of macros:     443
Number of vias:       130
Number of viarulegen: 25

[INFO DRT-0150] Reading design.

Design:                   e0_sram22_top
Die area:                 ( 0 0 ) ( 1000000 650000 )
Number of track patterns: 12
Number of DEF vias:       0
Number of components:     5840
Number of terminals:      144
Number of snets:          2
Number of nets:           1228

[WARNING DRT-0419] No routing tracks pass through the center of Term u_protected_memory.u_data/dout[0]
[WARNING DRT-0419] No routing tracks pass through the center of Term u_protected_memory.u_data/dout[1]
[WARNING DRT-0419] No routing tracks pass through the center of Term u_protected_memory.u_data/dout[2]
[WARNING DRT-0419] No routing tracks pass through the center of Term u_protected_memory.u_data/dout[3]
[WARNING DRT-0419] No routing tracks pass through the center of Term u_protected_memory.u_data/dout[4]
[WARNING DRT-0419] No routing tracks pass through the center of Term u_protected_memory.u_data/dout[5]
[WARNING DRT-0419] No routing tracks pass through the center of Term u_protected_memory.u_data/dout[6]
[WARNING DRT-0419] No routing tracks pass through the center of Term u_protected_memory.u_data/dout[7]
[WARNING DRT-0419] No routing tracks pass through the center of Term u_protected_memory.u_data/dout[8]
[WARNING DRT-0419] No routing tracks pass through the center of Term u_protected_memory.u_data/dout[9]
[WARNING DRT-0419] No routing tracks pass through the center of Term u_protected_memory.u_data/dout[10]
[WARNING DRT-0419] No routing tracks pass through the center of Term u_protected_memory.u_data/dout[11]
[WARNING DRT-0419] No routing tracks pass through the center of Term u_protected_memory.u_data/dout[12]
[WARNING DRT-0419] No routing tracks pass through the center of Term u_protected_memory.u_data/dout[13]
[WARNING DRT-0419] No routing tracks pass through the center of Term u_protected_memory.u_data/dout[14]
[WARNING DRT-0419] No routing tracks pass through the center of Term u_protected_memory.u_data/dout[15]
[WARNING DRT-0419] No routing tracks pass through the center of Term u_protected_memory.u_data/dout[16]
[WARNING DRT-0419] No routing tracks pass through the center of Term u_protected_memory.u_data/dout[17]
[WARNING DRT-0419] No routing tracks pass through the center of Term u_protected_memory.u_data/dout[18]
[WARNING DRT-0419] No routing tracks pass through the center of Term u_protected_memory.u_data/dout[19]
[WARNING DRT-0419] No routing tracks pass through the center of Term u_protected_memory.u_data/dout[20]
[WARNING DRT-0419] No routing tracks pass through the center of Term u_protected_memory.u_data/dout[21]
[WARNING DRT-0419] No routing tracks pass through the center of Term u_protected_memory.u_data/dout[22]
[WARNING DRT-0419] No routing tracks pass through the center of Term u_protected_memory.u_data/dout[23]
[WARNING DRT-0419] No routing tracks pass through the center of Term u_protected_memory.u_data/dout[24]
[WARNING DRT-0419] No routing tracks pass through the center of Term u_protected_memory.u_data/dout[25]
[WARNING DRT-0419] No routing tracks pass through the center of Term u_protected_memory.u_data/dout[26]
[WARNING DRT-0419] No routing tracks pass through the center of Term u_protected_memory.u_data/dout[27]
[WARNING DRT-0419] No routing tracks pass through the center of Term u_protected_memory.u_data/dout[28]
[WARNING DRT-0419] No routing tracks pass through the center of Term u_protected_memory.u_data/dout[29]
[WARNING DRT-0419] No routing tracks pass through the center of Term u_protected_memory.u_data/dout[30]
[WARNING DRT-0419] No routing tracks pass through the center of Term u_protected_memory.u_data/dout[31]
[WARNING DRT-0419] No routing tracks pass through the center of Term u_protected_memory.u_data/dout[32]
[WARNING DRT-0419] No routing tracks pass through the center of Term u_protected_memory.u_data/dout[33]
[WARNING DRT-0419] No routing tracks pass through the center of Term u_protected_memory.u_data/dout[34]
[WARNING DRT-0419] No routing tracks pass through the center of Term u_protected_memory.u_data/dout[35]
[WARNING DRT-0419] No routing tracks pass through the center of Term u_protected_memory.u_data/dout[36]
[WARNING DRT-0419] No routing tracks pass through the center of Term u_protected_memory.u_data/dout[37]
[WARNING DRT-0419] No routing tracks pass through the center of Term u_protected_memory.u_data/dout[38]
[WARNING DRT-0419] No routing tracks pass through the center of Term u_protected_memory.u_data/dout[39]
[WARNING DRT-0419] No routing tracks pass through the center of Term u_protected_memory.u_data/dout[40]
[WARNING DRT-0419] No routing tracks pass through the center of Term u_protected_memory.u_data/dout[41]
[WARNING DRT-0419] No routing tracks pass through the center of Term u_protected_memory.u_data/dout[42]
[WARNING DRT-0419] No routing tracks pass through the center of Term u_protected_memory.u_data/dout[43]
[WARNING DRT-0419] No routing tracks pass through the center of Term u_protected_memory.u_data/dout[44]
[WARNING DRT-0419] No routing tracks pass through the center of Term u_protected_memory.u_data/dout[45]
[WARNING DRT-0419] No routing tracks pass through the center of Term u_protected_memory.u_data/dout[46]
[WARNING DRT-0419] No routing tracks pass through the center of Term u_protected_memory.u_data/dout[47]
[WARNING DRT-0419] No routing tracks pass through the center of Term u_protected_memory.u_data/dout[48]
[WARNING DRT-0419] No routing tracks pass through the center of Term u_protected_memory.u_data/dout[49]
[WARNING DRT-0419] No routing tracks pass through the center of Term u_protected_memory.u_data/dout[50]
[WARNING DRT-0419] No routing tracks pass through the center of Term u_protected_memory.u_data/dout[51]
[WARNING DRT-0419] No routing tracks pass through the center of Term u_protected_memory.u_data/dout[52]
[WARNING DRT-0419] No routing tracks pass through the center of Term u_protected_memory.u_data/dout[53]
[WARNING DRT-0419] No routing tracks pass through the center of Term u_protected_memory.u_data/dout[54]
[WARNING DRT-0419] No routing tracks pass through the center of Term u_protected_memory.u_data/dout[55]
[WARNING DRT-0419] No routing tracks pass through the center of Term u_protected_memory.u_data/dout[56]
[WARNING DRT-0419] No routing tracks pass through the center of Term u_protected_memory.u_data/dout[57]
[WARNING DRT-0419] No routing tracks pass through the center of Term u_protected_memory.u_data/dout[58]
[WARNING DRT-0419] No routing tracks pass through the center of Term u_protected_memory.u_data/dout[59]
[WARNING DRT-0419] No routing tracks pass through the center of Term u_protected_memory.u_data/dout[60]
[WARNING DRT-0419] No routing tracks pass through the center of Term u_protected_memory.u_data/dout[61]
[WARNING DRT-0419] No routing tracks pass through the center of Term u_protected_memory.u_data/dout[62]
[WARNING DRT-0419] No routing tracks pass through the center of Term u_protected_memory.u_data/dout[63]
[WARNING DRT-0419] No routing tracks pass through the center of Term u_protected_memory.u_data/din[0]
[WARNING DRT-0419] No routing tracks pass through the center of Term u_protected_memory.u_data/din[1]
[WARNING DRT-0419] No routing tracks pass through the center of Term u_protected_memory.u_data/din[2]
[WARNING DRT-0419] No routing tracks pass through the center of Term u_protected_memory.u_data/din[3]
[WARNING DRT-0419] No routing tracks pass through the center of Term u_protected_memory.u_data/din[4]
[WARNING DRT-0419] No routing tracks pass through the center of Term u_protected_memory.u_data/din[5]
[WARNING DRT-0419] No routing tracks pass through the center of Term u_protected_memory.u_data/din[6]
[WARNING DRT-0419] No routing tracks pass through the center of Term u_protected_memory.u_data/din[7]
[WARNING DRT-0419] No routing tracks pass through the center of Term u_protected_memory.u_data/din[8]
[WARNING DRT-0419] No routing tracks pass through the center of Term u_protected_memory.u_data/din[9]
[WARNING DRT-0419] No routing tracks pass through the center of Term u_protected_memory.u_data/din[10]
[WARNING DRT-0419] No routing tracks pass through the center of Term u_protected_memory.u_data/din[11]
[WARNING DRT-0419] No routing tracks pass through the center of Term u_protected_memory.u_data/din[12]
[WARNING DRT-0419] No routing tracks pass through the center of Term u_protected_memory.u_data/din[13]
[WARNING DRT-0419] No routing tracks pass through the center of Term u_protected_memory.u_data/din[14]
[WARNING DRT-0419] No routing tracks pass through the center of Term u_protected_memory.u_data/din[15]
[WARNING DRT-0419] No routing tracks pass through the center of Term u_protected_memory.u_data/din[16]
[WARNING DRT-0419] No routing tracks pass through the center of Term u_protected_memory.u_data/din[17]
[WARNING DRT-0419] No routing tracks pass through the center of Term u_protected_memory.u_data/din[18]
[WARNING DRT-0419] No routing tracks pass through the center of Term u_protected_memory.u_data/din[19]
[WARNING DRT-0419] No routing tracks pass through the center of Term u_protected_memory.u_data/din[20]
[WARNING DRT-0419] No routing tracks pass through the center of Term u_protected_memory.u_data/din[21]
[WARNING DRT-0419] No routing tracks pass through the center of Term u_protected_memory.u_data/din[22]
[WARNING DRT-0419] No routing tracks pass through the center of Term u_protected_memory.u_data/din[23]
[WARNING DRT-0419] No routing tracks pass through the center of Term u_protected_memory.u_data/din[24]
[WARNING DRT-0419] No routing tracks pass through the center of Term u_protected_memory.u_data/din[25]
[WARNING DRT-0419] No routing tracks pass through the center of Term u_protected_memory.u_data/din[26]
[WARNING DRT-0419] No routing tracks pass through the center of Term u_protected_memory.u_data/din[27]
[WARNING DRT-0419] No routing tracks pass through the center of Term u_protected_memory.u_data/din[28]
[WARNING DRT-0419] No routing tracks pass through the center of Term u_protected_memory.u_data/din[29]
[WARNING DRT-0419] No routing tracks pass through the center of Term u_protected_memory.u_data/din[30]
[WARNING DRT-0419] No routing tracks pass through the center of Term u_protected_memory.u_data/din[31]
[WARNING DRT-0419] No routing tracks pass through the center of Term u_protected_memory.u_data/din[32]
[WARNING DRT-0419] No routing tracks pass through the center of Term u_protected_memory.u_data/din[33]
[WARNING DRT-0419] No routing tracks pass through the center of Term u_protected_memory.u_data/din[34]
[WARNING DRT-0419] No routing tracks pass through the center of Term u_protected_memory.u_data/din[35]
[WARNING DRT-0419] No routing tracks pass through the center of Term u_protected_memory.u_data/din[36]
[WARNING DRT-0419] No routing tracks pass through the center of Term u_protected_memory.u_data/din[37]
[WARNING DRT-0419] No routing tracks pass through the center of Term u_protected_memory.u_data/din[38]
[WARNING DRT-0419] No routing tracks pass through the center of Term u_protected_memory.u_data/din[39]
[WARNING DRT-0419] No routing tracks pass through the center of Term u_protected_memory.u_data/din[40]
[WARNING DRT-0419] No routing tracks pass through the center of Term u_protected_memory.u_data/din[41]
[WARNING DRT-0419] No routing tracks pass through the center of Term u_protected_memory.u_data/din[42]
[WARNING DRT-0419] No routing tracks pass through the center of Term u_protected_memory.u_data/din[43]
[WARNING DRT-0419] No routing tracks pass through the center of Term u_protected_memory.u_data/din[44]
[WARNING DRT-0419] No routing tracks pass through the center of Term u_protected_memory.u_data/din[45]
[WARNING DRT-0419] No routing tracks pass through the center of Term u_protected_memory.u_data/din[46]
[WARNING DRT-0419] No routing tracks pass through the center of Term u_protected_memory.u_data/din[47]
[WARNING DRT-0419] No routing tracks pass through the center of Term u_protected_memory.u_data/din[48]
[WARNING DRT-0419] No routing tracks pass through the center of Term u_protected_memory.u_data/din[49]
[WARNING DRT-0419] No routing tracks pass through the center of Term u_protected_memory.u_data/din[50]
[WARNING DRT-0419] No routing tracks pass through the center of Term u_protected_memory.u_data/din[51]
[WARNING DRT-0419] No routing tracks pass through the center of Term u_protected_memory.u_data/din[52]
[WARNING DRT-0419] No routing tracks pass through the center of Term u_protected_memory.u_data/din[53]
[WARNING DRT-0419] No routing tracks pass through the center of Term u_protected_memory.u_data/din[54]
[WARNING DRT-0419] No routing tracks pass through the center of Term u_protected_memory.u_data/din[55]
[WARNING DRT-0419] No routing tracks pass through the center of Term u_protected_memory.u_data/din[56]
[WARNING DRT-0419] No routing tracks pass through the center of Term u_protected_memory.u_data/din[57]
[WARNING DRT-0419] No routing tracks pass through the center of Term u_protected_memory.u_data/din[58]
[WARNING DRT-0419] No routing tracks pass through the center of Term u_protected_memory.u_data/din[59]
[WARNING DRT-0419] No routing tracks pass through the center of Term u_protected_memory.u_data/din[60]
[WARNING DRT-0419] No routing tracks pass through the center of Term u_protected_memory.u_data/din[61]
[WARNING DRT-0419] No routing tracks pass through the center of Term u_protected_memory.u_data/din[62]
[WARNING DRT-0419] No routing tracks pass through the center of Term u_protected_memory.u_data/din[63]
[WARNING DRT-0419] No routing tracks pass through the center of Term u_protected_memory.u_data/wmask[1]
[WARNING DRT-0419] No routing tracks pass through the center of Term u_protected_memory.u_data/wmask[2]
[WARNING DRT-0419] No routing tracks pass through the center of Term u_protected_memory.u_data/wmask[3]
[WARNING DRT-0419] No routing tracks pass through the center of Term u_protected_memory.u_data/wmask[4]
[WARNING DRT-0419] No routing tracks pass through the center of Term u_protected_memory.u_data/wmask[5]
[WARNING DRT-0419] No routing tracks pass through the center of Term u_protected_memory.u_data/wmask[6]
[WARNING DRT-0419] No routing tracks pass through the center of Term u_protected_memory.u_data/wmask[7]
[WARNING DRT-0418] Term u_protected_memory.u_ecc/dout[0] has no pins on routing grid
[WARNING DRT-0418] Term u_protected_memory.u_ecc/dout[1] has no pins on routing grid
[WARNING DRT-0418] Term u_protected_memory.u_ecc/dout[2] has no pins on routing grid
[WARNING DRT-0418] Term u_protected_memory.u_ecc/dout[3] has no pins on routing grid
[WARNING DRT-0418] Term u_protected_memory.u_ecc/dout[4] has no pins on routing grid
[WARNING DRT-0418] Term u_protected_memory.u_ecc/dout[5] has no pins on routing grid
[WARNING DRT-0418] Term u_protected_memory.u_ecc/dout[6] has no pins on routing grid
[WARNING DRT-0418] Term u_protected_memory.u_ecc/dout[7] has no pins on routing grid
[WARNING DRT-0419] No routing tracks pass through the center of Term u_protected_memory.u_ecc/din[0]
[WARNING DRT-0419] No routing tracks pass through the center of Term u_protected_memory.u_ecc/din[1]
[WARNING DRT-0419] No routing tracks pass through the center of Term u_protected_memory.u_ecc/din[2]
[WARNING DRT-0418] Term u_protected_memory.u_ecc/din[3] has no pins on routing grid
[WARNING DRT-0418] Term u_protected_memory.u_ecc/din[4] has no pins on routing grid
[WARNING DRT-0418] Term u_protected_memory.u_ecc/din[5] has no pins on routing grid
[WARNING DRT-0418] Term u_protected_memory.u_ecc/din[6] has no pins on routing grid
[WARNING DRT-0418] Term u_protected_memory.u_ecc/din[7] has no pins on routing grid
[WARNING DRT-0419] No routing tracks pass through the center of Term u_protected_memory.u_ecc/wmask[0]
[WARNING DRT-0419] No routing tracks pass through the center of Term u_protected_memory.u_ecc/wmask[1]
[WARNING DRT-0419] No routing tracks pass through the center of Term u_protected_memory.u_ecc/wmask[2]
[WARNING DRT-0418] Term u_protected_memory.u_ecc/wmask[3] has no pins on routing grid
[WARNING DRT-0418] Term u_protected_memory.u_ecc/wmask[4] has no pins on routing grid
[WARNING DRT-0418] Term u_protected_memory.u_ecc/wmask[5] has no pins on routing grid
[WARNING DRT-0418] Term u_protected_memory.u_ecc/wmask[6] has no pins on routing grid
[WARNING DRT-0418] Term u_protected_memory.u_ecc/wmask[7] has no pins on routing grid
[INFO DRT-0167] List of default vias:
  Layer via
    default via: M1M2_PR
  Layer via2
    default via: M2M3_PR
  Layer via3
    default via: M3M4_PR
  Layer via4
    default via: M4M5_PR
[INFO DRT-0162] Library cell analysis.
[INFO DRT-0163] Instance analysis.
[INFO DRT-0164] Number of unique instances = 98.
[INFO DRT-0168] Init region query.
[INFO DRT-0024]   Complete FR_MASTERSLICE.
[INFO DRT-0024]   Complete Fr_VIA.
[INFO DRT-0024]   Complete li1.
[INFO DRT-0024]   Complete mcon.
[INFO DRT-0024]   Complete met1.
[INFO DRT-0024]   Complete via.
[INFO DRT-0024]   Complete met2.
[INFO DRT-0024]   Complete via2.
[INFO DRT-0024]   Complete met3.
[INFO DRT-0024]   Complete via3.
[INFO DRT-0024]   Complete met4.
[INFO DRT-0024]   Complete via4.
[INFO DRT-0024]   Complete met5.
[INFO DRT-0033] FR_MASTERSLICE shape region query size = 0.
[INFO DRT-0033] FR_VIA shape region query size = 0.
[INFO DRT-0033] li1 shape region query size = 47229.
[INFO DRT-0033] mcon shape region query size = 24950.
[INFO DRT-0033] met1 shape region query size = 17804.
[INFO DRT-0033] via shape region query size = 24330.
[INFO DRT-0033] met2 shape region query size = 22048.
[INFO DRT-0033] via2 shape region query size = 45597.
[INFO DRT-0033] met3 shape region query size = 29027.
[INFO DRT-0033] via3 shape region query size = 45281.
[INFO DRT-0033] met4 shape region query size = 11428.
[INFO DRT-0033] via4 shape region query size = 1676.
[INFO DRT-0033] met5 shape region query size = 1768.
[INFO DRT-0165] Start pin access.
[INFO DRT-0078]   Complete 907 pins.
[INFO DRT-0081]   Complete 96 unique inst patterns.
[INFO DRT-0084]   Complete 926 groups.
#scanned instances     = 5840
#unique  instances     = 98
#stdCellGenAp          = 2868
#stdCellValidPlanarAp  = 37
#stdCellValidViaAp     = 2075
#stdCellPinNoAp        = 0
#stdCellPinCnt         = 2852
#instTermValidViaApCnt = 0
#macroGenAp            = 553
#macroValidPlanarAp    = 452
#macroValidViaAp       = 0
#macroNoAp             = 0
[INFO DRT-0166] Complete pin access.
[INFO DRT-0267] cpu time = 00:00:54, elapsed time = 00:00:16, memory = 267.83 (MB), peak = 267.38 (MB)

[INFO DRT-0157] Number of guides:     8344

[INFO DRT-0169] Post process guides.
[INFO DRT-0176] GCELLGRID X 0 DO 144 STEP 6900 ;
[INFO DRT-0177] GCELLGRID Y 0 DO 94 STEP 6900 ;
[INFO DRT-0028]   Complete FR_MASTERSLICE.
[INFO DRT-0028]   Complete Fr_VIA.
[INFO DRT-0028]   Complete li1.
[INFO DRT-0028]   Complete mcon.
[INFO DRT-0028]   Complete met1.
[INFO DRT-0028]   Complete via.
[INFO DRT-0028]   Complete met2.
[INFO DRT-0028]   Complete via2.
[INFO DRT-0028]   Complete met3.
[INFO DRT-0028]   Complete via3.
[INFO DRT-0028]   Complete met4.
[INFO DRT-0028]   Complete via4.
[INFO DRT-0028]   Complete met5.
[INFO DRT-0178] Init guide query.
[INFO DRT-0035]   Complete FR_MASTERSLICE (guide).
[INFO DRT-0035]   Complete Fr_VIA (guide).
[INFO DRT-0035]   Complete li1 (guide).
[INFO DRT-0035]   Complete mcon (guide).
[INFO DRT-0035]   Complete met1 (guide).
[INFO DRT-0035]   Complete via (guide).
[INFO DRT-0035]   Complete met2 (guide).
[INFO DRT-0035]   Complete via2 (guide).
[INFO DRT-0035]   Complete met3 (guide).
[INFO DRT-0035]   Complete via3 (guide).
[INFO DRT-0035]   Complete met4 (guide).
[INFO DRT-0035]   Complete via4 (guide).
[INFO DRT-0035]   Complete met5 (guide).
[INFO DRT-0036] FR_MASTERSLICE guide region query size = 0.
[INFO DRT-0036] FR_VIA guide region query size = 0.
[INFO DRT-0036] li1 guide region query size = 2564.
[INFO DRT-0036] mcon guide region query size = 0.
[INFO DRT-0036] met1 guide region query size = 2448.
[INFO DRT-0036] via guide region query size = 0.
[INFO DRT-0036] met2 guide region query size = 1387.
[INFO DRT-0036] via2 guide region query size = 0.
[INFO DRT-0036] met3 guide region query size = 320.
[INFO DRT-0036] via3 guide region query size = 0.
[INFO DRT-0036] met4 guide region query size = 160.
[INFO DRT-0036] via4 guide region query size = 0.
[INFO DRT-0036] met5 guide region query size = 7.
[INFO DRT-0179] Init gr pin query.
[INFO DRT-0267] cpu time = 00:00:00, elapsed time = 00:00:00, memory = 270.34 (MB), peak = 269.88 (MB)
[INFO DRT-0245] skipped writing guide updates to database.
[INFO DRT-0181] Start track assignment.
[INFO DRT-0184] Done with 4111 vertical wires in 3 frboxes and 2775 horizontal wires in 2 frboxes.
[INFO DRT-0186] Done with 545 vertical wires in 3 frboxes and 710 horizontal wires in 2 frboxes.
[INFO DRT-0182] Complete track assignment.
[INFO DRT-0267] cpu time = 00:00:02, elapsed time = 00:00:01, memory = 308.52 (MB), peak = 336.72 (MB)
[INFO DRT-0187] Start routing data preparation.
[INFO DRT-0267] cpu time = 00:00:00, elapsed time = 00:00:00, memory = 308.52 (MB), peak = 336.72 (MB)
[INFO DRT-0194] Start detail routing.
[INFO DRT-0195] Start 0th optimization iteration.
    Completing 10% with 0 violations.
    elapsed time = 00:00:00, memory = 328.44 (MB).
    Completing 20% with 0 violations.
    elapsed time = 00:00:00, memory = 363.53 (MB).
    Completing 30% with 190 violations.
    elapsed time = 00:00:04, memory = 348.76 (MB).
    Completing 40% with 190 violations.
    elapsed time = 00:00:05, memory = 383.00 (MB).
    Completing 50% with 190 violations.
    elapsed time = 00:00:05, memory = 396.24 (MB).
    Completing 60% with 340 violations.
    elapsed time = 00:00:06, memory = 385.01 (MB).
    Completing 70% with 340 violations.
    elapsed time = 00:00:07, memory = 405.38 (MB).
    Completing 80% with 510 violations.
    elapsed time = 00:00:10, memory = 390.57 (MB).
    Completing 90% with 510 violations.
    elapsed time = 00:00:12, memory = 402.18 (MB).
    Completing 100% with 638 violations.
    elapsed time = 00:00:12, memory = 403.93 (MB).
[INFO DRT-0199]   Number of violations = 703.
Viol/Layer         li1   mcon   met1   met2   via2   met3   met4
Cut Spacing          0      2      0      0      1      0      0
Metal Spacing        0      0    130     22      0     10      0
Min Hole             0      0      1      0      0      0      0
Recheck              1      0     37     20      0      4      3
Short                0      0    425     39      0      8      0
[INFO DRT-0267] cpu time = 00:00:28, elapsed time = 00:00:13, memory = 732.72 (MB), peak = 732.36 (MB)
Total wire length = 80665 um.
Total wire length on LAYER li1 = 0 um.
Total wire length on LAYER met1 = 23372 um.
Total wire length on LAYER met2 = 44233 um.
Total wire length on LAYER met3 = 5752 um.
Total wire length on LAYER met4 = 7220 um.
Total wire length on LAYER met5 = 86 um.
Total number of vias = 6667.
Up-via summary (total 6667):

-----------------------
 FR_MASTERSLICE       0
            li1    2889
           met1    3179
           met2     338
           met3     249
           met4      12
-----------------------
               6667


[INFO DRT-0195] Start 1st optimization iteration.
    Completing 10% with 703 violations.
    elapsed time = 00:00:00, memory = 732.77 (MB).
    Completing 20% with 703 violations.
    elapsed time = 00:00:00, memory = 749.46 (MB).
    Completing 30% with 644 violations.
    elapsed time = 00:00:02, memory = 732.77 (MB).
    Completing 40% with 644 violations.
    elapsed time = 00:00:03, memory = 735.78 (MB).
    Completing 50% with 644 violations.
    elapsed time = 00:00:03, memory = 735.78 (MB).
    Completing 60% with 561 violations.
    elapsed time = 00:00:06, memory = 737.95 (MB).
    Completing 70% with 561 violations.
    elapsed time = 00:00:06, memory = 739.90 (MB).
    Completing 80% with 464 violations.
    elapsed time = 00:00:09, memory = 742.21 (MB).
    Completing 90% with 464 violations.
    elapsed time = 00:00:09, memory = 751.77 (MB).
    Completing 100% with 341 violations.
    elapsed time = 00:00:13, memory = 751.77 (MB).
[INFO DRT-0199]   Number of violations = 341.
Viol/Layer        mcon   met1   met2   met3
Cut Spacing          2      0      0      0
Metal Spacing        0     59      9      1
Short                0    255     13      2
[INFO DRT-0267] cpu time = 00:00:26, elapsed time = 00:00:14, memory = 754.77 (MB), peak = 754.24 (MB)
Total wire length = 80458 um.
Total wire length on LAYER li1 = 0 um.
Total wire length on LAYER met1 = 23172 um.
Total wire length on LAYER met2 = 44167 um.
Total wire length on LAYER met3 = 5829 um.
Total wire length on LAYER met4 = 7201 um.
Total wire length on LAYER met5 = 85 um.
Total number of vias = 6664.
Up-via summary (total 6664):

-----------------------
 FR_MASTERSLICE       0
            li1    2893
           met1    3159
           met2     354
           met3     246
           met4      12
-----------------------
               6664


[INFO DRT-0195] Start 2nd optimization iteration.
    Completing 10% with 341 violations.
    elapsed time = 00:00:00, memory = 754.77 (MB).
    Completing 20% with 341 violations.
    elapsed time = 00:00:00, memory = 757.35 (MB).
    Completing 30% with 332 violations.
    elapsed time = 00:00:01, memory = 757.35 (MB).
    Completing 40% with 332 violations.
    elapsed time = 00:00:02, memory = 775.25 (MB).
    Completing 50% with 332 violations.
    elapsed time = 00:00:02, memory = 757.75 (MB).
    Completing 60% with 326 violations.
    elapsed time = 00:00:03, memory = 757.75 (MB).
    Completing 70% with 326 violations.
    elapsed time = 00:00:03, memory = 760.38 (MB).
    Completing 80% with 337 violations.
    elapsed time = 00:00:04, memory = 760.38 (MB).
    Completing 90% with 337 violations.
    elapsed time = 00:00:05, memory = 785.20 (MB).
    Completing 100% with 299 violations.
    elapsed time = 00:00:17, memory = 760.38 (MB).
[INFO DRT-0199]   Number of violations = 299.
Viol/Layer        mcon   met1   met2   met3
Cut Spacing          3      0      0      0
Metal Spacing        0     61      4      2
Short                0    226      2      1
[INFO DRT-0267] cpu time = 00:00:28, elapsed time = 00:00:17, memory = 760.38 (MB), peak = 784.68 (MB)
Total wire length = 80265 um.
Total wire length on LAYER li1 = 0 um.
Total wire length on LAYER met1 = 23141 um.
Total wire length on LAYER met2 = 44199 um.
Total wire length on LAYER met3 = 5749 um.
Total wire length on LAYER met4 = 7081 um.
Total wire length on LAYER met5 = 92 um.
Total number of vias = 6592.
Up-via summary (total 6592):

-----------------------
 FR_MASTERSLICE       0
            li1    2889
           met1    3126
           met2     330
           met3     235
           met4      12
-----------------------
               6592


[INFO DRT-0195] Start 3rd optimization iteration.
    Completing 10% with 299 violations.
    elapsed time = 00:00:00, memory = 760.38 (MB).
    Completing 20% with 299 violations.
    elapsed time = 00:00:00, memory = 764.60 (MB).
    Completing 30% with 247 violations.
    elapsed time = 00:00:05, memory = 769.21 (MB).
    Completing 40% with 247 violations.
    elapsed time = 00:00:06, memory = 771.97 (MB).
    Completing 50% with 247 violations.
    elapsed time = 00:00:06, memory = 771.97 (MB).
    Completing 60% with 174 violations.
    elapsed time = 00:00:08, memory = 771.97 (MB).
    Completing 70% with 174 violations.
    elapsed time = 00:00:08, memory = 773.05 (MB).
    Completing 80% with 110 violations.
    elapsed time = 00:00:10, memory = 777.59 (MB).
    Completing 90% with 110 violations.
    elapsed time = 00:00:11, memory = 777.59 (MB).
    Completing 100% with 54 violations.
    elapsed time = 00:00:11, memory = 784.65 (MB).
[INFO DRT-0199]   Number of violations = 54.
Viol/Layer        met1   met2
Metal Spacing       13      3
Short               32      6
[INFO DRT-0267] cpu time = 00:00:21, elapsed time = 00:00:12, memory = 784.65 (MB), peak = 784.68 (MB)
Total wire length = 80275 um.
Total wire length on LAYER li1 = 0 um.
Total wire length on LAYER met1 = 22569 um.
Total wire length on LAYER met2 = 44302 um.
Total wire length on LAYER met3 = 6275 um.
Total wire length on LAYER met4 = 7060 um.
Total wire length on LAYER met5 = 67 um.
Total number of vias = 6732.
Up-via summary (total 6732):

-----------------------
 FR_MASTERSLICE       0
            li1    2890
           met1    3192
           met2     404
           met3     238
           met4       8
-----------------------
               6732


[INFO DRT-0195] Start 4th guides tiles iteration.
    Completing 10% with 54 violations.
    elapsed time = 00:00:00, memory = 784.65 (MB).
    Completing 20% with 54 violations.
    elapsed time = 00:00:00, memory = 784.65 (MB).
    Completing 40% with 54 violations.
    elapsed time = 00:00:00, memory = 784.65 (MB).
    Completing 50% with 2 violations.
    elapsed time = 00:00:00, memory = 784.65 (MB).
    Completing 70% with 2 violations.
    elapsed time = 00:00:00, memory = 784.65 (MB).
    Completing 80% with 2 violations.
    elapsed time = 00:00:00, memory = 784.65 (MB).
    Completing 100% with 1 violations.
    elapsed time = 00:00:00, memory = 784.65 (MB).
[INFO DRT-0199]   Number of violations = 1.
Viol/Layer        met1
Short                1
[INFO DRT-0267] cpu time = 00:00:01, elapsed time = 00:00:00, memory = 784.65 (MB), peak = 784.68 (MB)
Total wire length = 80256 um.
Total wire length on LAYER li1 = 0 um.
Total wire length on LAYER met1 = 22529 um.
Total wire length on LAYER met2 = 44311 um.
Total wire length on LAYER met3 = 6291 um.
Total wire length on LAYER met4 = 7056 um.
Total wire length on LAYER met5 = 67 um.
Total number of vias = 6736.
Up-via summary (total 6736):

-----------------------
 FR_MASTERSLICE       0
            li1    2890
           met1    3192
           met2     408
           met3     238
           met4       8
-----------------------
               6736


[INFO DRT-0195] Start 5th guides tiles iteration.
    Completing 50% with 1 violations.
    elapsed time = 00:00:00, memory = 784.65 (MB).
    Completing 100% with 1 violations.
    elapsed time = 00:00:00, memory = 784.65 (MB).
[INFO DRT-0199]   Number of violations = 1.
Viol/Layer        met1
Short                1
[INFO DRT-0267] cpu time = 00:00:00, elapsed time = 00:00:00, memory = 784.77 (MB), peak = 784.68 (MB)
Total wire length = 80256 um.
Total wire length on LAYER li1 = 0 um.
Total wire length on LAYER met1 = 22529 um.
Total wire length on LAYER met2 = 44311 um.
Total wire length on LAYER met3 = 6291 um.
Total wire length on LAYER met4 = 7056 um.
Total wire length on LAYER met5 = 67 um.
Total number of vias = 6736.
Up-via summary (total 6736):

-----------------------
 FR_MASTERSLICE       0
            li1    2890
           met1    3192
           met2     408
           met3     238
           met4       8
-----------------------
               6736


[INFO DRT-0195] Start 6th stubborn tiles iteration.
    Completing 10% with 1 violations.
    elapsed time = 00:00:00, memory = 784.77 (MB).
    Completing 20% with 1 violations.
    elapsed time = 00:00:01, memory = 784.77 (MB).
    Completing 30% with 1 violations.
    elapsed time = 00:00:01, memory = 784.77 (MB).
    Completing 40% with 1 violations.
    elapsed time = 00:00:02, memory = 784.77 (MB).
    Completing 50% with 1 violations.
    elapsed time = 00:00:03, memory = 784.77 (MB).
    Completing 60% with 1 violations.
    elapsed time = 00:00:04, memory = 784.77 (MB).
    Completing 70% with 1 violations.
    elapsed time = 00:00:04, memory = 784.77 (MB).
    Completing 80% with 1 violations.
    elapsed time = 00:00:04, memory = 784.77 (MB).
    Completing 90% with 1 violations.
    elapsed time = 00:00:07, memory = 787.82 (MB).
    Completing 100% with 0 violations.
    elapsed time = 00:00:10, memory = 787.91 (MB).
[INFO DRT-0199]   Number of violations = 0.
[INFO DRT-0267] cpu time = 00:00:35, elapsed time = 00:00:10, memory = 787.91 (MB), peak = 787.48 (MB)
Total wire length = 80257 um.
Total wire length on LAYER li1 = 0 um.
Total wire length on LAYER met1 = 22529 um.
Total wire length on LAYER met2 = 44311 um.
Total wire length on LAYER met3 = 6291 um.
Total wire length on LAYER met4 = 7056 um.
Total wire length on LAYER met5 = 67 um.
Total number of vias = 6736.
Up-via summary (total 6736):

-----------------------
 FR_MASTERSLICE       0
            li1    2890
           met1    3192
           met2     408
           met3     238
           met4       8
-----------------------
               6736


[INFO DRT-0198] Complete detail routing.
Total wire length = 80257 um.
Total wire length on LAYER li1 = 0 um.
Total wire length on LAYER met1 = 22529 um.
Total wire length on LAYER met2 = 44311 um.
Total wire length on LAYER met3 = 6291 um.
Total wire length on LAYER met4 = 7056 um.
Total wire length on LAYER met5 = 67 um.
Total number of vias = 6736.
Up-via summary (total 6736):

-----------------------
 FR_MASTERSLICE       0
            li1    2890
           met1    3192
           met2     408
           met3     238
           met4       8
-----------------------
               6736


[INFO DRT-0267] cpu time = 00:02:21, elapsed time = 00:01:09, memory = 787.91 (MB), peak = 787.48 (MB)

[INFO DRT-0180] Post processing.
[INFO DRT-0501] Runtime: 88.57s
Took 87 seconds: detailed_route -output_drc /work/campaigns/iscas_sustainability_extension/memory_compiler/gate3_attempt08_sram22_slew_provenance_and_drv_closure/raw/openroad/work/reports/sky130hd/attempt08_e0/seed19/5_route_drc.rpt -output_maze /work/campaigns/iscas_sustainability_extension/memory_compiler/gate3_attempt08_sram22_slew_provenance_and_drv_closure/raw/openroad/work/results/sky130hd/attempt08_e0/seed19/maze.log -droute_end_iter 64 -verbose 1 -drc_report_iter_step 5
[INFO GRT-0012] Found 1 antenna violations.
[INFO DPL-0006] Core area: 615627.94 um^2
[INFO DPL-0007] Movable instances area: 0.00 um^2
[INFO DPL-0008] Fixed instances area within core: 275673.78 um^2
[INFO DPL-0009] Utilization: 44.8%
[INFO DPL-0005] Diamond search max displacement: +/- 500 sites horizontally, +/- 100 rows vertically.
[INFO DPL-1102] Legalizing using negotiation legalizer.
[INFO DPL-1103] Negotiation base search window: +/-20 sites horizontally, +/-5 rows vertically 
	Automatic search window extension enabled.
	Search window extendable up to the max displacement cap of +/-500 sites, +/-100 rows near walls.
[INFO DPL-1104] NegotiationLegalizer DRC penalty: 5.
[INFO DPL-0392] Negotiation cell height distribution (3 unique row-count(s)):
[INFO DPL-0393]   height 1 row(s): 5840 cells
[INFO DPL-0393]   height 83 row(s): 1 cells
[INFO DPL-0393]   height 108 row(s): 1 cells
[INFO DPL-0500] Runtime: 0.04s
[INFO GRT-0015] Inserted 2 diodes.
[INFO DRT-0024]   Complete FR_MASTERSLICE.
[INFO DRT-0024]   Complete Fr_VIA.
[INFO DRT-0024]   Complete li1.
[INFO DRT-0024]   Complete mcon.
[INFO DRT-0024]   Complete met1.
[INFO DRT-0024]   Complete via.
[INFO DRT-0024]   Complete met2.
[INFO DRT-0024]   Complete via2.
[INFO DRT-0024]   Complete met3.
[INFO DRT-0024]   Complete via3.
[INFO DRT-0024]   Complete met4.
[INFO DRT-0024]   Complete via4.
[INFO DRT-0024]   Complete met5.
[INFO DRT-0165] Start pin access.
[INFO DRT-0078]   Complete 907 pins.
[INFO DRT-0081]   Complete 96 unique inst patterns.
[INFO DRT-0084]   Complete 926 groups.
#scanned instances     = 5842
#unique  instances     = 98
#stdCellGenAp          = 2868
#stdCellValidPlanarAp  = 37
#stdCellValidViaAp     = 2075
#stdCellPinNoAp        = 0
#stdCellPinCnt         = 2852
#instTermValidViaApCnt = 0
#macroGenAp            = 553
#macroValidPlanarAp    = 452
#macroValidViaAp       = 0
#macroNoAp             = 0
[INFO DRT-0166] Complete pin access.
[INFO DRT-0267] cpu time = 00:00:52, elapsed time = 00:00:13, memory = 695.77 (MB), peak = 787.60 (MB)

[INFO DRT-0157] Number of guides:     8335

[INFO DRT-0169] Post process guides.
[INFO DRT-0176] GCELLGRID X 0 DO 144 STEP 6900 ;
[INFO DRT-0177] GCELLGRID Y 0 DO 94 STEP 6900 ;
[INFO DRT-0028]   Complete FR_MASTERSLICE.
[INFO DRT-0028]   Complete Fr_VIA.
[INFO DRT-0028]   Complete li1.
[INFO DRT-0028]   Complete mcon.
[INFO DRT-0028]   Complete met1.
[INFO DRT-0028]   Complete via.
[INFO DRT-0028]   Complete met2.
[INFO DRT-0028]   Complete via2.
[INFO DRT-0028]   Complete met3.
[INFO DRT-0028]   Complete via3.
[INFO DRT-0028]   Complete met4.
[INFO DRT-0028]   Complete via4.
[INFO DRT-0028]   Complete met5.
[INFO DRT-0178] Init guide query.
[INFO DRT-0035]   Complete FR_MASTERSLICE (guide).
[INFO DRT-0035]   Complete Fr_VIA (guide).
[INFO DRT-0035]   Complete li1 (guide).
[INFO DRT-0035]   Complete mcon (guide).
[INFO DRT-0035]   Complete met1 (guide).
[INFO DRT-0035]   Complete via (guide).
[INFO DRT-0035]   Complete met2 (guide).
[INFO DRT-0035]   Complete via2 (guide).
[INFO DRT-0035]   Complete met3 (guide).
[INFO DRT-0035]   Complete via3 (guide).
[INFO DRT-0035]   Complete met4 (guide).
[INFO DRT-0035]   Complete via4 (guide).
[INFO DRT-0035]   Complete met5 (guide).
[INFO DRT-0036] FR_MASTERSLICE guide region query size = 0.
[INFO DRT-0036] FR_VIA guide region query size = 0.
[INFO DRT-0036] li1 guide region query size = 2564.
[INFO DRT-0036] mcon guide region query size = 0.
[INFO DRT-0036] met1 guide region query size = 2448.
[INFO DRT-0036] via guide region query size = 0.
[INFO DRT-0036] met2 guide region query size = 1386.
[INFO DRT-0036] via2 guide region query size = 0.
[INFO DRT-0036] met3 guide region query size = 319.
[INFO DRT-0036] via3 guide region query size = 0.
[INFO DRT-0036] met4 guide region query size = 158.
[INFO DRT-0036] via4 guide region query size = 0.
[INFO DRT-0036] met5 guide region query size = 6.
[INFO DRT-0179] Init gr pin query.
[INFO DRT-0267] cpu time = 00:00:00, elapsed time = 00:00:00, memory = 695.77 (MB), peak = 787.60 (MB)
[INFO DRT-0245] skipped writing guide updates to database.
[INFO DRT-0181] Start track assignment.
[INFO DRT-0184] Done with 4108 vertical wires in 3 frboxes and 2773 horizontal wires in 2 frboxes.
[INFO DRT-0186] Done with 548 vertical wires in 3 frboxes and 718 horizontal wires in 2 frboxes.
[INFO DRT-0182] Complete track assignment.
[INFO DRT-0267] cpu time = 00:00:02, elapsed time = 00:00:00, memory = 695.77 (MB), peak = 787.60 (MB)
[INFO DRT-0187] Start routing data preparation.
[INFO DRT-0267] cpu time = 00:00:00, elapsed time = 00:00:00, memory = 695.77 (MB), peak = 787.60 (MB)
[INFO DRT-0194] Start detail routing.
[INFO DRT-0195] Start 0th optimization iteration.
    Completing 10% with 0 violations.
    elapsed time = 00:00:00, memory = 695.77 (MB).
    Completing 20% with 0 violations.
    elapsed time = 00:00:00, memory = 695.77 (MB).
    Completing 30% with 8 violations.
    elapsed time = 00:00:00, memory = 695.77 (MB).
    Completing 40% with 8 violations.
    elapsed time = 00:00:01, memory = 695.77 (MB).
    Completing 50% with 8 violations.
    elapsed time = 00:00:01, memory = 695.77 (MB).
    Completing 60% with 11 violations.
    elapsed time = 00:00:01, memory = 695.77 (MB).
    Completing 70% with 11 violations.
    elapsed time = 00:00:02, memory = 695.77 (MB).
    Completing 80% with 18 violations.
    elapsed time = 00:00:02, memory = 695.77 (MB).
    Completing 90% with 18 violations.
    elapsed time = 00:00:02, memory = 695.77 (MB).
    Completing 100% with 18 violations.
    elapsed time = 00:00:03, memory = 695.77 (MB).
[INFO DRT-0199]   Number of violations = 22.
Viol/Layer        met1   met2   met3
Metal Spacing        1      1      4
Recheck              0      1      3
Short                6      1      5
[INFO DRT-0267] cpu time = 00:00:09, elapsed time = 00:00:03, memory = 816.16 (MB), peak = 815.84 (MB)
Total wire length = 80261 um.
Total wire length on LAYER li1 = 0 um.
Total wire length on LAYER met1 = 22532 um.
Total wire length on LAYER met2 = 44284 um.
Total wire length on LAYER met3 = 6287 um.
Total wire length on LAYER met4 = 7090 um.
Total wire length on LAYER met5 = 65 um.
Total number of vias = 6738.
Up-via summary (total 6738):

-----------------------
 FR_MASTERSLICE       0
            li1    2893
           met1    3190
           met2     409
           met3     238
           met4       8
-----------------------
               6738


[INFO DRT-0195] Start 1st optimization iteration.
    Completing 10% with 22 violations.
    elapsed time = 00:00:00, memory = 816.16 (MB).
    Completing 20% with 22 violations.
    elapsed time = 00:00:00, memory = 816.16 (MB).
    Completing 30% with 18 violations.
    elapsed time = 00:00:00, memory = 816.16 (MB).
    Completing 40% with 18 violations.
    elapsed time = 00:00:01, memory = 816.16 (MB).
    Completing 50% with 18 violations.
    elapsed time = 00:00:01, memory = 816.16 (MB).
    Completing 60% with 16 violations.
    elapsed time = 00:00:01, memory = 692.89 (MB).
    Completing 70% with 16 violations.
    elapsed time = 00:00:01, memory = 692.89 (MB).
    Completing 80% with 13 violations.
    elapsed time = 00:00:02, memory = 692.89 (MB).
    Completing 90% with 13 violations.
    elapsed time = 00:00:02, memory = 692.89 (MB).
    Completing 100% with 12 violations.
    elapsed time = 00:00:02, memory = 692.89 (MB).
[INFO DRT-0199]   Number of violations = 12.
Viol/Layer        met1   met3
Short                6      6
[INFO DRT-0267] cpu time = 00:00:09, elapsed time = 00:00:03, memory = 816.18 (MB), peak = 815.84 (MB)
Total wire length = 80269 um.
Total wire length on LAYER li1 = 0 um.
Total wire length on LAYER met1 = 22535 um.
Total wire length on LAYER met2 = 44293 um.
Total wire length on LAYER met3 = 6299 um.
Total wire length on LAYER met4 = 7075 um.
Total wire length on LAYER met5 = 65 um.
Total number of vias = 6736.
Up-via summary (total 6736):

-----------------------
 FR_MASTERSLICE       0
            li1    2893
           met1    3189
           met2     408
           met3     238
           met4       8
-----------------------
               6736


[INFO DRT-0195] Start 2nd optimization iteration.
    Completing 10% with 12 violations.
    elapsed time = 00:00:00, memory = 816.18 (MB).
    Completing 20% with 12 violations.
    elapsed time = 00:00:00, memory = 816.18 (MB).
    Completing 30% with 12 violations.
    elapsed time = 00:00:00, memory = 816.18 (MB).
    Completing 40% with 12 violations.
    elapsed time = 00:00:00, memory = 816.18 (MB).
    Completing 50% with 12 violations.
    elapsed time = 00:00:00, memory = 816.18 (MB).
    Completing 60% with 11 violations.
    elapsed time = 00:00:00, memory = 816.18 (MB).
    Completing 70% with 11 violations.
    elapsed time = 00:00:00, memory = 816.18 (MB).
    Completing 80% with 11 violations.
    elapsed time = 00:00:00, memory = 816.18 (MB).
    Completing 90% with 11 violations.
    elapsed time = 00:00:00, memory = 816.18 (MB).
    Completing 100% with 11 violations.
    elapsed time = 00:00:00, memory = 816.18 (MB).
[INFO DRT-0199]   Number of violations = 11.
Viol/Layer        met1   met3
Metal Spacing        1      0
Short                6      4
[INFO DRT-0267] cpu time = 00:00:01, elapsed time = 00:00:01, memory = 692.89 (MB), peak = 815.84 (MB)
Total wire length = 80258 um.
Total wire length on LAYER li1 = 0 um.
Total wire length on LAYER met1 = 22530 um.
Total wire length on LAYER met2 = 44289 um.
Total wire length on LAYER met3 = 6293 um.
Total wire length on LAYER met4 = 7079 um.
Total wire length on LAYER met5 = 65 um.
Total number of vias = 6738.
Up-via summary (total 6738):

-----------------------
 FR_MASTERSLICE       0
            li1    2893
           met1    3190
           met2     409
           met3     238
           met4       8
-----------------------
               6738


[INFO DRT-0195] Start 3rd guides tiles iteration.
    Completing 30% with 11 violations.
    elapsed time = 00:00:00, memory = 692.89 (MB).
    Completing 60% with 11 violations.
    elapsed time = 00:00:00, memory = 692.89 (MB).
    Completing 100% with 0 violations.
    elapsed time = 00:00:00, memory = 692.89 (MB).
[INFO DRT-0199]   Number of violations = 0.
[INFO DRT-0267] cpu time = 00:00:00, elapsed time = 00:00:00, memory = 816.14 (MB), peak = 815.84 (MB)
Total wire length = 80262 um.
Total wire length on LAYER li1 = 0 um.
Total wire length on LAYER met1 = 22517 um.
Total wire length on LAYER met2 = 44291 um.
Total wire length on LAYER met3 = 6294 um.
Total wire length on LAYER met4 = 7094 um.
Total wire length on LAYER met5 = 65 um.
Total number of vias = 6746.
Up-via summary (total 6746):

-----------------------
 FR_MASTERSLICE       0
            li1    2893
           met1    3190
           met2     411
           met3     244
           met4       8
-----------------------
               6746


[INFO DRT-0198] Complete detail routing.
Total wire length = 80262 um.
Total wire length on LAYER li1 = 0 um.
Total wire length on LAYER met1 = 22517 um.
Total wire length on LAYER met2 = 44291 um.
Total wire length on LAYER met3 = 6294 um.
Total wire length on LAYER met4 = 7094 um.
Total wire length on LAYER met5 = 65 um.
Total number of vias = 6746.
Up-via summary (total 6746):

-----------------------
 FR_MASTERSLICE       0
            li1    2893
           met1    3190
           met2     411
           met3     244
           met4       8
-----------------------
               6746


[INFO DRT-0267] cpu time = 00:00:21, elapsed time = 00:00:07, memory = 816.14 (MB), peak = 815.84 (MB)

[INFO DRT-0180] Post processing.
[INFO DRT-0501] Runtime: 22.77s
[INFO ANT-0002] Found 0 net violations.
[INFO ANT-0001] Found 0 pin violations.
[INFO ANT-0002] Found 0 net violations.
[INFO ANT-0001] Found 0 pin violations.
Design area 275674 um^2 45% utilization.
write_db /work/campaigns/iscas_sustainability_extension/memory_compiler/gate3_attempt08_sram22_slew_provenance_and_drv_closure/raw/openroad/work/results/sky130hd/attempt08_e0/seed19/5_2_route.odb
Elapsed time: 1:54.95[h:]min:sec. CPU time: user 277.06 sys 2.75 (243%). Peak memory: 839764KB.
Log                       Ext     Elapsed/s Peak Memory/MB sha1sum result [0:20)
5_2_route                 .odb          114            820 cadde6020f1fac463c46
