OpenROAD 26Q3-1080-gab6fd26351 
Features included (+) or not (-): +GPU +GUI +Python
This program is licensed under the BSD-3 license. See the LICENSE file for details.
Components of this program may be licensed under more restrictive licenses which must be honored.
[INFO ORD-0030] Using 16 thread(s).
read_liberty /OpenROAD-flow-scripts/flow/platforms/sky130hd/lib/sky130_fd_sc_hd__tt_025C_1v80.lib
[INFO ODB-0227] LEF file: /OpenROAD-flow-scripts/flow/platforms/sky130hd/lef/sky130_fd_sc_hd.tlef, created 13 layers, 25 vias
[INFO ODB-0227] LEF file: /OpenROAD-flow-scripts/flow/platforms/sky130hd/lef/sky130_fd_sc_hd_merged.lef, created 441 library cells
link_design bch_78_64_t2_v1_encoder
read_sdc /mapping-work/results/sky130hd/bch_78_64_t2_v1_encoder/base/1_2_yosys.sdc
source /OpenROAD-flow-scripts/flow/platforms/sky130hd/setRC.tcl
eliminate_dead_logic
Removed 0 unused instances and 0 unused nets.
Design area 4872 um^2 100% utilization.
write_db /mapping-work/results/sky130hd/bch_78_64_t2_v1_encoder/base/1_synth.odb
write_sdc -no_timestamp /mapping-work/results/sky130hd/bch_78_64_t2_v1_encoder/base/1_synth.sdc
Elapsed time: 0:00.87[h:]min:sec. CPU time: user 0.74 sys 0.12 (99%). Peak memory: 127184KB.
Log                       Ext     Elapsed/s Peak Memory/MB sha1sum result [0:20)
1_synth                   .odb            0            124 4ef14f8ef6fb34b9a2f2
1_synth                   .sdc                             32ceee2f066a4f357881
