$ "D:\Compiler Cpp\msys2_shell.cmd" -defterm -no-start -ucrt64 -here -c "export VERILATOR_ROOT='C:/Users/Abhinav/AppData/Local/Temp/green-ecc-gate03/61b2eec71e900ce698831b3f26011bc200dead40/pilot-attempt-01/toolchain/verilator-root'; export MAKE='C:/Users/Abhinav/AppData/Local/Temp/green-ecc-gate03/61b2eec71e900ce698831b3f26011bc200dead40/pilot-attempt-01/toolchain/make.exe'; export TMPDIR='C:/Users/Abhinav/AppData/Local/Temp/green-ecc-gate03r-verilator/bch'; export TMP='C:/Users/Abhinav/AppData/Local/Temp/green-ecc-gate03r-verilator/bch'; export TEMP='C:/Users/Abhinav/AppData/Local/Temp/green-ecc-gate03r-verilator/bch'; verilator --binary --timing -Wno-fatal --top-module gate03r_bch_tb -Iasic/include --Mdir 'C:/Users/Abhinav/AppData/Local/Temp/green-ecc-gate03r-verilator/bch/obj' asic/rtl/bch/bch_78_64_t2_v1.sv 'C:/Users/Abhinav/AppData/Local/Temp/green-ecc-gate03r-verilator/bch/bch_tb.sv' -o sim.exe"
/home/CodexSandboxOffline could not be created.
Setting HOME to /tmp.
make: Entering directory '/c/Users/Abhinav/AppData/Local/Temp/green-ecc-gate03r-verilator/bch/obj'
g++ -Os  -I.  -MMD -IC:/Users/Abhinav/AppData/Local/Temp/green-ecc-gate03/61b2eec71e900ce698831b3f26011bc200dead40/pilot-attempt-01/toolchain/verilator-root/include -IC:/Users/Abhinav/AppData/Local/Temp/green-ecc-gate03/61b2eec71e900ce698831b3f26011bc200dead40/pilot-attempt-01/toolchain/verilator-root/include/vltstd -DVM_COVERAGE=0 -DVM_SC=0 -DVM_TRACE=0 -DVM_TRACE_FST=0 -DVM_TRACE_VCD=0 -faligned-new -fcf-protection=none -Wno-bool-operation -Wno-overloaded-virtual -Wno-shadow -Wno-sign-compare -Wno-uninitialized -Wno-unused-but-set-parameter -Wno-unused-but-set-variable -Wno-unused-parameter -Wno-unused-variable     -DVL_TIME_CONTEXT   -fcoroutines -c -o verilated.o C:/Users/Abhinav/AppData/Local/Temp/green-ecc-gate03/61b2eec71e900ce698831b3f26011bc200dead40/pilot-attempt-01/toolchain/verilator-root/include/verilated.cpp
g++ -Os  -I.  -MMD -IC:/Users/Abhinav/AppData/Local/Temp/green-ecc-gate03/61b2eec71e900ce698831b3f26011bc200dead40/pilot-attempt-01/toolchain/verilator-root/include -IC:/Users/Abhinav/AppData/Local/Temp/green-ecc-gate03/61b2eec71e900ce698831b3f26011bc200dead40/pilot-attempt-01/toolchain/verilator-root/include/vltstd -DVM_COVERAGE=0 -DVM_SC=0 -DVM_TRACE=0 -DVM_TRACE_FST=0 -DVM_TRACE_VCD=0 -faligned-new -fcf-protection=none -Wno-bool-operation -Wno-overloaded-virtual -Wno-shadow -Wno-sign-compare -Wno-uninitialized -Wno-unused-but-set-parameter -Wno-unused-but-set-variable -Wno-unused-parameter -Wno-unused-variable     -DVL_TIME_CONTEXT   -fcoroutines -c -o verilated_timing.o C:/Users/Abhinav/AppData/Local/Temp/green-ecc-gate03/61b2eec71e900ce698831b3f26011bc200dead40/pilot-attempt-01/toolchain/verilator-root/include/verilated_timing.cpp
g++ -Os  -I.  -MMD -IC:/Users/Abhinav/AppData/Local/Temp/green-ecc-gate03/61b2eec71e900ce698831b3f26011bc200dead40/pilot-attempt-01/toolchain/verilator-root/include -IC:/Users/Abhinav/AppData/Local/Temp/green-ecc-gate03/61b2eec71e900ce698831b3f26011bc200dead40/pilot-attempt-01/toolchain/verilator-root/include/vltstd -DVM_COVERAGE=0 -DVM_SC=0 -DVM_TRACE=0 -DVM_TRACE_FST=0 -DVM_TRACE_VCD=0 -faligned-new -fcf-protection=none -Wno-bool-operation -Wno-overloaded-virtual -Wno-shadow -Wno-sign-compare -Wno-uninitialized -Wno-unused-but-set-parameter -Wno-unused-but-set-variable -Wno-unused-parameter -Wno-unused-variable     -DVL_TIME_CONTEXT   -fcoroutines -c -o verilated_threads.o C:/Users/Abhinav/AppData/Local/Temp/green-ecc-gate03/61b2eec71e900ce698831b3f26011bc200dead40/pilot-attempt-01/toolchain/verilator-root/include/verilated_threads.cpp
/ucrt64/bin/python3 C:/Users/Abhinav/AppData/Local/Temp/green-ecc-gate03/61b2eec71e900ce698831b3f26011bc200dead40/pilot-attempt-01/toolchain/verilator-root/bin/verilator_includer -DVL_INCLUDE_OPT=include Vgate03r_bch_tb.cpp Vgate03r_bch_tb___024root__DepSet_hf9dafb83__0.cpp Vgate03r_bch_tb___024root__DepSet_h43e44d80__0.cpp Vgate03r_bch_tb__main.cpp Vgate03r_bch_tb___024root__Slow.cpp Vgate03r_bch_tb___024root__DepSet_hf9dafb83__0__Slow.cpp Vgate03r_bch_tb___024root__DepSet_h43e44d80__0__Slow.cpp Vgate03r_bch_tb__Syms.cpp > Vgate03r_bch_tb__ALL.cpp
g++ -Os  -I.  -MMD -IC:/Users/Abhinav/AppData/Local/Temp/green-ecc-gate03/61b2eec71e900ce698831b3f26011bc200dead40/pilot-attempt-01/toolchain/verilator-root/include -IC:/Users/Abhinav/AppData/Local/Temp/green-ecc-gate03/61b2eec71e900ce698831b3f26011bc200dead40/pilot-attempt-01/toolchain/verilator-root/include/vltstd -DVM_COVERAGE=0 -DVM_SC=0 -DVM_TRACE=0 -DVM_TRACE_FST=0 -DVM_TRACE_VCD=0 -faligned-new -fcf-protection=none -Wno-bool-operation -Wno-overloaded-virtual -Wno-shadow -Wno-sign-compare -Wno-uninitialized -Wno-unused-but-set-parameter -Wno-unused-but-set-variable -Wno-unused-parameter -Wno-unused-variable     -DVL_TIME_CONTEXT   -fcoroutines -c -o Vgate03r_bch_tb__ALL.o Vgate03r_bch_tb__ALL.cpp
echo "" > Vgate03r_bch_tb__ALL.verilator_deplist.tmp
Archive ar -rcs Vgate03r_bch_tb__ALL.a Vgate03r_bch_tb__ALL.o
g++     verilated.o verilated_timing.o verilated_threads.o Vgate03r_bch_tb__ALL.a    -pthread -lpthread -latomic   -o sim.exe
rm Vgate03r_bch_tb__ALL.verilator_deplist.tmp
make: Leaving directory '/c/Users/Abhinav/AppData/Local/Temp/green-ecc-gate03r-verilator/bch/obj'
[1;32mMSYS2 is starting for the first time. Executing the initial setup.[1;0m
mkdir: cannot create directory '/home/CodexSandboxOffline': Permission denied
[1;32mInitial setup complete. MSYS2 is now ready to use.[1;0m
%Warning-TIMESCALEMOD: asic/rtl/bch\bch_78_64_t2_v1.sv:4:8: Timescale missing on this module as other modules have it (IEEE 1800-2017 3.14.2.3)
    4 | module bch_78_64_t2_v1_encoder (
      |        ^~~~~~~~~~~~~~~~~~~~~~~
                       C:/Users/Abhinav/AppData/Local/Temp/green-ecc-gate03r-verilator/bch\bch_tb.sv:3:8: ... Location of module with timescale
    3 | module gate03r_bch_tb;
      |        ^~~~~~~~~~~~~~
                       ... For warning description see https://verilator.org/warn/TIMESCALEMOD?v=5.020
                       ... Use "/* verilator lint_off TIMESCALEMOD */" and lint_on around source to disable this message.
%Warning-TIMESCALEMOD: asic/rtl/bch\bch_78_64_t2_v1.sv:28:8: Timescale missing on this module as other modules have it (IEEE 1800-2017 3.14.2.3)
   28 | module bch_78_64_t2_v1_decoder (
      |        ^~~~~~~~~~~~~~~~~~~~~~~
                       C:/Users/Abhinav/AppData/Local/Temp/green-ecc-gate03r-verilator/bch\bch_tb.sv:3:8: ... Location of module with timescale
    3 | module gate03r_bch_tb;
      |        ^~~~~~~~~~~~~~
%Warning-WIDTHTRUNC: asic/rtl/bch\bch_78_64_t2_v1.sv:70:9: Logical operator IF expects 1 bit on the If, but If's AND generates 32 or 7 bits.
                                                         : ... note: In instance 'gate03r_bch_tb.decoder'
   70 |         if ((126 >> bit_index) & 1) result = gf_mul(result, base);
      |         ^~
%Warning-WIDTHEXPAND: asic/rtl/bch\bch_78_64_t2_v1.sv:81:7: Operator CASE expects 32 bits on the Case Item, but Case Item's CONST '7'h0' generates 7 bits.
                                                          : ... note: In instance 'gate03r_bch_tb.decoder'
   81 |       case (canonical_position)
      |       ^~~~
%Warning-WIDTHEXPAND: asic/rtl/bch\bch_78_64_t2_v1.sv:81:7: Operator CASE expects 32 bits on the Case Item, but Case Item's CONST '7'h1' generates 7 bits.
                                                          : ... note: In instance 'gate03r_bch_tb.decoder'
   81 |       case (canonical_position)
      |       ^~~~
%Warning-WIDTHEXPAND: asic/rtl/bch\bch_78_64_t2_v1.sv:81:7: Operator CASE expects 32 bits on the Case Item, but Case Item's CONST '7'h2' generates 7 bits.
                                                          : ... note: In instance 'gate03r_bch_tb.decoder'
   81 |       case (canonical_position)
      |       ^~~~
%Warning-WIDTHEXPAND: asic/rtl/bch\bch_78_64_t2_v1.sv:81:7: Operator CASE expects 32 bits on the Case Item, but Case Item's CONST '7'h3' generates 7 bits.
                                                          : ... note: In instance 'gate03r_bch_tb.decoder'
   81 |       case (canonical_position)
      |       ^~~~
%Warning-WIDTHEXPAND: asic/rtl/bch\bch_78_64_t2_v1.sv:81:7: Operator CASE expects 32 bits on the Case Item, but Case Item's CONST '7'h4' generates 7 bits.
                                                          : ... note: In instance 'gate03r_bch_tb.decoder'
   81 |       case (canonical_position)
      |       ^~~~
%Warning-WIDTHEXPAND: asic/rtl/bch\bch_78_64_t2_v1.sv:81:7: Operator CASE expects 32 bits on the Case Item, but Case Item's CONST '7'h5' generates 7 bits.
                                                          : ... note: In instance 'gate03r_bch_tb.decoder'
   81 |       case (canonical_position)
      |       ^~~~
%Warning-WIDTHEXPAND: asic/rtl/bch\bch_78_64_t2_v1.sv:81:7: Operator CASE expects 32 bits on the Case Item, but Case Item's CONST '7'h6' generates 7 bits.
                                                          : ... note: In instance 'gate03r_bch_tb.decoder'
   81 |       case (canonical_position)
      |       ^~~~
%Warning-WIDTHEXPAND: asic/rtl/bch\bch_78_64_t2_v1.sv:81:7: Operator CASE expects 32 bits on the Case Item, but Case Item's CONST '7'h7' generates 7 bits.
                                                          : ... note: In instance 'gate03r_bch_tb.decoder'
   81 |       case (canonical_position)
      |       ^~~~
%Warning-WIDTHEXPAND: asic/rtl/bch\bch_78_64_t2_v1.sv:81:7: Operator CASE expects 32 bits on the Case Item, but Case Item's CONST '7'h8' generates 7 bits.
                                                          : ... note: In instance 'gate03r_bch_tb.decoder'
   81 |       case (canonical_position)
      |       ^~~~
%Warning-WIDTHEXPAND: asic/rtl/bch\bch_78_64_t2_v1.sv:81:7: Operator CASE expects 32 bits on the Case Item, but Case Item's CONST '7'h9' generates 7 bits.
                                                          : ... note: In instance 'gate03r_bch_tb.decoder'
   81 |       case (canonical_position)
      |       ^~~~
%Warning-WIDTHEXPAND: asic/rtl/bch\bch_78_64_t2_v1.sv:81:7: Operator CASE expects 32 bits on the Case Item, but Case Item's CONST '7'ha' generates 7 bits.
                                                          : ... note: In instance 'gate03r_bch_tb.decoder'
   81 |       case (canonical_position)
      |       ^~~~
%Warning-WIDTHEXPAND: asic/rtl/bch\bch_78_64_t2_v1.sv:81:7: Operator CASE expects 32 bits on the Case Item, but Case Item's CONST '7'hb' generates 7 bits.
                                                          : ... note: In instance 'gate03r_bch_tb.decoder'
   81 |       case (canonical_position)
      |       ^~~~
%Warning-WIDTHEXPAND: asic/rtl/bch\bch_78_64_t2_v1.sv:81:7: Operator CASE expects 32 bits on the Case Item, but Case Item's CONST '7'hc' generates 7 bits.
                                                          : ... note: In instance 'gate03r_bch_tb.decoder'
   81 |       case (canonical_position)
      |       ^~~~
%Warning-WIDTHEXPAND: asic/rtl/bch\bch_78_64_t2_v1.sv:81:7: Operator CASE expects 32 bits on the Case Item, but Case Item's CONST '7'hd' generates 7 bits.
                                                          : ... note: In instance 'gate03r_bch_tb.decoder'
   81 |       case (canonical_position)
      |       ^~~~
%Warning-WIDTHEXPAND: asic/rtl/bch\bch_78_64_t2_v1.sv:81:7: Operator CASE expects 32 bits on the Case Item, but Case Item's CONST '7'he' generates 7 bits.
                                                          : ... note: In instance 'gate03r_bch_tb.decoder'
   81 |       case (canonical_position)
      |       ^~~~
%Warning-WIDTHEXPAND: asic/rtl/bch\bch_78_64_t2_v1.sv:81:7: Operator CASE expects 32 bits on the Case Item, but Case Item's CONST '7'hf' generates 7 bits.
                                                          : ... note: In instance 'gate03r_bch_tb.decoder'
   81 |       case (canonical_position)
      |       ^~~~
%Warning-WIDTHEXPAND: asic/rtl/bch\bch_78_64_t2_v1.sv:81:7: Operator CASE expects 32 bits on the Case Item, but Case Item's CONST '7'h10' generates 7 bits.
                                                          : ... note: In instance 'gate03r_bch_tb.decoder'
   81 |       case (canonical_position)
      |       ^~~~
%Warning-WIDTHEXPAND: asic/rtl/bch\bch_78_64_t2_v1.sv:81:7: Operator CASE expects 32 bits on the Case Item, but Case Item's CONST '7'h11' generates 7 bits.
                                                          : ... note: In instance 'gate03r_bch_tb.decoder'
   81 |       case (canonical_position)
      |       ^~~~
%Warning-WIDTHEXPAND: asic/rtl/bch\bch_78_64_t2_v1.sv:81:7: Operator CASE expects 32 bits on the Case Item, but Case Item's CONST '7'h12' generates 7 bits.
                                                          : ... note: In instance 'gate03r_bch_tb.decoder'
   81 |       case (canonical_position)
      |       ^~~~
%Warning-WIDTHEXPAND: asic/rtl/bch\bch_78_64_t2_v1.sv:81:7: Operator CASE expects 32 bits on the Case Item, but Case Item's CONST '7'h13' generates 7 bits.
                                                          : ... note: In instance 'gate03r_bch_tb.decoder'
   81 |       case (canonical_position)
      |       ^~~~
%Warning-WIDTHEXPAND: asic/rtl/bch\bch_78_64_t2_v1.sv:81:7: Operator CASE expects 32 bits on the Case Item, but Case Item's CONST '7'h14' generates 7 bits.
                                                          : ... note: In instance 'gate03r_bch_tb.decoder'
   81 |       case (canonical_position)
      |       ^~~~
%Warning-WIDTHEXPAND: asic/rtl/bch\bch_78_64_t2_v1.sv:81:7: Operator CASE expects 32 bits on the Case Item, but Case Item's CONST '7'h15' generates 7 bits.
                                                          : ... note: In instance 'gate03r_bch_tb.decoder'
   81 |       case (canonical_position)
      |       ^~~~
%Warning-WIDTHEXPAND: asic/rtl/bch\bch_78_64_t2_v1.sv:81:7: Operator CASE expects 32 bits on the Case Item, but Case Item's CONST '7'h16' generates 7 bits.
                                                          : ... note: In instance 'gate03r_bch_tb.decoder'
   81 |       case (canonical_position)
      |       ^~~~
%Warning-WIDTHEXPAND: asic/rtl/bch\bch_78_64_t2_v1.sv:81:7: Operator CASE expects 32 bits on the Case Item, but Case Item's CONST '7'h17' generates 7 bits.
                                                          : ... note: In instance 'gate03r_bch_tb.decoder'
   81 |       case (canonical_position)
      |       ^~~~
%Warning-WIDTHEXPAND: asic/rtl/bch\bch_78_64_t2_v1.sv:81:7: Operator CASE expects 32 bits on the Case Item, but Case Item's CONST '7'h18' generates 7 bits.
                                                          : ... note: In instance 'gate03r_bch_tb.decoder'
   81 |       case (canonical_position)
      |       ^~~~
%Warning-WIDTHEXPAND: asic/rtl/bch\bch_78_64_t2_v1.sv:81:7: Operator CASE expects 32 bits on the Case Item, but Case Item's CONST '7'h19' generates 7 bits.
                                                          : ... note: In instance 'gate03r_bch_tb.decoder'
   81 |       case (canonical_position)
      |       ^~~~
%Warning-WIDTHEXPAND: asic/rtl/bch\bch_78_64_t2_v1.sv:81:7: Operator CASE expects 32 bits on the Case Item, but Case Item's CONST '7'h1a' generates 7 bits.
                                                          : ... note: In instance 'gate03r_bch_tb.decoder'
   81 |       case (canonical_position)
      |       ^~~~
%Warning-WIDTHEXPAND: asic/rtl/bch\bch_78_64_t2_v1.sv:81:7: Operator CASE expects 32 bits on the Case Item, but Case Item's CONST '7'h1b' generates 7 bits.
                                                          : ... note: In instance 'gate03r_bch_tb.decoder'
   81 |       case (canonical_position)
      |       ^~~~
%Warning-WIDTHEXPAND: asic/rtl/bch\bch_78_64_t2_v1.sv:81:7: Operator CASE expects 32 bits on the Case Item, but Case Item's CONST '7'h1c' generates 7 bits.
                                                          : ... note: In instance 'gate03r_bch_tb.decoder'
   81 |       case (canonical_position)
      |       ^~~~
%Warning-WIDTHEXPAND: asic/rtl/bch\bch_78_64_t2_v1.sv:81:7: Operator CASE expects 32 bits on the Case Item, but Case Item's CONST '7'h1d' generates 7 bits.
                                                          : ... note: In instance 'gate03r_bch_tb.decoder'
   81 |       case (canonical_position)
      |       ^~~~
%Warning-WIDTHEXPAND: asic/rtl/bch\bch_78_64_t2_v1.sv:81:7: Operator CASE expects 32 bits on the Case Item, but Case Item's CONST '7'h1e' generates 7 bits.
                                                          : ... note: In instance 'gate03r_bch_tb.decoder'
   81 |       case (canonical_position)
      |       ^~~~
%Warning-WIDTHEXPAND: asic/rtl/bch\bch_78_64_t2_v1.sv:81:7: Operator CASE expects 32 bits on the Case Item, but Case Item's CONST '7'h1f' generates 7 bits.
                                                          : ... note: In instance 'gate03r_bch_tb.decoder'
   81 |       case (canonical_position)
      |       ^~~~
%Warning-WIDTHEXPAND: asic/rtl/bch\bch_78_64_t2_v1.sv:81:7: Operator CASE expects 32 bits on the Case Item, but Case Item's CONST '7'h20' generates 7 bits.
                                                          : ... note: In instance 'gate03r_bch_tb.decoder'
   81 |       case (canonical_position)
      |       ^~~~
%Warning-WIDTHEXPAND: asic/rtl/bch\bch_78_64_t2_v1.sv:81:7: Operator CASE expects 32 bits on the Case Item, but Case Item's CONST '7'h21' generates 7 bits.
                                                          : ... note: In instance 'gate03r_bch_tb.decoder'
   81 |       case (canonical_position)
      |       ^~~~
%Warning-WIDTHEXPAND: asic/rtl/bch\bch_78_64_t2_v1.sv:81:7: Operator CASE expects 32 bits on the Case Item, but Case Item's CONST '7'h22' generates 7 bits.
                                                          : ... note: In instance 'gate03r_bch_tb.decoder'
   81 |       case (canonical_position)
      |       ^~~~
%Warning-WIDTHEXPAND: asic/rtl/bch\bch_78_64_t2_v1.sv:81:7: Operator CASE expects 32 bits on the Case Item, but Case Item's CONST '7'h23' generates 7 bits.
                                                          : ... note: In instance 'gate03r_bch_tb.decoder'
   81 |       case (canonical_position)
      |       ^~~~
%Warning-WIDTHEXPAND: asic/rtl/bch\bch_78_64_t2_v1.sv:81:7: Operator CASE expects 32 bits on the Case Item, but Case Item's CONST '7'h24' generates 7 bits.
                                                          : ... note: In instance 'gate03r_bch_tb.decoder'
   81 |       case (canonical_position)
      |       ^~~~
%Warning-WIDTHEXPAND: asic/rtl/bch\bch_78_64_t2_v1.sv:81:7: Operator CASE expects 32 bits on the Case Item, but Case Item's CONST '7'h25' generates 7 bits.
                                                          : ... note: In instance 'gate03r_bch_tb.decoder'
   81 |       case (canonical_position)
      |       ^~~~
%Warning-WIDTHEXPAND: asic/rtl/bch\bch_78_64_t2_v1.sv:81:7: Operator CASE expects 32 bits on the Case Item, but Case Item's CONST '7'h26' generates 7 bits.
                                                          : ... note: In instance 'gate03r_bch_tb.decoder'
   81 |       case (canonical_position)
      |       ^~~~
%Warning-WIDTHEXPAND: asic/rtl/bch\bch_78_64_t2_v1.sv:81:7: Operator CASE expects 32 bits on the Case Item, but Case Item's CONST '7'h27' generates 7 bits.
                                                          : ... note: In instance 'gate03r_bch_tb.decoder'
   81 |       case (canonical_position)
      |       ^~~~
%Warning-WIDTHEXPAND: asic/rtl/bch\bch_78_64_t2_v1.sv:81:7: Operator CASE expects 32 bits on the Case Item, but Case Item's CONST '7'h28' generates 7 bits.
                                                          : ... note: In instance 'gate03r_bch_tb.decoder'
   81 |       case (canonical_position)
      |       ^~~~
%Warning-WIDTHEXPAND: asic/rtl/bch\bch_78_64_t2_v1.sv:81:7: Operator CASE expects 32 bits on the Case Item, but Case Item's CONST '7'h29' generates 7 bits.
                                                          : ... note: In instance 'gate03r_bch_tb.decoder'
   81 |       case (canonical_position)
      |       ^~~~
%Warning-WIDTHEXPAND: asic/rtl/bch\bch_78_64_t2_v1.sv:81:7: Operator CASE expects 32 bits on the Case Item, but Case Item's CONST '7'h2a' generates 7 bits.
                                                          : ... note: In instance 'gate03r_bch_tb.decoder'
   81 |       case (canonical_position)
      |       ^~~~
%Warning-WIDTHEXPAND: asic/rtl/bch\bch_78_64_t2_v1.sv:81:7: Operator CASE expects 32 bits on the Case Item, but Case Item's CONST '7'h2b' generates 7 bits.
                                                          : ... note: In instance 'gate03r_bch_tb.decoder'
   81 |       case (canonical_position)
      |       ^~~~
%Warning-WIDTHEXPAND: asic/rtl/bch\bch_78_64_t2_v1.sv:81:7: Operator CASE expects 32 bits on the Case Item, but Case Item's CONST '7'h2c' generates 7 bits.
                                                          : ... note: In instance 'gate03r_bch_tb.decoder'
   81 |       case (canonical_position)
      |       ^~~~
%Warning-WIDTHEXPAND: asic/rtl/bch\bch_78_64_t2_v1.sv:81:7: Operator CASE expects 32 bits on the Case Item, but Case Item's CONST '7'h2d' generates 7 bits.
                                                          : ... note: In instance 'gate03r_bch_tb.decoder'
   81 |       case (canonical_position)
      |       ^~~~
%Warning-WIDTHEXPAND: asic/rtl/bch\bch_78_64_t2_v1.sv:81:7: Operator CASE expects 32 bits on the Case Item, but Case Item's CONST '7'h2e' generates 7 bits.
                                                          : ... note: In instance 'gate03r_bch_tb.decoder'
   81 |       case (canonical_position)
      |       ^~~~
%Warning-WIDTHEXPAND: asic/rtl/bch\bch_78_64_t2_v1.sv:81:7: Operator CASE expects 32 bits on the Case Item, but Case Item's CONST '7'h2f' generates 7 bits.
                                                          : ... note: In instance 'gate03r_bch_tb.decoder'
   81 |       case (canonical_position)
      |       ^~~~
%Warning-WIDTHEXPAND: asic/rtl/bch\bch_78_64_t2_v1.sv:81:7: Operator CASE expects 32 bits on the Case Item, but Case Item's CONST '7'h30' generates 7 bits.
                                                          : ... note: In instance 'gate03r_bch_tb.decoder'
   81 |       case (canonical_position)
      |       ^~~~
%Warning-WIDTHEXPAND: asic/rtl/bch\bch_78_64_t2_v1.sv:81:7: Operator CASE expects 32 bits on the Case Item, but Case Item's CONST '7'h31' generates 7 bits.
                                                          : ... note: In instance 'gate03r_bch_tb.decoder'
   81 |       case (canonical_position)
      |       ^~~~
%Warning-WIDTHEXPAND: asic/rtl/bch\bch_78_64_t2_v1.sv:81:7: Operator CASE expects 32 bits on the Case Item, but Case Item's CONST '7'h32' generates 7 bits.
                                                          : ... note: In instance 'gate03r_bch_tb.decoder'
   81 |       case (canonical_position)
      |       ^~~~
%Warning-WIDTHEXPAND: asic/rtl/bch\bch_78_64_t2_v1.sv:81:7: Operator CASE expects 32 bits on the Case Item, but Case Item's CONST '7'h33' generates 7 bits.
                                                          : ... note: In instance 'gate03r_bch_tb.decoder'
   81 |       case (canonical_position)
      |       ^~~~
%Warning-WIDTHEXPAND: asic/rtl/bch\bch_78_64_t2_v1.sv:81:7: Operator CASE expects 32 bits on the Case Item, but Case Item's CONST '7'h34' generates 7 bits.
                                                          : ... note: In instance 'gate03r_bch_tb.decoder'
   81 |       case (canonical_position)
      |       ^~~~
%Warning-WIDTHEXPAND: asic/rtl/bch\bch_78_64_t2_v1.sv:81:7: Operator CASE expects 32 bits on the Case Item, but Case Item's CONST '7'h35' generates 7 bits.
                                                          : ... note: In instance 'gate03r_bch_tb.decoder'
   81 |       case (canonical_position)
      |       ^~~~
%Warning-WIDTHEXPAND: asic/rtl/bch\bch_78_64_t2_v1.sv:81:7: Operator CASE expects 32 bits on the Case Item, but Case Item's CONST '7'h36' generates 7 bits.
                                                          : ... note: In instance 'gate03r_bch_tb.decoder'
   81 |       case (canonical_position)
      |       ^~~~
%Warning-WIDTHEXPAND: asic/rtl/bch\bch_78_64_t2_v1.sv:81:7: Operator CASE expects 32 bits on the Case Item, but Case Item's CONST '7'h37' generates 7 bits.
                                                          : ... note: In instance 'gate03r_bch_tb.decoder'
   81 |       case (canonical_position)
      |       ^~~~
%Warning-WIDTHEXPAND: asic/rtl/bch\bch_78_64_t2_v1.sv:81:7: Operator CASE expects 32 bits on the Case Item, but Case Item's CONST '7'h38' generates 7 bits.
                                                          : ... note: In instance 'gate03r_bch_tb.decoder'
   81 |       case (canonical_position)
      |       ^~~~
%Warning-WIDTHEXPAND: asic/rtl/bch\bch_78_64_t2_v1.sv:81:7: Operator CASE expects 32 bits on the Case Item, but Case Item's CONST '7'h39' generates 7 bits.
                                                          : ... note: In instance 'gate03r_bch_tb.decoder'
   81 |       case (canonical_position)
      |       ^~~~
%Warning-WIDTHEXPAND: asic/rtl/bch\bch_78_64_t2_v1.sv:81:7: Operator CASE expects 32 bits on the Case Item, but Case Item's CONST '7'h3a' generates 7 bits.
                                                          : ... note: In instance 'gate03r_bch_tb.decoder'
   81 |       case (canonical_position)
      |       ^~~~
%Warning-WIDTHEXPAND: asic/rtl/bch\bch_78_64_t2_v1.sv:81:7: Operator CASE expects 32 bits on the Case Item, but Case Item's CONST '7'h3b' generates 7 bits.
                                                          : ... note: In instance 'gate03r_bch_tb.decoder'
   81 |       case (canonical_position)
      |       ^~~~
%Warning-WIDTHEXPAND: asic/rtl/bch\bch_78_64_t2_v1.sv:81:7: Operator CASE expects 32 bits on the Case Item, but Case Item's CONST '7'h3c' generates 7 bits.
                                                          : ... note: In instance 'gate03r_bch_tb.decoder'
   81 |       case (canonical_position)
      |       ^~~~
%Warning-WIDTHEXPAND: asic/rtl/bch\bch_78_64_t2_v1.sv:81:7: Operator CASE expects 32 bits on the Case Item, but Case Item's CONST '7'h3d' generates 7 bits.
                                                          : ... note: In instance 'gate03r_bch_tb.decoder'
   81 |       case (canonical_position)
      |       ^~~~
%Warning-WIDTHEXPAND: asic/rtl/bch\bch_78_64_t2_v1.sv:81:7: Operator CASE expects 32 bits on the Case Item, but Case Item's CONST '7'h3e' generates 7 bits.
                                                          : ... note: In instance 'gate03r_bch_tb.decoder'
   81 |       case (canonical_position)
      |       ^~~~
%Warning-WIDTHEXPAND: asic/rtl/bch\bch_78_64_t2_v1.sv:81:7: Operator CASE expects 32 bits on the Case Item, but Case Item's CONST '7'h3f' generates 7 bits.
                                                          : ... note: In instance 'gate03r_bch_tb.decoder'
   81 |       case (canonical_position)
      |       ^~~~
%Warning-WIDTHEXPAND: asic/rtl/bch\bch_78_64_t2_v1.sv:81:7: Operator CASE expects 32 bits on the Case Item, but Case Item's CONST '7'h40' generates 7 bits.
                                                          : ... note: In instance 'gate03r_bch_tb.decoder'
   81 |       case (canonical_position)
      |       ^~~~
%Warning-WIDTHEXPAND: asic/rtl/bch\bch_78_64_t2_v1.sv:81:7: Operator CASE expects 32 bits on the Case Item, but Case Item's CONST '7'h41' generates 7 bits.
                                                          : ... note: In instance 'gate03r_bch_tb.decoder'
   81 |       case (canonical_position)
      |       ^~~~
%Warning-WIDTHEXPAND: asic/rtl/bch\bch_78_64_t2_v1.sv:81:7: Operator CASE expects 32 bits on the Case Item, but Case Item's CONST '7'h42' generates 7 bits.
                                                          : ... note: In instance 'gate03r_bch_tb.decoder'
   81 |       case (canonical_position)
      |       ^~~~
%Warning-WIDTHEXPAND: asic/rtl/bch\bch_78_64_t2_v1.sv:81:7: Operator CASE expects 32 bits on the Case Item, but Case Item's CONST '7'h43' generates 7 bits.
                                                          : ... note: In instance 'gate03r_bch_tb.decoder'
   81 |       case (canonical_position)
      |       ^~~~
%Warning-WIDTHEXPAND: asic/rtl/bch\bch_78_64_t2_v1.sv:81:7: Operator CASE expects 32 bits on the Case Item, but Case Item's CONST '7'h44' generates 7 bits.
                                                          : ... note: In instance 'gate03r_bch_tb.decoder'
   81 |       case (canonical_position)
      |       ^~~~
%Warning-WIDTHEXPAND: asic/rtl/bch\bch_78_64_t2_v1.sv:81:7: Operator CASE expects 32 bits on the Case Item, but Case Item's CONST '7'h45' generates 7 bits.
                                                          : ... note: In instance 'gate03r_bch_tb.decoder'
   81 |       case (canonical_position)
      |       ^~~~
%Warning-WIDTHEXPAND: asic/rtl/bch\bch_78_64_t2_v1.sv:81:7: Operator CASE expects 32 bits on the Case Item, but Case Item's CONST '7'h46' generates 7 bits.
                                                          : ... note: In instance 'gate03r_bch_tb.decoder'
   81 |       case (canonical_position)
      |       ^~~~
%Warning-WIDTHEXPAND: asic/rtl/bch\bch_78_64_t2_v1.sv:81:7: Operator CASE expects 32 bits on the Case Item, but Case Item's CONST '7'h47' generates 7 bits.
                                                          : ... note: In instance 'gate03r_bch_tb.decoder'
   81 |       case (canonical_position)
      |       ^~~~
%Warning-WIDTHEXPAND: asic/rtl/bch\bch_78_64_t2_v1.sv:81:7: Operator CASE expects 32 bits on the Case Item, but Case Item's CONST '7'h48' generates 7 bits.
                                                          : ... note: In instance 'gate03r_bch_tb.decoder'
   81 |       case (canonical_position)
      |       ^~~~
%Warning-WIDTHEXPAND: asic/rtl/bch\bch_78_64_t2_v1.sv:81:7: Operator CASE expects 32 bits on the Case Item, but Case Item's CONST '7'h49' generates 7 bits.
                                                          : ... note: In instance 'gate03r_bch_tb.decoder'
   81 |       case (canonical_position)
      |       ^~~~
%Warning-WIDTHEXPAND: asic/rtl/bch\bch_78_64_t2_v1.sv:81:7: Operator CASE expects 32 bits on the Case Item, but Case Item's CONST '7'h4a' generates 7 bits.
                                                          : ... note: In instance 'gate03r_bch_tb.decoder'
   81 |       case (canonical_position)
      |       ^~~~
%Warning-WIDTHEXPAND: asic/rtl/bch\bch_78_64_t2_v1.sv:81:7: Operator CASE expects 32 bits on the Case Item, but Case Item's CONST '7'h4b' generates 7 bits.
                                                          : ... note: In instance 'gate03r_bch_tb.decoder'
   81 |       case (canonical_position)
      |       ^~~~
%Warning-WIDTHEXPAND: asic/rtl/bch\bch_78_64_t2_v1.sv:81:7: Operator CASE expects 32 bits on the Case Item, but Case Item's CONST '7'h4c' generates 7 bits.
                                                          : ... note: In instance 'gate03r_bch_tb.decoder'
   81 |       case (canonical_position)
      |       ^~~~
%Warning-WIDTHEXPAND: asic/rtl/bch\bch_78_64_t2_v1.sv:81:7: Operator CASE expects 32 bits on the Case Item, but Case Item's CONST '7'h4d' generates 7 bits.
                                                          : ... note: In instance 'gate03r_bch_tb.decoder'
   81 |       case (canonical_position)
      |       ^~~~
%Warning-WIDTHEXPAND: asic/rtl/bch\bch_78_64_t2_v1.sv:167:7: Operator CASE expects 32 bits on the Case Item, but Case Item's CONST '7'h0' generates 7 bits.
                                                           : ... note: In instance 'gate03r_bch_tb.decoder'
  167 |       case (canonical_position)
      |       ^~~~
%Warning-WIDTHEXPAND: asic/rtl/bch\bch_78_64_t2_v1.sv:167:7: Operator CASE expects 32 bits on the Case Item, but Case Item's CONST '7'h1' generates 7 bits.
                                                           : ... note: In instance 'gate03r_bch_tb.decoder'
  167 |       case (canonical_position)
      |       ^~~~
%Warning-WIDTHEXPAND: asic/rtl/bch\bch_78_64_t2_v1.sv:167:7: Operator CASE expects 32 bits on the Case Item, but Case Item's CONST '7'h2' generates 7 bits.
                                                           : ... note: In instance 'gate03r_bch_tb.decoder'
  167 |       case (canonical_position)
      |       ^~~~
%Warning-WIDTHEXPAND: asic/rtl/bch\bch_78_64_t2_v1.sv:167:7: Operator CASE expects 32 bits on the Case Item, but Case Item's CONST '7'h3' generates 7 bits.
                                                           : ... note: In instance 'gate03r_bch_tb.decoder'
  167 |       case (canonical_position)
      |       ^~~~
%Warning-WIDTHEXPAND: asic/rtl/bch\bch_78_64_t2_v1.sv:167:7: Operator CASE expects 32 bits on the Case Item, but Case Item's CONST '7'h4' generates 7 bits.
                                                           : ... note: In instance 'gate03r_bch_tb.decoder'
  167 |       case (canonical_position)
      |       ^~~~
%Warning-WIDTHEXPAND: asic/rtl/bch\bch_78_64_t2_v1.sv:167:7: Operator CASE expects 32 bits on the Case Item, but Case Item's CONST '7'h5' generates 7 bits.
                                                           : ... note: In instance 'gate03r_bch_tb.decoder'
  167 |       case (canonical_position)
      |       ^~~~
%Warning-WIDTHEXPAND: asic/rtl/bch\bch_78_64_t2_v1.sv:167:7: Operator CASE expects 32 bits on the Case Item, but Case Item's CONST '7'h6' generates 7 bits.
                                                           : ... note: In instance 'gate03r_bch_tb.decoder'
  167 |       case (canonical_position)
      |       ^~~~
%Warning-WIDTHEXPAND: asic/rtl/bch\bch_78_64_t2_v1.sv:167:7: Operator CASE expects 32 bits on the Case Item, but Case Item's CONST '7'h7' generates 7 bits.
                                                           : ... note: In instance 'gate03r_bch_tb.decoder'
  167 |       case (canonical_position)
      |       ^~~~
%Warning-WIDTHEXPAND: asic/rtl/bch\bch_78_64_t2_v1.sv:167:7: Operator CASE expects 32 bits on the Case Item, but Case Item's CONST '7'h8' generates 7 bits.
                                                           : ... note: In instance 'gate03r_bch_tb.decoder'
  167 |       case (canonical_position)
      |       ^~~~
%Warning-WIDTHEXPAND: asic/rtl/bch\bch_78_64_t2_v1.sv:167:7: Operator CASE expects 32 bits on the Case Item, but Case Item's CONST '7'h9' generates 7 bits.
                                                           : ... note: In instance 'gate03r_bch_tb.decoder'
  167 |       case (canonical_position)
      |       ^~~~
%Warning-WIDTHEXPAND: asic/rtl/bch\bch_78_64_t2_v1.sv:167:7: Operator CASE expects 32 bits on the Case Item, but Case Item's CONST '7'ha' generates 7 bits.
                                                           : ... note: In instance 'gate03r_bch_tb.decoder'
  167 |       case (canonical_position)
      |       ^~~~
%Warning-WIDTHEXPAND: asic/rtl/bch\bch_78_64_t2_v1.sv:167:7: Operator CASE expects 32 bits on the Case Item, but Case Item's CONST '7'hb' generates 7 bits.
                                                           : ... note: In instance 'gate03r_bch_tb.decoder'
  167 |       case (canonical_position)
      |       ^~~~
%Warning-WIDTHEXPAND: asic/rtl/bch\bch_78_64_t2_v1.sv:167:7: Operator CASE expects 32 bits on the Case Item, but Case Item's CONST '7'hc' generates 7 bits.
                                                           : ... note: In instance 'gate03r_bch_tb.decoder'
  167 |       case (canonical_position)
      |       ^~~~
%Warning-WIDTHEXPAND: asic/rtl/bch\bch_78_64_t2_v1.sv:167:7: Operator CASE expects 32 bits on the Case Item, but Case Item's CONST '7'hd' generates 7 bits.
                                                           : ... note: In instance 'gate03r_bch_tb.decoder'
  167 |       case (canonical_position)
      |       ^~~~
%Warning-WIDTHEXPAND: asic/rtl/bch\bch_78_64_t2_v1.sv:167:7: Operator CASE expects 32 bits on the Case Item, but Case Item's CONST '7'he' generates 7 bits.
                                                           : ... note: In instance 'gate03r_bch_tb.decoder'
  167 |       case (canonical_position)
      |       ^~~~
%Warning-WIDTHEXPAND: asic/rtl/bch\bch_78_64_t2_v1.sv:167:7: Operator CASE expects 32 bits on the Case Item, but Case Item's CONST '7'hf' generates 7 bits.
                                                           : ... note: In instance 'gate03r_bch_tb.decoder'
  167 |       case (canonical_position)
      |       ^~~~
%Warning-WIDTHEXPAND: asic/rtl/bch\bch_78_64_t2_v1.sv:167:7: Operator CASE expects 32 bits on the Case Item, but Case Item's CONST '7'h10' generates 7 bits.
                                                           : ... note: In instance 'gate03r_bch_tb.decoder'
  167 |       case (canonical_position)
      |       ^~~~
%Warning-WIDTHEXPAND: asic/rtl/bch\bch_78_64_t2_v1.sv:167:7: Operator CASE expects 32 bits on the Case Item, but Case Item's CONST '7'h11' generates 7 bits.
                                                           : ... note: In instance 'gate03r_bch_tb.decoder'
  167 |       case (canonical_position)
      |       ^~~~
%Warning-WIDTHEXPAND: asic/rtl/bch\bch_78_64_t2_v1.sv:167:7: Operator CASE expects 32 bits on the Case Item, but Case Item's CONST '7'h12' generates 7 bits.
                                                           : ... note: In instance 'gate03r_bch_tb.decoder'
  167 |       case (canonical_position)
      |       ^~~~
%Warning-WIDTHEXPAND: asic/rtl/bch\bch_78_64_t2_v1.sv:167:7: Operator CASE expects 32 bits on the Case Item, but Case Item's CONST '7'h13' generates 7 bits.
                                                           : ... note: In instance 'gate03r_bch_tb.decoder'
  167 |       case (canonical_position)
      |       ^~~~
%Warning-WIDTHEXPAND: asic/rtl/bch\bch_78_64_t2_v1.sv:167:7: Operator CASE expects 32 bits on the Case Item, but Case Item's CONST '7'h14' generates 7 bits.
                                                           : ... note: In instance 'gate03r_bch_tb.decoder'
  167 |       case (canonical_position)
      |       ^~~~
%Warning-WIDTHEXPAND: asic/rtl/bch\bch_78_64_t2_v1.sv:167:7: Operator CASE expects 32 bits on the Case Item, but Case Item's CONST '7'h15' generates 7 bits.
                                                           : ... note: In instance 'gate03r_bch_tb.decoder'
  167 |       case (canonical_position)
      |       ^~~~
%Warning-WIDTHEXPAND: asic/rtl/bch\bch_78_64_t2_v1.sv:167:7: Operator CASE expects 32 bits on the Case Item, but Case Item's CONST '7'h16' generates 7 bits.
                                                           : ... note: In instance 'gate03r_bch_tb.decoder'
  167 |       case (canonical_position)
      |       ^~~~
%Warning-WIDTHEXPAND: asic/rtl/bch\bch_78_64_t2_v1.sv:167:7: Operator CASE expects 32 bits on the Case Item, but Case Item's CONST '7'h17' generates 7 bits.
                                                           : ... note: In instance 'gate03r_bch_tb.decoder'
  167 |       case (canonical_position)
      |       ^~~~
%Warning-WIDTHEXPAND: asic/rtl/bch\bch_78_64_t2_v1.sv:167:7: Operator CASE expects 32 bits on the Case Item, but Case Item's CONST '7'h18' generates 7 bits.
                                                           : ... note: In instance 'gate03r_bch_tb.decoder'
  167 |       case (canonical_position)
      |       ^~~~
%Warning-WIDTHEXPAND: asic/rtl/bch\bch_78_64_t2_v1.sv:167:7: Operator CASE expects 32 bits on the Case Item, but Case Item's CONST '7'h19' generates 7 bits.
                                                           : ... note: In instance 'gate03r_bch_tb.decoder'
  167 |       case (canonical_position)
      |       ^~~~
%Warning-WIDTHEXPAND: asic/rtl/bch\bch_78_64_t2_v1.sv:167:7: Operator CASE expects 32 bits on the Case Item, but Case Item's CONST '7'h1a' generates 7 bits.
                                                           : ... note: In instance 'gate03r_bch_tb.decoder'
  167 |       case (canonical_position)
      |       ^~~~
%Warning-WIDTHEXPAND: asic/rtl/bch\bch_78_64_t2_v1.sv:167:7: Operator CASE expects 32 bits on the Case Item, but Case Item's CONST '7'h1b' generates 7 bits.
                                                           : ... note: In instance 'gate03r_bch_tb.decoder'
  167 |       case (canonical_position)
      |       ^~~~
%Warning-WIDTHEXPAND: asic/rtl/bch\bch_78_64_t2_v1.sv:167:7: Operator CASE expects 32 bits on the Case Item, but Case Item's CONST '7'h1c' generates 7 bits.
                                                           : ... note: In instance 'gate03r_bch_tb.decoder'
  167 |       case (canonical_position)
      |       ^~~~
%Warning-WIDTHEXPAND: asic/rtl/bch\bch_78_64_t2_v1.sv:167:7: Operator CASE expects 32 bits on the Case Item, but Case Item's CONST '7'h1d' generates 7 bits.
                                                           : ... note: In instance 'gate03r_bch_tb.decoder'
  167 |       case (canonical_position)
      |       ^~~~
%Warning-WIDTHEXPAND: asic/rtl/bch\bch_78_64_t2_v1.sv:167:7: Operator CASE expects 32 bits on the Case Item, but Case Item's CONST '7'h1e' generates 7 bits.
                                                           : ... note: In instance 'gate03r_bch_tb.decoder'
  167 |       case (canonical_position)
      |       ^~~~
%Warning-WIDTHEXPAND: asic/rtl/bch\bch_78_64_t2_v1.sv:167:7: Operator CASE expects 32 bits on the Case Item, but Case Item's CONST '7'h1f' generates 7 bits.
                                                           : ... note: In instance 'gate03r_bch_tb.decoder'
  167 |       case (canonical_position)
      |       ^~~~
%Warning-WIDTHEXPAND: asic/rtl/bch\bch_78_64_t2_v1.sv:167:7: Operator CASE expects 32 bits on the Case Item, but Case Item's CONST '7'h20' generates 7 bits.
                                                           : ... note: In instance 'gate03r_bch_tb.decoder'
  167 |       case (canonical_position)
      |       ^~~~
%Warning-WIDTHEXPAND: asic/rtl/bch\bch_78_64_t2_v1.sv:167:7: Operator CASE expects 32 bits on the Case Item, but Case Item's CONST '7'h21' generates 7 bits.
                                                           : ... note: In instance 'gate03r_bch_tb.decoder'
  167 |       case (canonical_position)
      |       ^~~~
%Warning-WIDTHEXPAND: asic/rtl/bch\bch_78_64_t2_v1.sv:167:7: Operator CASE expects 32 bits on the Case Item, but Case Item's CONST '7'h22' generates 7 bits.
                                                           : ... note: In instance 'gate03r_bch_tb.decoder'
  167 |       case (canonical_position)
      |       ^~~~
%Warning-WIDTHEXPAND: asic/rtl/bch\bch_78_64_t2_v1.sv:167:7: Operator CASE expects 32 bits on the Case Item, but Case Item's CONST '7'h23' generates 7 bits.
                                                           : ... note: In instance 'gate03r_bch_tb.decoder'
  167 |       case (canonical_position)
      |       ^~~~
%Warning-WIDTHEXPAND: asic/rtl/bch\bch_78_64_t2_v1.sv:167:7: Operator CASE expects 32 bits on the Case Item, but Case Item's CONST '7'h24' generates 7 bits.
                                                           : ... note: In instance 'gate03r_bch_tb.decoder'
  167 |       case (canonical_position)
      |       ^~~~
%Warning-WIDTHEXPAND: asic/rtl/bch\bch_78_64_t2_v1.sv:167:7: Operator CASE expects 32 bits on the Case Item, but Case Item's CONST '7'h25' generates 7 bits.
                                                           : ... note: In instance 'gate03r_bch_tb.decoder'
  167 |       case (canonical_position)
      |       ^~~~
%Warning-WIDTHEXPAND: asic/rtl/bch\bch_78_64_t2_v1.sv:167:7: Operator CASE expects 32 bits on the Case Item, but Case Item's CONST '7'h26' generates 7 bits.
                                                           : ... note: In instance 'gate03r_bch_tb.decoder'
  167 |       case (canonical_position)
      |       ^~~~
%Warning-WIDTHEXPAND: asic/rtl/bch\bch_78_64_t2_v1.sv:167:7: Operator CASE expects 32 bits on the Case Item, but Case Item's CONST '7'h27' generates 7 bits.
                                                           : ... note: In instance 'gate03r_bch_tb.decoder'
  167 |       case (canonical_position)
      |       ^~~~
%Warning-WIDTHEXPAND: asic/rtl/bch\bch_78_64_t2_v1.sv:167:7: Operator CASE expects 32 bits on the Case Item, but Case Item's CONST '7'h28' generates 7 bits.
                                                           : ... note: In instance 'gate03r_bch_tb.decoder'
  167 |       case (canonical_position)
      |       ^~~~
%Warning-WIDTHEXPAND: asic/rtl/bch\bch_78_64_t2_v1.sv:167:7: Operator CASE expects 32 bits on the Case Item, but Case Item's CONST '7'h29' generates 7 bits.
                                                           : ... note: In instance 'gate03r_bch_tb.decoder'
  167 |       case (canonical_position)
      |       ^~~~
%Warning-WIDTHEXPAND: asic/rtl/bch\bch_78_64_t2_v1.sv:167:7: Operator CASE expects 32 bits on the Case Item, but Case Item's CONST '7'h2a' generates 7 bits.
                                                           : ... note: In instance 'gate03r_bch_tb.decoder'
  167 |       case (canonical_position)
      |       ^~~~
%Warning-WIDTHEXPAND: asic/rtl/bch\bch_78_64_t2_v1.sv:167:7: Operator CASE expects 32 bits on the Case Item, but Case Item's CONST '7'h2b' generates 7 bits.
                                                           : ... note: In instance 'gate03r_bch_tb.decoder'
  167 |       case (canonical_position)
      |       ^~~~
%Warning-WIDTHEXPAND: asic/rtl/bch\bch_78_64_t2_v1.sv:167:7: Operator CASE expects 32 bits on the Case Item, but Case Item's CONST '7'h2c' generates 7 bits.
                                                           : ... note: In instance 'gate03r_bch_tb.decoder'
  167 |       case (canonical_position)
      |       ^~~~
%Warning-WIDTHEXPAND: asic/rtl/bch\bch_78_64_t2_v1.sv:167:7: Operator CASE expects 32 bits on the Case Item, but Case Item's CONST '7'h2d' generates 7 bits.
                                                           : ... note: In instance 'gate03r_bch_tb.decoder'
  167 |       case (canonical_position)
      |       ^~~~
%Warning-WIDTHEXPAND: asic/rtl/bch\bch_78_64_t2_v1.sv:167:7: Operator CASE expects 32 bits on the Case Item, but Case Item's CONST '7'h2e' generates 7 bits.
                                                           : ... note: In instance 'gate03r_bch_tb.decoder'
  167 |       case (canonical_position)
      |       ^~~~
%Warning-WIDTHEXPAND: asic/rtl/bch\bch_78_64_t2_v1.sv:167:7: Operator CASE expects 32 bits on the Case Item, but Case Item's CONST '7'h2f' generates 7 bits.
                                                           : ... note: In instance 'gate03r_bch_tb.decoder'
  167 |       case (canonical_position)
      |       ^~~~
%Warning-WIDTHEXPAND: asic/rtl/bch\bch_78_64_t2_v1.sv:167:7: Operator CASE expects 32 bits on the Case Item, but Case Item's CONST '7'h30' generates 7 bits.
                                                           : ... note: In instance 'gate03r_bch_tb.decoder'
  167 |       case (canonical_position)
      |       ^~~~
%Warning-WIDTHEXPAND: asic/rtl/bch\bch_78_64_t2_v1.sv:167:7: Operator CASE expects 32 bits on the Case Item, but Case Item's CONST '7'h31' generates 7 bits.
                                                           : ... note: In instance 'gate03r_bch_tb.decoder'
  167 |       case (canonical_position)
      |       ^~~~
%Warning-WIDTHEXPAND: asic/rtl/bch\bch_78_64_t2_v1.sv:167:7: Operator CASE expects 32 bits on the Case Item, but Case Item's CONST '7'h32' generates 7 bits.
                                                           : ... note: In instance 'gate03r_bch_tb.decoder'
  167 |       case (canonical_position)
      |       ^~~~
%Warning-WIDTHEXPAND: asic/rtl/bch\bch_78_64_t2_v1.sv:167:7: Operator CASE expects 32 bits on the Case Item, but Case Item's CONST '7'h33' generates 7 bits.
                                                           : ... note: In instance 'gate03r_bch_tb.decoder'
  167 |       case (canonical_position)
      |       ^~~~
%Warning-WIDTHEXPAND: asic/rtl/bch\bch_78_64_t2_v1.sv:167:7: Operator CASE expects 32 bits on the Case Item, but Case Item's CONST '7'h34' generates 7 bits.
                                                           : ... note: In instance 'gate03r_bch_tb.decoder'
  167 |       case (canonical_position)
      |       ^~~~
%Warning-WIDTHEXPAND: asic/rtl/bch\bch_78_64_t2_v1.sv:167:7: Operator CASE expects 32 bits on the Case Item, but Case Item's CONST '7'h35' generates 7 bits.
                                                           : ... note: In instance 'gate03r_bch_tb.decoder'
  167 |       case (canonical_position)
      |       ^~~~
%Warning-WIDTHEXPAND: asic/rtl/bch\bch_78_64_t2_v1.sv:167:7: Operator CASE expects 32 bits on the Case Item, but Case Item's CONST '7'h36' generates 7 bits.
                                                           : ... note: In instance 'gate03r_bch_tb.decoder'
  167 |       case (canonical_position)
      |       ^~~~
%Warning-WIDTHEXPAND: asic/rtl/bch\bch_78_64_t2_v1.sv:167:7: Operator CASE expects 32 bits on the Case Item, but Case Item's CONST '7'h37' generates 7 bits.
                                                           : ... note: In instance 'gate03r_bch_tb.decoder'
  167 |       case (canonical_position)
      |       ^~~~
%Warning-WIDTHEXPAND: asic/rtl/bch\bch_78_64_t2_v1.sv:167:7: Operator CASE expects 32 bits on the Case Item, but Case Item's CONST '7'h38' generates 7 bits.
                                                           : ... note: In instance 'gate03r_bch_tb.decoder'
  167 |       case (canonical_position)
      |       ^~~~
%Warning-WIDTHEXPAND: asic/rtl/bch\bch_78_64_t2_v1.sv:167:7: Operator CASE expects 32 bits on the Case Item, but Case Item's CONST '7'h39' generates 7 bits.
                                                           : ... note: In instance 'gate03r_bch_tb.decoder'
  167 |       case (canonical_position)
      |       ^~~~
%Warning-WIDTHEXPAND: asic/rtl/bch\bch_78_64_t2_v1.sv:167:7: Operator CASE expects 32 bits on the Case Item, but Case Item's CONST '7'h3a' generates 7 bits.
                                                           : ... note: In instance 'gate03r_bch_tb.decoder'
  167 |       case (canonical_position)
      |       ^~~~
%Warning-WIDTHEXPAND: asic/rtl/bch\bch_78_64_t2_v1.sv:167:7: Operator CASE expects 32 bits on the Case Item, but Case Item's CONST '7'h3b' generates 7 bits.
                                                           : ... note: In instance 'gate03r_bch_tb.decoder'
  167 |       case (canonical_position)
      |       ^~~~
%Warning-WIDTHEXPAND: asic/rtl/bch\bch_78_64_t2_v1.sv:167:7: Operator CASE expects 32 bits on the Case Item, but Case Item's CONST '7'h3c' generates 7 bits.
                                                           : ... note: In instance 'gate03r_bch_tb.decoder'
  167 |       case (canonical_position)
      |       ^~~~
%Warning-WIDTHEXPAND: asic/rtl/bch\bch_78_64_t2_v1.sv:167:7: Operator CASE expects 32 bits on the Case Item, but Case Item's CONST '7'h3d' generates 7 bits.
                                                           : ... note: In instance 'gate03r_bch_tb.decoder'
  167 |       case (canonical_position)
      |       ^~~~
%Warning-WIDTHEXPAND: asic/rtl/bch\bch_78_64_t2_v1.sv:167:7: Operator CASE expects 32 bits on the Case Item, but Case Item's CONST '7'h3e' generates 7 bits.
                                                           : ... note: In instance 'gate03r_bch_tb.decoder'
  167 |       case (canonical_position)
      |       ^~~~
%Warning-WIDTHEXPAND: asic/rtl/bch\bch_78_64_t2_v1.sv:167:7: Operator CASE expects 32 bits on the Case Item, but Case Item's CONST '7'h3f' generates 7 bits.
                                                           : ... note: In instance 'gate03r_bch_tb.decoder'
  167 |       case (canonical_position)
      |       ^~~~
%Warning-WIDTHEXPAND: asic/rtl/bch\bch_78_64_t2_v1.sv:167:7: Operator CASE expects 32 bits on the Case Item, but Case Item's CONST '7'h40' generates 7 bits.
                                                           : ... note: In instance 'gate03r_bch_tb.decoder'
  167 |       case (canonical_position)
      |       ^~~~
%Warning-WIDTHEXPAND: asic/rtl/bch\bch_78_64_t2_v1.sv:167:7: Operator CASE expects 32 bits on the Case Item, but Case Item's CONST '7'h41' generates 7 bits.
                                                           : ... note: In instance 'gate03r_bch_tb.decoder'
  167 |       case (canonical_position)
      |       ^~~~
%Warning-WIDTHEXPAND: asic/rtl/bch\bch_78_64_t2_v1.sv:167:7: Operator CASE expects 32 bits on the Case Item, but Case Item's CONST '7'h42' generates 7 bits.
                                                           : ... note: In instance 'gate03r_bch_tb.decoder'
  167 |       case (canonical_position)
      |       ^~~~
%Warning-WIDTHEXPAND: asic/rtl/bch\bch_78_64_t2_v1.sv:167:7: Operator CASE expects 32 bits on the Case Item, but Case Item's CONST '7'h43' generates 7 bits.
                                                           : ... note: In instance 'gate03r_bch_tb.decoder'
  167 |       case (canonical_position)
      |       ^~~~
%Warning-WIDTHEXPAND: asic/rtl/bch\bch_78_64_t2_v1.sv:167:7: Operator CASE expects 32 bits on the Case Item, but Case Item's CONST '7'h44' generates 7 bits.
                                                           : ... note: In instance 'gate03r_bch_tb.decoder'
  167 |       case (canonical_position)
      |       ^~~~
%Warning-WIDTHEXPAND: asic/rtl/bch\bch_78_64_t2_v1.sv:167:7: Operator CASE expects 32 bits on the Case Item, but Case Item's CONST '7'h45' generates 7 bits.
                                                           : ... note: In instance 'gate03r_bch_tb.decoder'
  167 |       case (canonical_position)
      |       ^~~~
%Warning-WIDTHEXPAND: asic/rtl/bch\bch_78_64_t2_v1.sv:167:7: Operator CASE expects 32 bits on the Case Item, but Case Item's CONST '7'h46' generates 7 bits.
                                                           : ... note: In instance 'gate03r_bch_tb.decoder'
  167 |       case (canonical_position)
      |       ^~~~
%Warning-WIDTHEXPAND: asic/rtl/bch\bch_78_64_t2_v1.sv:167:7: Operator CASE expects 32 bits on the Case Item, but Case Item's CONST '7'h47' generates 7 bits.
                                                           : ... note: In instance 'gate03r_bch_tb.decoder'
  167 |       case (canonical_position)
      |       ^~~~
%Warning-WIDTHEXPAND: asic/rtl/bch\bch_78_64_t2_v1.sv:167:7: Operator CASE expects 32 bits on the Case Item, but Case Item's CONST '7'h48' generates 7 bits.
                                                           : ... note: In instance 'gate03r_bch_tb.decoder'
  167 |       case (canonical_position)
      |       ^~~~
%Warning-WIDTHEXPAND: asic/rtl/bch\bch_78_64_t2_v1.sv:167:7: Operator CASE expects 32 bits on the Case Item, but Case Item's CONST '7'h49' generates 7 bits.
                                                           : ... note: In instance 'gate03r_bch_tb.decoder'
  167 |       case (canonical_position)
      |       ^~~~
%Warning-WIDTHEXPAND: asic/rtl/bch\bch_78_64_t2_v1.sv:167:7: Operator CASE expects 32 bits on the Case Item, but Case Item's CONST '7'h4a' generates 7 bits.
                                                           : ... note: In instance 'gate03r_bch_tb.decoder'
  167 |       case (canonical_position)
      |       ^~~~
%Warning-WIDTHEXPAND: asic/rtl/bch\bch_78_64_t2_v1.sv:167:7: Operator CASE expects 32 bits on the Case Item, but Case Item's CONST '7'h4b' generates 7 bits.
                                                           : ... note: In instance 'gate03r_bch_tb.decoder'
  167 |       case (canonical_position)
      |       ^~~~
%Warning-WIDTHEXPAND: asic/rtl/bch\bch_78_64_t2_v1.sv:167:7: Operator CASE expects 32 bits on the Case Item, but Case Item's CONST '7'h4c' generates 7 bits.
                                                           : ... note: In instance 'gate03r_bch_tb.decoder'
  167 |       case (canonical_position)
      |       ^~~~
%Warning-WIDTHEXPAND: asic/rtl/bch\bch_78_64_t2_v1.sv:167:7: Operator CASE expects 32 bits on the Case Item, but Case Item's CONST '7'h4d' generates 7 bits.
                                                           : ... note: In instance 'gate03r_bch_tb.decoder'
  167 |       case (canonical_position)
      |       ^~~~

exit_code=0
