EXECUTED_COMMAND_JSON=["docker", "run", "--rm", "--network", "none", "--platform", "linux/amd64", "--name", "green_v33_secded_s19_a01_read_single_bit_error_correct", "--cpus", "1", "--memory", "3g", "--volume", "/var/lib/green-ecc-v33-activity-complete-e5/fresh_runs/secded_clk10p0ns_seed19/attempt01:/campaign-run", "--volume", "/mnt/c/Users/Abhinav/OneDrive/Desktop/ECC/Error-Code-Correction:/repo:ro", "--workdir", "/OpenROAD-flow-scripts/flow", "openroad/orfs@sha256:f05cee3219a02f26289f02f00e11a3fc986ab51a482a0000a2da810cda219a6e", "/OpenROAD-flow-scripts/tools/install/OpenROAD/bin/openroad", "-exit", "/campaign-run/power/READ_SINGLE_BIT_ERROR_CORRECT/power.tcl"]
OpenROAD 26Q3-1080-gab6fd26351 
Features included (+) or not (-): +GPU +GUI +Python
This program is licensed under the BSD-3 license. See the LICENSE file for details.
Components of this program may be licensed under more restrictive licenses which must be honored.
GREEN_V33_MACRO_OUTPUT_ACTIVITY_ROOTS count=72
[WARNING STA-1651] /campaign-run/results/sky130hd/secded_matched_sram_top/clk10p0ns_seed19/6_final.spef line 56976, u_data not connected to net data_dout[0].
[WARNING STA-1651] /campaign-run/results/sky130hd/secded_matched_sram_top/clk10p0ns_seed19/6_final.spef line 56983, u_data not connected to net data_dout[0].
[WARNING STA-1651] /campaign-run/results/sky130hd/secded_matched_sram_top/clk10p0ns_seed19/6_final.spef line 56995, u_data not connected to net data_dout[10].
[WARNING STA-1651] /campaign-run/results/sky130hd/secded_matched_sram_top/clk10p0ns_seed19/6_final.spef line 57025, u_data not connected to net data_dout[10].
[WARNING STA-1651] /campaign-run/results/sky130hd/secded_matched_sram_top/clk10p0ns_seed19/6_final.spef line 57039, u_data not connected to net data_dout[11].
[WARNING STA-1651] /campaign-run/results/sky130hd/secded_matched_sram_top/clk10p0ns_seed19/6_final.spef line 57055, u_data not connected to net data_dout[11].
[WARNING STA-1651] /campaign-run/results/sky130hd/secded_matched_sram_top/clk10p0ns_seed19/6_final.spef line 57069, u_data not connected to net data_dout[12].
[WARNING STA-1651] /campaign-run/results/sky130hd/secded_matched_sram_top/clk10p0ns_seed19/6_final.spef line 57089, u_data not connected to net data_dout[12].
[WARNING STA-1651] /campaign-run/results/sky130hd/secded_matched_sram_top/clk10p0ns_seed19/6_final.spef line 57103, u_data not connected to net data_dout[13].
[WARNING STA-1651] /campaign-run/results/sky130hd/secded_matched_sram_top/clk10p0ns_seed19/6_final.spef line 57126, u_data not connected to net data_dout[13].
[WARNING STA-1651] /campaign-run/results/sky130hd/secded_matched_sram_top/clk10p0ns_seed19/6_final.spef line 57139, u_data not connected to net data_dout[14].
[WARNING STA-1651] /campaign-run/results/sky130hd/secded_matched_sram_top/clk10p0ns_seed19/6_final.spef line 57187, u_data not connected to net data_dout[14].
[WARNING STA-1651] /campaign-run/results/sky130hd/secded_matched_sram_top/clk10p0ns_seed19/6_final.spef line 57200, u_data not connected to net data_dout[15].
[WARNING STA-1651] /campaign-run/results/sky130hd/secded_matched_sram_top/clk10p0ns_seed19/6_final.spef line 57216, u_data not connected to net data_dout[15].
[WARNING STA-1651] /campaign-run/results/sky130hd/secded_matched_sram_top/clk10p0ns_seed19/6_final.spef line 57228, u_data not connected to net data_dout[16].
[WARNING STA-1651] /campaign-run/results/sky130hd/secded_matched_sram_top/clk10p0ns_seed19/6_final.spef line 57251, u_data not connected to net data_dout[16].
[WARNING STA-1651] /campaign-run/results/sky130hd/secded_matched_sram_top/clk10p0ns_seed19/6_final.spef line 57264, u_data not connected to net data_dout[17].
[WARNING STA-1651] /campaign-run/results/sky130hd/secded_matched_sram_top/clk10p0ns_seed19/6_final.spef line 57287, u_data not connected to net data_dout[17].
[WARNING STA-1651] /campaign-run/results/sky130hd/secded_matched_sram_top/clk10p0ns_seed19/6_final.spef line 57300, u_data not connected to net data_dout[18].
[WARNING STA-1651] /campaign-run/results/sky130hd/secded_matched_sram_top/clk10p0ns_seed19/6_final.spef line 57314, u_data not connected to net data_dout[18].
[WARNING STA-1651] /campaign-run/results/sky130hd/secded_matched_sram_top/clk10p0ns_seed19/6_final.spef line 57327, u_data not connected to net data_dout[19].
[WARNING STA-1651] /campaign-run/results/sky130hd/secded_matched_sram_top/clk10p0ns_seed19/6_final.spef line 57346, u_data not connected to net data_dout[19].
[WARNING STA-1651] /campaign-run/results/sky130hd/secded_matched_sram_top/clk10p0ns_seed19/6_final.spef line 57359, u_data not connected to net data_dout[1].
[WARNING STA-1651] /campaign-run/results/sky130hd/secded_matched_sram_top/clk10p0ns_seed19/6_final.spef line 57369, u_data not connected to net data_dout[1].
[WARNING STA-1651] /campaign-run/results/sky130hd/secded_matched_sram_top/clk10p0ns_seed19/6_final.spef line 57382, u_data not connected to net data_dout[20].
[WARNING STA-1651] /campaign-run/results/sky130hd/secded_matched_sram_top/clk10p0ns_seed19/6_final.spef line 57396, u_data not connected to net data_dout[20].
[WARNING STA-1651] /campaign-run/results/sky130hd/secded_matched_sram_top/clk10p0ns_seed19/6_final.spef line 57409, u_data not connected to net data_dout[21].
[WARNING STA-1651] /campaign-run/results/sky130hd/secded_matched_sram_top/clk10p0ns_seed19/6_final.spef line 57427, u_data not connected to net data_dout[21].
[WARNING STA-1651] /campaign-run/results/sky130hd/secded_matched_sram_top/clk10p0ns_seed19/6_final.spef line 57440, u_data not connected to net data_dout[22].
[WARNING STA-1651] /campaign-run/results/sky130hd/secded_matched_sram_top/clk10p0ns_seed19/6_final.spef line 57462, u_data not connected to net data_dout[22].
[WARNING STA-1651] /campaign-run/results/sky130hd/secded_matched_sram_top/clk10p0ns_seed19/6_final.spef line 57475, u_data not connected to net data_dout[23].
[WARNING STA-1651] /campaign-run/results/sky130hd/secded_matched_sram_top/clk10p0ns_seed19/6_final.spef line 57495, u_data not connected to net data_dout[23].
[WARNING STA-1651] /campaign-run/results/sky130hd/secded_matched_sram_top/clk10p0ns_seed19/6_final.spef line 57508, u_data not connected to net data_dout[24].
[WARNING STA-1651] /campaign-run/results/sky130hd/secded_matched_sram_top/clk10p0ns_seed19/6_final.spef line 57523, u_data not connected to net data_dout[24].
[WARNING STA-1651] /campaign-run/results/sky130hd/secded_matched_sram_top/clk10p0ns_seed19/6_final.spef line 57536, u_data not connected to net data_dout[25].
[WARNING STA-1651] /campaign-run/results/sky130hd/secded_matched_sram_top/clk10p0ns_seed19/6_final.spef line 57550, u_data not connected to net data_dout[25].
[WARNING STA-1651] /campaign-run/results/sky130hd/secded_matched_sram_top/clk10p0ns_seed19/6_final.spef line 57563, u_data not connected to net data_dout[26].
[WARNING STA-1651] /campaign-run/results/sky130hd/secded_matched_sram_top/clk10p0ns_seed19/6_final.spef line 57584, u_data not connected to net data_dout[26].
[WARNING STA-1651] /campaign-run/results/sky130hd/secded_matched_sram_top/clk10p0ns_seed19/6_final.spef line 57597, u_data not connected to net data_dout[27].
[WARNING STA-1651] /campaign-run/results/sky130hd/secded_matched_sram_top/clk10p0ns_seed19/6_final.spef line 57618, u_data not connected to net data_dout[27].
[WARNING STA-1651] /campaign-run/results/sky130hd/secded_matched_sram_top/clk10p0ns_seed19/6_final.spef line 57631, u_data not connected to net data_dout[28].
[WARNING STA-1651] /campaign-run/results/sky130hd/secded_matched_sram_top/clk10p0ns_seed19/6_final.spef line 57666, u_data not connected to net data_dout[28].
[WARNING STA-1651] /campaign-run/results/sky130hd/secded_matched_sram_top/clk10p0ns_seed19/6_final.spef line 57682, u_data not connected to net data_dout[29].
[WARNING STA-1651] /campaign-run/results/sky130hd/secded_matched_sram_top/clk10p0ns_seed19/6_final.spef line 57696, u_data not connected to net data_dout[29].
[WARNING STA-1651] /campaign-run/results/sky130hd/secded_matched_sram_top/clk10p0ns_seed19/6_final.spef line 57709, u_data not connected to net data_dout[2].
[WARNING STA-1651] /campaign-run/results/sky130hd/secded_matched_sram_top/clk10p0ns_seed19/6_final.spef line 57725, u_data not connected to net data_dout[2].
[WARNING STA-1651] /campaign-run/results/sky130hd/secded_matched_sram_top/clk10p0ns_seed19/6_final.spef line 57740, u_data not connected to net data_dout[30].
[WARNING STA-1651] /campaign-run/results/sky130hd/secded_matched_sram_top/clk10p0ns_seed19/6_final.spef line 57767, u_data not connected to net data_dout[30].
[WARNING STA-1651] /campaign-run/results/sky130hd/secded_matched_sram_top/clk10p0ns_seed19/6_final.spef line 57779, u_data not connected to net data_dout[31].
[WARNING STA-1651] /campaign-run/results/sky130hd/secded_matched_sram_top/clk10p0ns_seed19/6_final.spef line 57790, u_data not connected to net data_dout[31].
[WARNING STA-1651] /campaign-run/results/sky130hd/secded_matched_sram_top/clk10p0ns_seed19/6_final.spef line 57802, u_data not connected to net data_dout[32].
[WARNING STA-1651] /campaign-run/results/sky130hd/secded_matched_sram_top/clk10p0ns_seed19/6_final.spef line 57817, u_data not connected to net data_dout[32].
[WARNING STA-1651] /campaign-run/results/sky130hd/secded_matched_sram_top/clk10p0ns_seed19/6_final.spef line 57830, u_data not connected to net data_dout[33].
[WARNING STA-1651] /campaign-run/results/sky130hd/secded_matched_sram_top/clk10p0ns_seed19/6_final.spef line 57846, u_data not connected to net data_dout[33].
[WARNING STA-1651] /campaign-run/results/sky130hd/secded_matched_sram_top/clk10p0ns_seed19/6_final.spef line 57860, u_data not connected to net data_dout[34].
[WARNING STA-1651] /campaign-run/results/sky130hd/secded_matched_sram_top/clk10p0ns_seed19/6_final.spef line 57884, u_data not connected to net data_dout[34].
[WARNING STA-1651] /campaign-run/results/sky130hd/secded_matched_sram_top/clk10p0ns_seed19/6_final.spef line 57897, u_data not connected to net data_dout[35].
[WARNING STA-1651] /campaign-run/results/sky130hd/secded_matched_sram_top/clk10p0ns_seed19/6_final.spef line 57919, u_data not connected to net data_dout[35].
[WARNING STA-1651] /campaign-run/results/sky130hd/secded_matched_sram_top/clk10p0ns_seed19/6_final.spef line 57932, u_data not connected to net data_dout[36].
[WARNING STA-1651] /campaign-run/results/sky130hd/secded_matched_sram_top/clk10p0ns_seed19/6_final.spef line 57943, u_data not connected to net data_dout[36].
[WARNING STA-1651] /campaign-run/results/sky130hd/secded_matched_sram_top/clk10p0ns_seed19/6_final.spef line 57956, u_data not connected to net data_dout[37].
[WARNING STA-1651] /campaign-run/results/sky130hd/secded_matched_sram_top/clk10p0ns_seed19/6_final.spef line 57979, u_data not connected to net data_dout[37].
[WARNING STA-1651] /campaign-run/results/sky130hd/secded_matched_sram_top/clk10p0ns_seed19/6_final.spef line 57993, u_data not connected to net data_dout[38].
[WARNING STA-1651] /campaign-run/results/sky130hd/secded_matched_sram_top/clk10p0ns_seed19/6_final.spef line 58025, u_data not connected to net data_dout[38].
[WARNING STA-1651] /campaign-run/results/sky130hd/secded_matched_sram_top/clk10p0ns_seed19/6_final.spef line 58039, u_data not connected to net data_dout[39].
[WARNING STA-1651] /campaign-run/results/sky130hd/secded_matched_sram_top/clk10p0ns_seed19/6_final.spef line 58055, u_data not connected to net data_dout[39].
[WARNING STA-1651] /campaign-run/results/sky130hd/secded_matched_sram_top/clk10p0ns_seed19/6_final.spef line 58066, u_data not connected to net data_dout[3].
[WARNING STA-1651] /campaign-run/results/sky130hd/secded_matched_sram_top/clk10p0ns_seed19/6_final.spef line 58075, u_data not connected to net data_dout[3].
[WARNING STA-1651] /campaign-run/results/sky130hd/secded_matched_sram_top/clk10p0ns_seed19/6_final.spef line 58086, u_data not connected to net data_dout[40].
[WARNING STA-1651] /campaign-run/results/sky130hd/secded_matched_sram_top/clk10p0ns_seed19/6_final.spef line 58095, u_data not connected to net data_dout[40].
[WARNING STA-1651] /campaign-run/results/sky130hd/secded_matched_sram_top/clk10p0ns_seed19/6_final.spef line 58108, u_data not connected to net data_dout[41].
[WARNING STA-1651] /campaign-run/results/sky130hd/secded_matched_sram_top/clk10p0ns_seed19/6_final.spef line 58125, u_data not connected to net data_dout[41].
[WARNING STA-1651] /campaign-run/results/sky130hd/secded_matched_sram_top/clk10p0ns_seed19/6_final.spef line 58139, u_data not connected to net data_dout[42].
[WARNING STA-1651] /campaign-run/results/sky130hd/secded_matched_sram_top/clk10p0ns_seed19/6_final.spef line 58167, u_data not connected to net data_dout[42].
[WARNING STA-1651] /campaign-run/results/sky130hd/secded_matched_sram_top/clk10p0ns_seed19/6_final.spef line 58181, u_data not connected to net data_dout[43].
[WARNING STA-1651] /campaign-run/results/sky130hd/secded_matched_sram_top/clk10p0ns_seed19/6_final.spef line 58210, u_data not connected to net data_dout[43].
[WARNING STA-1651] /campaign-run/results/sky130hd/secded_matched_sram_top/clk10p0ns_seed19/6_final.spef line 58224, u_data not connected to net data_dout[44].
[WARNING STA-1651] /campaign-run/results/sky130hd/secded_matched_sram_top/clk10p0ns_seed19/6_final.spef line 58255, u_data not connected to net data_dout[44].
[WARNING STA-1651] /campaign-run/results/sky130hd/secded_matched_sram_top/clk10p0ns_seed19/6_final.spef line 58270, u_data not connected to net data_dout[45].
[WARNING STA-1651] /campaign-run/results/sky130hd/secded_matched_sram_top/clk10p0ns_seed19/6_final.spef line 58297, u_data not connected to net data_dout[45].
[WARNING STA-1651] /campaign-run/results/sky130hd/secded_matched_sram_top/clk10p0ns_seed19/6_final.spef line 58312, u_data not connected to net data_dout[46].
[WARNING STA-1651] /campaign-run/results/sky130hd/secded_matched_sram_top/clk10p0ns_seed19/6_final.spef line 58335, u_data not connected to net data_dout[46].
[WARNING STA-1651] /campaign-run/results/sky130hd/secded_matched_sram_top/clk10p0ns_seed19/6_final.spef line 58350, u_data not connected to net data_dout[47].
[WARNING STA-1651] /campaign-run/results/sky130hd/secded_matched_sram_top/clk10p0ns_seed19/6_final.spef line 58377, u_data not connected to net data_dout[47].
[WARNING STA-1651] /campaign-run/results/sky130hd/secded_matched_sram_top/clk10p0ns_seed19/6_final.spef line 58394, u_data not connected to net data_dout[48].
[WARNING STA-1651] /campaign-run/results/sky130hd/secded_matched_sram_top/clk10p0ns_seed19/6_final.spef line 58417, u_data not connected to net data_dout[48].
[WARNING STA-1651] /campaign-run/results/sky130hd/secded_matched_sram_top/clk10p0ns_seed19/6_final.spef line 58433, u_data not connected to net data_dout[49].
[WARNING STA-1651] /campaign-run/results/sky130hd/secded_matched_sram_top/clk10p0ns_seed19/6_final.spef line 58478, u_data not connected to net data_dout[49].
[WARNING STA-1651] /campaign-run/results/sky130hd/secded_matched_sram_top/clk10p0ns_seed19/6_final.spef line 58497, u_data not connected to net data_dout[4].
[WARNING STA-1651] /campaign-run/results/sky130hd/secded_matched_sram_top/clk10p0ns_seed19/6_final.spef line 58505, u_data not connected to net data_dout[4].
[WARNING STA-1651] /campaign-run/results/sky130hd/secded_matched_sram_top/clk10p0ns_seed19/6_final.spef line 58518, u_data not connected to net data_dout[50].
[WARNING STA-1651] /campaign-run/results/sky130hd/secded_matched_sram_top/clk10p0ns_seed19/6_final.spef line 58543, u_data not connected to net data_dout[50].
[WARNING STA-1651] /campaign-run/results/sky130hd/secded_matched_sram_top/clk10p0ns_seed19/6_final.spef line 58558, u_data not connected to net data_dout[51].
[WARNING STA-1651] /campaign-run/results/sky130hd/secded_matched_sram_top/clk10p0ns_seed19/6_final.spef line 58588, u_data not connected to net data_dout[51].
[WARNING STA-1651] /campaign-run/results/sky130hd/secded_matched_sram_top/clk10p0ns_seed19/6_final.spef line 58602, u_data not connected to net data_dout[52].
[WARNING STA-1651] /campaign-run/results/sky130hd/secded_matched_sram_top/clk10p0ns_seed19/6_final.spef line 58628, u_data not connected to net data_dout[52].
[WARNING STA-1651] /campaign-run/results/sky130hd/secded_matched_sram_top/clk10p0ns_seed19/6_final.spef line 58643, u_data not connected to net data_dout[53].
[WARNING STA-1651] /campaign-run/results/sky130hd/secded_matched_sram_top/clk10p0ns_seed19/6_final.spef line 58669, u_data not connected to net data_dout[53].
[WARNING STA-1651] /campaign-run/results/sky130hd/secded_matched_sram_top/clk10p0ns_seed19/6_final.spef line 58684, u_data not connected to net data_dout[54].
[WARNING STA-1651] /campaign-run/results/sky130hd/secded_matched_sram_top/clk10p0ns_seed19/6_final.spef line 58701, u_data not connected to net data_dout[54].
[WARNING STA-1651] /campaign-run/results/sky130hd/secded_matched_sram_top/clk10p0ns_seed19/6_final.spef line 58714, u_data not connected to net data_dout[55].
[WARNING STA-1651] /campaign-run/results/sky130hd/secded_matched_sram_top/clk10p0ns_seed19/6_final.spef line 58728, u_data not connected to net data_dout[55].
[WARNING STA-1651] /campaign-run/results/sky130hd/secded_matched_sram_top/clk10p0ns_seed19/6_final.spef line 58742, u_data not connected to net data_dout[56].
[WARNING STA-1651] /campaign-run/results/sky130hd/secded_matched_sram_top/clk10p0ns_seed19/6_final.spef line 58758, u_data not connected to net data_dout[56].
[WARNING STA-1651] /campaign-run/results/sky130hd/secded_matched_sram_top/clk10p0ns_seed19/6_final.spef line 58772, u_data not connected to net data_dout[57].
[WARNING STA-1651] /campaign-run/results/sky130hd/secded_matched_sram_top/clk10p0ns_seed19/6_final.spef line 58810, u_data not connected to net data_dout[57].
[WARNING STA-1651] /campaign-run/results/sky130hd/secded_matched_sram_top/clk10p0ns_seed19/6_final.spef line 58826, u_data not connected to net data_dout[58].
[WARNING STA-1651] /campaign-run/results/sky130hd/secded_matched_sram_top/clk10p0ns_seed19/6_final.spef line 58842, u_data not connected to net data_dout[58].
[WARNING STA-1651] /campaign-run/results/sky130hd/secded_matched_sram_top/clk10p0ns_seed19/6_final.spef line 58856, u_data not connected to net data_dout[59].
[WARNING STA-1651] /campaign-run/results/sky130hd/secded_matched_sram_top/clk10p0ns_seed19/6_final.spef line 58889, u_data not connected to net data_dout[59].
[WARNING STA-1651] /campaign-run/results/sky130hd/secded_matched_sram_top/clk10p0ns_seed19/6_final.spef line 58904, u_data not connected to net data_dout[5].
[WARNING STA-1651] /campaign-run/results/sky130hd/secded_matched_sram_top/clk10p0ns_seed19/6_final.spef line 58951, u_data not connected to net data_dout[5].
[WARNING STA-1651] /campaign-run/results/sky130hd/secded_matched_sram_top/clk10p0ns_seed19/6_final.spef line 58967, u_data not connected to net data_dout[60].
[WARNING STA-1651] /campaign-run/results/sky130hd/secded_matched_sram_top/clk10p0ns_seed19/6_final.spef line 59001, u_data not connected to net data_dout[60].
[WARNING STA-1651] /campaign-run/results/sky130hd/secded_matched_sram_top/clk10p0ns_seed19/6_final.spef line 59016, u_data not connected to net data_dout[61].
[WARNING STA-1651] /campaign-run/results/sky130hd/secded_matched_sram_top/clk10p0ns_seed19/6_final.spef line 59049, u_data not connected to net data_dout[61].
[WARNING STA-1651] /campaign-run/results/sky130hd/secded_matched_sram_top/clk10p0ns_seed19/6_final.spef line 59065, u_data not connected to net data_dout[62].
[WARNING STA-1651] /campaign-run/results/sky130hd/secded_matched_sram_top/clk10p0ns_seed19/6_final.spef line 59086, u_data not connected to net data_dout[62].
[WARNING STA-1651] /campaign-run/results/sky130hd/secded_matched_sram_top/clk10p0ns_seed19/6_final.spef line 59098, u_data not connected to net data_dout[63].
[WARNING STA-1651] /campaign-run/results/sky130hd/secded_matched_sram_top/clk10p0ns_seed19/6_final.spef line 59162, u_data not connected to net data_dout[63].
[WARNING STA-1651] /campaign-run/results/sky130hd/secded_matched_sram_top/clk10p0ns_seed19/6_final.spef line 59176, u_data not connected to net data_dout[6].
[WARNING STA-1651] /campaign-run/results/sky130hd/secded_matched_sram_top/clk10p0ns_seed19/6_final.spef line 59200, u_data not connected to net data_dout[6].
[WARNING STA-1651] /campaign-run/results/sky130hd/secded_matched_sram_top/clk10p0ns_seed19/6_final.spef line 59215, u_data not connected to net data_dout[7].
[WARNING STA-1651] /campaign-run/results/sky130hd/secded_matched_sram_top/clk10p0ns_seed19/6_final.spef line 59223, u_data not connected to net data_dout[7].
[WARNING STA-1651] /campaign-run/results/sky130hd/secded_matched_sram_top/clk10p0ns_seed19/6_final.spef line 59235, u_data not connected to net data_dout[8].
[WARNING STA-1651] /campaign-run/results/sky130hd/secded_matched_sram_top/clk10p0ns_seed19/6_final.spef line 59263, u_data not connected to net data_dout[8].
[WARNING STA-1651] /campaign-run/results/sky130hd/secded_matched_sram_top/clk10p0ns_seed19/6_final.spef line 59276, u_data not connected to net data_dout[9].
[WARNING STA-1651] /campaign-run/results/sky130hd/secded_matched_sram_top/clk10p0ns_seed19/6_final.spef line 59302, u_data not connected to net data_dout[9].
[WARNING STA-1651] /campaign-run/results/sky130hd/secded_matched_sram_top/clk10p0ns_seed19/6_final.spef line 59343, u_ecc0 not connected to net ecc_dout[0].
[WARNING STA-1651] /campaign-run/results/sky130hd/secded_matched_sram_top/clk10p0ns_seed19/6_final.spef line 59367, u_ecc0 not connected to net ecc_dout[0].
[WARNING STA-1651] /campaign-run/results/sky130hd/secded_matched_sram_top/clk10p0ns_seed19/6_final.spef line 59383, u_ecc0 not connected to net ecc_dout[1].
[WARNING STA-1651] /campaign-run/results/sky130hd/secded_matched_sram_top/clk10p0ns_seed19/6_final.spef line 59416, u_ecc0 not connected to net ecc_dout[1].
[WARNING STA-1651] /campaign-run/results/sky130hd/secded_matched_sram_top/clk10p0ns_seed19/6_final.spef line 59435, u_ecc0 not connected to net ecc_dout[2].
[WARNING STA-1651] /campaign-run/results/sky130hd/secded_matched_sram_top/clk10p0ns_seed19/6_final.spef line 59477, u_ecc0 not connected to net ecc_dout[2].
[WARNING STA-1651] /campaign-run/results/sky130hd/secded_matched_sram_top/clk10p0ns_seed19/6_final.spef line 59496, u_ecc0 not connected to net ecc_dout[3].
[WARNING STA-1651] /campaign-run/results/sky130hd/secded_matched_sram_top/clk10p0ns_seed19/6_final.spef line 59542, u_ecc0 not connected to net ecc_dout[3].
[WARNING STA-1651] /campaign-run/results/sky130hd/secded_matched_sram_top/clk10p0ns_seed19/6_final.spef line 59562, u_ecc0 not connected to net ecc_dout[4].
[WARNING STA-1651] /campaign-run/results/sky130hd/secded_matched_sram_top/clk10p0ns_seed19/6_final.spef line 59599, u_ecc0 not connected to net ecc_dout[4].
[WARNING STA-1651] /campaign-run/results/sky130hd/secded_matched_sram_top/clk10p0ns_seed19/6_final.spef line 59614, u_ecc0 not connected to net ecc_dout[5].
[WARNING STA-1651] /campaign-run/results/sky130hd/secded_matched_sram_top/clk10p0ns_seed19/6_final.spef line 59646, u_ecc0 not connected to net ecc_dout[5].
[WARNING STA-1651] /campaign-run/results/sky130hd/secded_matched_sram_top/clk10p0ns_seed19/6_final.spef line 59661, u_ecc0 not connected to net ecc_dout[6].
[WARNING STA-1651] /campaign-run/results/sky130hd/secded_matched_sram_top/clk10p0ns_seed19/6_final.spef line 59692, u_ecc0 not connected to net ecc_dout[6].
[WARNING STA-1651] /campaign-run/results/sky130hd/secded_matched_sram_top/clk10p0ns_seed19/6_final.spef line 59706, u_ecc0 not connected to net ecc_dout[7].
[WARNING STA-1651] /campaign-run/results/sky130hd/secded_matched_sram_top/clk10p0ns_seed19/6_final.spef line 59714, u_ecc0 not connected to net ecc_dout[7].
Annotated 142 pin activities.
GREEN_V33_EXPLICIT_ROUTED_NET_ACTIVITY nets=1087
GREEN_V33_MACRO_OUTPUT_ACTIVITY_ROOT_ANNOTATIONS count=0
GREEN_V33_POWER_COMPLETE architecture=secded_matched_sram_top operation=READ_SINGLE_BIT_ERROR_CORRECT
