
==========================================================================
global route report_tns
--------------------------------------------------------------------------
tns max 0.00

==========================================================================
global route report_wns
--------------------------------------------------------------------------
wns max 0.00

==========================================================================
global route report_worst_slack
--------------------------------------------------------------------------
worst slack max 0.15

==========================================================================
global route report_clock_min_period
--------------------------------------------------------------------------
core_clk period_min = 9.85 fmax = 101.57

==========================================================================
global route report_clock_skew
--------------------------------------------------------------------------
Clock core_clk
No launch/capture paths found.


==========================================================================
global route report_checks -path_delay min
--------------------------------------------------------------------------
Startpoint: rstb (input port clocked by core_clk)
Endpoint: u_ecc0 (rising edge-triggered flip-flop clocked by core_clk)
Path Group: core_clk
Path Type: min

Fanout     Cap    Slew   Delay    Time   Description
-----------------------------------------------------------------------------
                          0.00    0.00   clock core_clk (rise edge)
                          0.00    0.00   clock network delay (propagated)
                          1.00    1.00 v input external delay
     1    0.01    0.00    0.00    1.00 v rstb (in)
                                         rstb (net)
                  0.00    0.00    1.00 v hold809/A (sky130_fd_sc_hd__dlygate4sd3_1)
     1    0.02    0.14    0.64    1.64 v hold809/X (sky130_fd_sc_hd__dlygate4sd3_1)
                                         net808 (net)
                  0.14    0.00    1.64 v hold805/A (sky130_fd_sc_hd__dlygate4sd3_1)
     1    0.01    0.10    0.65    2.29 v hold805/X (sky130_fd_sc_hd__dlygate4sd3_1)
                                         net804 (net)
                  0.10    0.00    2.29 v hold810/A (sky130_fd_sc_hd__dlygate4sd3_1)
     1    0.03    0.15    0.69    2.97 v hold810/X (sky130_fd_sc_hd__dlygate4sd3_1)
                                         net809 (net)
                  0.15    0.00    2.98 v input90/A (sky130_fd_sc_hd__clkbuf_16)
     1    0.00    0.03    0.18    3.16 v input90/X (sky130_fd_sc_hd__clkbuf_16)
                                         net89 (net)
                  0.03    0.00    3.16 v hold811/A (sky130_fd_sc_hd__dlygate4sd3_1)
     1    0.01    0.07    0.56    3.72 v hold811/X (sky130_fd_sc_hd__dlygate4sd3_1)
                                         net810 (net)
                  0.07    0.00    3.72 v hold806/A (sky130_fd_sc_hd__dlygate4sd3_1)
     1    0.01    0.07    0.58    4.31 v hold806/X (sky130_fd_sc_hd__dlygate4sd3_1)
                                         net805 (net)
                  0.07    0.00    4.31 v hold812/A (sky130_fd_sc_hd__dlygate4sd3_1)
     2    0.04    0.20    0.72    5.02 v hold812/X (sky130_fd_sc_hd__dlygate4sd3_1)
                                         net811 (net)
                  0.20    0.00    5.02 v wire295/A (sky130_fd_sc_hd__buf_16)
     1    0.02    0.03    0.20    5.22 v wire295/X (sky130_fd_sc_hd__buf_16)
                                         net294 (net)
                  0.03    0.00    5.22 v wire692/A (sky130_fd_sc_hd__buf_16)
     1    0.09    0.07    0.15    5.37 v wire692/X (sky130_fd_sc_hd__buf_16)
                                         net691 (net)
                  0.09    0.01    5.38 v u_ecc0/rstb (sram22_256x8m8w1)
                                  5.38   data arrival time

                          0.00    0.00   clock core_clk (rise edge)
                          0.00    0.00   clock source latency
     2    0.06    0.00    0.00    0.00 ^ clk (in)
                                         clk (net)
                  0.00    0.00    0.00 ^ clkbuf_0_clk/A (sky130_fd_sc_hd__clkbuf_16)
     2    0.03    0.05    0.12    0.12 ^ clkbuf_0_clk/X (sky130_fd_sc_hd__clkbuf_16)
                                         clknet_0_clk (net)
                  0.05    0.00    0.12 ^ clkbuf_1_0__f_clk/A (sky130_fd_sc_hd__clkbuf_16)
     2    0.20    0.21    0.25    0.36 ^ clkbuf_1_0__f_clk/X (sky130_fd_sc_hd__clkbuf_16)
                                         clknet_1_0__leaf_clk (net)
                  0.28    0.02    0.38 ^ u_ecc0/clk (sram22_256x8m8w1)
                          0.10    0.48   clock uncertainty
                          0.00    0.48   clock reconvergence pessimism
                          4.76    5.24   library hold time
                                  5.24   data required time
-----------------------------------------------------------------------------
                                  5.24   data required time
                                 -5.38   data arrival time
-----------------------------------------------------------------------------
                                  0.14   slack (MET)



==========================================================================
global route report_checks -path_delay max
--------------------------------------------------------------------------
Startpoint: u_data (rising edge-triggered flip-flop clocked by core_clk)
Endpoint: payload_out[62] (output port clocked by core_clk)
Path Group: core_clk
Path Type: max

Fanout     Cap    Slew   Delay    Time   Description
-----------------------------------------------------------------------------
                          0.00    0.00   clock core_clk (rise edge)
                          0.00    0.00   clock source latency
     2    0.06    0.00    0.00    0.00 ^ clk (in)
                                         clk (net)
                  0.00    0.00    0.00 ^ clkbuf_0_clk/A (sky130_fd_sc_hd__clkbuf_16)
     2    0.03    0.05    0.12    0.12 ^ clkbuf_0_clk/X (sky130_fd_sc_hd__clkbuf_16)
                                         clknet_0_clk (net)
                  0.05    0.00    0.12 ^ clkbuf_1_1__f_clk/A (sky130_fd_sc_hd__clkbuf_16)
     1    0.38    0.39    0.34    0.46 ^ clkbuf_1_1__f_clk/X (sky130_fd_sc_hd__clkbuf_16)
                                         clknet_1_1__leaf_clk (net)
                  0.52    0.04    0.51 ^ u_data/clk (sram22_256x64m4w8)
     1    0.01    0.14    3.42    3.93 ^ u_data/dout[61] (sram22_256x64m4w8)
                                         data_dout[61] (net)
                  0.11    0.00    3.93 ^ wire584/A (sky130_fd_sc_hd__clkbuf_1)
     1    0.01    0.12    0.15    4.08 ^ wire584/X (sky130_fd_sc_hd__clkbuf_1)
                                         net583 (net)
                  0.12    0.00    4.08 ^ wire583/A (sky130_fd_sc_hd__clkbuf_1)
     1    0.01    0.08    0.13    4.21 ^ wire583/X (sky130_fd_sc_hd__clkbuf_1)
                                         net582 (net)
                  0.08    0.00    4.21 ^ wire582/A (sky130_fd_sc_hd__clkbuf_1)
     2    0.02    0.19    0.19    4.40 ^ wire582/X (sky130_fd_sc_hd__clkbuf_1)
                                         net581 (net)
                  0.19    0.00    4.40 ^ max_cap581/A (sky130_fd_sc_hd__clkdlybuf4s50_1)
     1    0.01    0.09    0.55    4.95 ^ max_cap581/X (sky130_fd_sc_hd__clkdlybuf4s50_1)
                                         net580 (net)
                  0.09    0.00    4.95 ^ _456_/A (sky130_fd_sc_hd__xor2_1)
     1    0.03    0.64    0.53    5.48 ^ _456_/X (sky130_fd_sc_hd__xor2_1)
                                         _045_ (net)
                  0.64    0.00    5.48 ^ _459_/A (sky130_fd_sc_hd__xnor3_1)
     2    0.01    0.11    0.57    6.05 v _459_/X (sky130_fd_sc_hd__xnor3_1)
                                         _048_ (net)
                  0.11    0.00    6.05 v _460_/A (sky130_fd_sc_hd__xnor2_1)
     1    0.00    0.08    0.16    6.21 v _460_/Y (sky130_fd_sc_hd__xnor2_1)
                                         _049_ (net)
                  0.08    0.00    6.21 v _461_/C (sky130_fd_sc_hd__xnor3_1)
     9    0.04    0.43    0.49    6.69 ^ _461_/X (sky130_fd_sc_hd__xnor3_1)
                                         _050_ (net)
                  0.43    0.00    6.70 ^ _462_/A (sky130_fd_sc_hd__clkinv_1)
    10    0.05    0.39    0.44    7.14 v _462_/Y (sky130_fd_sc_hd__clkinv_1)
                                         _051_ (net)
                  0.39    0.00    7.15 v _631_/A (sky130_fd_sc_hd__nor3_4)
     7    0.04    0.40    0.50    7.64 ^ _631_/Y (sky130_fd_sc_hd__nor3_4)
                                         _200_ (net)
                  0.40    0.00    7.64 ^ _705_/D (sky130_fd_sc_hd__nand4_1)
     1    0.01    0.15    0.19    7.83 v _705_/Y (sky130_fd_sc_hd__nand4_1)
                                         _243_ (net)
                  0.15    0.00    7.83 v _706_/B (sky130_fd_sc_hd__xnor2_1)
     1    0.01    0.19    0.22    8.05 ^ _706_/Y (sky130_fd_sc_hd__xnor2_1)
                                         net151 (net)
                  0.19    0.00    8.05 ^ output152/A (sky130_fd_sc_hd__clkdlybuf4s50_1)
     1    0.03    0.29    0.69    8.74 ^ output152/X (sky130_fd_sc_hd__clkdlybuf4s50_1)
                                         payload_out[62] (net)
                  0.29    0.00    8.75 ^ payload_out[62] (out)
                                  8.75   data arrival time

                         10.00   10.00   clock core_clk (rise edge)
                          0.00   10.00   clock network delay (propagated)
                         -0.10    9.90   clock uncertainty
                          0.00    9.90   clock reconvergence pessimism
                         -1.00    8.90   output external delay
                                  8.90   data required time
-----------------------------------------------------------------------------
                                  8.90   data required time
                                 -8.75   data arrival time
-----------------------------------------------------------------------------
                                  0.15   slack (MET)



==========================================================================
global route report_checks -unconstrained
--------------------------------------------------------------------------
Startpoint: u_data (rising edge-triggered flip-flop clocked by core_clk)
Endpoint: payload_out[62] (output port clocked by core_clk)
Path Group: core_clk
Path Type: max

Fanout     Cap    Slew   Delay    Time   Description
-----------------------------------------------------------------------------
                          0.00    0.00   clock core_clk (rise edge)
                          0.00    0.00   clock source latency
     2    0.06    0.00    0.00    0.00 ^ clk (in)
                                         clk (net)
                  0.00    0.00    0.00 ^ clkbuf_0_clk/A (sky130_fd_sc_hd__clkbuf_16)
     2    0.03    0.05    0.12    0.12 ^ clkbuf_0_clk/X (sky130_fd_sc_hd__clkbuf_16)
                                         clknet_0_clk (net)
                  0.05    0.00    0.12 ^ clkbuf_1_1__f_clk/A (sky130_fd_sc_hd__clkbuf_16)
     1    0.38    0.39    0.34    0.46 ^ clkbuf_1_1__f_clk/X (sky130_fd_sc_hd__clkbuf_16)
                                         clknet_1_1__leaf_clk (net)
                  0.52    0.04    0.51 ^ u_data/clk (sram22_256x64m4w8)
     1    0.01    0.14    3.42    3.93 ^ u_data/dout[61] (sram22_256x64m4w8)
                                         data_dout[61] (net)
                  0.11    0.00    3.93 ^ wire584/A (sky130_fd_sc_hd__clkbuf_1)
     1    0.01    0.12    0.15    4.08 ^ wire584/X (sky130_fd_sc_hd__clkbuf_1)
                                         net583 (net)
                  0.12    0.00    4.08 ^ wire583/A (sky130_fd_sc_hd__clkbuf_1)
     1    0.01    0.08    0.13    4.21 ^ wire583/X (sky130_fd_sc_hd__clkbuf_1)
                                         net582 (net)
                  0.08    0.00    4.21 ^ wire582/A (sky130_fd_sc_hd__clkbuf_1)
     2    0.02    0.19    0.19    4.40 ^ wire582/X (sky130_fd_sc_hd__clkbuf_1)
                                         net581 (net)
                  0.19    0.00    4.40 ^ max_cap581/A (sky130_fd_sc_hd__clkdlybuf4s50_1)
     1    0.01    0.09    0.55    4.95 ^ max_cap581/X (sky130_fd_sc_hd__clkdlybuf4s50_1)
                                         net580 (net)
                  0.09    0.00    4.95 ^ _456_/A (sky130_fd_sc_hd__xor2_1)
     1    0.03    0.64    0.53    5.48 ^ _456_/X (sky130_fd_sc_hd__xor2_1)
                                         _045_ (net)
                  0.64    0.00    5.48 ^ _459_/A (sky130_fd_sc_hd__xnor3_1)
     2    0.01    0.11    0.57    6.05 v _459_/X (sky130_fd_sc_hd__xnor3_1)
                                         _048_ (net)
                  0.11    0.00    6.05 v _460_/A (sky130_fd_sc_hd__xnor2_1)
     1    0.00    0.08    0.16    6.21 v _460_/Y (sky130_fd_sc_hd__xnor2_1)
                                         _049_ (net)
                  0.08    0.00    6.21 v _461_/C (sky130_fd_sc_hd__xnor3_1)
     9    0.04    0.43    0.49    6.69 ^ _461_/X (sky130_fd_sc_hd__xnor3_1)
                                         _050_ (net)
                  0.43    0.00    6.70 ^ _462_/A (sky130_fd_sc_hd__clkinv_1)
    10    0.05    0.39    0.44    7.14 v _462_/Y (sky130_fd_sc_hd__clkinv_1)
                                         _051_ (net)
                  0.39    0.00    7.15 v _631_/A (sky130_fd_sc_hd__nor3_4)
     7    0.04    0.40    0.50    7.64 ^ _631_/Y (sky130_fd_sc_hd__nor3_4)
                                         _200_ (net)
                  0.40    0.00    7.64 ^ _705_/D (sky130_fd_sc_hd__nand4_1)
     1    0.01    0.15    0.19    7.83 v _705_/Y (sky130_fd_sc_hd__nand4_1)
                                         _243_ (net)
                  0.15    0.00    7.83 v _706_/B (sky130_fd_sc_hd__xnor2_1)
     1    0.01    0.19    0.22    8.05 ^ _706_/Y (sky130_fd_sc_hd__xnor2_1)
                                         net151 (net)
                  0.19    0.00    8.05 ^ output152/A (sky130_fd_sc_hd__clkdlybuf4s50_1)
     1    0.03    0.29    0.69    8.74 ^ output152/X (sky130_fd_sc_hd__clkdlybuf4s50_1)
                                         payload_out[62] (net)
                  0.29    0.00    8.75 ^ payload_out[62] (out)
                                  8.75   data arrival time

                         10.00   10.00   clock core_clk (rise edge)
                          0.00   10.00   clock network delay (propagated)
                         -0.10    9.90   clock uncertainty
                          0.00    9.90   clock reconvergence pessimism
                         -1.00    8.90   output external delay
                                  8.90   data required time
-----------------------------------------------------------------------------
                                  8.90   data required time
                                 -8.75   data arrival time
-----------------------------------------------------------------------------
                                  0.15   slack (MET)



==========================================================================
global route report_check_types -max_slew -max_cap -max_fanout -violators
--------------------------------------------------------------------------
max slew

Pin                                    Limit    Slew   Slack
------------------------------------------------------------
u_data/dout[58]                         0.04    0.51   -0.47 (VIOLATED)
u_ecc0/dout[5]                          0.04    0.50   -0.46 (VIOLATED)
u_data/dout[14]                         0.04    0.48   -0.44 (VIOLATED)
u_ecc0/dout[2]                          0.04    0.47   -0.43 (VIOLATED)
u_data/dout[18]                         0.04    0.47   -0.43 (VIOLATED)
u_data/dout[56]                         0.04    0.46   -0.42 (VIOLATED)
u_data/dout[17]                         0.04    0.44   -0.40 (VIOLATED)
u_data/dout[16]                         0.04    0.44   -0.40 (VIOLATED)
u_data/dout[59]                         0.04    0.42   -0.38 (VIOLATED)
u_data/dout[21]                         0.04    0.40   -0.36 (VIOLATED)
u_ecc0/dout[3]                          0.04    0.40   -0.36 (VIOLATED)
u_data/dout[55]                         0.04    0.39   -0.35 (VIOLATED)
u_data/dout[7]                          0.04    0.39   -0.35 (VIOLATED)
u_ecc0/dout[1]                          0.04    0.39   -0.35 (VIOLATED)
u_data/dout[24]                         0.04    0.39   -0.35 (VIOLATED)
u_data/dout[9]                          0.04    0.38   -0.34 (VIOLATED)
u_data/dout[43]                         0.04    0.38   -0.34 (VIOLATED)
u_data/dout[3]                          0.04    0.38   -0.34 (VIOLATED)
u_data/dout[57]                         0.04    0.38   -0.34 (VIOLATED)
u_data/dout[2]                          0.04    0.37   -0.33 (VIOLATED)
u_data/dout[54]                         0.04    0.36   -0.32 (VIOLATED)
u_data/dout[20]                         0.04    0.36   -0.32 (VIOLATED)
u_ecc0/dout[6]                          0.04    0.36   -0.32 (VIOLATED)
u_data/dout[49]                         0.04    0.36   -0.32 (VIOLATED)
u_data/dout[40]                         0.04    0.35   -0.31 (VIOLATED)
u_data/dout[26]                         0.04    0.35   -0.31 (VIOLATED)
u_ecc0/dout[0]                          0.04    0.35   -0.31 (VIOLATED)
u_data/dout[13]                         0.04    0.35   -0.31 (VIOLATED)
u_ecc0/dout[7]                          0.04    0.34   -0.30 (VIOLATED)
u_data/dout[19]                         0.04    0.34   -0.30 (VIOLATED)
u_data/dout[52]                         0.04    0.33   -0.29 (VIOLATED)
u_data/dout[47]                         0.04    0.33   -0.29 (VIOLATED)
u_data/dout[11]                         0.04    0.33   -0.29 (VIOLATED)
u_data/dout[32]                         0.04    0.33   -0.29 (VIOLATED)
u_data/dout[25]                         0.04    0.33   -0.29 (VIOLATED)
u_data/dout[51]                         0.04    0.32   -0.28 (VIOLATED)
u_ecc0/dout[4]                          0.04    0.32   -0.28 (VIOLATED)
u_data/dout[34]                         0.04    0.32   -0.28 (VIOLATED)
u_data/dout[41]                         0.04    0.32   -0.28 (VIOLATED)
u_data/dout[12]                         0.04    0.32   -0.28 (VIOLATED)
u_data/dout[39]                         0.04    0.32   -0.28 (VIOLATED)
u_data/dout[31]                         0.04    0.32   -0.28 (VIOLATED)
u_data/dout[35]                         0.04    0.32   -0.28 (VIOLATED)
u_data/dout[50]                         0.04    0.31   -0.27 (VIOLATED)
u_data/rstb                             0.35    0.62   -0.27 (VIOLATED)
u_data/dout[44]                         0.04    0.31   -0.27 (VIOLATED)
u_data/dout[42]                         0.04    0.31   -0.27 (VIOLATED)
u_data/dout[30]                         0.04    0.30   -0.26 (VIOLATED)
u_data/dout[27]                         0.04    0.30   -0.26 (VIOLATED)
u_data/dout[33]                         0.04    0.30   -0.26 (VIOLATED)
u_data/dout[10]                         0.04    0.30   -0.26 (VIOLATED)
u_data/dout[48]                         0.04    0.29   -0.25 (VIOLATED)
u_data/dout[37]                         0.04    0.29   -0.25 (VIOLATED)
u_data/dout[45]                         0.04    0.29   -0.25 (VIOLATED)
u_data/dout[5]                          0.04    0.29   -0.25 (VIOLATED)
u_data/dout[38]                         0.04    0.29   -0.25 (VIOLATED)
u_data/dout[36]                         0.04    0.28   -0.24 (VIOLATED)
u_data/dout[46]                         0.04    0.28   -0.24 (VIOLATED)
u_data/dout[29]                         0.04    0.28   -0.24 (VIOLATED)
u_data/dout[62]                         0.04    0.27   -0.23 (VIOLATED)
u_data/dout[63]                         0.04    0.26   -0.22 (VIOLATED)
u_data/dout[0]                          0.04    0.26   -0.22 (VIOLATED)
u_data/dout[53]                         0.04    0.24   -0.20 (VIOLATED)
u_data/dout[1]                          0.04    0.23   -0.19 (VIOLATED)
u_data/dout[23]                         0.04    0.23   -0.19 (VIOLATED)
u_data/dout[4]                          0.04    0.21   -0.17 (VIOLATED)
u_data/clk                              0.35    0.52   -0.17 (VIOLATED)
u_data/dout[15]                         0.04    0.21   -0.17 (VIOLATED)
u_data/dout[22]                         0.04    0.20   -0.16 (VIOLATED)
u_data/dout[28]                         0.04    0.19   -0.15 (VIOLATED)
u_data/dout[6]                          0.04    0.19   -0.15 (VIOLATED)
u_data/dout[60]                         0.04    0.14   -0.10 (VIOLATED)
u_data/dout[61]                         0.04    0.14   -0.10 (VIOLATED)
u_data/dout[8]                          0.04    0.14   -0.10 (VIOLATED)
max_cap687/A                            0.60    0.64   -0.04 (VIOLATED)
_479_/A                                 0.60    0.64   -0.04 (VIOLATED)
wire688/X                               0.60    0.64   -0.04 (VIOLATED)
_459_/A                                 0.60    0.64   -0.04 (VIOLATED)
_456_/X                                 0.60    0.64   -0.04 (VIOLATED)
u_ecc0/rstb                             0.35    0.38   -0.03 (VIOLATED)


==========================================================================
global route max_slew_check_slack
--------------------------------------------------------------------------
-0.47085657715797424

==========================================================================
global route max_slew_check_limit
--------------------------------------------------------------------------
0.03999999910593033

==========================================================================
global route max_slew_check_slack_limit
--------------------------------------------------------------------------
-11.7714

==========================================================================
global route max_fanout_check_slack
--------------------------------------------------------------------------
1.0000000150474662e+30

==========================================================================
global route max_fanout_check_limit
--------------------------------------------------------------------------
1.0000000150474662e+30

==========================================================================
global route max_capacitance_check_slack
--------------------------------------------------------------------------
0.027349570766091347

==========================================================================
global route max_capacitance_check_limit
--------------------------------------------------------------------------
0.03663099929690361

==========================================================================
global route max_capacitance_check_slack_limit
--------------------------------------------------------------------------
0.7466

==========================================================================
global route max_slew_violation_count
--------------------------------------------------------------------------
max slew violation count 80

==========================================================================
global route max_fanout_violation_count
--------------------------------------------------------------------------
max fanout violation count 0

==========================================================================
global route max_cap_violation_count
--------------------------------------------------------------------------
max cap violation count 0

==========================================================================
global route setup_violation_count
--------------------------------------------------------------------------
setup violation count 0

==========================================================================
global route hold_violation_count
--------------------------------------------------------------------------
hold violation count 0

==========================================================================
global route report_checks -path_delay max reg to reg
--------------------------------------------------------------------------
No paths found.

==========================================================================
global route report_checks -path_delay min reg to reg
--------------------------------------------------------------------------
No paths found.

==========================================================================
global route critical path target clock latency max path
--------------------------------------------------------------------------
0.2971

==========================================================================
global route critical path target clock latency min path
--------------------------------------------------------------------------
0.3833

==========================================================================
global route critical path source clock latency min path
--------------------------------------------------------------------------
0.0000

==========================================================================
global route critical path delay
--------------------------------------------------------------------------
8.7455

==========================================================================
global route critical path slack
--------------------------------------------------------------------------
0.1545

==========================================================================
global route slack div critical path delay
--------------------------------------------------------------------------
1.766623

==========================================================================
global route report_power
--------------------------------------------------------------------------
Group                  Internal  Switching    Leakage      Total
                          Power      Power      Power      Power (Watts)
----------------------------------------------------------------
Sequential             0.00e+00   0.00e+00   0.00e+00   0.00e+00   0.0%
Combinational          2.36e-04   4.24e-04   3.30e-09   6.60e-04  32.9%
Clock                  6.13e-05   1.95e-04   4.85e-11   2.57e-04  12.8%
Macro                  1.09e-03   0.00e+00   7.31e-07   1.09e-03  54.3%
Pad                    0.00e+00   0.00e+00   0.00e+00   0.00e+00   0.0%
----------------------------------------------------------------
Total                  1.39e-03   6.19e-04   7.34e-07   2.01e-03 100.0%
                          69.1%      30.9%       0.0%
