"input" in: sky130hd.lydrc:71
    Polygons (raw): 14315 (flat)  4733 (hierarchical)
    Elapsed: 0.040s  Memory: 436.00M
"polygons" in: sky130hd.lydrc:72
    Polygons (raw): 2554 (flat)  211 (hierarchical)
    Elapsed: 0.010s  Memory: 437.00M
"polygons" in: sky130hd.lydrc:73
    Polygons (raw): 7283 (flat)  653 (hierarchical)
    Elapsed: 0.010s  Memory: 437.00M
"polygons" in: sky130hd.lydrc:74
    Polygons (raw): 3532 (flat)  21 (hierarchical)
    Elapsed: 0.010s  Memory: 438.00M
"polygons" in: sky130hd.lydrc:75
    Polygons (raw): 0 (flat)  0 (hierarchical)
    Elapsed: 0.010s  Memory: 438.00M
"polygons" in: sky130hd.lydrc:76
    Polygons (raw): 0 (flat)  0 (hierarchical)
    Elapsed: 0.000s  Memory: 438.00M
"polygons" in: sky130hd.lydrc:77
    Polygons (raw): 0 (flat)  0 (hierarchical)
    Elapsed: 0.000s  Memory: 438.00M
"polygons" in: sky130hd.lydrc:78
    Polygons (raw): 0 (flat)  0 (hierarchical)
    Elapsed: 0.000s  Memory: 438.00M
"polygons" in: sky130hd.lydrc:79
    Polygons (raw): 2976 (flat)  10 (hierarchical)
    Elapsed: 0.010s  Memory: 438.00M
"polygons" in: sky130hd.lydrc:80
    Polygons (raw): 0 (flat)  0 (hierarchical)
    Elapsed: 0.030s  Memory: 438.00M
"polygons" in: sky130hd.lydrc:81
    Polygons (raw): 0 (flat)  0 (hierarchical)
    Elapsed: 0.000s  Memory: 438.00M
"polygons" in: sky130hd.lydrc:82
    Polygons (raw): 0 (flat)  0 (hierarchical)
    Elapsed: 0.000s  Memory: 438.00M
"polygons" in: sky130hd.lydrc:83
    Polygons (raw): 142 (flat)  12 (hierarchical)
    Elapsed: 0.020s  Memory: 438.00M
"polygons" in: sky130hd.lydrc:84
    Polygons (raw): 30030 (flat)  4556 (hierarchical)
    Elapsed: 0.020s  Memory: 438.00M
"polygons" in: sky130hd.lydrc:85
    Polygons (raw): 0 (flat)  0 (hierarchical)
    Elapsed: 0.000s  Memory: 438.00M
"polygons" in: sky130hd.lydrc:86
    Polygons (raw): 6549 (flat)  506 (hierarchical)
    Elapsed: 0.020s  Memory: 438.00M
"polygons" in: sky130hd.lydrc:87
    Polygons (raw): 5367 (flat)  510 (hierarchical)
    Elapsed: 0.020s  Memory: 438.00M
"polygons" in: sky130hd.lydrc:88
    Polygons (raw): 0 (flat)  0 (hierarchical)
    Elapsed: 0.000s  Memory: 438.00M
"polygons" in: sky130hd.lydrc:89
    Polygons (raw): 0 (flat)  0 (hierarchical)
    Elapsed: 0.000s  Memory: 438.00M
"polygons" in: sky130hd.lydrc:90
    Polygons (raw): 4510 (flat)  538 (hierarchical)
    Elapsed: 0.020s  Memory: 438.00M
"polygons" in: sky130hd.lydrc:91
    Polygons (raw): 80305 (flat)  32149 (hierarchical)
    Elapsed: 0.050s  Memory: 438.00M
"polygons" in: sky130hd.lydrc:93
    Polygons (raw): 52525 (flat)  12527 (hierarchical)
    Elapsed: 0.040s  Memory: 439.00M
"polygons" in: sky130hd.lydrc:94
    Polygons (raw): 47353 (flat)  19414 (hierarchical)
    Elapsed: 0.030s  Memory: 439.00M
"polygons" in: sky130hd.lydrc:96
    Polygons (raw): 92934 (flat)  16866 (hierarchical)
    Elapsed: 0.050s  Memory: 439.00M
"polygons" in: sky130hd.lydrc:97
    Polygons (raw): 44872 (flat)  14501 (hierarchical)
    Elapsed: 0.040s  Memory: 439.00M
"polygons" in: sky130hd.lydrc:99
    Polygons (raw): 53349 (flat)  12843 (hierarchical)
    Elapsed: 0.050s  Memory: 440.00M
"polygons" in: sky130hd.lydrc:100
    Polygons (raw): 0 (flat)  0 (hierarchical)
    Elapsed: 0.030s  Memory: 441.00M
"polygons" in: sky130hd.lydrc:102
    Polygons (raw): 0 (flat)  0 (hierarchical)
    Elapsed: 0.000s  Memory: 441.00M
"polygons" in: sky130hd.lydrc:103
    Polygons (raw): 0 (flat)  0 (hierarchical)
    Elapsed: 0.000s  Memory: 441.00M
"polygons" in: sky130hd.lydrc:105
    Polygons (raw): 0 (flat)  0 (hierarchical)
    Elapsed: 0.000s  Memory: 441.00M
"polygons" in: sky130hd.lydrc:106
    Polygons (raw): 0 (flat)  0 (hierarchical)
    Elapsed: 0.000s  Memory: 441.00M
"polygons" in: sky130hd.lydrc:108
    Polygons (raw): 0 (flat)  0 (hierarchical)
    Elapsed: 0.000s  Memory: 441.00M
"polygons" in: sky130hd.lydrc:110
    Polygons (raw): 0 (flat)  0 (hierarchical)
    Elapsed: 0.000s  Memory: 441.00M
"polygons" in: sky130hd.lydrc:111
    Polygons (raw): 0 (flat)  0 (hierarchical)
    Elapsed: 0.000s  Memory: 441.00M
"polygons" in: sky130hd.lydrc:112
    Polygons (raw): 0 (flat)  0 (hierarchical)
    Elapsed: 0.000s  Memory: 441.00M
"polygons" in: sky130hd.lydrc:113
    Polygons (raw): 0 (flat)  0 (hierarchical)
    Elapsed: 0.000s  Memory: 441.00M
"polygons" in: sky130hd.lydrc:114
    Polygons (raw): 0 (flat)  0 (hierarchical)
    Elapsed: 0.000s  Memory: 441.00M
"polygons" in: sky130hd.lydrc:115
    Polygons (raw): 0 (flat)  0 (hierarchical)
    Elapsed: 0.010s  Memory: 441.00M
"polygons" in: sky130hd.lydrc:116
    Polygons (raw): 0 (flat)  0 (hierarchical)
    Elapsed: 0.000s  Memory: 441.00M
"polygons" in: sky130hd.lydrc:117
    Polygons (raw): 0 (flat)  0 (hierarchical)
    Elapsed: 0.000s  Memory: 441.00M
"polygons" in: sky130hd.lydrc:118
    Polygons (raw): 0 (flat)  0 (hierarchical)
    Elapsed: 0.000s  Memory: 441.00M
"polygons" in: sky130hd.lydrc:119
    Polygons (raw): 0 (flat)  0 (hierarchical)
    Elapsed: 0.000s  Memory: 441.00M
"polygons" in: sky130hd.lydrc:120
    Polygons (raw): 0 (flat)  0 (hierarchical)
    Elapsed: 0.010s  Memory: 441.00M
"polygons" in: sky130hd.lydrc:121
    Polygons (raw): 3192 (flat)  16 (hierarchical)
    Elapsed: 0.010s  Memory: 441.00M
"polygons" in: sky130hd.lydrc:122
    Polygons (raw): 0 (flat)  0 (hierarchical)
    Elapsed: 0.000s  Memory: 441.00M
"polygons" in: sky130hd.lydrc:123
    Polygons (raw): 0 (flat)  0 (hierarchical)
    Elapsed: 0.010s  Memory: 441.00M
"polygons" in: sky130hd.lydrc:124
    Polygons (raw): 0 (flat)  0 (hierarchical)
    Elapsed: 0.000s  Memory: 441.00M
"polygons" in: sky130hd.lydrc:125
    Polygons (raw): 3531 (flat)  20 (hierarchical)
    Elapsed: 0.020s  Memory: 441.00M
"polygons" in: sky130hd.lydrc:126
    Polygons (raw): 0 (flat)  0 (hierarchical)
    Elapsed: 0.000s  Memory: 441.00M
"polygons" in: sky130hd.lydrc:127
    Polygons (raw): 188 (flat)  14 (hierarchical)
    Elapsed: 0.020s  Memory: 441.00M
"polygons" in: sky130hd.lydrc:128
    Polygons (raw): 0 (flat)  0 (hierarchical)
    Elapsed: 0.000s  Memory: 441.00M
"polygons" in: sky130hd.lydrc:129
    Polygons (raw): 0 (flat)  0 (hierarchical)
    Elapsed: 0.000s  Memory: 441.00M
"polygons" in: sky130hd.lydrc:130
    Polygons (raw): 0 (flat)  0 (hierarchical)
    Elapsed: 0.000s  Memory: 441.00M
"polygons" in: sky130hd.lydrc:131
    Polygons (raw): 0 (flat)  0 (hierarchical)
    Elapsed: 0.000s  Memory: 441.00M
"polygons" in: sky130hd.lydrc:132
    Polygons (raw): 0 (flat)  0 (hierarchical)
    Elapsed: 0.000s  Memory: 442.00M
"polygons" in: sky130hd.lydrc:133
    Polygons (raw): 0 (flat)  0 (hierarchical)
    Elapsed: 0.000s  Memory: 442.00M
"polygons" in: sky130hd.lydrc:134
    Polygons (raw): 0 (flat)  0 (hierarchical)
    Elapsed: 0.000s  Memory: 442.00M
"polygons" in: sky130hd.lydrc:135
    Polygons (raw): 0 (flat)  0 (hierarchical)
    Elapsed: 0.000s  Memory: 442.00M
"polygons" in: sky130hd.lydrc:136
    Polygons (raw): 0 (flat)  0 (hierarchical)
    Elapsed: 0.000s  Memory: 442.00M
"polygons" in: sky130hd.lydrc:137
    Polygons (raw): 0 (flat)  0 (hierarchical)
    Elapsed: 0.000s  Memory: 442.00M
"polygons" in: sky130hd.lydrc:138
    Polygons (raw): 0 (flat)  0 (hierarchical)
    Elapsed: 0.000s  Memory: 442.00M
"polygons" in: sky130hd.lydrc:139
    Polygons (raw): 0 (flat)  0 (hierarchical)
    Elapsed: 0.000s  Memory: 442.00M
"polygons" in: sky130hd.lydrc:140
    Polygons (raw): 0 (flat)  0 (hierarchical)
    Elapsed: 0.000s  Memory: 442.00M
"polygons" in: sky130hd.lydrc:141
    Polygons (raw): 0 (flat)  0 (hierarchical)
    Elapsed: 0.000s  Memory: 442.00M
"polygons" in: sky130hd.lydrc:142
    Polygons (raw): 0 (flat)  0 (hierarchical)
    Elapsed: 0.000s  Memory: 442.00M
"polygons" in: sky130hd.lydrc:143
    Polygons (raw): 0 (flat)  0 (hierarchical)
    Elapsed: 0.000s  Memory: 442.00M
"polygons" in: sky130hd.lydrc:144
    Polygons (raw): 0 (flat)  0 (hierarchical)
    Elapsed: 0.000s  Memory: 443.00M
"polygons" in: sky130hd.lydrc:145
    Polygons (raw): 0 (flat)  0 (hierarchical)
    Elapsed: 0.000s  Memory: 443.00M
"polygons" in: sky130hd.lydrc:146
    Polygons (raw): 0 (flat)  0 (hierarchical)
    Elapsed: 0.000s  Memory: 443.00M
"polygons" in: sky130hd.lydrc:147
    Polygons (raw): 0 (flat)  0 (hierarchical)
    Elapsed: 0.000s  Memory: 443.00M
"polygons" in: sky130hd.lydrc:148
    Polygons (raw): 0 (flat)  0 (hierarchical)
    Elapsed: 0.000s  Memory: 443.00M
"polygons" in: sky130hd.lydrc:149
    Polygons (raw): 0 (flat)  0 (hierarchical)
    Elapsed: 0.000s  Memory: 443.00M
"polygons" in: sky130hd.lydrc:150
    Polygons (raw): 0 (flat)  0 (hierarchical)
    Elapsed: 0.000s  Memory: 443.00M
"polygons" in: sky130hd.lydrc:151
    Polygons (raw): 0 (flat)  0 (hierarchical)
    Elapsed: 0.000s  Memory: 443.00M
"polygons" in: sky130hd.lydrc:152
    Polygons (raw): 0 (flat)  0 (hierarchical)
    Elapsed: 0.000s  Memory: 443.00M
"polygons" in: sky130hd.lydrc:153
    Polygons (raw): 0 (flat)  0 (hierarchical)
    Elapsed: 0.000s  Memory: 443.00M
"polygons" in: sky130hd.lydrc:154
    Polygons (raw): 0 (flat)  0 (hierarchical)
    Elapsed: 0.000s  Memory: 443.00M
"polygons" in: sky130hd.lydrc:155
    Polygons (raw): 0 (flat)  0 (hierarchical)
    Elapsed: 0.000s  Memory: 443.00M
"polygons" in: sky130hd.lydrc:156
    Polygons (raw): 0 (flat)  0 (hierarchical)
    Elapsed: 0.000s  Memory: 443.00M
"polygons" in: sky130hd.lydrc:157
    Polygons (raw): 0 (flat)  0 (hierarchical)
    Elapsed: 0.000s  Memory: 444.00M
"polygons" in: sky130hd.lydrc:158
    Polygons (raw): 0 (flat)  0 (hierarchical)
    Elapsed: 0.000s  Memory: 444.00M
"polygons" in: sky130hd.lydrc:159
    Polygons (raw): 0 (flat)  0 (hierarchical)
    Elapsed: 0.000s  Memory: 444.00M
"polygons" in: sky130hd.lydrc:160
    Polygons (raw): 0 (flat)  0 (hierarchical)
    Elapsed: 0.000s  Memory: 444.00M
"polygons" in: sky130hd.lydrc:161
    Polygons (raw): 0 (flat)  0 (hierarchical)
    Elapsed: 0.000s  Memory: 444.00M
"polygons" in: sky130hd.lydrc:162
    Polygons (raw): 0 (flat)  0 (hierarchical)
    Elapsed: 0.000s  Memory: 444.00M
DRC section
BEOL section
"polygons" in: sky130hd.lydrc:427
    Polygons (raw): 52525 (flat)  12527 (hierarchical)
    Elapsed: 0.050s  Memory: 445.00M
"width" in: sky130hd.lydrc:428
    Edge pairs: 49654 (flat)  4512 (hierarchical)
    Elapsed: 0.370s  Memory: 455.00M
"output" in: sky130hd.lydrc:428
    Edge pairs: 49654 (flat)  4512 (hierarchical)
    Elapsed: 0.040s  Memory: 455.00M
"-" in: sky130hd.lydrc:430
    Polygons (raw): 0 (flat)  0 (hierarchical)
    Elapsed: 0.020s  Memory: 455.00M
"width" in: sky130hd.lydrc:431
    Edge pairs: 0 (flat)  0 (hierarchical)
    Elapsed: 0.010s  Memory: 455.00M
"output" in: sky130hd.lydrc:431
    Edge pairs: 0 (flat)  0 (hierarchical)
    Elapsed: 0.000s  Memory: 455.00M
"space" in: sky130hd.lydrc:435
    Edge pairs: 106493 (flat)  721 (hierarchical)
    Elapsed: 0.980s  Memory: 462.00M
"output" in: sky130hd.lydrc:435
    Edge pairs: 106493 (flat)  721 (hierarchical)
    Elapsed: 0.060s  Memory: 462.00M
"space" in: sky130hd.lydrc:436
    Edge pairs: 0 (flat)  0 (hierarchical)
    Elapsed: 0.010s  Memory: 462.00M
"output" in: sky130hd.lydrc:436
    Edge pairs: 0 (flat)  0 (hierarchical)
    Elapsed: 0.000s  Memory: 462.00M
"enclosing" in: sky130hd.lydrc:437
    Edge pairs: 103266 (flat)  34300 (hierarchical)
    Elapsed: 2.660s  Memory: 478.00M
"polygons" in: sky130hd.lydrc:437
    Polygons (raw): 51520 (flat)  4030 (hierarchical)
    Elapsed: 0.040s  Memory: 478.00M
"interacting" in: sky130hd.lydrc:437
    Polygons (raw): 19432 (flat)  1781 (hierarchical)
    Elapsed: 0.470s  Memory: 489.00M
"enclosing" in: sky130hd.lydrc:438
    Edge pairs: 96728 (flat)  33615 (hierarchical)
    Elapsed: 2.350s  Memory: 505.00M
"second_edges" in: sky130hd.lydrc:438
    Edges: 96728 (flat)  33615 (hierarchical)
    Elapsed: 0.040s  Memory: 505.00M
"edges" in: sky130hd.lydrc:439
    Edges: 297444 (flat)  132972 (hierarchical)
    Elapsed: 0.020s  Memory: 505.00M
"-" in: sky130hd.lydrc:439
    Edges: 245782 (flat)  106063 (hierarchical)
    Elapsed: 0.420s  Memory: 517.00M
"width" in: sky130hd.lydrc:439
    Edge pairs: 118264 (flat)  51259 (hierarchical)
    Elapsed: 1.530s  Memory: 554.00M
"polygons" in: sky130hd.lydrc:439
    Polygons (raw): 118264 (flat)  51259 (hierarchical)
    Elapsed: 0.070s  Memory: 554.00M
"not_interacting" in: sky130hd.lydrc:440
    Polygons (raw): 2264 (flat)  4 (hierarchical)
    Elapsed: 0.060s  Memory: 554.00M
"output" in: sky130hd.lydrc:440
    Polygons (raw): 2264 (flat)  4 (hierarchical)
    Elapsed: 0.010s  Memory: 554.00M
"with_area" in: sky130hd.lydrc:441
    Polygons (raw): 0 (flat)  0 (hierarchical)
    Elapsed: 0.010s  Memory: 554.00M
"output" in: sky130hd.lydrc:441
    Polygons (raw): 0 (flat)  0 (hierarchical)
    Elapsed: 0.000s  Memory: 554.00M
"edges" in: sky130hd.lydrc:444
    Edges: 170530 (flat)  77437 (hierarchical)
    Elapsed: 0.200s  Memory: 554.00M
"without_length" in: sky130hd.lydrc:444
    Edges: 0 (flat)  0 (hierarchical)
    Elapsed: 0.500s  Memory: 557.00M
"output" in: sky130hd.lydrc:444
    Edges: 0 (flat)  0 (hierarchical)
    Elapsed: 0.060s  Memory: 557.00M
"space" in: sky130hd.lydrc:445
    Edge pairs: 0 (flat)  0 (hierarchical)
    Elapsed: 0.160s  Memory: 557.00M
"output" in: sky130hd.lydrc:445
    Edge pairs: 0 (flat)  0 (hierarchical)
    Elapsed: 0.000s  Memory: 557.00M
"-" in: sky130hd.lydrc:447
    Polygons (raw): 0 (flat)  0 (hierarchical)
    Elapsed: 0.290s  Memory: 560.00M
"output" in: sky130hd.lydrc:447
    Polygons (raw): 0 (flat)  0 (hierarchical)
    Elapsed: 0.000s  Memory: 560.00M
"width" in: sky130hd.lydrc:454
    Edge pairs: 0 (flat)  0 (hierarchical)
    Elapsed: 1.280s  Memory: 560.00M
"output" in: sky130hd.lydrc:454
    Edge pairs: 0 (flat)  0 (hierarchical)
    Elapsed: 0.030s  Memory: 560.00M
"sized" in: sky130hd.lydrc:456
    Polygons (raw): 0 (flat)  0 (hierarchical)
    Elapsed: 0.390s  Memory: 560.00M
"sized" in: sky130hd.lydrc:456
    Polygons (raw): 0 (flat)  0 (hierarchical)
    Elapsed: 0.000s  Memory: 560.00M
"-" in: sky130hd.lydrc:457
    Polygons (raw): 92934 (flat)  16866 (hierarchical)
    Elapsed: 0.020s  Memory: 560.00M
"space" in: sky130hd.lydrc:459
    Edge pairs: 0 (flat)  0 (hierarchical)
    Elapsed: 3.150s  Memory: 576.00M
"output" in: sky130hd.lydrc:459
    Edge pairs: 0 (flat)  0 (hierarchical)
    Elapsed: 0.040s  Memory: 576.00M
"separation" in: sky130hd.lydrc:461
    Edge pairs: 0 (flat)  0 (hierarchical)
    Elapsed: 0.000s  Memory: 576.00M
"space" in: sky130hd.lydrc:461
    Edge pairs: 0 (flat)  0 (hierarchical)
    Elapsed: 0.010s  Memory: 576.00M
"+" in: sky130hd.lydrc:461
    Edge pairs: 0 (flat)  0 (hierarchical)
    Elapsed: 0.010s  Memory: 576.00M
"output" in: sky130hd.lydrc:461
    Edge pairs: 0 (flat)  0 (hierarchical)
    Elapsed: 0.000s  Memory: 576.00M
"input" in: sky130hd.lydrc:464
    Polygons (raw): 92934 (flat)  16866 (hierarchical)
    Elapsed: 0.050s  Memory: 576.00M
"enclosing" in: sky130hd.lydrc:465
    Edge pairs: 288 (flat)  288 (hierarchical)
    Elapsed: 1.920s  Memory: 576.00M
"output" in: sky130hd.lydrc:465
    Edge pairs: 288 (flat)  288 (hierarchical)
    Elapsed: 0.040s  Memory: 576.00M
"input" in: sky130hd.lydrc:467
    Polygons (raw): 92934 (flat)  16866 (hierarchical)
    Elapsed: 0.050s  Memory: 576.00M
"enclosing" in: sky130hd.lydrc:468
    Edge pairs: 0 (flat)  0 (hierarchical)
    Elapsed: 1.860s  Memory: 576.00M
"output" in: sky130hd.lydrc:468
    Edge pairs: 0 (flat)  0 (hierarchical)
    Elapsed: 0.070s  Memory: 576.00M
"with_area" in: sky130hd.lydrc:469
    Polygons (raw): 0 (flat)  0 (hierarchical)
    Elapsed: 0.020s  Memory: 576.00M
"output" in: sky130hd.lydrc:469
    Polygons (raw): 0 (flat)  0 (hierarchical)
    Elapsed: 0.000s  Memory: 576.00M
"holes" in: sky130hd.lydrc:470
    Polygons (raw): 19 (flat)  19 (hierarchical)
    Elapsed: 0.010s  Memory: 576.00M
"with_area" in: sky130hd.lydrc:470
    Polygons (raw): 0 (flat)  0 (hierarchical)
    Elapsed: 0.080s  Memory: 576.00M
"output" in: sky130hd.lydrc:470
    Polygons (raw): 0 (flat)  0 (hierarchical)
    Elapsed: 0.000s  Memory: 576.00M
"enclosing" in: sky130hd.lydrc:472
    Edge pairs: 7968 (flat)  7196 (hierarchical)
    Elapsed: 1.300s  Memory: 576.00M
"polygons" in: sky130hd.lydrc:472
    Polygons (raw): 4369 (flat)  3790 (hierarchical)
    Elapsed: 0.050s  Memory: 576.00M
"interacting" in: sky130hd.lydrc:472
    Polygons (raw): 0 (flat)  0 (hierarchical)
    Elapsed: 0.440s  Memory: 576.00M
"enclosing" in: sky130hd.lydrc:473
    Edge pairs: 37323 (flat)  31835 (hierarchical)
    Elapsed: 1.190s  Memory: 576.00M
"second_edges" in: sky130hd.lydrc:473
    Edges: 37323 (flat)  31835 (hierarchical)
    Elapsed: 0.050s  Memory: 576.00M
"edges" in: sky130hd.lydrc:474
    Edges: 147556 (flat)  85172 (hierarchical)
    Elapsed: 0.020s  Memory: 576.00M
"-" in: sky130hd.lydrc:474
    Edges: 113552 (flat)  72902 (hierarchical)
    Elapsed: 0.790s  Memory: 578.00M
"width" in: sky130hd.lydrc:474
    Edge pairs: 55629 (flat)  35666 (hierarchical)
    Elapsed: 0.790s  Memory: 578.00M
"polygons" in: sky130hd.lydrc:474
    Polygons (raw): 55629 (flat)  35666 (hierarchical)
    Elapsed: 0.070s  Memory: 578.00M
"not_interacting" in: sky130hd.lydrc:475
    Polygons (raw): 0 (flat)  0 (hierarchical)
    Elapsed: 0.010s  Memory: 578.00M
"output" in: sky130hd.lydrc:475
    Polygons (raw): 0 (flat)  0 (hierarchical)
    Elapsed: 0.000s  Memory: 578.00M
"-" in: sky130hd.lydrc:486
    Polygons (raw): 0 (flat)  0 (hierarchical)
    Elapsed: 1.100s  Memory: 590.00M
"output" in: sky130hd.lydrc:486
    Polygons (raw): 0 (flat)  0 (hierarchical)
    Elapsed: 0.090s  Memory: 590.00M
"-" in: sky130hd.lydrc:488
    Polygons (raw): 44872 (flat)  14501 (hierarchical)
    Elapsed: 0.020s  Memory: 590.00M
"edges" in: sky130hd.lydrc:488
    Edges: 171394 (flat)  57871 (hierarchical)
    Elapsed: 0.490s  Memory: 590.00M
"without_length" in: sky130hd.lydrc:488
    Edges: 0 (flat)  0 (hierarchical)
    Elapsed: 0.700s  Memory: 590.00M
"output" in: sky130hd.lydrc:488
    Edges: 0 (flat)  0 (hierarchical)
    Elapsed: 0.110s  Memory: 590.00M
"&" in: sky130hd.lydrc:489
    Polygons (raw): 0 (flat)  0 (hierarchical)
    Elapsed: 0.010s  Memory: 590.00M
"&" in: sky130hd.lydrc:489
    Polygons (raw): 0 (flat)  0 (hierarchical)
    Elapsed: 0.010s  Memory: 590.00M
"edges" in: sky130hd.lydrc:489
    Edges: 0 (flat)  0 (hierarchical)
    Elapsed: 0.000s  Memory: 590.00M
"without_length" in: sky130hd.lydrc:489
    Edges: 0 (flat)  0 (hierarchical)
    Elapsed: 0.070s  Memory: 590.00M
"&" in: sky130hd.lydrc:489
    Polygons (raw): 0 (flat)  0 (hierarchical)
    Elapsed: 0.010s  Memory: 590.00M
"edges" in: sky130hd.lydrc:489
    Edges: 0 (flat)  0 (hierarchical)
    Elapsed: 0.010s  Memory: 590.00M
"without_length" in: sky130hd.lydrc:489
    Edges: 0 (flat)  0 (hierarchical)
    Elapsed: 0.060s  Memory: 590.00M
"or" in: sky130hd.lydrc:489
    Edges: 0 (flat)  0 (hierarchical)
    Elapsed: 0.010s  Memory: 590.00M
"&" in: sky130hd.lydrc:489
    Polygons (raw): 0 (flat)  0 (hierarchical)
    Elapsed: 0.010s  Memory: 590.00M
"edges" in: sky130hd.lydrc:489
    Edges: 0 (flat)  0 (hierarchical)
    Elapsed: 0.000s  Memory: 590.00M
"without_length" in: sky130hd.lydrc:489
    Edges: 0 (flat)  0 (hierarchical)
    Elapsed: 0.060s  Memory: 590.00M
"or" in: sky130hd.lydrc:489
    Edges: 0 (flat)  0 (hierarchical)
    Elapsed: 0.000s  Memory: 590.00M
"not_interacting" in: sky130hd.lydrc:489
    Polygons (raw): 0 (flat)  0 (hierarchical)
    Elapsed: 0.000s  Memory: 590.00M
"output" in: sky130hd.lydrc:489
    Polygons (raw): 0 (flat)  0 (hierarchical)
    Elapsed: 0.000s  Memory: 590.00M
"isolated" in: sky130hd.lydrc:490
    Edge pairs: 0 (flat)  0 (hierarchical)
    Elapsed: 0.840s  Memory: 590.00M
"output" in: sky130hd.lydrc:490
    Edge pairs: 0 (flat)  0 (hierarchical)
    Elapsed: 0.040s  Memory: 590.00M
"edges" in: sky130hd.lydrc:491
    Edges: 163280 (flat)  60436 (hierarchical)
    Elapsed: 0.060s  Memory: 590.00M
"without_length" in: sky130hd.lydrc:491
    Edges: 0 (flat)  0 (hierarchical)
    Elapsed: 0.020s  Memory: 590.00M
"not_interacting" in: sky130hd.lydrc:491
    Polygons (raw): 44872 (flat)  14501 (hierarchical)
    Elapsed: 0.080s  Memory: 590.00M
"enclosing" in: sky130hd.lydrc:491
    Edge pairs: 0 (flat)  0 (hierarchical)
    Elapsed: 1.600s  Memory: 595.00M
"output" in: sky130hd.lydrc:491
    Edge pairs: 0 (flat)  0 (hierarchical)
    Elapsed: 0.170s  Memory: 595.00M
"edges" in: sky130hd.lydrc:492
    Edges: 163280 (flat)  60436 (hierarchical)
    Elapsed: 0.050s  Memory: 595.00M
"without_length" in: sky130hd.lydrc:492
    Edges: 163280 (flat)  60436 (hierarchical)
    Elapsed: 0.070s  Memory: 595.00M
"not_interacting" in: sky130hd.lydrc:492
    Polygons (raw): 0 (flat)  0 (hierarchical)
    Elapsed: 0.450s  Memory: 595.00M
"enclosing" in: sky130hd.lydrc:492
    Edge pairs: 0 (flat)  0 (hierarchical)
    Elapsed: 0.150s  Memory: 595.00M
"output" in: sky130hd.lydrc:492
    Edge pairs: 0 (flat)  0 (hierarchical)
    Elapsed: 0.000s  Memory: 595.00M
"edges" in: sky130hd.lydrc:493
    Edges: 163280 (flat)  60436 (hierarchical)
    Elapsed: 0.050s  Memory: 595.00M
"without_length" in: sky130hd.lydrc:493
    Edges: 0 (flat)  0 (hierarchical)
    Elapsed: 0.020s  Memory: 595.00M
"not_interacting" in: sky130hd.lydrc:493
    Polygons (raw): 44872 (flat)  14501 (hierarchical)
    Elapsed: 0.080s  Memory: 595.00M
"enclosing" in: sky130hd.lydrc:493
    Edge pairs: 19106 (flat)  14260 (hierarchical)
    Elapsed: 1.800s  Memory: 595.00M
"second_edges" in: sky130hd.lydrc:493
    Edges: 19106 (flat)  14260 (hierarchical)
    Elapsed: 0.090s  Memory: 595.00M
"edges" in: sky130hd.lydrc:494
    Edges: 163280 (flat)  60436 (hierarchical)
    Elapsed: 0.040s  Memory: 595.00M
"without_length" in: sky130hd.lydrc:494
    Edges: 0 (flat)  0 (hierarchical)
    Elapsed: 0.020s  Memory: 595.00M
"not_interacting" in: sky130hd.lydrc:494
    Polygons (raw): 44872 (flat)  14501 (hierarchical)
    Elapsed: 0.080s  Memory: 595.00M
"edges" in: sky130hd.lydrc:494
    Edges: 163280 (flat)  60436 (hierarchical)
    Elapsed: 0.050s  Memory: 595.00M
"-" in: sky130hd.lydrc:494
    Edges: 144214 (flat)  52138 (hierarchical)
    Elapsed: 0.780s  Memory: 602.00M
"width" in: sky130hd.lydrc:494
    Edge pairs: 71597 (flat)  25686 (hierarchical)
    Elapsed: 1.240s  Memory: 603.00M
"polygons" in: sky130hd.lydrc:494
    Polygons (raw): 71597 (flat)  25686 (hierarchical)
    Elapsed: 0.090s  Memory: 603.00M
"edges" in: sky130hd.lydrc:495
    Edges: 163280 (flat)  60436 (hierarchical)
    Elapsed: 0.050s  Memory: 603.00M
"without_length" in: sky130hd.lydrc:495
    Edges: 0 (flat)  0 (hierarchical)
    Elapsed: 0.020s  Memory: 603.00M
"not_interacting" in: sky130hd.lydrc:495
    Polygons (raw): 44872 (flat)  14501 (hierarchical)
    Elapsed: 0.080s  Memory: 603.00M
"not_interacting" in: sky130hd.lydrc:495
    Polygons (raw): 0 (flat)  0 (hierarchical)
    Elapsed: 0.600s  Memory: 603.00M
"output" in: sky130hd.lydrc:495
    Polygons (raw): 0 (flat)  0 (hierarchical)
    Elapsed: 0.000s  Memory: 603.00M
"edges" in: sky130hd.lydrc:496
    Edges: 163280 (flat)  60436 (hierarchical)
    Elapsed: 0.060s  Memory: 603.00M
"without_length" in: sky130hd.lydrc:496
    Edges: 163280 (flat)  60436 (hierarchical)
    Elapsed: 0.220s  Memory: 603.00M
"not_interacting" in: sky130hd.lydrc:496
    Polygons (raw): 0 (flat)  0 (hierarchical)
    Elapsed: 0.480s  Memory: 603.00M
"enclosing" in: sky130hd.lydrc:496
    Edge pairs: 0 (flat)  0 (hierarchical)
    Elapsed: 0.160s  Memory: 603.00M
"second_edges" in: sky130hd.lydrc:496
    Edges: 0 (flat)  0 (hierarchical)
    Elapsed: 0.010s  Memory: 603.00M
"edges" in: sky130hd.lydrc:497
    Edges: 163280 (flat)  60436 (hierarchical)
    Elapsed: 0.050s  Memory: 603.00M
"without_length" in: sky130hd.lydrc:497
    Edges: 163280 (flat)  60436 (hierarchical)
    Elapsed: 0.060s  Memory: 603.00M
"not_interacting" in: sky130hd.lydrc:497
    Polygons (raw): 0 (flat)  0 (hierarchical)
    Elapsed: 0.530s  Memory: 603.00M
"edges" in: sky130hd.lydrc:497
    Edges: 0 (flat)  0 (hierarchical)
    Elapsed: 0.180s  Memory: 603.00M
"-" in: sky130hd.lydrc:497
    Edges: 0 (flat)  0 (hierarchical)
    Elapsed: 0.010s  Memory: 603.00M
"width" in: sky130hd.lydrc:497
    Edge pairs: 0 (flat)  0 (hierarchical)
    Elapsed: 0.060s  Memory: 603.00M
"polygons" in: sky130hd.lydrc:497
    Polygons (raw): 0 (flat)  0 (hierarchical)
    Elapsed: 0.010s  Memory: 603.00M
"edges" in: sky130hd.lydrc:498
    Edges: 163280 (flat)  60436 (hierarchical)
    Elapsed: 0.050s  Memory: 603.00M
"without_length" in: sky130hd.lydrc:498
    Edges: 163280 (flat)  60436 (hierarchical)
    Elapsed: 0.070s  Memory: 603.00M
"not_interacting" in: sky130hd.lydrc:498
    Polygons (raw): 0 (flat)  0 (hierarchical)
    Elapsed: 0.640s  Memory: 603.00M
"not_interacting" in: sky130hd.lydrc:498
    Polygons (raw): 0 (flat)  0 (hierarchical)
    Elapsed: 0.140s  Memory: 603.00M
"output" in: sky130hd.lydrc:498
    Polygons (raw): 0 (flat)  0 (hierarchical)
    Elapsed: 0.010s  Memory: 603.00M
"width" in: sky130hd.lydrc:511
    Edge pairs: 0 (flat)  0 (hierarchical)
    Elapsed: 1.050s  Memory: 605.00M
"output" in: sky130hd.lydrc:511
    Edge pairs: 0 (flat)  0 (hierarchical)
    Elapsed: 0.030s  Memory: 605.00M
"sized" in: sky130hd.lydrc:513
    Polygons (raw): 1 (flat)  1 (hierarchical)
    Elapsed: 0.070s  Memory: 605.00M
"sized" in: sky130hd.lydrc:513
    Polygons (raw): 1 (flat)  1 (hierarchical)
    Elapsed: 0.010s  Memory: 605.00M
"-" in: sky130hd.lydrc:514
    Polygons (raw): 45036 (flat)  9415 (hierarchical)
    Elapsed: 0.380s  Memory: 605.00M
"space" in: sky130hd.lydrc:516
    Edge pairs: 0 (flat)  0 (hierarchical)
    Elapsed: 2.030s  Memory: 607.00M
"output" in: sky130hd.lydrc:516
    Edge pairs: 0 (flat)  0 (hierarchical)
    Elapsed: 0.040s  Memory: 607.00M
"separation" in: sky130hd.lydrc:518
    Edge pairs: 0 (flat)  0 (hierarchical)
    Elapsed: 0.110s  Memory: 607.00M
"space" in: sky130hd.lydrc:518
    Edge pairs: 0 (flat)  0 (hierarchical)
    Elapsed: 0.010s  Memory: 607.00M
"+" in: sky130hd.lydrc:518
    Edge pairs: 0 (flat)  0 (hierarchical)
    Elapsed: 0.000s  Memory: 607.00M
"output" in: sky130hd.lydrc:518
    Edge pairs: 0 (flat)  0 (hierarchical)
    Elapsed: 0.000s  Memory: 607.00M
"with_area" in: sky130hd.lydrc:521
    Polygons (raw): 0 (flat)  0 (hierarchical)
    Elapsed: 0.020s  Memory: 607.00M
"output" in: sky130hd.lydrc:521
    Polygons (raw): 0 (flat)  0 (hierarchical)
    Elapsed: 0.000s  Memory: 607.00M
"holes" in: sky130hd.lydrc:522
    Polygons (raw): 31 (flat)  31 (hierarchical)
    Elapsed: 0.010s  Memory: 607.00M
"with_area" in: sky130hd.lydrc:522
    Polygons (raw): 0 (flat)  0 (hierarchical)
    Elapsed: 0.120s  Memory: 607.00M
"output" in: sky130hd.lydrc:522
    Polygons (raw): 0 (flat)  0 (hierarchical)
    Elapsed: 0.000s  Memory: 607.00M
"-" in: sky130hd.lydrc:523
    Polygons (raw): 0 (flat)  0 (hierarchical)
    Elapsed: 1.270s  Memory: 607.00M
"output" in: sky130hd.lydrc:523
    Polygons (raw): 0 (flat)  0 (hierarchical)
    Elapsed: 0.110s  Memory: 607.00M
"enclosing" in: sky130hd.lydrc:525
    Edge pairs: 306 (flat)  306 (hierarchical)
    Elapsed: 0.760s  Memory: 608.00M
"output" in: sky130hd.lydrc:525
    Edge pairs: 306 (flat)  306 (hierarchical)
    Elapsed: 0.040s  Memory: 608.00M
"enclosing" in: sky130hd.lydrc:526
    Edge pairs: 10129 (flat)  9912 (hierarchical)
    Elapsed: 0.890s  Memory: 608.00M
"second_edges" in: sky130hd.lydrc:526
    Edges: 10129 (flat)  9912 (hierarchical)
    Elapsed: 0.050s  Memory: 608.00M
"edges" in: sky130hd.lydrc:527
    Edges: 163280 (flat)  60436 (hierarchical)
    Elapsed: 0.040s  Memory: 608.00M
"-" in: sky130hd.lydrc:527
    Edges: 153375 (flat)  57196 (hierarchical)
    Elapsed: 0.550s  Memory: 608.00M
"width" in: sky130hd.lydrc:527
    Edge pairs: 76141 (flat)  28420 (hierarchical)
    Elapsed: 1.420s  Memory: 608.00M
"polygons" in: sky130hd.lydrc:527
    Polygons (raw): 76141 (flat)  28420 (hierarchical)
    Elapsed: 0.090s  Memory: 608.00M
"not_interacting" in: sky130hd.lydrc:528
    Polygons (raw): 0 (flat)  0 (hierarchical)
    Elapsed: 0.430s  Memory: 608.00M
"output" in: sky130hd.lydrc:528
    Polygons (raw): 0 (flat)  0 (hierarchical)
    Elapsed: 0.150s  Memory: 608.00M
"-" in: sky130hd.lydrc:539
    Polygons (raw): 0 (flat)  0 (hierarchical)
    Elapsed: 0.010s  Memory: 608.00M
"output" in: sky130hd.lydrc:539
    Polygons (raw): 0 (flat)  0 (hierarchical)
    Elapsed: 0.010s  Memory: 608.00M
"-" in: sky130hd.lydrc:541
    Polygons (raw): 0 (flat)  0 (hierarchical)
    Elapsed: 0.010s  Memory: 608.00M
"edges" in: sky130hd.lydrc:541
    Edges: 0 (flat)  0 (hierarchical)
    Elapsed: 0.010s  Memory: 608.00M
"without_length" in: sky130hd.lydrc:541
    Edges: 0 (flat)  0 (hierarchical)
    Elapsed: 0.060s  Memory: 608.00M
"output" in: sky130hd.lydrc:541
    Edges: 0 (flat)  0 (hierarchical)
    Elapsed: 0.000s  Memory: 608.00M
"&" in: sky130hd.lydrc:542
    Polygons (raw): 0 (flat)  0 (hierarchical)
    Elapsed: 0.010s  Memory: 608.00M
"&" in: sky130hd.lydrc:542
    Polygons (raw): 0 (flat)  0 (hierarchical)
    Elapsed: 0.010s  Memory: 608.00M
"edges" in: sky130hd.lydrc:542
    Edges: 0 (flat)  0 (hierarchical)
    Elapsed: 0.010s  Memory: 608.00M
"without_length" in: sky130hd.lydrc:542
    Edges: 0 (flat)  0 (hierarchical)
    Elapsed: 0.050s  Memory: 608.00M
"&" in: sky130hd.lydrc:542
    Polygons (raw): 0 (flat)  0 (hierarchical)
    Elapsed: 0.010s  Memory: 608.00M
"edges" in: sky130hd.lydrc:542
    Edges: 0 (flat)  0 (hierarchical)
    Elapsed: 0.000s  Memory: 608.00M
"without_length" in: sky130hd.lydrc:542
    Edges: 0 (flat)  0 (hierarchical)
    Elapsed: 0.080s  Memory: 608.00M
"or" in: sky130hd.lydrc:542
    Edges: 0 (flat)  0 (hierarchical)
    Elapsed: 0.050s  Memory: 608.00M
"&" in: sky130hd.lydrc:542
    Polygons (raw): 0 (flat)  0 (hierarchical)
    Elapsed: 0.010s  Memory: 608.00M
"edges" in: sky130hd.lydrc:542
    Edges: 0 (flat)  0 (hierarchical)
    Elapsed: 0.000s  Memory: 608.00M
"without_length" in: sky130hd.lydrc:542
    Edges: 0 (flat)  0 (hierarchical)
    Elapsed: 0.050s  Memory: 608.00M
"or" in: sky130hd.lydrc:542
    Edges: 0 (flat)  0 (hierarchical)
    Elapsed: 0.010s  Memory: 608.00M
"not_interacting" in: sky130hd.lydrc:542
    Polygons (raw): 0 (flat)  0 (hierarchical)
    Elapsed: 0.000s  Memory: 608.00M
"output" in: sky130hd.lydrc:542
    Polygons (raw): 0 (flat)  0 (hierarchical)
    Elapsed: 0.000s  Memory: 608.00M
"isolated" in: sky130hd.lydrc:543
    Edge pairs: 0 (flat)  0 (hierarchical)
    Elapsed: 0.010s  Memory: 608.00M
"output" in: sky130hd.lydrc:543
    Edge pairs: 0 (flat)  0 (hierarchical)
    Elapsed: 0.000s  Memory: 608.00M
"enclosing" in: sky130hd.lydrc:544
    Edge pairs: 0 (flat)  0 (hierarchical)
    Elapsed: 0.000s  Memory: 608.00M
"output" in: sky130hd.lydrc:544
    Edge pairs: 0 (flat)  0 (hierarchical)
    Elapsed: 0.000s  Memory: 608.00M
"edges" in: sky130hd.lydrc:545
    Edges: 0 (flat)  0 (hierarchical)
    Elapsed: 0.010s  Memory: 608.00M
"without_length" in: sky130hd.lydrc:545
    Edges: 0 (flat)  0 (hierarchical)
    Elapsed: 0.060s  Memory: 608.00M
"not_interacting" in: sky130hd.lydrc:545
    Polygons (raw): 0 (flat)  0 (hierarchical)
    Elapsed: 0.010s  Memory: 608.00M
"enclosing" in: sky130hd.lydrc:545
    Edge pairs: 0 (flat)  0 (hierarchical)
    Elapsed: 0.010s  Memory: 608.00M
"output" in: sky130hd.lydrc:545
    Edge pairs: 0 (flat)  0 (hierarchical)
    Elapsed: 0.000s  Memory: 608.00M
"enclosing" in: sky130hd.lydrc:546
    Edge pairs: 0 (flat)  0 (hierarchical)
    Elapsed: 0.000s  Memory: 608.00M
"second_edges" in: sky130hd.lydrc:546
    Edges: 0 (flat)  0 (hierarchical)
    Elapsed: 0.010s  Memory: 608.00M
"edges" in: sky130hd.lydrc:547
    Edges: 0 (flat)  0 (hierarchical)
    Elapsed: 0.010s  Memory: 608.00M
"-" in: sky130hd.lydrc:547
    Edges: 0 (flat)  0 (hierarchical)
    Elapsed: 0.010s  Memory: 608.00M
"width" in: sky130hd.lydrc:547
    Edge pairs: 0 (flat)  0 (hierarchical)
    Elapsed: 0.080s  Memory: 608.00M
"polygons" in: sky130hd.lydrc:547
    Polygons (raw): 0 (flat)  0 (hierarchical)
    Elapsed: 0.040s  Memory: 608.00M
"not_interacting" in: sky130hd.lydrc:548
    Polygons (raw): 0 (flat)  0 (hierarchical)
    Elapsed: 0.010s  Memory: 608.00M
"output" in: sky130hd.lydrc:548
    Polygons (raw): 0 (flat)  0 (hierarchical)
    Elapsed: 0.000s  Memory: 608.00M
"width" in: sky130hd.lydrc:559
    Edge pairs: 0 (flat)  0 (hierarchical)
    Elapsed: 0.000s  Memory: 608.00M
"output" in: sky130hd.lydrc:559
    Edge pairs: 0 (flat)  0 (hierarchical)
    Elapsed: 0.000s  Memory: 608.00M
"sized" in: sky130hd.lydrc:561
    Polygons (raw): 0 (flat)  0 (hierarchical)
    Elapsed: 0.010s  Memory: 608.00M
"sized" in: sky130hd.lydrc:561
    Polygons (raw): 0 (flat)  0 (hierarchical)
    Elapsed: 0.000s  Memory: 608.00M
"-" in: sky130hd.lydrc:562
    Polygons (raw): 0 (flat)  0 (hierarchical)
    Elapsed: 0.010s  Memory: 608.00M
"space" in: sky130hd.lydrc:564
    Edge pairs: 0 (flat)  0 (hierarchical)
    Elapsed: 0.010s  Memory: 608.00M
"output" in: sky130hd.lydrc:564
    Edge pairs: 0 (flat)  0 (hierarchical)
    Elapsed: 0.000s  Memory: 608.00M
"separation" in: sky130hd.lydrc:566
    Edge pairs: 0 (flat)  0 (hierarchical)
    Elapsed: 0.010s  Memory: 608.00M
"space" in: sky130hd.lydrc:566
    Edge pairs: 0 (flat)  0 (hierarchical)
    Elapsed: 0.010s  Memory: 608.00M
"+" in: sky130hd.lydrc:566
    Edge pairs: 0 (flat)  0 (hierarchical)
    Elapsed: 0.010s  Memory: 608.00M
"output" in: sky130hd.lydrc:566
    Edge pairs: 0 (flat)  0 (hierarchical)
    Elapsed: 0.000s  Memory: 608.00M
"with_area" in: sky130hd.lydrc:569
    Polygons (raw): 0 (flat)  0 (hierarchical)
    Elapsed: 0.010s  Memory: 608.00M
"output" in: sky130hd.lydrc:569
    Polygons (raw): 0 (flat)  0 (hierarchical)
    Elapsed: 0.000s  Memory: 608.00M
"-" in: sky130hd.lydrc:570
    Polygons (raw): 0 (flat)  0 (hierarchical)
    Elapsed: 0.010s  Memory: 608.00M
"output" in: sky130hd.lydrc:570
    Polygons (raw): 0 (flat)  0 (hierarchical)
    Elapsed: 0.010s  Memory: 608.00M
"enclosing" in: sky130hd.lydrc:572
    Edge pairs: 0 (flat)  0 (hierarchical)
    Elapsed: 0.010s  Memory: 608.00M
"output" in: sky130hd.lydrc:572
    Edge pairs: 0 (flat)  0 (hierarchical)
    Elapsed: 0.000s  Memory: 608.00M
"enclosing" in: sky130hd.lydrc:573
    Edge pairs: 0 (flat)  0 (hierarchical)
    Elapsed: 0.000s  Memory: 608.00M
"second_edges" in: sky130hd.lydrc:573
    Edges: 0 (flat)  0 (hierarchical)
    Elapsed: 0.000s  Memory: 608.00M
"-" in: sky130hd.lydrc:588
    Polygons (raw): 0 (flat)  0 (hierarchical)
    Elapsed: 0.010s  Memory: 608.00M
"output" in: sky130hd.lydrc:588
    Polygons (raw): 0 (flat)  0 (hierarchical)
    Elapsed: 0.000s  Memory: 608.00M
"-" in: sky130hd.lydrc:590
    Polygons (raw): 0 (flat)  0 (hierarchical)
    Elapsed: 0.010s  Memory: 608.00M
"edges" in: sky130hd.lydrc:590
    Edges: 0 (flat)  0 (hierarchical)
    Elapsed: 0.000s  Memory: 608.00M
"without_length" in: sky130hd.lydrc:590
    Edges: 0 (flat)  0 (hierarchical)
    Elapsed: 0.060s  Memory: 608.00M
"output" in: sky130hd.lydrc:590
    Edges: 0 (flat)  0 (hierarchical)
    Elapsed: 0.000s  Memory: 608.00M
"&" in: sky130hd.lydrc:591
    Polygons (raw): 0 (flat)  0 (hierarchical)
    Elapsed: 0.000s  Memory: 608.00M
"&" in: sky130hd.lydrc:591
    Polygons (raw): 0 (flat)  0 (hierarchical)
    Elapsed: 0.010s  Memory: 608.00M
"edges" in: sky130hd.lydrc:591
    Edges: 0 (flat)  0 (hierarchical)
    Elapsed: 0.010s  Memory: 608.00M
"without_length" in: sky130hd.lydrc:591
    Edges: 0 (flat)  0 (hierarchical)
    Elapsed: 0.070s  Memory: 608.00M
"&" in: sky130hd.lydrc:591
    Polygons (raw): 0 (flat)  0 (hierarchical)
    Elapsed: 0.050s  Memory: 608.00M
"edges" in: sky130hd.lydrc:591
    Edges: 0 (flat)  0 (hierarchical)
    Elapsed: 0.000s  Memory: 608.00M
"without_length" in: sky130hd.lydrc:591
    Edges: 0 (flat)  0 (hierarchical)
    Elapsed: 0.060s  Memory: 608.00M
"or" in: sky130hd.lydrc:591
    Edges: 0 (flat)  0 (hierarchical)
    Elapsed: 0.010s  Memory: 608.00M
"not_interacting" in: sky130hd.lydrc:591
    Polygons (raw): 0 (flat)  0 (hierarchical)
    Elapsed: 0.010s  Memory: 608.00M
"output" in: sky130hd.lydrc:591
    Polygons (raw): 0 (flat)  0 (hierarchical)
    Elapsed: 0.000s  Memory: 608.00M
"isolated" in: sky130hd.lydrc:592
    Edge pairs: 0 (flat)  0 (hierarchical)
    Elapsed: 0.010s  Memory: 608.00M
"output" in: sky130hd.lydrc:592
    Edge pairs: 0 (flat)  0 (hierarchical)
    Elapsed: 0.000s  Memory: 608.00M
"enclosing" in: sky130hd.lydrc:593
    Edge pairs: 0 (flat)  0 (hierarchical)
    Elapsed: 0.000s  Memory: 608.00M
"output" in: sky130hd.lydrc:593
    Edge pairs: 0 (flat)  0 (hierarchical)
    Elapsed: 0.000s  Memory: 608.00M
"enclosing" in: sky130hd.lydrc:594
    Edge pairs: 0 (flat)  0 (hierarchical)
    Elapsed: 0.000s  Memory: 608.00M
"second_edges" in: sky130hd.lydrc:594
    Edges: 0 (flat)  0 (hierarchical)
    Elapsed: 0.010s  Memory: 608.00M
"edges" in: sky130hd.lydrc:595
    Edges: 0 (flat)  0 (hierarchical)
    Elapsed: 0.000s  Memory: 608.00M
"-" in: sky130hd.lydrc:595
    Edges: 0 (flat)  0 (hierarchical)
    Elapsed: 0.000s  Memory: 608.00M
"width" in: sky130hd.lydrc:595
    Edge pairs: 0 (flat)  0 (hierarchical)
    Elapsed: 0.060s  Memory: 608.00M
"polygons" in: sky130hd.lydrc:595
    Polygons (raw): 0 (flat)  0 (hierarchical)
    Elapsed: 0.010s  Memory: 608.00M
"not_interacting" in: sky130hd.lydrc:596
    Polygons (raw): 0 (flat)  0 (hierarchical)
    Elapsed: 0.010s  Memory: 608.00M
"output" in: sky130hd.lydrc:596
    Polygons (raw): 0 (flat)  0 (hierarchical)
    Elapsed: 0.000s  Memory: 608.00M
"width" in: sky130hd.lydrc:607
    Edge pairs: 0 (flat)  0 (hierarchical)
    Elapsed: 0.000s  Memory: 608.00M
"output" in: sky130hd.lydrc:607
    Edge pairs: 0 (flat)  0 (hierarchical)
    Elapsed: 0.000s  Memory: 608.00M
"sized" in: sky130hd.lydrc:609
    Polygons (raw): 0 (flat)  0 (hierarchical)
    Elapsed: 0.010s  Memory: 608.00M
"sized" in: sky130hd.lydrc:609
    Polygons (raw): 0 (flat)  0 (hierarchical)
    Elapsed: 0.010s  Memory: 608.00M
"-" in: sky130hd.lydrc:610
    Polygons (raw): 0 (flat)  0 (hierarchical)
    Elapsed: 0.010s  Memory: 608.00M
"space" in: sky130hd.lydrc:612
    Edge pairs: 0 (flat)  0 (hierarchical)
    Elapsed: 0.010s  Memory: 608.00M
"output" in: sky130hd.lydrc:612
    Edge pairs: 0 (flat)  0 (hierarchical)
    Elapsed: 0.000s  Memory: 608.00M
"separation" in: sky130hd.lydrc:614
    Edge pairs: 0 (flat)  0 (hierarchical)
    Elapsed: 0.050s  Memory: 608.00M
"space" in: sky130hd.lydrc:614
    Edge pairs: 0 (flat)  0 (hierarchical)
    Elapsed: 0.010s  Memory: 608.00M
"+" in: sky130hd.lydrc:614
    Edge pairs: 0 (flat)  0 (hierarchical)
    Elapsed: 0.010s  Memory: 608.00M
"output" in: sky130hd.lydrc:614
    Edge pairs: 0 (flat)  0 (hierarchical)
    Elapsed: 0.000s  Memory: 608.00M
"with_area" in: sky130hd.lydrc:616
    Polygons (raw): 0 (flat)  0 (hierarchical)
    Elapsed: 0.010s  Memory: 608.00M
"output" in: sky130hd.lydrc:616
    Polygons (raw): 0 (flat)  0 (hierarchical)
    Elapsed: 0.000s  Memory: 608.00M
"-" in: sky130hd.lydrc:617
    Polygons (raw): 0 (flat)  0 (hierarchical)
    Elapsed: 0.020s  Memory: 608.00M
"output" in: sky130hd.lydrc:617
    Polygons (raw): 0 (flat)  0 (hierarchical)
    Elapsed: 0.000s  Memory: 608.00M
"enclosing" in: sky130hd.lydrc:619
    Edge pairs: 0 (flat)  0 (hierarchical)
    Elapsed: 0.000s  Memory: 608.00M
"output" in: sky130hd.lydrc:619
    Edge pairs: 0 (flat)  0 (hierarchical)
    Elapsed: 0.010s  Memory: 608.00M
"edges" in: sky130hd.lydrc:635
    Edges: 0 (flat)  0 (hierarchical)
    Elapsed: 0.000s  Memory: 608.00M
"without_length" in: sky130hd.lydrc:635
    Edges: 0 (flat)  0 (hierarchical)
    Elapsed: 0.070s  Memory: 608.00M
"output" in: sky130hd.lydrc:635
    Edges: 0 (flat)  0 (hierarchical)
    Elapsed: 0.000s  Memory: 608.00M
"isolated" in: sky130hd.lydrc:636
    Edge pairs: 0 (flat)  0 (hierarchical)
    Elapsed: 0.010s  Memory: 608.00M
"output" in: sky130hd.lydrc:636
    Edge pairs: 0 (flat)  0 (hierarchical)
    Elapsed: 0.000s  Memory: 608.00M
"enclosing" in: sky130hd.lydrc:638
    Edge pairs: 0 (flat)  0 (hierarchical)
    Elapsed: 0.000s  Memory: 608.00M
"output" in: sky130hd.lydrc:638
    Edge pairs: 0 (flat)  0 (hierarchical)
    Elapsed: 0.000s  Memory: 608.00M
"-" in: sky130hd.lydrc:639
    Polygons (raw): 0 (flat)  0 (hierarchical)
    Elapsed: 0.010s  Memory: 608.00M
"output" in: sky130hd.lydrc:639
    Polygons (raw): 0 (flat)  0 (hierarchical)
    Elapsed: 0.010s  Memory: 608.00M
"width" in: sky130hd.lydrc:645
    Edge pairs: 0 (flat)  0 (hierarchical)
    Elapsed: 0.000s  Memory: 608.00M
"output" in: sky130hd.lydrc:645
    Edge pairs: 0 (flat)  0 (hierarchical)
    Elapsed: 0.000s  Memory: 608.00M
"space" in: sky130hd.lydrc:647
    Edge pairs: 0 (flat)  0 (hierarchical)
    Elapsed: 0.010s  Memory: 608.00M
"output" in: sky130hd.lydrc:647
    Edge pairs: 0 (flat)  0 (hierarchical)
    Elapsed: 0.000s  Memory: 608.00M
"-" in: sky130hd.lydrc:649
    Polygons (raw): 0 (flat)  0 (hierarchical)
    Elapsed: 0.010s  Memory: 608.00M
"output" in: sky130hd.lydrc:649
    Polygons (raw): 0 (flat)  0 (hierarchical)
    Elapsed: 0.000s  Memory: 608.00M
"enclosing" in: sky130hd.lydrc:650
    Edge pairs: 0 (flat)  0 (hierarchical)
    Elapsed: 0.010s  Memory: 608.00M
"output" in: sky130hd.lydrc:650
    Edge pairs: 0 (flat)  0 (hierarchical)
    Elapsed: 0.000s  Memory: 608.00M
"width" in: sky130hd.lydrc:653
    Edge pairs: 0 (flat)  0 (hierarchical)
    Elapsed: 0.000s  Memory: 608.00M
"output" in: sky130hd.lydrc:653
    Edge pairs: 0 (flat)  0 (hierarchical)
    Elapsed: 0.000s  Memory: 608.00M
"isolated" in: sky130hd.lydrc:654
    Edge pairs: 0 (flat)  0 (hierarchical)
    Elapsed: 0.010s  Memory: 608.00M
"output" in: sky130hd.lydrc:654
    Edge pairs: 0 (flat)  0 (hierarchical)
    Elapsed: 0.000s  Memory: 608.00M
"enclosing" in: sky130hd.lydrc:655
    Edge pairs: 0 (flat)  0 (hierarchical)
    Elapsed: 0.050s  Memory: 608.00M
"output" in: sky130hd.lydrc:655
    Edge pairs: 0 (flat)  0 (hierarchical)
    Elapsed: 0.000s  Memory: 608.00M
"enclosing" in: sky130hd.lydrc:656
    Edge pairs: 0 (flat)  0 (hierarchical)
    Elapsed: 0.000s  Memory: 608.00M
"output" in: sky130hd.lydrc:656
    Edge pairs: 0 (flat)  0 (hierarchical)
    Elapsed: 0.000s  Memory: 608.00M
"enclosing" in: sky130hd.lydrc:657
    Edge pairs: 0 (flat)  0 (hierarchical)
    Elapsed: 0.000s  Memory: 608.00M
"output" in: sky130hd.lydrc:657
    Edge pairs: 0 (flat)  0 (hierarchical)
    Elapsed: 0.000s  Memory: 608.00M
"enclosing" in: sky130hd.lydrc:658
    Edge pairs: 0 (flat)  0 (hierarchical)
    Elapsed: 0.010s  Memory: 608.00M
"output" in: sky130hd.lydrc:658
    Edge pairs: 0 (flat)  0 (hierarchical)
    Elapsed: 0.000s  Memory: 608.00M
"enclosing" in: sky130hd.lydrc:659
    Edge pairs: 0 (flat)  0 (hierarchical)
    Elapsed: 0.010s  Memory: 608.00M
"output" in: sky130hd.lydrc:659
    Edge pairs: 0 (flat)  0 (hierarchical)
    Elapsed: 0.000s  Memory: 608.00M
"enclosing" in: sky130hd.lydrc:660
    Edge pairs: 0 (flat)  0 (hierarchical)
    Elapsed: 0.010s  Memory: 608.00M
"output" in: sky130hd.lydrc:660
    Edge pairs: 0 (flat)  0 (hierarchical)
    Elapsed: 0.000s  Memory: 608.00M
"enclosing" in: sky130hd.lydrc:661
    Edge pairs: 0 (flat)  0 (hierarchical)
    Elapsed: 0.010s  Memory: 608.00M
"output" in: sky130hd.lydrc:661
    Edge pairs: 0 (flat)  0 (hierarchical)
    Elapsed: 0.000s  Memory: 608.00M
"enclosing" in: sky130hd.lydrc:662
    Edge pairs: 0 (flat)  0 (hierarchical)
    Elapsed: 0.010s  Memory: 608.00M
"output" in: sky130hd.lydrc:662
    Edge pairs: 0 (flat)  0 (hierarchical)
    Elapsed: 0.000s  Memory: 608.00M
"enclosing" in: sky130hd.lydrc:663
    Edge pairs: 0 (flat)  0 (hierarchical)
    Elapsed: 0.010s  Memory: 608.00M
"output" in: sky130hd.lydrc:663
    Edge pairs: 0 (flat)  0 (hierarchical)
    Elapsed: 0.000s  Memory: 608.00M
"enclosing" in: sky130hd.lydrc:664
    Edge pairs: 0 (flat)  0 (hierarchical)
    Elapsed: 0.000s  Memory: 608.00M
"output" in: sky130hd.lydrc:664
    Edge pairs: 0 (flat)  0 (hierarchical)
    Elapsed: 0.010s  Memory: 608.00M
"separation" in: sky130hd.lydrc:666
    Edge pairs: 0 (flat)  0 (hierarchical)
    Elapsed: 0.000s  Memory: 608.00M
"output" in: sky130hd.lydrc:666
    Edge pairs: 0 (flat)  0 (hierarchical)
    Elapsed: 0.000s  Memory: 608.00M
"separation" in: sky130hd.lydrc:667
    Edge pairs: 0 (flat)  0 (hierarchical)
    Elapsed: 0.000s  Memory: 608.00M
"output" in: sky130hd.lydrc:667
    Edge pairs: 0 (flat)  0 (hierarchical)
    Elapsed: 0.010s  Memory: 608.00M
"separation" in: sky130hd.lydrc:668
    Edge pairs: 0 (flat)  0 (hierarchical)
    Elapsed: 0.000s  Memory: 608.00M
"output" in: sky130hd.lydrc:668
    Edge pairs: 0 (flat)  0 (hierarchical)
    Elapsed: 0.000s  Memory: 608.00M
"separation" in: sky130hd.lydrc:669
    Edge pairs: 0 (flat)  0 (hierarchical)
    Elapsed: 0.010s  Memory: 608.00M
"output" in: sky130hd.lydrc:669
    Edge pairs: 0 (flat)  0 (hierarchical)
    Elapsed: 0.010s  Memory: 608.00M
"separation" in: sky130hd.lydrc:670
    Edge pairs: 0 (flat)  0 (hierarchical)
    Elapsed: 0.010s  Memory: 608.00M
"output" in: sky130hd.lydrc:670
    Edge pairs: 0 (flat)  0 (hierarchical)
    Elapsed: 0.000s  Memory: 608.00M
"separation" in: sky130hd.lydrc:671
    Edge pairs: 0 (flat)  0 (hierarchical)
    Elapsed: 0.010s  Memory: 608.00M
"output" in: sky130hd.lydrc:671
    Edge pairs: 0 (flat)  0 (hierarchical)
    Elapsed: 0.000s  Memory: 608.00M
"separation" in: sky130hd.lydrc:672
    Edge pairs: 0 (flat)  0 (hierarchical)
    Elapsed: 0.000s  Memory: 608.00M
"output" in: sky130hd.lydrc:672
    Edge pairs: 0 (flat)  0 (hierarchical)
    Elapsed: 0.040s  Memory: 608.00M
"separation" in: sky130hd.lydrc:673
    Edge pairs: 0 (flat)  0 (hierarchical)
    Elapsed: 0.000s  Memory: 608.00M
"output" in: sky130hd.lydrc:673
    Edge pairs: 0 (flat)  0 (hierarchical)
    Elapsed: 0.000s  Memory: 608.00M
"separation" in: sky130hd.lydrc:674
    Edge pairs: 0 (flat)  0 (hierarchical)
    Elapsed: 0.000s  Memory: 608.00M
"output" in: sky130hd.lydrc:674
    Edge pairs: 0 (flat)  0 (hierarchical)
    Elapsed: 0.010s  Memory: 608.00M
"separation" in: sky130hd.lydrc:675
    Edge pairs: 0 (flat)  0 (hierarchical)
    Elapsed: 0.000s  Memory: 608.00M
"output" in: sky130hd.lydrc:675
    Edge pairs: 0 (flat)  0 (hierarchical)
    Elapsed: 0.000s  Memory: 608.00M
"isolated" in: sky130hd.lydrc:679
    Edge pairs: 0 (flat)  0 (hierarchical)
    Elapsed: 0.000s  Memory: 608.00M
"output" in: sky130hd.lydrc:679
    Edge pairs: 0 (flat)  0 (hierarchical)
    Elapsed: 0.010s  Memory: 608.00M
OFFGRID-ANGLES section
"ongrid" in: sky130hd.lydrc:823
    Edge pairs: 0 (flat)  0 (hierarchical)
    Elapsed: 0.210s  Memory: 608.00M
"output" in: sky130hd.lydrc:823
    Edge pairs: 0 (flat)  0 (hierarchical)
    Elapsed: 0.000s  Memory: 608.00M
"with_angle" in: sky130hd.lydrc:824
    Edge pairs: 0 (flat)  0 (hierarchical)
    Elapsed: 0.010s  Memory: 608.00M
"output" in: sky130hd.lydrc:824
    Edge pairs: 0 (flat)  0 (hierarchical)
    Elapsed: 0.000s  Memory: 608.00M
"ongrid" in: sky130hd.lydrc:825
    Edge pairs: 0 (flat)  0 (hierarchical)
    Elapsed: 0.240s  Memory: 608.00M
"output" in: sky130hd.lydrc:825
    Edge pairs: 0 (flat)  0 (hierarchical)
    Elapsed: 0.030s  Memory: 608.00M
"with_angle" in: sky130hd.lydrc:826
    Edge pairs: 0 (flat)  0 (hierarchical)
    Elapsed: 0.010s  Memory: 608.00M
"output" in: sky130hd.lydrc:826
    Edge pairs: 0 (flat)  0 (hierarchical)
    Elapsed: 0.010s  Memory: 608.00M
"ongrid" in: sky130hd.lydrc:827
    Edge pairs: 0 (flat)  0 (hierarchical)
    Elapsed: 0.010s  Memory: 608.00M
"output" in: sky130hd.lydrc:827
    Edge pairs: 0 (flat)  0 (hierarchical)
    Elapsed: 0.000s  Memory: 608.00M
"with_angle" in: sky130hd.lydrc:828
    Edge pairs: 0 (flat)  0 (hierarchical)
    Elapsed: 0.010s  Memory: 608.00M
"output" in: sky130hd.lydrc:828
    Edge pairs: 0 (flat)  0 (hierarchical)
    Elapsed: 0.000s  Memory: 608.00M
"ongrid" in: sky130hd.lydrc:829
    Edge pairs: 0 (flat)  0 (hierarchical)
    Elapsed: 0.000s  Memory: 608.00M
"output" in: sky130hd.lydrc:829
    Edge pairs: 0 (flat)  0 (hierarchical)
    Elapsed: 0.000s  Memory: 608.00M
"with_angle" in: sky130hd.lydrc:830
    Edge pairs: 0 (flat)  0 (hierarchical)
    Elapsed: 0.000s  Memory: 608.00M
"output" in: sky130hd.lydrc:830
    Edge pairs: 0 (flat)  0 (hierarchical)
    Elapsed: 0.000s  Memory: 608.00M
"ongrid" in: sky130hd.lydrc:831
    Edge pairs: 0 (flat)  0 (hierarchical)
    Elapsed: 0.190s  Memory: 608.00M
"output" in: sky130hd.lydrc:831
    Edge pairs: 0 (flat)  0 (hierarchical)
    Elapsed: 0.000s  Memory: 608.00M
"with_angle" in: sky130hd.lydrc:832
    Edge pairs: 0 (flat)  0 (hierarchical)
    Elapsed: 0.010s  Memory: 608.00M
"output" in: sky130hd.lydrc:832
    Edge pairs: 0 (flat)  0 (hierarchical)
    Elapsed: 0.000s  Memory: 608.00M
"ongrid" in: sky130hd.lydrc:833
    Edge pairs: 0 (flat)  0 (hierarchical)
    Elapsed: 0.010s  Memory: 608.00M
"output" in: sky130hd.lydrc:833
    Edge pairs: 0 (flat)  0 (hierarchical)
    Elapsed: 0.000s  Memory: 608.00M
"with_angle" in: sky130hd.lydrc:834
    Edge pairs: 0 (flat)  0 (hierarchical)
    Elapsed: 0.010s  Memory: 608.00M
"output" in: sky130hd.lydrc:834
    Edge pairs: 0 (flat)  0 (hierarchical)
    Elapsed: 0.010s  Memory: 608.00M
"ongrid" in: sky130hd.lydrc:835
    Edge pairs: 0 (flat)  0 (hierarchical)
    Elapsed: 0.170s  Memory: 608.00M
"output" in: sky130hd.lydrc:835
    Edge pairs: 0 (flat)  0 (hierarchical)
    Elapsed: 0.030s  Memory: 608.00M
"with_angle" in: sky130hd.lydrc:836
    Edge pairs: 0 (flat)  0 (hierarchical)
    Elapsed: 0.010s  Memory: 608.00M
"output" in: sky130hd.lydrc:836
    Edge pairs: 0 (flat)  0 (hierarchical)
    Elapsed: 0.000s  Memory: 608.00M
"ongrid" in: sky130hd.lydrc:837
    Edge pairs: 0 (flat)  0 (hierarchical)
    Elapsed: 0.200s  Memory: 608.00M
"output" in: sky130hd.lydrc:837
    Edge pairs: 0 (flat)  0 (hierarchical)
    Elapsed: 0.000s  Memory: 608.00M
"with_angle" in: sky130hd.lydrc:838
    Edge pairs: 0 (flat)  0 (hierarchical)
    Elapsed: 0.010s  Memory: 608.00M
"output" in: sky130hd.lydrc:838
    Edge pairs: 0 (flat)  0 (hierarchical)
    Elapsed: 0.000s  Memory: 608.00M
"ongrid" in: sky130hd.lydrc:839
    Edge pairs: 0 (flat)  0 (hierarchical)
    Elapsed: 0.230s  Memory: 608.00M
"output" in: sky130hd.lydrc:839
    Edge pairs: 0 (flat)  0 (hierarchical)
    Elapsed: 0.040s  Memory: 608.00M
"ongrid" in: sky130hd.lydrc:840
    Edge pairs: 0 (flat)  0 (hierarchical)
    Elapsed: 0.200s  Memory: 608.00M
"output" in: sky130hd.lydrc:840
    Edge pairs: 0 (flat)  0 (hierarchical)
    Elapsed: 0.000s  Memory: 608.00M
"&" in: sky130hd.lydrc:841
    Polygons (raw): 0 (flat)  0 (hierarchical)
    Elapsed: 0.010s  Memory: 608.00M
"-" in: sky130hd.lydrc:841
    Polygons (raw): 14315 (flat)  4733 (hierarchical)
    Elapsed: 0.010s  Memory: 608.00M
"with_angle" in: sky130hd.lydrc:841
    Edge pairs: 0 (flat)  0 (hierarchical)
    Elapsed: 0.090s  Memory: 608.00M
"output" in: sky130hd.lydrc:841
    Edge pairs: 0 (flat)  0 (hierarchical)
    Elapsed: 0.160s  Memory: 608.00M
"&" in: sky130hd.lydrc:842
    Polygons (raw): 0 (flat)  0 (hierarchical)
    Elapsed: 0.010s  Memory: 608.00M
"&" in: sky130hd.lydrc:842
    Polygons (raw): 0 (flat)  0 (hierarchical)
    Elapsed: 0.010s  Memory: 608.00M
"with_angle" in: sky130hd.lydrc:842
    Edge pairs: 0 (flat)  0 (hierarchical)
    Elapsed: 0.010s  Memory: 608.00M
"output" in: sky130hd.lydrc:842
    Edge pairs: 0 (flat)  0 (hierarchical)
    Elapsed: 0.000s  Memory: 608.00M
"&" in: sky130hd.lydrc:843
    Polygons (raw): 0 (flat)  0 (hierarchical)
    Elapsed: 0.010s  Memory: 608.00M
"-" in: sky130hd.lydrc:843
    Polygons (raw): 2554 (flat)  211 (hierarchical)
    Elapsed: 0.020s  Memory: 608.00M
"with_angle" in: sky130hd.lydrc:843
    Edge pairs: 0 (flat)  0 (hierarchical)
    Elapsed: 0.070s  Memory: 608.00M
"output" in: sky130hd.lydrc:843
    Edge pairs: 0 (flat)  0 (hierarchical)
    Elapsed: 0.160s  Memory: 608.00M
"&" in: sky130hd.lydrc:844
    Polygons (raw): 0 (flat)  0 (hierarchical)
    Elapsed: 0.000s  Memory: 608.00M
"&" in: sky130hd.lydrc:844
    Polygons (raw): 0 (flat)  0 (hierarchical)
    Elapsed: 0.000s  Memory: 608.00M
"with_angle" in: sky130hd.lydrc:844
    Edge pairs: 0 (flat)  0 (hierarchical)
    Elapsed: 0.000s  Memory: 608.00M
"output" in: sky130hd.lydrc:844
    Edge pairs: 0 (flat)  0 (hierarchical)
    Elapsed: 0.010s  Memory: 608.00M
"ongrid" in: sky130hd.lydrc:845
    Edge pairs: 0 (flat)  0 (hierarchical)
    Elapsed: 0.000s  Memory: 608.00M
"output" in: sky130hd.lydrc:845
    Edge pairs: 0 (flat)  0 (hierarchical)
    Elapsed: 0.000s  Memory: 608.00M
"with_angle" in: sky130hd.lydrc:846
    Edge pairs: 0 (flat)  0 (hierarchical)
    Elapsed: 0.010s  Memory: 608.00M
"output" in: sky130hd.lydrc:846
    Edge pairs: 0 (flat)  0 (hierarchical)
    Elapsed: 0.010s  Memory: 608.00M
"ongrid" in: sky130hd.lydrc:847
    Edge pairs: 0 (flat)  0 (hierarchical)
    Elapsed: 0.020s  Memory: 608.00M
"output" in: sky130hd.lydrc:847
    Edge pairs: 0 (flat)  0 (hierarchical)
    Elapsed: 0.000s  Memory: 608.00M
"with_angle" in: sky130hd.lydrc:848
    Edge pairs: 0 (flat)  0 (hierarchical)
    Elapsed: 0.000s  Memory: 608.00M
"output" in: sky130hd.lydrc:848
    Edge pairs: 0 (flat)  0 (hierarchical)
    Elapsed: 0.000s  Memory: 608.00M
"ongrid" in: sky130hd.lydrc:849
    Edge pairs: 0 (flat)  0 (hierarchical)
    Elapsed: 0.000s  Memory: 608.00M
"output" in: sky130hd.lydrc:849
    Edge pairs: 0 (flat)  0 (hierarchical)
    Elapsed: 0.000s  Memory: 608.00M
"with_angle" in: sky130hd.lydrc:850
    Edge pairs: 0 (flat)  0 (hierarchical)
    Elapsed: 0.000s  Memory: 608.00M
"output" in: sky130hd.lydrc:850
    Edge pairs: 0 (flat)  0 (hierarchical)
    Elapsed: 0.000s  Memory: 608.00M
"ongrid" in: sky130hd.lydrc:851
    Edge pairs: 0 (flat)  0 (hierarchical)
    Elapsed: 0.190s  Memory: 608.00M
"output" in: sky130hd.lydrc:851
    Edge pairs: 0 (flat)  0 (hierarchical)
    Elapsed: 0.040s  Memory: 608.00M
"with_angle" in: sky130hd.lydrc:852
    Edge pairs: 0 (flat)  0 (hierarchical)
    Elapsed: 0.000s  Memory: 608.00M
"output" in: sky130hd.lydrc:852
    Edge pairs: 0 (flat)  0 (hierarchical)
    Elapsed: 0.000s  Memory: 608.00M
"ongrid" in: sky130hd.lydrc:853
    Edge pairs: 0 (flat)  0 (hierarchical)
    Elapsed: 0.270s  Memory: 608.00M
"output" in: sky130hd.lydrc:853
    Edge pairs: 0 (flat)  0 (hierarchical)
    Elapsed: 0.010s  Memory: 608.00M
"with_angle" in: sky130hd.lydrc:854
    Edge pairs: 0 (flat)  0 (hierarchical)
    Elapsed: 0.000s  Memory: 608.00M
"output" in: sky130hd.lydrc:854
    Edge pairs: 0 (flat)  0 (hierarchical)
    Elapsed: 0.010s  Memory: 608.00M
"ongrid" in: sky130hd.lydrc:855
    Edge pairs: 0 (flat)  0 (hierarchical)
    Elapsed: 0.250s  Memory: 608.00M
"output" in: sky130hd.lydrc:855
    Edge pairs: 0 (flat)  0 (hierarchical)
    Elapsed: 0.040s  Memory: 608.00M
"with_angle" in: sky130hd.lydrc:856
    Edge pairs: 0 (flat)  0 (hierarchical)
    Elapsed: 0.010s  Memory: 608.00M
"output" in: sky130hd.lydrc:856
    Edge pairs: 0 (flat)  0 (hierarchical)
    Elapsed: 0.000s  Memory: 608.00M
"ongrid" in: sky130hd.lydrc:857
    Edge pairs: 0 (flat)  0 (hierarchical)
    Elapsed: 0.040s  Memory: 608.00M
"output" in: sky130hd.lydrc:857
    Edge pairs: 0 (flat)  0 (hierarchical)
    Elapsed: 0.010s  Memory: 608.00M
"with_angle" in: sky130hd.lydrc:858
    Edge pairs: 0 (flat)  0 (hierarchical)
    Elapsed: 0.020s  Memory: 608.00M
"output" in: sky130hd.lydrc:858
    Edge pairs: 0 (flat)  0 (hierarchical)
    Elapsed: 0.000s  Memory: 608.00M
"ongrid" in: sky130hd.lydrc:859
    Edge pairs: 0 (flat)  0 (hierarchical)
    Elapsed: 0.020s  Memory: 608.00M
"output" in: sky130hd.lydrc:859
    Edge pairs: 0 (flat)  0 (hierarchical)
    Elapsed: 0.000s  Memory: 608.00M
"with_angle" in: sky130hd.lydrc:860
    Edge pairs: 0 (flat)  0 (hierarchical)
    Elapsed: 0.000s  Memory: 608.00M
"output" in: sky130hd.lydrc:860
    Edge pairs: 0 (flat)  0 (hierarchical)
    Elapsed: 0.010s  Memory: 608.00M
"ongrid" in: sky130hd.lydrc:861
    Edge pairs: 0 (flat)  0 (hierarchical)
    Elapsed: 0.040s  Memory: 608.00M
"output" in: sky130hd.lydrc:861
    Edge pairs: 0 (flat)  0 (hierarchical)
    Elapsed: 0.000s  Memory: 608.00M
"with_angle" in: sky130hd.lydrc:862
    Edge pairs: 0 (flat)  0 (hierarchical)
    Elapsed: 0.020s  Memory: 608.00M
"output" in: sky130hd.lydrc:862
    Edge pairs: 0 (flat)  0 (hierarchical)
    Elapsed: 0.000s  Memory: 608.00M
"ongrid" in: sky130hd.lydrc:863
    Edge pairs: 0 (flat)  0 (hierarchical)
    Elapsed: 0.000s  Memory: 608.00M
"output" in: sky130hd.lydrc:863
    Edge pairs: 0 (flat)  0 (hierarchical)
    Elapsed: 0.000s  Memory: 608.00M
"with_angle" in: sky130hd.lydrc:864
    Edge pairs: 0 (flat)  0 (hierarchical)
    Elapsed: 0.000s  Memory: 608.00M
"output" in: sky130hd.lydrc:864
    Edge pairs: 0 (flat)  0 (hierarchical)
    Elapsed: 0.010s  Memory: 608.00M
"ongrid" in: sky130hd.lydrc:865
    Edge pairs: 0 (flat)  0 (hierarchical)
    Elapsed: 0.020s  Memory: 608.00M
"output" in: sky130hd.lydrc:865
    Edge pairs: 0 (flat)  0 (hierarchical)
    Elapsed: 0.000s  Memory: 608.00M
"with_angle" in: sky130hd.lydrc:866
    Edge pairs: 0 (flat)  0 (hierarchical)
    Elapsed: 0.010s  Memory: 608.00M
"output" in: sky130hd.lydrc:866
    Edge pairs: 0 (flat)  0 (hierarchical)
    Elapsed: 0.000s  Memory: 608.00M
"ongrid" in: sky130hd.lydrc:867
    Edge pairs: 0 (flat)  0 (hierarchical)
    Elapsed: 0.020s  Memory: 608.00M
"output" in: sky130hd.lydrc:867
    Edge pairs: 0 (flat)  0 (hierarchical)
    Elapsed: 0.040s  Memory: 608.00M
"with_angle" in: sky130hd.lydrc:868
    Edge pairs: 0 (flat)  0 (hierarchical)
    Elapsed: 0.020s  Memory: 608.00M
"output" in: sky130hd.lydrc:868
    Edge pairs: 0 (flat)  0 (hierarchical)
    Elapsed: 0.010s  Memory: 608.00M
"ongrid" in: sky130hd.lydrc:869
    Edge pairs: 0 (flat)  0 (hierarchical)
    Elapsed: 0.020s  Memory: 608.00M
"output" in: sky130hd.lydrc:869
    Edge pairs: 0 (flat)  0 (hierarchical)
    Elapsed: 0.010s  Memory: 608.00M
"with_angle" in: sky130hd.lydrc:870
    Edge pairs: 0 (flat)  0 (hierarchical)
    Elapsed: 0.010s  Memory: 608.00M
"output" in: sky130hd.lydrc:870
    Edge pairs: 0 (flat)  0 (hierarchical)
    Elapsed: 0.000s  Memory: 608.00M
"ongrid" in: sky130hd.lydrc:871
    Edge pairs: 0 (flat)  0 (hierarchical)
    Elapsed: 0.000s  Memory: 608.00M
"output" in: sky130hd.lydrc:871
    Edge pairs: 0 (flat)  0 (hierarchical)
    Elapsed: 0.000s  Memory: 608.00M
"with_angle" in: sky130hd.lydrc:872
    Edge pairs: 0 (flat)  0 (hierarchical)
    Elapsed: 0.010s  Memory: 608.00M
"output" in: sky130hd.lydrc:872
    Edge pairs: 0 (flat)  0 (hierarchical)
    Elapsed: 0.000s  Memory: 608.00M
"ongrid" in: sky130hd.lydrc:873
    Edge pairs: 0 (flat)  0 (hierarchical)
    Elapsed: 0.000s  Memory: 608.00M
"output" in: sky130hd.lydrc:873
    Edge pairs: 0 (flat)  0 (hierarchical)
    Elapsed: 0.000s  Memory: 608.00M
"with_angle" in: sky130hd.lydrc:874
    Edge pairs: 0 (flat)  0 (hierarchical)
    Elapsed: 0.000s  Memory: 608.00M
"output" in: sky130hd.lydrc:874
    Edge pairs: 0 (flat)  0 (hierarchical)
    Elapsed: 0.010s  Memory: 608.00M
"ongrid" in: sky130hd.lydrc:875
    Edge pairs: 0 (flat)  0 (hierarchical)
    Elapsed: 0.000s  Memory: 608.00M
"output" in: sky130hd.lydrc:875
    Edge pairs: 0 (flat)  0 (hierarchical)
    Elapsed: 0.000s  Memory: 608.00M
"with_angle" in: sky130hd.lydrc:876
    Edge pairs: 0 (flat)  0 (hierarchical)
    Elapsed: 0.010s  Memory: 608.00M
"output" in: sky130hd.lydrc:876
    Edge pairs: 0 (flat)  0 (hierarchical)
    Elapsed: 0.000s  Memory: 608.00M
"ongrid" in: sky130hd.lydrc:877
    Edge pairs: 0 (flat)  0 (hierarchical)
    Elapsed: 0.000s  Memory: 608.00M
"output" in: sky130hd.lydrc:877
    Edge pairs: 0 (flat)  0 (hierarchical)
    Elapsed: 0.000s  Memory: 608.00M
"with_angle" in: sky130hd.lydrc:878
    Edge pairs: 0 (flat)  0 (hierarchical)
    Elapsed: 0.000s  Memory: 608.00M
"output" in: sky130hd.lydrc:878
    Edge pairs: 0 (flat)  0 (hierarchical)
    Elapsed: 0.000s  Memory: 608.00M
"ongrid" in: sky130hd.lydrc:879
    Edge pairs: 0 (flat)  0 (hierarchical)
    Elapsed: 0.000s  Memory: 608.00M
"output" in: sky130hd.lydrc:879
    Edge pairs: 0 (flat)  0 (hierarchical)
    Elapsed: 0.000s  Memory: 608.00M
"with_angle" in: sky130hd.lydrc:880
    Edge pairs: 0 (flat)  0 (hierarchical)
    Elapsed: 0.000s  Memory: 608.00M
"output" in: sky130hd.lydrc:880
    Edge pairs: 0 (flat)  0 (hierarchical)
    Elapsed: 0.010s  Memory: 608.00M
"ongrid" in: sky130hd.lydrc:881
    Edge pairs: 0 (flat)  0 (hierarchical)
    Elapsed: 0.000s  Memory: 608.00M
"output" in: sky130hd.lydrc:881
    Edge pairs: 0 (flat)  0 (hierarchical)
    Elapsed: 0.000s  Memory: 608.00M
"with_angle" in: sky130hd.lydrc:882
    Edge pairs: 0 (flat)  0 (hierarchical)
    Elapsed: 0.010s  Memory: 608.00M
"output" in: sky130hd.lydrc:882
    Edge pairs: 0 (flat)  0 (hierarchical)
    Elapsed: 0.000s  Memory: 608.00M
"ongrid" in: sky130hd.lydrc:883
    Edge pairs: 0 (flat)  0 (hierarchical)
    Elapsed: 0.000s  Memory: 608.00M
"output" in: sky130hd.lydrc:883
    Edge pairs: 0 (flat)  0 (hierarchical)
    Elapsed: 0.000s  Memory: 608.00M
"with_angle" in: sky130hd.lydrc:884
    Edge pairs: 0 (flat)  0 (hierarchical)
    Elapsed: 0.000s  Memory: 608.00M
"output" in: sky130hd.lydrc:884
    Edge pairs: 0 (flat)  0 (hierarchical)
    Elapsed: 0.010s  Memory: 608.00M
"ongrid" in: sky130hd.lydrc:885
    Edge pairs: 0 (flat)  0 (hierarchical)
    Elapsed: 0.000s  Memory: 608.00M
"output" in: sky130hd.lydrc:885
    Edge pairs: 0 (flat)  0 (hierarchical)
    Elapsed: 0.000s  Memory: 608.00M
"with_angle" in: sky130hd.lydrc:886
    Edge pairs: 0 (flat)  0 (hierarchical)
    Elapsed: 0.000s  Memory: 608.00M
"output" in: sky130hd.lydrc:886
    Edge pairs: 0 (flat)  0 (hierarchical)
    Elapsed: 0.000s  Memory: 608.00M
"ongrid" in: sky130hd.lydrc:887
    Edge pairs: 0 (flat)  0 (hierarchical)
    Elapsed: 0.010s  Memory: 608.00M
"output" in: sky130hd.lydrc:887
    Edge pairs: 0 (flat)  0 (hierarchical)
    Elapsed: 0.000s  Memory: 608.00M
"with_angle" in: sky130hd.lydrc:888
    Edge pairs: 0 (flat)  0 (hierarchical)
    Elapsed: 0.010s  Memory: 608.00M
"output" in: sky130hd.lydrc:888
    Edge pairs: 0 (flat)  0 (hierarchical)
    Elapsed: 0.010s  Memory: 608.00M
"ongrid" in: sky130hd.lydrc:889
    Edge pairs: 0 (flat)  0 (hierarchical)
    Elapsed: 0.010s  Memory: 608.00M
"output" in: sky130hd.lydrc:889
    Edge pairs: 0 (flat)  0 (hierarchical)
    Elapsed: 0.000s  Memory: 608.00M
"with_angle" in: sky130hd.lydrc:890
    Edge pairs: 0 (flat)  0 (hierarchical)
    Elapsed: 0.010s  Memory: 608.00M
"output" in: sky130hd.lydrc:890
    Edge pairs: 0 (flat)  0 (hierarchical)
    Elapsed: 0.050s  Memory: 608.00M
"ongrid" in: sky130hd.lydrc:891
    Edge pairs: 0 (flat)  0 (hierarchical)
    Elapsed: 0.000s  Memory: 608.00M
"output" in: sky130hd.lydrc:891
    Edge pairs: 0 (flat)  0 (hierarchical)
    Elapsed: 0.000s  Memory: 608.00M
"with_angle" in: sky130hd.lydrc:892
    Edge pairs: 0 (flat)  0 (hierarchical)
    Elapsed: 0.000s  Memory: 608.00M
"output" in: sky130hd.lydrc:892
    Edge pairs: 0 (flat)  0 (hierarchical)
    Elapsed: 0.010s  Memory: 608.00M
"ongrid" in: sky130hd.lydrc:893
    Edge pairs: 0 (flat)  0 (hierarchical)
    Elapsed: 0.000s  Memory: 608.00M
"output" in: sky130hd.lydrc:893
    Edge pairs: 0 (flat)  0 (hierarchical)
    Elapsed: 0.000s  Memory: 608.00M
"with_angle" in: sky130hd.lydrc:894
    Edge pairs: 0 (flat)  0 (hierarchical)
    Elapsed: 0.010s  Memory: 608.00M
"output" in: sky130hd.lydrc:894
    Edge pairs: 0 (flat)  0 (hierarchical)
    Elapsed: 0.000s  Memory: 608.00M
"ongrid" in: sky130hd.lydrc:895
    Edge pairs: 0 (flat)  0 (hierarchical)
    Elapsed: 0.000s  Memory: 608.00M
"output" in: sky130hd.lydrc:895
    Edge pairs: 0 (flat)  0 (hierarchical)
    Elapsed: 0.000s  Memory: 608.00M
"with_angle" in: sky130hd.lydrc:896
    Edge pairs: 0 (flat)  0 (hierarchical)
    Elapsed: 0.010s  Memory: 608.00M
"output" in: sky130hd.lydrc:896
    Edge pairs: 0 (flat)  0 (hierarchical)
    Elapsed: 0.000s  Memory: 608.00M
"ongrid" in: sky130hd.lydrc:897
    Edge pairs: 0 (flat)  0 (hierarchical)
    Elapsed: 0.000s  Memory: 608.00M
"output" in: sky130hd.lydrc:897
    Edge pairs: 0 (flat)  0 (hierarchical)
    Elapsed: 0.000s  Memory: 608.00M
"with_angle" in: sky130hd.lydrc:898
    Edge pairs: 0 (flat)  0 (hierarchical)
    Elapsed: 0.010s  Memory: 608.00M
"output" in: sky130hd.lydrc:898
    Edge pairs: 0 (flat)  0 (hierarchical)
    Elapsed: 0.000s  Memory: 608.00M
"ongrid" in: sky130hd.lydrc:899
    Edge pairs: 0 (flat)  0 (hierarchical)
    Elapsed: 0.000s  Memory: 608.00M
"output" in: sky130hd.lydrc:899
    Edge pairs: 0 (flat)  0 (hierarchical)
    Elapsed: 0.010s  Memory: 608.00M
Writing report database: /work/campaigns/iscas_sustainability_extension/memory_compiler/gate3_attempt06_replacement_sram_backend_qualification/raw/physical/drc/sram22_256x8m8w1.lyrdb ..
Total elapsed: 64.090s  Memory: 608.00M
