"input" in: sky130hd.lydrc:71
    Polygons (raw): 99991 (flat)  33044 (hierarchical)
    Elapsed: 0.100s  Memory: 453.00M
"polygons" in: sky130hd.lydrc:72
    Polygons (raw): 16190 (flat)  382 (hierarchical)
    Elapsed: 0.020s  Memory: 453.00M
"polygons" in: sky130hd.lydrc:73
    Polygons (raw): 45385 (flat)  1353 (hierarchical)
    Elapsed: 0.020s  Memory: 453.00M
"polygons" in: sky130hd.lydrc:74
    Polygons (raw): 27714 (flat)  21 (hierarchical)
    Elapsed: 0.020s  Memory: 454.00M
"polygons" in: sky130hd.lydrc:75
    Polygons (raw): 0 (flat)  0 (hierarchical)
    Elapsed: 0.010s  Memory: 454.00M
"polygons" in: sky130hd.lydrc:76
    Polygons (raw): 0 (flat)  0 (hierarchical)
    Elapsed: 0.000s  Memory: 454.00M
"polygons" in: sky130hd.lydrc:77
    Polygons (raw): 0 (flat)  0 (hierarchical)
    Elapsed: 0.000s  Memory: 454.00M
"polygons" in: sky130hd.lydrc:78
    Polygons (raw): 0 (flat)  0 (hierarchical)
    Elapsed: 0.000s  Memory: 454.00M
"polygons" in: sky130hd.lydrc:79
    Polygons (raw): 21652 (flat)  10 (hierarchical)
    Elapsed: 0.020s  Memory: 454.00M
"polygons" in: sky130hd.lydrc:80
    Polygons (raw): 0 (flat)  0 (hierarchical)
    Elapsed: 0.000s  Memory: 454.00M
"polygons" in: sky130hd.lydrc:81
    Polygons (raw): 0 (flat)  0 (hierarchical)
    Elapsed: 0.000s  Memory: 454.00M
"polygons" in: sky130hd.lydrc:82
    Polygons (raw): 0 (flat)  0 (hierarchical)
    Elapsed: 0.000s  Memory: 454.00M
"polygons" in: sky130hd.lydrc:83
    Polygons (raw): 256 (flat)  12 (hierarchical)
    Elapsed: 0.020s  Memory: 454.00M
"polygons" in: sky130hd.lydrc:84
    Polygons (raw): 221764 (flat)  32659 (hierarchical)
    Elapsed: 0.050s  Memory: 455.00M
"polygons" in: sky130hd.lydrc:85
    Polygons (raw): 0 (flat)  0 (hierarchical)
    Elapsed: 0.000s  Memory: 455.00M
"polygons" in: sky130hd.lydrc:86
    Polygons (raw): 47244 (flat)  947 (hierarchical)
    Elapsed: 0.030s  Memory: 455.00M
"polygons" in: sky130hd.lydrc:87
    Polygons (raw): 34708 (flat)  951 (hierarchical)
    Elapsed: 0.060s  Memory: 455.00M
"polygons" in: sky130hd.lydrc:88
    Polygons (raw): 0 (flat)  0 (hierarchical)
    Elapsed: 0.000s  Memory: 455.00M
"polygons" in: sky130hd.lydrc:89
    Polygons (raw): 0 (flat)  0 (hierarchical)
    Elapsed: 0.000s  Memory: 455.00M
"polygons" in: sky130hd.lydrc:90
    Polygons (raw): 29540 (flat)  1110 (hierarchical)
    Elapsed: 0.030s  Memory: 455.00M
"polygons" in: sky130hd.lydrc:91
    Polygons (raw): 484908 (flat)  160539 (hierarchical)
    Elapsed: 0.180s  Memory: 458.00M
"polygons" in: sky130hd.lydrc:93
    Polygons (raw): 350830 (flat)  71005 (hierarchical)
    Elapsed: 0.090s  Memory: 459.00M
"polygons" in: sky130hd.lydrc:94
    Polygons (raw): 300800 (flat)  93563 (hierarchical)
    Elapsed: 0.100s  Memory: 462.00M
"polygons" in: sky130hd.lydrc:96
    Polygons (raw): 502619 (flat)  61968 (hierarchical)
    Elapsed: 0.160s  Memory: 464.00M
"polygons" in: sky130hd.lydrc:97
    Polygons (raw): 171398 (flat)  50088 (hierarchical)
    Elapsed: 0.090s  Memory: 467.00M
"polygons" in: sky130hd.lydrc:99
    Polygons (raw): 192460 (flat)  25802 (hierarchical)
    Elapsed: 0.080s  Memory: 469.00M
"polygons" in: sky130hd.lydrc:100
    Polygons (raw): 0 (flat)  0 (hierarchical)
    Elapsed: 0.000s  Memory: 470.00M
"polygons" in: sky130hd.lydrc:102
    Polygons (raw): 0 (flat)  0 (hierarchical)
    Elapsed: 0.000s  Memory: 470.00M
"polygons" in: sky130hd.lydrc:103
    Polygons (raw): 0 (flat)  0 (hierarchical)
    Elapsed: 0.000s  Memory: 470.00M
"polygons" in: sky130hd.lydrc:105
    Polygons (raw): 0 (flat)  0 (hierarchical)
    Elapsed: 0.000s  Memory: 470.00M
"polygons" in: sky130hd.lydrc:106
    Polygons (raw): 0 (flat)  0 (hierarchical)
    Elapsed: 0.000s  Memory: 470.00M
"polygons" in: sky130hd.lydrc:108
    Polygons (raw): 0 (flat)  0 (hierarchical)
    Elapsed: 0.000s  Memory: 470.00M
"polygons" in: sky130hd.lydrc:110
    Polygons (raw): 0 (flat)  0 (hierarchical)
    Elapsed: 0.000s  Memory: 470.00M
"polygons" in: sky130hd.lydrc:111
    Polygons (raw): 0 (flat)  0 (hierarchical)
    Elapsed: 0.010s  Memory: 470.00M
"polygons" in: sky130hd.lydrc:112
    Polygons (raw): 0 (flat)  0 (hierarchical)
    Elapsed: 0.000s  Memory: 470.00M
"polygons" in: sky130hd.lydrc:113
    Polygons (raw): 0 (flat)  0 (hierarchical)
    Elapsed: 0.000s  Memory: 471.00M
"polygons" in: sky130hd.lydrc:114
    Polygons (raw): 0 (flat)  0 (hierarchical)
    Elapsed: 0.000s  Memory: 471.00M
"polygons" in: sky130hd.lydrc:115
    Polygons (raw): 0 (flat)  0 (hierarchical)
    Elapsed: 0.000s  Memory: 471.00M
"polygons" in: sky130hd.lydrc:116
    Polygons (raw): 0 (flat)  0 (hierarchical)
    Elapsed: 0.000s  Memory: 471.00M
"polygons" in: sky130hd.lydrc:117
    Polygons (raw): 0 (flat)  0 (hierarchical)
    Elapsed: 0.000s  Memory: 471.00M
"polygons" in: sky130hd.lydrc:118
    Polygons (raw): 0 (flat)  0 (hierarchical)
    Elapsed: 0.010s  Memory: 471.00M
"polygons" in: sky130hd.lydrc:119
    Polygons (raw): 0 (flat)  0 (hierarchical)
    Elapsed: 0.000s  Memory: 471.00M
"polygons" in: sky130hd.lydrc:120
    Polygons (raw): 0 (flat)  0 (hierarchical)
    Elapsed: 0.040s  Memory: 471.00M
"polygons" in: sky130hd.lydrc:121
    Polygons (raw): 22444 (flat)  16 (hierarchical)
    Elapsed: 0.020s  Memory: 471.00M
"polygons" in: sky130hd.lydrc:122
    Polygons (raw): 0 (flat)  0 (hierarchical)
    Elapsed: 0.000s  Memory: 471.00M
"polygons" in: sky130hd.lydrc:123
    Polygons (raw): 0 (flat)  0 (hierarchical)
    Elapsed: 0.000s  Memory: 471.00M
"polygons" in: sky130hd.lydrc:124
    Polygons (raw): 0 (flat)  0 (hierarchical)
    Elapsed: 0.000s  Memory: 471.00M
"polygons" in: sky130hd.lydrc:125
    Polygons (raw): 27713 (flat)  20 (hierarchical)
    Elapsed: 0.030s  Memory: 471.00M
"polygons" in: sky130hd.lydrc:126
    Polygons (raw): 0 (flat)  0 (hierarchical)
    Elapsed: 0.000s  Memory: 471.00M
"polygons" in: sky130hd.lydrc:127
    Polygons (raw): 246 (flat)  14 (hierarchical)
    Elapsed: 0.020s  Memory: 471.00M
"polygons" in: sky130hd.lydrc:128
    Polygons (raw): 0 (flat)  0 (hierarchical)
    Elapsed: 0.000s  Memory: 471.00M
"polygons" in: sky130hd.lydrc:129
    Polygons (raw): 0 (flat)  0 (hierarchical)
    Elapsed: 0.010s  Memory: 471.00M
"polygons" in: sky130hd.lydrc:130
    Polygons (raw): 0 (flat)  0 (hierarchical)
    Elapsed: 0.000s  Memory: 471.00M
"polygons" in: sky130hd.lydrc:131
    Polygons (raw): 0 (flat)  0 (hierarchical)
    Elapsed: 0.000s  Memory: 471.00M
"polygons" in: sky130hd.lydrc:132
    Polygons (raw): 0 (flat)  0 (hierarchical)
    Elapsed: 0.000s  Memory: 471.00M
"polygons" in: sky130hd.lydrc:133
    Polygons (raw): 0 (flat)  0 (hierarchical)
    Elapsed: 0.000s  Memory: 471.00M
"polygons" in: sky130hd.lydrc:134
    Polygons (raw): 0 (flat)  0 (hierarchical)
    Elapsed: 0.000s  Memory: 471.00M
"polygons" in: sky130hd.lydrc:135
    Polygons (raw): 0 (flat)  0 (hierarchical)
    Elapsed: 0.000s  Memory: 471.00M
"polygons" in: sky130hd.lydrc:136
    Polygons (raw): 0 (flat)  0 (hierarchical)
    Elapsed: 0.000s  Memory: 471.00M
"polygons" in: sky130hd.lydrc:137
    Polygons (raw): 0 (flat)  0 (hierarchical)
    Elapsed: 0.000s  Memory: 471.00M
"polygons" in: sky130hd.lydrc:138
    Polygons (raw): 0 (flat)  0 (hierarchical)
    Elapsed: 0.000s  Memory: 471.00M
"polygons" in: sky130hd.lydrc:139
    Polygons (raw): 0 (flat)  0 (hierarchical)
    Elapsed: 0.000s  Memory: 471.00M
"polygons" in: sky130hd.lydrc:140
    Polygons (raw): 0 (flat)  0 (hierarchical)
    Elapsed: 0.000s  Memory: 471.00M
"polygons" in: sky130hd.lydrc:141
    Polygons (raw): 0 (flat)  0 (hierarchical)
    Elapsed: 0.000s  Memory: 471.00M
"polygons" in: sky130hd.lydrc:142
    Polygons (raw): 0 (flat)  0 (hierarchical)
    Elapsed: 0.010s  Memory: 471.00M
"polygons" in: sky130hd.lydrc:143
    Polygons (raw): 0 (flat)  0 (hierarchical)
    Elapsed: 0.000s  Memory: 471.00M
"polygons" in: sky130hd.lydrc:144
    Polygons (raw): 0 (flat)  0 (hierarchical)
    Elapsed: 0.000s  Memory: 472.00M
"polygons" in: sky130hd.lydrc:145
    Polygons (raw): 0 (flat)  0 (hierarchical)
    Elapsed: 0.000s  Memory: 472.00M
"polygons" in: sky130hd.lydrc:146
    Polygons (raw): 0 (flat)  0 (hierarchical)
    Elapsed: 0.000s  Memory: 472.00M
"polygons" in: sky130hd.lydrc:147
    Polygons (raw): 0 (flat)  0 (hierarchical)
    Elapsed: 0.000s  Memory: 472.00M
"polygons" in: sky130hd.lydrc:148
    Polygons (raw): 0 (flat)  0 (hierarchical)
    Elapsed: 0.000s  Memory: 472.00M
"polygons" in: sky130hd.lydrc:149
    Polygons (raw): 0 (flat)  0 (hierarchical)
    Elapsed: 0.000s  Memory: 472.00M
"polygons" in: sky130hd.lydrc:150
    Polygons (raw): 0 (flat)  0 (hierarchical)
    Elapsed: 0.000s  Memory: 472.00M
"polygons" in: sky130hd.lydrc:151
    Polygons (raw): 0 (flat)  0 (hierarchical)
    Elapsed: 0.010s  Memory: 472.00M
"polygons" in: sky130hd.lydrc:152
    Polygons (raw): 0 (flat)  0 (hierarchical)
    Elapsed: 0.000s  Memory: 472.00M
"polygons" in: sky130hd.lydrc:153
    Polygons (raw): 0 (flat)  0 (hierarchical)
    Elapsed: 0.010s  Memory: 472.00M
"polygons" in: sky130hd.lydrc:154
    Polygons (raw): 0 (flat)  0 (hierarchical)
    Elapsed: 0.000s  Memory: 472.00M
"polygons" in: sky130hd.lydrc:155
    Polygons (raw): 0 (flat)  0 (hierarchical)
    Elapsed: 0.000s  Memory: 472.00M
"polygons" in: sky130hd.lydrc:156
    Polygons (raw): 0 (flat)  0 (hierarchical)
    Elapsed: 0.000s  Memory: 473.00M
"polygons" in: sky130hd.lydrc:157
    Polygons (raw): 0 (flat)  0 (hierarchical)
    Elapsed: 0.000s  Memory: 473.00M
"polygons" in: sky130hd.lydrc:158
    Polygons (raw): 0 (flat)  0 (hierarchical)
    Elapsed: 0.000s  Memory: 473.00M
"polygons" in: sky130hd.lydrc:159
    Polygons (raw): 0 (flat)  0 (hierarchical)
    Elapsed: 0.000s  Memory: 473.00M
"polygons" in: sky130hd.lydrc:160
    Polygons (raw): 0 (flat)  0 (hierarchical)
    Elapsed: 0.000s  Memory: 473.00M
"polygons" in: sky130hd.lydrc:161
    Polygons (raw): 0 (flat)  0 (hierarchical)
    Elapsed: 0.000s  Memory: 473.00M
"polygons" in: sky130hd.lydrc:162
    Polygons (raw): 0 (flat)  0 (hierarchical)
    Elapsed: 0.000s  Memory: 473.00M
DRC section
BEOL section
"polygons" in: sky130hd.lydrc:427
    Polygons (raw): 350830 (flat)  71005 (hierarchical)
    Elapsed: 0.090s  Memory: 475.00M
"width" in: sky130hd.lydrc:428
    Edge pairs: 373418 (flat)  29236 (hierarchical)
    Elapsed: 1.640s  Memory: 494.00M
"output" in: sky130hd.lydrc:428
    Edge pairs: 373418 (flat)  29236 (hierarchical)
    Elapsed: 0.060s  Memory: 494.00M
"-" in: sky130hd.lydrc:430
    Polygons (raw): 0 (flat)  0 (hierarchical)
    Elapsed: 0.060s  Memory: 495.00M
"width" in: sky130hd.lydrc:431
    Edge pairs: 0 (flat)  0 (hierarchical)
    Elapsed: 0.010s  Memory: 495.00M
"output" in: sky130hd.lydrc:431
    Edge pairs: 0 (flat)  0 (hierarchical)
    Elapsed: 0.000s  Memory: 495.00M
"space" in: sky130hd.lydrc:435
    Edge pairs: 793004 (flat)  425 (hierarchical)
    Elapsed: 2.240s  Memory: 521.00M
"output" in: sky130hd.lydrc:435
    Edge pairs: 793004 (flat)  425 (hierarchical)
    Elapsed: 0.070s  Memory: 521.00M
"space" in: sky130hd.lydrc:436
    Edge pairs: 0 (flat)  0 (hierarchical)
    Elapsed: 0.000s  Memory: 521.00M
"output" in: sky130hd.lydrc:436
    Edge pairs: 0 (flat)  0 (hierarchical)
    Elapsed: 0.000s  Memory: 521.00M
"enclosing" in: sky130hd.lydrc:437
    Edge pairs: 708337 (flat)  197158 (hierarchical)
    Elapsed: 16.260s  Memory: 568.00M
"polygons" in: sky130hd.lydrc:437
    Polygons (raw): 370608 (flat)  20607 (hierarchical)
    Elapsed: 0.080s  Memory: 568.00M
"interacting" in: sky130hd.lydrc:437
    Polygons (raw): 135460 (flat)  9215 (hierarchical)
    Elapsed: 2.110s  Memory: 603.00M
"enclosing" in: sky130hd.lydrc:438
    Edge pairs: 663183 (flat)  191733 (hierarchical)
    Elapsed: 14.970s  Memory: 667.00M
"second_edges" in: sky130hd.lydrc:438
    Edges: 663183 (flat)  191733 (hierarchical)
    Elapsed: 0.050s  Memory: 667.00M
"edges" in: sky130hd.lydrc:439
    Edges: 1756656 (flat)  677892 (hierarchical)
    Elapsed: 0.100s  Memory: 679.00M
"-" in: sky130hd.lydrc:439
    Edges: 1430908 (flat)  511699 (hierarchical)
    Elapsed: 2.330s  Memory: 737.00M
"width" in: sky130hd.lydrc:439
    Edge pairs: 692587 (flat)  245391 (hierarchical)
    Elapsed: 7.450s  Memory: 823.00M
"polygons" in: sky130hd.lydrc:439
    Polygons (raw): 692587 (flat)  245391 (hierarchical)
    Elapsed: 0.180s  Memory: 823.00M
"not_interacting" in: sky130hd.lydrc:440
    Polygons (raw): 17056 (flat)  4 (hierarchical)
    Elapsed: 0.210s  Memory: 718.00M
"output" in: sky130hd.lydrc:440
    Polygons (raw): 17056 (flat)  4 (hierarchical)
    Elapsed: 0.020s  Memory: 718.00M
"with_area" in: sky130hd.lydrc:441
    Polygons (raw): 0 (flat)  0 (hierarchical)
    Elapsed: 0.130s  Memory: 718.00M
"output" in: sky130hd.lydrc:441
    Polygons (raw): 0 (flat)  0 (hierarchical)
    Elapsed: 0.000s  Memory: 718.00M
"edges" in: sky130hd.lydrc:444
    Edges: 1056780 (flat)  373998 (hierarchical)
    Elapsed: 1.080s  Memory: 729.00M
"without_length" in: sky130hd.lydrc:444
    Edges: 0 (flat)  0 (hierarchical)
    Elapsed: 2.860s  Memory: 729.00M
"output" in: sky130hd.lydrc:444
    Edges: 0 (flat)  0 (hierarchical)
    Elapsed: 0.080s  Memory: 729.00M
"space" in: sky130hd.lydrc:445
    Edge pairs: 0 (flat)  0 (hierarchical)
    Elapsed: 0.500s  Memory: 733.00M
"output" in: sky130hd.lydrc:445
    Edge pairs: 0 (flat)  0 (hierarchical)
    Elapsed: 0.000s  Memory: 733.00M
"-" in: sky130hd.lydrc:447
    Polygons (raw): 0 (flat)  0 (hierarchical)
    Elapsed: 0.960s  Memory: 745.00M
"output" in: sky130hd.lydrc:447
    Polygons (raw): 0 (flat)  0 (hierarchical)
    Elapsed: 0.030s  Memory: 745.00M
"width" in: sky130hd.lydrc:454
    Edge pairs: 0 (flat)  0 (hierarchical)
    Elapsed: 3.990s  Memory: 745.00M
"output" in: sky130hd.lydrc:454
    Edge pairs: 0 (flat)  0 (hierarchical)
    Elapsed: 0.030s  Memory: 745.00M
"sized" in: sky130hd.lydrc:456
    Polygons (raw): 0 (flat)  0 (hierarchical)
    Elapsed: 2.620s  Memory: 745.00M
"sized" in: sky130hd.lydrc:456
    Polygons (raw): 0 (flat)  0 (hierarchical)
    Elapsed: 0.030s  Memory: 745.00M
"-" in: sky130hd.lydrc:457
    Polygons (raw): 502619 (flat)  61968 (hierarchical)
    Elapsed: 0.060s  Memory: 745.00M
"space" in: sky130hd.lydrc:459
    Edge pairs: 0 (flat)  0 (hierarchical)
    Elapsed: 6.520s  Memory: 771.00M
"output" in: sky130hd.lydrc:459
    Edge pairs: 0 (flat)  0 (hierarchical)
    Elapsed: 0.030s  Memory: 771.00M
"separation" in: sky130hd.lydrc:461
    Edge pairs: 0 (flat)  0 (hierarchical)
    Elapsed: 0.000s  Memory: 771.00M
"space" in: sky130hd.lydrc:461
    Edge pairs: 0 (flat)  0 (hierarchical)
    Elapsed: 0.010s  Memory: 771.00M
"+" in: sky130hd.lydrc:461
    Edge pairs: 0 (flat)  0 (hierarchical)
    Elapsed: 0.020s  Memory: 771.00M
"output" in: sky130hd.lydrc:461
    Edge pairs: 0 (flat)  0 (hierarchical)
    Elapsed: 0.000s  Memory: 771.00M
"input" in: sky130hd.lydrc:464
    Polygons (raw): 502619 (flat)  61968 (hierarchical)
    Elapsed: 0.200s  Memory: 771.00M
"enclosing" in: sky130hd.lydrc:465
    Edge pairs: 504 (flat)  504 (hierarchical)
    Elapsed: 10.260s  Memory: 798.00M
"output" in: sky130hd.lydrc:465
    Edge pairs: 504 (flat)  504 (hierarchical)
    Elapsed: 0.050s  Memory: 798.00M
"input" in: sky130hd.lydrc:467
    Polygons (raw): 502619 (flat)  61968 (hierarchical)
    Elapsed: 0.120s  Memory: 798.00M
"enclosing" in: sky130hd.lydrc:468
    Edge pairs: 0 (flat)  0 (hierarchical)
    Elapsed: 9.960s  Memory: 798.00M
"output" in: sky130hd.lydrc:468
    Edge pairs: 0 (flat)  0 (hierarchical)
    Elapsed: 0.080s  Memory: 798.00M
"with_area" in: sky130hd.lydrc:469
    Polygons (raw): 0 (flat)  0 (hierarchical)
    Elapsed: 0.060s  Memory: 798.00M
"output" in: sky130hd.lydrc:469
    Polygons (raw): 0 (flat)  0 (hierarchical)
    Elapsed: 0.000s  Memory: 798.00M
"holes" in: sky130hd.lydrc:470
    Polygons (raw): 77 (flat)  77 (hierarchical)
    Elapsed: 0.020s  Memory: 798.00M
"with_area" in: sky130hd.lydrc:470
    Polygons (raw): 0 (flat)  0 (hierarchical)
    Elapsed: 0.180s  Memory: 798.00M
"output" in: sky130hd.lydrc:470
    Polygons (raw): 0 (flat)  0 (hierarchical)
    Elapsed: 0.000s  Memory: 798.00M
"enclosing" in: sky130hd.lydrc:472
    Edge pairs: 72916 (flat)  68425 (hierarchical)
    Elapsed: 11.830s  Memory: 799.00M
"polygons" in: sky130hd.lydrc:472
    Polygons (raw): 40940 (flat)  37795 (hierarchical)
    Elapsed: 0.080s  Memory: 799.00M
"interacting" in: sky130hd.lydrc:472
    Polygons (raw): 0 (flat)  0 (hierarchical)
    Elapsed: 1.930s  Memory: 799.00M
"enclosing" in: sky130hd.lydrc:473
    Edge pairs: 297482 (flat)  254314 (hierarchical)
    Elapsed: 10.810s  Memory: 803.00M
"second_edges" in: sky130hd.lydrc:473
    Edges: 297482 (flat)  254314 (hierarchical)
    Elapsed: 0.070s  Memory: 803.00M
"edges" in: sky130hd.lydrc:474
    Edges: 891860 (flat)  427708 (hierarchical)
    Elapsed: 0.080s  Memory: 803.00M
"-" in: sky130hd.lydrc:474
    Edges: 616747 (flat)  330419 (hierarchical)
    Elapsed: 7.100s  Memory: 850.00M
"width" in: sky130hd.lydrc:474
    Edge pairs: 302046 (flat)  161104 (hierarchical)
    Elapsed: 3.610s  Memory: 906.00M
"polygons" in: sky130hd.lydrc:474
    Polygons (raw): 302046 (flat)  161104 (hierarchical)
    Elapsed: 0.170s  Memory: 906.00M
"not_interacting" in: sky130hd.lydrc:475
    Polygons (raw): 0 (flat)  0 (hierarchical)
    Elapsed: 0.010s  Memory: 906.00M
"output" in: sky130hd.lydrc:475
    Polygons (raw): 0 (flat)  0 (hierarchical)
    Elapsed: 0.000s  Memory: 906.00M
"-" in: sky130hd.lydrc:486
    Polygons (raw): 0 (flat)  0 (hierarchical)
    Elapsed: 2.350s  Memory: 851.00M
"output" in: sky130hd.lydrc:486
    Polygons (raw): 0 (flat)  0 (hierarchical)
    Elapsed: 0.140s  Memory: 851.00M
"-" in: sky130hd.lydrc:488
    Polygons (raw): 171398 (flat)  50088 (hierarchical)
    Elapsed: 0.040s  Memory: 851.00M
"edges" in: sky130hd.lydrc:488
    Edges: 622700 (flat)  200231 (hierarchical)
    Elapsed: 1.140s  Memory: 851.00M
"without_length" in: sky130hd.lydrc:488
    Edges: 0 (flat)  0 (hierarchical)
    Elapsed: 1.970s  Memory: 851.00M
"output" in: sky130hd.lydrc:488
    Edges: 0 (flat)  0 (hierarchical)
    Elapsed: 0.150s  Memory: 851.00M
"&" in: sky130hd.lydrc:489
    Polygons (raw): 0 (flat)  0 (hierarchical)
    Elapsed: 0.020s  Memory: 851.00M
"&" in: sky130hd.lydrc:489
    Polygons (raw): 0 (flat)  0 (hierarchical)
    Elapsed: 0.010s  Memory: 851.00M
"edges" in: sky130hd.lydrc:489
    Edges: 0 (flat)  0 (hierarchical)
    Elapsed: 0.010s  Memory: 851.00M
"without_length" in: sky130hd.lydrc:489
    Edges: 0 (flat)  0 (hierarchical)
    Elapsed: 0.120s  Memory: 851.00M
"&" in: sky130hd.lydrc:489
    Polygons (raw): 0 (flat)  0 (hierarchical)
    Elapsed: 0.020s  Memory: 851.00M
"edges" in: sky130hd.lydrc:489
    Edges: 0 (flat)  0 (hierarchical)
    Elapsed: 0.010s  Memory: 851.00M
"without_length" in: sky130hd.lydrc:489
    Edges: 0 (flat)  0 (hierarchical)
    Elapsed: 0.100s  Memory: 851.00M
"or" in: sky130hd.lydrc:489
    Edges: 0 (flat)  0 (hierarchical)
    Elapsed: 0.050s  Memory: 851.00M
"&" in: sky130hd.lydrc:489
    Polygons (raw): 0 (flat)  0 (hierarchical)
    Elapsed: 0.010s  Memory: 851.00M
"edges" in: sky130hd.lydrc:489
    Edges: 0 (flat)  0 (hierarchical)
    Elapsed: 0.010s  Memory: 851.00M
"without_length" in: sky130hd.lydrc:489
    Edges: 0 (flat)  0 (hierarchical)
    Elapsed: 0.100s  Memory: 851.00M
"or" in: sky130hd.lydrc:489
    Edges: 0 (flat)  0 (hierarchical)
    Elapsed: 0.010s  Memory: 851.00M
"not_interacting" in: sky130hd.lydrc:489
    Polygons (raw): 0 (flat)  0 (hierarchical)
    Elapsed: 0.010s  Memory: 851.00M
"output" in: sky130hd.lydrc:489
    Polygons (raw): 0 (flat)  0 (hierarchical)
    Elapsed: 0.000s  Memory: 851.00M
"isolated" in: sky130hd.lydrc:490
    Edge pairs: 0 (flat)  0 (hierarchical)
    Elapsed: 2.180s  Memory: 862.00M
"output" in: sky130hd.lydrc:490
    Edge pairs: 0 (flat)  0 (hierarchical)
    Elapsed: 0.050s  Memory: 862.00M
"edges" in: sky130hd.lydrc:491
    Edges: 559788 (flat)  228840 (hierarchical)
    Elapsed: 0.100s  Memory: 862.00M
"without_length" in: sky130hd.lydrc:491
    Edges: 0 (flat)  0 (hierarchical)
    Elapsed: 0.040s  Memory: 862.00M
"not_interacting" in: sky130hd.lydrc:491
    Polygons (raw): 171398 (flat)  50088 (hierarchical)
    Elapsed: 0.090s  Memory: 862.00M
"enclosing" in: sky130hd.lydrc:491
    Edge pairs: 0 (flat)  0 (hierarchical)
    Elapsed: 7.760s  Memory: 871.00M
"output" in: sky130hd.lydrc:491
    Edge pairs: 0 (flat)  0 (hierarchical)
    Elapsed: 0.180s  Memory: 871.00M
"edges" in: sky130hd.lydrc:492
    Edges: 559788 (flat)  228840 (hierarchical)
    Elapsed: 0.080s  Memory: 871.00M
"without_length" in: sky130hd.lydrc:492
    Edges: 559788 (flat)  228840 (hierarchical)
    Elapsed: 0.100s  Memory: 871.00M
"not_interacting" in: sky130hd.lydrc:492
    Polygons (raw): 0 (flat)  0 (hierarchical)
    Elapsed: 1.480s  Memory: 872.00M
"enclosing" in: sky130hd.lydrc:492
    Edge pairs: 0 (flat)  0 (hierarchical)
    Elapsed: 0.180s  Memory: 872.00M
"output" in: sky130hd.lydrc:492
    Edge pairs: 0 (flat)  0 (hierarchical)
    Elapsed: 0.010s  Memory: 872.00M
"edges" in: sky130hd.lydrc:493
    Edges: 559788 (flat)  228840 (hierarchical)
    Elapsed: 0.090s  Memory: 872.00M
"without_length" in: sky130hd.lydrc:493
    Edges: 0 (flat)  0 (hierarchical)
    Elapsed: 0.050s  Memory: 872.00M
"not_interacting" in: sky130hd.lydrc:493
    Polygons (raw): 171398 (flat)  50088 (hierarchical)
    Elapsed: 0.090s  Memory: 872.00M
"enclosing" in: sky130hd.lydrc:493
    Edge pairs: 142284 (flat)  106484 (hierarchical)
    Elapsed: 9.210s  Memory: 875.00M
"second_edges" in: sky130hd.lydrc:493
    Edges: 142284 (flat)  106484 (hierarchical)
    Elapsed: 0.080s  Memory: 875.00M
"edges" in: sky130hd.lydrc:494
    Edges: 559788 (flat)  228840 (hierarchical)
    Elapsed: 0.100s  Memory: 875.00M
"without_length" in: sky130hd.lydrc:494
    Edges: 0 (flat)  0 (hierarchical)
    Elapsed: 0.040s  Memory: 875.00M
"not_interacting" in: sky130hd.lydrc:494
    Polygons (raw): 171398 (flat)  50088 (hierarchical)
    Elapsed: 0.090s  Memory: 875.00M
"edges" in: sky130hd.lydrc:494
    Edges: 559788 (flat)  228840 (hierarchical)
    Elapsed: 0.290s  Memory: 875.00M
"-" in: sky130hd.lydrc:494
    Edges: 417680 (flat)  166714 (hierarchical)
    Elapsed: 2.940s  Memory: 875.00M
"width" in: sky130hd.lydrc:494
    Edge pairs: 205775 (flat)  80917 (hierarchical)
    Elapsed: 3.000s  Memory: 882.00M
"polygons" in: sky130hd.lydrc:494
    Polygons (raw): 205775 (flat)  80917 (hierarchical)
    Elapsed: 0.150s  Memory: 882.00M
"edges" in: sky130hd.lydrc:495
    Edges: 559788 (flat)  228840 (hierarchical)
    Elapsed: 0.080s  Memory: 882.00M
"without_length" in: sky130hd.lydrc:495
    Edges: 0 (flat)  0 (hierarchical)
    Elapsed: 0.230s  Memory: 882.00M
"not_interacting" in: sky130hd.lydrc:495
    Polygons (raw): 171398 (flat)  50088 (hierarchical)
    Elapsed: 0.080s  Memory: 882.00M
"not_interacting" in: sky130hd.lydrc:495
    Polygons (raw): 0 (flat)  0 (hierarchical)
    Elapsed: 1.160s  Memory: 884.00M
"output" in: sky130hd.lydrc:495
    Polygons (raw): 0 (flat)  0 (hierarchical)
    Elapsed: 0.220s  Memory: 884.00M
"edges" in: sky130hd.lydrc:496
    Edges: 559788 (flat)  228840 (hierarchical)
    Elapsed: 0.080s  Memory: 884.00M
"without_length" in: sky130hd.lydrc:496
    Edges: 559788 (flat)  228840 (hierarchical)
    Elapsed: 0.100s  Memory: 884.00M
"not_interacting" in: sky130hd.lydrc:496
    Polygons (raw): 0 (flat)  0 (hierarchical)
    Elapsed: 1.520s  Memory: 884.00M
"enclosing" in: sky130hd.lydrc:496
    Edge pairs: 0 (flat)  0 (hierarchical)
    Elapsed: 0.200s  Memory: 884.00M
"second_edges" in: sky130hd.lydrc:496
    Edges: 0 (flat)  0 (hierarchical)
    Elapsed: 0.010s  Memory: 884.00M
"edges" in: sky130hd.lydrc:497
    Edges: 559788 (flat)  228840 (hierarchical)
    Elapsed: 0.090s  Memory: 884.00M
"without_length" in: sky130hd.lydrc:497
    Edges: 559788 (flat)  228840 (hierarchical)
    Elapsed: 0.110s  Memory: 884.00M
"not_interacting" in: sky130hd.lydrc:497
    Polygons (raw): 0 (flat)  0 (hierarchical)
    Elapsed: 1.630s  Memory: 902.00M
"edges" in: sky130hd.lydrc:497
    Edges: 0 (flat)  0 (hierarchical)
    Elapsed: 0.200s  Memory: 902.00M
"-" in: sky130hd.lydrc:497
    Edges: 0 (flat)  0 (hierarchical)
    Elapsed: 0.010s  Memory: 902.00M
"width" in: sky130hd.lydrc:497
    Edge pairs: 0 (flat)  0 (hierarchical)
    Elapsed: 0.100s  Memory: 902.00M
"polygons" in: sky130hd.lydrc:497
    Polygons (raw): 0 (flat)  0 (hierarchical)
    Elapsed: 0.000s  Memory: 902.00M
"edges" in: sky130hd.lydrc:498
    Edges: 559788 (flat)  228840 (hierarchical)
    Elapsed: 0.090s  Memory: 902.00M
"without_length" in: sky130hd.lydrc:498
    Edges: 559788 (flat)  228840 (hierarchical)
    Elapsed: 0.130s  Memory: 902.00M
"not_interacting" in: sky130hd.lydrc:498
    Polygons (raw): 0 (flat)  0 (hierarchical)
    Elapsed: 1.380s  Memory: 902.00M
"not_interacting" in: sky130hd.lydrc:498
    Polygons (raw): 0 (flat)  0 (hierarchical)
    Elapsed: 0.200s  Memory: 902.00M
"output" in: sky130hd.lydrc:498
    Polygons (raw): 0 (flat)  0 (hierarchical)
    Elapsed: 0.000s  Memory: 902.00M
"width" in: sky130hd.lydrc:511
    Edge pairs: 0 (flat)  0 (hierarchical)
    Elapsed: 2.490s  Memory: 902.00M
"output" in: sky130hd.lydrc:511
    Edge pairs: 0 (flat)  0 (hierarchical)
    Elapsed: 0.030s  Memory: 902.00M
"sized" in: sky130hd.lydrc:513
    Polygons (raw): 0 (flat)  0 (hierarchical)
    Elapsed: 0.190s  Memory: 902.00M
"sized" in: sky130hd.lydrc:513
    Polygons (raw): 0 (flat)  0 (hierarchical)
    Elapsed: 0.010s  Memory: 902.00M
"-" in: sky130hd.lydrc:514
    Polygons (raw): 192460 (flat)  25802 (hierarchical)
    Elapsed: 0.050s  Memory: 902.00M
"space" in: sky130hd.lydrc:516
    Edge pairs: 0 (flat)  0 (hierarchical)
    Elapsed: 7.630s  Memory: 915.00M
"output" in: sky130hd.lydrc:516
    Edge pairs: 0 (flat)  0 (hierarchical)
    Elapsed: 0.030s  Memory: 915.00M
"separation" in: sky130hd.lydrc:518
    Edge pairs: 0 (flat)  0 (hierarchical)
    Elapsed: 0.010s  Memory: 915.00M
"space" in: sky130hd.lydrc:518
    Edge pairs: 0 (flat)  0 (hierarchical)
    Elapsed: 0.010s  Memory: 915.00M
"+" in: sky130hd.lydrc:518
    Edge pairs: 0 (flat)  0 (hierarchical)
    Elapsed: 0.010s  Memory: 915.00M
"output" in: sky130hd.lydrc:518
    Edge pairs: 0 (flat)  0 (hierarchical)
    Elapsed: 0.000s  Memory: 915.00M
"with_area" in: sky130hd.lydrc:521
    Polygons (raw): 0 (flat)  0 (hierarchical)
    Elapsed: 0.040s  Memory: 915.00M
"output" in: sky130hd.lydrc:521
    Polygons (raw): 0 (flat)  0 (hierarchical)
    Elapsed: 0.010s  Memory: 915.00M
"holes" in: sky130hd.lydrc:522
    Polygons (raw): 44 (flat)  44 (hierarchical)
    Elapsed: 0.020s  Memory: 915.00M
"with_area" in: sky130hd.lydrc:522
    Polygons (raw): 0 (flat)  0 (hierarchical)
    Elapsed: 0.200s  Memory: 915.00M
"output" in: sky130hd.lydrc:522
    Polygons (raw): 0 (flat)  0 (hierarchical)
    Elapsed: 0.150s  Memory: 915.00M
"-" in: sky130hd.lydrc:523
    Polygons (raw): 0 (flat)  0 (hierarchical)
    Elapsed: 3.110s  Memory: 917.00M
"output" in: sky130hd.lydrc:523
    Polygons (raw): 0 (flat)  0 (hierarchical)
    Elapsed: 0.040s  Memory: 917.00M
"enclosing" in: sky130hd.lydrc:525
    Edge pairs: 4290 (flat)  4290 (hierarchical)
    Elapsed: 2.530s  Memory: 917.00M
"output" in: sky130hd.lydrc:525
    Edge pairs: 4290 (flat)  4290 (hierarchical)
    Elapsed: 0.040s  Memory: 917.00M
"enclosing" in: sky130hd.lydrc:526
    Edge pairs: 69489 (flat)  67540 (hierarchical)
    Elapsed: 4.060s  Memory: 917.00M
"second_edges" in: sky130hd.lydrc:526
    Edges: 69489 (flat)  67540 (hierarchical)
    Elapsed: 0.050s  Memory: 917.00M
"edges" in: sky130hd.lydrc:527
    Edges: 559788 (flat)  228840 (hierarchical)
    Elapsed: 0.100s  Memory: 917.00M
"-" in: sky130hd.lydrc:527
    Edges: 490703 (flat)  212720 (hierarchical)
    Elapsed: 2.570s  Memory: 917.00M
"width" in: sky130hd.lydrc:527
    Edge pairs: 241247 (flat)  105889 (hierarchical)
    Elapsed: 4.130s  Memory: 932.00M
"polygons" in: sky130hd.lydrc:527
    Polygons (raw): 241247 (flat)  105889 (hierarchical)
    Elapsed: 0.150s  Memory: 932.00M
"not_interacting" in: sky130hd.lydrc:528
    Polygons (raw): 0 (flat)  0 (hierarchical)
    Elapsed: 1.070s  Memory: 932.00M
"output" in: sky130hd.lydrc:528
    Polygons (raw): 0 (flat)  0 (hierarchical)
    Elapsed: 0.210s  Memory: 932.00M
"-" in: sky130hd.lydrc:539
    Polygons (raw): 0 (flat)  0 (hierarchical)
    Elapsed: 0.020s  Memory: 932.00M
"output" in: sky130hd.lydrc:539
    Polygons (raw): 0 (flat)  0 (hierarchical)
    Elapsed: 0.000s  Memory: 932.00M
"-" in: sky130hd.lydrc:541
    Polygons (raw): 0 (flat)  0 (hierarchical)
    Elapsed: 0.020s  Memory: 932.00M
"edges" in: sky130hd.lydrc:541
    Edges: 0 (flat)  0 (hierarchical)
    Elapsed: 0.010s  Memory: 932.00M
"without_length" in: sky130hd.lydrc:541
    Edges: 0 (flat)  0 (hierarchical)
    Elapsed: 0.100s  Memory: 932.00M
"output" in: sky130hd.lydrc:541
    Edges: 0 (flat)  0 (hierarchical)
    Elapsed: 0.000s  Memory: 932.00M
"&" in: sky130hd.lydrc:542
    Polygons (raw): 0 (flat)  0 (hierarchical)
    Elapsed: 0.020s  Memory: 932.00M
"&" in: sky130hd.lydrc:542
    Polygons (raw): 0 (flat)  0 (hierarchical)
    Elapsed: 0.020s  Memory: 932.00M
"edges" in: sky130hd.lydrc:542
    Edges: 0 (flat)  0 (hierarchical)
    Elapsed: 0.010s  Memory: 932.00M
"without_length" in: sky130hd.lydrc:542
    Edges: 0 (flat)  0 (hierarchical)
    Elapsed: 0.120s  Memory: 932.00M
"&" in: sky130hd.lydrc:542
    Polygons (raw): 0 (flat)  0 (hierarchical)
    Elapsed: 0.060s  Memory: 932.00M
"edges" in: sky130hd.lydrc:542
    Edges: 0 (flat)  0 (hierarchical)
    Elapsed: 0.010s  Memory: 932.00M
"without_length" in: sky130hd.lydrc:542
    Edges: 0 (flat)  0 (hierarchical)
    Elapsed: 0.100s  Memory: 932.00M
"or" in: sky130hd.lydrc:542
    Edges: 0 (flat)  0 (hierarchical)
    Elapsed: 0.020s  Memory: 932.00M
"&" in: sky130hd.lydrc:542
    Polygons (raw): 0 (flat)  0 (hierarchical)
    Elapsed: 0.010s  Memory: 932.00M
"edges" in: sky130hd.lydrc:542
    Edges: 0 (flat)  0 (hierarchical)
    Elapsed: 0.010s  Memory: 932.00M
"without_length" in: sky130hd.lydrc:542
    Edges: 0 (flat)  0 (hierarchical)
    Elapsed: 0.110s  Memory: 932.00M
"or" in: sky130hd.lydrc:542
    Edges: 0 (flat)  0 (hierarchical)
    Elapsed: 0.010s  Memory: 932.00M
"not_interacting" in: sky130hd.lydrc:542
    Polygons (raw): 0 (flat)  0 (hierarchical)
    Elapsed: 0.020s  Memory: 932.00M
"output" in: sky130hd.lydrc:542
    Polygons (raw): 0 (flat)  0 (hierarchical)
    Elapsed: 0.000s  Memory: 932.00M
"isolated" in: sky130hd.lydrc:543
    Edge pairs: 0 (flat)  0 (hierarchical)
    Elapsed: 0.010s  Memory: 932.00M
"output" in: sky130hd.lydrc:543
    Edge pairs: 0 (flat)  0 (hierarchical)
    Elapsed: 0.010s  Memory: 932.00M
"enclosing" in: sky130hd.lydrc:544
    Edge pairs: 0 (flat)  0 (hierarchical)
    Elapsed: 0.060s  Memory: 932.00M
"output" in: sky130hd.lydrc:544
    Edge pairs: 0 (flat)  0 (hierarchical)
    Elapsed: 0.000s  Memory: 932.00M
"edges" in: sky130hd.lydrc:545
    Edges: 0 (flat)  0 (hierarchical)
    Elapsed: 0.010s  Memory: 932.00M
"without_length" in: sky130hd.lydrc:545
    Edges: 0 (flat)  0 (hierarchical)
    Elapsed: 0.100s  Memory: 932.00M
"not_interacting" in: sky130hd.lydrc:545
    Polygons (raw): 0 (flat)  0 (hierarchical)
    Elapsed: 0.010s  Memory: 932.00M
"enclosing" in: sky130hd.lydrc:545
    Edge pairs: 0 (flat)  0 (hierarchical)
    Elapsed: 0.010s  Memory: 932.00M
"output" in: sky130hd.lydrc:545
    Edge pairs: 0 (flat)  0 (hierarchical)
    Elapsed: 0.010s  Memory: 932.00M
"enclosing" in: sky130hd.lydrc:546
    Edge pairs: 0 (flat)  0 (hierarchical)
    Elapsed: 0.010s  Memory: 932.00M
"second_edges" in: sky130hd.lydrc:546
    Edges: 0 (flat)  0 (hierarchical)
    Elapsed: 0.010s  Memory: 932.00M
"edges" in: sky130hd.lydrc:547
    Edges: 0 (flat)  0 (hierarchical)
    Elapsed: 0.010s  Memory: 932.00M
"-" in: sky130hd.lydrc:547
    Edges: 0 (flat)  0 (hierarchical)
    Elapsed: 0.020s  Memory: 932.00M
"width" in: sky130hd.lydrc:547
    Edge pairs: 0 (flat)  0 (hierarchical)
    Elapsed: 0.110s  Memory: 932.00M
"polygons" in: sky130hd.lydrc:547
    Polygons (raw): 0 (flat)  0 (hierarchical)
    Elapsed: 0.060s  Memory: 932.00M
"not_interacting" in: sky130hd.lydrc:548
    Polygons (raw): 0 (flat)  0 (hierarchical)
    Elapsed: 0.010s  Memory: 932.00M
"output" in: sky130hd.lydrc:548
    Polygons (raw): 0 (flat)  0 (hierarchical)
    Elapsed: 0.000s  Memory: 932.00M
"width" in: sky130hd.lydrc:559
    Edge pairs: 0 (flat)  0 (hierarchical)
    Elapsed: 0.010s  Memory: 932.00M
"output" in: sky130hd.lydrc:559
    Edge pairs: 0 (flat)  0 (hierarchical)
    Elapsed: 0.000s  Memory: 932.00M
"sized" in: sky130hd.lydrc:561
    Polygons (raw): 0 (flat)  0 (hierarchical)
    Elapsed: 0.010s  Memory: 932.00M
"sized" in: sky130hd.lydrc:561
    Polygons (raw): 0 (flat)  0 (hierarchical)
    Elapsed: 0.010s  Memory: 932.00M
"-" in: sky130hd.lydrc:562
    Polygons (raw): 0 (flat)  0 (hierarchical)
    Elapsed: 0.020s  Memory: 932.00M
"space" in: sky130hd.lydrc:564
    Edge pairs: 0 (flat)  0 (hierarchical)
    Elapsed: 0.010s  Memory: 932.00M
"output" in: sky130hd.lydrc:564
    Edge pairs: 0 (flat)  0 (hierarchical)
    Elapsed: 0.010s  Memory: 932.00M
"separation" in: sky130hd.lydrc:566
    Edge pairs: 0 (flat)  0 (hierarchical)
    Elapsed: 0.010s  Memory: 932.00M
"space" in: sky130hd.lydrc:566
    Edge pairs: 0 (flat)  0 (hierarchical)
    Elapsed: 0.010s  Memory: 932.00M
"+" in: sky130hd.lydrc:566
    Edge pairs: 0 (flat)  0 (hierarchical)
    Elapsed: 0.020s  Memory: 932.00M
"output" in: sky130hd.lydrc:566
    Edge pairs: 0 (flat)  0 (hierarchical)
    Elapsed: 0.000s  Memory: 932.00M
"with_area" in: sky130hd.lydrc:569
    Polygons (raw): 0 (flat)  0 (hierarchical)
    Elapsed: 0.010s  Memory: 932.00M
"output" in: sky130hd.lydrc:569
    Polygons (raw): 0 (flat)  0 (hierarchical)
    Elapsed: 0.000s  Memory: 932.00M
"-" in: sky130hd.lydrc:570
    Polygons (raw): 0 (flat)  0 (hierarchical)
    Elapsed: 0.010s  Memory: 932.00M
"output" in: sky130hd.lydrc:570
    Polygons (raw): 0 (flat)  0 (hierarchical)
    Elapsed: 0.010s  Memory: 932.00M
"enclosing" in: sky130hd.lydrc:572
    Edge pairs: 0 (flat)  0 (hierarchical)
    Elapsed: 0.010s  Memory: 932.00M
"output" in: sky130hd.lydrc:572
    Edge pairs: 0 (flat)  0 (hierarchical)
    Elapsed: 0.000s  Memory: 932.00M
"enclosing" in: sky130hd.lydrc:573
    Edge pairs: 0 (flat)  0 (hierarchical)
    Elapsed: 0.010s  Memory: 932.00M
"second_edges" in: sky130hd.lydrc:573
    Edges: 0 (flat)  0 (hierarchical)
    Elapsed: 0.020s  Memory: 932.00M
"-" in: sky130hd.lydrc:588
    Polygons (raw): 0 (flat)  0 (hierarchical)
    Elapsed: 0.020s  Memory: 932.00M
"output" in: sky130hd.lydrc:588
    Polygons (raw): 0 (flat)  0 (hierarchical)
    Elapsed: 0.050s  Memory: 932.00M
"-" in: sky130hd.lydrc:590
    Polygons (raw): 0 (flat)  0 (hierarchical)
    Elapsed: 0.010s  Memory: 932.00M
"edges" in: sky130hd.lydrc:590
    Edges: 0 (flat)  0 (hierarchical)
    Elapsed: 0.010s  Memory: 932.00M
"without_length" in: sky130hd.lydrc:590
    Edges: 0 (flat)  0 (hierarchical)
    Elapsed: 0.100s  Memory: 932.00M
"output" in: sky130hd.lydrc:590
    Edges: 0 (flat)  0 (hierarchical)
    Elapsed: 0.010s  Memory: 932.00M
"&" in: sky130hd.lydrc:591
    Polygons (raw): 0 (flat)  0 (hierarchical)
    Elapsed: 0.010s  Memory: 932.00M
"&" in: sky130hd.lydrc:591
    Polygons (raw): 0 (flat)  0 (hierarchical)
    Elapsed: 0.010s  Memory: 932.00M
"edges" in: sky130hd.lydrc:591
    Edges: 0 (flat)  0 (hierarchical)
    Elapsed: 0.000s  Memory: 932.00M
"without_length" in: sky130hd.lydrc:591
    Edges: 0 (flat)  0 (hierarchical)
    Elapsed: 0.110s  Memory: 932.00M
"&" in: sky130hd.lydrc:591
    Polygons (raw): 0 (flat)  0 (hierarchical)
    Elapsed: 0.020s  Memory: 932.00M
"edges" in: sky130hd.lydrc:591
    Edges: 0 (flat)  0 (hierarchical)
    Elapsed: 0.010s  Memory: 932.00M
"without_length" in: sky130hd.lydrc:591
    Edges: 0 (flat)  0 (hierarchical)
    Elapsed: 0.120s  Memory: 932.00M
"or" in: sky130hd.lydrc:591
    Edges: 0 (flat)  0 (hierarchical)
    Elapsed: 0.050s  Memory: 932.00M
"not_interacting" in: sky130hd.lydrc:591
    Polygons (raw): 0 (flat)  0 (hierarchical)
    Elapsed: 0.010s  Memory: 932.00M
"output" in: sky130hd.lydrc:591
    Polygons (raw): 0 (flat)  0 (hierarchical)
    Elapsed: 0.000s  Memory: 932.00M
"isolated" in: sky130hd.lydrc:592
    Edge pairs: 0 (flat)  0 (hierarchical)
    Elapsed: 0.010s  Memory: 932.00M
"output" in: sky130hd.lydrc:592
    Edge pairs: 0 (flat)  0 (hierarchical)
    Elapsed: 0.000s  Memory: 932.00M
"enclosing" in: sky130hd.lydrc:593
    Edge pairs: 0 (flat)  0 (hierarchical)
    Elapsed: 0.010s  Memory: 932.00M
"output" in: sky130hd.lydrc:593
    Edge pairs: 0 (flat)  0 (hierarchical)
    Elapsed: 0.000s  Memory: 932.00M
"enclosing" in: sky130hd.lydrc:594
    Edge pairs: 0 (flat)  0 (hierarchical)
    Elapsed: 0.000s  Memory: 932.00M
"second_edges" in: sky130hd.lydrc:594
    Edges: 0 (flat)  0 (hierarchical)
    Elapsed: 0.010s  Memory: 932.00M
"edges" in: sky130hd.lydrc:595
    Edges: 0 (flat)  0 (hierarchical)
    Elapsed: 0.010s  Memory: 932.00M
"-" in: sky130hd.lydrc:595
    Edges: 0 (flat)  0 (hierarchical)
    Elapsed: 0.010s  Memory: 932.00M
"width" in: sky130hd.lydrc:595
    Edge pairs: 0 (flat)  0 (hierarchical)
    Elapsed: 0.090s  Memory: 932.00M
"polygons" in: sky130hd.lydrc:595
    Polygons (raw): 0 (flat)  0 (hierarchical)
    Elapsed: 0.010s  Memory: 932.00M
"not_interacting" in: sky130hd.lydrc:596
    Polygons (raw): 0 (flat)  0 (hierarchical)
    Elapsed: 0.020s  Memory: 932.00M
"output" in: sky130hd.lydrc:596
    Polygons (raw): 0 (flat)  0 (hierarchical)
    Elapsed: 0.010s  Memory: 932.00M
"width" in: sky130hd.lydrc:607
    Edge pairs: 0 (flat)  0 (hierarchical)
    Elapsed: 0.010s  Memory: 932.00M
"output" in: sky130hd.lydrc:607
    Edge pairs: 0 (flat)  0 (hierarchical)
    Elapsed: 0.000s  Memory: 932.00M
"sized" in: sky130hd.lydrc:609
    Polygons (raw): 0 (flat)  0 (hierarchical)
    Elapsed: 0.010s  Memory: 932.00M
"sized" in: sky130hd.lydrc:609
    Polygons (raw): 0 (flat)  0 (hierarchical)
    Elapsed: 0.060s  Memory: 932.00M
"-" in: sky130hd.lydrc:610
    Polygons (raw): 0 (flat)  0 (hierarchical)
    Elapsed: 0.010s  Memory: 932.00M
"space" in: sky130hd.lydrc:612
    Edge pairs: 0 (flat)  0 (hierarchical)
    Elapsed: 0.010s  Memory: 932.00M
"output" in: sky130hd.lydrc:612
    Edge pairs: 0 (flat)  0 (hierarchical)
    Elapsed: 0.000s  Memory: 932.00M
"separation" in: sky130hd.lydrc:614
    Edge pairs: 0 (flat)  0 (hierarchical)
    Elapsed: 0.010s  Memory: 932.00M
"space" in: sky130hd.lydrc:614
    Edge pairs: 0 (flat)  0 (hierarchical)
    Elapsed: 0.010s  Memory: 932.00M
"+" in: sky130hd.lydrc:614
    Edge pairs: 0 (flat)  0 (hierarchical)
    Elapsed: 0.010s  Memory: 932.00M
"output" in: sky130hd.lydrc:614
    Edge pairs: 0 (flat)  0 (hierarchical)
    Elapsed: 0.010s  Memory: 932.00M
"with_area" in: sky130hd.lydrc:616
    Polygons (raw): 0 (flat)  0 (hierarchical)
    Elapsed: 0.020s  Memory: 932.00M
"output" in: sky130hd.lydrc:616
    Polygons (raw): 0 (flat)  0 (hierarchical)
    Elapsed: 0.000s  Memory: 932.00M
"-" in: sky130hd.lydrc:617
    Polygons (raw): 0 (flat)  0 (hierarchical)
    Elapsed: 0.010s  Memory: 932.00M
"output" in: sky130hd.lydrc:617
    Polygons (raw): 0 (flat)  0 (hierarchical)
    Elapsed: 0.000s  Memory: 932.00M
"enclosing" in: sky130hd.lydrc:619
    Edge pairs: 0 (flat)  0 (hierarchical)
    Elapsed: 0.010s  Memory: 932.00M
"output" in: sky130hd.lydrc:619
    Edge pairs: 0 (flat)  0 (hierarchical)
    Elapsed: 0.000s  Memory: 932.00M
"edges" in: sky130hd.lydrc:635
    Edges: 0 (flat)  0 (hierarchical)
    Elapsed: 0.000s  Memory: 932.00M
"without_length" in: sky130hd.lydrc:635
    Edges: 0 (flat)  0 (hierarchical)
    Elapsed: 0.100s  Memory: 932.00M
"output" in: sky130hd.lydrc:635
    Edges: 0 (flat)  0 (hierarchical)
    Elapsed: 0.000s  Memory: 932.00M
"isolated" in: sky130hd.lydrc:636
    Edge pairs: 0 (flat)  0 (hierarchical)
    Elapsed: 0.010s  Memory: 932.00M
"output" in: sky130hd.lydrc:636
    Edge pairs: 0 (flat)  0 (hierarchical)
    Elapsed: 0.010s  Memory: 932.00M
"enclosing" in: sky130hd.lydrc:638
    Edge pairs: 0 (flat)  0 (hierarchical)
    Elapsed: 0.050s  Memory: 932.00M
"output" in: sky130hd.lydrc:638
    Edge pairs: 0 (flat)  0 (hierarchical)
    Elapsed: 0.000s  Memory: 932.00M
"-" in: sky130hd.lydrc:639
    Polygons (raw): 0 (flat)  0 (hierarchical)
    Elapsed: 0.020s  Memory: 932.00M
"output" in: sky130hd.lydrc:639
    Polygons (raw): 0 (flat)  0 (hierarchical)
    Elapsed: 0.010s  Memory: 932.00M
"width" in: sky130hd.lydrc:645
    Edge pairs: 0 (flat)  0 (hierarchical)
    Elapsed: 0.010s  Memory: 932.00M
"output" in: sky130hd.lydrc:645
    Edge pairs: 0 (flat)  0 (hierarchical)
    Elapsed: 0.010s  Memory: 932.00M
"space" in: sky130hd.lydrc:647
    Edge pairs: 0 (flat)  0 (hierarchical)
    Elapsed: 0.000s  Memory: 932.00M
"output" in: sky130hd.lydrc:647
    Edge pairs: 0 (flat)  0 (hierarchical)
    Elapsed: 0.000s  Memory: 932.00M
"-" in: sky130hd.lydrc:649
    Polygons (raw): 0 (flat)  0 (hierarchical)
    Elapsed: 0.020s  Memory: 932.00M
"output" in: sky130hd.lydrc:649
    Polygons (raw): 0 (flat)  0 (hierarchical)
    Elapsed: 0.000s  Memory: 932.00M
"enclosing" in: sky130hd.lydrc:650
    Edge pairs: 0 (flat)  0 (hierarchical)
    Elapsed: 0.000s  Memory: 932.00M
"output" in: sky130hd.lydrc:650
    Edge pairs: 0 (flat)  0 (hierarchical)
    Elapsed: 0.000s  Memory: 932.00M
"width" in: sky130hd.lydrc:653
    Edge pairs: 0 (flat)  0 (hierarchical)
    Elapsed: 0.020s  Memory: 932.00M
"output" in: sky130hd.lydrc:653
    Edge pairs: 0 (flat)  0 (hierarchical)
    Elapsed: 0.000s  Memory: 932.00M
"isolated" in: sky130hd.lydrc:654
    Edge pairs: 0 (flat)  0 (hierarchical)
    Elapsed: 0.000s  Memory: 932.00M
"output" in: sky130hd.lydrc:654
    Edge pairs: 0 (flat)  0 (hierarchical)
    Elapsed: 0.000s  Memory: 932.00M
"enclosing" in: sky130hd.lydrc:655
    Edge pairs: 0 (flat)  0 (hierarchical)
    Elapsed: 0.010s  Memory: 932.00M
"output" in: sky130hd.lydrc:655
    Edge pairs: 0 (flat)  0 (hierarchical)
    Elapsed: 0.000s  Memory: 932.00M
"enclosing" in: sky130hd.lydrc:656
    Edge pairs: 0 (flat)  0 (hierarchical)
    Elapsed: 0.010s  Memory: 932.00M
"output" in: sky130hd.lydrc:656
    Edge pairs: 0 (flat)  0 (hierarchical)
    Elapsed: 0.000s  Memory: 932.00M
"enclosing" in: sky130hd.lydrc:657
    Edge pairs: 0 (flat)  0 (hierarchical)
    Elapsed: 0.010s  Memory: 932.00M
"output" in: sky130hd.lydrc:657
    Edge pairs: 0 (flat)  0 (hierarchical)
    Elapsed: 0.000s  Memory: 932.00M
"enclosing" in: sky130hd.lydrc:658
    Edge pairs: 0 (flat)  0 (hierarchical)
    Elapsed: 0.010s  Memory: 932.00M
"output" in: sky130hd.lydrc:658
    Edge pairs: 0 (flat)  0 (hierarchical)
    Elapsed: 0.040s  Memory: 932.00M
"enclosing" in: sky130hd.lydrc:659
    Edge pairs: 0 (flat)  0 (hierarchical)
    Elapsed: 0.000s  Memory: 932.00M
"output" in: sky130hd.lydrc:659
    Edge pairs: 0 (flat)  0 (hierarchical)
    Elapsed: 0.000s  Memory: 932.00M
"enclosing" in: sky130hd.lydrc:660
    Edge pairs: 0 (flat)  0 (hierarchical)
    Elapsed: 0.010s  Memory: 932.00M
"output" in: sky130hd.lydrc:660
    Edge pairs: 0 (flat)  0 (hierarchical)
    Elapsed: 0.010s  Memory: 932.00M
"enclosing" in: sky130hd.lydrc:661
    Edge pairs: 0 (flat)  0 (hierarchical)
    Elapsed: 0.000s  Memory: 932.00M
"output" in: sky130hd.lydrc:661
    Edge pairs: 0 (flat)  0 (hierarchical)
    Elapsed: 0.000s  Memory: 932.00M
"enclosing" in: sky130hd.lydrc:662
    Edge pairs: 0 (flat)  0 (hierarchical)
    Elapsed: 0.000s  Memory: 932.00M
"output" in: sky130hd.lydrc:662
    Edge pairs: 0 (flat)  0 (hierarchical)
    Elapsed: 0.000s  Memory: 932.00M
"enclosing" in: sky130hd.lydrc:663
    Edge pairs: 0 (flat)  0 (hierarchical)
    Elapsed: 0.010s  Memory: 932.00M
"output" in: sky130hd.lydrc:663
    Edge pairs: 0 (flat)  0 (hierarchical)
    Elapsed: 0.000s  Memory: 932.00M
"enclosing" in: sky130hd.lydrc:664
    Edge pairs: 0 (flat)  0 (hierarchical)
    Elapsed: 0.010s  Memory: 932.00M
"output" in: sky130hd.lydrc:664
    Edge pairs: 0 (flat)  0 (hierarchical)
    Elapsed: 0.010s  Memory: 932.00M
"separation" in: sky130hd.lydrc:666
    Edge pairs: 0 (flat)  0 (hierarchical)
    Elapsed: 0.010s  Memory: 932.00M
"output" in: sky130hd.lydrc:666
    Edge pairs: 0 (flat)  0 (hierarchical)
    Elapsed: 0.010s  Memory: 932.00M
"separation" in: sky130hd.lydrc:667
    Edge pairs: 0 (flat)  0 (hierarchical)
    Elapsed: 0.010s  Memory: 932.00M
"output" in: sky130hd.lydrc:667
    Edge pairs: 0 (flat)  0 (hierarchical)
    Elapsed: 0.000s  Memory: 932.00M
"separation" in: sky130hd.lydrc:668
    Edge pairs: 0 (flat)  0 (hierarchical)
    Elapsed: 0.010s  Memory: 932.00M
"output" in: sky130hd.lydrc:668
    Edge pairs: 0 (flat)  0 (hierarchical)
    Elapsed: 0.000s  Memory: 932.00M
"separation" in: sky130hd.lydrc:669
    Edge pairs: 0 (flat)  0 (hierarchical)
    Elapsed: 0.010s  Memory: 932.00M
"output" in: sky130hd.lydrc:669
    Edge pairs: 0 (flat)  0 (hierarchical)
    Elapsed: 0.050s  Memory: 932.00M
"separation" in: sky130hd.lydrc:670
    Edge pairs: 0 (flat)  0 (hierarchical)
    Elapsed: 0.000s  Memory: 932.00M
"output" in: sky130hd.lydrc:670
    Edge pairs: 0 (flat)  0 (hierarchical)
    Elapsed: 0.000s  Memory: 932.00M
"separation" in: sky130hd.lydrc:671
    Edge pairs: 0 (flat)  0 (hierarchical)
    Elapsed: 0.010s  Memory: 932.00M
"output" in: sky130hd.lydrc:671
    Edge pairs: 0 (flat)  0 (hierarchical)
    Elapsed: 0.000s  Memory: 932.00M
"separation" in: sky130hd.lydrc:672
    Edge pairs: 0 (flat)  0 (hierarchical)
    Elapsed: 0.010s  Memory: 932.00M
"output" in: sky130hd.lydrc:672
    Edge pairs: 0 (flat)  0 (hierarchical)
    Elapsed: 0.010s  Memory: 932.00M
"separation" in: sky130hd.lydrc:673
    Edge pairs: 0 (flat)  0 (hierarchical)
    Elapsed: 0.000s  Memory: 932.00M
"output" in: sky130hd.lydrc:673
    Edge pairs: 0 (flat)  0 (hierarchical)
    Elapsed: 0.000s  Memory: 932.00M
"separation" in: sky130hd.lydrc:674
    Edge pairs: 0 (flat)  0 (hierarchical)
    Elapsed: 0.000s  Memory: 932.00M
"output" in: sky130hd.lydrc:674
    Edge pairs: 0 (flat)  0 (hierarchical)
    Elapsed: 0.000s  Memory: 932.00M
"separation" in: sky130hd.lydrc:675
    Edge pairs: 0 (flat)  0 (hierarchical)
    Elapsed: 0.010s  Memory: 932.00M
"output" in: sky130hd.lydrc:675
    Edge pairs: 0 (flat)  0 (hierarchical)
    Elapsed: 0.010s  Memory: 932.00M
"isolated" in: sky130hd.lydrc:679
    Edge pairs: 0 (flat)  0 (hierarchical)
    Elapsed: 0.010s  Memory: 932.00M
"output" in: sky130hd.lydrc:679
    Edge pairs: 0 (flat)  0 (hierarchical)
    Elapsed: 0.000s  Memory: 932.00M
OFFGRID-ANGLES section
"ongrid" in: sky130hd.lydrc:823
    Edge pairs: 0 (flat)  0 (hierarchical)
    Elapsed: 0.710s  Memory: 932.00M
"output" in: sky130hd.lydrc:823
    Edge pairs: 0 (flat)  0 (hierarchical)
    Elapsed: 0.050s  Memory: 932.00M
"with_angle" in: sky130hd.lydrc:824
    Edge pairs: 0 (flat)  0 (hierarchical)
    Elapsed: 0.020s  Memory: 932.00M
"output" in: sky130hd.lydrc:824
    Edge pairs: 0 (flat)  0 (hierarchical)
    Elapsed: 0.000s  Memory: 932.00M
"ongrid" in: sky130hd.lydrc:825
    Edge pairs: 0 (flat)  0 (hierarchical)
    Elapsed: 0.590s  Memory: 932.00M
"output" in: sky130hd.lydrc:825
    Edge pairs: 0 (flat)  0 (hierarchical)
    Elapsed: 0.040s  Memory: 932.00M
"with_angle" in: sky130hd.lydrc:826
    Edge pairs: 0 (flat)  0 (hierarchical)
    Elapsed: 0.010s  Memory: 932.00M
"output" in: sky130hd.lydrc:826
    Edge pairs: 0 (flat)  0 (hierarchical)
    Elapsed: 0.010s  Memory: 932.00M
"ongrid" in: sky130hd.lydrc:827
    Edge pairs: 0 (flat)  0 (hierarchical)
    Elapsed: 0.000s  Memory: 932.00M
"output" in: sky130hd.lydrc:827
    Edge pairs: 0 (flat)  0 (hierarchical)
    Elapsed: 0.000s  Memory: 932.00M
"with_angle" in: sky130hd.lydrc:828
    Edge pairs: 0 (flat)  0 (hierarchical)
    Elapsed: 0.010s  Memory: 932.00M
"output" in: sky130hd.lydrc:828
    Edge pairs: 0 (flat)  0 (hierarchical)
    Elapsed: 0.010s  Memory: 932.00M
"ongrid" in: sky130hd.lydrc:829
    Edge pairs: 0 (flat)  0 (hierarchical)
    Elapsed: 0.010s  Memory: 932.00M
"output" in: sky130hd.lydrc:829
    Edge pairs: 0 (flat)  0 (hierarchical)
    Elapsed: 0.000s  Memory: 932.00M
"with_angle" in: sky130hd.lydrc:830
    Edge pairs: 0 (flat)  0 (hierarchical)
    Elapsed: 0.010s  Memory: 932.00M
"output" in: sky130hd.lydrc:830
    Edge pairs: 0 (flat)  0 (hierarchical)
    Elapsed: 0.010s  Memory: 932.00M
"ongrid" in: sky130hd.lydrc:831
    Edge pairs: 0 (flat)  0 (hierarchical)
    Elapsed: 0.310s  Memory: 932.00M
"output" in: sky130hd.lydrc:831
    Edge pairs: 0 (flat)  0 (hierarchical)
    Elapsed: 0.030s  Memory: 932.00M
"with_angle" in: sky130hd.lydrc:832
    Edge pairs: 0 (flat)  0 (hierarchical)
    Elapsed: 0.010s  Memory: 932.00M
"output" in: sky130hd.lydrc:832
    Edge pairs: 0 (flat)  0 (hierarchical)
    Elapsed: 0.000s  Memory: 932.00M
"ongrid" in: sky130hd.lydrc:833
    Edge pairs: 0 (flat)  0 (hierarchical)
    Elapsed: 0.000s  Memory: 932.00M
"output" in: sky130hd.lydrc:833
    Edge pairs: 0 (flat)  0 (hierarchical)
    Elapsed: 0.000s  Memory: 932.00M
"with_angle" in: sky130hd.lydrc:834
    Edge pairs: 0 (flat)  0 (hierarchical)
    Elapsed: 0.010s  Memory: 932.00M
"output" in: sky130hd.lydrc:834
    Edge pairs: 0 (flat)  0 (hierarchical)
    Elapsed: 0.000s  Memory: 932.00M
"ongrid" in: sky130hd.lydrc:835
    Edge pairs: 0 (flat)  0 (hierarchical)
    Elapsed: 0.270s  Memory: 932.00M
"output" in: sky130hd.lydrc:835
    Edge pairs: 0 (flat)  0 (hierarchical)
    Elapsed: 0.000s  Memory: 932.00M
"with_angle" in: sky130hd.lydrc:836
    Edge pairs: 0 (flat)  0 (hierarchical)
    Elapsed: 0.010s  Memory: 932.00M
"output" in: sky130hd.lydrc:836
    Edge pairs: 0 (flat)  0 (hierarchical)
    Elapsed: 0.010s  Memory: 932.00M
"ongrid" in: sky130hd.lydrc:837
    Edge pairs: 0 (flat)  0 (hierarchical)
    Elapsed: 0.310s  Memory: 932.00M
"output" in: sky130hd.lydrc:837
    Edge pairs: 0 (flat)  0 (hierarchical)
    Elapsed: 0.040s  Memory: 932.00M
"with_angle" in: sky130hd.lydrc:838
    Edge pairs: 0 (flat)  0 (hierarchical)
    Elapsed: 0.010s  Memory: 932.00M
"output" in: sky130hd.lydrc:838
    Edge pairs: 0 (flat)  0 (hierarchical)
    Elapsed: 0.010s  Memory: 932.00M
"ongrid" in: sky130hd.lydrc:839
    Edge pairs: 0 (flat)  0 (hierarchical)
    Elapsed: 0.580s  Memory: 932.00M
"output" in: sky130hd.lydrc:839
    Edge pairs: 0 (flat)  0 (hierarchical)
    Elapsed: 0.040s  Memory: 932.00M
"ongrid" in: sky130hd.lydrc:840
    Edge pairs: 0 (flat)  0 (hierarchical)
    Elapsed: 0.390s  Memory: 932.00M
"output" in: sky130hd.lydrc:840
    Edge pairs: 0 (flat)  0 (hierarchical)
    Elapsed: 0.010s  Memory: 932.00M
"&" in: sky130hd.lydrc:841
    Polygons (raw): 0 (flat)  0 (hierarchical)
    Elapsed: 0.020s  Memory: 932.00M
"-" in: sky130hd.lydrc:841
    Polygons (raw): 99991 (flat)  33044 (hierarchical)
    Elapsed: 0.020s  Memory: 932.00M
"with_angle" in: sky130hd.lydrc:841
    Edge pairs: 0 (flat)  0 (hierarchical)
    Elapsed: 0.380s  Memory: 932.00M
"output" in: sky130hd.lydrc:841
    Edge pairs: 0 (flat)  0 (hierarchical)
    Elapsed: 0.220s  Memory: 932.00M
"&" in: sky130hd.lydrc:842
    Polygons (raw): 0 (flat)  0 (hierarchical)
    Elapsed: 0.010s  Memory: 932.00M
"&" in: sky130hd.lydrc:842
    Polygons (raw): 0 (flat)  0 (hierarchical)
    Elapsed: 0.010s  Memory: 932.00M
"with_angle" in: sky130hd.lydrc:842
    Edge pairs: 0 (flat)  0 (hierarchical)
    Elapsed: 0.010s  Memory: 932.00M
"output" in: sky130hd.lydrc:842
    Edge pairs: 0 (flat)  0 (hierarchical)
    Elapsed: 0.000s  Memory: 932.00M
"&" in: sky130hd.lydrc:843
    Polygons (raw): 0 (flat)  0 (hierarchical)
    Elapsed: 0.010s  Memory: 932.00M
"-" in: sky130hd.lydrc:843
    Polygons (raw): 16190 (flat)  382 (hierarchical)
    Elapsed: 0.020s  Memory: 932.00M
"with_angle" in: sky130hd.lydrc:843
    Edge pairs: 0 (flat)  0 (hierarchical)
    Elapsed: 0.220s  Memory: 932.00M
"output" in: sky130hd.lydrc:843
    Edge pairs: 0 (flat)  0 (hierarchical)
    Elapsed: 0.000s  Memory: 932.00M
"&" in: sky130hd.lydrc:844
    Polygons (raw): 0 (flat)  0 (hierarchical)
    Elapsed: 0.020s  Memory: 932.00M
"&" in: sky130hd.lydrc:844
    Polygons (raw): 0 (flat)  0 (hierarchical)
    Elapsed: 0.020s  Memory: 932.00M
"with_angle" in: sky130hd.lydrc:844
    Edge pairs: 0 (flat)  0 (hierarchical)
    Elapsed: 0.010s  Memory: 932.00M
"output" in: sky130hd.lydrc:844
    Edge pairs: 0 (flat)  0 (hierarchical)
    Elapsed: 0.000s  Memory: 932.00M
"ongrid" in: sky130hd.lydrc:845
    Edge pairs: 0 (flat)  0 (hierarchical)
    Elapsed: 0.010s  Memory: 932.00M
"output" in: sky130hd.lydrc:845
    Edge pairs: 0 (flat)  0 (hierarchical)
    Elapsed: 0.000s  Memory: 932.00M
"with_angle" in: sky130hd.lydrc:846
    Edge pairs: 0 (flat)  0 (hierarchical)
    Elapsed: 0.230s  Memory: 932.00M
"output" in: sky130hd.lydrc:846
    Edge pairs: 0 (flat)  0 (hierarchical)
    Elapsed: 0.000s  Memory: 932.00M
"ongrid" in: sky130hd.lydrc:847
    Edge pairs: 0 (flat)  0 (hierarchical)
    Elapsed: 0.050s  Memory: 932.00M
"output" in: sky130hd.lydrc:847
    Edge pairs: 0 (flat)  0 (hierarchical)
    Elapsed: 0.010s  Memory: 932.00M
"with_angle" in: sky130hd.lydrc:848
    Edge pairs: 0 (flat)  0 (hierarchical)
    Elapsed: 0.020s  Memory: 932.00M
"output" in: sky130hd.lydrc:848
    Edge pairs: 0 (flat)  0 (hierarchical)
    Elapsed: 0.000s  Memory: 932.00M
"ongrid" in: sky130hd.lydrc:849
    Edge pairs: 0 (flat)  0 (hierarchical)
    Elapsed: 0.010s  Memory: 932.00M
"output" in: sky130hd.lydrc:849
    Edge pairs: 0 (flat)  0 (hierarchical)
    Elapsed: 0.000s  Memory: 932.00M
"with_angle" in: sky130hd.lydrc:850
    Edge pairs: 0 (flat)  0 (hierarchical)
    Elapsed: 0.010s  Memory: 932.00M
"output" in: sky130hd.lydrc:850
    Edge pairs: 0 (flat)  0 (hierarchical)
    Elapsed: 0.000s  Memory: 932.00M
"ongrid" in: sky130hd.lydrc:851
    Edge pairs: 0 (flat)  0 (hierarchical)
    Elapsed: 0.330s  Memory: 932.00M
"output" in: sky130hd.lydrc:851
    Edge pairs: 0 (flat)  0 (hierarchical)
    Elapsed: 0.040s  Memory: 932.00M
"with_angle" in: sky130hd.lydrc:852
    Edge pairs: 0 (flat)  0 (hierarchical)
    Elapsed: 0.010s  Memory: 932.00M
"output" in: sky130hd.lydrc:852
    Edge pairs: 0 (flat)  0 (hierarchical)
    Elapsed: 0.000s  Memory: 932.00M
"ongrid" in: sky130hd.lydrc:853
    Edge pairs: 0 (flat)  0 (hierarchical)
    Elapsed: 4.590s  Memory: 932.00M
"output" in: sky130hd.lydrc:853
    Edge pairs: 0 (flat)  0 (hierarchical)
    Elapsed: 0.030s  Memory: 932.00M
"with_angle" in: sky130hd.lydrc:854
    Edge pairs: 0 (flat)  0 (hierarchical)
    Elapsed: 0.020s  Memory: 932.00M
"output" in: sky130hd.lydrc:854
    Edge pairs: 0 (flat)  0 (hierarchical)
    Elapsed: 0.010s  Memory: 932.00M
"ongrid" in: sky130hd.lydrc:855
    Edge pairs: 0 (flat)  0 (hierarchical)
    Elapsed: 0.610s  Memory: 932.00M
"output" in: sky130hd.lydrc:855
    Edge pairs: 0 (flat)  0 (hierarchical)
    Elapsed: 0.030s  Memory: 932.00M
"with_angle" in: sky130hd.lydrc:856
    Edge pairs: 0 (flat)  0 (hierarchical)
    Elapsed: 0.010s  Memory: 932.00M
"output" in: sky130hd.lydrc:856
    Edge pairs: 0 (flat)  0 (hierarchical)
    Elapsed: 0.010s  Memory: 932.00M
"ongrid" in: sky130hd.lydrc:857
    Edge pairs: 0 (flat)  0 (hierarchical)
    Elapsed: 0.090s  Memory: 932.00M
"output" in: sky130hd.lydrc:857
    Edge pairs: 0 (flat)  0 (hierarchical)
    Elapsed: 0.010s  Memory: 932.00M
"with_angle" in: sky130hd.lydrc:858
    Edge pairs: 0 (flat)  0 (hierarchical)
    Elapsed: 0.080s  Memory: 932.00M
"output" in: sky130hd.lydrc:858
    Edge pairs: 0 (flat)  0 (hierarchical)
    Elapsed: 0.000s  Memory: 932.00M
"ongrid" in: sky130hd.lydrc:859
    Edge pairs: 0 (flat)  0 (hierarchical)
    Elapsed: 0.060s  Memory: 932.00M
"output" in: sky130hd.lydrc:859
    Edge pairs: 0 (flat)  0 (hierarchical)
    Elapsed: 0.000s  Memory: 932.00M
"with_angle" in: sky130hd.lydrc:860
    Edge pairs: 0 (flat)  0 (hierarchical)
    Elapsed: 0.040s  Memory: 932.00M
"output" in: sky130hd.lydrc:860
    Edge pairs: 0 (flat)  0 (hierarchical)
    Elapsed: 0.000s  Memory: 932.00M
"ongrid" in: sky130hd.lydrc:861
    Edge pairs: 0 (flat)  0 (hierarchical)
    Elapsed: 0.120s  Memory: 932.00M
"output" in: sky130hd.lydrc:861
    Edge pairs: 0 (flat)  0 (hierarchical)
    Elapsed: 0.000s  Memory: 932.00M
"with_angle" in: sky130hd.lydrc:862
    Edge pairs: 0 (flat)  0 (hierarchical)
    Elapsed: 0.050s  Memory: 932.00M
"output" in: sky130hd.lydrc:862
    Edge pairs: 0 (flat)  0 (hierarchical)
    Elapsed: 0.000s  Memory: 932.00M
"ongrid" in: sky130hd.lydrc:863
    Edge pairs: 0 (flat)  0 (hierarchical)
    Elapsed: 0.010s  Memory: 932.00M
"output" in: sky130hd.lydrc:863
    Edge pairs: 0 (flat)  0 (hierarchical)
    Elapsed: 0.000s  Memory: 932.00M
"with_angle" in: sky130hd.lydrc:864
    Edge pairs: 0 (flat)  0 (hierarchical)
    Elapsed: 0.010s  Memory: 932.00M
"output" in: sky130hd.lydrc:864
    Edge pairs: 0 (flat)  0 (hierarchical)
    Elapsed: 0.000s  Memory: 932.00M
"ongrid" in: sky130hd.lydrc:865
    Edge pairs: 0 (flat)  0 (hierarchical)
    Elapsed: 0.050s  Memory: 932.00M
"output" in: sky130hd.lydrc:865
    Edge pairs: 0 (flat)  0 (hierarchical)
    Elapsed: 0.000s  Memory: 932.00M
"with_angle" in: sky130hd.lydrc:866
    Edge pairs: 0 (flat)  0 (hierarchical)
    Elapsed: 0.030s  Memory: 932.00M
"output" in: sky130hd.lydrc:866
    Edge pairs: 0 (flat)  0 (hierarchical)
    Elapsed: 0.000s  Memory: 932.00M
"ongrid" in: sky130hd.lydrc:867
    Edge pairs: 0 (flat)  0 (hierarchical)
    Elapsed: 0.050s  Memory: 932.00M
"output" in: sky130hd.lydrc:867
    Edge pairs: 0 (flat)  0 (hierarchical)
    Elapsed: 0.040s  Memory: 932.00M
"with_angle" in: sky130hd.lydrc:868
    Edge pairs: 0 (flat)  0 (hierarchical)
    Elapsed: 0.040s  Memory: 932.00M
"output" in: sky130hd.lydrc:868
    Edge pairs: 0 (flat)  0 (hierarchical)
    Elapsed: 0.000s  Memory: 932.00M
"ongrid" in: sky130hd.lydrc:869
    Edge pairs: 0 (flat)  0 (hierarchical)
    Elapsed: 0.040s  Memory: 932.00M
"output" in: sky130hd.lydrc:869
    Edge pairs: 0 (flat)  0 (hierarchical)
    Elapsed: 0.000s  Memory: 932.00M
"with_angle" in: sky130hd.lydrc:870
    Edge pairs: 0 (flat)  0 (hierarchical)
    Elapsed: 0.010s  Memory: 932.00M
"output" in: sky130hd.lydrc:870
    Edge pairs: 0 (flat)  0 (hierarchical)
    Elapsed: 0.000s  Memory: 932.00M
"ongrid" in: sky130hd.lydrc:871
    Edge pairs: 0 (flat)  0 (hierarchical)
    Elapsed: 0.010s  Memory: 932.00M
"output" in: sky130hd.lydrc:871
    Edge pairs: 0 (flat)  0 (hierarchical)
    Elapsed: 0.000s  Memory: 932.00M
"with_angle" in: sky130hd.lydrc:872
    Edge pairs: 0 (flat)  0 (hierarchical)
    Elapsed: 0.010s  Memory: 932.00M
"output" in: sky130hd.lydrc:872
    Edge pairs: 0 (flat)  0 (hierarchical)
    Elapsed: 0.000s  Memory: 932.00M
"ongrid" in: sky130hd.lydrc:873
    Edge pairs: 0 (flat)  0 (hierarchical)
    Elapsed: 0.000s  Memory: 932.00M
"output" in: sky130hd.lydrc:873
    Edge pairs: 0 (flat)  0 (hierarchical)
    Elapsed: 0.000s  Memory: 932.00M
"with_angle" in: sky130hd.lydrc:874
    Edge pairs: 0 (flat)  0 (hierarchical)
    Elapsed: 0.000s  Memory: 932.00M
"output" in: sky130hd.lydrc:874
    Edge pairs: 0 (flat)  0 (hierarchical)
    Elapsed: 0.000s  Memory: 932.00M
"ongrid" in: sky130hd.lydrc:875
    Edge pairs: 0 (flat)  0 (hierarchical)
    Elapsed: 0.000s  Memory: 932.00M
"output" in: sky130hd.lydrc:875
    Edge pairs: 0 (flat)  0 (hierarchical)
    Elapsed: 0.010s  Memory: 932.00M
"with_angle" in: sky130hd.lydrc:876
    Edge pairs: 0 (flat)  0 (hierarchical)
    Elapsed: 0.010s  Memory: 932.00M
"output" in: sky130hd.lydrc:876
    Edge pairs: 0 (flat)  0 (hierarchical)
    Elapsed: 0.010s  Memory: 932.00M
"ongrid" in: sky130hd.lydrc:877
    Edge pairs: 0 (flat)  0 (hierarchical)
    Elapsed: 0.010s  Memory: 932.00M
"output" in: sky130hd.lydrc:877
    Edge pairs: 0 (flat)  0 (hierarchical)
    Elapsed: 0.000s  Memory: 932.00M
"with_angle" in: sky130hd.lydrc:878
    Edge pairs: 0 (flat)  0 (hierarchical)
    Elapsed: 0.010s  Memory: 932.00M
"output" in: sky130hd.lydrc:878
    Edge pairs: 0 (flat)  0 (hierarchical)
    Elapsed: 0.000s  Memory: 932.00M
"ongrid" in: sky130hd.lydrc:879
    Edge pairs: 0 (flat)  0 (hierarchical)
    Elapsed: 0.000s  Memory: 932.00M
"output" in: sky130hd.lydrc:879
    Edge pairs: 0 (flat)  0 (hierarchical)
    Elapsed: 0.000s  Memory: 932.00M
"with_angle" in: sky130hd.lydrc:880
    Edge pairs: 0 (flat)  0 (hierarchical)
    Elapsed: 0.010s  Memory: 932.00M
"output" in: sky130hd.lydrc:880
    Edge pairs: 0 (flat)  0 (hierarchical)
    Elapsed: 0.000s  Memory: 932.00M
"ongrid" in: sky130hd.lydrc:881
    Edge pairs: 0 (flat)  0 (hierarchical)
    Elapsed: 0.050s  Memory: 932.00M
"output" in: sky130hd.lydrc:881
    Edge pairs: 0 (flat)  0 (hierarchical)
    Elapsed: 0.000s  Memory: 932.00M
"with_angle" in: sky130hd.lydrc:882
    Edge pairs: 0 (flat)  0 (hierarchical)
    Elapsed: 0.010s  Memory: 932.00M
"output" in: sky130hd.lydrc:882
    Edge pairs: 0 (flat)  0 (hierarchical)
    Elapsed: 0.000s  Memory: 932.00M
"ongrid" in: sky130hd.lydrc:883
    Edge pairs: 0 (flat)  0 (hierarchical)
    Elapsed: 0.000s  Memory: 932.00M
"output" in: sky130hd.lydrc:883
    Edge pairs: 0 (flat)  0 (hierarchical)
    Elapsed: 0.010s  Memory: 932.00M
"with_angle" in: sky130hd.lydrc:884
    Edge pairs: 0 (flat)  0 (hierarchical)
    Elapsed: 0.010s  Memory: 932.00M
"output" in: sky130hd.lydrc:884
    Edge pairs: 0 (flat)  0 (hierarchical)
    Elapsed: 0.000s  Memory: 932.00M
"ongrid" in: sky130hd.lydrc:885
    Edge pairs: 0 (flat)  0 (hierarchical)
    Elapsed: 0.010s  Memory: 932.00M
"output" in: sky130hd.lydrc:885
    Edge pairs: 0 (flat)  0 (hierarchical)
    Elapsed: 0.000s  Memory: 932.00M
"with_angle" in: sky130hd.lydrc:886
    Edge pairs: 0 (flat)  0 (hierarchical)
    Elapsed: 0.010s  Memory: 932.00M
"output" in: sky130hd.lydrc:886
    Edge pairs: 0 (flat)  0 (hierarchical)
    Elapsed: 0.000s  Memory: 932.00M
"ongrid" in: sky130hd.lydrc:887
    Edge pairs: 0 (flat)  0 (hierarchical)
    Elapsed: 0.000s  Memory: 932.00M
"output" in: sky130hd.lydrc:887
    Edge pairs: 0 (flat)  0 (hierarchical)
    Elapsed: 0.000s  Memory: 932.00M
"with_angle" in: sky130hd.lydrc:888
    Edge pairs: 0 (flat)  0 (hierarchical)
    Elapsed: 0.020s  Memory: 932.00M
"output" in: sky130hd.lydrc:888
    Edge pairs: 0 (flat)  0 (hierarchical)
    Elapsed: 0.010s  Memory: 932.00M
"ongrid" in: sky130hd.lydrc:889
    Edge pairs: 0 (flat)  0 (hierarchical)
    Elapsed: 0.010s  Memory: 932.00M
"output" in: sky130hd.lydrc:889
    Edge pairs: 0 (flat)  0 (hierarchical)
    Elapsed: 0.000s  Memory: 932.00M
"with_angle" in: sky130hd.lydrc:890
    Edge pairs: 0 (flat)  0 (hierarchical)
    Elapsed: 0.010s  Memory: 932.00M
"output" in: sky130hd.lydrc:890
    Edge pairs: 0 (flat)  0 (hierarchical)
    Elapsed: 0.000s  Memory: 932.00M
"ongrid" in: sky130hd.lydrc:891
    Edge pairs: 0 (flat)  0 (hierarchical)
    Elapsed: 0.000s  Memory: 932.00M
"output" in: sky130hd.lydrc:891
    Edge pairs: 0 (flat)  0 (hierarchical)
    Elapsed: 0.010s  Memory: 932.00M
"with_angle" in: sky130hd.lydrc:892
    Edge pairs: 0 (flat)  0 (hierarchical)
    Elapsed: 0.010s  Memory: 932.00M
"output" in: sky130hd.lydrc:892
    Edge pairs: 0 (flat)  0 (hierarchical)
    Elapsed: 0.000s  Memory: 932.00M
"ongrid" in: sky130hd.lydrc:893
    Edge pairs: 0 (flat)  0 (hierarchical)
    Elapsed: 0.000s  Memory: 932.00M
"output" in: sky130hd.lydrc:893
    Edge pairs: 0 (flat)  0 (hierarchical)
    Elapsed: 0.000s  Memory: 932.00M
"with_angle" in: sky130hd.lydrc:894
    Edge pairs: 0 (flat)  0 (hierarchical)
    Elapsed: 0.000s  Memory: 932.00M
"output" in: sky130hd.lydrc:894
    Edge pairs: 0 (flat)  0 (hierarchical)
    Elapsed: 0.010s  Memory: 932.00M
"ongrid" in: sky130hd.lydrc:895
    Edge pairs: 0 (flat)  0 (hierarchical)
    Elapsed: 0.010s  Memory: 932.00M
"output" in: sky130hd.lydrc:895
    Edge pairs: 0 (flat)  0 (hierarchical)
    Elapsed: 0.000s  Memory: 932.00M
"with_angle" in: sky130hd.lydrc:896
    Edge pairs: 0 (flat)  0 (hierarchical)
    Elapsed: 0.000s  Memory: 932.00M
"output" in: sky130hd.lydrc:896
    Edge pairs: 0 (flat)  0 (hierarchical)
    Elapsed: 0.000s  Memory: 932.00M
"ongrid" in: sky130hd.lydrc:897
    Edge pairs: 0 (flat)  0 (hierarchical)
    Elapsed: 0.000s  Memory: 932.00M
"output" in: sky130hd.lydrc:897
    Edge pairs: 0 (flat)  0 (hierarchical)
    Elapsed: 0.000s  Memory: 932.00M
"with_angle" in: sky130hd.lydrc:898
    Edge pairs: 0 (flat)  0 (hierarchical)
    Elapsed: 0.010s  Memory: 932.00M
"output" in: sky130hd.lydrc:898
    Edge pairs: 0 (flat)  0 (hierarchical)
    Elapsed: 0.000s  Memory: 932.00M
"ongrid" in: sky130hd.lydrc:899
    Edge pairs: 0 (flat)  0 (hierarchical)
    Elapsed: 0.030s  Memory: 932.00M
"output" in: sky130hd.lydrc:899
    Edge pairs: 0 (flat)  0 (hierarchical)
    Elapsed: 0.000s  Memory: 932.00M
Writing report database: /work/campaigns/iscas_sustainability_extension/memory_compiler/gate3_attempt06_replacement_sram_backend_qualification/raw/physical/drc/sram22_256x64m4w8.lyrdb ..
Total elapsed: 227.130s  Memory: 929.00M
