
Magic 8.3 revision 311 - Compiled on Thu Jun 16 12:15:12 PDT 2022.
Starting magic under Tcl interpreter
Using the terminal as the console.
Using NULL graphics device.
Processing system .magicrc file
Sourcing design .magicrc for technology sky130A ...
2 Magic internal units = 1 Lambda
Input style sky130(vendor): scaleFactor=2, multiplier=2
The following types are not handled by extraction and will be treated as non-electrical types:
    ubm 
Scaled tech values by 2 / 1 to match internal grid scaling
Loading sky130A Device Generator Menu ...
Using technology "sky130A", version 1.0.291-63-ge829452
Processing timestamp mismatches: sky130_fd_bd_sram__sram_sp_wlstrapa, sky130_fd_bd_sram__openram_sp_cell_opt1a_dummy.
Loading DRC CIF style.
__RULE_CSV_BEGIN__
rule,count
"Local interconnect spacing < 0.17um (li.3)",80
"Diffusion width < 0.15um (diff/tap.1)",4
"Local interconnect width < 0.17um (li.1)",24
"N-well width < 0.84um (nwell.1)",3
"Deep N-well width < 3um (dnwell.2)",8
"Core local interconnect width < 0.14um (li.c1)",44
"Deep N-well spacing < 6.3um (dnwell.3)",3
"Local interconnect overlap of diffusion contact < 0.08um in one direction (li.5)",24
"poly spacing to diffusion tap < 0.055um (poly.5)",44
"Via1 width < 0.26um (via.1a + 2 * via.4a)",84
"Deep N-well spacing to N-well < 4.5um (nwell.7)",32
"Metal1 width < 0.14um (met1.1)",14
"poly spacing to Diffusion < 0.075um (poly.4)",8
"Core local interconnect spacing < 0.14um (li.c2)",96
"Metal1 overlap of Via1 < 0.03um in one direction (via.5a - via.4a)",48
"N-diffusion contact width < 0.17um (licon.1)",28
"N-diffusion overlap of N-diffusion contact < 0.04um (licon.5a)",24
"mcon.width < 0.17um (mcon.1)",20
"Local interconnect minimum area < 0.0561um^2 (li.6)",80
__RULE_CSV_END__
RULE_TOTAL=668
__HIERARCHY_CSV_BEGIN__
cell,error_tiles
"sky130_fd_bd_sram__sram_sp_wlstrapa",13
"sky130_fd_bd_sram__sram_sp_wlstrapa_p",58
"sky130_sram_1rw_8x16_gate3a03_control_sky130_dummy_array",34
"sky130_fd_bd_sram__openram_sp_cell_opt1a_dummy",8
__HIERARCHY_CSV_END__
COUNT_TOTAL_WITH_HIERARCHICAL_DOUBLE_COUNTING=113
