
Magic 8.3 revision 311 - Compiled on Thu Jun 16 12:15:12 PDT 2022.
Starting magic under Tcl interpreter
Using the terminal as the console.
Using NULL graphics device.
Processing system .magicrc file
Sourcing design .magicrc for technology sky130A ...
2 Magic internal units = 1 Lambda
Input style sky130(vendor): scaleFactor=2, multiplier=2
The following types are not handled by extraction and will be treated as non-electrical types:
    ubm 
Scaled tech values by 2 / 1 to match internal grid scaling
Loading sky130A Device Generator Menu ...
Using technology "sky130A", version 1.0.291-63-ge829452
Loading DRC CIF style.
__RULE_CSV_BEGIN__
rule,count
"N-well spacing < 1.27um (nwell.2a)",3
__RULE_CSV_END__
RULE_TOTAL=3
__HIERARCHY_CSV_BEGIN__
cell,error_tiles
"sky130_sram_1rw_8x16_gate3a03_control_write_mask_and_array",3
"sky130_sram_1rw_8x16_gate3a03_control_precharge_0",3
"sky130_sram_1rw_8x16_gate3a03_control_port_data",3
__HIERARCHY_CSV_END__
COUNT_TOTAL_WITH_HIERARCHICAL_DOUBLE_COUNTING=9
