
==========================================================================
finish report_tns
--------------------------------------------------------------------------
tns max 0.00

==========================================================================
finish report_wns
--------------------------------------------------------------------------
wns max 0.00

==========================================================================
finish report_worst_slack
--------------------------------------------------------------------------
worst slack max 0.88

==========================================================================
finish report_clock_min_period
--------------------------------------------------------------------------
core_clk period_min = 9.12 fmax = 109.65

==========================================================================
finish report_clock_skew
--------------------------------------------------------------------------
Clock core_clk
No launch/capture paths found.


==========================================================================
finish report_checks -path_delay min
--------------------------------------------------------------------------
Startpoint: payload_in[50] (input port clocked by core_clk)
Endpoint: u_data (rising edge-triggered flip-flop clocked by core_clk)
Path Group: core_clk
Path Type: min

Fanout     Cap    Slew   Delay    Time   Description
-----------------------------------------------------------------------------
                          0.00    0.00   clock core_clk (rise edge)
                          0.00    0.00   clock network delay (propagated)
                          1.00    1.00 v input external delay
     1    0.04    0.00    0.00    1.00 v payload_in[50] (in)
                                         payload_in[50] (net)
                  0.01    0.01    1.01 v input71/A (sky130_fd_sc_hd__buf_2)
     3    0.06    0.14    0.20    1.21 v input71/X (sky130_fd_sc_hd__buf_2)
                                         net70 (net)
                  0.18    0.00    1.21 v u_data/din[50] (sram22_256x64m4w8)
                                  1.21   data arrival time

                          0.00    0.00   clock core_clk (rise edge)
                          0.00    0.00   clock source latency
     2    0.05    0.00    0.00    0.00 ^ clk (in)
                                         clk (net)
                  0.00    0.00    0.00 ^ clkbuf_0_clk/A (sky130_fd_sc_hd__clkbuf_16)
     2    0.02    0.04    0.11    0.11 ^ clkbuf_0_clk/X (sky130_fd_sc_hd__clkbuf_16)
                                         clknet_0_clk (net)
                  0.04    0.00    0.11 ^ clkbuf_1_1__f_clk/A (sky130_fd_sc_hd__clkbuf_16)
     1    0.37    0.38    0.34    0.46 ^ clkbuf_1_1__f_clk/X (sky130_fd_sc_hd__clkbuf_16)
                                         clknet_1_1__leaf_clk (net)
                  0.51    0.04    0.49 ^ u_data/clk (sram22_256x64m4w8)
                          0.10    0.59   clock uncertainty
                          0.00    0.59   clock reconvergence pessimism
                          0.17    0.76   library hold time
                                  0.76   data required time
-----------------------------------------------------------------------------
                                  0.76   data required time
                                 -1.21   data arrival time
-----------------------------------------------------------------------------
                                  0.45   slack (MET)



==========================================================================
finish report_checks -path_delay max
--------------------------------------------------------------------------
Startpoint: u_data (rising edge-triggered flip-flop clocked by core_clk)
Endpoint: payload_out[20] (output port clocked by core_clk)
Path Group: core_clk
Path Type: max

Fanout     Cap    Slew   Delay    Time   Description
-----------------------------------------------------------------------------
                          0.00    0.00   clock core_clk (rise edge)
                          0.00    0.00   clock source latency
     2    0.05    0.00    0.00    0.00 ^ clk (in)
                                         clk (net)
                  0.00    0.00    0.00 ^ clkbuf_0_clk/A (sky130_fd_sc_hd__clkbuf_16)
     2    0.02    0.04    0.11    0.11 ^ clkbuf_0_clk/X (sky130_fd_sc_hd__clkbuf_16)
                                         clknet_0_clk (net)
                  0.04    0.00    0.11 ^ clkbuf_1_1__f_clk/A (sky130_fd_sc_hd__clkbuf_16)
     1    0.37    0.38    0.34    0.46 ^ clkbuf_1_1__f_clk/X (sky130_fd_sc_hd__clkbuf_16)
                                         clknet_1_1__leaf_clk (net)
                  0.51    0.04    0.49 ^ u_data/clk (sram22_256x64m4w8)
     1    0.00    0.12    3.41    3.90 ^ u_data/dout[8] (sram22_256x64m4w8)
                                         data_dout[8] (net)
                  0.09    0.00    3.90 ^ wire563/A (sky130_fd_sc_hd__clkbuf_1)
     2    0.03    0.38    0.32    4.23 ^ wire563/X (sky130_fd_sc_hd__clkbuf_1)
                                         net562 (net)
                  0.38    0.01    4.23 ^ max_cap562/A (sky130_fd_sc_hd__clkdlybuf4s50_1)
     1    0.01    0.07    0.57    4.81 ^ max_cap562/X (sky130_fd_sc_hd__clkdlybuf4s50_1)
                                         net561 (net)
                  0.07    0.00    4.81 ^ _466_/B (sky130_fd_sc_hd__xnor2_1)
     1    0.01    0.07    0.08    4.89 v _466_/Y (sky130_fd_sc_hd__xnor2_1)
                                         _055_ (net)
                  0.07    0.00    4.89 v _467_/B (sky130_fd_sc_hd__xnor2_1)
     2    0.02    0.44    0.38    5.27 ^ _467_/Y (sky130_fd_sc_hd__xnor2_1)
                                         _056_ (net)
                  0.44    0.00    5.27 ^ _525_/B (sky130_fd_sc_hd__xnor3_1)
     1    0.00    0.07    0.40    5.67 v _525_/X (sky130_fd_sc_hd__xnor3_1)
                                         _114_ (net)
                  0.07    0.00    5.67 v _531_/A (sky130_fd_sc_hd__xnor3_1)
     6    0.03    0.21    0.52    6.19 v _531_/X (sky130_fd_sc_hd__xnor3_1)
                                         _120_ (net)
                  0.21    0.00    6.20 v _576_/B (sky130_fd_sc_hd__or3_2)
     5    0.02    0.12    0.57    6.77 v _576_/X (sky130_fd_sc_hd__or3_2)
                                         _159_ (net)
                  0.12    0.00    6.77 v _578_/A (sky130_fd_sc_hd__nand2_1)
     1    0.00    0.08    0.09    6.86 ^ _578_/Y (sky130_fd_sc_hd__nand2_1)
                                         _161_ (net)
                  0.08    0.00    6.86 ^ place694/A (sky130_fd_sc_hd__buf_4)
    11    0.05    0.14    0.20    7.06 ^ place694/X (sky130_fd_sc_hd__buf_4)
                                         net693 (net)
                  0.14    0.00    7.06 ^ _644_/C (sky130_fd_sc_hd__nand4_1)
     1    0.01    0.14    0.15    7.21 v _644_/Y (sky130_fd_sc_hd__nand4_1)
                                         _207_ (net)
                  0.14    0.00    7.21 v _645_/B (sky130_fd_sc_hd__xnor2_1)
     1    0.00    0.14    0.18    7.39 ^ _645_/Y (sky130_fd_sc_hd__xnor2_1)
                                         net105 (net)
                  0.14    0.00    7.39 ^ output106/A (sky130_fd_sc_hd__clkdlybuf4s50_1)
     1    0.02    0.21    0.63    8.02 ^ output106/X (sky130_fd_sc_hd__clkdlybuf4s50_1)
                                         payload_out[20] (net)
                  0.21    0.00    8.02 ^ payload_out[20] (out)
                                  8.02   data arrival time

                         10.00   10.00   clock core_clk (rise edge)
                          0.00   10.00   clock network delay (propagated)
                         -0.10    9.90   clock uncertainty
                          0.00    9.90   clock reconvergence pessimism
                         -1.00    8.90   output external delay
                                  8.90   data required time
-----------------------------------------------------------------------------
                                  8.90   data required time
                                 -8.02   data arrival time
-----------------------------------------------------------------------------
                                  0.88   slack (MET)



==========================================================================
finish report_checks -unconstrained
--------------------------------------------------------------------------
Startpoint: u_data (rising edge-triggered flip-flop clocked by core_clk)
Endpoint: payload_out[20] (output port clocked by core_clk)
Path Group: core_clk
Path Type: max

Fanout     Cap    Slew   Delay    Time   Description
-----------------------------------------------------------------------------
                          0.00    0.00   clock core_clk (rise edge)
                          0.00    0.00   clock source latency
     2    0.05    0.00    0.00    0.00 ^ clk (in)
                                         clk (net)
                  0.00    0.00    0.00 ^ clkbuf_0_clk/A (sky130_fd_sc_hd__clkbuf_16)
     2    0.02    0.04    0.11    0.11 ^ clkbuf_0_clk/X (sky130_fd_sc_hd__clkbuf_16)
                                         clknet_0_clk (net)
                  0.04    0.00    0.11 ^ clkbuf_1_1__f_clk/A (sky130_fd_sc_hd__clkbuf_16)
     1    0.37    0.38    0.34    0.46 ^ clkbuf_1_1__f_clk/X (sky130_fd_sc_hd__clkbuf_16)
                                         clknet_1_1__leaf_clk (net)
                  0.51    0.04    0.49 ^ u_data/clk (sram22_256x64m4w8)
     1    0.00    0.12    3.41    3.90 ^ u_data/dout[8] (sram22_256x64m4w8)
                                         data_dout[8] (net)
                  0.09    0.00    3.90 ^ wire563/A (sky130_fd_sc_hd__clkbuf_1)
     2    0.03    0.38    0.32    4.23 ^ wire563/X (sky130_fd_sc_hd__clkbuf_1)
                                         net562 (net)
                  0.38    0.01    4.23 ^ max_cap562/A (sky130_fd_sc_hd__clkdlybuf4s50_1)
     1    0.01    0.07    0.57    4.81 ^ max_cap562/X (sky130_fd_sc_hd__clkdlybuf4s50_1)
                                         net561 (net)
                  0.07    0.00    4.81 ^ _466_/B (sky130_fd_sc_hd__xnor2_1)
     1    0.01    0.07    0.08    4.89 v _466_/Y (sky130_fd_sc_hd__xnor2_1)
                                         _055_ (net)
                  0.07    0.00    4.89 v _467_/B (sky130_fd_sc_hd__xnor2_1)
     2    0.02    0.44    0.38    5.27 ^ _467_/Y (sky130_fd_sc_hd__xnor2_1)
                                         _056_ (net)
                  0.44    0.00    5.27 ^ _525_/B (sky130_fd_sc_hd__xnor3_1)
     1    0.00    0.07    0.40    5.67 v _525_/X (sky130_fd_sc_hd__xnor3_1)
                                         _114_ (net)
                  0.07    0.00    5.67 v _531_/A (sky130_fd_sc_hd__xnor3_1)
     6    0.03    0.21    0.52    6.19 v _531_/X (sky130_fd_sc_hd__xnor3_1)
                                         _120_ (net)
                  0.21    0.00    6.20 v _576_/B (sky130_fd_sc_hd__or3_2)
     5    0.02    0.12    0.57    6.77 v _576_/X (sky130_fd_sc_hd__or3_2)
                                         _159_ (net)
                  0.12    0.00    6.77 v _578_/A (sky130_fd_sc_hd__nand2_1)
     1    0.00    0.08    0.09    6.86 ^ _578_/Y (sky130_fd_sc_hd__nand2_1)
                                         _161_ (net)
                  0.08    0.00    6.86 ^ place694/A (sky130_fd_sc_hd__buf_4)
    11    0.05    0.14    0.20    7.06 ^ place694/X (sky130_fd_sc_hd__buf_4)
                                         net693 (net)
                  0.14    0.00    7.06 ^ _644_/C (sky130_fd_sc_hd__nand4_1)
     1    0.01    0.14    0.15    7.21 v _644_/Y (sky130_fd_sc_hd__nand4_1)
                                         _207_ (net)
                  0.14    0.00    7.21 v _645_/B (sky130_fd_sc_hd__xnor2_1)
     1    0.00    0.14    0.18    7.39 ^ _645_/Y (sky130_fd_sc_hd__xnor2_1)
                                         net105 (net)
                  0.14    0.00    7.39 ^ output106/A (sky130_fd_sc_hd__clkdlybuf4s50_1)
     1    0.02    0.21    0.63    8.02 ^ output106/X (sky130_fd_sc_hd__clkdlybuf4s50_1)
                                         payload_out[20] (net)
                  0.21    0.00    8.02 ^ payload_out[20] (out)
                                  8.02   data arrival time

                         10.00   10.00   clock core_clk (rise edge)
                          0.00   10.00   clock network delay (propagated)
                         -0.10    9.90   clock uncertainty
                          0.00    9.90   clock reconvergence pessimism
                         -1.00    8.90   output external delay
                                  8.90   data required time
-----------------------------------------------------------------------------
                                  8.90   data required time
                                 -8.02   data arrival time
-----------------------------------------------------------------------------
                                  0.88   slack (MET)



==========================================================================
finish report_check_types -max_slew -max_cap -max_fanout -violators
--------------------------------------------------------------------------
max slew

Pin                                    Limit    Slew   Slack
------------------------------------------------------------
u_data/dout[3]                          0.04    0.49   -0.45 (VIOLATED)
u_data/dout[15]                         0.04    0.42   -0.38 (VIOLATED)
u_ecc0/dout[3]                          0.04    0.40   -0.36 (VIOLATED)
u_data/dout[56]                         0.04    0.40   -0.36 (VIOLATED)
u_data/dout[19]                         0.04    0.40   -0.36 (VIOLATED)
u_data/dout[17]                         0.04    0.40   -0.36 (VIOLATED)
u_data/dout[26]                         0.04    0.38   -0.34 (VIOLATED)
u_data/dout[11]                         0.04    0.38   -0.34 (VIOLATED)
u_data/dout[24]                         0.04    0.37   -0.33 (VIOLATED)
u_data/dout[16]                         0.04    0.37   -0.33 (VIOLATED)
u_data/dout[40]                         0.04    0.37   -0.33 (VIOLATED)
u_data/dout[37]                         0.04    0.36   -0.32 (VIOLATED)
u_data/dout[14]                         0.04    0.36   -0.32 (VIOLATED)
u_data/dout[12]                         0.04    0.36   -0.32 (VIOLATED)
u_data/dout[9]                          0.04    0.35   -0.31 (VIOLATED)
u_data/dout[34]                         0.04    0.35   -0.31 (VIOLATED)
u_data/dout[32]                         0.04    0.35   -0.31 (VIOLATED)
u_data/dout[52]                         0.04    0.35   -0.31 (VIOLATED)
u_data/dout[51]                         0.04    0.34   -0.30 (VIOLATED)
u_data/dout[7]                          0.04    0.34   -0.30 (VIOLATED)
u_ecc0/dout[4]                          0.04    0.34   -0.30 (VIOLATED)
u_data/dout[36]                         0.04    0.34   -0.30 (VIOLATED)
u_data/dout[54]                         0.04    0.33   -0.29 (VIOLATED)
u_data/dout[20]                         0.04    0.33   -0.29 (VIOLATED)
u_data/dout[25]                         0.04    0.33   -0.29 (VIOLATED)
u_ecc0/dout[2]                          0.04    0.33   -0.29 (VIOLATED)
u_ecc0/dout[6]                          0.04    0.33   -0.29 (VIOLATED)
u_data/dout[13]                         0.04    0.33   -0.29 (VIOLATED)
u_data/dout[50]                         0.04    0.32   -0.28 (VIOLATED)
u_ecc0/dout[5]                          0.04    0.32   -0.28 (VIOLATED)
u_data/dout[2]                          0.04    0.32   -0.28 (VIOLATED)
u_data/dout[48]                         0.04    0.32   -0.28 (VIOLATED)
u_data/dout[46]                         0.04    0.31   -0.27 (VIOLATED)
u_data/dout[60]                         0.04    0.31   -0.27 (VIOLATED)
u_data/dout[31]                         0.04    0.31   -0.27 (VIOLATED)
u_data/dout[35]                         0.04    0.31   -0.27 (VIOLATED)
u_data/dout[57]                         0.04    0.31   -0.27 (VIOLATED)
u_data/rstb                             0.35    0.62   -0.27 (VIOLATED)
u_data/dout[30]                         0.04    0.30   -0.26 (VIOLATED)
u_data/dout[21]                         0.04    0.30   -0.26 (VIOLATED)
u_data/dout[55]                         0.04    0.30   -0.26 (VIOLATED)
u_data/dout[33]                         0.04    0.29   -0.25 (VIOLATED)
u_data/dout[47]                         0.04    0.29   -0.25 (VIOLATED)
u_data/dout[39]                         0.04    0.29   -0.25 (VIOLATED)
u_data/dout[27]                         0.04    0.29   -0.25 (VIOLATED)
u_data/dout[61]                         0.04    0.28   -0.24 (VIOLATED)
u_data/dout[10]                         0.04    0.28   -0.24 (VIOLATED)
u_data/dout[43]                         0.04    0.28   -0.24 (VIOLATED)
u_data/dout[53]                         0.04    0.27   -0.23 (VIOLATED)
u_data/dout[41]                         0.04    0.27   -0.23 (VIOLATED)
u_data/dout[45]                         0.04    0.27   -0.23 (VIOLATED)
u_data/dout[49]                         0.04    0.27   -0.23 (VIOLATED)
u_data/dout[38]                         0.04    0.26   -0.22 (VIOLATED)
u_ecc0/dout[1]                          0.04    0.26   -0.22 (VIOLATED)
u_data/dout[63]                         0.04    0.26   -0.22 (VIOLATED)
u_data/dout[29]                         0.04    0.25   -0.21 (VIOLATED)
u_data/dout[44]                         0.04    0.25   -0.21 (VIOLATED)
u_data/dout[42]                         0.04    0.25   -0.21 (VIOLATED)
u_data/dout[58]                         0.04    0.24   -0.20 (VIOLATED)
u_data/dout[18]                         0.04    0.24   -0.20 (VIOLATED)
u_ecc0/dout[0]                          0.04    0.24   -0.20 (VIOLATED)
u_ecc0/dout[7]                          0.04    0.24   -0.20 (VIOLATED)
u_data/dout[62]                         0.04    0.24   -0.20 (VIOLATED)
u_data/dout[0]                          0.04    0.22   -0.18 (VIOLATED)
u_data/dout[23]                         0.04    0.22   -0.18 (VIOLATED)
u_data/clk                              0.35    0.51   -0.16 (VIOLATED)
u_data/dout[22]                         0.04    0.18   -0.14 (VIOLATED)
u_data/dout[5]                          0.04    0.18   -0.14 (VIOLATED)
u_data/dout[28]                         0.04    0.18   -0.14 (VIOLATED)
u_data/dout[6]                          0.04    0.18   -0.14 (VIOLATED)
u_data/dout[1]                          0.04    0.17   -0.13 (VIOLATED)
u_data/dout[4]                          0.04    0.17   -0.13 (VIOLATED)
u_data/dout[59]                         0.04    0.16   -0.12 (VIOLATED)
_860_/A                                 0.60    0.70   -0.10 (VIOLATED)
_858_/Y                                 0.60    0.70   -0.10 (VIOLATED)
u_data/dout[8]                          0.04    0.12   -0.08 (VIOLATED)
_766_/B                                 0.60    0.65   -0.05 (VIOLATED)
_765_/Y                                 0.60    0.65   -0.05 (VIOLATED)
u_ecc0/rstb                             0.35    0.38   -0.03 (VIOLATED)
u_data/din[50]                          0.35    0.38   -0.03 (VIOLATED)
u_ecc0/we                               0.35    0.35   -0.00 (VIOLATED)
u_data/we                               0.35    0.35   -0.00 (VIOLATED)


==========================================================================
finish max_slew_check_slack
--------------------------------------------------------------------------
-0.4457783102989197

==========================================================================
finish max_slew_check_limit
--------------------------------------------------------------------------
0.03999999910593033

==========================================================================
finish max_slew_check_slack_limit
--------------------------------------------------------------------------
-11.1445

==========================================================================
finish max_fanout_check_slack
--------------------------------------------------------------------------
1.0000000150474662e+30

==========================================================================
finish max_fanout_check_limit
--------------------------------------------------------------------------
1.0000000150474662e+30

==========================================================================
finish max_capacitance_check_slack
--------------------------------------------------------------------------
0.029308555647730827

==========================================================================
finish max_capacitance_check_limit
--------------------------------------------------------------------------
0.03663099929690361

==========================================================================
finish max_capacitance_check_slack_limit
--------------------------------------------------------------------------
0.8001

==========================================================================
finish max_slew_violation_count
--------------------------------------------------------------------------
max slew violation count 82

==========================================================================
finish max_fanout_violation_count
--------------------------------------------------------------------------
max fanout violation count 0

==========================================================================
finish max_cap_violation_count
--------------------------------------------------------------------------
max cap violation count 0

==========================================================================
finish setup_violation_count
--------------------------------------------------------------------------
setup violation count 0

==========================================================================
finish hold_violation_count
--------------------------------------------------------------------------
hold violation count 0

==========================================================================
finish report_checks -path_delay max reg to reg
--------------------------------------------------------------------------
No paths found.

==========================================================================
finish report_checks -path_delay min reg to reg
--------------------------------------------------------------------------
No paths found.

==========================================================================
finish critical path target clock latency max path
--------------------------------------------------------------------------
0.2844

==========================================================================
finish critical path target clock latency min path
--------------------------------------------------------------------------
0.4938

==========================================================================
finish critical path source clock latency min path
--------------------------------------------------------------------------
0.0000

==========================================================================
finish critical path delay
--------------------------------------------------------------------------
8.0196

==========================================================================
finish critical path slack
--------------------------------------------------------------------------
0.8804

==========================================================================
finish slack div critical path delay
--------------------------------------------------------------------------
10.978104

==========================================================================
finish report_power
--------------------------------------------------------------------------
Group                  Internal  Switching    Leakage      Total
                          Power      Power      Power      Power (Watts)
----------------------------------------------------------------
Sequential             0.00e+00   0.00e+00   0.00e+00   0.00e+00   0.0%
Combinational          2.39e-04   3.89e-04   3.26e-09   6.28e-04  31.9%
Clock                  6.11e-05   1.90e-04   4.86e-11   2.51e-04  12.8%
Macro                  1.09e-03   0.00e+00   7.31e-07   1.09e-03  55.3%
Pad                    0.00e+00   0.00e+00   0.00e+00   0.00e+00   0.0%
----------------------------------------------------------------
Total                  1.39e-03   5.79e-04   7.34e-07   1.97e-03 100.0%
                          70.5%      29.4%       0.0%
