EXECUTED_COMMAND_JSON=["docker", "run", "--rm", "--network", "none", "--platform", "linux/amd64", "--name", "green_v33_secded_s23_a01_read_single_bit_error_correct", "--cpus", "1", "--memory", "3g", "--volume", "/var/lib/green-ecc-v33-activity-complete-e5/fresh_runs/secded_clk10p0ns_seed23/attempt01:/campaign-run", "--volume", "/mnt/c/Users/Abhinav/OneDrive/Desktop/ECC/Error-Code-Correction:/repo:ro", "--workdir", "/OpenROAD-flow-scripts/flow", "openroad/orfs@sha256:f05cee3219a02f26289f02f00e11a3fc986ab51a482a0000a2da810cda219a6e", "/OpenROAD-flow-scripts/tools/install/OpenROAD/bin/openroad", "-exit", "/campaign-run/power/READ_SINGLE_BIT_ERROR_CORRECT/power.tcl"]
OpenROAD 26Q3-1080-gab6fd26351 
Features included (+) or not (-): +GPU +GUI +Python
This program is licensed under the BSD-3 license. See the LICENSE file for details.
Components of this program may be licensed under more restrictive licenses which must be honored.
GREEN_V33_MACRO_OUTPUT_ACTIVITY_ROOTS count=72
[WARNING STA-1651] /campaign-run/results/sky130hd/secded_matched_sram_top/clk10p0ns_seed23/6_final.spef line 56778, u_data not connected to net data_dout[0].
[WARNING STA-1651] /campaign-run/results/sky130hd/secded_matched_sram_top/clk10p0ns_seed23/6_final.spef line 56789, u_data not connected to net data_dout[0].
[WARNING STA-1651] /campaign-run/results/sky130hd/secded_matched_sram_top/clk10p0ns_seed23/6_final.spef line 56801, u_data not connected to net data_dout[10].
[WARNING STA-1651] /campaign-run/results/sky130hd/secded_matched_sram_top/clk10p0ns_seed23/6_final.spef line 56836, u_data not connected to net data_dout[10].
[WARNING STA-1651] /campaign-run/results/sky130hd/secded_matched_sram_top/clk10p0ns_seed23/6_final.spef line 56850, u_data not connected to net data_dout[11].
[WARNING STA-1651] /campaign-run/results/sky130hd/secded_matched_sram_top/clk10p0ns_seed23/6_final.spef line 56861, u_data not connected to net data_dout[11].
[WARNING STA-1651] /campaign-run/results/sky130hd/secded_matched_sram_top/clk10p0ns_seed23/6_final.spef line 56876, u_data not connected to net data_dout[12].
[WARNING STA-1651] /campaign-run/results/sky130hd/secded_matched_sram_top/clk10p0ns_seed23/6_final.spef line 56907, u_data not connected to net data_dout[12].
[WARNING STA-1651] /campaign-run/results/sky130hd/secded_matched_sram_top/clk10p0ns_seed23/6_final.spef line 56921, u_data not connected to net data_dout[13].
[WARNING STA-1651] /campaign-run/results/sky130hd/secded_matched_sram_top/clk10p0ns_seed23/6_final.spef line 56938, u_data not connected to net data_dout[13].
[WARNING STA-1651] /campaign-run/results/sky130hd/secded_matched_sram_top/clk10p0ns_seed23/6_final.spef line 56952, u_data not connected to net data_dout[14].
[WARNING STA-1651] /campaign-run/results/sky130hd/secded_matched_sram_top/clk10p0ns_seed23/6_final.spef line 57005, u_data not connected to net data_dout[14].
[WARNING STA-1651] /campaign-run/results/sky130hd/secded_matched_sram_top/clk10p0ns_seed23/6_final.spef line 57020, u_data not connected to net data_dout[15].
[WARNING STA-1651] /campaign-run/results/sky130hd/secded_matched_sram_top/clk10p0ns_seed23/6_final.spef line 57039, u_data not connected to net data_dout[15].
[WARNING STA-1651] /campaign-run/results/sky130hd/secded_matched_sram_top/clk10p0ns_seed23/6_final.spef line 57051, u_data not connected to net data_dout[16].
[WARNING STA-1651] /campaign-run/results/sky130hd/secded_matched_sram_top/clk10p0ns_seed23/6_final.spef line 57072, u_data not connected to net data_dout[16].
[WARNING STA-1651] /campaign-run/results/sky130hd/secded_matched_sram_top/clk10p0ns_seed23/6_final.spef line 57085, u_data not connected to net data_dout[17].
[WARNING STA-1651] /campaign-run/results/sky130hd/secded_matched_sram_top/clk10p0ns_seed23/6_final.spef line 57109, u_data not connected to net data_dout[17].
[WARNING STA-1651] /campaign-run/results/sky130hd/secded_matched_sram_top/clk10p0ns_seed23/6_final.spef line 57124, u_data not connected to net data_dout[18].
[WARNING STA-1651] /campaign-run/results/sky130hd/secded_matched_sram_top/clk10p0ns_seed23/6_final.spef line 57151, u_data not connected to net data_dout[18].
[WARNING STA-1651] /campaign-run/results/sky130hd/secded_matched_sram_top/clk10p0ns_seed23/6_final.spef line 57166, u_data not connected to net data_dout[19].
[WARNING STA-1651] /campaign-run/results/sky130hd/secded_matched_sram_top/clk10p0ns_seed23/6_final.spef line 57184, u_data not connected to net data_dout[19].
[WARNING STA-1651] /campaign-run/results/sky130hd/secded_matched_sram_top/clk10p0ns_seed23/6_final.spef line 57197, u_data not connected to net data_dout[1].
[WARNING STA-1651] /campaign-run/results/sky130hd/secded_matched_sram_top/clk10p0ns_seed23/6_final.spef line 57202, u_data not connected to net data_dout[1].
[WARNING STA-1651] /campaign-run/results/sky130hd/secded_matched_sram_top/clk10p0ns_seed23/6_final.spef line 57215, u_data not connected to net data_dout[20].
[WARNING STA-1651] /campaign-run/results/sky130hd/secded_matched_sram_top/clk10p0ns_seed23/6_final.spef line 57234, u_data not connected to net data_dout[20].
[WARNING STA-1651] /campaign-run/results/sky130hd/secded_matched_sram_top/clk10p0ns_seed23/6_final.spef line 57247, u_data not connected to net data_dout[21].
[WARNING STA-1651] /campaign-run/results/sky130hd/secded_matched_sram_top/clk10p0ns_seed23/6_final.spef line 57266, u_data not connected to net data_dout[21].
[WARNING STA-1651] /campaign-run/results/sky130hd/secded_matched_sram_top/clk10p0ns_seed23/6_final.spef line 57279, u_data not connected to net data_dout[22].
[WARNING STA-1651] /campaign-run/results/sky130hd/secded_matched_sram_top/clk10p0ns_seed23/6_final.spef line 57296, u_data not connected to net data_dout[22].
[WARNING STA-1651] /campaign-run/results/sky130hd/secded_matched_sram_top/clk10p0ns_seed23/6_final.spef line 57310, u_data not connected to net data_dout[23].
[WARNING STA-1651] /campaign-run/results/sky130hd/secded_matched_sram_top/clk10p0ns_seed23/6_final.spef line 57332, u_data not connected to net data_dout[23].
[WARNING STA-1651] /campaign-run/results/sky130hd/secded_matched_sram_top/clk10p0ns_seed23/6_final.spef line 57345, u_data not connected to net data_dout[24].
[WARNING STA-1651] /campaign-run/results/sky130hd/secded_matched_sram_top/clk10p0ns_seed23/6_final.spef line 57359, u_data not connected to net data_dout[24].
[WARNING STA-1651] /campaign-run/results/sky130hd/secded_matched_sram_top/clk10p0ns_seed23/6_final.spef line 57372, u_data not connected to net data_dout[25].
[WARNING STA-1651] /campaign-run/results/sky130hd/secded_matched_sram_top/clk10p0ns_seed23/6_final.spef line 57384, u_data not connected to net data_dout[25].
[WARNING STA-1651] /campaign-run/results/sky130hd/secded_matched_sram_top/clk10p0ns_seed23/6_final.spef line 57397, u_data not connected to net data_dout[26].
[WARNING STA-1651] /campaign-run/results/sky130hd/secded_matched_sram_top/clk10p0ns_seed23/6_final.spef line 57412, u_data not connected to net data_dout[26].
[WARNING STA-1651] /campaign-run/results/sky130hd/secded_matched_sram_top/clk10p0ns_seed23/6_final.spef line 57425, u_data not connected to net data_dout[27].
[WARNING STA-1651] /campaign-run/results/sky130hd/secded_matched_sram_top/clk10p0ns_seed23/6_final.spef line 57442, u_data not connected to net data_dout[27].
[WARNING STA-1651] /campaign-run/results/sky130hd/secded_matched_sram_top/clk10p0ns_seed23/6_final.spef line 57456, u_data not connected to net data_dout[28].
[WARNING STA-1651] /campaign-run/results/sky130hd/secded_matched_sram_top/clk10p0ns_seed23/6_final.spef line 57479, u_data not connected to net data_dout[28].
[WARNING STA-1651] /campaign-run/results/sky130hd/secded_matched_sram_top/clk10p0ns_seed23/6_final.spef line 57492, u_data not connected to net data_dout[29].
[WARNING STA-1651] /campaign-run/results/sky130hd/secded_matched_sram_top/clk10p0ns_seed23/6_final.spef line 57509, u_data not connected to net data_dout[29].
[WARNING STA-1651] /campaign-run/results/sky130hd/secded_matched_sram_top/clk10p0ns_seed23/6_final.spef line 57522, u_data not connected to net data_dout[2].
[WARNING STA-1651] /campaign-run/results/sky130hd/secded_matched_sram_top/clk10p0ns_seed23/6_final.spef line 57534, u_data not connected to net data_dout[2].
[WARNING STA-1651] /campaign-run/results/sky130hd/secded_matched_sram_top/clk10p0ns_seed23/6_final.spef line 57547, u_data not connected to net data_dout[30].
[WARNING STA-1651] /campaign-run/results/sky130hd/secded_matched_sram_top/clk10p0ns_seed23/6_final.spef line 57572, u_data not connected to net data_dout[30].
[WARNING STA-1651] /campaign-run/results/sky130hd/secded_matched_sram_top/clk10p0ns_seed23/6_final.spef line 57584, u_data not connected to net data_dout[31].
[WARNING STA-1651] /campaign-run/results/sky130hd/secded_matched_sram_top/clk10p0ns_seed23/6_final.spef line 57591, u_data not connected to net data_dout[31].
[WARNING STA-1651] /campaign-run/results/sky130hd/secded_matched_sram_top/clk10p0ns_seed23/6_final.spef line 57602, u_data not connected to net data_dout[32].
[WARNING STA-1651] /campaign-run/results/sky130hd/secded_matched_sram_top/clk10p0ns_seed23/6_final.spef line 57621, u_data not connected to net data_dout[32].
[WARNING STA-1651] /campaign-run/results/sky130hd/secded_matched_sram_top/clk10p0ns_seed23/6_final.spef line 57634, u_data not connected to net data_dout[33].
[WARNING STA-1651] /campaign-run/results/sky130hd/secded_matched_sram_top/clk10p0ns_seed23/6_final.spef line 57649, u_data not connected to net data_dout[33].
[WARNING STA-1651] /campaign-run/results/sky130hd/secded_matched_sram_top/clk10p0ns_seed23/6_final.spef line 57662, u_data not connected to net data_dout[34].
[WARNING STA-1651] /campaign-run/results/sky130hd/secded_matched_sram_top/clk10p0ns_seed23/6_final.spef line 57681, u_data not connected to net data_dout[34].
[WARNING STA-1651] /campaign-run/results/sky130hd/secded_matched_sram_top/clk10p0ns_seed23/6_final.spef line 57694, u_data not connected to net data_dout[35].
[WARNING STA-1651] /campaign-run/results/sky130hd/secded_matched_sram_top/clk10p0ns_seed23/6_final.spef line 57713, u_data not connected to net data_dout[35].
[WARNING STA-1651] /campaign-run/results/sky130hd/secded_matched_sram_top/clk10p0ns_seed23/6_final.spef line 57726, u_data not connected to net data_dout[36].
[WARNING STA-1651] /campaign-run/results/sky130hd/secded_matched_sram_top/clk10p0ns_seed23/6_final.spef line 57744, u_data not connected to net data_dout[36].
[WARNING STA-1651] /campaign-run/results/sky130hd/secded_matched_sram_top/clk10p0ns_seed23/6_final.spef line 57758, u_data not connected to net data_dout[37].
[WARNING STA-1651] /campaign-run/results/sky130hd/secded_matched_sram_top/clk10p0ns_seed23/6_final.spef line 57772, u_data not connected to net data_dout[37].
[WARNING STA-1651] /campaign-run/results/sky130hd/secded_matched_sram_top/clk10p0ns_seed23/6_final.spef line 57785, u_data not connected to net data_dout[38].
[WARNING STA-1651] /campaign-run/results/sky130hd/secded_matched_sram_top/clk10p0ns_seed23/6_final.spef line 57812, u_data not connected to net data_dout[38].
[WARNING STA-1651] /campaign-run/results/sky130hd/secded_matched_sram_top/clk10p0ns_seed23/6_final.spef line 57827, u_data not connected to net data_dout[39].
[WARNING STA-1651] /campaign-run/results/sky130hd/secded_matched_sram_top/clk10p0ns_seed23/6_final.spef line 57844, u_data not connected to net data_dout[39].
[WARNING STA-1651] /campaign-run/results/sky130hd/secded_matched_sram_top/clk10p0ns_seed23/6_final.spef line 57857, u_data not connected to net data_dout[3].
[WARNING STA-1651] /campaign-run/results/sky130hd/secded_matched_sram_top/clk10p0ns_seed23/6_final.spef line 57863, u_data not connected to net data_dout[3].
[WARNING STA-1651] /campaign-run/results/sky130hd/secded_matched_sram_top/clk10p0ns_seed23/6_final.spef line 57874, u_data not connected to net data_dout[40].
[WARNING STA-1651] /campaign-run/results/sky130hd/secded_matched_sram_top/clk10p0ns_seed23/6_final.spef line 57892, u_data not connected to net data_dout[40].
[WARNING STA-1651] /campaign-run/results/sky130hd/secded_matched_sram_top/clk10p0ns_seed23/6_final.spef line 57905, u_data not connected to net data_dout[41].
[WARNING STA-1651] /campaign-run/results/sky130hd/secded_matched_sram_top/clk10p0ns_seed23/6_final.spef line 57918, u_data not connected to net data_dout[41].
[WARNING STA-1651] /campaign-run/results/sky130hd/secded_matched_sram_top/clk10p0ns_seed23/6_final.spef line 57932, u_data not connected to net data_dout[42].
[WARNING STA-1651] /campaign-run/results/sky130hd/secded_matched_sram_top/clk10p0ns_seed23/6_final.spef line 57959, u_data not connected to net data_dout[42].
[WARNING STA-1651] /campaign-run/results/sky130hd/secded_matched_sram_top/clk10p0ns_seed23/6_final.spef line 57975, u_data not connected to net data_dout[43].
[WARNING STA-1651] /campaign-run/results/sky130hd/secded_matched_sram_top/clk10p0ns_seed23/6_final.spef line 57994, u_data not connected to net data_dout[43].
[WARNING STA-1651] /campaign-run/results/sky130hd/secded_matched_sram_top/clk10p0ns_seed23/6_final.spef line 58008, u_data not connected to net data_dout[44].
[WARNING STA-1651] /campaign-run/results/sky130hd/secded_matched_sram_top/clk10p0ns_seed23/6_final.spef line 58043, u_data not connected to net data_dout[44].
[WARNING STA-1651] /campaign-run/results/sky130hd/secded_matched_sram_top/clk10p0ns_seed23/6_final.spef line 58059, u_data not connected to net data_dout[45].
[WARNING STA-1651] /campaign-run/results/sky130hd/secded_matched_sram_top/clk10p0ns_seed23/6_final.spef line 58085, u_data not connected to net data_dout[45].
[WARNING STA-1651] /campaign-run/results/sky130hd/secded_matched_sram_top/clk10p0ns_seed23/6_final.spef line 58100, u_data not connected to net data_dout[46].
[WARNING STA-1651] /campaign-run/results/sky130hd/secded_matched_sram_top/clk10p0ns_seed23/6_final.spef line 58129, u_data not connected to net data_dout[46].
[WARNING STA-1651] /campaign-run/results/sky130hd/secded_matched_sram_top/clk10p0ns_seed23/6_final.spef line 58143, u_data not connected to net data_dout[47].
[WARNING STA-1651] /campaign-run/results/sky130hd/secded_matched_sram_top/clk10p0ns_seed23/6_final.spef line 58162, u_data not connected to net data_dout[47].
[WARNING STA-1651] /campaign-run/results/sky130hd/secded_matched_sram_top/clk10p0ns_seed23/6_final.spef line 58175, u_data not connected to net data_dout[48].
[WARNING STA-1651] /campaign-run/results/sky130hd/secded_matched_sram_top/clk10p0ns_seed23/6_final.spef line 58200, u_data not connected to net data_dout[48].
[WARNING STA-1651] /campaign-run/results/sky130hd/secded_matched_sram_top/clk10p0ns_seed23/6_final.spef line 58214, u_data not connected to net data_dout[49].
[WARNING STA-1651] /campaign-run/results/sky130hd/secded_matched_sram_top/clk10p0ns_seed23/6_final.spef line 58225, u_data not connected to net data_dout[49].
[WARNING STA-1651] /campaign-run/results/sky130hd/secded_matched_sram_top/clk10p0ns_seed23/6_final.spef line 58238, u_data not connected to net data_dout[4].
[WARNING STA-1651] /campaign-run/results/sky130hd/secded_matched_sram_top/clk10p0ns_seed23/6_final.spef line 58249, u_data not connected to net data_dout[4].
[WARNING STA-1651] /campaign-run/results/sky130hd/secded_matched_sram_top/clk10p0ns_seed23/6_final.spef line 58262, u_data not connected to net data_dout[50].
[WARNING STA-1651] /campaign-run/results/sky130hd/secded_matched_sram_top/clk10p0ns_seed23/6_final.spef line 58288, u_data not connected to net data_dout[50].
[WARNING STA-1651] /campaign-run/results/sky130hd/secded_matched_sram_top/clk10p0ns_seed23/6_final.spef line 58303, u_data not connected to net data_dout[51].
[WARNING STA-1651] /campaign-run/results/sky130hd/secded_matched_sram_top/clk10p0ns_seed23/6_final.spef line 58326, u_data not connected to net data_dout[51].
[WARNING STA-1651] /campaign-run/results/sky130hd/secded_matched_sram_top/clk10p0ns_seed23/6_final.spef line 58340, u_data not connected to net data_dout[52].
[WARNING STA-1651] /campaign-run/results/sky130hd/secded_matched_sram_top/clk10p0ns_seed23/6_final.spef line 58361, u_data not connected to net data_dout[52].
[WARNING STA-1651] /campaign-run/results/sky130hd/secded_matched_sram_top/clk10p0ns_seed23/6_final.spef line 58375, u_data not connected to net data_dout[53].
[WARNING STA-1651] /campaign-run/results/sky130hd/secded_matched_sram_top/clk10p0ns_seed23/6_final.spef line 58397, u_data not connected to net data_dout[53].
[WARNING STA-1651] /campaign-run/results/sky130hd/secded_matched_sram_top/clk10p0ns_seed23/6_final.spef line 58411, u_data not connected to net data_dout[54].
[WARNING STA-1651] /campaign-run/results/sky130hd/secded_matched_sram_top/clk10p0ns_seed23/6_final.spef line 58435, u_data not connected to net data_dout[54].
[WARNING STA-1651] /campaign-run/results/sky130hd/secded_matched_sram_top/clk10p0ns_seed23/6_final.spef line 58450, u_data not connected to net data_dout[55].
[WARNING STA-1651] /campaign-run/results/sky130hd/secded_matched_sram_top/clk10p0ns_seed23/6_final.spef line 58479, u_data not connected to net data_dout[55].
[WARNING STA-1651] /campaign-run/results/sky130hd/secded_matched_sram_top/clk10p0ns_seed23/6_final.spef line 58495, u_data not connected to net data_dout[56].
[WARNING STA-1651] /campaign-run/results/sky130hd/secded_matched_sram_top/clk10p0ns_seed23/6_final.spef line 58520, u_data not connected to net data_dout[56].
[WARNING STA-1651] /campaign-run/results/sky130hd/secded_matched_sram_top/clk10p0ns_seed23/6_final.spef line 58537, u_data not connected to net data_dout[57].
[WARNING STA-1651] /campaign-run/results/sky130hd/secded_matched_sram_top/clk10p0ns_seed23/6_final.spef line 58578, u_data not connected to net data_dout[57].
[WARNING STA-1651] /campaign-run/results/sky130hd/secded_matched_sram_top/clk10p0ns_seed23/6_final.spef line 58595, u_data not connected to net data_dout[58].
[WARNING STA-1651] /campaign-run/results/sky130hd/secded_matched_sram_top/clk10p0ns_seed23/6_final.spef line 58615, u_data not connected to net data_dout[58].
[WARNING STA-1651] /campaign-run/results/sky130hd/secded_matched_sram_top/clk10p0ns_seed23/6_final.spef line 58629, u_data not connected to net data_dout[59].
[WARNING STA-1651] /campaign-run/results/sky130hd/secded_matched_sram_top/clk10p0ns_seed23/6_final.spef line 58650, u_data not connected to net data_dout[59].
[WARNING STA-1651] /campaign-run/results/sky130hd/secded_matched_sram_top/clk10p0ns_seed23/6_final.spef line 58664, u_data not connected to net data_dout[5].
[WARNING STA-1651] /campaign-run/results/sky130hd/secded_matched_sram_top/clk10p0ns_seed23/6_final.spef line 58693, u_data not connected to net data_dout[5].
[WARNING STA-1651] /campaign-run/results/sky130hd/secded_matched_sram_top/clk10p0ns_seed23/6_final.spef line 58707, u_data not connected to net data_dout[60].
[WARNING STA-1651] /campaign-run/results/sky130hd/secded_matched_sram_top/clk10p0ns_seed23/6_final.spef line 58724, u_data not connected to net data_dout[60].
[WARNING STA-1651] /campaign-run/results/sky130hd/secded_matched_sram_top/clk10p0ns_seed23/6_final.spef line 58739, u_data not connected to net data_dout[61].
[WARNING STA-1651] /campaign-run/results/sky130hd/secded_matched_sram_top/clk10p0ns_seed23/6_final.spef line 58776, u_data not connected to net data_dout[61].
[WARNING STA-1651] /campaign-run/results/sky130hd/secded_matched_sram_top/clk10p0ns_seed23/6_final.spef line 58791, u_data not connected to net data_dout[62].
[WARNING STA-1651] /campaign-run/results/sky130hd/secded_matched_sram_top/clk10p0ns_seed23/6_final.spef line 58811, u_data not connected to net data_dout[62].
[WARNING STA-1651] /campaign-run/results/sky130hd/secded_matched_sram_top/clk10p0ns_seed23/6_final.spef line 58824, u_data not connected to net data_dout[63].
[WARNING STA-1651] /campaign-run/results/sky130hd/secded_matched_sram_top/clk10p0ns_seed23/6_final.spef line 58902, u_data not connected to net data_dout[63].
[WARNING STA-1651] /campaign-run/results/sky130hd/secded_matched_sram_top/clk10p0ns_seed23/6_final.spef line 58917, u_data not connected to net data_dout[6].
[WARNING STA-1651] /campaign-run/results/sky130hd/secded_matched_sram_top/clk10p0ns_seed23/6_final.spef line 58969, u_data not connected to net data_dout[6].
[WARNING STA-1651] /campaign-run/results/sky130hd/secded_matched_sram_top/clk10p0ns_seed23/6_final.spef line 58981, u_data not connected to net data_dout[7].
[WARNING STA-1651] /campaign-run/results/sky130hd/secded_matched_sram_top/clk10p0ns_seed23/6_final.spef line 58989, u_data not connected to net data_dout[7].
[WARNING STA-1651] /campaign-run/results/sky130hd/secded_matched_sram_top/clk10p0ns_seed23/6_final.spef line 59000, u_data not connected to net data_dout[8].
[WARNING STA-1651] /campaign-run/results/sky130hd/secded_matched_sram_top/clk10p0ns_seed23/6_final.spef line 59034, u_data not connected to net data_dout[8].
[WARNING STA-1651] /campaign-run/results/sky130hd/secded_matched_sram_top/clk10p0ns_seed23/6_final.spef line 59050, u_data not connected to net data_dout[9].
[WARNING STA-1651] /campaign-run/results/sky130hd/secded_matched_sram_top/clk10p0ns_seed23/6_final.spef line 59066, u_data not connected to net data_dout[9].
[WARNING STA-1651] /campaign-run/results/sky130hd/secded_matched_sram_top/clk10p0ns_seed23/6_final.spef line 59110, u_ecc0 not connected to net ecc_dout[0].
[WARNING STA-1651] /campaign-run/results/sky130hd/secded_matched_sram_top/clk10p0ns_seed23/6_final.spef line 59125, u_ecc0 not connected to net ecc_dout[0].
[WARNING STA-1651] /campaign-run/results/sky130hd/secded_matched_sram_top/clk10p0ns_seed23/6_final.spef line 59143, u_ecc0 not connected to net ecc_dout[1].
[WARNING STA-1651] /campaign-run/results/sky130hd/secded_matched_sram_top/clk10p0ns_seed23/6_final.spef line 59177, u_ecc0 not connected to net ecc_dout[1].
[WARNING STA-1651] /campaign-run/results/sky130hd/secded_matched_sram_top/clk10p0ns_seed23/6_final.spef line 59198, u_ecc0 not connected to net ecc_dout[2].
[WARNING STA-1651] /campaign-run/results/sky130hd/secded_matched_sram_top/clk10p0ns_seed23/6_final.spef line 59229, u_ecc0 not connected to net ecc_dout[2].
[WARNING STA-1651] /campaign-run/results/sky130hd/secded_matched_sram_top/clk10p0ns_seed23/6_final.spef line 59250, u_ecc0 not connected to net ecc_dout[3].
[WARNING STA-1651] /campaign-run/results/sky130hd/secded_matched_sram_top/clk10p0ns_seed23/6_final.spef line 59285, u_ecc0 not connected to net ecc_dout[3].
[WARNING STA-1651] /campaign-run/results/sky130hd/secded_matched_sram_top/clk10p0ns_seed23/6_final.spef line 59309, u_ecc0 not connected to net ecc_dout[4].
[WARNING STA-1651] /campaign-run/results/sky130hd/secded_matched_sram_top/clk10p0ns_seed23/6_final.spef line 59326, u_ecc0 not connected to net ecc_dout[4].
[WARNING STA-1651] /campaign-run/results/sky130hd/secded_matched_sram_top/clk10p0ns_seed23/6_final.spef line 59343, u_ecc0 not connected to net ecc_dout[5].
[WARNING STA-1651] /campaign-run/results/sky130hd/secded_matched_sram_top/clk10p0ns_seed23/6_final.spef line 59378, u_ecc0 not connected to net ecc_dout[5].
[WARNING STA-1651] /campaign-run/results/sky130hd/secded_matched_sram_top/clk10p0ns_seed23/6_final.spef line 59394, u_ecc0 not connected to net ecc_dout[6].
[WARNING STA-1651] /campaign-run/results/sky130hd/secded_matched_sram_top/clk10p0ns_seed23/6_final.spef line 59419, u_ecc0 not connected to net ecc_dout[6].
[WARNING STA-1651] /campaign-run/results/sky130hd/secded_matched_sram_top/clk10p0ns_seed23/6_final.spef line 59432, u_ecc0 not connected to net ecc_dout[7].
[WARNING STA-1651] /campaign-run/results/sky130hd/secded_matched_sram_top/clk10p0ns_seed23/6_final.spef line 59440, u_ecc0 not connected to net ecc_dout[7].
Annotated 142 pin activities.
GREEN_V33_EXPLICIT_ROUTED_NET_ACTIVITY nets=1080
GREEN_V33_MACRO_OUTPUT_ACTIVITY_ROOT_ANNOTATIONS count=0
GREEN_V33_POWER_COMPLETE architecture=secded_matched_sram_top operation=READ_SINGLE_BIT_ERROR_CORRECT
