
==========================================================================
cts final report_tns
--------------------------------------------------------------------------
tns max 0.00

==========================================================================
cts final report_wns
--------------------------------------------------------------------------
wns max 0.00

==========================================================================
cts final report_worst_slack
--------------------------------------------------------------------------
worst slack max 0.38

==========================================================================
cts final report_clock_min_period
--------------------------------------------------------------------------
core_clk period_min = 9.62 fmax = 103.99

==========================================================================
cts final report_clock_skew
--------------------------------------------------------------------------
Clock core_clk
No launch/capture paths found.


==========================================================================
cts final report_checks -path_delay min
--------------------------------------------------------------------------
Startpoint: payload_in[52] (input port clocked by core_clk)
Endpoint: u_protected_memory.u_data
          (rising edge-triggered flip-flop clocked by core_clk)
Path Group: core_clk
Path Type: min

Fanout     Cap    Slew   Delay    Time   Description
-----------------------------------------------------------------------------
                          0.00    0.00   clock core_clk (rise edge)
                          0.00    0.00   clock network delay (propagated)
                          0.50    0.50 v input external delay
     1    0.01    0.00    0.00    0.50 v payload_in[52] (in)
                                         payload_in[52] (net)
                  0.00    0.00    0.50 v input73/A (sky130_fd_sc_hd__buf_2)
     1    0.00    0.03    0.10    0.60 v input73/X (sky130_fd_sc_hd__buf_2)
                                         net72 (net)
                  0.03    0.00    0.60 v place756/A (sky130_fd_sc_hd__buf_4)
     2    0.07    0.09    0.19    0.78 v place756/X (sky130_fd_sc_hd__buf_4)
                                         net755 (net)
                  0.13    0.02    0.80 v u_protected_memory.u_data/din[52] (sram22_256x64m4w8)
                                  0.80   data arrival time

                          0.00    0.00   clock core_clk (rise edge)
                          0.00    0.00   clock source latency
     1    0.08    0.00    0.00    0.00 ^ clk (in)
                                         clk (net)
                  0.00    0.00    0.00 ^ clkbuf_0_clk/A (sky130_fd_sc_hd__clkbuf_16)
     2    0.03    0.05    0.12    0.12 ^ clkbuf_0_clk/X (sky130_fd_sc_hd__clkbuf_16)
                                         clknet_0_clk (net)
                  0.05    0.00    0.12 ^ clkbuf_1_1__f_clk/A (sky130_fd_sc_hd__clkbuf_16)
     1    0.37    0.38    0.35    0.47 ^ clkbuf_1_1__f_clk/X (sky130_fd_sc_hd__clkbuf_16)
                                         clknet_1_1__leaf_clk (net)
                  0.52    0.03    0.50 ^ u_protected_memory.u_data/clk (sram22_256x64m4w8)
                          0.10    0.60   clock uncertainty
                          0.00    0.60   clock reconvergence pessimism
                          0.17    0.77   library hold time
                                  0.77   data required time
-----------------------------------------------------------------------------
                                  0.77   data required time
                                 -0.80   data arrival time
-----------------------------------------------------------------------------
                                  0.03   slack (MET)



==========================================================================
cts final report_checks -path_delay max
--------------------------------------------------------------------------
Startpoint: u_protected_memory.u_data
            (rising edge-triggered flip-flop clocked by core_clk)
Endpoint: detected_uncorrectable (output port clocked by core_clk)
Path Group: core_clk
Path Type: max

Fanout     Cap    Slew   Delay    Time   Description
-----------------------------------------------------------------------------
                          0.00    0.00   clock core_clk (rise edge)
                          0.00    0.00   clock source latency
     1    0.08    0.00    0.00    0.00 ^ clk (in)
                                         clk (net)
                  0.00    0.00    0.00 ^ clkbuf_0_clk/A (sky130_fd_sc_hd__clkbuf_16)
     2    0.03    0.05    0.12    0.12 ^ clkbuf_0_clk/X (sky130_fd_sc_hd__clkbuf_16)
                                         clknet_0_clk (net)
                  0.05    0.00    0.12 ^ clkbuf_1_1__f_clk/A (sky130_fd_sc_hd__clkbuf_16)
     1    0.37    0.38    0.35    0.47 ^ clkbuf_1_1__f_clk/X (sky130_fd_sc_hd__clkbuf_16)
                                         clknet_1_1__leaf_clk (net)
                  0.52    0.03    0.50 ^ u_protected_memory.u_data/clk (sram22_256x64m4w8)
     2    0.04    0.32    3.50    4.01 ^ u_protected_memory.u_data/dout[61] (sram22_256x64m4w8)
                                         u_protected_memory.data_dout[61] (net)
                  0.24    0.01    4.01 ^ max_cap557/A (sky130_fd_sc_hd__clkdlybuf4s50_1)
     2    0.01    0.09    0.56    4.57 ^ max_cap557/X (sky130_fd_sc_hd__clkdlybuf4s50_1)
                                         net556 (net)
                  0.09    0.00    4.58 ^ max_cap556/A (sky130_fd_sc_hd__clkdlybuf4s50_1)
     1    0.01    0.07    0.50    5.08 ^ max_cap556/X (sky130_fd_sc_hd__clkdlybuf4s50_1)
                                         net555 (net)
                  0.07    0.00    5.08 ^ max_cap190/A (sky130_fd_sc_hd__clkbuf_2)
     1    0.01    0.05    0.12    5.20 ^ max_cap190/X (sky130_fd_sc_hd__clkbuf_2)
                                         net189 (net)
                  0.05    0.00    5.20 ^ _492_/B (sky130_fd_sc_hd__xnor2_1)
     2    0.01    0.21    0.14    5.34 ^ _492_/Y (sky130_fd_sc_hd__xnor2_1)
                                         _034_ (net)
                  0.21    0.00    5.34 ^ _495_/A (sky130_fd_sc_hd__xnor3_1)
     2    0.01    0.10    0.47    5.81 v _495_/X (sky130_fd_sc_hd__xnor3_1)
                                         _037_ (net)
                  0.10    0.00    5.81 v _500_/A (sky130_fd_sc_hd__xnor3_1)
     2    0.03    0.17    0.50    6.31 v _500_/X (sky130_fd_sc_hd__xnor3_1)
                                         _042_ (net)
                  0.17    0.00    6.31 v _587_/B (sky130_fd_sc_hd__xnor2_4)
    10    0.05    0.41    0.40    6.71 ^ _587_/Y (sky130_fd_sc_hd__xnor2_4)
                                         _128_ (net)
                  0.41    0.00    6.71 ^ place712/A (sky130_fd_sc_hd__buf_4)
     2    0.01    0.05    0.20    6.91 ^ place712/X (sky130_fd_sc_hd__buf_4)
                                         net711 (net)
                  0.05    0.00    6.91 ^ _683_/B (sky130_fd_sc_hd__nor4_2)
     1    0.00    0.07    0.04    6.95 v _683_/Y (sky130_fd_sc_hd__nor4_2)
                                         _199_ (net)
                  0.07    0.00    6.95 v place690/A (sky130_fd_sc_hd__buf_4)
     5    0.03    0.05    0.17    7.12 v place690/X (sky130_fd_sc_hd__buf_4)
                                         net689 (net)
                  0.05    0.00    7.12 v _768_/A2 (sky130_fd_sc_hd__a32o_1)
     1    0.00    0.05    0.25    7.37 v _768_/X (sky130_fd_sc_hd__a32o_1)
                                         _247_ (net)
                  0.05    0.00    7.37 v _780_/A2 (sky130_fd_sc_hd__a211oi_1)
     1    0.01    0.25    0.28    7.64 ^ _780_/Y (sky130_fd_sc_hd__a211oi_1)
                                         _259_ (net)
                  0.25    0.00    7.64 ^ _814_/A (sky130_fd_sc_hd__nand4_1)
     2    0.01    0.19    0.21    7.86 v _814_/Y (sky130_fd_sc_hd__nand4_1)
                                         _293_ (net)
                  0.19    0.00    7.86 v _851_/B1 (sky130_fd_sc_hd__a211oi_4)
     1    0.03    0.42    0.46    8.31 ^ _851_/Y (sky130_fd_sc_hd__a211oi_4)
                                         net92 (net)
                  0.42    0.00    8.32 ^ output93/A (sky130_fd_sc_hd__clkdlybuf4s50_1)
     1    0.02    0.23    0.70    9.02 ^ output93/X (sky130_fd_sc_hd__clkdlybuf4s50_1)
                                         detected_uncorrectable (net)
                  0.23    0.00    9.02 ^ detected_uncorrectable (out)
                                  9.02   data arrival time

                         10.00   10.00   clock core_clk (rise edge)
                          0.00   10.00   clock network delay (propagated)
                         -0.10    9.90   clock uncertainty
                          0.00    9.90   clock reconvergence pessimism
                         -0.50    9.40   output external delay
                                  9.40   data required time
-----------------------------------------------------------------------------
                                  9.40   data required time
                                 -9.02   data arrival time
-----------------------------------------------------------------------------
                                  0.38   slack (MET)



==========================================================================
cts final report_checks -unconstrained
--------------------------------------------------------------------------
Startpoint: u_protected_memory.u_data
            (rising edge-triggered flip-flop clocked by core_clk)
Endpoint: detected_uncorrectable (output port clocked by core_clk)
Path Group: core_clk
Path Type: max

Fanout     Cap    Slew   Delay    Time   Description
-----------------------------------------------------------------------------
                          0.00    0.00   clock core_clk (rise edge)
                          0.00    0.00   clock source latency
     1    0.08    0.00    0.00    0.00 ^ clk (in)
                                         clk (net)
                  0.00    0.00    0.00 ^ clkbuf_0_clk/A (sky130_fd_sc_hd__clkbuf_16)
     2    0.03    0.05    0.12    0.12 ^ clkbuf_0_clk/X (sky130_fd_sc_hd__clkbuf_16)
                                         clknet_0_clk (net)
                  0.05    0.00    0.12 ^ clkbuf_1_1__f_clk/A (sky130_fd_sc_hd__clkbuf_16)
     1    0.37    0.38    0.35    0.47 ^ clkbuf_1_1__f_clk/X (sky130_fd_sc_hd__clkbuf_16)
                                         clknet_1_1__leaf_clk (net)
                  0.52    0.03    0.50 ^ u_protected_memory.u_data/clk (sram22_256x64m4w8)
     2    0.04    0.32    3.50    4.01 ^ u_protected_memory.u_data/dout[61] (sram22_256x64m4w8)
                                         u_protected_memory.data_dout[61] (net)
                  0.24    0.01    4.01 ^ max_cap557/A (sky130_fd_sc_hd__clkdlybuf4s50_1)
     2    0.01    0.09    0.56    4.57 ^ max_cap557/X (sky130_fd_sc_hd__clkdlybuf4s50_1)
                                         net556 (net)
                  0.09    0.00    4.58 ^ max_cap556/A (sky130_fd_sc_hd__clkdlybuf4s50_1)
     1    0.01    0.07    0.50    5.08 ^ max_cap556/X (sky130_fd_sc_hd__clkdlybuf4s50_1)
                                         net555 (net)
                  0.07    0.00    5.08 ^ max_cap190/A (sky130_fd_sc_hd__clkbuf_2)
     1    0.01    0.05    0.12    5.20 ^ max_cap190/X (sky130_fd_sc_hd__clkbuf_2)
                                         net189 (net)
                  0.05    0.00    5.20 ^ _492_/B (sky130_fd_sc_hd__xnor2_1)
     2    0.01    0.21    0.14    5.34 ^ _492_/Y (sky130_fd_sc_hd__xnor2_1)
                                         _034_ (net)
                  0.21    0.00    5.34 ^ _495_/A (sky130_fd_sc_hd__xnor3_1)
     2    0.01    0.10    0.47    5.81 v _495_/X (sky130_fd_sc_hd__xnor3_1)
                                         _037_ (net)
                  0.10    0.00    5.81 v _500_/A (sky130_fd_sc_hd__xnor3_1)
     2    0.03    0.17    0.50    6.31 v _500_/X (sky130_fd_sc_hd__xnor3_1)
                                         _042_ (net)
                  0.17    0.00    6.31 v _587_/B (sky130_fd_sc_hd__xnor2_4)
    10    0.05    0.41    0.40    6.71 ^ _587_/Y (sky130_fd_sc_hd__xnor2_4)
                                         _128_ (net)
                  0.41    0.00    6.71 ^ place712/A (sky130_fd_sc_hd__buf_4)
     2    0.01    0.05    0.20    6.91 ^ place712/X (sky130_fd_sc_hd__buf_4)
                                         net711 (net)
                  0.05    0.00    6.91 ^ _683_/B (sky130_fd_sc_hd__nor4_2)
     1    0.00    0.07    0.04    6.95 v _683_/Y (sky130_fd_sc_hd__nor4_2)
                                         _199_ (net)
                  0.07    0.00    6.95 v place690/A (sky130_fd_sc_hd__buf_4)
     5    0.03    0.05    0.17    7.12 v place690/X (sky130_fd_sc_hd__buf_4)
                                         net689 (net)
                  0.05    0.00    7.12 v _768_/A2 (sky130_fd_sc_hd__a32o_1)
     1    0.00    0.05    0.25    7.37 v _768_/X (sky130_fd_sc_hd__a32o_1)
                                         _247_ (net)
                  0.05    0.00    7.37 v _780_/A2 (sky130_fd_sc_hd__a211oi_1)
     1    0.01    0.25    0.28    7.64 ^ _780_/Y (sky130_fd_sc_hd__a211oi_1)
                                         _259_ (net)
                  0.25    0.00    7.64 ^ _814_/A (sky130_fd_sc_hd__nand4_1)
     2    0.01    0.19    0.21    7.86 v _814_/Y (sky130_fd_sc_hd__nand4_1)
                                         _293_ (net)
                  0.19    0.00    7.86 v _851_/B1 (sky130_fd_sc_hd__a211oi_4)
     1    0.03    0.42    0.46    8.31 ^ _851_/Y (sky130_fd_sc_hd__a211oi_4)
                                         net92 (net)
                  0.42    0.00    8.32 ^ output93/A (sky130_fd_sc_hd__clkdlybuf4s50_1)
     1    0.02    0.23    0.70    9.02 ^ output93/X (sky130_fd_sc_hd__clkdlybuf4s50_1)
                                         detected_uncorrectable (net)
                  0.23    0.00    9.02 ^ detected_uncorrectable (out)
                                  9.02   data arrival time

                         10.00   10.00   clock core_clk (rise edge)
                          0.00   10.00   clock network delay (propagated)
                         -0.10    9.90   clock uncertainty
                          0.00    9.90   clock reconvergence pessimism
                         -0.50    9.40   output external delay
                                  9.40   data required time
-----------------------------------------------------------------------------
                                  9.40   data required time
                                 -9.02   data arrival time
-----------------------------------------------------------------------------
                                  0.38   slack (MET)



==========================================================================
cts final report_check_types -max_slew -max_cap -max_fanout -violators
--------------------------------------------------------------------------
max slew

Pin                                    Limit    Slew   Slack
------------------------------------------------------------
u_protected_memory.u_ecc/dout[5]        0.04    0.45   -0.41 (VIOLATED)
u_protected_memory.u_data/dout[3]       0.04    0.45   -0.41 (VIOLATED)
u_protected_memory.u_ecc/dout[7]        0.04    0.41   -0.37 (VIOLATED)
u_protected_memory.u_ecc/dout[1]        0.04    0.41   -0.37 (VIOLATED)
u_protected_memory.u_ecc/dout[4]        0.04    0.41   -0.37 (VIOLATED)
u_protected_memory.u_ecc/dout[2]        0.04    0.39   -0.35 (VIOLATED)
u_protected_memory.u_data/dout[16]      0.04    0.36   -0.32 (VIOLATED)
u_protected_memory.u_data/dout[6]       0.04    0.36   -0.32 (VIOLATED)
u_protected_memory.u_data/dout[62]      0.04    0.35   -0.31 (VIOLATED)
u_protected_memory.u_data/dout[2]       0.04    0.34   -0.30 (VIOLATED)
u_protected_memory.u_data/dout[63]      0.04    0.34   -0.30 (VIOLATED)
u_protected_memory.u_ecc/dout[6]        0.04    0.32   -0.28 (VIOLATED)
u_protected_memory.u_data/dout[61]      0.04    0.32   -0.28 (VIOLATED)
u_protected_memory.u_data/rstb          0.35    0.62   -0.27 (VIOLATED)
u_protected_memory.u_data/dout[10]      0.04    0.31   -0.27 (VIOLATED)
u_protected_memory.u_data/dout[5]       0.04    0.31   -0.27 (VIOLATED)
u_protected_memory.u_data/dout[59]      0.04    0.31   -0.27 (VIOLATED)
u_protected_memory.u_ecc/dout[3]        0.04    0.30   -0.26 (VIOLATED)
u_protected_memory.u_data/dout[54]      0.04    0.30   -0.26 (VIOLATED)
u_protected_memory.u_data/dout[19]      0.04    0.29   -0.25 (VIOLATED)
u_protected_memory.u_data/dout[13]      0.04    0.29   -0.25 (VIOLATED)
u_protected_memory.u_data/dout[56]      0.04    0.28   -0.24 (VIOLATED)
u_protected_memory.u_data/dout[17]      0.04    0.28   -0.24 (VIOLATED)
u_protected_memory.u_data/dout[8]       0.04    0.27   -0.23 (VIOLATED)
u_protected_memory.u_data/dout[58]      0.04    0.27   -0.23 (VIOLATED)
u_protected_memory.u_data/dout[60]      0.04    0.26   -0.22 (VIOLATED)
u_protected_memory.u_data/dout[33]      0.04    0.26   -0.22 (VIOLATED)
u_protected_memory.u_ecc/dout[0]        0.04    0.25   -0.21 (VIOLATED)
u_protected_memory.u_data/dout[7]       0.04    0.25   -0.21 (VIOLATED)
u_protected_memory.u_data/dout[12]      0.04    0.24   -0.20 (VIOLATED)
u_protected_memory.u_data/dout[31]      0.04    0.23   -0.19 (VIOLATED)
u_protected_memory.u_data/dout[40]      0.04    0.23   -0.19 (VIOLATED)
u_protected_memory.u_data/dout[32]      0.04    0.23   -0.19 (VIOLATED)
u_protected_memory.u_data/dout[9]       0.04    0.23   -0.19 (VIOLATED)
u_protected_memory.u_data/dout[14]      0.04    0.23   -0.19 (VIOLATED)
u_protected_memory.u_data/dout[35]      0.04    0.23   -0.19 (VIOLATED)
u_protected_memory.u_data/dout[57]      0.04    0.23   -0.19 (VIOLATED)
u_protected_memory.u_data/dout[18]      0.04    0.22   -0.18 (VIOLATED)
u_protected_memory.u_data/dout[36]      0.04    0.22   -0.18 (VIOLATED)
u_protected_memory.u_data/dout[30]      0.04    0.21   -0.17 (VIOLATED)
u_protected_memory.u_data/dout[26]      0.04    0.21   -0.17 (VIOLATED)
u_protected_memory.u_data/dout[52]      0.04    0.21   -0.17 (VIOLATED)
u_protected_memory.u_data/dout[23]      0.04    0.21   -0.17 (VIOLATED)
u_protected_memory.u_data/dout[55]      0.04    0.21   -0.17 (VIOLATED)
u_protected_memory.u_data/dout[1]       0.04    0.21   -0.17 (VIOLATED)
u_protected_memory.u_data/clk           0.35    0.52   -0.17 (VIOLATED)
u_protected_memory.u_data/dout[29]      0.04    0.20   -0.16 (VIOLATED)
u_protected_memory.u_data/dout[43]      0.04    0.20   -0.16 (VIOLATED)
u_protected_memory.u_data/dout[15]      0.04    0.20   -0.16 (VIOLATED)
u_protected_memory.u_data/dout[25]      0.04    0.20   -0.16 (VIOLATED)
u_protected_memory.u_data/dout[0]       0.04    0.20   -0.16 (VIOLATED)
u_protected_memory.u_data/dout[50]      0.04    0.20   -0.16 (VIOLATED)
u_protected_memory.u_data/dout[24]      0.04    0.20   -0.16 (VIOLATED)
u_protected_memory.u_data/dout[11]      0.04    0.20   -0.16 (VIOLATED)
u_protected_memory.u_data/dout[53]      0.04    0.19   -0.15 (VIOLATED)
u_protected_memory.u_data/dout[42]      0.04    0.19   -0.15 (VIOLATED)
u_protected_memory.u_data/dout[49]      0.04    0.19   -0.15 (VIOLATED)
u_protected_memory.u_data/dout[48]      0.04    0.19   -0.15 (VIOLATED)
u_protected_memory.u_data/dout[39]      0.04    0.19   -0.15 (VIOLATED)
u_protected_memory.u_data/dout[47]      0.04    0.19   -0.15 (VIOLATED)
u_protected_memory.u_data/dout[44]      0.04    0.19   -0.15 (VIOLATED)
u_protected_memory.u_data/dout[22]      0.04    0.19   -0.15 (VIOLATED)
u_protected_memory.u_data/dout[4]       0.04    0.19   -0.15 (VIOLATED)
u_protected_memory.u_data/dout[34]      0.04    0.19   -0.15 (VIOLATED)
u_protected_memory.u_data/dout[38]      0.04    0.18   -0.14 (VIOLATED)
u_protected_memory.u_data/dout[21]      0.04    0.18   -0.14 (VIOLATED)
u_protected_memory.u_data/dout[51]      0.04    0.18   -0.14 (VIOLATED)
u_protected_memory.u_data/dout[27]      0.04    0.18   -0.14 (VIOLATED)
u_protected_memory.u_data/dout[46]      0.04    0.17   -0.13 (VIOLATED)
u_protected_memory.u_data/dout[20]      0.04    0.17   -0.13 (VIOLATED)
u_protected_memory.u_data/dout[45]      0.04    0.17   -0.13 (VIOLATED)
u_protected_memory.u_data/dout[41]      0.04    0.17   -0.13 (VIOLATED)
u_protected_memory.u_data/dout[37]      0.04    0.16   -0.12 (VIOLATED)
u_protected_memory.u_data/dout[28]      0.04    0.16   -0.12 (VIOLATED)
u_protected_memory.u_data/din[57]       0.35    0.43   -0.08 (VIOLATED)
u_protected_memory.u_data/din[56]       0.35    0.42   -0.07 (VIOLATED)
place679/A                              0.60    0.62   -0.02 (VIOLATED)
_697_/Y                                 0.60    0.62   -0.02 (VIOLATED)
u_protected_memory.u_ecc/rstb           0.35    0.36   -0.01 (VIOLATED)


==========================================================================
cts final max_slew_check_slack
--------------------------------------------------------------------------
-0.41276440024375916

==========================================================================
cts final max_slew_check_limit
--------------------------------------------------------------------------
0.03999999910593033

==========================================================================
cts final max_slew_check_slack_limit
--------------------------------------------------------------------------
-10.3191

==========================================================================
cts final max_fanout_check_slack
--------------------------------------------------------------------------
1.0000000150474662e+30

==========================================================================
cts final max_fanout_check_limit
--------------------------------------------------------------------------
1.0000000150474662e+30

==========================================================================
cts final max_capacitance_check_slack
--------------------------------------------------------------------------
0.025672389194369316

==========================================================================
cts final max_capacitance_check_limit
--------------------------------------------------------------------------
0.02930700220167637

==========================================================================
cts final max_capacitance_check_slack_limit
--------------------------------------------------------------------------
0.8760

==========================================================================
cts final max_slew_violation_count
--------------------------------------------------------------------------
max slew violation count 79

==========================================================================
cts final max_fanout_violation_count
--------------------------------------------------------------------------
max fanout violation count 0

==========================================================================
cts final max_cap_violation_count
--------------------------------------------------------------------------
max cap violation count 0

==========================================================================
cts final setup_violation_count
--------------------------------------------------------------------------
setup violation count 0

==========================================================================
cts final hold_violation_count
--------------------------------------------------------------------------
hold violation count 0

==========================================================================
cts final report_checks -path_delay max reg to reg
--------------------------------------------------------------------------
No paths found.

==========================================================================
cts final report_checks -path_delay min reg to reg
--------------------------------------------------------------------------
No paths found.

==========================================================================
cts final critical path target clock latency max path
--------------------------------------------------------------------------
0.2960

==========================================================================
cts final critical path target clock latency min path
--------------------------------------------------------------------------
0.5050

==========================================================================
cts final critical path source clock latency min path
--------------------------------------------------------------------------
0.0000

==========================================================================
cts final critical path delay
--------------------------------------------------------------------------
9.0163

==========================================================================
cts final critical path slack
--------------------------------------------------------------------------
0.3837

==========================================================================
cts final slack div critical path delay
--------------------------------------------------------------------------
4.255626

==========================================================================
cts final report_power
--------------------------------------------------------------------------
Group                  Internal  Switching    Leakage      Total
                          Power      Power      Power      Power (Watts)
----------------------------------------------------------------
Sequential             0.00e+00   0.00e+00   0.00e+00   0.00e+00   0.0%
Combinational          0.00e+00   0.00e+00   0.00e+00   0.00e+00   0.0%
Clock                  0.00e+00   0.00e+00   0.00e+00   0.00e+00   0.0%
Macro                  0.00e+00   0.00e+00   0.00e+00   0.00e+00   0.0%
Pad                    0.00e+00   0.00e+00   0.00e+00   0.00e+00   0.0%
----------------------------------------------------------------
Total                  0.00e+00   0.00e+00   0.00e+00   0.00e+00   0.0%
                           0.0%       0.0%       0.0%
