
Magic 8.3 revision 311 - Compiled on Thu Jun 16 12:15:12 PDT 2022.
Starting magic under Tcl interpreter
Using the terminal as the console.
Using NULL graphics device.
Processing system .magicrc file
Sourcing design .magicrc for technology sky130A ...
2 Magic internal units = 1 Lambda
Input style sky130(vendor): scaleFactor=2, multiplier=2
The following types are not handled by extraction and will be treated as non-electrical types:
    ubm 
Scaled tech values by 2 / 1 to match internal grid scaling
Loading sky130A Device Generator Menu ...
Using technology "sky130A", version 1.0.291-63-ge829452
Scaled magic input cell sky130_fd_bd_sram__sram_sp_cell_opt1_ce geometry by factor of 2
Cell sky130_fd_bd_sram__sram_sp_cell_metopt1 couldn't be read
Cell sky130_fd_bd_sram__sram_sp_cell_metopt1 is unavailable.  It could not be expanded.
Cell sky130_fd_bd_sram__sram_sp_cell_addpoly couldn't be read
Cell sky130_fd_bd_sram__sram_sp_cell_addpoly is unavailable.  It could not be expanded.
Cell sky130_fd_bd_sram__sram_sp_cell couldn't be read
Cell sky130_fd_bd_sram__sram_sp_cell is unavailable.  It could not be expanded.
Failure to read in entire subtree of cell.
Loading DRC CIF style.
No errors found.
__RULE_CSV_BEGIN__
rule,count
__RULE_CSV_END__
RULE_TOTAL=0
__HIERARCHY_CSV_BEGIN__
cell,error_tiles
__HIERARCHY_CSV_END__
COUNT_TOTAL_WITH_HIERARCHICAL_DOUBLE_COUNTING=0
