EXECUTED_COMMAND_JSON=["docker", "run", "--rm", "--network", "none", "--platform", "linux/amd64", "--name", "green_v33_hsiao_secded_s17_a01_read_clean", "--cpus", "1", "--memory", "3g", "--volume", "/var/lib/green-ecc-v33-activity-complete-e5/fresh_runs/hsiao_secded_clk10p0ns_seed17/attempt01:/campaign-run", "--volume", "/mnt/c/Users/Abhinav/OneDrive/Desktop/ECC/Error-Code-Correction:/repo:ro", "--workdir", "/OpenROAD-flow-scripts/flow", "openroad/orfs@sha256:f05cee3219a02f26289f02f00e11a3fc986ab51a482a0000a2da810cda219a6e", "/OpenROAD-flow-scripts/tools/install/OpenROAD/bin/openroad", "-exit", "/campaign-run/power/READ_CLEAN/power.tcl"]
OpenROAD 26Q3-1080-gab6fd26351 
Features included (+) or not (-): +GPU +GUI +Python
This program is licensed under the BSD-3 license. See the LICENSE file for details.
Components of this program may be licensed under more restrictive licenses which must be honored.
GREEN_V33_MACRO_OUTPUT_ACTIVITY_ROOTS count=72
[WARNING STA-1651] /campaign-run/results/sky130hd/hsiao_matched_sram_top/clk10p0ns_seed17/6_final.spef line 58219, u_data not connected to net data_dout[0].
[WARNING STA-1651] /campaign-run/results/sky130hd/hsiao_matched_sram_top/clk10p0ns_seed17/6_final.spef line 58226, u_data not connected to net data_dout[0].
[WARNING STA-1651] /campaign-run/results/sky130hd/hsiao_matched_sram_top/clk10p0ns_seed17/6_final.spef line 58238, u_data not connected to net data_dout[10].
[WARNING STA-1651] /campaign-run/results/sky130hd/hsiao_matched_sram_top/clk10p0ns_seed17/6_final.spef line 58265, u_data not connected to net data_dout[10].
[WARNING STA-1651] /campaign-run/results/sky130hd/hsiao_matched_sram_top/clk10p0ns_seed17/6_final.spef line 58280, u_data not connected to net data_dout[11].
[WARNING STA-1651] /campaign-run/results/sky130hd/hsiao_matched_sram_top/clk10p0ns_seed17/6_final.spef line 58298, u_data not connected to net data_dout[11].
[WARNING STA-1651] /campaign-run/results/sky130hd/hsiao_matched_sram_top/clk10p0ns_seed17/6_final.spef line 58312, u_data not connected to net data_dout[12].
[WARNING STA-1651] /campaign-run/results/sky130hd/hsiao_matched_sram_top/clk10p0ns_seed17/6_final.spef line 58341, u_data not connected to net data_dout[12].
[WARNING STA-1651] /campaign-run/results/sky130hd/hsiao_matched_sram_top/clk10p0ns_seed17/6_final.spef line 58355, u_data not connected to net data_dout[13].
[WARNING STA-1651] /campaign-run/results/sky130hd/hsiao_matched_sram_top/clk10p0ns_seed17/6_final.spef line 58374, u_data not connected to net data_dout[13].
[WARNING STA-1651] /campaign-run/results/sky130hd/hsiao_matched_sram_top/clk10p0ns_seed17/6_final.spef line 58389, u_data not connected to net data_dout[14].
[WARNING STA-1651] /campaign-run/results/sky130hd/hsiao_matched_sram_top/clk10p0ns_seed17/6_final.spef line 58409, u_data not connected to net data_dout[14].
[WARNING STA-1651] /campaign-run/results/sky130hd/hsiao_matched_sram_top/clk10p0ns_seed17/6_final.spef line 58424, u_data not connected to net data_dout[15].
[WARNING STA-1651] /campaign-run/results/sky130hd/hsiao_matched_sram_top/clk10p0ns_seed17/6_final.spef line 58444, u_data not connected to net data_dout[15].
[WARNING STA-1651] /campaign-run/results/sky130hd/hsiao_matched_sram_top/clk10p0ns_seed17/6_final.spef line 58459, u_data not connected to net data_dout[16].
[WARNING STA-1651] /campaign-run/results/sky130hd/hsiao_matched_sram_top/clk10p0ns_seed17/6_final.spef line 58483, u_data not connected to net data_dout[16].
[WARNING STA-1651] /campaign-run/results/sky130hd/hsiao_matched_sram_top/clk10p0ns_seed17/6_final.spef line 58497, u_data not connected to net data_dout[17].
[WARNING STA-1651] /campaign-run/results/sky130hd/hsiao_matched_sram_top/clk10p0ns_seed17/6_final.spef line 58532, u_data not connected to net data_dout[17].
[WARNING STA-1651] /campaign-run/results/sky130hd/hsiao_matched_sram_top/clk10p0ns_seed17/6_final.spef line 58546, u_data not connected to net data_dout[18].
[WARNING STA-1651] /campaign-run/results/sky130hd/hsiao_matched_sram_top/clk10p0ns_seed17/6_final.spef line 58568, u_data not connected to net data_dout[18].
[WARNING STA-1651] /campaign-run/results/sky130hd/hsiao_matched_sram_top/clk10p0ns_seed17/6_final.spef line 58583, u_data not connected to net data_dout[19].
[WARNING STA-1651] /campaign-run/results/sky130hd/hsiao_matched_sram_top/clk10p0ns_seed17/6_final.spef line 58609, u_data not connected to net data_dout[19].
[WARNING STA-1651] /campaign-run/results/sky130hd/hsiao_matched_sram_top/clk10p0ns_seed17/6_final.spef line 58621, u_data not connected to net data_dout[1].
[WARNING STA-1651] /campaign-run/results/sky130hd/hsiao_matched_sram_top/clk10p0ns_seed17/6_final.spef line 58636, u_data not connected to net data_dout[1].
[WARNING STA-1651] /campaign-run/results/sky130hd/hsiao_matched_sram_top/clk10p0ns_seed17/6_final.spef line 58649, u_data not connected to net data_dout[20].
[WARNING STA-1651] /campaign-run/results/sky130hd/hsiao_matched_sram_top/clk10p0ns_seed17/6_final.spef line 58668, u_data not connected to net data_dout[20].
[WARNING STA-1651] /campaign-run/results/sky130hd/hsiao_matched_sram_top/clk10p0ns_seed17/6_final.spef line 58682, u_data not connected to net data_dout[21].
[WARNING STA-1651] /campaign-run/results/sky130hd/hsiao_matched_sram_top/clk10p0ns_seed17/6_final.spef line 58720, u_data not connected to net data_dout[21].
[WARNING STA-1651] /campaign-run/results/sky130hd/hsiao_matched_sram_top/clk10p0ns_seed17/6_final.spef line 58736, u_data not connected to net data_dout[22].
[WARNING STA-1651] /campaign-run/results/sky130hd/hsiao_matched_sram_top/clk10p0ns_seed17/6_final.spef line 58750, u_data not connected to net data_dout[22].
[WARNING STA-1651] /campaign-run/results/sky130hd/hsiao_matched_sram_top/clk10p0ns_seed17/6_final.spef line 58763, u_data not connected to net data_dout[23].
[WARNING STA-1651] /campaign-run/results/sky130hd/hsiao_matched_sram_top/clk10p0ns_seed17/6_final.spef line 58777, u_data not connected to net data_dout[23].
[WARNING STA-1651] /campaign-run/results/sky130hd/hsiao_matched_sram_top/clk10p0ns_seed17/6_final.spef line 58792, u_data not connected to net data_dout[24].
[WARNING STA-1651] /campaign-run/results/sky130hd/hsiao_matched_sram_top/clk10p0ns_seed17/6_final.spef line 58823, u_data not connected to net data_dout[24].
[WARNING STA-1651] /campaign-run/results/sky130hd/hsiao_matched_sram_top/clk10p0ns_seed17/6_final.spef line 58840, u_data not connected to net data_dout[25].
[WARNING STA-1651] /campaign-run/results/sky130hd/hsiao_matched_sram_top/clk10p0ns_seed17/6_final.spef line 58873, u_data not connected to net data_dout[25].
[WARNING STA-1651] /campaign-run/results/sky130hd/hsiao_matched_sram_top/clk10p0ns_seed17/6_final.spef line 58889, u_data not connected to net data_dout[26].
[WARNING STA-1651] /campaign-run/results/sky130hd/hsiao_matched_sram_top/clk10p0ns_seed17/6_final.spef line 58913, u_data not connected to net data_dout[26].
[WARNING STA-1651] /campaign-run/results/sky130hd/hsiao_matched_sram_top/clk10p0ns_seed17/6_final.spef line 58927, u_data not connected to net data_dout[27].
[WARNING STA-1651] /campaign-run/results/sky130hd/hsiao_matched_sram_top/clk10p0ns_seed17/6_final.spef line 58948, u_data not connected to net data_dout[27].
[WARNING STA-1651] /campaign-run/results/sky130hd/hsiao_matched_sram_top/clk10p0ns_seed17/6_final.spef line 58961, u_data not connected to net data_dout[28].
[WARNING STA-1651] /campaign-run/results/sky130hd/hsiao_matched_sram_top/clk10p0ns_seed17/6_final.spef line 58973, u_data not connected to net data_dout[28].
[WARNING STA-1651] /campaign-run/results/sky130hd/hsiao_matched_sram_top/clk10p0ns_seed17/6_final.spef line 58986, u_data not connected to net data_dout[29].
[WARNING STA-1651] /campaign-run/results/sky130hd/hsiao_matched_sram_top/clk10p0ns_seed17/6_final.spef line 59008, u_data not connected to net data_dout[29].
[WARNING STA-1651] /campaign-run/results/sky130hd/hsiao_matched_sram_top/clk10p0ns_seed17/6_final.spef line 59022, u_data not connected to net data_dout[2].
[WARNING STA-1651] /campaign-run/results/sky130hd/hsiao_matched_sram_top/clk10p0ns_seed17/6_final.spef line 59044, u_data not connected to net data_dout[2].
[WARNING STA-1651] /campaign-run/results/sky130hd/hsiao_matched_sram_top/clk10p0ns_seed17/6_final.spef line 59058, u_data not connected to net data_dout[30].
[WARNING STA-1651] /campaign-run/results/sky130hd/hsiao_matched_sram_top/clk10p0ns_seed17/6_final.spef line 59078, u_data not connected to net data_dout[30].
[WARNING STA-1651] /campaign-run/results/sky130hd/hsiao_matched_sram_top/clk10p0ns_seed17/6_final.spef line 59092, u_data not connected to net data_dout[31].
[WARNING STA-1651] /campaign-run/results/sky130hd/hsiao_matched_sram_top/clk10p0ns_seed17/6_final.spef line 59120, u_data not connected to net data_dout[31].
[WARNING STA-1651] /campaign-run/results/sky130hd/hsiao_matched_sram_top/clk10p0ns_seed17/6_final.spef line 59134, u_data not connected to net data_dout[32].
[WARNING STA-1651] /campaign-run/results/sky130hd/hsiao_matched_sram_top/clk10p0ns_seed17/6_final.spef line 59158, u_data not connected to net data_dout[32].
[WARNING STA-1651] /campaign-run/results/sky130hd/hsiao_matched_sram_top/clk10p0ns_seed17/6_final.spef line 59173, u_data not connected to net data_dout[33].
[WARNING STA-1651] /campaign-run/results/sky130hd/hsiao_matched_sram_top/clk10p0ns_seed17/6_final.spef line 59197, u_data not connected to net data_dout[33].
[WARNING STA-1651] /campaign-run/results/sky130hd/hsiao_matched_sram_top/clk10p0ns_seed17/6_final.spef line 59213, u_data not connected to net data_dout[34].
[WARNING STA-1651] /campaign-run/results/sky130hd/hsiao_matched_sram_top/clk10p0ns_seed17/6_final.spef line 59231, u_data not connected to net data_dout[34].
[WARNING STA-1651] /campaign-run/results/sky130hd/hsiao_matched_sram_top/clk10p0ns_seed17/6_final.spef line 59246, u_data not connected to net data_dout[35].
[WARNING STA-1651] /campaign-run/results/sky130hd/hsiao_matched_sram_top/clk10p0ns_seed17/6_final.spef line 59284, u_data not connected to net data_dout[35].
[WARNING STA-1651] /campaign-run/results/sky130hd/hsiao_matched_sram_top/clk10p0ns_seed17/6_final.spef line 59300, u_data not connected to net data_dout[36].
[WARNING STA-1651] /campaign-run/results/sky130hd/hsiao_matched_sram_top/clk10p0ns_seed17/6_final.spef line 59324, u_data not connected to net data_dout[36].
[WARNING STA-1651] /campaign-run/results/sky130hd/hsiao_matched_sram_top/clk10p0ns_seed17/6_final.spef line 59339, u_data not connected to net data_dout[37].
[WARNING STA-1651] /campaign-run/results/sky130hd/hsiao_matched_sram_top/clk10p0ns_seed17/6_final.spef line 59361, u_data not connected to net data_dout[37].
[WARNING STA-1651] /campaign-run/results/sky130hd/hsiao_matched_sram_top/clk10p0ns_seed17/6_final.spef line 59375, u_data not connected to net data_dout[38].
[WARNING STA-1651] /campaign-run/results/sky130hd/hsiao_matched_sram_top/clk10p0ns_seed17/6_final.spef line 59392, u_data not connected to net data_dout[38].
[WARNING STA-1651] /campaign-run/results/sky130hd/hsiao_matched_sram_top/clk10p0ns_seed17/6_final.spef line 59407, u_data not connected to net data_dout[39].
[WARNING STA-1651] /campaign-run/results/sky130hd/hsiao_matched_sram_top/clk10p0ns_seed17/6_final.spef line 59433, u_data not connected to net data_dout[39].
[WARNING STA-1651] /campaign-run/results/sky130hd/hsiao_matched_sram_top/clk10p0ns_seed17/6_final.spef line 59450, u_data not connected to net data_dout[3].
[WARNING STA-1651] /campaign-run/results/sky130hd/hsiao_matched_sram_top/clk10p0ns_seed17/6_final.spef line 59486, u_data not connected to net data_dout[3].
[WARNING STA-1651] /campaign-run/results/sky130hd/hsiao_matched_sram_top/clk10p0ns_seed17/6_final.spef line 59501, u_data not connected to net data_dout[40].
[WARNING STA-1651] /campaign-run/results/sky130hd/hsiao_matched_sram_top/clk10p0ns_seed17/6_final.spef line 59516, u_data not connected to net data_dout[40].
[WARNING STA-1651] /campaign-run/results/sky130hd/hsiao_matched_sram_top/clk10p0ns_seed17/6_final.spef line 59529, u_data not connected to net data_dout[41].
[WARNING STA-1651] /campaign-run/results/sky130hd/hsiao_matched_sram_top/clk10p0ns_seed17/6_final.spef line 59538, u_data not connected to net data_dout[41].
[WARNING STA-1651] /campaign-run/results/sky130hd/hsiao_matched_sram_top/clk10p0ns_seed17/6_final.spef line 59551, u_data not connected to net data_dout[42].
[WARNING STA-1651] /campaign-run/results/sky130hd/hsiao_matched_sram_top/clk10p0ns_seed17/6_final.spef line 59571, u_data not connected to net data_dout[42].
[WARNING STA-1651] /campaign-run/results/sky130hd/hsiao_matched_sram_top/clk10p0ns_seed17/6_final.spef line 59586, u_data not connected to net data_dout[43].
[WARNING STA-1651] /campaign-run/results/sky130hd/hsiao_matched_sram_top/clk10p0ns_seed17/6_final.spef line 59614, u_data not connected to net data_dout[43].
[WARNING STA-1651] /campaign-run/results/sky130hd/hsiao_matched_sram_top/clk10p0ns_seed17/6_final.spef line 59630, u_data not connected to net data_dout[44].
[WARNING STA-1651] /campaign-run/results/sky130hd/hsiao_matched_sram_top/clk10p0ns_seed17/6_final.spef line 59645, u_data not connected to net data_dout[44].
[WARNING STA-1651] /campaign-run/results/sky130hd/hsiao_matched_sram_top/clk10p0ns_seed17/6_final.spef line 59659, u_data not connected to net data_dout[45].
[WARNING STA-1651] /campaign-run/results/sky130hd/hsiao_matched_sram_top/clk10p0ns_seed17/6_final.spef line 59671, u_data not connected to net data_dout[45].
[WARNING STA-1651] /campaign-run/results/sky130hd/hsiao_matched_sram_top/clk10p0ns_seed17/6_final.spef line 59685, u_data not connected to net data_dout[46].
[WARNING STA-1651] /campaign-run/results/sky130hd/hsiao_matched_sram_top/clk10p0ns_seed17/6_final.spef line 59696, u_data not connected to net data_dout[46].
[WARNING STA-1651] /campaign-run/results/sky130hd/hsiao_matched_sram_top/clk10p0ns_seed17/6_final.spef line 59709, u_data not connected to net data_dout[47].
[WARNING STA-1651] /campaign-run/results/sky130hd/hsiao_matched_sram_top/clk10p0ns_seed17/6_final.spef line 59730, u_data not connected to net data_dout[47].
[WARNING STA-1651] /campaign-run/results/sky130hd/hsiao_matched_sram_top/clk10p0ns_seed17/6_final.spef line 59744, u_data not connected to net data_dout[48].
[WARNING STA-1651] /campaign-run/results/sky130hd/hsiao_matched_sram_top/clk10p0ns_seed17/6_final.spef line 59771, u_data not connected to net data_dout[48].
[WARNING STA-1651] /campaign-run/results/sky130hd/hsiao_matched_sram_top/clk10p0ns_seed17/6_final.spef line 59785, u_data not connected to net data_dout[49].
[WARNING STA-1651] /campaign-run/results/sky130hd/hsiao_matched_sram_top/clk10p0ns_seed17/6_final.spef line 59804, u_data not connected to net data_dout[49].
[WARNING STA-1651] /campaign-run/results/sky130hd/hsiao_matched_sram_top/clk10p0ns_seed17/6_final.spef line 59816, u_data not connected to net data_dout[4].
[WARNING STA-1651] /campaign-run/results/sky130hd/hsiao_matched_sram_top/clk10p0ns_seed17/6_final.spef line 59838, u_data not connected to net data_dout[4].
[WARNING STA-1651] /campaign-run/results/sky130hd/hsiao_matched_sram_top/clk10p0ns_seed17/6_final.spef line 59850, u_data not connected to net data_dout[50].
[WARNING STA-1651] /campaign-run/results/sky130hd/hsiao_matched_sram_top/clk10p0ns_seed17/6_final.spef line 59867, u_data not connected to net data_dout[50].
[WARNING STA-1651] /campaign-run/results/sky130hd/hsiao_matched_sram_top/clk10p0ns_seed17/6_final.spef line 59881, u_data not connected to net data_dout[51].
[WARNING STA-1651] /campaign-run/results/sky130hd/hsiao_matched_sram_top/clk10p0ns_seed17/6_final.spef line 59905, u_data not connected to net data_dout[51].
[WARNING STA-1651] /campaign-run/results/sky130hd/hsiao_matched_sram_top/clk10p0ns_seed17/6_final.spef line 59920, u_data not connected to net data_dout[52].
[WARNING STA-1651] /campaign-run/results/sky130hd/hsiao_matched_sram_top/clk10p0ns_seed17/6_final.spef line 59948, u_data not connected to net data_dout[52].
[WARNING STA-1651] /campaign-run/results/sky130hd/hsiao_matched_sram_top/clk10p0ns_seed17/6_final.spef line 59963, u_data not connected to net data_dout[53].
[WARNING STA-1651] /campaign-run/results/sky130hd/hsiao_matched_sram_top/clk10p0ns_seed17/6_final.spef line 59983, u_data not connected to net data_dout[53].
[WARNING STA-1651] /campaign-run/results/sky130hd/hsiao_matched_sram_top/clk10p0ns_seed17/6_final.spef line 59997, u_data not connected to net data_dout[54].
[WARNING STA-1651] /campaign-run/results/sky130hd/hsiao_matched_sram_top/clk10p0ns_seed17/6_final.spef line 60015, u_data not connected to net data_dout[54].
[WARNING STA-1651] /campaign-run/results/sky130hd/hsiao_matched_sram_top/clk10p0ns_seed17/6_final.spef line 60030, u_data not connected to net data_dout[55].
[WARNING STA-1651] /campaign-run/results/sky130hd/hsiao_matched_sram_top/clk10p0ns_seed17/6_final.spef line 60055, u_data not connected to net data_dout[55].
[WARNING STA-1651] /campaign-run/results/sky130hd/hsiao_matched_sram_top/clk10p0ns_seed17/6_final.spef line 60069, u_data not connected to net data_dout[56].
[WARNING STA-1651] /campaign-run/results/sky130hd/hsiao_matched_sram_top/clk10p0ns_seed17/6_final.spef line 60085, u_data not connected to net data_dout[56].
[WARNING STA-1651] /campaign-run/results/sky130hd/hsiao_matched_sram_top/clk10p0ns_seed17/6_final.spef line 60100, u_data not connected to net data_dout[57].
[WARNING STA-1651] /campaign-run/results/sky130hd/hsiao_matched_sram_top/clk10p0ns_seed17/6_final.spef line 60115, u_data not connected to net data_dout[57].
[WARNING STA-1651] /campaign-run/results/sky130hd/hsiao_matched_sram_top/clk10p0ns_seed17/6_final.spef line 60129, u_data not connected to net data_dout[58].
[WARNING STA-1651] /campaign-run/results/sky130hd/hsiao_matched_sram_top/clk10p0ns_seed17/6_final.spef line 60166, u_data not connected to net data_dout[58].
[WARNING STA-1651] /campaign-run/results/sky130hd/hsiao_matched_sram_top/clk10p0ns_seed17/6_final.spef line 60183, u_data not connected to net data_dout[59].
[WARNING STA-1651] /campaign-run/results/sky130hd/hsiao_matched_sram_top/clk10p0ns_seed17/6_final.spef line 60211, u_data not connected to net data_dout[59].
[WARNING STA-1651] /campaign-run/results/sky130hd/hsiao_matched_sram_top/clk10p0ns_seed17/6_final.spef line 60225, u_data not connected to net data_dout[5].
[WARNING STA-1651] /campaign-run/results/sky130hd/hsiao_matched_sram_top/clk10p0ns_seed17/6_final.spef line 60234, u_data not connected to net data_dout[5].
[WARNING STA-1651] /campaign-run/results/sky130hd/hsiao_matched_sram_top/clk10p0ns_seed17/6_final.spef line 60247, u_data not connected to net data_dout[60].
[WARNING STA-1651] /campaign-run/results/sky130hd/hsiao_matched_sram_top/clk10p0ns_seed17/6_final.spef line 60265, u_data not connected to net data_dout[60].
[WARNING STA-1651] /campaign-run/results/sky130hd/hsiao_matched_sram_top/clk10p0ns_seed17/6_final.spef line 60277, u_data not connected to net data_dout[61].
[WARNING STA-1651] /campaign-run/results/sky130hd/hsiao_matched_sram_top/clk10p0ns_seed17/6_final.spef line 60290, u_data not connected to net data_dout[61].
[WARNING STA-1651] /campaign-run/results/sky130hd/hsiao_matched_sram_top/clk10p0ns_seed17/6_final.spef line 60301, u_data not connected to net data_dout[62].
[WARNING STA-1651] /campaign-run/results/sky130hd/hsiao_matched_sram_top/clk10p0ns_seed17/6_final.spef line 60306, u_data not connected to net data_dout[62].
[WARNING STA-1651] /campaign-run/results/sky130hd/hsiao_matched_sram_top/clk10p0ns_seed17/6_final.spef line 60318, u_data not connected to net data_dout[63].
[WARNING STA-1651] /campaign-run/results/sky130hd/hsiao_matched_sram_top/clk10p0ns_seed17/6_final.spef line 60326, u_data not connected to net data_dout[63].
[WARNING STA-1651] /campaign-run/results/sky130hd/hsiao_matched_sram_top/clk10p0ns_seed17/6_final.spef line 60340, u_data not connected to net data_dout[6].
[WARNING STA-1651] /campaign-run/results/sky130hd/hsiao_matched_sram_top/clk10p0ns_seed17/6_final.spef line 60352, u_data not connected to net data_dout[6].
[WARNING STA-1651] /campaign-run/results/sky130hd/hsiao_matched_sram_top/clk10p0ns_seed17/6_final.spef line 60364, u_data not connected to net data_dout[7].
[WARNING STA-1651] /campaign-run/results/sky130hd/hsiao_matched_sram_top/clk10p0ns_seed17/6_final.spef line 60410, u_data not connected to net data_dout[7].
[WARNING STA-1651] /campaign-run/results/sky130hd/hsiao_matched_sram_top/clk10p0ns_seed17/6_final.spef line 60423, u_data not connected to net data_dout[8].
[WARNING STA-1651] /campaign-run/results/sky130hd/hsiao_matched_sram_top/clk10p0ns_seed17/6_final.spef line 60433, u_data not connected to net data_dout[8].
[WARNING STA-1651] /campaign-run/results/sky130hd/hsiao_matched_sram_top/clk10p0ns_seed17/6_final.spef line 60445, u_data not connected to net data_dout[9].
[WARNING STA-1651] /campaign-run/results/sky130hd/hsiao_matched_sram_top/clk10p0ns_seed17/6_final.spef line 60463, u_data not connected to net data_dout[9].
[WARNING STA-1651] /campaign-run/results/sky130hd/hsiao_matched_sram_top/clk10p0ns_seed17/6_final.spef line 60494, u_ecc0 not connected to net ecc_dout[0].
[WARNING STA-1651] /campaign-run/results/sky130hd/hsiao_matched_sram_top/clk10p0ns_seed17/6_final.spef line 60523, u_ecc0 not connected to net ecc_dout[0].
[WARNING STA-1651] /campaign-run/results/sky130hd/hsiao_matched_sram_top/clk10p0ns_seed17/6_final.spef line 60534, u_ecc0 not connected to net ecc_dout[1].
[WARNING STA-1651] /campaign-run/results/sky130hd/hsiao_matched_sram_top/clk10p0ns_seed17/6_final.spef line 60548, u_ecc0 not connected to net ecc_dout[1].
[WARNING STA-1651] /campaign-run/results/sky130hd/hsiao_matched_sram_top/clk10p0ns_seed17/6_final.spef line 60560, u_ecc0 not connected to net ecc_dout[2].
[WARNING STA-1651] /campaign-run/results/sky130hd/hsiao_matched_sram_top/clk10p0ns_seed17/6_final.spef line 60585, u_ecc0 not connected to net ecc_dout[2].
[WARNING STA-1651] /campaign-run/results/sky130hd/hsiao_matched_sram_top/clk10p0ns_seed17/6_final.spef line 60598, u_ecc0 not connected to net ecc_dout[3].
[WARNING STA-1651] /campaign-run/results/sky130hd/hsiao_matched_sram_top/clk10p0ns_seed17/6_final.spef line 60620, u_ecc0 not connected to net ecc_dout[3].
[WARNING STA-1651] /campaign-run/results/sky130hd/hsiao_matched_sram_top/clk10p0ns_seed17/6_final.spef line 60632, u_ecc0 not connected to net ecc_dout[4].
[WARNING STA-1651] /campaign-run/results/sky130hd/hsiao_matched_sram_top/clk10p0ns_seed17/6_final.spef line 60652, u_ecc0 not connected to net ecc_dout[4].
[WARNING STA-1651] /campaign-run/results/sky130hd/hsiao_matched_sram_top/clk10p0ns_seed17/6_final.spef line 60665, u_ecc0 not connected to net ecc_dout[5].
[WARNING STA-1651] /campaign-run/results/sky130hd/hsiao_matched_sram_top/clk10p0ns_seed17/6_final.spef line 60694, u_ecc0 not connected to net ecc_dout[5].
[WARNING STA-1651] /campaign-run/results/sky130hd/hsiao_matched_sram_top/clk10p0ns_seed17/6_final.spef line 60706, u_ecc0 not connected to net ecc_dout[6].
[WARNING STA-1651] /campaign-run/results/sky130hd/hsiao_matched_sram_top/clk10p0ns_seed17/6_final.spef line 60720, u_ecc0 not connected to net ecc_dout[6].
[WARNING STA-1651] /campaign-run/results/sky130hd/hsiao_matched_sram_top/clk10p0ns_seed17/6_final.spef line 60731, u_ecc0 not connected to net ecc_dout[7].
[WARNING STA-1651] /campaign-run/results/sky130hd/hsiao_matched_sram_top/clk10p0ns_seed17/6_final.spef line 60741, u_ecc0 not connected to net ecc_dout[7].
Annotated 142 pin activities.
GREEN_V33_EXPLICIT_ROUTED_NET_ACTIVITY nets=1170
GREEN_V33_MACRO_OUTPUT_ACTIVITY_ROOT_ANNOTATIONS count=0
GREEN_V33_POWER_COMPLETE architecture=hsiao_matched_sram_top operation=READ_CLEAN
