
==========================================================================
detailed place report_tns
--------------------------------------------------------------------------
tns max 0.00

==========================================================================
detailed place report_wns
--------------------------------------------------------------------------
wns max 0.00

==========================================================================
detailed place report_worst_slack
--------------------------------------------------------------------------
worst slack max 0.64

==========================================================================
detailed place report_clock_min_period
--------------------------------------------------------------------------
core_clk period_min = 9.36 fmax = 106.84

==========================================================================
detailed place report_checks -path_delay min
--------------------------------------------------------------------------
Startpoint: rstb (input port clocked by core_clk)
Endpoint: u_protected_memory.u_data
          (rising edge-triggered flip-flop clocked by core_clk)
Path Group: core_clk
Path Type: min

Fanout     Cap    Slew   Delay    Time   Description
-----------------------------------------------------------------------------
                  0.00    0.00    0.00   clock core_clk (rise edge)
                          0.00    0.00   clock network delay (ideal)
                          0.50    0.50 v input external delay
     1    0.05    0.00    0.00    0.50 v rstb (in)
                                         rstb (net)
                  0.01    0.01    0.51 v input90/A (sky130_fd_sc_hd__clkbuf_16)
     2    0.04    0.05    0.15    0.65 v input90/X (sky130_fd_sc_hd__clkbuf_16)
                                         net89 (net)
                  0.05    0.00    0.66 v wire304/A (sky130_fd_sc_hd__buf_16)
     1    0.02    0.03    0.13    0.78 v wire304/X (sky130_fd_sc_hd__buf_16)
                                         net303 (net)
                  0.03    0.00    0.79 v wire630/A (sky130_fd_sc_hd__buf_16)
     1    0.08    0.06    0.15    0.93 v wire630/X (sky130_fd_sc_hd__buf_16)
                                         net629 (net)
                  0.08    0.00    0.94 v u_protected_memory.u_data/rstb (sram22_256x64m4w8)
                                  0.94   data arrival time

                  0.00    0.00    0.00   clock core_clk (rise edge)
                          0.00    0.00   clock network delay (ideal)
                          0.10    0.10   clock uncertainty
                          0.00    0.10   clock reconvergence pessimism
                                  0.10 ^ u_protected_memory.u_data/clk (sram22_256x64m4w8)
                          4.87    4.97   library hold time
                                  4.97   data required time
-----------------------------------------------------------------------------
                                  4.97   data required time
                                 -0.94   data arrival time
-----------------------------------------------------------------------------
                                 -4.03   slack (VIOLATED)



==========================================================================
detailed place report_checks -path_delay max
--------------------------------------------------------------------------
Startpoint: u_protected_memory.u_data
            (rising edge-triggered flip-flop clocked by core_clk)
Endpoint: detected_uncorrectable (output port clocked by core_clk)
Path Group: core_clk
Path Type: max

Fanout     Cap    Slew   Delay    Time   Description
-----------------------------------------------------------------------------
                  0.00    0.00    0.00   clock core_clk (rise edge)
                          0.00    0.00   clock network delay (ideal)
                  0.00    0.00    0.00 ^ u_protected_memory.u_data/clk (sram22_256x64m4w8)
     2    0.03    0.28    3.46    3.46 ^ u_protected_memory.u_data/dout[56] (sram22_256x64m4w8)
                                         u_protected_memory.data_dout[56] (net)
                  0.21    0.00    3.46 ^ max_cap560/A (sky130_fd_sc_hd__clkdlybuf4s50_1)
     2    0.01    0.10    0.56    4.02 ^ max_cap560/X (sky130_fd_sc_hd__clkdlybuf4s50_1)
                                         net559 (net)
                  0.10    0.00    4.02 ^ max_cap559/A (sky130_fd_sc_hd__clkdlybuf4s50_1)
     1    0.00    0.05    0.49    4.51 ^ max_cap559/X (sky130_fd_sc_hd__clkdlybuf4s50_1)
                                         net558 (net)
                  0.05    0.00    4.51 ^ max_cap202/A (sky130_fd_sc_hd__clkdlybuf4s50_1)
     1    0.01    0.07    0.49    5.00 ^ max_cap202/X (sky130_fd_sc_hd__clkdlybuf4s50_1)
                                         net201 (net)
                  0.07    0.00    5.00 ^ _496_/C (sky130_fd_sc_hd__xnor3_1)
     3    0.02    0.13    0.28    5.28 v _496_/X (sky130_fd_sc_hd__xnor3_1)
                                         _038_ (net)
                  0.13    0.00    5.28 v _567_/A (sky130_fd_sc_hd__xnor2_1)
     1    0.01    0.18    0.23    5.51 ^ _567_/Y (sky130_fd_sc_hd__xnor2_1)
                                         _109_ (net)
                  0.18    0.00    5.51 ^ _570_/B (sky130_fd_sc_hd__xnor3_1)
     2    0.04    0.22    0.50    6.02 v _570_/X (sky130_fd_sc_hd__xnor3_1)
                                         _112_ (net)
                  0.22    0.00    6.02 v _575_/A (sky130_fd_sc_hd__xnor2_4)
     7    0.04    0.36    0.40    6.42 ^ _575_/Y (sky130_fd_sc_hd__xnor2_4)
                                         _117_ (net)
                  0.36    0.00    6.42 ^ place719/A (sky130_fd_sc_hd__buf_4)
     6    0.04    0.12    0.25    6.67 ^ place719/X (sky130_fd_sc_hd__buf_4)
                                         net718 (net)
                  0.12    0.00    6.67 ^ _602_/C (sky130_fd_sc_hd__nor4_4)
     2    0.01    0.08    0.06    6.73 v _602_/Y (sky130_fd_sc_hd__nor4_4)
                                         _141_ (net)
                  0.08    0.00    6.73 v place705/A (sky130_fd_sc_hd__buf_4)
    11    0.05    0.07    0.20    6.93 v place705/X (sky130_fd_sc_hd__buf_4)
                                         net704 (net)
                  0.07    0.00    6.93 v _831_/B2 (sky130_fd_sc_hd__a22oi_1)
     1    0.00    0.18    0.19    7.12 ^ _831_/Y (sky130_fd_sc_hd__a22oi_1)
                                         _310_ (net)
                  0.18    0.00    7.12 ^ _834_/A2 (sky130_fd_sc_hd__o22ai_1)
     1    0.00    0.08    0.11    7.23 v _834_/Y (sky130_fd_sc_hd__o22ai_1)
                                         _313_ (net)
                  0.08    0.00    7.23 v _848_/A (sky130_fd_sc_hd__nor4_1)
     1    0.01    0.36    0.39    7.62 ^ _848_/Y (sky130_fd_sc_hd__nor4_1)
                                         _327_ (net)
                  0.36    0.00    7.62 ^ _849_/B1 (sky130_fd_sc_hd__o21ai_2)
     2    0.01    0.11    0.15    7.76 v _849_/Y (sky130_fd_sc_hd__o21ai_2)
                                         _328_ (net)
                  0.11    0.00    7.76 v _851_/C1 (sky130_fd_sc_hd__a211oi_4)
     1    0.01    0.22    0.22    7.98 ^ _851_/Y (sky130_fd_sc_hd__a211oi_4)
                                         net92 (net)
                  0.22    0.00    7.98 ^ place632/A (sky130_fd_sc_hd__buf_12)
     1    0.03    0.05    0.15    8.14 ^ place632/X (sky130_fd_sc_hd__buf_12)
                                         net631 (net)
                  0.05    0.00    8.14 ^ output93/A (sky130_fd_sc_hd__clkdlybuf4s50_1)
     1    0.02    0.24    0.62    8.76 ^ output93/X (sky130_fd_sc_hd__clkdlybuf4s50_1)
                                         detected_uncorrectable (net)
                  0.24    0.00    8.76 ^ detected_uncorrectable (out)
                                  8.76   data arrival time

                  0.00   10.00   10.00   clock core_clk (rise edge)
                          0.00   10.00   clock network delay (ideal)
                         -0.10    9.90   clock uncertainty
                          0.00    9.90   clock reconvergence pessimism
                         -0.50    9.40   output external delay
                                  9.40   data required time
-----------------------------------------------------------------------------
                                  9.40   data required time
                                 -8.76   data arrival time
-----------------------------------------------------------------------------
                                  0.64   slack (MET)



==========================================================================
detailed place report_checks -unconstrained
--------------------------------------------------------------------------
Startpoint: u_protected_memory.u_data
            (rising edge-triggered flip-flop clocked by core_clk)
Endpoint: detected_uncorrectable (output port clocked by core_clk)
Path Group: core_clk
Path Type: max

Fanout     Cap    Slew   Delay    Time   Description
-----------------------------------------------------------------------------
                  0.00    0.00    0.00   clock core_clk (rise edge)
                          0.00    0.00   clock network delay (ideal)
                  0.00    0.00    0.00 ^ u_protected_memory.u_data/clk (sram22_256x64m4w8)
     2    0.03    0.28    3.46    3.46 ^ u_protected_memory.u_data/dout[56] (sram22_256x64m4w8)
                                         u_protected_memory.data_dout[56] (net)
                  0.21    0.00    3.46 ^ max_cap560/A (sky130_fd_sc_hd__clkdlybuf4s50_1)
     2    0.01    0.10    0.56    4.02 ^ max_cap560/X (sky130_fd_sc_hd__clkdlybuf4s50_1)
                                         net559 (net)
                  0.10    0.00    4.02 ^ max_cap559/A (sky130_fd_sc_hd__clkdlybuf4s50_1)
     1    0.00    0.05    0.49    4.51 ^ max_cap559/X (sky130_fd_sc_hd__clkdlybuf4s50_1)
                                         net558 (net)
                  0.05    0.00    4.51 ^ max_cap202/A (sky130_fd_sc_hd__clkdlybuf4s50_1)
     1    0.01    0.07    0.49    5.00 ^ max_cap202/X (sky130_fd_sc_hd__clkdlybuf4s50_1)
                                         net201 (net)
                  0.07    0.00    5.00 ^ _496_/C (sky130_fd_sc_hd__xnor3_1)
     3    0.02    0.13    0.28    5.28 v _496_/X (sky130_fd_sc_hd__xnor3_1)
                                         _038_ (net)
                  0.13    0.00    5.28 v _567_/A (sky130_fd_sc_hd__xnor2_1)
     1    0.01    0.18    0.23    5.51 ^ _567_/Y (sky130_fd_sc_hd__xnor2_1)
                                         _109_ (net)
                  0.18    0.00    5.51 ^ _570_/B (sky130_fd_sc_hd__xnor3_1)
     2    0.04    0.22    0.50    6.02 v _570_/X (sky130_fd_sc_hd__xnor3_1)
                                         _112_ (net)
                  0.22    0.00    6.02 v _575_/A (sky130_fd_sc_hd__xnor2_4)
     7    0.04    0.36    0.40    6.42 ^ _575_/Y (sky130_fd_sc_hd__xnor2_4)
                                         _117_ (net)
                  0.36    0.00    6.42 ^ place719/A (sky130_fd_sc_hd__buf_4)
     6    0.04    0.12    0.25    6.67 ^ place719/X (sky130_fd_sc_hd__buf_4)
                                         net718 (net)
                  0.12    0.00    6.67 ^ _602_/C (sky130_fd_sc_hd__nor4_4)
     2    0.01    0.08    0.06    6.73 v _602_/Y (sky130_fd_sc_hd__nor4_4)
                                         _141_ (net)
                  0.08    0.00    6.73 v place705/A (sky130_fd_sc_hd__buf_4)
    11    0.05    0.07    0.20    6.93 v place705/X (sky130_fd_sc_hd__buf_4)
                                         net704 (net)
                  0.07    0.00    6.93 v _831_/B2 (sky130_fd_sc_hd__a22oi_1)
     1    0.00    0.18    0.19    7.12 ^ _831_/Y (sky130_fd_sc_hd__a22oi_1)
                                         _310_ (net)
                  0.18    0.00    7.12 ^ _834_/A2 (sky130_fd_sc_hd__o22ai_1)
     1    0.00    0.08    0.11    7.23 v _834_/Y (sky130_fd_sc_hd__o22ai_1)
                                         _313_ (net)
                  0.08    0.00    7.23 v _848_/A (sky130_fd_sc_hd__nor4_1)
     1    0.01    0.36    0.39    7.62 ^ _848_/Y (sky130_fd_sc_hd__nor4_1)
                                         _327_ (net)
                  0.36    0.00    7.62 ^ _849_/B1 (sky130_fd_sc_hd__o21ai_2)
     2    0.01    0.11    0.15    7.76 v _849_/Y (sky130_fd_sc_hd__o21ai_2)
                                         _328_ (net)
                  0.11    0.00    7.76 v _851_/C1 (sky130_fd_sc_hd__a211oi_4)
     1    0.01    0.22    0.22    7.98 ^ _851_/Y (sky130_fd_sc_hd__a211oi_4)
                                         net92 (net)
                  0.22    0.00    7.98 ^ place632/A (sky130_fd_sc_hd__buf_12)
     1    0.03    0.05    0.15    8.14 ^ place632/X (sky130_fd_sc_hd__buf_12)
                                         net631 (net)
                  0.05    0.00    8.14 ^ output93/A (sky130_fd_sc_hd__clkdlybuf4s50_1)
     1    0.02    0.24    0.62    8.76 ^ output93/X (sky130_fd_sc_hd__clkdlybuf4s50_1)
                                         detected_uncorrectable (net)
                  0.24    0.00    8.76 ^ detected_uncorrectable (out)
                                  8.76   data arrival time

                  0.00   10.00   10.00   clock core_clk (rise edge)
                          0.00   10.00   clock network delay (ideal)
                         -0.10    9.90   clock uncertainty
                          0.00    9.90   clock reconvergence pessimism
                         -0.50    9.40   output external delay
                                  9.40   data required time
-----------------------------------------------------------------------------
                                  9.40   data required time
                                 -8.76   data arrival time
-----------------------------------------------------------------------------
                                  0.64   slack (MET)



==========================================================================
detailed place report_check_types -max_slew -max_cap -max_fanout -violators
--------------------------------------------------------------------------
max slew

Pin                                    Limit    Slew   Slack
------------------------------------------------------------
u_protected_memory.u_ecc/dout[5]        0.04    0.42   -0.38 (VIOLATED)
u_protected_memory.u_ecc/dout[7]        0.04    0.40   -0.36 (VIOLATED)
u_protected_memory.u_ecc/dout[2]        0.04    0.40   -0.36 (VIOLATED)
u_protected_memory.u_ecc/dout[1]        0.04    0.40   -0.36 (VIOLATED)
u_protected_memory.u_ecc/dout[4]        0.04    0.40   -0.36 (VIOLATED)
u_protected_memory.u_data/dout[3]       0.04    0.35   -0.31 (VIOLATED)
u_protected_memory.u_data/dout[63]      0.04    0.35   -0.31 (VIOLATED)
u_protected_memory.u_data/dout[2]       0.04    0.34   -0.30 (VIOLATED)
u_protected_memory.u_data/dout[62]      0.04    0.34   -0.30 (VIOLATED)
u_protected_memory.u_ecc/dout[6]        0.04    0.34   -0.30 (VIOLATED)
u_protected_memory.u_data/dout[59]      0.04    0.33   -0.29 (VIOLATED)
u_protected_memory.u_data/dout[60]      0.04    0.32   -0.28 (VIOLATED)
u_protected_memory.u_data/dout[58]      0.04    0.32   -0.28 (VIOLATED)
u_protected_memory.u_data/dout[61]      0.04    0.32   -0.28 (VIOLATED)
u_protected_memory.u_data/dout[16]      0.04    0.32   -0.28 (VIOLATED)
u_protected_memory.u_ecc/dout[3]        0.04    0.31   -0.27 (VIOLATED)
u_protected_memory.u_data/rstb          0.35    0.62   -0.27 (VIOLATED)
u_protected_memory.u_data/dout[19]      0.04    0.30   -0.26 (VIOLATED)
u_protected_memory.u_data/dout[57]      0.04    0.30   -0.26 (VIOLATED)
u_protected_memory.u_data/dout[17]      0.04    0.29   -0.25 (VIOLATED)
u_protected_memory.u_data/dout[5]       0.04    0.29   -0.25 (VIOLATED)
u_protected_memory.u_data/dout[6]       0.04    0.29   -0.25 (VIOLATED)
u_protected_memory.u_data/dout[10]      0.04    0.29   -0.25 (VIOLATED)
u_protected_memory.u_data/dout[8]       0.04    0.28   -0.24 (VIOLATED)
u_protected_memory.u_data/dout[56]      0.04    0.28   -0.24 (VIOLATED)
u_protected_memory.u_data/dout[14]      0.04    0.27   -0.23 (VIOLATED)
u_protected_memory.u_data/dout[47]      0.04    0.27   -0.23 (VIOLATED)
u_protected_memory.u_data/dout[54]      0.04    0.27   -0.23 (VIOLATED)
u_protected_memory.u_data/dout[55]      0.04    0.26   -0.22 (VIOLATED)
u_protected_memory.u_data/dout[33]      0.04    0.26   -0.22 (VIOLATED)
u_protected_memory.u_data/dout[12]      0.04    0.25   -0.21 (VIOLATED)
u_protected_memory.u_ecc/dout[0]        0.04    0.25   -0.21 (VIOLATED)
u_protected_memory.u_data/dout[7]       0.04    0.25   -0.21 (VIOLATED)
u_protected_memory.u_data/dout[52]      0.04    0.25   -0.21 (VIOLATED)
u_protected_memory.u_data/dout[42]      0.04    0.24   -0.20 (VIOLATED)
u_protected_memory.u_data/dout[18]      0.04    0.23   -0.19 (VIOLATED)
u_protected_memory.u_data/dout[9]       0.04    0.23   -0.19 (VIOLATED)
u_protected_memory.u_data/dout[31]      0.04    0.23   -0.19 (VIOLATED)
u_protected_memory.u_data/dout[23]      0.04    0.23   -0.19 (VIOLATED)
u_protected_memory.u_data/dout[36]      0.04    0.22   -0.18 (VIOLATED)
u_protected_memory.u_data/dout[25]      0.04    0.22   -0.18 (VIOLATED)
u_protected_memory.u_data/dout[40]      0.04    0.22   -0.18 (VIOLATED)
u_protected_memory.u_data/dout[53]      0.04    0.22   -0.18 (VIOLATED)
u_protected_memory.u_data/dout[29]      0.04    0.22   -0.18 (VIOLATED)
u_protected_memory.u_data/dout[26]      0.04    0.22   -0.18 (VIOLATED)
u_protected_memory.u_data/dout[51]      0.04    0.22   -0.18 (VIOLATED)
u_protected_memory.u_data/dout[32]      0.04    0.21   -0.17 (VIOLATED)
u_protected_memory.u_data/dout[13]      0.04    0.21   -0.17 (VIOLATED)
u_protected_memory.u_data/dout[43]      0.04    0.21   -0.17 (VIOLATED)
u_protected_memory.u_data/dout[15]      0.04    0.21   -0.17 (VIOLATED)
u_protected_memory.u_data/dout[49]      0.04    0.20   -0.16 (VIOLATED)
u_protected_memory.u_data/dout[34]      0.04    0.20   -0.16 (VIOLATED)
u_protected_memory.u_data/dout[30]      0.04    0.20   -0.16 (VIOLATED)
u_protected_memory.u_data/dout[44]      0.04    0.20   -0.16 (VIOLATED)
u_protected_memory.u_data/dout[22]      0.04    0.20   -0.16 (VIOLATED)
u_protected_memory.u_data/dout[21]      0.04    0.20   -0.16 (VIOLATED)
u_protected_memory.u_data/dout[24]      0.04    0.20   -0.16 (VIOLATED)
u_protected_memory.u_data/dout[1]       0.04    0.19   -0.15 (VIOLATED)
u_protected_memory.u_data/dout[50]      0.04    0.19   -0.15 (VIOLATED)
u_protected_memory.u_data/dout[0]       0.04    0.19   -0.15 (VIOLATED)
u_protected_memory.u_data/dout[28]      0.04    0.19   -0.15 (VIOLATED)
u_protected_memory.u_data/dout[11]      0.04    0.19   -0.15 (VIOLATED)
u_protected_memory.u_data/dout[48]      0.04    0.19   -0.15 (VIOLATED)
u_protected_memory.u_data/dout[4]       0.04    0.19   -0.15 (VIOLATED)
u_protected_memory.u_data/dout[27]      0.04    0.19   -0.15 (VIOLATED)
u_protected_memory.u_data/dout[37]      0.04    0.18   -0.14 (VIOLATED)
u_protected_memory.u_data/dout[39]      0.04    0.18   -0.14 (VIOLATED)
u_protected_memory.u_data/dout[46]      0.04    0.17   -0.13 (VIOLATED)
u_protected_memory.u_data/dout[35]      0.04    0.17   -0.13 (VIOLATED)
u_protected_memory.u_data/dout[38]      0.04    0.17   -0.13 (VIOLATED)
u_protected_memory.u_data/dout[41]      0.04    0.17   -0.13 (VIOLATED)
u_protected_memory.u_data/dout[45]      0.04    0.17   -0.13 (VIOLATED)
u_protected_memory.u_data/dout[20]      0.04    0.16   -0.12 (VIOLATED)
u_protected_memory.u_data/din[56]       0.35    0.42   -0.07 (VIOLATED)
u_protected_memory.u_data/din[57]       0.35    0.41   -0.06 (VIOLATED)
u_protected_memory.u_ecc/rstb           0.35    0.36   -0.01 (VIOLATED)
u_protected_memory.u_data/din[55]       0.35    0.35   -0.00 (VIOLATED)
place674/A                              0.60    0.60   -0.00 (VIOLATED)
_729_/Y                                 0.60    0.60   -0.00 (VIOLATED)


==========================================================================
detailed place max_slew_check_slack
--------------------------------------------------------------------------
-0.3768678605556488

==========================================================================
detailed place max_slew_check_limit
--------------------------------------------------------------------------
0.03999999910593033

==========================================================================
detailed place max_slew_check_slack_limit
--------------------------------------------------------------------------
-9.4217

==========================================================================
detailed place max_fanout_check_slack
--------------------------------------------------------------------------
1.0000000150474662e+30

==========================================================================
detailed place max_fanout_check_limit
--------------------------------------------------------------------------
1.0000000150474662e+30

==========================================================================
detailed place max_capacitance_check_slack
--------------------------------------------------------------------------
0.02937309443950653

==========================================================================
detailed place max_capacitance_check_limit
--------------------------------------------------------------------------
0.03663099929690361

==========================================================================
detailed place max_capacitance_check_slack_limit
--------------------------------------------------------------------------
0.8019

==========================================================================
detailed place max_slew_violation_count
--------------------------------------------------------------------------
max slew violation count 79

==========================================================================
detailed place max_fanout_violation_count
--------------------------------------------------------------------------
max fanout violation count 0

==========================================================================
detailed place max_cap_violation_count
--------------------------------------------------------------------------
max cap violation count 0

==========================================================================
detailed place setup_violation_count
--------------------------------------------------------------------------
setup violation count 0

==========================================================================
detailed place hold_violation_count
--------------------------------------------------------------------------
hold violation count 2

==========================================================================
detailed place report_checks -path_delay max reg to reg
--------------------------------------------------------------------------
No paths found.

==========================================================================
detailed place report_checks -path_delay min reg to reg
--------------------------------------------------------------------------
No paths found.

==========================================================================
detailed place critical path target clock latency max path
--------------------------------------------------------------------------
0.0000

==========================================================================
detailed place critical path target clock latency min path
--------------------------------------------------------------------------
0.0000

==========================================================================
detailed place critical path source clock latency min path
--------------------------------------------------------------------------
0.0000

==========================================================================
detailed place critical path delay
--------------------------------------------------------------------------
8.7601

==========================================================================
detailed place critical path slack
--------------------------------------------------------------------------
0.6399

==========================================================================
detailed place slack div critical path delay
--------------------------------------------------------------------------
7.304711

==========================================================================
detailed place report_power
--------------------------------------------------------------------------
Group                  Internal  Switching    Leakage      Total
                          Power      Power      Power      Power (Watts)
----------------------------------------------------------------
Sequential             0.00e+00   0.00e+00   0.00e+00   0.00e+00   0.0%
Combinational          2.41e-04   4.13e-04   3.63e-09   6.54e-04  37.5%
Clock                  0.00e+00   0.00e+00   0.00e+00   0.00e+00   0.0%
Macro                  1.09e-03   0.00e+00   7.31e-07   1.09e-03  62.5%
Pad                    0.00e+00   0.00e+00   0.00e+00   0.00e+00   0.0%
----------------------------------------------------------------
Total                  1.33e-03   4.13e-04   7.34e-07   1.74e-03 100.0%
                          76.2%      23.7%       0.0%
