OpenROAD 26Q3-1080-gab6fd26351 
Features included (+) or not (-): +GPU +GUI +Python
This program is licensed under the BSD-3 license. See the LICENSE file for details.
Components of this program may be licensed under more restrictive licenses which must be honored.
[INFO ORD-0030] Using 4 thread(s).
read_liberty /OpenROAD-flow-scripts/flow/platforms/sky130hd/lib/sky130_fd_sc_hd__tt_025C_1v80.lib
read_liberty /work/campaigns/iscas_sustainability_extension/memory_compiler/gate3_attempt07_sram22_matched_physical_closure/source_checkout/sram22_256x64m4w8/sram22_256x64m4w8_tt_025C_1v80.lib
read_liberty /work/campaigns/iscas_sustainability_extension/memory_compiler/gate3_attempt07_sram22_matched_physical_closure/source_checkout/sram22_256x8m8w1/sram22_256x8m8w1_tt_025C_1v80.lib
read_db /work/campaigns/iscas_sustainability_extension/memory_compiler/gate3_attempt07_sram22_matched_physical_closure/raw/openroad/work/results/sky130hd/attempt07_e0/seed11/5_1_grt.odb
read_sdc /work/campaigns/iscas_sustainability_extension/memory_compiler/gate3_attempt07_sram22_matched_physical_closure/raw/openroad/work/results/sky130hd/attempt07_e0/seed11/5_1_grt.sdc
source /OpenROAD-flow-scripts/flow/platforms/sky130hd/setRC.tcl
detailed_route -output_drc /work/campaigns/iscas_sustainability_extension/memory_compiler/gate3_attempt07_sram22_matched_physical_closure/raw/openroad/work/reports/sky130hd/attempt07_e0/seed11/5_route_drc.rpt -output_maze /work/campaigns/iscas_sustainability_extension/memory_compiler/gate3_attempt07_sram22_matched_physical_closure/raw/openroad/work/results/sky130hd/attempt07_e0/seed11/maze.log -droute_end_iter 64 -verbose 1 -drc_report_iter_step 5
[INFO DRT-0149] Reading tech and libs.
[WARNING DRT-0349] LEF58_ENCLOSURE with no CUTCLASS is not supported. Skipping for layer mcon
[WARNING DRT-0349] LEF58_ENCLOSURE with no CUTCLASS is not supported. Skipping for layer mcon
[WARNING DRT-0349] LEF58_ENCLOSURE with no CUTCLASS is not supported. Skipping for layer via
[WARNING DRT-0349] LEF58_ENCLOSURE with no CUTCLASS is not supported. Skipping for layer via
[WARNING DRT-0349] LEF58_ENCLOSURE with no CUTCLASS is not supported. Skipping for layer via2
[WARNING DRT-0349] LEF58_ENCLOSURE with no CUTCLASS is not supported. Skipping for layer via2
[WARNING DRT-0349] LEF58_ENCLOSURE with no CUTCLASS is not supported. Skipping for layer via3
[WARNING DRT-0349] LEF58_ENCLOSURE with no CUTCLASS is not supported. Skipping for layer via3
[WARNING DRT-0349] LEF58_ENCLOSURE with no CUTCLASS is not supported. Skipping for layer via4
[WARNING DRT-0349] LEF58_ENCLOSURE with no CUTCLASS is not supported. Skipping for layer via4

Units:                1000
Number of layers:     13
Number of macros:     443
Number of vias:       130
Number of viarulegen: 25

[INFO DRT-0150] Reading design.

Design:                   e0_sram22_top
Die area:                 ( 0 0 ) ( 1000000 650000 )
Number of track patterns: 12
Number of DEF vias:       0
Number of components:     5856
Number of terminals:      144
Number of snets:          2
Number of nets:           1232

[WARNING DRT-0419] No routing tracks pass through the center of Term u_protected_memory.u_data/dout[0]
[WARNING DRT-0419] No routing tracks pass through the center of Term u_protected_memory.u_data/dout[1]
[WARNING DRT-0419] No routing tracks pass through the center of Term u_protected_memory.u_data/dout[2]
[WARNING DRT-0419] No routing tracks pass through the center of Term u_protected_memory.u_data/dout[3]
[WARNING DRT-0419] No routing tracks pass through the center of Term u_protected_memory.u_data/dout[4]
[WARNING DRT-0419] No routing tracks pass through the center of Term u_protected_memory.u_data/dout[5]
[WARNING DRT-0419] No routing tracks pass through the center of Term u_protected_memory.u_data/dout[6]
[WARNING DRT-0419] No routing tracks pass through the center of Term u_protected_memory.u_data/dout[7]
[WARNING DRT-0419] No routing tracks pass through the center of Term u_protected_memory.u_data/dout[8]
[WARNING DRT-0419] No routing tracks pass through the center of Term u_protected_memory.u_data/dout[9]
[WARNING DRT-0419] No routing tracks pass through the center of Term u_protected_memory.u_data/dout[10]
[WARNING DRT-0419] No routing tracks pass through the center of Term u_protected_memory.u_data/dout[11]
[WARNING DRT-0419] No routing tracks pass through the center of Term u_protected_memory.u_data/dout[12]
[WARNING DRT-0419] No routing tracks pass through the center of Term u_protected_memory.u_data/dout[13]
[WARNING DRT-0419] No routing tracks pass through the center of Term u_protected_memory.u_data/dout[14]
[WARNING DRT-0419] No routing tracks pass through the center of Term u_protected_memory.u_data/dout[15]
[WARNING DRT-0419] No routing tracks pass through the center of Term u_protected_memory.u_data/dout[16]
[WARNING DRT-0419] No routing tracks pass through the center of Term u_protected_memory.u_data/dout[17]
[WARNING DRT-0419] No routing tracks pass through the center of Term u_protected_memory.u_data/dout[18]
[WARNING DRT-0419] No routing tracks pass through the center of Term u_protected_memory.u_data/dout[19]
[WARNING DRT-0419] No routing tracks pass through the center of Term u_protected_memory.u_data/dout[20]
[WARNING DRT-0419] No routing tracks pass through the center of Term u_protected_memory.u_data/dout[21]
[WARNING DRT-0419] No routing tracks pass through the center of Term u_protected_memory.u_data/dout[22]
[WARNING DRT-0419] No routing tracks pass through the center of Term u_protected_memory.u_data/dout[23]
[WARNING DRT-0419] No routing tracks pass through the center of Term u_protected_memory.u_data/dout[24]
[WARNING DRT-0419] No routing tracks pass through the center of Term u_protected_memory.u_data/dout[25]
[WARNING DRT-0419] No routing tracks pass through the center of Term u_protected_memory.u_data/dout[26]
[WARNING DRT-0419] No routing tracks pass through the center of Term u_protected_memory.u_data/dout[27]
[WARNING DRT-0419] No routing tracks pass through the center of Term u_protected_memory.u_data/dout[28]
[WARNING DRT-0419] No routing tracks pass through the center of Term u_protected_memory.u_data/dout[29]
[WARNING DRT-0419] No routing tracks pass through the center of Term u_protected_memory.u_data/dout[30]
[WARNING DRT-0419] No routing tracks pass through the center of Term u_protected_memory.u_data/dout[31]
[WARNING DRT-0419] No routing tracks pass through the center of Term u_protected_memory.u_data/dout[32]
[WARNING DRT-0419] No routing tracks pass through the center of Term u_protected_memory.u_data/dout[33]
[WARNING DRT-0419] No routing tracks pass through the center of Term u_protected_memory.u_data/dout[34]
[WARNING DRT-0419] No routing tracks pass through the center of Term u_protected_memory.u_data/dout[35]
[WARNING DRT-0419] No routing tracks pass through the center of Term u_protected_memory.u_data/dout[36]
[WARNING DRT-0419] No routing tracks pass through the center of Term u_protected_memory.u_data/dout[37]
[WARNING DRT-0419] No routing tracks pass through the center of Term u_protected_memory.u_data/dout[38]
[WARNING DRT-0419] No routing tracks pass through the center of Term u_protected_memory.u_data/dout[39]
[WARNING DRT-0419] No routing tracks pass through the center of Term u_protected_memory.u_data/dout[40]
[WARNING DRT-0419] No routing tracks pass through the center of Term u_protected_memory.u_data/dout[41]
[WARNING DRT-0419] No routing tracks pass through the center of Term u_protected_memory.u_data/dout[42]
[WARNING DRT-0419] No routing tracks pass through the center of Term u_protected_memory.u_data/dout[43]
[WARNING DRT-0419] No routing tracks pass through the center of Term u_protected_memory.u_data/dout[44]
[WARNING DRT-0419] No routing tracks pass through the center of Term u_protected_memory.u_data/dout[45]
[WARNING DRT-0419] No routing tracks pass through the center of Term u_protected_memory.u_data/dout[46]
[WARNING DRT-0419] No routing tracks pass through the center of Term u_protected_memory.u_data/dout[47]
[WARNING DRT-0419] No routing tracks pass through the center of Term u_protected_memory.u_data/dout[48]
[WARNING DRT-0419] No routing tracks pass through the center of Term u_protected_memory.u_data/dout[49]
[WARNING DRT-0419] No routing tracks pass through the center of Term u_protected_memory.u_data/dout[50]
[WARNING DRT-0419] No routing tracks pass through the center of Term u_protected_memory.u_data/dout[51]
[WARNING DRT-0419] No routing tracks pass through the center of Term u_protected_memory.u_data/dout[52]
[WARNING DRT-0419] No routing tracks pass through the center of Term u_protected_memory.u_data/dout[53]
[WARNING DRT-0419] No routing tracks pass through the center of Term u_protected_memory.u_data/dout[54]
[WARNING DRT-0419] No routing tracks pass through the center of Term u_protected_memory.u_data/dout[55]
[WARNING DRT-0419] No routing tracks pass through the center of Term u_protected_memory.u_data/dout[56]
[WARNING DRT-0419] No routing tracks pass through the center of Term u_protected_memory.u_data/dout[57]
[WARNING DRT-0419] No routing tracks pass through the center of Term u_protected_memory.u_data/dout[58]
[WARNING DRT-0419] No routing tracks pass through the center of Term u_protected_memory.u_data/dout[59]
[WARNING DRT-0419] No routing tracks pass through the center of Term u_protected_memory.u_data/dout[60]
[WARNING DRT-0419] No routing tracks pass through the center of Term u_protected_memory.u_data/dout[61]
[WARNING DRT-0419] No routing tracks pass through the center of Term u_protected_memory.u_data/dout[62]
[WARNING DRT-0419] No routing tracks pass through the center of Term u_protected_memory.u_data/dout[63]
[WARNING DRT-0419] No routing tracks pass through the center of Term u_protected_memory.u_data/din[0]
[WARNING DRT-0419] No routing tracks pass through the center of Term u_protected_memory.u_data/din[1]
[WARNING DRT-0419] No routing tracks pass through the center of Term u_protected_memory.u_data/din[2]
[WARNING DRT-0419] No routing tracks pass through the center of Term u_protected_memory.u_data/din[3]
[WARNING DRT-0419] No routing tracks pass through the center of Term u_protected_memory.u_data/din[4]
[WARNING DRT-0419] No routing tracks pass through the center of Term u_protected_memory.u_data/din[5]
[WARNING DRT-0419] No routing tracks pass through the center of Term u_protected_memory.u_data/din[6]
[WARNING DRT-0419] No routing tracks pass through the center of Term u_protected_memory.u_data/din[7]
[WARNING DRT-0419] No routing tracks pass through the center of Term u_protected_memory.u_data/din[8]
[WARNING DRT-0419] No routing tracks pass through the center of Term u_protected_memory.u_data/din[9]
[WARNING DRT-0419] No routing tracks pass through the center of Term u_protected_memory.u_data/din[10]
[WARNING DRT-0419] No routing tracks pass through the center of Term u_protected_memory.u_data/din[11]
[WARNING DRT-0419] No routing tracks pass through the center of Term u_protected_memory.u_data/din[12]
[WARNING DRT-0419] No routing tracks pass through the center of Term u_protected_memory.u_data/din[13]
[WARNING DRT-0419] No routing tracks pass through the center of Term u_protected_memory.u_data/din[14]
[WARNING DRT-0419] No routing tracks pass through the center of Term u_protected_memory.u_data/din[15]
[WARNING DRT-0419] No routing tracks pass through the center of Term u_protected_memory.u_data/din[16]
[WARNING DRT-0419] No routing tracks pass through the center of Term u_protected_memory.u_data/din[17]
[WARNING DRT-0419] No routing tracks pass through the center of Term u_protected_memory.u_data/din[18]
[WARNING DRT-0419] No routing tracks pass through the center of Term u_protected_memory.u_data/din[19]
[WARNING DRT-0419] No routing tracks pass through the center of Term u_protected_memory.u_data/din[20]
[WARNING DRT-0419] No routing tracks pass through the center of Term u_protected_memory.u_data/din[21]
[WARNING DRT-0419] No routing tracks pass through the center of Term u_protected_memory.u_data/din[22]
[WARNING DRT-0419] No routing tracks pass through the center of Term u_protected_memory.u_data/din[23]
[WARNING DRT-0419] No routing tracks pass through the center of Term u_protected_memory.u_data/din[24]
[WARNING DRT-0419] No routing tracks pass through the center of Term u_protected_memory.u_data/din[25]
[WARNING DRT-0419] No routing tracks pass through the center of Term u_protected_memory.u_data/din[26]
[WARNING DRT-0419] No routing tracks pass through the center of Term u_protected_memory.u_data/din[27]
[WARNING DRT-0419] No routing tracks pass through the center of Term u_protected_memory.u_data/din[28]
[WARNING DRT-0419] No routing tracks pass through the center of Term u_protected_memory.u_data/din[29]
[WARNING DRT-0419] No routing tracks pass through the center of Term u_protected_memory.u_data/din[30]
[WARNING DRT-0419] No routing tracks pass through the center of Term u_protected_memory.u_data/din[31]
[WARNING DRT-0419] No routing tracks pass through the center of Term u_protected_memory.u_data/din[32]
[WARNING DRT-0419] No routing tracks pass through the center of Term u_protected_memory.u_data/din[33]
[WARNING DRT-0419] No routing tracks pass through the center of Term u_protected_memory.u_data/din[34]
[WARNING DRT-0419] No routing tracks pass through the center of Term u_protected_memory.u_data/din[35]
[WARNING DRT-0419] No routing tracks pass through the center of Term u_protected_memory.u_data/din[36]
[WARNING DRT-0419] No routing tracks pass through the center of Term u_protected_memory.u_data/din[37]
[WARNING DRT-0419] No routing tracks pass through the center of Term u_protected_memory.u_data/din[38]
[WARNING DRT-0419] No routing tracks pass through the center of Term u_protected_memory.u_data/din[39]
[WARNING DRT-0419] No routing tracks pass through the center of Term u_protected_memory.u_data/din[40]
[WARNING DRT-0419] No routing tracks pass through the center of Term u_protected_memory.u_data/din[41]
[WARNING DRT-0419] No routing tracks pass through the center of Term u_protected_memory.u_data/din[42]
[WARNING DRT-0419] No routing tracks pass through the center of Term u_protected_memory.u_data/din[43]
[WARNING DRT-0419] No routing tracks pass through the center of Term u_protected_memory.u_data/din[44]
[WARNING DRT-0419] No routing tracks pass through the center of Term u_protected_memory.u_data/din[45]
[WARNING DRT-0419] No routing tracks pass through the center of Term u_protected_memory.u_data/din[46]
[WARNING DRT-0419] No routing tracks pass through the center of Term u_protected_memory.u_data/din[47]
[WARNING DRT-0419] No routing tracks pass through the center of Term u_protected_memory.u_data/din[48]
[WARNING DRT-0419] No routing tracks pass through the center of Term u_protected_memory.u_data/din[49]
[WARNING DRT-0419] No routing tracks pass through the center of Term u_protected_memory.u_data/din[50]
[WARNING DRT-0419] No routing tracks pass through the center of Term u_protected_memory.u_data/din[51]
[WARNING DRT-0419] No routing tracks pass through the center of Term u_protected_memory.u_data/din[52]
[WARNING DRT-0419] No routing tracks pass through the center of Term u_protected_memory.u_data/din[53]
[WARNING DRT-0419] No routing tracks pass through the center of Term u_protected_memory.u_data/din[54]
[WARNING DRT-0419] No routing tracks pass through the center of Term u_protected_memory.u_data/din[55]
[WARNING DRT-0419] No routing tracks pass through the center of Term u_protected_memory.u_data/din[56]
[WARNING DRT-0419] No routing tracks pass through the center of Term u_protected_memory.u_data/din[57]
[WARNING DRT-0419] No routing tracks pass through the center of Term u_protected_memory.u_data/din[58]
[WARNING DRT-0419] No routing tracks pass through the center of Term u_protected_memory.u_data/din[59]
[WARNING DRT-0419] No routing tracks pass through the center of Term u_protected_memory.u_data/din[60]
[WARNING DRT-0419] No routing tracks pass through the center of Term u_protected_memory.u_data/din[61]
[WARNING DRT-0419] No routing tracks pass through the center of Term u_protected_memory.u_data/din[62]
[WARNING DRT-0419] No routing tracks pass through the center of Term u_protected_memory.u_data/din[63]
[WARNING DRT-0419] No routing tracks pass through the center of Term u_protected_memory.u_data/wmask[1]
[WARNING DRT-0419] No routing tracks pass through the center of Term u_protected_memory.u_data/wmask[2]
[WARNING DRT-0419] No routing tracks pass through the center of Term u_protected_memory.u_data/wmask[3]
[WARNING DRT-0419] No routing tracks pass through the center of Term u_protected_memory.u_data/wmask[4]
[WARNING DRT-0419] No routing tracks pass through the center of Term u_protected_memory.u_data/wmask[5]
[WARNING DRT-0419] No routing tracks pass through the center of Term u_protected_memory.u_data/wmask[6]
[WARNING DRT-0419] No routing tracks pass through the center of Term u_protected_memory.u_data/wmask[7]
[WARNING DRT-0418] Term u_protected_memory.u_ecc/dout[0] has no pins on routing grid
[WARNING DRT-0418] Term u_protected_memory.u_ecc/dout[1] has no pins on routing grid
[WARNING DRT-0418] Term u_protected_memory.u_ecc/dout[2] has no pins on routing grid
[WARNING DRT-0418] Term u_protected_memory.u_ecc/dout[3] has no pins on routing grid
[WARNING DRT-0418] Term u_protected_memory.u_ecc/dout[4] has no pins on routing grid
[WARNING DRT-0418] Term u_protected_memory.u_ecc/dout[5] has no pins on routing grid
[WARNING DRT-0418] Term u_protected_memory.u_ecc/dout[6] has no pins on routing grid
[WARNING DRT-0418] Term u_protected_memory.u_ecc/dout[7] has no pins on routing grid
[WARNING DRT-0419] No routing tracks pass through the center of Term u_protected_memory.u_ecc/din[0]
[WARNING DRT-0419] No routing tracks pass through the center of Term u_protected_memory.u_ecc/din[1]
[WARNING DRT-0419] No routing tracks pass through the center of Term u_protected_memory.u_ecc/din[2]
[WARNING DRT-0418] Term u_protected_memory.u_ecc/din[3] has no pins on routing grid
[WARNING DRT-0418] Term u_protected_memory.u_ecc/din[4] has no pins on routing grid
[WARNING DRT-0418] Term u_protected_memory.u_ecc/din[5] has no pins on routing grid
[WARNING DRT-0418] Term u_protected_memory.u_ecc/din[6] has no pins on routing grid
[WARNING DRT-0418] Term u_protected_memory.u_ecc/din[7] has no pins on routing grid
[WARNING DRT-0419] No routing tracks pass through the center of Term u_protected_memory.u_ecc/wmask[0]
[WARNING DRT-0419] No routing tracks pass through the center of Term u_protected_memory.u_ecc/wmask[1]
[WARNING DRT-0419] No routing tracks pass through the center of Term u_protected_memory.u_ecc/wmask[2]
[WARNING DRT-0418] Term u_protected_memory.u_ecc/wmask[3] has no pins on routing grid
[WARNING DRT-0418] Term u_protected_memory.u_ecc/wmask[4] has no pins on routing grid
[WARNING DRT-0418] Term u_protected_memory.u_ecc/wmask[5] has no pins on routing grid
[WARNING DRT-0418] Term u_protected_memory.u_ecc/wmask[6] has no pins on routing grid
[WARNING DRT-0418] Term u_protected_memory.u_ecc/wmask[7] has no pins on routing grid
[INFO DRT-0167] List of default vias:
  Layer via
    default via: M1M2_PR
  Layer via2
    default via: M2M3_PR
  Layer via3
    default via: M3M4_PR
  Layer via4
    default via: M4M5_PR
[INFO DRT-0162] Library cell analysis.
[INFO DRT-0163] Instance analysis.
[INFO DRT-0164] Number of unique instances = 99.
[INFO DRT-0168] Init region query.
[INFO DRT-0024]   Complete FR_MASTERSLICE.
[INFO DRT-0024]   Complete Fr_VIA.
[INFO DRT-0024]   Complete li1.
[INFO DRT-0024]   Complete mcon.
[INFO DRT-0024]   Complete met1.
[INFO DRT-0024]   Complete via.
[INFO DRT-0024]   Complete met2.
[INFO DRT-0024]   Complete via2.
[INFO DRT-0024]   Complete met3.
[INFO DRT-0024]   Complete via3.
[INFO DRT-0024]   Complete met4.
[INFO DRT-0024]   Complete via4.
[INFO DRT-0024]   Complete met5.
[INFO DRT-0033] FR_MASTERSLICE shape region query size = 0.
[INFO DRT-0033] FR_VIA shape region query size = 0.
[INFO DRT-0033] li1 shape region query size = 47405.
[INFO DRT-0033] mcon shape region query size = 25056.
[INFO DRT-0033] met1 shape region query size = 17841.
[INFO DRT-0033] via shape region query size = 24330.
[INFO DRT-0033] met2 shape region query size = 22048.
[INFO DRT-0033] via2 shape region query size = 45597.
[INFO DRT-0033] met3 shape region query size = 29027.
[INFO DRT-0033] via3 shape region query size = 45281.
[INFO DRT-0033] met4 shape region query size = 11428.
[INFO DRT-0033] via4 shape region query size = 1676.
[INFO DRT-0033] met5 shape region query size = 1768.
[INFO DRT-0165] Start pin access.
[INFO DRT-0078]   Complete 913 pins.
[INFO DRT-0081]   Complete 97 unique inst patterns.
[INFO DRT-0084]   Complete 907 groups.
#scanned instances     = 5856
#unique  instances     = 99
#stdCellGenAp          = 2871
#stdCellValidPlanarAp  = 37
#stdCellValidViaAp     = 2075
#stdCellPinNoAp        = 0
#stdCellPinCnt         = 2860
#instTermValidViaApCnt = 0
#macroGenAp            = 553
#macroValidPlanarAp    = 452
#macroValidViaAp       = 0
#macroNoAp             = 0
[INFO DRT-0166] Complete pin access.
[INFO DRT-0267] cpu time = 00:00:51, elapsed time = 00:00:13, memory = 267.44 (MB), peak = 267.02 (MB)

[INFO DRT-0157] Number of guides:     8364

[INFO DRT-0169] Post process guides.
[INFO DRT-0176] GCELLGRID X 0 DO 144 STEP 6900 ;
[INFO DRT-0177] GCELLGRID Y 0 DO 94 STEP 6900 ;
[INFO DRT-0028]   Complete FR_MASTERSLICE.
[INFO DRT-0028]   Complete Fr_VIA.
[INFO DRT-0028]   Complete li1.
[INFO DRT-0028]   Complete mcon.
[INFO DRT-0028]   Complete met1.
[INFO DRT-0028]   Complete via.
[INFO DRT-0028]   Complete met2.
[INFO DRT-0028]   Complete via2.
[INFO DRT-0028]   Complete met3.
[INFO DRT-0028]   Complete via3.
[INFO DRT-0028]   Complete met4.
[INFO DRT-0028]   Complete via4.
[INFO DRT-0028]   Complete met5.
[INFO DRT-0178] Init guide query.
[INFO DRT-0035]   Complete FR_MASTERSLICE (guide).
[INFO DRT-0035]   Complete Fr_VIA (guide).
[INFO DRT-0035]   Complete li1 (guide).
[INFO DRT-0035]   Complete mcon (guide).
[INFO DRT-0035]   Complete met1 (guide).
[INFO DRT-0035]   Complete via (guide).
[INFO DRT-0035]   Complete met2 (guide).
[INFO DRT-0035]   Complete via2 (guide).
[INFO DRT-0035]   Complete met3 (guide).
[INFO DRT-0035]   Complete via3 (guide).
[INFO DRT-0035]   Complete met4 (guide).
[INFO DRT-0035]   Complete via4 (guide).
[INFO DRT-0035]   Complete met5 (guide).
[INFO DRT-0036] FR_MASTERSLICE guide region query size = 0.
[INFO DRT-0036] FR_VIA guide region query size = 0.
[INFO DRT-0036] li1 guide region query size = 2575.
[INFO DRT-0036] mcon guide region query size = 0.
[INFO DRT-0036] met1 guide region query size = 2438.
[INFO DRT-0036] via guide region query size = 0.
[INFO DRT-0036] met2 guide region query size = 1385.
[INFO DRT-0036] via2 guide region query size = 0.
[INFO DRT-0036] met3 guide region query size = 309.
[INFO DRT-0036] via3 guide region query size = 0.
[INFO DRT-0036] met4 guide region query size = 160.
[INFO DRT-0036] via4 guide region query size = 0.
[INFO DRT-0036] met5 guide region query size = 8.
[INFO DRT-0179] Init gr pin query.
[INFO DRT-0267] cpu time = 00:00:00, elapsed time = 00:00:00, memory = 270.09 (MB), peak = 269.70 (MB)
[INFO DRT-0245] skipped writing guide updates to database.
[INFO DRT-0181] Start track assignment.
[INFO DRT-0184] Done with 4120 vertical wires in 3 frboxes and 2755 horizontal wires in 2 frboxes.
[INFO DRT-0186] Done with 536 vertical wires in 3 frboxes and 734 horizontal wires in 2 frboxes.
[INFO DRT-0182] Complete track assignment.
[INFO DRT-0267] cpu time = 00:00:02, elapsed time = 00:00:01, memory = 310.34 (MB), peak = 334.26 (MB)
[INFO DRT-0187] Start routing data preparation.
[INFO DRT-0267] cpu time = 00:00:00, elapsed time = 00:00:00, memory = 310.34 (MB), peak = 334.26 (MB)
[INFO DRT-0194] Start detail routing.
[INFO DRT-0195] Start 0th optimization iteration.
    Completing 10% with 0 violations.
    elapsed time = 00:00:00, memory = 322.55 (MB).
    Completing 20% with 0 violations.
    elapsed time = 00:00:00, memory = 366.91 (MB).
    Completing 30% with 203 violations.
    elapsed time = 00:00:05, memory = 350.37 (MB).
    Completing 40% with 203 violations.
    elapsed time = 00:00:06, memory = 369.87 (MB).
    Completing 50% with 203 violations.
    elapsed time = 00:00:06, memory = 377.21 (MB).
    Completing 60% with 364 violations.
    elapsed time = 00:00:08, memory = 382.34 (MB).
    Completing 70% with 364 violations.
    elapsed time = 00:00:08, memory = 402.44 (MB).
    Completing 80% with 543 violations.
    elapsed time = 00:00:11, memory = 391.98 (MB).
    Completing 90% with 543 violations.
    elapsed time = 00:00:12, memory = 409.95 (MB).
    Completing 100% with 709 violations.
    elapsed time = 00:00:14, memory = 411.21 (MB).
[INFO DRT-0199]   Number of violations = 781.
Viol/Layer        mcon   met1    via   met2   met3   met4
Cut Spacing          1      0      1      0      0      0
Metal Spacing        0    129      0     19      8      0
Recheck              0     42      0     21      1      8
Short                0    503      1     36      7      4
[INFO DRT-0267] cpu time = 00:00:30, elapsed time = 00:00:15, memory = 737.52 (MB), peak = 737.07 (MB)
Total wire length = 80224 um.
Total wire length on LAYER li1 = 0 um.
Total wire length on LAYER met1 = 23378 um.
Total wire length on LAYER met2 = 43851 um.
Total wire length on LAYER met3 = 5769 um.
Total wire length on LAYER met4 = 7150 um.
Total wire length on LAYER met5 = 74 um.
Total number of vias = 6656.
Up-via summary (total 6656):

-----------------------
 FR_MASTERSLICE       0
            li1    2911
           met1    3160
           met2     337
           met3     238
           met4      10
-----------------------
               6656


[INFO DRT-0195] Start 1st optimization iteration.
    Completing 10% with 781 violations.
    elapsed time = 00:00:00, memory = 737.70 (MB).
    Completing 20% with 781 violations.
    elapsed time = 00:00:00, memory = 746.22 (MB).
    Completing 30% with 689 violations.
    elapsed time = 00:00:01, memory = 746.22 (MB).
    Completing 40% with 689 violations.
    elapsed time = 00:00:01, memory = 748.06 (MB).
    Completing 50% with 689 violations.
    elapsed time = 00:00:02, memory = 748.06 (MB).
    Completing 60% with 601 violations.
    elapsed time = 00:00:03, memory = 751.31 (MB).
    Completing 70% with 601 violations.
    elapsed time = 00:00:04, memory = 768.20 (MB).
    Completing 80% with 511 violations.
    elapsed time = 00:00:06, memory = 751.31 (MB).
    Completing 90% with 511 violations.
    elapsed time = 00:00:06, memory = 775.01 (MB).
    Completing 100% with 414 violations.
    elapsed time = 00:00:13, memory = 752.71 (MB).
[INFO DRT-0199]   Number of violations = 414.
Viol/Layer        mcon   met1   met2   met3
Cut Spacing          5      0      0      0
Metal Spacing        0    106      5      4
Short                0    282     11      1
[INFO DRT-0267] cpu time = 00:00:27, elapsed time = 00:00:14, memory = 755.71 (MB), peak = 774.62 (MB)
Total wire length = 79935 um.
Total wire length on LAYER li1 = 0 um.
Total wire length on LAYER met1 = 23193 um.
Total wire length on LAYER met2 = 43753 um.
Total wire length on LAYER met3 = 5751 um.
Total wire length on LAYER met4 = 7155 um.
Total wire length on LAYER met5 = 81 um.
Total number of vias = 6616.
Up-via summary (total 6616):

-----------------------
 FR_MASTERSLICE       0
            li1    2911
           met1    3119
           met2     334
           met3     240
           met4      12
-----------------------
               6616


[INFO DRT-0195] Start 2nd optimization iteration.
    Completing 10% with 414 violations.
    elapsed time = 00:00:00, memory = 755.71 (MB).
    Completing 20% with 414 violations.
    elapsed time = 00:00:00, memory = 755.71 (MB).
    Completing 30% with 407 violations.
    elapsed time = 00:00:00, memory = 755.71 (MB).
    Completing 40% with 407 violations.
    elapsed time = 00:00:01, memory = 755.88 (MB).
    Completing 50% with 407 violations.
    elapsed time = 00:00:03, memory = 757.20 (MB).
    Completing 60% with 345 violations.
    elapsed time = 00:00:03, memory = 757.20 (MB).
    Completing 70% with 345 violations.
    elapsed time = 00:00:03, memory = 757.20 (MB).
    Completing 80% with 324 violations.
    elapsed time = 00:00:04, memory = 757.20 (MB).
    Completing 90% with 324 violations.
    elapsed time = 00:00:05, memory = 780.71 (MB).
    Completing 100% with 285 violations.
    elapsed time = 00:00:16, memory = 757.77 (MB).
[INFO DRT-0199]   Number of violations = 285.
Viol/Layer        met1   met2   met3
Metal Spacing       74      5      3
Short              200      3      0
[INFO DRT-0267] cpu time = 00:00:26, elapsed time = 00:00:16, memory = 757.77 (MB), peak = 780.40 (MB)
Total wire length = 79808 um.
Total wire length on LAYER li1 = 0 um.
Total wire length on LAYER met1 = 23122 um.
Total wire length on LAYER met2 = 43813 um.
Total wire length on LAYER met3 = 5780 um.
Total wire length on LAYER met4 = 7023 um.
Total wire length on LAYER met5 = 68 um.
Total number of vias = 6544.
Up-via summary (total 6544):

-----------------------
 FR_MASTERSLICE       0
            li1    2912
           met1    3068
           met2     328
           met3     226
           met4      10
-----------------------
               6544


[INFO DRT-0195] Start 3rd optimization iteration.
    Completing 10% with 285 violations.
    elapsed time = 00:00:00, memory = 757.77 (MB).
    Completing 20% with 285 violations.
    elapsed time = 00:00:00, memory = 765.08 (MB).
    Completing 30% with 208 violations.
    elapsed time = 00:00:08, memory = 771.52 (MB).
    Completing 40% with 208 violations.
    elapsed time = 00:00:08, memory = 776.78 (MB).
    Completing 50% with 208 violations.
    elapsed time = 00:00:08, memory = 776.78 (MB).
    Completing 60% with 162 violations.
    elapsed time = 00:00:12, memory = 780.82 (MB).
    Completing 70% with 162 violations.
    elapsed time = 00:00:13, memory = 780.82 (MB).
    Completing 80% with 84 violations.
    elapsed time = 00:00:15, memory = 780.82 (MB).
    Completing 90% with 84 violations.
    elapsed time = 00:00:15, memory = 780.82 (MB).
    Completing 100% with 57 violations.
    elapsed time = 00:00:21, memory = 780.82 (MB).
[INFO DRT-0199]   Number of violations = 57.
Viol/Layer        met1   met2   met3
Metal Spacing       11      2      1
Short               38      5      0
[INFO DRT-0267] cpu time = 00:00:31, elapsed time = 00:00:21, memory = 780.82 (MB), peak = 780.40 (MB)
Total wire length = 79824 um.
Total wire length on LAYER li1 = 0 um.
Total wire length on LAYER met1 = 22295 um.
Total wire length on LAYER met2 = 43840 um.
Total wire length on LAYER met3 = 6545 um.
Total wire length on LAYER met4 = 7074 um.
Total wire length on LAYER met5 = 68 um.
Total number of vias = 6695.
Up-via summary (total 6695):

-----------------------
 FR_MASTERSLICE       0
            li1    2914
           met1    3134
           met2     400
           met3     237
           met4      10
-----------------------
               6695


[INFO DRT-0195] Start 4th guides tiles iteration.
    Completing 10% with 57 violations.
    elapsed time = 00:00:00, memory = 780.82 (MB).
    Completing 20% with 57 violations.
    elapsed time = 00:00:00, memory = 780.82 (MB).
    Completing 30% with 57 violations.
    elapsed time = 00:00:03, memory = 780.82 (MB).
    Completing 40% with 10 violations.
    elapsed time = 00:00:03, memory = 780.82 (MB).
    Completing 50% with 10 violations.
    elapsed time = 00:00:03, memory = 780.82 (MB).
    Completing 60% with 10 violations.
    elapsed time = 00:00:03, memory = 781.96 (MB).
    Completing 70% with 10 violations.
    elapsed time = 00:00:03, memory = 781.96 (MB).
    Completing 80% with 10 violations.
    elapsed time = 00:00:03, memory = 781.96 (MB).
    Completing 100% with 2 violations.
    elapsed time = 00:00:04, memory = 781.96 (MB).
[INFO DRT-0199]   Number of violations = 2.
Viol/Layer        met1   met3
Metal Spacing        0      1
Short                1      0
[INFO DRT-0267] cpu time = 00:00:05, elapsed time = 00:00:04, memory = 781.96 (MB), peak = 781.48 (MB)
Total wire length = 79785 um.
Total wire length on LAYER li1 = 0 um.
Total wire length on LAYER met1 = 22141 um.
Total wire length on LAYER met2 = 43826 um.
Total wire length on LAYER met3 = 6679 um.
Total wire length on LAYER met4 = 7070 um.
Total wire length on LAYER met5 = 68 um.
Total number of vias = 6710.
Up-via summary (total 6710):

-----------------------
 FR_MASTERSLICE       0
            li1    2915
           met1    3135
           met2     415
           met3     235
           met4      10
-----------------------
               6710


[INFO DRT-0195] Start 5th guides tiles iteration.
    Completing 50% with 2 violations.
    elapsed time = 00:00:00, memory = 781.96 (MB).
    Completing 100% with 2 violations.
    elapsed time = 00:00:01, memory = 781.96 (MB).
[INFO DRT-0199]   Number of violations = 2.
Viol/Layer        met1   met3
Metal Spacing        0      1
Short                1      0
[INFO DRT-0267] cpu time = 00:00:01, elapsed time = 00:00:01, memory = 782.09 (MB), peak = 781.61 (MB)
Total wire length = 79785 um.
Total wire length on LAYER li1 = 0 um.
Total wire length on LAYER met1 = 22141 um.
Total wire length on LAYER met2 = 43826 um.
Total wire length on LAYER met3 = 6679 um.
Total wire length on LAYER met4 = 7070 um.
Total wire length on LAYER met5 = 68 um.
Total number of vias = 6710.
Up-via summary (total 6710):

-----------------------
 FR_MASTERSLICE       0
            li1    2915
           met1    3135
           met2     415
           met3     235
           met4      10
-----------------------
               6710


[INFO DRT-0195] Start 6th stubborn tiles iteration.
    Completing 10% with 2 violations.
    elapsed time = 00:00:00, memory = 782.09 (MB).
    Completing 20% with 2 violations.
    elapsed time = 00:00:00, memory = 782.09 (MB).
    Completing 30% with 2 violations.
    elapsed time = 00:00:00, memory = 782.09 (MB).
    Completing 40% with 2 violations.
    elapsed time = 00:00:01, memory = 782.09 (MB).
    Completing 50% with 2 violations.
    elapsed time = 00:00:01, memory = 782.09 (MB).
    Completing 60% with 1 violations.
    elapsed time = 00:00:02, memory = 782.09 (MB).
    Completing 70% with 1 violations.
    elapsed time = 00:00:04, memory = 782.09 (MB).
    Completing 80% with 1 violations.
    elapsed time = 00:00:05, memory = 782.09 (MB).
    Completing 90% with 1 violations.
    elapsed time = 00:00:06, memory = 782.09 (MB).
    Completing 100% with 0 violations.
    elapsed time = 00:00:11, memory = 782.09 (MB).
[INFO DRT-0199]   Number of violations = 0.
[INFO DRT-0267] cpu time = 00:00:40, elapsed time = 00:00:11, memory = 782.09 (MB), peak = 781.61 (MB)
Total wire length = 79788 um.
Total wire length on LAYER li1 = 0 um.
Total wire length on LAYER met1 = 22104 um.
Total wire length on LAYER met2 = 43825 um.
Total wire length on LAYER met3 = 6717 um.
Total wire length on LAYER met4 = 7072 um.
Total wire length on LAYER met5 = 68 um.
Total number of vias = 6704.
Up-via summary (total 6704):

-----------------------
 FR_MASTERSLICE       0
            li1    2915
           met1    3133
           met2     411
           met3     235
           met4      10
-----------------------
               6704


[INFO DRT-0198] Complete detail routing.
Total wire length = 79788 um.
Total wire length on LAYER li1 = 0 um.
Total wire length on LAYER met1 = 22104 um.
Total wire length on LAYER met2 = 43825 um.
Total wire length on LAYER met3 = 6717 um.
Total wire length on LAYER met4 = 7072 um.
Total wire length on LAYER met5 = 68 um.
Total number of vias = 6704.
Up-via summary (total 6704):

-----------------------
 FR_MASTERSLICE       0
            li1    2915
           met1    3133
           met2     411
           met3     235
           met4      10
-----------------------
               6704


[INFO DRT-0267] cpu time = 00:02:43, elapsed time = 00:01:23, memory = 782.15 (MB), peak = 781.61 (MB)

[INFO DRT-0180] Post processing.
[INFO DRT-0501] Runtime: 98.67s
Took 99 seconds: detailed_route -output_drc /work/campaigns/iscas_sustainability_extension/memory_compiler/gate3_attempt07_sram22_matched_physical_closure/raw/openroad/work/reports/sky130hd/attempt07_e0/seed11/5_route_drc.rpt -output_maze /work/campaigns/iscas_sustainability_extension/memory_compiler/gate3_attempt07_sram22_matched_physical_closure/raw/openroad/work/results/sky130hd/attempt07_e0/seed11/maze.log -droute_end_iter 64 -verbose 1 -drc_report_iter_step 5
[INFO GRT-0012] Found 5 antenna violations.
[INFO DPL-0006] Core area: 615627.94 um^2
[INFO DPL-0007] Movable instances area: 7.51 um^2
[INFO DPL-0008] Fixed instances area within core: 275742.60 um^2
[INFO DPL-0009] Utilization: 44.8%
[INFO DPL-0005] Diamond search max displacement: +/- 500 sites horizontally, +/- 100 rows vertically.
[INFO DPL-1102] Legalizing using negotiation legalizer.
[INFO DPL-1103] Negotiation base search window: +/-20 sites horizontally, +/-5 rows vertically 
	Automatic search window extension enabled.
	Search window extendable up to the max displacement cap of +/-500 sites, +/-100 rows near walls.
[INFO DPL-1104] NegotiationLegalizer DRC penalty: 5.
[INFO DPL-0392] Negotiation cell height distribution (3 unique row-count(s)):
[INFO DPL-0393]   height 1 row(s): 5860 cells
[INFO DPL-0393]   height 83 row(s): 1 cells
[INFO DPL-0393]   height 108 row(s): 1 cells
[INFO DPL-0500] Runtime: 0.04s
[INFO GRT-0015] Inserted 6 diodes.
[INFO DRT-0024]   Complete FR_MASTERSLICE.
[INFO DRT-0024]   Complete Fr_VIA.
[INFO DRT-0024]   Complete li1.
[INFO DRT-0024]   Complete mcon.
[INFO DRT-0024]   Complete met1.
[INFO DRT-0024]   Complete via.
[INFO DRT-0024]   Complete met2.
[INFO DRT-0024]   Complete via2.
[INFO DRT-0024]   Complete met3.
[INFO DRT-0024]   Complete via3.
[INFO DRT-0024]   Complete met4.
[INFO DRT-0024]   Complete via4.
[INFO DRT-0024]   Complete met5.
[INFO DRT-0165] Start pin access.
[INFO DRT-0078]   Complete 913 pins.
[INFO DRT-0081]   Complete 97 unique inst patterns.
[INFO DRT-0084]   Complete 910 groups.
#scanned instances     = 5862
#unique  instances     = 99
#stdCellGenAp          = 2871
#stdCellValidPlanarAp  = 37
#stdCellValidViaAp     = 2075
#stdCellPinNoAp        = 0
#stdCellPinCnt         = 2860
#instTermValidViaApCnt = 0
#macroGenAp            = 553
#macroValidPlanarAp    = 452
#macroValidViaAp       = 0
#macroNoAp             = 0
[INFO DRT-0166] Complete pin access.
[INFO DRT-0267] cpu time = 00:00:53, elapsed time = 00:00:13, memory = 690.39 (MB), peak = 781.73 (MB)

[INFO DRT-0157] Number of guides:     8344

[INFO DRT-0169] Post process guides.
[INFO DRT-0176] GCELLGRID X 0 DO 144 STEP 6900 ;
[INFO DRT-0177] GCELLGRID Y 0 DO 94 STEP 6900 ;
[INFO DRT-0028]   Complete FR_MASTERSLICE.
[INFO DRT-0028]   Complete Fr_VIA.
[INFO DRT-0028]   Complete li1.
[INFO DRT-0028]   Complete mcon.
[INFO DRT-0028]   Complete met1.
[INFO DRT-0028]   Complete via.
[INFO DRT-0028]   Complete met2.
[INFO DRT-0028]   Complete via2.
[INFO DRT-0028]   Complete met3.
[INFO DRT-0028]   Complete via3.
[INFO DRT-0028]   Complete met4.
[INFO DRT-0028]   Complete via4.
[INFO DRT-0028]   Complete met5.
[INFO DRT-0178] Init guide query.
[INFO DRT-0035]   Complete FR_MASTERSLICE (guide).
[INFO DRT-0035]   Complete Fr_VIA (guide).
[INFO DRT-0035]   Complete li1 (guide).
[INFO DRT-0035]   Complete mcon (guide).
[INFO DRT-0035]   Complete met1 (guide).
[INFO DRT-0035]   Complete via (guide).
[INFO DRT-0035]   Complete met2 (guide).
[INFO DRT-0035]   Complete via2 (guide).
[INFO DRT-0035]   Complete met3 (guide).
[INFO DRT-0035]   Complete via3 (guide).
[INFO DRT-0035]   Complete met4 (guide).
[INFO DRT-0035]   Complete via4 (guide).
[INFO DRT-0035]   Complete met5 (guide).
[INFO DRT-0036] FR_MASTERSLICE guide region query size = 0.
[INFO DRT-0036] FR_VIA guide region query size = 0.
[INFO DRT-0036] li1 guide region query size = 2580.
[INFO DRT-0036] mcon guide region query size = 0.
[INFO DRT-0036] met1 guide region query size = 2441.
[INFO DRT-0036] via guide region query size = 0.
[INFO DRT-0036] met2 guide region query size = 1379.
[INFO DRT-0036] via2 guide region query size = 0.
[INFO DRT-0036] met3 guide region query size = 299.
[INFO DRT-0036] via3 guide region query size = 0.
[INFO DRT-0036] met4 guide region query size = 152.
[INFO DRT-0036] via4 guide region query size = 0.
[INFO DRT-0036] met5 guide region query size = 6.
[INFO DRT-0179] Init gr pin query.
[INFO DRT-0267] cpu time = 00:00:00, elapsed time = 00:00:00, memory = 690.39 (MB), peak = 781.73 (MB)
[INFO DRT-0245] skipped writing guide updates to database.
[INFO DRT-0181] Start track assignment.
[INFO DRT-0184] Done with 4111 vertical wires in 3 frboxes and 2746 horizontal wires in 2 frboxes.
[INFO DRT-0186] Done with 530 vertical wires in 3 frboxes and 732 horizontal wires in 2 frboxes.
[INFO DRT-0182] Complete track assignment.
[INFO DRT-0267] cpu time = 00:00:02, elapsed time = 00:00:00, memory = 690.39 (MB), peak = 781.73 (MB)
[INFO DRT-0187] Start routing data preparation.
[INFO DRT-0267] cpu time = 00:00:00, elapsed time = 00:00:00, memory = 690.39 (MB), peak = 781.73 (MB)
[INFO DRT-0194] Start detail routing.
[INFO DRT-0195] Start 0th optimization iteration.
    Completing 10% with 0 violations.
    elapsed time = 00:00:00, memory = 690.39 (MB).
    Completing 20% with 0 violations.
    elapsed time = 00:00:00, memory = 699.52 (MB).
    Completing 30% with 8 violations.
    elapsed time = 00:00:00, memory = 699.52 (MB).
    Completing 40% with 8 violations.
    elapsed time = 00:00:01, memory = 699.52 (MB).
    Completing 50% with 8 violations.
    elapsed time = 00:00:01, memory = 699.52 (MB).
    Completing 60% with 23 violations.
    elapsed time = 00:00:01, memory = 699.52 (MB).
    Completing 70% with 23 violations.
    elapsed time = 00:00:01, memory = 699.52 (MB).
    Completing 80% with 25 violations.
    elapsed time = 00:00:02, memory = 699.52 (MB).
    Completing 90% with 25 violations.
    elapsed time = 00:00:02, memory = 699.52 (MB).
    Completing 100% with 27 violations.
    elapsed time = 00:00:02, memory = 699.52 (MB).
[INFO DRT-0199]   Number of violations = 35.
Viol/Layer        met1
Metal Spacing        5
Recheck              8
Short               22
[INFO DRT-0267] cpu time = 00:00:09, elapsed time = 00:00:03, memory = 820.05 (MB), peak = 819.68 (MB)
Total wire length = 79746 um.
Total wire length on LAYER li1 = 0 um.
Total wire length on LAYER met1 = 22558 um.
Total wire length on LAYER met2 = 43951 um.
Total wire length on LAYER met3 = 6264 um.
Total wire length on LAYER met4 = 6903 um.
Total wire length on LAYER met5 = 68 um.
Total number of vias = 6682.
Up-via summary (total 6682):

-----------------------
 FR_MASTERSLICE       0
            li1    2922
           met1    3129
           met2     398
           met3     223
           met4      10
-----------------------
               6682


[INFO DRT-0195] Start 1st optimization iteration.
    Completing 10% with 35 violations.
    elapsed time = 00:00:00, memory = 820.05 (MB).
    Completing 20% with 35 violations.
    elapsed time = 00:00:00, memory = 820.05 (MB).
    Completing 30% with 26 violations.
    elapsed time = 00:00:00, memory = 820.05 (MB).
    Completing 40% with 26 violations.
    elapsed time = 00:00:00, memory = 820.05 (MB).
    Completing 50% with 26 violations.
    elapsed time = 00:00:01, memory = 820.05 (MB).
    Completing 60% with 26 violations.
    elapsed time = 00:00:01, memory = 696.64 (MB).
    Completing 70% with 26 violations.
    elapsed time = 00:00:01, memory = 696.64 (MB).
    Completing 80% with 19 violations.
    elapsed time = 00:00:02, memory = 696.64 (MB).
    Completing 90% with 19 violations.
    elapsed time = 00:00:02, memory = 698.74 (MB).
    Completing 100% with 19 violations.
    elapsed time = 00:00:02, memory = 698.74 (MB).
[INFO DRT-0199]   Number of violations = 19.
Viol/Layer        met1
Metal Spacing        2
Short               17
[INFO DRT-0267] cpu time = 00:00:09, elapsed time = 00:00:03, memory = 822.15 (MB), peak = 821.80 (MB)
Total wire length = 79748 um.
Total wire length on LAYER li1 = 0 um.
Total wire length on LAYER met1 = 22556 um.
Total wire length on LAYER met2 = 43954 um.
Total wire length on LAYER met3 = 6263 um.
Total wire length on LAYER met4 = 6905 um.
Total wire length on LAYER met5 = 68 um.
Total number of vias = 6685.
Up-via summary (total 6685):

-----------------------
 FR_MASTERSLICE       0
            li1    2924
           met1    3131
           met2     398
           met3     222
           met4      10
-----------------------
               6685


[INFO DRT-0195] Start 2nd optimization iteration.
    Completing 10% with 19 violations.
    elapsed time = 00:00:00, memory = 822.15 (MB).
    Completing 20% with 19 violations.
    elapsed time = 00:00:00, memory = 822.15 (MB).
    Completing 30% with 19 violations.
    elapsed time = 00:00:00, memory = 822.15 (MB).
    Completing 40% with 19 violations.
    elapsed time = 00:00:00, memory = 822.15 (MB).
    Completing 50% with 19 violations.
    elapsed time = 00:00:00, memory = 822.15 (MB).
    Completing 60% with 19 violations.
    elapsed time = 00:00:00, memory = 822.15 (MB).
    Completing 70% with 19 violations.
    elapsed time = 00:00:00, memory = 822.15 (MB).
    Completing 80% with 17 violations.
    elapsed time = 00:00:00, memory = 822.15 (MB).
    Completing 90% with 17 violations.
    elapsed time = 00:00:00, memory = 822.15 (MB).
    Completing 100% with 17 violations.
    elapsed time = 00:00:00, memory = 822.15 (MB).
[INFO DRT-0199]   Number of violations = 17.
Viol/Layer        met1
Short               17
[INFO DRT-0267] cpu time = 00:00:01, elapsed time = 00:00:00, memory = 698.74 (MB), peak = 821.80 (MB)
Total wire length = 79749 um.
Total wire length on LAYER li1 = 0 um.
Total wire length on LAYER met1 = 22556 um.
Total wire length on LAYER met2 = 43956 um.
Total wire length on LAYER met3 = 6263 um.
Total wire length on LAYER met4 = 6904 um.
Total wire length on LAYER met5 = 68 um.
Total number of vias = 6686.
Up-via summary (total 6686):

-----------------------
 FR_MASTERSLICE       0
            li1    2924
           met1    3132
           met2     398
           met3     222
           met4      10
-----------------------
               6686


[INFO DRT-0195] Start 3rd guides tiles iteration.
    Completing 30% with 17 violations.
    elapsed time = 00:00:03, memory = 698.74 (MB).
    Completing 60% with 0 violations.
    elapsed time = 00:00:03, memory = 698.74 (MB).
    Completing 100% with 0 violations.
    elapsed time = 00:00:03, memory = 698.74 (MB).
[INFO DRT-0199]   Number of violations = 0.
[INFO DRT-0267] cpu time = 00:00:03, elapsed time = 00:00:03, memory = 822.14 (MB), peak = 821.86 (MB)
Total wire length = 79745 um.
Total wire length on LAYER li1 = 0 um.
Total wire length on LAYER met1 = 22384 um.
Total wire length on LAYER met2 = 43956 um.
Total wire length on LAYER met3 = 6431 um.
Total wire length on LAYER met4 = 6904 um.
Total wire length on LAYER met5 = 68 um.
Total number of vias = 6686.
Up-via summary (total 6686):

-----------------------
 FR_MASTERSLICE       0
            li1    2924
           met1    3130
           met2     400
           met3     222
           met4      10
-----------------------
               6686


[INFO DRT-0198] Complete detail routing.
Total wire length = 79745 um.
Total wire length on LAYER li1 = 0 um.
Total wire length on LAYER met1 = 22384 um.
Total wire length on LAYER met2 = 43956 um.
Total wire length on LAYER met3 = 6431 um.
Total wire length on LAYER met4 = 6904 um.
Total wire length on LAYER met5 = 68 um.
Total number of vias = 6686.
Up-via summary (total 6686):

-----------------------
 FR_MASTERSLICE       0
            li1    2924
           met1    3130
           met2     400
           met3     222
           met4      10
-----------------------
               6686


[INFO DRT-0267] cpu time = 00:00:24, elapsed time = 00:00:11, memory = 822.14 (MB), peak = 821.86 (MB)

[INFO DRT-0180] Post processing.
[INFO DRT-0501] Runtime: 26.01s
[INFO ANT-0002] Found 0 net violations.
[INFO ANT-0001] Found 0 pin violations.
[INFO ANT-0002] Found 0 net violations.
[INFO ANT-0001] Found 0 pin violations.
Design area 275750 um^2 45% utilization.
write_db /work/campaigns/iscas_sustainability_extension/memory_compiler/gate3_attempt07_sram22_matched_physical_closure/raw/openroad/work/results/sky130hd/attempt07_e0/seed11/5_2_route.odb
Elapsed time: 2:08.22[h:]min:sec. CPU time: user 300.89 sys 2.77 (236%). Peak memory: 845748KB.
Log                       Ext     Elapsed/s Peak Memory/MB sha1sum result [0:20)
5_2_route                 .odb          128            825 c8129975f52a8fb80cb4
