
==========================================================================
finish report_tns
--------------------------------------------------------------------------
tns max 0.00

==========================================================================
finish report_wns
--------------------------------------------------------------------------
wns max 0.00

==========================================================================
finish report_worst_slack
--------------------------------------------------------------------------
worst slack max 0.59

==========================================================================
finish report_clock_min_period
--------------------------------------------------------------------------
core_clk period_min = 9.41 fmax = 106.25

==========================================================================
finish report_clock_skew
--------------------------------------------------------------------------
Clock core_clk
No launch/capture paths found.


==========================================================================
finish report_checks -path_delay min
--------------------------------------------------------------------------
Startpoint: payload_in[52] (input port clocked by core_clk)
Endpoint: u_protected_memory.u_data
          (rising edge-triggered flip-flop clocked by core_clk)
Path Group: core_clk
Path Type: min

Fanout     Cap    Slew   Delay    Time   Description
-----------------------------------------------------------------------------
                          0.00    0.00   clock core_clk (rise edge)
                          0.00    0.00   clock network delay (propagated)
                          0.50    0.50 ^ input external delay
     1    0.00    0.00    0.00    0.50 ^ payload_in[52] (in)
                                         payload_in[52] (net)
                  0.00    0.00    0.50 ^ input73/A (sky130_fd_sc_hd__buf_2)
     1    0.00    0.03    0.07    0.57 ^ input73/X (sky130_fd_sc_hd__buf_2)
                                         net72 (net)
                  0.03    0.00    0.57 ^ place763/A (sky130_fd_sc_hd__buf_4)
     2    0.06    0.16    0.18    0.76 ^ place763/X (sky130_fd_sc_hd__buf_4)
                                         net762 (net)
                  0.22    0.02    0.77 ^ u_protected_memory.u_data/din[52] (sram22_256x64m4w8)
                                  0.77   data arrival time

                          0.00    0.00   clock core_clk (rise edge)
                          0.00    0.00   clock source latency
     2    0.05    0.00    0.00    0.00 ^ clk (in)
                                         clk (net)
                  0.00    0.00    0.00 ^ clkbuf_0_clk/A (sky130_fd_sc_hd__clkbuf_16)
     2    0.02    0.04    0.11    0.11 ^ clkbuf_0_clk/X (sky130_fd_sc_hd__clkbuf_16)
                                         clknet_0_clk (net)
                  0.04    0.00    0.12 ^ clkbuf_1_1__f_clk/A (sky130_fd_sc_hd__clkbuf_16)
     1    0.04    0.06    0.14    0.26 ^ clkbuf_1_1__f_clk/X (sky130_fd_sc_hd__clkbuf_16)
                                         clknet_1_1__leaf_clk (net)
                  0.06    0.00    0.26 ^ attempt09_data_clk_stage1/A (sky130_fd_sc_hd__clkinv_16)
     1    0.04    0.03    0.06    0.32 v attempt09_data_clk_stage1/Y (sky130_fd_sc_hd__clkinv_16)
                                         attempt09_data_clk_mid (net)
                  0.03    0.00    0.32 v attempt09_data_clk_stage2/A (sky130_fd_sc_hd__clkinv_16)
     1    0.37    0.24    0.18    0.50 ^ attempt09_data_clk_stage2/Y (sky130_fd_sc_hd__clkinv_16)
                                         attempt09_data_clk_out (net)
                  0.33    0.02    0.52 ^ u_protected_memory.u_data/clk (sram22_256x64m4w8)
                          0.10    0.62   clock uncertainty
                          0.00    0.62   clock reconvergence pessimism
                          0.15    0.77   library hold time
                                  0.77   data required time
-----------------------------------------------------------------------------
                                  0.77   data required time
                                 -0.77   data arrival time
-----------------------------------------------------------------------------
                                  0.00   slack (MET)



==========================================================================
finish report_checks -path_delay max
--------------------------------------------------------------------------
Startpoint: u_protected_memory.u_data
            (rising edge-triggered flip-flop clocked by core_clk)
Endpoint: detected_uncorrectable (output port clocked by core_clk)
Path Group: core_clk
Path Type: max

Fanout     Cap    Slew   Delay    Time   Description
-----------------------------------------------------------------------------
                          0.00    0.00   clock core_clk (rise edge)
                          0.00    0.00   clock source latency
     2    0.05    0.00    0.00    0.00 ^ clk (in)
                                         clk (net)
                  0.00    0.00    0.00 ^ clkbuf_0_clk/A (sky130_fd_sc_hd__clkbuf_16)
     2    0.02    0.04    0.11    0.11 ^ clkbuf_0_clk/X (sky130_fd_sc_hd__clkbuf_16)
                                         clknet_0_clk (net)
                  0.04    0.00    0.12 ^ clkbuf_1_1__f_clk/A (sky130_fd_sc_hd__clkbuf_16)
     1    0.04    0.06    0.14    0.26 ^ clkbuf_1_1__f_clk/X (sky130_fd_sc_hd__clkbuf_16)
                                         clknet_1_1__leaf_clk (net)
                  0.06    0.00    0.26 ^ attempt09_data_clk_stage1/A (sky130_fd_sc_hd__clkinv_16)
     1    0.04    0.03    0.06    0.32 v attempt09_data_clk_stage1/Y (sky130_fd_sc_hd__clkinv_16)
                                         attempt09_data_clk_mid (net)
                  0.03    0.00    0.32 v attempt09_data_clk_stage2/A (sky130_fd_sc_hd__clkinv_16)
     1    0.37    0.24    0.18    0.50 ^ attempt09_data_clk_stage2/Y (sky130_fd_sc_hd__clkinv_16)
                                         attempt09_data_clk_out (net)
                  0.33    0.02    0.52 ^ u_protected_memory.u_data/clk (sram22_256x64m4w8)
     2    0.03    0.27    3.48    4.00 ^ u_protected_memory.u_data/dout[59] (sram22_256x64m4w8)
                                         u_protected_memory.data_dout[59] (net)
                  0.20    0.00    4.00 ^ max_cap557/A (sky130_fd_sc_hd__clkdlybuf4s50_1)
     2    0.01    0.08    0.54    4.54 ^ max_cap557/X (sky130_fd_sc_hd__clkdlybuf4s50_1)
                                         net556 (net)
                  0.08    0.00    4.54 ^ max_cap556/A (sky130_fd_sc_hd__clkdlybuf4s50_1)
     1    0.01    0.07    0.50    5.04 ^ max_cap556/X (sky130_fd_sc_hd__clkdlybuf4s50_1)
                                         net555 (net)
                  0.07    0.00    5.04 ^ _493_/B (sky130_fd_sc_hd__xnor2_1)
     1    0.01    0.21    0.15    5.19 ^ _493_/Y (sky130_fd_sc_hd__xnor2_1)
                                         _035_ (net)
                  0.21    0.00    5.19 ^ _495_/B (sky130_fd_sc_hd__xnor3_1)
     2    0.01    0.10    0.39    5.57 v _495_/X (sky130_fd_sc_hd__xnor3_1)
                                         _037_ (net)
                  0.10    0.00    5.57 v _500_/A (sky130_fd_sc_hd__xnor3_1)
     2    0.04    0.36    0.62    6.19 ^ _500_/X (sky130_fd_sc_hd__xnor3_1)
                                         _042_ (net)
                  0.36    0.00    6.19 ^ _587_/B (sky130_fd_sc_hd__xnor2_4)
     2    0.01    0.13    0.16    6.35 ^ _587_/Y (sky130_fd_sc_hd__xnor2_4)
                                         _128_ (net)
                  0.13    0.00    6.35 ^ place718/A (sky130_fd_sc_hd__buf_4)
    15    0.08    0.23    0.27    6.62 ^ place718/X (sky130_fd_sc_hd__buf_4)
                                         net717 (net)
                  0.23    0.01    6.63 ^ _627_/B (sky130_fd_sc_hd__nor4_2)
     1    0.00    0.08    0.08    6.71 v _627_/Y (sky130_fd_sc_hd__nor4_2)
                                         _159_ (net)
                  0.08    0.00    6.71 v place702/A (sky130_fd_sc_hd__buf_4)
     4    0.03    0.05    0.17    6.88 v place702/X (sky130_fd_sc_hd__buf_4)
                                         net701 (net)
                  0.05    0.00    6.89 v _628_/B (sky130_fd_sc_hd__nand2_1)
     3    0.03    0.25    0.21    7.10 ^ _628_/Y (sky130_fd_sc_hd__nand2_1)
                                         _160_ (net)
                  0.25    0.00    7.10 ^ _834_/B2 (sky130_fd_sc_hd__o22ai_1)
     1    0.00    0.07    0.10    7.20 v _834_/Y (sky130_fd_sc_hd__o22ai_1)
                                         _313_ (net)
                  0.07    0.00    7.20 v _848_/A (sky130_fd_sc_hd__nor4_1)
     1    0.01    0.50    0.49    7.69 ^ _848_/Y (sky130_fd_sc_hd__nor4_1)
                                         _327_ (net)
                  0.50    0.00    7.69 ^ _849_/B1 (sky130_fd_sc_hd__o21ai_2)
     2    0.01    0.13    0.15    7.85 v _849_/Y (sky130_fd_sc_hd__o21ai_2)
                                         _328_ (net)
                  0.13    0.00    7.85 v _851_/C1 (sky130_fd_sc_hd__a211oi_4)
     1    0.01    0.17    0.18    8.03 ^ _851_/Y (sky130_fd_sc_hd__a211oi_4)
                                         net92 (net)
                  0.17    0.00    8.03 ^ place635/A (sky130_fd_sc_hd__buf_4)
     1    0.02    0.07    0.17    8.20 ^ place635/X (sky130_fd_sc_hd__buf_4)
                                         net634 (net)
                  0.07    0.00    8.20 ^ output93/A (sky130_fd_sc_hd__clkdlybuf4s50_1)
     1    0.02    0.22    0.61    8.81 ^ output93/X (sky130_fd_sc_hd__clkdlybuf4s50_1)
                                         detected_uncorrectable (net)
                  0.22    0.00    8.81 ^ detected_uncorrectable (out)
                                  8.81   data arrival time

                         10.00   10.00   clock core_clk (rise edge)
                          0.00   10.00   clock network delay (propagated)
                         -0.10    9.90   clock uncertainty
                          0.00    9.90   clock reconvergence pessimism
                         -0.50    9.40   output external delay
                                  9.40   data required time
-----------------------------------------------------------------------------
                                  9.40   data required time
                                 -8.81   data arrival time
-----------------------------------------------------------------------------
                                  0.59   slack (MET)



==========================================================================
finish report_checks -unconstrained
--------------------------------------------------------------------------
Startpoint: u_protected_memory.u_data
            (rising edge-triggered flip-flop clocked by core_clk)
Endpoint: detected_uncorrectable (output port clocked by core_clk)
Path Group: core_clk
Path Type: max

Fanout     Cap    Slew   Delay    Time   Description
-----------------------------------------------------------------------------
                          0.00    0.00   clock core_clk (rise edge)
                          0.00    0.00   clock source latency
     2    0.05    0.00    0.00    0.00 ^ clk (in)
                                         clk (net)
                  0.00    0.00    0.00 ^ clkbuf_0_clk/A (sky130_fd_sc_hd__clkbuf_16)
     2    0.02    0.04    0.11    0.11 ^ clkbuf_0_clk/X (sky130_fd_sc_hd__clkbuf_16)
                                         clknet_0_clk (net)
                  0.04    0.00    0.12 ^ clkbuf_1_1__f_clk/A (sky130_fd_sc_hd__clkbuf_16)
     1    0.04    0.06    0.14    0.26 ^ clkbuf_1_1__f_clk/X (sky130_fd_sc_hd__clkbuf_16)
                                         clknet_1_1__leaf_clk (net)
                  0.06    0.00    0.26 ^ attempt09_data_clk_stage1/A (sky130_fd_sc_hd__clkinv_16)
     1    0.04    0.03    0.06    0.32 v attempt09_data_clk_stage1/Y (sky130_fd_sc_hd__clkinv_16)
                                         attempt09_data_clk_mid (net)
                  0.03    0.00    0.32 v attempt09_data_clk_stage2/A (sky130_fd_sc_hd__clkinv_16)
     1    0.37    0.24    0.18    0.50 ^ attempt09_data_clk_stage2/Y (sky130_fd_sc_hd__clkinv_16)
                                         attempt09_data_clk_out (net)
                  0.33    0.02    0.52 ^ u_protected_memory.u_data/clk (sram22_256x64m4w8)
     2    0.03    0.27    3.48    4.00 ^ u_protected_memory.u_data/dout[59] (sram22_256x64m4w8)
                                         u_protected_memory.data_dout[59] (net)
                  0.20    0.00    4.00 ^ max_cap557/A (sky130_fd_sc_hd__clkdlybuf4s50_1)
     2    0.01    0.08    0.54    4.54 ^ max_cap557/X (sky130_fd_sc_hd__clkdlybuf4s50_1)
                                         net556 (net)
                  0.08    0.00    4.54 ^ max_cap556/A (sky130_fd_sc_hd__clkdlybuf4s50_1)
     1    0.01    0.07    0.50    5.04 ^ max_cap556/X (sky130_fd_sc_hd__clkdlybuf4s50_1)
                                         net555 (net)
                  0.07    0.00    5.04 ^ _493_/B (sky130_fd_sc_hd__xnor2_1)
     1    0.01    0.21    0.15    5.19 ^ _493_/Y (sky130_fd_sc_hd__xnor2_1)
                                         _035_ (net)
                  0.21    0.00    5.19 ^ _495_/B (sky130_fd_sc_hd__xnor3_1)
     2    0.01    0.10    0.39    5.57 v _495_/X (sky130_fd_sc_hd__xnor3_1)
                                         _037_ (net)
                  0.10    0.00    5.57 v _500_/A (sky130_fd_sc_hd__xnor3_1)
     2    0.04    0.36    0.62    6.19 ^ _500_/X (sky130_fd_sc_hd__xnor3_1)
                                         _042_ (net)
                  0.36    0.00    6.19 ^ _587_/B (sky130_fd_sc_hd__xnor2_4)
     2    0.01    0.13    0.16    6.35 ^ _587_/Y (sky130_fd_sc_hd__xnor2_4)
                                         _128_ (net)
                  0.13    0.00    6.35 ^ place718/A (sky130_fd_sc_hd__buf_4)
    15    0.08    0.23    0.27    6.62 ^ place718/X (sky130_fd_sc_hd__buf_4)
                                         net717 (net)
                  0.23    0.01    6.63 ^ _627_/B (sky130_fd_sc_hd__nor4_2)
     1    0.00    0.08    0.08    6.71 v _627_/Y (sky130_fd_sc_hd__nor4_2)
                                         _159_ (net)
                  0.08    0.00    6.71 v place702/A (sky130_fd_sc_hd__buf_4)
     4    0.03    0.05    0.17    6.88 v place702/X (sky130_fd_sc_hd__buf_4)
                                         net701 (net)
                  0.05    0.00    6.89 v _628_/B (sky130_fd_sc_hd__nand2_1)
     3    0.03    0.25    0.21    7.10 ^ _628_/Y (sky130_fd_sc_hd__nand2_1)
                                         _160_ (net)
                  0.25    0.00    7.10 ^ _834_/B2 (sky130_fd_sc_hd__o22ai_1)
     1    0.00    0.07    0.10    7.20 v _834_/Y (sky130_fd_sc_hd__o22ai_1)
                                         _313_ (net)
                  0.07    0.00    7.20 v _848_/A (sky130_fd_sc_hd__nor4_1)
     1    0.01    0.50    0.49    7.69 ^ _848_/Y (sky130_fd_sc_hd__nor4_1)
                                         _327_ (net)
                  0.50    0.00    7.69 ^ _849_/B1 (sky130_fd_sc_hd__o21ai_2)
     2    0.01    0.13    0.15    7.85 v _849_/Y (sky130_fd_sc_hd__o21ai_2)
                                         _328_ (net)
                  0.13    0.00    7.85 v _851_/C1 (sky130_fd_sc_hd__a211oi_4)
     1    0.01    0.17    0.18    8.03 ^ _851_/Y (sky130_fd_sc_hd__a211oi_4)
                                         net92 (net)
                  0.17    0.00    8.03 ^ place635/A (sky130_fd_sc_hd__buf_4)
     1    0.02    0.07    0.17    8.20 ^ place635/X (sky130_fd_sc_hd__buf_4)
                                         net634 (net)
                  0.07    0.00    8.20 ^ output93/A (sky130_fd_sc_hd__clkdlybuf4s50_1)
     1    0.02    0.22    0.61    8.81 ^ output93/X (sky130_fd_sc_hd__clkdlybuf4s50_1)
                                         detected_uncorrectable (net)
                  0.22    0.00    8.81 ^ detected_uncorrectable (out)
                                  8.81   data arrival time

                         10.00   10.00   clock core_clk (rise edge)
                          0.00   10.00   clock network delay (propagated)
                         -0.10    9.90   clock uncertainty
                          0.00    9.90   clock reconvergence pessimism
                         -0.50    9.40   output external delay
                                  9.40   data required time
-----------------------------------------------------------------------------
                                  9.40   data required time
                                 -8.81   data arrival time
-----------------------------------------------------------------------------
                                  0.59   slack (MET)



==========================================================================
finish report_check_types -max_slew -max_cap -max_fanout -violators
--------------------------------------------------------------------------
max slew

Pin                                    Limit    Slew   Slack
------------------------------------------------------------
u_protected_memory.u_ecc/dout[4]        0.04    0.45   -0.41 (VIOLATED)
u_protected_memory.u_ecc/dout[1]        0.04    0.44   -0.40 (VIOLATED)
u_protected_memory.u_ecc/dout[7]        0.04    0.39   -0.35 (VIOLATED)
u_protected_memory.u_ecc/dout[5]        0.04    0.37   -0.33 (VIOLATED)
u_protected_memory.u_ecc/dout[2]        0.04    0.37   -0.33 (VIOLATED)
u_protected_memory.u_ecc/dout[6]        0.04    0.36   -0.32 (VIOLATED)
u_protected_memory.u_data/dout[2]       0.04    0.34   -0.30 (VIOLATED)
u_protected_memory.u_data/dout[3]       0.04    0.33   -0.29 (VIOLATED)
u_protected_memory.u_ecc/dout[3]        0.04    0.33   -0.29 (VIOLATED)
u_protected_memory.u_data/dout[6]       0.04    0.33   -0.29 (VIOLATED)
u_protected_memory.u_data/dout[16]      0.04    0.33   -0.29 (VIOLATED)
u_protected_memory.u_data/rstb          0.35    0.62   -0.26 (VIOLATED)
u_protected_memory.u_data/dout[62]      0.04    0.30   -0.26 (VIOLATED)
u_protected_memory.u_data/dout[33]      0.04    0.29   -0.25 (VIOLATED)
u_protected_memory.u_data/dout[63]      0.04    0.29   -0.25 (VIOLATED)
u_protected_memory.u_data/dout[61]      0.04    0.28   -0.24 (VIOLATED)
u_protected_memory.u_data/dout[56]      0.04    0.28   -0.24 (VIOLATED)
u_protected_memory.u_data/dout[17]      0.04    0.27   -0.23 (VIOLATED)
u_protected_memory.u_data/dout[5]       0.04    0.27   -0.23 (VIOLATED)
u_protected_memory.u_data/dout[59]      0.04    0.27   -0.23 (VIOLATED)
u_protected_memory.u_data/dout[58]      0.04    0.26   -0.22 (VIOLATED)
u_protected_memory.u_data/dout[60]      0.04    0.26   -0.22 (VIOLATED)
u_protected_memory.u_data/dout[8]       0.04    0.26   -0.22 (VIOLATED)
u_protected_memory.u_data/dout[54]      0.04    0.25   -0.21 (VIOLATED)
u_protected_memory.u_data/dout[19]      0.04    0.25   -0.21 (VIOLATED)
u_protected_memory.u_data/dout[10]      0.04    0.25   -0.21 (VIOLATED)
u_protected_memory.u_data/dout[35]      0.04    0.24   -0.20 (VIOLATED)
u_protected_memory.u_data/dout[29]      0.04    0.23   -0.19 (VIOLATED)
u_protected_memory.u_data/dout[18]      0.04    0.23   -0.19 (VIOLATED)
u_protected_memory.u_data/dout[39]      0.04    0.23   -0.19 (VIOLATED)
u_protected_memory.u_data/dout[7]       0.04    0.23   -0.19 (VIOLATED)
u_protected_memory.u_data/dout[31]      0.04    0.23   -0.19 (VIOLATED)
u_protected_memory.u_data/dout[53]      0.04    0.23   -0.19 (VIOLATED)
u_protected_memory.u_data/dout[12]      0.04    0.22   -0.18 (VIOLATED)
u_protected_memory.u_data/dout[52]      0.04    0.22   -0.18 (VIOLATED)
u_protected_memory.u_data/dout[36]      0.04    0.22   -0.18 (VIOLATED)
u_protected_memory.u_data/dout[26]      0.04    0.22   -0.18 (VIOLATED)
u_protected_memory.u_data/dout[9]       0.04    0.22   -0.18 (VIOLATED)
u_protected_memory.u_data/dout[25]      0.04    0.22   -0.18 (VIOLATED)
u_protected_memory.u_data/dout[14]      0.04    0.22   -0.18 (VIOLATED)
u_protected_memory.u_data/dout[55]      0.04    0.22   -0.18 (VIOLATED)
u_protected_memory.u_data/dout[30]      0.04    0.22   -0.18 (VIOLATED)
u_protected_memory.u_data/dout[47]      0.04    0.21   -0.17 (VIOLATED)
u_protected_memory.u_data/dout[34]      0.04    0.21   -0.17 (VIOLATED)
u_protected_memory.u_data/dout[13]      0.04    0.21   -0.17 (VIOLATED)
u_protected_memory.u_ecc/dout[0]        0.04    0.21   -0.17 (VIOLATED)
u_protected_memory.u_data/dout[57]      0.04    0.21   -0.17 (VIOLATED)
u_protected_memory.u_data/dout[23]      0.04    0.20   -0.16 (VIOLATED)
u_protected_memory.u_data/dout[1]       0.04    0.20   -0.16 (VIOLATED)
u_protected_memory.u_data/dout[0]       0.04    0.20   -0.16 (VIOLATED)
u_protected_memory.u_data/dout[32]      0.04    0.20   -0.16 (VIOLATED)
u_protected_memory.u_data/dout[51]      0.04    0.20   -0.16 (VIOLATED)
u_protected_memory.u_data/dout[42]      0.04    0.20   -0.16 (VIOLATED)
u_protected_memory.u_data/dout[15]      0.04    0.19   -0.15 (VIOLATED)
u_protected_memory.u_data/dout[40]      0.04    0.19   -0.15 (VIOLATED)
u_protected_memory.u_data/dout[21]      0.04    0.19   -0.15 (VIOLATED)
u_protected_memory.u_data/dout[11]      0.04    0.19   -0.15 (VIOLATED)
u_protected_memory.u_data/dout[24]      0.04    0.19   -0.15 (VIOLATED)
u_protected_memory.u_data/dout[50]      0.04    0.18   -0.14 (VIOLATED)
u_protected_memory.u_data/dout[43]      0.04    0.18   -0.14 (VIOLATED)
u_protected_memory.u_data/dout[27]      0.04    0.18   -0.14 (VIOLATED)
u_protected_memory.u_data/dout[46]      0.04    0.18   -0.14 (VIOLATED)
u_protected_memory.u_data/dout[49]      0.04    0.18   -0.14 (VIOLATED)
u_protected_memory.u_data/dout[22]      0.04    0.18   -0.14 (VIOLATED)
u_protected_memory.u_data/dout[37]      0.04    0.17   -0.13 (VIOLATED)
u_protected_memory.u_data/dout[4]       0.04    0.17   -0.13 (VIOLATED)
u_protected_memory.u_data/dout[41]      0.04    0.17   -0.13 (VIOLATED)
u_protected_memory.u_data/dout[44]      0.04    0.17   -0.13 (VIOLATED)
u_protected_memory.u_data/dout[48]      0.04    0.17   -0.13 (VIOLATED)
u_protected_memory.u_data/dout[38]      0.04    0.17   -0.13 (VIOLATED)
u_protected_memory.u_data/dout[20]      0.04    0.17   -0.13 (VIOLATED)
u_protected_memory.u_data/dout[45]      0.04    0.16   -0.12 (VIOLATED)
u_protected_memory.u_data/dout[28]      0.04    0.15   -0.11 (VIOLATED)


==========================================================================
finish max_slew_check_slack
--------------------------------------------------------------------------
-0.4119463562965393

==========================================================================
finish max_slew_check_limit
--------------------------------------------------------------------------
0.03999999910593033

==========================================================================
finish max_slew_check_slack_limit
--------------------------------------------------------------------------
-10.2987

==========================================================================
finish max_fanout_check_slack
--------------------------------------------------------------------------
1.0000000150474662e+30

==========================================================================
finish max_fanout_check_limit
--------------------------------------------------------------------------
1.0000000150474662e+30

==========================================================================
finish max_capacitance_check_slack
--------------------------------------------------------------------------
0.02191592939198017

==========================================================================
finish max_capacitance_check_limit
--------------------------------------------------------------------------
0.02930700220167637

==========================================================================
finish max_capacitance_check_slack_limit
--------------------------------------------------------------------------
0.7478

==========================================================================
finish max_slew_violation_count
--------------------------------------------------------------------------
max slew violation count 73

==========================================================================
finish max_fanout_violation_count
--------------------------------------------------------------------------
max fanout violation count 0

==========================================================================
finish max_cap_violation_count
--------------------------------------------------------------------------
max cap violation count 0

==========================================================================
finish setup_violation_count
--------------------------------------------------------------------------
setup violation count 0

==========================================================================
finish hold_violation_count
--------------------------------------------------------------------------
hold violation count 0

==========================================================================
finish report_checks -path_delay max reg to reg
--------------------------------------------------------------------------
No paths found.

==========================================================================
finish report_checks -path_delay min reg to reg
--------------------------------------------------------------------------
No paths found.

==========================================================================
finish critical path target clock latency max path
--------------------------------------------------------------------------
0.3848

==========================================================================
finish critical path target clock latency min path
--------------------------------------------------------------------------
0.5186

==========================================================================
finish critical path source clock latency min path
--------------------------------------------------------------------------
0.0000

==========================================================================
finish critical path delay
--------------------------------------------------------------------------
8.8118

==========================================================================
finish critical path slack
--------------------------------------------------------------------------
0.5882

==========================================================================
finish slack div critical path delay
--------------------------------------------------------------------------
6.675140

==========================================================================
finish report_power
--------------------------------------------------------------------------
Group                  Internal  Switching    Leakage      Total
                          Power      Power      Power      Power (Watts)
----------------------------------------------------------------
Sequential             0.00e+00   0.00e+00   0.00e+00   0.00e+00   0.0%
Combinational          2.45e-04   3.95e-04   3.72e-09   6.41e-04  31.0%
Clock                  9.23e-05   2.43e-04   9.42e-11   3.35e-04  16.2%
Macro                  1.09e-03   0.00e+00   7.31e-07   1.09e-03  52.7%
Pad                    0.00e+00   0.00e+00   0.00e+00   0.00e+00   0.0%
----------------------------------------------------------------
Total                  1.43e-03   6.38e-04   7.34e-07   2.06e-03 100.0%
                          69.1%      30.9%       0.0%
