This is pdfTeX, Version 3.141592653-2.6-1.40.25 (MiKTeX 24.1) (preloaded format=pdflatex 2025.2.9)  10 SEP 2026 09:24
entering extended mode
 restricted \write18 enabled.
 file:line:error style messages enabled.
 %&-line parsing enabled.
**./DATE2027_MANUSCRIPT_REV2.tex
(DATE2027_MANUSCRIPT_REV2.tex
LaTeX2e <2023-11-01> patch level 1
L3 programming layer <2024-01-04>
(D:\Tex (LaTex)\tex/latex/ieeetran\IEEEtran.cls
Document Class: IEEEtran 2015/08/26 V1.8b by Michael Shell
-- See the "IEEEtran_HOWTO" manual for usage information.
-- http://www.michaelshell.org/tex/ieeetran/
\@IEEEtrantmpdimenA=\dimen140
\@IEEEtrantmpdimenB=\dimen141
\@IEEEtrantmpdimenC=\dimen142
\@IEEEtrantmpcountA=\count187
\@IEEEtrantmpcountB=\count188
\@IEEEtrantmpcountC=\count189
\@IEEEtrantmptoksA=\toks17
LaTeX Font Info:    Trying to load font information for OT1+ptm on input line 5
03.
(D:\Tex (LaTex)\tex/latex/psnfss\ot1ptm.fd
File: ot1ptm.fd 2001/06/04 font definitions for OT1/ptm.
)
-- Using 8.5in x 11in (letter) paper.
-- Using PDF output.
\@IEEEnormalsizeunitybaselineskip=\dimen143
-- This is a 10 point document.
\CLASSINFOnormalsizebaselineskip=\dimen144
\CLASSINFOnormalsizeunitybaselineskip=\dimen145
\IEEEnormaljot=\dimen146
LaTeX Font Info:    Font shape `OT1/ptm/bx/n' in size <5> not available
(Font)              Font shape `OT1/ptm/b/n' tried instead on input line 1090.
LaTeX Font Info:    Font shape `OT1/ptm/bx/it' in size <5> not available
(Font)              Font shape `OT1/ptm/b/it' tried instead on input line 1090.

LaTeX Font Info:    Font shape `OT1/ptm/bx/n' in size <7> not available
(Font)              Font shape `OT1/ptm/b/n' tried instead on input line 1090.
LaTeX Font Info:    Font shape `OT1/ptm/bx/it' in size <7> not available
(Font)              Font shape `OT1/ptm/b/it' tried instead on input line 1090.

LaTeX Font Info:    Font shape `OT1/ptm/bx/n' in size <8> not available
(Font)              Font shape `OT1/ptm/b/n' tried instead on input line 1090.
LaTeX Font Info:    Font shape `OT1/ptm/bx/it' in size <8> not available
(Font)              Font shape `OT1/ptm/b/it' tried instead on input line 1090.

LaTeX Font Info:    Font shape `OT1/ptm/bx/n' in size <9> not available
(Font)              Font shape `OT1/ptm/b/n' tried instead on input line 1090.
LaTeX Font Info:    Font shape `OT1/ptm/bx/it' in size <9> not available
(Font)              Font shape `OT1/ptm/b/it' tried instead on input line 1090.

LaTeX Font Info:    Font shape `OT1/ptm/bx/n' in size <10> not available
(Font)              Font shape `OT1/ptm/b/n' tried instead on input line 1090.
LaTeX Font Info:    Font shape `OT1/ptm/bx/it' in size <10> not available
(Font)              Font shape `OT1/ptm/b/it' tried instead on input line 1090.

LaTeX Font Info:    Font shape `OT1/ptm/bx/n' in size <11> not available
(Font)              Font shape `OT1/ptm/b/n' tried instead on input line 1090.
LaTeX Font Info:    Font shape `OT1/ptm/bx/it' in size <11> not available
(Font)              Font shape `OT1/ptm/b/it' tried instead on input line 1090.

LaTeX Font Info:    Font shape `OT1/ptm/bx/n' in size <12> not available
(Font)              Font shape `OT1/ptm/b/n' tried instead on input line 1090.
LaTeX Font Info:    Font shape `OT1/ptm/bx/it' in size <12> not available
(Font)              Font shape `OT1/ptm/b/it' tried instead on input line 1090.

LaTeX Font Info:    Font shape `OT1/ptm/bx/n' in size <17> not available
(Font)              Font shape `OT1/ptm/b/n' tried instead on input line 1090.
LaTeX Font Info:    Font shape `OT1/ptm/bx/it' in size <17> not available
(Font)              Font shape `OT1/ptm/b/it' tried instead on input line 1090.

LaTeX Font Info:    Font shape `OT1/ptm/bx/n' in size <20> not available
(Font)              Font shape `OT1/ptm/b/n' tried instead on input line 1090.
LaTeX Font Info:    Font shape `OT1/ptm/bx/it' in size <20> not available
(Font)              Font shape `OT1/ptm/b/it' tried instead on input line 1090.

LaTeX Font Info:    Font shape `OT1/ptm/bx/n' in size <24> not available
(Font)              Font shape `OT1/ptm/b/n' tried instead on input line 1090.
LaTeX Font Info:    Font shape `OT1/ptm/bx/it' in size <24> not available
(Font)              Font shape `OT1/ptm/b/it' tried instead on input line 1090.

\IEEEquantizedlength=\dimen147
\IEEEquantizedlengthdiff=\dimen148
\IEEEquantizedtextheightdiff=\dimen149
\IEEEilabelindentA=\dimen150
\IEEEilabelindentB=\dimen151
\IEEEilabelindent=\dimen152
\IEEEelabelindent=\dimen153
\IEEEdlabelindent=\dimen154
\IEEElabelindent=\dimen155
\IEEEiednormlabelsep=\dimen156
\IEEEiedmathlabelsep=\dimen157
\IEEEiedtopsep=\skip48
\c@section=\count190
\c@subsection=\count191
\c@subsubsection=\count192
\c@paragraph=\count193
\c@IEEEsubequation=\count194
\abovecaptionskip=\skip49
\belowcaptionskip=\skip50
\c@figure=\count195
\c@table=\count196
\@IEEEeqnnumcols=\count197
\@IEEEeqncolcnt=\count198
\@IEEEsubeqnnumrollback=\count199
\@IEEEquantizeheightA=\dimen158
\@IEEEquantizeheightB=\dimen159
\@IEEEquantizeheightC=\dimen160
\@IEEEquantizeprevdepth=\dimen161
\@IEEEquantizemultiple=\count266
\@IEEEquantizeboxA=\box51
\@IEEEtmpitemindent=\dimen162
\IEEEPARstartletwidth=\dimen163
\c@IEEEbiography=\count267
\@IEEEtranrubishbin=\box52
)
** ATTENTION: Overriding command lockouts (line 2).
(D:\Tex (LaTex)\tex/latex/amsmath\amsmath.sty
Package: amsmath 2023/05/13 v2.17o AMS math features
\@mathmargin=\skip51

For additional information on amsmath, use the `?' option.
(D:\Tex (LaTex)\tex/latex/amsmath\amstext.sty
Package: amstext 2021/08/26 v2.01 AMS text

(D:\Tex (LaTex)\tex/latex/amsmath\amsgen.sty
File: amsgen.sty 1999/11/30 v2.0 generic functions
\@emptytoks=\toks18
\ex@=\dimen164
))
(D:\Tex (LaTex)\tex/latex/amsmath\amsbsy.sty
Package: amsbsy 1999/11/29 v1.2d Bold Symbols
\pmbraise@=\dimen165
)
(D:\Tex (LaTex)\tex/latex/amsmath\amsopn.sty
Package: amsopn 2022/04/08 v2.04 operator names
)
\inf@bad=\count268
LaTeX Info: Redefining \frac on input line 234.
\uproot@=\count269
\leftroot@=\count270
LaTeX Info: Redefining \overline on input line 399.
LaTeX Info: Redefining \colon on input line 410.
\classnum@=\count271
\DOTSCASE@=\count272
LaTeX Info: Redefining \ldots on input line 496.
LaTeX Info: Redefining \dots on input line 499.
LaTeX Info: Redefining \cdots on input line 620.
\Mathstrutbox@=\box53
\strutbox@=\box54
LaTeX Info: Redefining \big on input line 722.
LaTeX Info: Redefining \Big on input line 723.
LaTeX Info: Redefining \bigg on input line 724.
LaTeX Info: Redefining \Bigg on input line 725.
\big@size=\dimen166
LaTeX Font Info:    Redeclaring font encoding OML on input line 743.
LaTeX Font Info:    Redeclaring font encoding OMS on input line 744.
\macc@depth=\count273
LaTeX Info: Redefining \bmod on input line 905.
LaTeX Info: Redefining \pmod on input line 910.
LaTeX Info: Redefining \smash on input line 940.
LaTeX Info: Redefining \relbar on input line 970.
LaTeX Info: Redefining \Relbar on input line 971.
\c@MaxMatrixCols=\count274
\dotsspace@=\muskip16
\c@parentequation=\count275
\dspbrk@lvl=\count276
\tag@help=\toks19
\row@=\count277
\column@=\count278
\maxfields@=\count279
\andhelp@=\toks20
\eqnshift@=\dimen167
\alignsep@=\dimen168
\tagshift@=\dimen169
\tagwidth@=\dimen170
\totwidth@=\dimen171
\lineht@=\dimen172
\@envbody=\toks21
\multlinegap=\skip52
\multlinetaggap=\skip53
\mathdisplay@stack=\toks22
LaTeX Info: Redefining \[ on input line 2953.
LaTeX Info: Redefining \] on input line 2954.
)
(D:\Tex (LaTex)\tex/latex/booktabs\booktabs.sty
Package: booktabs 2020/01/12 v1.61803398 Publication quality tables
\heavyrulewidth=\dimen173
\lightrulewidth=\dimen174
\cmidrulewidth=\dimen175
\belowrulesep=\dimen176
\belowbottomsep=\dimen177
\aboverulesep=\dimen178
\abovetopsep=\dimen179
\cmidrulesep=\dimen180
\cmidrulekern=\dimen181
\defaultaddspace=\dimen182
\@cmidla=\count280
\@cmidlb=\count281
\@aboverulesep=\dimen183
\@belowrulesep=\dimen184
\@thisruleclass=\count282
\@lastruleclass=\count283
\@thisrulewidth=\dimen185
)
(D:\Tex (LaTex)\tex/latex/cite\cite.sty
LaTeX Info: Redefining \cite on input line 302.
LaTeX Info: Redefining \nocite on input line 332.
Package: cite 2015/02/27  v 5.5
)
(D:\Tex (LaTex)\tex/latex/graphics\graphicx.sty
Package: graphicx 2021/09/16 v1.2d Enhanced LaTeX Graphics (DPC,SPQR)

(D:\Tex (LaTex)\tex/latex/graphics\keyval.sty
Package: keyval 2022/05/29 v1.15 key=value parser (DPC)
\KV@toks@=\toks23
)
(D:\Tex (LaTex)\tex/latex/graphics\graphics.sty
Package: graphics 2022/03/10 v1.4e Standard LaTeX Graphics (DPC,SPQR)

(D:\Tex (LaTex)\tex/latex/graphics\trig.sty
Package: trig 2021/08/11 v1.11 sin cos tan (DPC)
)
(D:\Tex (LaTex)\tex/latex/graphics-cfg\graphics.cfg
File: graphics.cfg 2016/06/04 v1.11 sample graphics configuration
)
Package graphics Info: Driver file: pdftex.def on input line 107.

(D:\Tex (LaTex)\tex/latex/graphics-def\pdftex.def
File: pdftex.def 2022/09/22 v1.2b Graphics/color driver for pdftex
))
\Gin@req@height=\dimen186
\Gin@req@width=\dimen187
)
(D:\Tex (LaTex)\tex/latex/microtype\microtype.sty
Package: microtype 2026/03/01 v3.2d Micro-typographical refinements (RS)

(D:\Tex (LaTex)\tex/latex/etoolbox\etoolbox.sty
Package: etoolbox 2020/10/05 v2.5k e-TeX tools for LaTeX (JAW)
\etb@tempcnta=\count284
)
\MT@toks=\toks24
\MT@tempbox=\box55
\MT@count=\count285
LaTeX Info: Redefining \noprotrusionifhmode on input line 1084.
LaTeX Info: Redefining \leftprotrusion on input line 1085.
\MT@prot@toks=\toks25
LaTeX Info: Redefining \rightprotrusion on input line 1104.
LaTeX Info: Redefining \textls on input line 1449.
\MT@outer@kern=\dimen188
LaTeX Info: Redefining \microtypecontext on input line 2053.
LaTeX Info: Redefining \textmicrotypecontext on input line 2070.
\MT@listname@count=\count286

(D:\Tex (LaTex)\tex/latex/microtype\microtype-pdftex.def
File: microtype-pdftex.def 2026/03/01 v3.2d Definitions specific to pdftex (RS)

LaTeX Info: Redefining \lsstyle on input line 944.
LaTeX Info: Redefining \lslig on input line 944.
\MT@outer@space=\skip54
)
Package microtype Info: Loading configuration file microtype.cfg.

(D:\Tex (LaTex)\tex/latex/microtype\microtype.cfg
File: microtype.cfg 2026/03/01 v3.2d microtype main configuration file (RS)
)
LaTeX Info: Redefining \microtypesetup on input line 3065.
)
(D:\Tex (LaTex)\tex/latex/url\url.sty
\Urlmuskip=\muskip17
Package: url 2013/09/16  ver 3.4  Verb mode for urls, etc.
)
(D:\Tex (LaTex)\tex/latex/preprint\balance.sty
Package: balance 1999/02/23 4.3 (PWD)
\oldvsize=\dimen189
)
(D:\Tex (LaTex)\tex/latex/hyperref\hyperref.sty
Package: hyperref 2023-11-26 v7.01g Hypertext links for LaTeX

(D:\Tex (LaTex)\tex/generic/iftex\iftex.sty
Package: iftex 2022/02/03 v1.0f TeX engine tests
)
(D:\Tex (LaTex)\tex/generic/infwarerr\infwarerr.sty
Package: infwarerr 2019/12/03 v1.5 Providing info/warning/error messages (HO)
)
(D:\Tex (LaTex)\tex/latex/kvsetkeys\kvsetkeys.sty
Package: kvsetkeys 2022-10-05 v1.19 Key value parser (HO)
)
(D:\Tex (LaTex)\tex/generic/kvdefinekeys\kvdefinekeys.sty
Package: kvdefinekeys 2019-12-19 v1.6 Define keys (HO)
)
(D:\Tex (LaTex)\tex/generic/pdfescape\pdfescape.sty
Package: pdfescape 2019/12/09 v1.15 Implements pdfTeX's escape features (HO)

(D:\Tex (LaTex)\tex/generic/ltxcmds\ltxcmds.sty
Package: ltxcmds 2023-12-04 v1.26 LaTeX kernel commands for general use (HO)
)
(D:\Tex (LaTex)\tex/generic/pdftexcmds\pdftexcmds.sty
Package: pdftexcmds 2020-06-27 v0.33 Utility functions of pdfTeX for LuaTeX (HO
)
Package pdftexcmds Info: \pdf@primitive is available.
Package pdftexcmds Info: \pdf@ifprimitive is available.
Package pdftexcmds Info: \pdfdraftmode found.
))
(D:\Tex (LaTex)\tex/latex/hycolor\hycolor.sty
Package: hycolor 2020-01-27 v1.10 Color options for hyperref/bookmark (HO)
)
(D:\Tex (LaTex)\tex/latex/letltxmacro\letltxmacro.sty
Package: letltxmacro 2019/12/03 v1.6 Let assignment for LaTeX macros (HO)
)
(D:\Tex (LaTex)\tex/latex/auxhook\auxhook.sty
Package: auxhook 2019-12-17 v1.6 Hooks for auxiliary files (HO)
)
(D:\Tex (LaTex)\tex/latex/hyperref\nameref.sty
Package: nameref 2023-11-26 v2.56 Cross-referencing by name of section

(D:\Tex (LaTex)\tex/latex/refcount\refcount.sty
Package: refcount 2019/12/15 v3.6 Data extraction from label references (HO)
)
(D:\Tex (LaTex)\tex/generic/gettitlestring\gettitlestring.sty
Package: gettitlestring 2019/12/15 v1.6 Cleanup title references (HO)

(D:\Tex (LaTex)\tex/latex/kvoptions\kvoptions.sty
Package: kvoptions 2022-06-15 v3.15 Key value format for package options (HO)
))
\c@section@level=\count287
)
\@linkdim=\dimen190
\Hy@linkcounter=\count288
\Hy@pagecounter=\count289

(D:\Tex (LaTex)\tex/latex/hyperref\pd1enc.def
File: pd1enc.def 2023-11-26 v7.01g Hyperref: PDFDocEncoding definition (HO)
Now handling font encoding PD1 ...
... no UTF-8 mapping file for font encoding PD1
)
(D:\Tex (LaTex)\tex/generic/intcalc\intcalc.sty
Package: intcalc 2019/12/15 v1.3 Expandable calculations with integers (HO)
)
\Hy@SavedSpaceFactor=\count290

(D:\Tex (LaTex)\tex/latex/hyperref\puenc.def
File: puenc.def 2023-11-26 v7.01g Hyperref: PDF Unicode definition (HO)
Now handling font encoding PU ...
... no UTF-8 mapping file for font encoding PU
)
Package hyperref Info: Hyper figures OFF on input line 4181.
Package hyperref Info: Link nesting OFF on input line 4186.
Package hyperref Info: Hyper index ON on input line 4189.
Package hyperref Info: Plain pages OFF on input line 4196.
Package hyperref Info: Backreferencing OFF on input line 4201.
Package hyperref Info: Implicit mode ON; LaTeX internals redefined.
Package hyperref Info: Bookmarks ON on input line 4448.
\c@Hy@tempcnt=\count291
LaTeX Info: Redefining \url on input line 4786.
\XeTeXLinkMargin=\dimen191

(D:\Tex (LaTex)\tex/generic/bitset\bitset.sty
Package: bitset 2019/12/09 v1.3 Handle bit-vector datatype (HO)

(D:\Tex (LaTex)\tex/generic/bigintcalc\bigintcalc.sty
Package: bigintcalc 2019/12/15 v1.5 Expandable calculations on big integers (HO
)
))
\Fld@menulength=\count292
\Field@Width=\dimen192
\Fld@charsize=\dimen193
Package hyperref Info: Hyper figures OFF on input line 6065.
Package hyperref Info: Link nesting OFF on input line 6070.
Package hyperref Info: Hyper index ON on input line 6073.
Package hyperref Info: backreferencing OFF on input line 6080.
Package hyperref Info: Link coloring OFF on input line 6085.
Package hyperref Info: Link coloring with OCG OFF on input line 6090.
Package hyperref Info: PDF/A mode OFF on input line 6095.

(D:\Tex (LaTex)\tex/latex/base\atbegshi-ltx.sty
Package: atbegshi-ltx 2021/01/10 v1.0c Emulation of the original atbegshi
package with kernel methods
)
\Hy@abspage=\count293
\c@Item=\count294
\c@Hfootnote=\count295
)
Package hyperref Info: Driver (autodetected): hpdftex.

(D:\Tex (LaTex)\tex/latex/hyperref\hpdftex.def
File: hpdftex.def 2023-11-26 v7.01g Hyperref driver for pdfTeX

(D:\Tex (LaTex)\tex/latex/base\atveryend-ltx.sty
Package: atveryend-ltx 2020/08/19 v1.0a Emulation of the original atveryend pac
kage
with kernel methods
)
\Fld@listcount=\count296
\c@bookmark@seq@number=\count297

(D:\Tex (LaTex)\tex/latex/rerunfilecheck\rerunfilecheck.sty
Package: rerunfilecheck 2025-06-21 v1.11 Rerun checks for auxiliary files (HO)

(D:\Tex (LaTex)\tex/generic/uniquecounter\uniquecounter.sty
Package: uniquecounter 2019/12/15 v1.4 Provide unlimited unique counter (HO)
)
Package uniquecounter Info: New unique counter `rerunfilecheck' on input line 2
84.
)
\Hy@SectionHShift=\skip55
)
(tables/generated_macros.tex)
(D:\Tex (LaTex)\tex/latex/l3backend\l3backend-pdftex.def
File: l3backend-pdftex.def 2024-01-04 L3 backend support: PDF output (pdfTeX)
\l__color_backend_stack_int=\count298
\l__pdf_internal_box=\box56
)
(C:\Users\Abhinav\OneDrive\Desktop\ECC\Error-Code-Correction\campaigns\date_202
7_activity_qualified_ecc_energy_rev2\build\DATE2027_MANUSCRIPT_REV2.aux)
\openout1 = `DATE2027_MANUSCRIPT_REV2.aux'.

LaTeX Font Info:    Checking defaults for OML/cmm/m/it on input line 14.
LaTeX Font Info:    ... okay on input line 14.
LaTeX Font Info:    Checking defaults for OMS/cmsy/m/n on input line 14.
LaTeX Font Info:    ... okay on input line 14.
LaTeX Font Info:    Checking defaults for OT1/cmr/m/n on input line 14.
LaTeX Font Info:    ... okay on input line 14.
LaTeX Font Info:    Checking defaults for T1/cmr/m/n on input line 14.
LaTeX Font Info:    ... okay on input line 14.
LaTeX Font Info:    Checking defaults for TS1/cmr/m/n on input line 14.
LaTeX Font Info:    ... okay on input line 14.
LaTeX Font Info:    Checking defaults for OMX/cmex/m/n on input line 14.
LaTeX Font Info:    ... okay on input line 14.
LaTeX Font Info:    Checking defaults for U/cmr/m/n on input line 14.
LaTeX Font Info:    ... okay on input line 14.
LaTeX Font Info:    Checking defaults for PD1/pdf/m/n on input line 14.
LaTeX Font Info:    ... okay on input line 14.
LaTeX Font Info:    Checking defaults for PU/pdf/m/n on input line 14.
LaTeX Font Info:    ... okay on input line 14.

-- Lines per column: 56 (exact).
(D:\Tex (LaTex)\tex/context/base/mkii\supp-pdf.mkii
[Loading MPS to PDF converter (version 2006.09.02).]
\scratchcounter=\count299
\scratchdimen=\dimen194
\scratchbox=\box57
\nofMPsegments=\count300
\nofMParguments=\count301
\everyMPshowfont=\toks26
\MPscratchCnt=\count302
\MPscratchDim=\dimen195
\MPnumerator=\count303
\makeMPintoPDFobject=\count304
\everyMPtoPDFconversion=\toks27
) (D:\Tex (LaTex)\tex/latex/epstopdf-pkg\epstopdf-base.sty
Package: epstopdf-base 2020-01-24 v2.11 Base part for package epstopdf
Package epstopdf-base Info: Redefining graphics rule for `.eps' on input line 4
85.

(D:\Tex (LaTex)\tex/latex/00miktex\epstopdf-sys.cfg
File: epstopdf-sys.cfg 2021/03/18 v2.0 Configuration of epstopdf for MiKTeX
))
LaTeX Info: Redefining \microtypecontext on input line 14.
Package microtype Info: Applying patch `item' on input line 14.
Package microtype Info: Applying patch `toc' on input line 14.
Package microtype Info: Applying patch `eqnum' on input line 14.
Package microtype Info: Applying patch `footnote' on input line 14.
Package microtype Info: Applying patch `verbatim' on input line 14.
LaTeX Info: Redefining \microtypesetup on input line 14.
Package microtype Info: Generating PDF output.
Package microtype Info: Character protrusion enabled (level 2).
Package microtype Info: Using default protrusion set `alltext'.
Package microtype Info: Automatic font expansion enabled (level 2),
(microtype)             stretch: 20, shrink: 20, step: 1, non-selected.
Package microtype Info: Using default expansion set `alltext-nott'.
Package microtype Info: Patching command `\showhyphens'.
Package microtype Info: No adjustment of tracking.
Package microtype Info: No adjustment of interword spacing.
Package microtype Info: No adjustment of character kerning.

(D:\Tex (LaTex)\tex/latex/microtype\mt-ptm.cfg
File: mt-ptm.cfg 2006/04/20 v1.7 microtype config. file: Times (RS)
)
Package hyperref Info: Link coloring OFF on input line 14.

(C:\Users\Abhinav\OneDrive\Desktop\ECC\Error-Code-Correction\campaigns\date_202
7_activity_qualified_ecc_energy_rev2\build\DATE2027_MANUSCRIPT_REV2.out)
(C:\Users\Abhinav\OneDrive\Desktop\ECC\Error-Code-Correction\campaigns\date_202
7_activity_qualified_ecc_energy_rev2\build\DATE2027_MANUSCRIPT_REV2.out)
\@outlinefile=\write3
\openout3 = `DATE2027_MANUSCRIPT_REV2.out'.


(D:\Tex (LaTex)\tex/latex/microtype\mt-cmr.cfg
File: mt-cmr.cfg 2013/05/19 v2.2 microtype config. file: Computer Modern Roman 
(RS)
) [1{C:/Users/Abhinav/AppData/Local/MiKTeX/fonts/map/pdftex/pdftex.map}{D:/Tex 
(LaTex)/fonts/enc/dvips/base/8r.enc}


]
<figures/revised_final/figure01_evidence_pipeline.pdf, id=120, 410.99948pt x 13
6.87938pt>
File: figures/revised_final/figure01_evidence_pipeline.pdf Graphic file (type p
df)
<use figures/revised_final/figure01_evidence_pipeline.pdf>
Package pdftex.def Info: figures/revised_final/figure01_evidence_pipeline.pdf  
used on input line 58.
(pdftex.def)             Requested size: 505.6778pt x 168.42119pt.
 (tables/controlled_implementation_space.tex
Underfull \hbox (badness 10000) in paragraph at lines 9--9
[]\OT1/ptm/m/n/7 (+20) Temporal
 []


Underfull \hbox (badness 10000) in paragraph at lines 9--9
[]\OT1/ptm/m/n/7 (+20) combinational $\OMS/cmsy/m/n/7 !$
 []


Underfull \hbox (badness 10000) in paragraph at lines 9--10
[]\OT1/ptm/m/n/7 (+20) Hardware iden-tity
 []


Underfull \hbox (badness 10000) in paragraph at lines 10--10
[]\OT1/ptm/m/n/7 (+20) Temporal
 []


Underfull \hbox (badness 2080) in paragraph at lines 10--10
[]\OT1/ptm/m/n/7 (+20) Same qual-i-fi-ca-tion and
 []


Underfull \hbox (badness 10000) in paragraph at lines 10--11
[]\OT1/ptm/m/n/7 (+20) Condition con-trol;
 []


Underfull \hbox (badness 10000) in paragraph at lines 10--11
\OT1/ptm/m/n/7 (+20) not ac-tiv-ity
 []


Underfull \hbox (badness 10000) in paragraph at lines 11--11
[]\OT1/ptm/m/n/7 (+20) Structural
 []


Underfull \hbox (badness 1838) in paragraph at lines 11--11
[]\OT1/ptm/m/n/7 (+20) Same ma-trix, in-ter-face,
 []


Underfull \hbox (badness 6526) in paragraph at lines 11--11
\OT1/ptm/m/n/7 (+20) la-tency=1, II=1; ex-act
 []


Underfull \hbox (badness 10000) in paragraph at lines 11--11
[]\OT1/ptm/m/n/7 (+20) Area $\OMS/cmsy/m/n/7 ^^@\OT1/cmr/m/n/7 0\OML/cmm/m/it/7
 :\OT1/cmr/m/n/7 564%$\OT1/ptm/m/n/7 (+20) , wire $\OT1/cmr/m/n/7 +3\OML/cmm/m/
it/7 :\OT1/cmr/m/n/7 867%$\OT1/ptm/m/n/7 (+20) , vias
 []


Underfull \hbox (badness 10000) in paragraph at lines 11--11
\OT1/cmr/m/n/7 +3\OML/cmm/m/it/7 :\OT1/cmr/m/n/7 918%$\OT1/ptm/m/n/7 (+20) , ti
m-ing $\OT1/cmr/m/n/7 +2\OML/cmm/m/it/7 :\OT1/cmr/m/n/7 656%$\OT1/ptm/m/n/7 (+2
0) , en-ergy
 []


Underfull \hbox (badness 10000) in paragraph at lines 12--12
[]\OT1/ptm/m/n/7 (+20) stronger W1/W2-
 []


Underfull \hbox (badness 10000) in paragraph at lines 12--12
\OT1/ptm/m/n/7 (+20) correcting
 []


Underfull \hbox (badness 10000) in paragraph at lines 12--13
[]\OT1/ptm/m/n/7 (+20) Categorical
 []


Underfull \hbox (badness 10000) in paragraph at lines 13--13
[]\OT1/ptm/m/n/7 (+20) Main ac-tiv-ity
 []


Underfull \hbox (badness 10000) in paragraph at lines 13--13
[]\OT1/ptm/m/n/7 (+20) conventional
 []


Underfull \hbox (badness 10000) in paragraph at lines 13--13
\OT1/ptm/m/n/7 (+20) SECDED $\OMS/cmsy/m/n/7 $$
 []


Underfull \hbox (badness 3792) in paragraph at lines 13--13
[]\OT1/ptm/m/n/7 (+20) Interface/reliability con-
 []

) [2]
<figures/revised_final/figure02_activity_ordering.pdf, id=133, 444.02913pt x 19
6.8524pt>
File: figures/revised_final/figure02_activity_ordering.pdf Graphic file (type p
df)
<use figures/revised_final/figure02_activity_ordering.pdf>
Package pdftex.def Info: figures/revised_final/figure02_activity_ordering.pdf  
used on input line 94.
(pdftex.def)             Requested size: 485.04126pt x 215.04546pt.
 (tables/headline_results.tex)
<figures/revised_final/figure03_operation_energy_deltas.pdf, id=136, 252.13322p
t x 186.62369pt>
File: figures/revised_final/figure03_operation_energy_deltas.pdf Graphic file (
type pdf)
<use figures/revised_final/figure03_operation_energy_deltas.pdf>
Package pdftex.def Info: figures/revised_final/figure03_operation_energy_deltas
.pdf  used on input line 108.
(pdftex.def)             Requested size: 252.0pt x 186.52925pt.
 [3 <./figures/revised_final/figure01_evidence_pipeline.pdf>]
<figures/revised_final/figure04_component_decomposition.pdf, id=168, 454.25484p
t x 181.03804pt>
File: figures/revised_final/figure04_component_decomposition.pdf Graphic file (
type pdf)
<use figures/revised_final/figure04_component_decomposition.pdf>
Package pdftex.def Info: figures/revised_final/figure04_component_decomposition
.pdf  used on input line 127.
(pdftex.def)             Requested size: 252.0pt x 100.43033pt.
 [4 <./figures/revised_final/figure02_activity_ordering.pdf> <./figures/revised
_final/figure03_operation_energy_deltas.pdf> <./figures/revised_final/figure04_
component_decomposition.pdf>] [5] [6

]
(C:\Users\Abhinav\OneDrive\Desktop\ECC\Error-Code-Correction\campaigns\date_202
7_activity_qualified_ecc_energy_rev2\build\DATE2027_MANUSCRIPT_REV2.bbl
Underfull \hbox (badness 1360) in paragraph at lines 85--88
[]\OT1/ptm/m/n/8 (+20) M. Sha-lan and T. Ed-wards, ``Build-ing Open-LANE: A 130
 nm
 []

)

** Conference Paper **
Before submitting the final camera ready copy, remember to:

 1. Manually equalize the lengths of two columns on the last page
 of your paper;

 2. Ensure that any PostScript and/or PDF output post-processing
 uses only Type 1 fonts and that every step in the generation
 process uses the appropriate paper size.

[7


]
(C:\Users\Abhinav\OneDrive\Desktop\ECC\Error-Code-Correction\campaigns\date_202
7_activity_qualified_ecc_energy_rev2\build\DATE2027_MANUSCRIPT_REV2.aux)
 ***********
LaTeX2e <2023-11-01> patch level 1
L3 programming layer <2024-01-04>
 ***********
Package rerunfilecheck Info: File `DATE2027_MANUSCRIPT_REV2.out' has not change
d.
(rerunfilecheck)             Checksum: 03F5B3B3D1AE45AD3D8F19D7FDD3CD3D;3461.
 ) 
Here is how much of TeX's memory you used:
 12557 strings out of 474486
 201271 string characters out of 5757786
 1950542 words of memory out of 5000000
 34343 multiletter control sequences out of 15000+600000
 608175 words of font info for 293 fonts, out of 8000000 for 9000
 1141 hyphenation exceptions out of 8191
 75i,11n,79p,1453b,452s stack positions out of 10000i,1000n,20000p,200000b,200000s
<D:/Tex (LaTex)/fonts/type1/public/amsfonts/cm/cmmi10.pfb><D:/Tex (LaTex)/fon
ts/type1/public/amsfonts/cm/cmmi6.pfb><D:/Tex (LaTex)/fonts/type1/public/amsfon
ts/cm/cmmi7.pfb><D:/Tex (LaTex)/fonts/type1/public/amsfonts/cm/cmmi8.pfb><D:/Te
x (LaTex)/fonts/type1/public/amsfonts/cm/cmmi9.pfb><D:/Tex (LaTex)/fonts/type1/
public/amsfonts/cm/cmr10.pfb><D:/Tex (LaTex)/fonts/type1/public/amsfonts/cm/cmr
6.pfb><D:/Tex (LaTex)/fonts/type1/public/amsfonts/cm/cmr7.pfb><D:/Tex (LaTex)/f
onts/type1/public/amsfonts/cm/cmr8.pfb><D:/Tex (LaTex)/fonts/type1/public/amsfo
nts/cm/cmr9.pfb><D:/Tex (LaTex)/fonts/type1/public/amsfonts/cm/cmsy10.pfb><D:/T
ex (LaTex)/fonts/type1/public/amsfonts/cm/cmsy7.pfb><D:/Tex (LaTex)/fonts/type1
/public/amsfonts/cm/cmsy8.pfb><D:/Tex (LaTex)/fonts/type1/public/amsfonts/cm/cm
sy9.pfb><D:/Tex (LaTex)/fonts/type1/urw/times/utmb8a.pfb><D:/Tex (LaTex)/fonts/
type1/urw/times/utmbi8a.pfb><D:/Tex (LaTex)/fonts/type1/urw/times/utmr8a.pfb><D
:/Tex (LaTex)/fonts/type1/urw/times/utmri8a.pfb>
Output written on C:\Users\Abhinav\OneDrive\Desktop\ECC\Error-Code-Correction\c
ampaigns\date_2027_activity_qualified_ecc_energy_rev2\build\DATE2027_MANUSCRIPT
_REV2.pdf (7 pages, 337719 bytes).
PDF statistics:
 341 PDF objects out of 1000 (max. 8388607)
 53 named destinations out of 1000 (max. 500000)
 48301 words of extra memory for PDF output out of 51595 (max. 10000000)

