OpenROAD 26Q3-1080-gab6fd26351 
Features included (+) or not (-): +GPU +GUI +Python
This program is licensed under the BSD-3 license. See the LICENSE file for details.
Components of this program may be licensed under more restrictive licenses which must be honored.
[INFO ORD-0030] Using 4 thread(s).
read_liberty /OpenROAD-flow-scripts/flow/platforms/sky130hd/lib/sky130_fd_sc_hd__tt_025C_1v80.lib
read_liberty /work/campaigns/iscas_sustainability_extension/memory_compiler/gate3_attempt09_sram22_residual_interface_drv_and_provenance_closure/source_checkout/sram22_256x64m4w8/sram22_256x64m4w8_tt_025C_1v80.lib
read_liberty /work/campaigns/iscas_sustainability_extension/memory_compiler/gate3_attempt09_sram22_residual_interface_drv_and_provenance_closure/source_checkout/sram22_256x8m8w1/sram22_256x8m8w1_tt_025C_1v80.lib
read_db /work/campaigns/iscas_sustainability_extension/memory_compiler/gate3_attempt09_sram22_residual_interface_drv_and_provenance_closure/raw/openroad/work/results/sky130hd/attempt09_e0/seed23/5_1_grt.odb
read_sdc /work/campaigns/iscas_sustainability_extension/memory_compiler/gate3_attempt09_sram22_residual_interface_drv_and_provenance_closure/raw/openroad/work/results/sky130hd/attempt09_e0/seed23/5_1_grt.sdc
source /OpenROAD-flow-scripts/flow/platforms/sky130hd/setRC.tcl
detailed_route -output_drc /work/campaigns/iscas_sustainability_extension/memory_compiler/gate3_attempt09_sram22_residual_interface_drv_and_provenance_closure/raw/openroad/work/reports/sky130hd/attempt09_e0/seed23/5_route_drc.rpt -output_maze /work/campaigns/iscas_sustainability_extension/memory_compiler/gate3_attempt09_sram22_residual_interface_drv_and_provenance_closure/raw/openroad/work/results/sky130hd/attempt09_e0/seed23/maze.log -droute_end_iter 64 -verbose 1 -drc_report_iter_step 5
[INFO DRT-0149] Reading tech and libs.
[WARNING DRT-0349] LEF58_ENCLOSURE with no CUTCLASS is not supported. Skipping for layer mcon
[WARNING DRT-0349] LEF58_ENCLOSURE with no CUTCLASS is not supported. Skipping for layer mcon
[WARNING DRT-0349] LEF58_ENCLOSURE with no CUTCLASS is not supported. Skipping for layer via
[WARNING DRT-0349] LEF58_ENCLOSURE with no CUTCLASS is not supported. Skipping for layer via
[WARNING DRT-0349] LEF58_ENCLOSURE with no CUTCLASS is not supported. Skipping for layer via2
[WARNING DRT-0349] LEF58_ENCLOSURE with no CUTCLASS is not supported. Skipping for layer via2
[WARNING DRT-0349] LEF58_ENCLOSURE with no CUTCLASS is not supported. Skipping for layer via3
[WARNING DRT-0349] LEF58_ENCLOSURE with no CUTCLASS is not supported. Skipping for layer via3
[WARNING DRT-0349] LEF58_ENCLOSURE with no CUTCLASS is not supported. Skipping for layer via4
[WARNING DRT-0349] LEF58_ENCLOSURE with no CUTCLASS is not supported. Skipping for layer via4

Units:                1000
Number of layers:     13
Number of macros:     443
Number of vias:       130
Number of viarulegen: 25

[INFO DRT-0150] Reading design.

Design:                   e0_sram22_top
Die area:                 ( 0 0 ) ( 1000000 650000 )
Number of track patterns: 12
Number of DEF vias:       0
Number of components:     5865
Number of terminals:      144
Number of snets:          2
Number of nets:           1250

[WARNING DRT-0419] No routing tracks pass through the center of Term u_protected_memory.u_data/dout[0]
[WARNING DRT-0419] No routing tracks pass through the center of Term u_protected_memory.u_data/dout[1]
[WARNING DRT-0419] No routing tracks pass through the center of Term u_protected_memory.u_data/dout[2]
[WARNING DRT-0419] No routing tracks pass through the center of Term u_protected_memory.u_data/dout[3]
[WARNING DRT-0419] No routing tracks pass through the center of Term u_protected_memory.u_data/dout[4]
[WARNING DRT-0419] No routing tracks pass through the center of Term u_protected_memory.u_data/dout[5]
[WARNING DRT-0419] No routing tracks pass through the center of Term u_protected_memory.u_data/dout[6]
[WARNING DRT-0419] No routing tracks pass through the center of Term u_protected_memory.u_data/dout[7]
[WARNING DRT-0419] No routing tracks pass through the center of Term u_protected_memory.u_data/dout[8]
[WARNING DRT-0419] No routing tracks pass through the center of Term u_protected_memory.u_data/dout[9]
[WARNING DRT-0419] No routing tracks pass through the center of Term u_protected_memory.u_data/dout[10]
[WARNING DRT-0419] No routing tracks pass through the center of Term u_protected_memory.u_data/dout[11]
[WARNING DRT-0419] No routing tracks pass through the center of Term u_protected_memory.u_data/dout[12]
[WARNING DRT-0419] No routing tracks pass through the center of Term u_protected_memory.u_data/dout[13]
[WARNING DRT-0419] No routing tracks pass through the center of Term u_protected_memory.u_data/dout[14]
[WARNING DRT-0419] No routing tracks pass through the center of Term u_protected_memory.u_data/dout[15]
[WARNING DRT-0419] No routing tracks pass through the center of Term u_protected_memory.u_data/dout[16]
[WARNING DRT-0419] No routing tracks pass through the center of Term u_protected_memory.u_data/dout[17]
[WARNING DRT-0419] No routing tracks pass through the center of Term u_protected_memory.u_data/dout[18]
[WARNING DRT-0419] No routing tracks pass through the center of Term u_protected_memory.u_data/dout[19]
[WARNING DRT-0419] No routing tracks pass through the center of Term u_protected_memory.u_data/dout[20]
[WARNING DRT-0419] No routing tracks pass through the center of Term u_protected_memory.u_data/dout[21]
[WARNING DRT-0419] No routing tracks pass through the center of Term u_protected_memory.u_data/dout[22]
[WARNING DRT-0419] No routing tracks pass through the center of Term u_protected_memory.u_data/dout[23]
[WARNING DRT-0419] No routing tracks pass through the center of Term u_protected_memory.u_data/dout[24]
[WARNING DRT-0419] No routing tracks pass through the center of Term u_protected_memory.u_data/dout[25]
[WARNING DRT-0419] No routing tracks pass through the center of Term u_protected_memory.u_data/dout[26]
[WARNING DRT-0419] No routing tracks pass through the center of Term u_protected_memory.u_data/dout[27]
[WARNING DRT-0419] No routing tracks pass through the center of Term u_protected_memory.u_data/dout[28]
[WARNING DRT-0419] No routing tracks pass through the center of Term u_protected_memory.u_data/dout[29]
[WARNING DRT-0419] No routing tracks pass through the center of Term u_protected_memory.u_data/dout[30]
[WARNING DRT-0419] No routing tracks pass through the center of Term u_protected_memory.u_data/dout[31]
[WARNING DRT-0419] No routing tracks pass through the center of Term u_protected_memory.u_data/dout[32]
[WARNING DRT-0419] No routing tracks pass through the center of Term u_protected_memory.u_data/dout[33]
[WARNING DRT-0419] No routing tracks pass through the center of Term u_protected_memory.u_data/dout[34]
[WARNING DRT-0419] No routing tracks pass through the center of Term u_protected_memory.u_data/dout[35]
[WARNING DRT-0419] No routing tracks pass through the center of Term u_protected_memory.u_data/dout[36]
[WARNING DRT-0419] No routing tracks pass through the center of Term u_protected_memory.u_data/dout[37]
[WARNING DRT-0419] No routing tracks pass through the center of Term u_protected_memory.u_data/dout[38]
[WARNING DRT-0419] No routing tracks pass through the center of Term u_protected_memory.u_data/dout[39]
[WARNING DRT-0419] No routing tracks pass through the center of Term u_protected_memory.u_data/dout[40]
[WARNING DRT-0419] No routing tracks pass through the center of Term u_protected_memory.u_data/dout[41]
[WARNING DRT-0419] No routing tracks pass through the center of Term u_protected_memory.u_data/dout[42]
[WARNING DRT-0419] No routing tracks pass through the center of Term u_protected_memory.u_data/dout[43]
[WARNING DRT-0419] No routing tracks pass through the center of Term u_protected_memory.u_data/dout[44]
[WARNING DRT-0419] No routing tracks pass through the center of Term u_protected_memory.u_data/dout[45]
[WARNING DRT-0419] No routing tracks pass through the center of Term u_protected_memory.u_data/dout[46]
[WARNING DRT-0419] No routing tracks pass through the center of Term u_protected_memory.u_data/dout[47]
[WARNING DRT-0419] No routing tracks pass through the center of Term u_protected_memory.u_data/dout[48]
[WARNING DRT-0419] No routing tracks pass through the center of Term u_protected_memory.u_data/dout[49]
[WARNING DRT-0419] No routing tracks pass through the center of Term u_protected_memory.u_data/dout[50]
[WARNING DRT-0419] No routing tracks pass through the center of Term u_protected_memory.u_data/dout[51]
[WARNING DRT-0419] No routing tracks pass through the center of Term u_protected_memory.u_data/dout[52]
[WARNING DRT-0419] No routing tracks pass through the center of Term u_protected_memory.u_data/dout[53]
[WARNING DRT-0419] No routing tracks pass through the center of Term u_protected_memory.u_data/dout[54]
[WARNING DRT-0419] No routing tracks pass through the center of Term u_protected_memory.u_data/dout[55]
[WARNING DRT-0419] No routing tracks pass through the center of Term u_protected_memory.u_data/dout[56]
[WARNING DRT-0419] No routing tracks pass through the center of Term u_protected_memory.u_data/dout[57]
[WARNING DRT-0419] No routing tracks pass through the center of Term u_protected_memory.u_data/dout[58]
[WARNING DRT-0419] No routing tracks pass through the center of Term u_protected_memory.u_data/dout[59]
[WARNING DRT-0419] No routing tracks pass through the center of Term u_protected_memory.u_data/dout[60]
[WARNING DRT-0419] No routing tracks pass through the center of Term u_protected_memory.u_data/dout[61]
[WARNING DRT-0419] No routing tracks pass through the center of Term u_protected_memory.u_data/dout[62]
[WARNING DRT-0419] No routing tracks pass through the center of Term u_protected_memory.u_data/dout[63]
[WARNING DRT-0419] No routing tracks pass through the center of Term u_protected_memory.u_data/din[0]
[WARNING DRT-0419] No routing tracks pass through the center of Term u_protected_memory.u_data/din[1]
[WARNING DRT-0419] No routing tracks pass through the center of Term u_protected_memory.u_data/din[2]
[WARNING DRT-0419] No routing tracks pass through the center of Term u_protected_memory.u_data/din[3]
[WARNING DRT-0419] No routing tracks pass through the center of Term u_protected_memory.u_data/din[4]
[WARNING DRT-0419] No routing tracks pass through the center of Term u_protected_memory.u_data/din[5]
[WARNING DRT-0419] No routing tracks pass through the center of Term u_protected_memory.u_data/din[6]
[WARNING DRT-0419] No routing tracks pass through the center of Term u_protected_memory.u_data/din[7]
[WARNING DRT-0419] No routing tracks pass through the center of Term u_protected_memory.u_data/din[8]
[WARNING DRT-0419] No routing tracks pass through the center of Term u_protected_memory.u_data/din[9]
[WARNING DRT-0419] No routing tracks pass through the center of Term u_protected_memory.u_data/din[10]
[WARNING DRT-0419] No routing tracks pass through the center of Term u_protected_memory.u_data/din[11]
[WARNING DRT-0419] No routing tracks pass through the center of Term u_protected_memory.u_data/din[12]
[WARNING DRT-0419] No routing tracks pass through the center of Term u_protected_memory.u_data/din[13]
[WARNING DRT-0419] No routing tracks pass through the center of Term u_protected_memory.u_data/din[14]
[WARNING DRT-0419] No routing tracks pass through the center of Term u_protected_memory.u_data/din[15]
[WARNING DRT-0419] No routing tracks pass through the center of Term u_protected_memory.u_data/din[16]
[WARNING DRT-0419] No routing tracks pass through the center of Term u_protected_memory.u_data/din[17]
[WARNING DRT-0419] No routing tracks pass through the center of Term u_protected_memory.u_data/din[18]
[WARNING DRT-0419] No routing tracks pass through the center of Term u_protected_memory.u_data/din[19]
[WARNING DRT-0419] No routing tracks pass through the center of Term u_protected_memory.u_data/din[20]
[WARNING DRT-0419] No routing tracks pass through the center of Term u_protected_memory.u_data/din[21]
[WARNING DRT-0419] No routing tracks pass through the center of Term u_protected_memory.u_data/din[22]
[WARNING DRT-0419] No routing tracks pass through the center of Term u_protected_memory.u_data/din[23]
[WARNING DRT-0419] No routing tracks pass through the center of Term u_protected_memory.u_data/din[24]
[WARNING DRT-0419] No routing tracks pass through the center of Term u_protected_memory.u_data/din[25]
[WARNING DRT-0419] No routing tracks pass through the center of Term u_protected_memory.u_data/din[26]
[WARNING DRT-0419] No routing tracks pass through the center of Term u_protected_memory.u_data/din[27]
[WARNING DRT-0419] No routing tracks pass through the center of Term u_protected_memory.u_data/din[28]
[WARNING DRT-0419] No routing tracks pass through the center of Term u_protected_memory.u_data/din[29]
[WARNING DRT-0419] No routing tracks pass through the center of Term u_protected_memory.u_data/din[30]
[WARNING DRT-0419] No routing tracks pass through the center of Term u_protected_memory.u_data/din[31]
[WARNING DRT-0419] No routing tracks pass through the center of Term u_protected_memory.u_data/din[32]
[WARNING DRT-0419] No routing tracks pass through the center of Term u_protected_memory.u_data/din[33]
[WARNING DRT-0419] No routing tracks pass through the center of Term u_protected_memory.u_data/din[34]
[WARNING DRT-0419] No routing tracks pass through the center of Term u_protected_memory.u_data/din[35]
[WARNING DRT-0419] No routing tracks pass through the center of Term u_protected_memory.u_data/din[36]
[WARNING DRT-0419] No routing tracks pass through the center of Term u_protected_memory.u_data/din[37]
[WARNING DRT-0419] No routing tracks pass through the center of Term u_protected_memory.u_data/din[38]
[WARNING DRT-0419] No routing tracks pass through the center of Term u_protected_memory.u_data/din[39]
[WARNING DRT-0419] No routing tracks pass through the center of Term u_protected_memory.u_data/din[40]
[WARNING DRT-0419] No routing tracks pass through the center of Term u_protected_memory.u_data/din[41]
[WARNING DRT-0419] No routing tracks pass through the center of Term u_protected_memory.u_data/din[42]
[WARNING DRT-0419] No routing tracks pass through the center of Term u_protected_memory.u_data/din[43]
[WARNING DRT-0419] No routing tracks pass through the center of Term u_protected_memory.u_data/din[44]
[WARNING DRT-0419] No routing tracks pass through the center of Term u_protected_memory.u_data/din[45]
[WARNING DRT-0419] No routing tracks pass through the center of Term u_protected_memory.u_data/din[46]
[WARNING DRT-0419] No routing tracks pass through the center of Term u_protected_memory.u_data/din[47]
[WARNING DRT-0419] No routing tracks pass through the center of Term u_protected_memory.u_data/din[48]
[WARNING DRT-0419] No routing tracks pass through the center of Term u_protected_memory.u_data/din[49]
[WARNING DRT-0419] No routing tracks pass through the center of Term u_protected_memory.u_data/din[50]
[WARNING DRT-0419] No routing tracks pass through the center of Term u_protected_memory.u_data/din[51]
[WARNING DRT-0419] No routing tracks pass through the center of Term u_protected_memory.u_data/din[52]
[WARNING DRT-0419] No routing tracks pass through the center of Term u_protected_memory.u_data/din[53]
[WARNING DRT-0419] No routing tracks pass through the center of Term u_protected_memory.u_data/din[54]
[WARNING DRT-0419] No routing tracks pass through the center of Term u_protected_memory.u_data/din[55]
[WARNING DRT-0419] No routing tracks pass through the center of Term u_protected_memory.u_data/din[56]
[WARNING DRT-0419] No routing tracks pass through the center of Term u_protected_memory.u_data/din[57]
[WARNING DRT-0419] No routing tracks pass through the center of Term u_protected_memory.u_data/din[58]
[WARNING DRT-0419] No routing tracks pass through the center of Term u_protected_memory.u_data/din[59]
[WARNING DRT-0419] No routing tracks pass through the center of Term u_protected_memory.u_data/din[60]
[WARNING DRT-0419] No routing tracks pass through the center of Term u_protected_memory.u_data/din[61]
[WARNING DRT-0419] No routing tracks pass through the center of Term u_protected_memory.u_data/din[62]
[WARNING DRT-0419] No routing tracks pass through the center of Term u_protected_memory.u_data/din[63]
[WARNING DRT-0419] No routing tracks pass through the center of Term u_protected_memory.u_data/wmask[1]
[WARNING DRT-0419] No routing tracks pass through the center of Term u_protected_memory.u_data/wmask[2]
[WARNING DRT-0419] No routing tracks pass through the center of Term u_protected_memory.u_data/wmask[3]
[WARNING DRT-0419] No routing tracks pass through the center of Term u_protected_memory.u_data/wmask[4]
[WARNING DRT-0419] No routing tracks pass through the center of Term u_protected_memory.u_data/wmask[5]
[WARNING DRT-0419] No routing tracks pass through the center of Term u_protected_memory.u_data/wmask[6]
[WARNING DRT-0419] No routing tracks pass through the center of Term u_protected_memory.u_data/wmask[7]
[WARNING DRT-0418] Term u_protected_memory.u_ecc/dout[0] has no pins on routing grid
[WARNING DRT-0418] Term u_protected_memory.u_ecc/dout[1] has no pins on routing grid
[WARNING DRT-0418] Term u_protected_memory.u_ecc/dout[2] has no pins on routing grid
[WARNING DRT-0418] Term u_protected_memory.u_ecc/dout[3] has no pins on routing grid
[WARNING DRT-0418] Term u_protected_memory.u_ecc/dout[4] has no pins on routing grid
[WARNING DRT-0418] Term u_protected_memory.u_ecc/dout[5] has no pins on routing grid
[WARNING DRT-0418] Term u_protected_memory.u_ecc/dout[6] has no pins on routing grid
[WARNING DRT-0418] Term u_protected_memory.u_ecc/dout[7] has no pins on routing grid
[WARNING DRT-0419] No routing tracks pass through the center of Term u_protected_memory.u_ecc/din[0]
[WARNING DRT-0419] No routing tracks pass through the center of Term u_protected_memory.u_ecc/din[1]
[WARNING DRT-0419] No routing tracks pass through the center of Term u_protected_memory.u_ecc/din[2]
[WARNING DRT-0418] Term u_protected_memory.u_ecc/din[3] has no pins on routing grid
[WARNING DRT-0418] Term u_protected_memory.u_ecc/din[4] has no pins on routing grid
[WARNING DRT-0418] Term u_protected_memory.u_ecc/din[5] has no pins on routing grid
[WARNING DRT-0418] Term u_protected_memory.u_ecc/din[6] has no pins on routing grid
[WARNING DRT-0418] Term u_protected_memory.u_ecc/din[7] has no pins on routing grid
[WARNING DRT-0419] No routing tracks pass through the center of Term u_protected_memory.u_ecc/wmask[0]
[WARNING DRT-0419] No routing tracks pass through the center of Term u_protected_memory.u_ecc/wmask[1]
[WARNING DRT-0419] No routing tracks pass through the center of Term u_protected_memory.u_ecc/wmask[2]
[WARNING DRT-0418] Term u_protected_memory.u_ecc/wmask[3] has no pins on routing grid
[WARNING DRT-0418] Term u_protected_memory.u_ecc/wmask[4] has no pins on routing grid
[WARNING DRT-0418] Term u_protected_memory.u_ecc/wmask[5] has no pins on routing grid
[WARNING DRT-0418] Term u_protected_memory.u_ecc/wmask[6] has no pins on routing grid
[WARNING DRT-0418] Term u_protected_memory.u_ecc/wmask[7] has no pins on routing grid
[INFO DRT-0167] List of default vias:
  Layer via
    default via: M1M2_PR
  Layer via2
    default via: M2M3_PR
  Layer via3
    default via: M3M4_PR
  Layer via4
    default via: M4M5_PR
[INFO DRT-0162] Library cell analysis.
[INFO DRT-0163] Instance analysis.
[INFO DRT-0164] Number of unique instances = 103.
[INFO DRT-0168] Init region query.
[INFO DRT-0024]   Complete FR_MASTERSLICE.
[INFO DRT-0024]   Complete Fr_VIA.
[INFO DRT-0024]   Complete li1.
[INFO DRT-0024]   Complete mcon.
[INFO DRT-0024]   Complete met1.
[INFO DRT-0024]   Complete via.
[INFO DRT-0024]   Complete met2.
[INFO DRT-0024]   Complete via2.
[INFO DRT-0024]   Complete met3.
[INFO DRT-0024]   Complete via3.
[INFO DRT-0024]   Complete met4.
[INFO DRT-0024]   Complete via4.
[INFO DRT-0024]   Complete met5.
[INFO DRT-0033] FR_MASTERSLICE shape region query size = 0.
[INFO DRT-0033] FR_VIA shape region query size = 0.
[INFO DRT-0033] li1 shape region query size = 47802.
[INFO DRT-0033] mcon shape region query size = 25400.
[INFO DRT-0033] met1 shape region query size = 17859.
[INFO DRT-0033] via shape region query size = 24330.
[INFO DRT-0033] met2 shape region query size = 22048.
[INFO DRT-0033] via2 shape region query size = 45597.
[INFO DRT-0033] met3 shape region query size = 29027.
[INFO DRT-0033] via3 shape region query size = 45281.
[INFO DRT-0033] met4 shape region query size = 11428.
[INFO DRT-0033] via4 shape region query size = 1676.
[INFO DRT-0033] met5 shape region query size = 1768.
[INFO DRT-0165] Start pin access.
[INFO DRT-0078]   Complete 936 pins.
[INFO DRT-0079]   Complete 100 unique inst patterns.
[INFO DRT-0081]   Complete 101 unique inst patterns.
[INFO DRT-0084]   Complete 915 groups.
#scanned instances     = 5865
#unique  instances     = 103
#stdCellGenAp          = 3130
#stdCellValidPlanarAp  = 63
#stdCellValidViaAp     = 2221
#stdCellPinNoAp        = 0
#stdCellPinCnt         = 2896
#instTermValidViaApCnt = 0
#macroGenAp            = 553
#macroValidPlanarAp    = 452
#macroValidViaAp       = 0
#macroNoAp             = 0
[INFO DRT-0166] Complete pin access.
[INFO DRT-0267] cpu time = 00:01:05, elapsed time = 00:00:17, memory = 267.88 (MB), peak = 267.43 (MB)

[INFO DRT-0157] Number of guides:     8369

[INFO DRT-0169] Post process guides.
[INFO DRT-0176] GCELLGRID X 0 DO 144 STEP 6900 ;
[INFO DRT-0177] GCELLGRID Y 0 DO 94 STEP 6900 ;
[INFO DRT-0028]   Complete FR_MASTERSLICE.
[INFO DRT-0028]   Complete Fr_VIA.
[INFO DRT-0028]   Complete li1.
[INFO DRT-0028]   Complete mcon.
[INFO DRT-0028]   Complete met1.
[INFO DRT-0028]   Complete via.
[INFO DRT-0028]   Complete met2.
[INFO DRT-0028]   Complete via2.
[INFO DRT-0028]   Complete met3.
[INFO DRT-0028]   Complete via3.
[INFO DRT-0028]   Complete met4.
[INFO DRT-0028]   Complete via4.
[INFO DRT-0028]   Complete met5.
[INFO DRT-0178] Init guide query.
[INFO DRT-0035]   Complete FR_MASTERSLICE (guide).
[INFO DRT-0035]   Complete Fr_VIA (guide).
[INFO DRT-0035]   Complete li1 (guide).
[INFO DRT-0035]   Complete mcon (guide).
[INFO DRT-0035]   Complete met1 (guide).
[INFO DRT-0035]   Complete via (guide).
[INFO DRT-0035]   Complete met2 (guide).
[INFO DRT-0035]   Complete via2 (guide).
[INFO DRT-0035]   Complete met3 (guide).
[INFO DRT-0035]   Complete via3 (guide).
[INFO DRT-0035]   Complete met4 (guide).
[INFO DRT-0035]   Complete via4 (guide).
[INFO DRT-0035]   Complete met5 (guide).
[INFO DRT-0036] FR_MASTERSLICE guide region query size = 0.
[INFO DRT-0036] FR_VIA guide region query size = 0.
[INFO DRT-0036] li1 guide region query size = 2591.
[INFO DRT-0036] mcon guide region query size = 0.
[INFO DRT-0036] met1 guide region query size = 2444.
[INFO DRT-0036] via guide region query size = 0.
[INFO DRT-0036] met2 guide region query size = 1375.
[INFO DRT-0036] via2 guide region query size = 0.
[INFO DRT-0036] met3 guide region query size = 322.
[INFO DRT-0036] via3 guide region query size = 0.
[INFO DRT-0036] met4 guide region query size = 166.
[INFO DRT-0036] via4 guide region query size = 0.
[INFO DRT-0036] met5 guide region query size = 7.
[INFO DRT-0179] Init gr pin query.
[INFO DRT-0267] cpu time = 00:00:00, elapsed time = 00:00:00, memory = 270.41 (MB), peak = 270.05 (MB)
[INFO DRT-0245] skipped writing guide updates to database.
[INFO DRT-0181] Start track assignment.
[INFO DRT-0184] Done with 4132 vertical wires in 3 frboxes and 2773 horizontal wires in 2 frboxes.
[INFO DRT-0186] Done with 552 vertical wires in 3 frboxes and 692 horizontal wires in 2 frboxes.
[INFO DRT-0182] Complete track assignment.
[INFO DRT-0267] cpu time = 00:00:02, elapsed time = 00:00:01, memory = 299.53 (MB), peak = 334.27 (MB)
[INFO DRT-0187] Start routing data preparation.
[INFO DRT-0267] cpu time = 00:00:00, elapsed time = 00:00:00, memory = 299.53 (MB), peak = 334.27 (MB)
[INFO DRT-0194] Start detail routing.
[INFO DRT-0195] Start 0th optimization iteration.
    Completing 10% with 0 violations.
    elapsed time = 00:00:00, memory = 315.53 (MB).
    Completing 20% with 0 violations.
    elapsed time = 00:00:01, memory = 365.95 (MB).
    Completing 30% with 216 violations.
    elapsed time = 00:00:03, memory = 350.16 (MB).
    Completing 40% with 216 violations.
    elapsed time = 00:00:03, memory = 378.54 (MB).
    Completing 50% with 216 violations.
    elapsed time = 00:00:04, memory = 388.11 (MB).
    Completing 60% with 326 violations.
    elapsed time = 00:00:05, memory = 377.82 (MB).
    Completing 70% with 326 violations.
    elapsed time = 00:00:06, memory = 392.87 (MB).
    Completing 80% with 503 violations.
    elapsed time = 00:00:08, memory = 392.87 (MB).
    Completing 90% with 503 violations.
    elapsed time = 00:00:09, memory = 405.71 (MB).
    Completing 100% with 641 violations.
    elapsed time = 00:00:11, memory = 407.66 (MB).
[INFO DRT-0199]   Number of violations = 702.
Viol/Layer        met1    via   met2   met3   met4
Metal Spacing      125      0     24      5      1
Recheck             42      0     10      2      7
Short              426      1     47      9      3
[INFO DRT-0267] cpu time = 00:00:25, elapsed time = 00:00:11, memory = 738.84 (MB), peak = 738.38 (MB)
Total wire length = 79948 um.
Total wire length on LAYER li1 = 0 um.
Total wire length on LAYER met1 = 23113 um.
Total wire length on LAYER met2 = 42689 um.
Total wire length on LAYER met3 = 5660 um.
Total wire length on LAYER met4 = 8405 um.
Total wire length on LAYER met5 = 79 um.
Total number of vias = 6640.
Up-via summary (total 6640):

-----------------------
 FR_MASTERSLICE       0
            li1    2938
           met1    3081
           met2     349
           met3     258
           met4      14
-----------------------
               6640


[INFO DRT-0195] Start 1st optimization iteration.
    Completing 10% with 702 violations.
    elapsed time = 00:00:00, memory = 738.88 (MB).
    Completing 20% with 702 violations.
    elapsed time = 00:00:00, memory = 738.88 (MB).
    Completing 30% with 598 violations.
    elapsed time = 00:00:01, memory = 738.88 (MB).
    Completing 40% with 598 violations.
    elapsed time = 00:00:01, memory = 758.26 (MB).
    Completing 50% with 598 violations.
    elapsed time = 00:00:02, memory = 758.26 (MB).
    Completing 60% with 531 violations.
    elapsed time = 00:00:04, memory = 738.88 (MB).
    Completing 70% with 531 violations.
    elapsed time = 00:00:04, memory = 741.94 (MB).
    Completing 80% with 474 violations.
    elapsed time = 00:00:05, memory = 741.94 (MB).
    Completing 90% with 474 violations.
    elapsed time = 00:00:06, memory = 769.32 (MB).
    Completing 100% with 323 violations.
    elapsed time = 00:00:10, memory = 746.05 (MB).
[INFO DRT-0199]   Number of violations = 323.
Viol/Layer        mcon   met1   met2   met3
Cut Spacing          1      0      0      0
Metal Spacing        0     69      7      2
Short                0    235      9      0
[INFO DRT-0267] cpu time = 00:00:23, elapsed time = 00:00:11, memory = 749.05 (MB), peak = 768.74 (MB)
Total wire length = 79881 um.
Total wire length on LAYER li1 = 0 um.
Total wire length on LAYER met1 = 22998 um.
Total wire length on LAYER met2 = 42659 um.
Total wire length on LAYER met3 = 5716 um.
Total wire length on LAYER met4 = 8420 um.
Total wire length on LAYER met5 = 87 um.
Total number of vias = 6640.
Up-via summary (total 6640):

-----------------------
 FR_MASTERSLICE       0
            li1    2936
           met1    3099
           met2     340
           met3     253
           met4      12
-----------------------
               6640


[INFO DRT-0195] Start 2nd optimization iteration.
    Completing 10% with 323 violations.
    elapsed time = 00:00:00, memory = 749.05 (MB).
    Completing 20% with 323 violations.
    elapsed time = 00:00:00, memory = 752.30 (MB).
    Completing 30% with 323 violations.
    elapsed time = 00:00:01, memory = 753.98 (MB).
    Completing 40% with 323 violations.
    elapsed time = 00:00:01, memory = 762.83 (MB).
    Completing 50% with 323 violations.
    elapsed time = 00:00:04, memory = 767.92 (MB).
    Completing 60% with 316 violations.
    elapsed time = 00:00:04, memory = 767.92 (MB).
    Completing 70% with 316 violations.
    elapsed time = 00:00:04, memory = 768.14 (MB).
    Completing 80% with 314 violations.
    elapsed time = 00:00:05, memory = 768.14 (MB).
    Completing 90% with 314 violations.
    elapsed time = 00:00:06, memory = 769.55 (MB).
    Completing 100% with 291 violations.
    elapsed time = 00:00:12, memory = 778.74 (MB).
[INFO DRT-0199]   Number of violations = 291.
Viol/Layer        mcon   met1   met2
Cut Spacing          5      0      0
Metal Spacing        0     74     12
Short                0    185     15
[INFO DRT-0267] cpu time = 00:00:22, elapsed time = 00:00:12, memory = 778.74 (MB), peak = 778.24 (MB)
Total wire length = 79743 um.
Total wire length on LAYER li1 = 0 um.
Total wire length on LAYER met1 = 22801 um.
Total wire length on LAYER met2 = 42737 um.
Total wire length on LAYER met3 = 5748 um.
Total wire length on LAYER met4 = 8367 um.
Total wire length on LAYER met5 = 88 um.
Total number of vias = 6657.
Up-via summary (total 6657):

-----------------------
 FR_MASTERSLICE       0
            li1    2943
           met1    3103
           met2     358
           met3     241
           met4      12
-----------------------
               6657


[INFO DRT-0195] Start 3rd optimization iteration.
    Completing 10% with 291 violations.
    elapsed time = 00:00:00, memory = 778.74 (MB).
    Completing 20% with 291 violations.
    elapsed time = 00:00:00, memory = 778.74 (MB).
    Completing 30% with 220 violations.
    elapsed time = 00:00:05, memory = 778.75 (MB).
    Completing 40% with 220 violations.
    elapsed time = 00:00:06, memory = 780.57 (MB).
    Completing 50% with 220 violations.
    elapsed time = 00:00:06, memory = 783.01 (MB).
    Completing 60% with 170 violations.
    elapsed time = 00:00:12, memory = 783.85 (MB).
    Completing 70% with 170 violations.
    elapsed time = 00:00:13, memory = 784.22 (MB).
    Completing 80% with 103 violations.
    elapsed time = 00:00:16, memory = 789.20 (MB).
    Completing 90% with 103 violations.
    elapsed time = 00:00:17, memory = 789.20 (MB).
    Completing 100% with 57 violations.
    elapsed time = 00:00:18, memory = 789.20 (MB).
[INFO DRT-0199]   Number of violations = 57.
Viol/Layer        mcon   met1   met2
Cut Spacing          2      0      0
Metal Spacing        0     11      2
Short                0     28     14
[INFO DRT-0267] cpu time = 00:00:30, elapsed time = 00:00:18, memory = 789.20 (MB), peak = 788.74 (MB)
Total wire length = 79683 um.
Total wire length on LAYER li1 = 0 um.
Total wire length on LAYER met1 = 22234 um.
Total wire length on LAYER met2 = 42760 um.
Total wire length on LAYER met3 = 6314 um.
Total wire length on LAYER met4 = 8305 um.
Total wire length on LAYER met5 = 68 um.
Total number of vias = 6752.
Up-via summary (total 6752):

-----------------------
 FR_MASTERSLICE       0
            li1    2943
           met1    3157
           met2     408
           met3     234
           met4      10
-----------------------
               6752


[INFO DRT-0195] Start 4th guides tiles iteration.
    Completing 10% with 57 violations.
    elapsed time = 00:00:00, memory = 789.20 (MB).
    Completing 20% with 57 violations.
    elapsed time = 00:00:00, memory = 789.20 (MB).
    Completing 40% with 57 violations.
    elapsed time = 00:00:02, memory = 789.20 (MB).
    Completing 50% with 15 violations.
    elapsed time = 00:00:02, memory = 820.69 (MB).
    Completing 70% with 15 violations.
    elapsed time = 00:00:02, memory = 830.57 (MB).
    Completing 80% with 15 violations.
    elapsed time = 00:00:03, memory = 844.82 (MB).
    Completing 100% with 5 violations.
    elapsed time = 00:00:03, memory = 789.20 (MB).
[INFO DRT-0199]   Number of violations = 5.
Viol/Layer        met1
Metal Spacing        2
Short                3
[INFO DRT-0267] cpu time = 00:00:04, elapsed time = 00:00:03, memory = 789.20 (MB), peak = 844.36 (MB)
Total wire length = 79692 um.
Total wire length on LAYER li1 = 0 um.
Total wire length on LAYER met1 = 22197 um.
Total wire length on LAYER met2 = 42721 um.
Total wire length on LAYER met3 = 6335 um.
Total wire length on LAYER met4 = 8369 um.
Total wire length on LAYER met5 = 68 um.
Total number of vias = 6760.
Up-via summary (total 6760):

-----------------------
 FR_MASTERSLICE       0
            li1    2944
           met1    3158
           met2     412
           met3     236
           met4      10
-----------------------
               6760


[INFO DRT-0195] Start 5th guides tiles iteration.
    Completing 50% with 5 violations.
    elapsed time = 00:00:00, memory = 789.20 (MB).
    Completing 100% with 0 violations.
    elapsed time = 00:00:00, memory = 789.20 (MB).
[INFO DRT-0199]   Number of violations = 0.
[INFO DRT-0267] cpu time = 00:00:01, elapsed time = 00:00:00, memory = 789.26 (MB), peak = 844.36 (MB)
Total wire length = 79686 um.
Total wire length on LAYER li1 = 0 um.
Total wire length on LAYER met1 = 22195 um.
Total wire length on LAYER met2 = 42718 um.
Total wire length on LAYER met3 = 6335 um.
Total wire length on LAYER met4 = 8369 um.
Total wire length on LAYER met5 = 68 um.
Total number of vias = 6758.
Up-via summary (total 6758):

-----------------------
 FR_MASTERSLICE       0
            li1    2944
           met1    3158
           met2     410
           met3     236
           met4      10
-----------------------
               6758


[INFO DRT-0198] Complete detail routing.
Total wire length = 79686 um.
Total wire length on LAYER li1 = 0 um.
Total wire length on LAYER met1 = 22195 um.
Total wire length on LAYER met2 = 42718 um.
Total wire length on LAYER met3 = 6335 um.
Total wire length on LAYER met4 = 8369 um.
Total wire length on LAYER met5 = 68 um.
Total number of vias = 6758.
Up-via summary (total 6758):

-----------------------
 FR_MASTERSLICE       0
            li1    2944
           met1    3158
           met2     410
           met3     236
           met4      10
-----------------------
               6758


[INFO DRT-0267] cpu time = 00:01:47, elapsed time = 00:00:59, memory = 789.26 (MB), peak = 844.36 (MB)

[INFO DRT-0180] Post processing.
[INFO DRT-0501] Runtime: 80.24s
Took 78 seconds: detailed_route -output_drc /work/campaigns/iscas_sustainability_extension/memory_compiler/gate3_attempt09_sram22_residual_interface_drv_and_provenance_closure/raw/openroad/work/reports/sky130hd/attempt09_e0/seed23/5_route_drc.rpt -output_maze /work/campaigns/iscas_sustainability_extension/memory_compiler/gate3_attempt09_sram22_residual_interface_drv_and_provenance_closure/raw/openroad/work/results/sky130hd/attempt09_e0/seed23/maze.log -droute_end_iter 64 -verbose 1 -drc_report_iter_step 5
[INFO GRT-0012] Found 3 antenna violations.
[INFO DPL-0006] Core area: 615627.94 um^2
[INFO DPL-0007] Movable instances area: 2.50 um^2
[INFO DPL-0008] Fixed instances area within core: 275954.05 um^2
[INFO DPL-0009] Utilization: 44.8%
[INFO DPL-0005] Diamond search max displacement: +/- 500 sites horizontally, +/- 100 rows vertically.
[INFO DPL-1102] Legalizing using negotiation legalizer.
[INFO DPL-1103] Negotiation base search window: +/-20 sites horizontally, +/-5 rows vertically 
	Automatic search window extension enabled.
	Search window extendable up to the max displacement cap of +/-500 sites, +/-100 rows near walls.
[INFO DPL-1104] NegotiationLegalizer DRC penalty: 5.
[INFO DPL-0392] Negotiation cell height distribution (3 unique row-count(s)):
[INFO DPL-0393]   height 1 row(s): 5867 cells
[INFO DPL-0393]   height 83 row(s): 1 cells
[INFO DPL-0393]   height 108 row(s): 1 cells
[INFO DPL-0500] Runtime: 0.04s
[INFO GRT-0015] Inserted 4 diodes.
[INFO DRT-0024]   Complete FR_MASTERSLICE.
[INFO DRT-0024]   Complete Fr_VIA.
[INFO DRT-0024]   Complete li1.
[INFO DRT-0024]   Complete mcon.
[INFO DRT-0024]   Complete met1.
[INFO DRT-0024]   Complete via.
[INFO DRT-0024]   Complete met2.
[INFO DRT-0024]   Complete via2.
[INFO DRT-0024]   Complete met3.
[INFO DRT-0024]   Complete via3.
[INFO DRT-0024]   Complete met4.
[INFO DRT-0024]   Complete via4.
[INFO DRT-0024]   Complete met5.
[INFO DRT-0165] Start pin access.
[INFO DRT-0078]   Complete 936 pins.
[INFO DRT-0079]   Complete 100 unique inst patterns.
[INFO DRT-0081]   Complete 101 unique inst patterns.
[INFO DRT-0084]   Complete 916 groups.
#scanned instances     = 5869
#unique  instances     = 103
#stdCellGenAp          = 3130
#stdCellValidPlanarAp  = 63
#stdCellValidViaAp     = 2221
#stdCellPinNoAp        = 0
#stdCellPinCnt         = 2896
#instTermValidViaApCnt = 0
#macroGenAp            = 553
#macroValidPlanarAp    = 452
#macroValidViaAp       = 0
#macroNoAp             = 0
[INFO DRT-0166] Complete pin access.
[INFO DRT-0267] cpu time = 00:01:05, elapsed time = 00:00:17, memory = 697.36 (MB), peak = 844.36 (MB)

[INFO DRT-0157] Number of guides:     8361

[INFO DRT-0169] Post process guides.
[INFO DRT-0176] GCELLGRID X 0 DO 144 STEP 6900 ;
[INFO DRT-0177] GCELLGRID Y 0 DO 94 STEP 6900 ;
[INFO DRT-0028]   Complete FR_MASTERSLICE.
[INFO DRT-0028]   Complete Fr_VIA.
[INFO DRT-0028]   Complete li1.
[INFO DRT-0028]   Complete mcon.
[INFO DRT-0028]   Complete met1.
[INFO DRT-0028]   Complete via.
[INFO DRT-0028]   Complete met2.
[INFO DRT-0028]   Complete via2.
[INFO DRT-0028]   Complete met3.
[INFO DRT-0028]   Complete via3.
[INFO DRT-0028]   Complete met4.
[INFO DRT-0028]   Complete via4.
[INFO DRT-0028]   Complete met5.
[INFO DRT-0178] Init guide query.
[INFO DRT-0035]   Complete FR_MASTERSLICE (guide).
[INFO DRT-0035]   Complete Fr_VIA (guide).
[INFO DRT-0035]   Complete li1 (guide).
[INFO DRT-0035]   Complete mcon (guide).
[INFO DRT-0035]   Complete met1 (guide).
[INFO DRT-0035]   Complete via (guide).
[INFO DRT-0035]   Complete met2 (guide).
[INFO DRT-0035]   Complete via2 (guide).
[INFO DRT-0035]   Complete met3 (guide).
[INFO DRT-0035]   Complete via3 (guide).
[INFO DRT-0035]   Complete met4 (guide).
[INFO DRT-0035]   Complete via4 (guide).
[INFO DRT-0035]   Complete met5 (guide).
[INFO DRT-0036] FR_MASTERSLICE guide region query size = 0.
[INFO DRT-0036] FR_VIA guide region query size = 0.
[INFO DRT-0036] li1 guide region query size = 2592.
[INFO DRT-0036] mcon guide region query size = 0.
[INFO DRT-0036] met1 guide region query size = 2446.
[INFO DRT-0036] via guide region query size = 0.
[INFO DRT-0036] met2 guide region query size = 1374.
[INFO DRT-0036] via2 guide region query size = 0.
[INFO DRT-0036] met3 guide region query size = 317.
[INFO DRT-0036] via3 guide region query size = 0.
[INFO DRT-0036] met4 guide region query size = 162.
[INFO DRT-0036] via4 guide region query size = 0.
[INFO DRT-0036] met5 guide region query size = 6.
[INFO DRT-0179] Init gr pin query.
[INFO DRT-0267] cpu time = 00:00:00, elapsed time = 00:00:00, memory = 697.36 (MB), peak = 844.36 (MB)
[INFO DRT-0245] skipped writing guide updates to database.
[INFO DRT-0181] Start track assignment.
[INFO DRT-0184] Done with 4128 vertical wires in 3 frboxes and 2769 horizontal wires in 2 frboxes.
[INFO DRT-0186] Done with 543 vertical wires in 3 frboxes and 685 horizontal wires in 2 frboxes.
[INFO DRT-0182] Complete track assignment.
[INFO DRT-0267] cpu time = 00:00:01, elapsed time = 00:00:00, memory = 697.36 (MB), peak = 844.36 (MB)
[INFO DRT-0187] Start routing data preparation.
[INFO DRT-0267] cpu time = 00:00:00, elapsed time = 00:00:00, memory = 697.36 (MB), peak = 844.36 (MB)
[INFO DRT-0194] Start detail routing.
[INFO DRT-0195] Start 0th optimization iteration.
    Completing 10% with 0 violations.
    elapsed time = 00:00:00, memory = 697.36 (MB).
    Completing 20% with 0 violations.
    elapsed time = 00:00:00, memory = 697.36 (MB).
    Completing 30% with 1 violations.
    elapsed time = 00:00:00, memory = 697.36 (MB).
    Completing 40% with 1 violations.
    elapsed time = 00:00:01, memory = 697.36 (MB).
    Completing 50% with 1 violations.
    elapsed time = 00:00:01, memory = 697.36 (MB).
    Completing 60% with 6 violations.
    elapsed time = 00:00:01, memory = 697.36 (MB).
    Completing 70% with 6 violations.
    elapsed time = 00:00:01, memory = 697.36 (MB).
    Completing 80% with 6 violations.
    elapsed time = 00:00:02, memory = 697.36 (MB).
    Completing 90% with 6 violations.
    elapsed time = 00:00:02, memory = 697.36 (MB).
    Completing 100% with 8 violations.
    elapsed time = 00:00:02, memory = 697.36 (MB).
[INFO DRT-0199]   Number of violations = 10.
Viol/Layer        met1   met3
Metal Spacing        2      0
Recheck              2      0
Short                4      2
[INFO DRT-0267] cpu time = 00:00:09, elapsed time = 00:00:03, memory = 817.73 (MB), peak = 844.36 (MB)
Total wire length = 79696 um.
Total wire length on LAYER li1 = 0 um.
Total wire length on LAYER met1 = 22371 um.
Total wire length on LAYER met2 = 42791 um.
Total wire length on LAYER met3 = 6166 um.
Total wire length on LAYER met4 = 8298 um.
Total wire length on LAYER met5 = 68 um.
Total number of vias = 6762.
Up-via summary (total 6762):

-----------------------
 FR_MASTERSLICE       0
            li1    2950
           met1    3160
           met2     409
           met3     233
           met4      10
-----------------------
               6762


[INFO DRT-0195] Start 1st optimization iteration.
    Completing 10% with 10 violations.
    elapsed time = 00:00:00, memory = 817.73 (MB).
    Completing 20% with 10 violations.
    elapsed time = 00:00:00, memory = 817.73 (MB).
    Completing 30% with 6 violations.
    elapsed time = 00:00:00, memory = 817.73 (MB).
    Completing 40% with 6 violations.
    elapsed time = 00:00:00, memory = 817.73 (MB).
    Completing 50% with 6 violations.
    elapsed time = 00:00:01, memory = 817.73 (MB).
    Completing 60% with 4 violations.
    elapsed time = 00:00:01, memory = 694.49 (MB).
    Completing 70% with 4 violations.
    elapsed time = 00:00:01, memory = 694.49 (MB).
    Completing 80% with 2 violations.
    elapsed time = 00:00:02, memory = 694.49 (MB).
    Completing 90% with 2 violations.
    elapsed time = 00:00:02, memory = 695.42 (MB).
    Completing 100% with 2 violations.
    elapsed time = 00:00:02, memory = 695.42 (MB).
[INFO DRT-0199]   Number of violations = 2.
Viol/Layer        met1
Short                2
[INFO DRT-0267] cpu time = 00:00:09, elapsed time = 00:00:03, memory = 818.66 (MB), peak = 844.36 (MB)
Total wire length = 79693 um.
Total wire length on LAYER li1 = 0 um.
Total wire length on LAYER met1 = 22368 um.
Total wire length on LAYER met2 = 42790 um.
Total wire length on LAYER met3 = 6167 um.
Total wire length on LAYER met4 = 8298 um.
Total wire length on LAYER met5 = 68 um.
Total number of vias = 6761.
Up-via summary (total 6761):

-----------------------
 FR_MASTERSLICE       0
            li1    2950
           met1    3161
           met2     407
           met3     233
           met4      10
-----------------------
               6761


[INFO DRT-0195] Start 2nd optimization iteration.
    Completing 10% with 2 violations.
    elapsed time = 00:00:00, memory = 818.66 (MB).
    Completing 20% with 2 violations.
    elapsed time = 00:00:00, memory = 818.66 (MB).
    Completing 30% with 2 violations.
    elapsed time = 00:00:00, memory = 818.66 (MB).
    Completing 40% with 2 violations.
    elapsed time = 00:00:00, memory = 818.66 (MB).
    Completing 50% with 2 violations.
    elapsed time = 00:00:00, memory = 818.66 (MB).
    Completing 60% with 2 violations.
    elapsed time = 00:00:00, memory = 818.66 (MB).
    Completing 70% with 2 violations.
    elapsed time = 00:00:00, memory = 818.66 (MB).
    Completing 80% with 2 violations.
    elapsed time = 00:00:00, memory = 818.66 (MB).
    Completing 90% with 2 violations.
    elapsed time = 00:00:00, memory = 818.66 (MB).
    Completing 100% with 2 violations.
    elapsed time = 00:00:00, memory = 818.66 (MB).
[INFO DRT-0199]   Number of violations = 2.
Viol/Layer        met1
Short                2
[INFO DRT-0267] cpu time = 00:00:00, elapsed time = 00:00:00, memory = 698.42 (MB), peak = 844.36 (MB)
Total wire length = 79693 um.
Total wire length on LAYER li1 = 0 um.
Total wire length on LAYER met1 = 22368 um.
Total wire length on LAYER met2 = 42790 um.
Total wire length on LAYER met3 = 6167 um.
Total wire length on LAYER met4 = 8298 um.
Total wire length on LAYER met5 = 68 um.
Total number of vias = 6761.
Up-via summary (total 6761):

-----------------------
 FR_MASTERSLICE       0
            li1    2950
           met1    3161
           met2     407
           met3     233
           met4      10
-----------------------
               6761


[INFO DRT-0195] Start 3rd guides tiles iteration.
    Completing 100% with 0 violations.
    elapsed time = 00:00:00, memory = 698.42 (MB).
[INFO DRT-0199]   Number of violations = 0.
[INFO DRT-0267] cpu time = 00:00:00, elapsed time = 00:00:00, memory = 818.67 (MB), peak = 844.36 (MB)
Total wire length = 79690 um.
Total wire length on LAYER li1 = 0 um.
Total wire length on LAYER met1 = 22311 um.
Total wire length on LAYER met2 = 42789 um.
Total wire length on LAYER met3 = 6223 um.
Total wire length on LAYER met4 = 8298 um.
Total wire length on LAYER met5 = 68 um.
Total number of vias = 6762.
Up-via summary (total 6762):

-----------------------
 FR_MASTERSLICE       0
            li1    2950
           met1    3160
           met2     409
           met3     233
           met4      10
-----------------------
               6762


[INFO DRT-0198] Complete detail routing.
Total wire length = 79690 um.
Total wire length on LAYER li1 = 0 um.
Total wire length on LAYER met1 = 22311 um.
Total wire length on LAYER met2 = 42789 um.
Total wire length on LAYER met3 = 6223 um.
Total wire length on LAYER met4 = 8298 um.
Total wire length on LAYER met5 = 68 um.
Total number of vias = 6762.
Up-via summary (total 6762):

-----------------------
 FR_MASTERSLICE       0
            li1    2950
           met1    3160
           met2     409
           met3     233
           met4      10
-----------------------
               6762


[INFO DRT-0267] cpu time = 00:00:19, elapsed time = 00:00:07, memory = 818.67 (MB), peak = 844.36 (MB)

[INFO DRT-0180] Post processing.
[INFO DRT-0501] Runtime: 26.37s
[INFO ANT-0002] Found 0 net violations.
[INFO ANT-0001] Found 0 pin violations.
[INFO ANT-0002] Found 0 net violations.
[INFO ANT-0001] Found 0 pin violations.
Design area 275957 um^2 45% utilization.
write_db /work/campaigns/iscas_sustainability_extension/memory_compiler/gate3_attempt09_sram22_residual_interface_drv_and_provenance_closure/raw/openroad/work/results/sky130hd/attempt09_e0/seed23/5_2_route.odb
Elapsed time: 1:50.14[h:]min:sec. CPU time: user 264.73 sys 2.67 (242%). Peak memory: 864628KB.
Log                       Ext     Elapsed/s Peak Memory/MB sha1sum result [0:20)
5_2_route                 .odb          110            844 4d2891ad6cc2a67fe11b
