COMMAND=python -m pip freeze; python3 -m pip freeze
START_UTC=2026-08-04T17:51:43.6175800Z
CWD=C:\Users\Abhinav\AppData\Local\Temp\green-ecc-rigour-gate-01-f2908466
--- OUTPUT ---
attrs==25.3.0
cachetools==6.2.1
certifi==2025.10.5
charset-normalizer==3.4.4
colorama==0.4.6
contourpy==1.3.1
cycler==0.12.1
fonttools==4.55.0
google-api-core==2.27.0
google-api-python-client==2.185.0
google-auth==2.41.1
google-auth-httplib2==0.2.0
google-auth-oauthlib==1.2.2
googleapis-common-protos==1.71.0
gprof==1.0.4
httplib2==0.31.0
idna==3.11
iniconfig==2.1.0
joblib==1.5.2
jsonschema==4.25.1
jsonschema-specifications==2025.4.1
kiwisolver==1.4.7
matplotlib==3.9.2
numpy==2.1.3
oauthlib==3.3.1
packaging==24.2
pandas==2.2.3
pillow==11.0.0
pluggy==1.6.0
proto-plus==1.26.1
protobuf==6.33.0
pyasn1==0.6.1
pyasn1_modules==0.4.2
Pygments==2.19.2
pyparsing==3.2.0
pytest==8.4.1
python-dateutil==2.9.0.post0
pytz==2025.2
PyYAML==6.0.2
referencing==0.36.2
requests==2.32.5
requests-oauthlib==2.0.0
rpds-py==0.27.0
rsa==4.9.1
scikit-learn==1.7.2
scipy==1.15.2
six==1.16.0
threadpoolctl==3.6.0
typing_extensions==4.14.1
tzdata==2025.2
uritemplate==4.2.0
urllib3==2.5.0
attrs==23.2.0
colorama==0.4.6
contourpy==1.2.0
cycler==0.12.1
fonttools==4.47.0
iniconfig==2.3.0
joblib==1.3.2
jsonschema==4.20.0
jsonschema-specifications==2023.12.1
kiwisolver==1.4.5
matplotlib==3.8.2
numpy==1.26.3
packaging==26.0
pandas==2.1.4
pillow==10.2.0
pluggy==1.6.0
Pygments==2.19.2
pyparsing==3.1.1
pyrsistent==0.19.3
pytest==9.0.2
python-dateutil==2.8.2
pytz==2023.3.post1
PyYAML==6.0.1
referencing==0.32.1
rpds-py==0.16.2
scikit-learn==1.3.2
scipy==1.11.4
six==1.16.0
threadpoolctl==3.2.0
typing_extensions==4.9.0
tzdata==2023.4
--- END OUTPUT ---
END_UTC=2026-08-04T17:51:57.3447006Z
EXIT_CODE=0
