REGISTERED JSON
green_ecc_physical_simulation/registry\architectures\adaptive-shared-page-v1.json
green_ecc_physical_simulation/registry\architectures\configurable-gated-parallel-bank-v1.json
green_ecc_physical_simulation/registry\architectures\fixed-cyclic-whole-memory-v1.json
green_ecc_physical_simulation/registry\architectures\fixed-forge-hotspot-8-4-v1.json
green_ecc_physical_simulation/registry\architectures\fixed-forge-spatial-hotspot-72-64-v1.json
green_ecc_physical_simulation/registry\architectures\fixed-forge-sram-portfolio-72-64-v1-geometry-filtered-joint.json
green_ecc_physical_simulation/registry\architectures\fixed-forge-sram-portfolio-72-64-v1-spatial-hotspot-joint.json
green_ecc_physical_simulation/registry\architectures\fixed-hsiao-whole-memory-v1.json
green_ecc_physical_simulation/registry\architectures\fixed-odd-column-secded-4-8.json
green_ecc_physical_simulation/registry\architectures\fixed-odd-column-secded-64-72.json
green_ecc_physical_simulation/registry\architectures\fixed-primitive-bch-63-51-t2-v1.json
green_ecc_physical_simulation/registry\architectures\fixed-safeforge-robust-72-64-mapping-v1.json
green_ecc_physical_simulation/registry\architectures\fixed-safeforge-robust-8-4-v1.json
green_ecc_physical_simulation/registry\architectures\fixed-secded-whole-memory-v1.json
green_ecc_physical_simulation/registry\architectures\fixed-shortened-bch-71-64-t1-v1.json
green_ecc_physical_simulation/registry\architectures\fixed-shortened-bch-78-64-t2-v1.json
green_ecc_physical_simulation/registry\architectures\fixed-shortened-bch-85-64-t3-v1.json
green_ecc_physical_simulation/registry\backends\cadence-st65-unavailable-v1.json
green_ecc_physical_simulation/registry\backends\not-characterized-v1.json
green_ecc_physical_simulation/registry\backends\openroad-sky130-unavailable-v1.json
green_ecc_physical_simulation/registry\backends\structural-yosys-local-v1.json
green_ecc_physical_simulation/registry\codes\extended-hamming-secded-72-64-v1.json
green_ecc_physical_simulation/registry\codes\forge-hotspot-8-4-v1.json
green_ecc_physical_simulation/registry\codes\forge-spatial-hotspot-72-64-v1.json
green_ecc_physical_simulation/registry\codes\forge-sram-portfolio-72-64-v1-geometry-filtered-joint.json
green_ecc_physical_simulation/registry\codes\forge-sram-portfolio-72-64-v1-spatial-hotspot-joint.json
green_ecc_physical_simulation/registry\codes\hsiao-secded-72-64-v1.json
green_ecc_physical_simulation/registry\codes\odd-column-secded-4-8.json
green_ecc_physical_simulation/registry\codes\odd-column-secded-64-72.json
green_ecc_physical_simulation/registry\codes\primitive-bch-63-51-t2-v1.json
green_ecc_physical_simulation/registry\codes\repository-cyclic-63-51-v1.json
green_ecc_physical_simulation/registry\codes\safeforge-robust-72-64-mapping-v1.json
green_ecc_physical_simulation/registry\codes\safeforge-robust-8-4-v1.json
green_ecc_physical_simulation/registry\codes\shortened-bch-71-64-t1-v1.json
green_ecc_physical_simulation/registry\codes\shortened-bch-78-64-t2-v1.json
green_ecc_physical_simulation/registry\codes\shortened-bch-85-64-t3-v1.json
green_ecc_physical_simulation/registry\implementations\cyclic-rtl-bounded-search-63-51-v1.json
green_ecc_physical_simulation/registry\implementations\forge-hotspot-8-4-v1-archived-table-decoder.json
green_ecc_physical_simulation/registry\implementations\forge-spatial-hotspot-72-64-v1-archived-table-decoder.json
green_ecc_physical_simulation/registry\implementations\forge-sram-portfolio-72-64-v1-geometry-filtered-joint-archived-table-decoder.json
green_ecc_physical_simulation/registry\implementations\forge-sram-portfolio-72-64-v1-spatial-hotspot-joint-archived-table-decoder.json
green_ecc_physical_simulation/registry\implementations\hsiao-generated-combinational-72-64-v1.json
green_ecc_physical_simulation/registry\implementations\odd-column-secded-4-8-archived-table-decoder.json
green_ecc_physical_simulation/registry\implementations\odd-column-secded-64-72-archived-table-decoder.json
green_ecc_physical_simulation/registry\implementations\primitive-bch-63-51-t2-v1-reference-decoder.json
green_ecc_physical_simulation/registry\implementations\safeforge-robust-72-64-mapping-v1-archived-table-decoder.json
green_ecc_physical_simulation/registry\implementations\safeforge-robust-8-4-v1-archived-table-decoder.json
green_ecc_physical_simulation/registry\implementations\secdaec-rtl-bounded-72-64-v1.json
green_ecc_physical_simulation/registry\implementations\secded-rtl-combinational-72-64-v1.json
green_ecc_physical_simulation/registry\implementations\shortened-bch-71-64-t1-v1-reference-decoder.json
green_ecc_physical_simulation/registry\implementations\shortened-bch-78-64-t2-v1-reference-decoder.json
green_ecc_physical_simulation/registry\implementations\shortened-bch-85-64-t3-v1-reference-decoder.json
green_ecc_physical_simulation/registry\implementations\taec-rtl-bounded-72-64-v1.json
green_ecc_physical_simulation/registry\registry.json
green_ecc_physical_simulation/registry\scenarios\no-physical-selection-v1.json
green_ecc_physical_simulation/registry\scenarios\software-simulation-study-v1.json
green_ecc_physical_simulation/registry\workloads\functional-uniform-placeholder-v1.json
RTL AND HDL
MODELS AND EXPERIMENTS
MANUSCRIPT-LIKE
PHYSICAL COLLATERAL
NONE
ABSOLUTE PATH STRINGS
scripts\build_documentation.py:359:    if errors: raise SystemExit("Documentation validation failed:\n" + "\n".join(errors))
scripts\build_documentation.py:370:        if stale: raise SystemExit("Generated documentation sections are stale:\n" + "\n".join(stale))
scripts\generate_documentation_figures.py:858:            raise SystemExit("Documentation figures are stale:\n" + "\n".join(stale))
scripts\run_safeforge_hardware_validation.py:48:        base = Path(r"D:\Compiler Cpp\ucrt64\bin")
scripts\run_safeforge_hardware_validation.py:209:    cells = re.findall(r"Number of cells:\s+(\d+)", text)
scripts\run_safeforge_hardware_validation.py:213:        for gate, count in re.findall(r"ABC RESULTS:\s+([A-Z0-9_]+) cells:\s+(\d+)", text)
docs\PARETO_AND_SELECTION.md:51:\forall j:\ f_j(a)\le f_j(b),\qquad \exists j:\ f_j(a)<f_j(b).
green_ecc_physical_simulation\multi_ecc_evaluation\extensibility_acceptance.json:86:      "path": "D:\\Compiler Cpp\\ucrt64\\bin\\iverilog.EXE",
green_ecc_physical_simulation\multi_ecc_evaluation\extensibility_acceptance.json:93:      "path": "D:\\Compiler Cpp\\ucrt64\\bin\\verilator",
green_ecc_physical_simulation\multi_ecc_evaluation\extensibility_acceptance.json:98:      "path": "D:\\Compiler Cpp\\ucrt64\\bin\\yosys.EXE",
green_ecc_physical_simulation\multi_ecc_evaluation\verification\taec-rtl-bounded-72-64-v1.json:231:      "path": "D:\\Compiler Cpp\\ucrt64\\bin\\iverilog.EXE",
green_ecc_physical_simulation\multi_ecc_evaluation\verification\taec-rtl-bounded-72-64-v1.json:238:      "path": "D:\\Compiler Cpp\\ucrt64\\bin\\verilator",
green_ecc_physical_simulation\multi_ecc_evaluation\verification\taec-rtl-bounded-72-64-v1.json:243:      "path": "D:\\Compiler Cpp\\ucrt64\\bin\\yosys.EXE",
green_ecc_physical_simulation\multi_ecc_evaluation\verification\shortened-bch-85-64-t3-v1-reference-decoder.json:127:      "path": "D:\\Compiler Cpp\\ucrt64\\bin\\iverilog.EXE",
green_ecc_physical_simulation\multi_ecc_evaluation\verification\shortened-bch-85-64-t3-v1-reference-decoder.json:134:      "path": "D:\\Compiler Cpp\\ucrt64\\bin\\verilator",
green_ecc_physical_simulation\multi_ecc_evaluation\verification\shortened-bch-85-64-t3-v1-reference-decoder.json:139:      "path": "D:\\Compiler Cpp\\ucrt64\\bin\\yosys.EXE",
green_ecc_physical_simulation\multi_ecc_evaluation\verification\shortened-bch-78-64-t2-v1-reference-decoder.json:106:      "path": "D:\\Compiler Cpp\\ucrt64\\bin\\iverilog.EXE",
green_ecc_physical_simulation\multi_ecc_evaluation\verification\shortened-bch-78-64-t2-v1-reference-decoder.json:113:      "path": "D:\\Compiler Cpp\\ucrt64\\bin\\verilator",
green_ecc_physical_simulation\multi_ecc_evaluation\verification\shortened-bch-78-64-t2-v1-reference-decoder.json:118:      "path": "D:\\Compiler Cpp\\ucrt64\\bin\\yosys.EXE",
green_ecc_physical_simulation\multi_ecc_evaluation\verification\shortened-bch-71-64-t1-v1-reference-decoder.json:85:      "path": "D:\\Compiler Cpp\\ucrt64\\bin\\iverilog.EXE",
green_ecc_physical_simulation\multi_ecc_evaluation\verification\shortened-bch-71-64-t1-v1-reference-decoder.json:92:      "path": "D:\\Compiler Cpp\\ucrt64\\bin\\verilator",
green_ecc_physical_simulation\multi_ecc_evaluation\verification\shortened-bch-71-64-t1-v1-reference-decoder.json:97:      "path": "D:\\Compiler Cpp\\ucrt64\\bin\\yosys.EXE",
green_ecc_physical_simulation\multi_ecc_evaluation\verification\secded-rtl-combinational-72-64-v1.json:107:      "path": "D:\\Compiler Cpp\\ucrt64\\bin\\iverilog.EXE",
green_ecc_physical_simulation\multi_ecc_evaluation\verification\secded-rtl-combinational-72-64-v1.json:114:      "path": "D:\\Compiler Cpp\\ucrt64\\bin\\verilator",
green_ecc_physical_simulation\multi_ecc_evaluation\verification\secded-rtl-combinational-72-64-v1.json:119:      "path": "D:\\Compiler Cpp\\ucrt64\\bin\\yosys.EXE",
green_ecc_physical_simulation\multi_ecc_evaluation\verification\secdaec-rtl-bounded-72-64-v1.json:297:      "path": "D:\\Compiler Cpp\\ucrt64\\bin\\iverilog.EXE",
green_ecc_physical_simulation\multi_ecc_evaluation\verification\secdaec-rtl-bounded-72-64-v1.json:304:      "path": "D:\\Compiler Cpp\\ucrt64\\bin\\verilator",
green_ecc_physical_simulation\multi_ecc_evaluation\verification\secdaec-rtl-bounded-72-64-v1.json:309:      "path": "D:\\Compiler Cpp\\ucrt64\\bin\\yosys.EXE",
green_ecc_physical_simulation\multi_ecc_evaluation\verification\safeforge-robust-8-4-v1-archived-table-decoder.json:89:      "path": "D:\\Compiler Cpp\\ucrt64\\bin\\iverilog.EXE",
green_ecc_physical_simulation\multi_ecc_evaluation\verification\safeforge-robust-8-4-v1-archived-table-decoder.json:96:      "path": "D:\\Compiler Cpp\\ucrt64\\bin\\verilator",
green_ecc_physical_simulation\multi_ecc_evaluation\verification\safeforge-robust-8-4-v1-archived-table-decoder.json:101:      "path": "D:\\Compiler Cpp\\ucrt64\\bin\\yosys.EXE",
green_ecc_physical_simulation\multi_ecc_evaluation\verification\safeforge-robust-72-64-mapping-v1-archived-table-decoder.json:85:      "path": "D:\\Compiler Cpp\\ucrt64\\bin\\iverilog.EXE",
green_ecc_physical_simulation\multi_ecc_evaluation\verification\safeforge-robust-72-64-mapping-v1-archived-table-decoder.json:92:      "path": "D:\\Compiler Cpp\\ucrt64\\bin\\verilator",
green_ecc_physical_simulation\multi_ecc_evaluation\verification\safeforge-robust-72-64-mapping-v1-archived-table-decoder.json:97:      "path": "D:\\Compiler Cpp\\ucrt64\\bin\\yosys.EXE",
green_ecc_physical_simulation\multi_ecc_evaluation\verification\primitive-bch-63-51-t2-v1-reference-decoder.json:106:      "path": "D:\\Compiler Cpp\\ucrt64\\bin\\iverilog.EXE",
green_ecc_physical_simulation\multi_ecc_evaluation\verification\primitive-bch-63-51-t2-v1-reference-decoder.json:113:      "path": "D:\\Compiler Cpp\\ucrt64\\bin\\verilator",
green_ecc_physical_simulation\multi_ecc_evaluation\verification\primitive-bch-63-51-t2-v1-reference-decoder.json:118:      "path": "D:\\Compiler Cpp\\ucrt64\\bin\\yosys.EXE",
green_ecc_physical_simulation\multi_ecc_evaluation\verification\odd-column-secded-64-72-archived-table-decoder.json:127:      "path": "D:\\Compiler Cpp\\ucrt64\\bin\\iverilog.EXE",
green_ecc_physical_simulation\multi_ecc_evaluation\verification\odd-column-secded-64-72-archived-table-decoder.json:134:      "path": "D:\\Compiler Cpp\\ucrt64\\bin\\verilator",
green_ecc_physical_simulation\multi_ecc_evaluation\verification\odd-column-secded-64-72-archived-table-decoder.json:139:      "path": "D:\\Compiler Cpp\\ucrt64\\bin\\yosys.EXE",
green_ecc_physical_simulation\multi_ecc_evaluation\verification\odd-column-secded-4-8-archived-table-decoder.json:131:      "path": "D:\\Compiler Cpp\\ucrt64\\bin\\iverilog.EXE",
green_ecc_physical_simulation\multi_ecc_evaluation\verification\odd-column-secded-4-8-archived-table-decoder.json:138:      "path": "D:\\Compiler Cpp\\ucrt64\\bin\\verilator",
green_ecc_physical_simulation\multi_ecc_evaluation\verification\odd-column-secded-4-8-archived-table-decoder.json:143:      "path": "D:\\Compiler Cpp\\ucrt64\\bin\\yosys.EXE",
green_ecc_physical_simulation\multi_ecc_evaluation\verification\hsiao-generated-combinational-72-64-v1.json:107:      "path": "D:\\Compiler Cpp\\ucrt64\\bin\\iverilog.EXE",
green_ecc_physical_simulation\multi_ecc_evaluation\verification\hsiao-generated-combinational-72-64-v1.json:114:      "path": "D:\\Compiler Cpp\\ucrt64\\bin\\verilator",
green_ecc_physical_simulation\multi_ecc_evaluation\verification\hsiao-generated-combinational-72-64-v1.json:119:      "path": "D:\\Compiler Cpp\\ucrt64\\bin\\yosys.EXE",
green_ecc_physical_simulation\multi_ecc_evaluation\characterization\taec-rtl-bounded-72-64-v1--configurable-gated-parallel-bank-v1.json:42:        "path": "D:\\Compiler Cpp\\ucrt64\\bin\\iverilog.EXE",
green_ecc_physical_simulation\multi_ecc_evaluation\characterization\taec-rtl-bounded-72-64-v1--configurable-gated-parallel-bank-v1.json:49:        "path": "D:\\Compiler Cpp\\ucrt64\\bin\\verilator",
green_ecc_physical_simulation\multi_ecc_evaluation\characterization\taec-rtl-bounded-72-64-v1--configurable-gated-parallel-bank-v1.json:54:        "path": "D:\\Compiler Cpp\\ucrt64\\bin\\yosys.EXE",
green_ecc_physical_simulation\multi_ecc_evaluation\verification\forge-sram-portfolio-72-64-v1-spatial-hotspot-joint-archived-table-decoder.json:106:      "path": "D:\\Compiler Cpp\\ucrt64\\bin\\iverilog.EXE",
green_ecc_physical_simulation\multi_ecc_evaluation\verification\forge-sram-portfolio-72-64-v1-spatial-hotspot-joint-archived-table-decoder.json:113:      "path": "D:\\Compiler Cpp\\ucrt64\\bin\\verilator",
green_ecc_physical_simulation\multi_ecc_evaluation\verification\forge-sram-portfolio-72-64-v1-spatial-hotspot-joint-archived-table-decoder.json:118:      "path": "D:\\Compiler Cpp\\ucrt64\\bin\\yosys.EXE",
green_ecc_physical_simulation\multi_ecc_evaluation\characterization\taec-rtl-bounded-72-64-v1--adaptive-shared-page-v1.json:42:        "path": "D:\\Compiler Cpp\\ucrt64\\bin\\iverilog.EXE",
green_ecc_physical_simulation\multi_ecc_evaluation\characterization\taec-rtl-bounded-72-64-v1--adaptive-shared-page-v1.json:49:        "path": "D:\\Compiler Cpp\\ucrt64\\bin\\verilator",
green_ecc_physical_simulation\multi_ecc_evaluation\characterization\taec-rtl-bounded-72-64-v1--adaptive-shared-page-v1.json:54:        "path": "D:\\Compiler Cpp\\ucrt64\\bin\\yosys.EXE",
green_ecc_physical_simulation\multi_ecc_evaluation\verification\forge-sram-portfolio-72-64-v1-geometry-filtered-joint-archived-table-decoder.json:106:      "path": "D:\\Compiler Cpp\\ucrt64\\bin\\iverilog.EXE",
green_ecc_physical_simulation\multi_ecc_evaluation\verification\forge-sram-portfolio-72-64-v1-geometry-filtered-joint-archived-table-decoder.json:113:      "path": "D:\\Compiler Cpp\\ucrt64\\bin\\verilator",
green_ecc_physical_simulation\multi_ecc_evaluation\verification\forge-sram-portfolio-72-64-v1-geometry-filtered-joint-archived-table-decoder.json:118:      "path": "D:\\Compiler Cpp\\ucrt64\\bin\\yosys.EXE",
green_ecc_physical_simulation\multi_ecc_evaluation\characterization\shortened-bch-85-64-t3-v1-reference-decoder--fixed-shortened-bch-85-64-t3-v1.json:42:        "path": "D:\\Compiler Cpp\\ucrt64\\bin\\iverilog.EXE",
green_ecc_physical_simulation\multi_ecc_evaluation\characterization\shortened-bch-85-64-t3-v1-reference-decoder--fixed-shortened-bch-85-64-t3-v1.json:49:        "path": "D:\\Compiler Cpp\\ucrt64\\bin\\verilator",
green_ecc_physical_simulation\multi_ecc_evaluation\characterization\shortened-bch-85-64-t3-v1-reference-decoder--fixed-shortened-bch-85-64-t3-v1.json:54:        "path": "D:\\Compiler Cpp\\ucrt64\\bin\\yosys.EXE",
green_ecc_physical_simulation\multi_ecc_evaluation\verification\forge-spatial-hotspot-72-64-v1-archived-table-decoder.json:106:      "path": "D:\\Compiler Cpp\\ucrt64\\bin\\iverilog.EXE",
green_ecc_physical_simulation\multi_ecc_evaluation\verification\forge-spatial-hotspot-72-64-v1-archived-table-decoder.json:113:      "path": "D:\\Compiler Cpp\\ucrt64\\bin\\verilator",
green_ecc_physical_simulation\multi_ecc_evaluation\verification\forge-spatial-hotspot-72-64-v1-archived-table-decoder.json:118:      "path": "D:\\Compiler Cpp\\ucrt64\\bin\\yosys.EXE",
green_ecc_physical_simulation\multi_ecc_evaluation\characterization\shortened-bch-78-64-t2-v1-reference-decoder--fixed-shortened-bch-78-64-t2-v1.json:42:        "path": "D:\\Compiler Cpp\\ucrt64\\bin\\iverilog.EXE",
green_ecc_physical_simulation\multi_ecc_evaluation\characterization\shortened-bch-78-64-t2-v1-reference-decoder--fixed-shortened-bch-78-64-t2-v1.json:49:        "path": "D:\\Compiler Cpp\\ucrt64\\bin\\verilator",
green_ecc_physical_simulation\multi_ecc_evaluation\characterization\shortened-bch-78-64-t2-v1-reference-decoder--fixed-shortened-bch-78-64-t2-v1.json:54:        "path": "D:\\Compiler Cpp\\ucrt64\\bin\\yosys.EXE",
green_ecc_physical_simulation\multi_ecc_evaluation\verification\forge-hotspot-8-4-v1-archived-table-decoder.json:110:      "path": "D:\\Compiler Cpp\\ucrt64\\bin\\iverilog.EXE",
green_ecc_physical_simulation\multi_ecc_evaluation\verification\forge-hotspot-8-4-v1-archived-table-decoder.json:117:      "path": "D:\\Compiler Cpp\\ucrt64\\bin\\verilator",
green_ecc_physical_simulation\multi_ecc_evaluation\verification\forge-hotspot-8-4-v1-archived-table-decoder.json:122:      "path": "D:\\Compiler Cpp\\ucrt64\\bin\\yosys.EXE",
green_ecc_physical_simulation\multi_ecc_evaluation\characterization\shortened-bch-71-64-t1-v1-reference-decoder--fixed-shortened-bch-71-64-t1-v1.json:42:        "path": "D:\\Compiler Cpp\\ucrt64\\bin\\iverilog.EXE",
green_ecc_physical_simulation\multi_ecc_evaluation\characterization\shortened-bch-71-64-t1-v1-reference-decoder--fixed-shortened-bch-71-64-t1-v1.json:49:        "path": "D:\\Compiler Cpp\\ucrt64\\bin\\verilator",
green_ecc_physical_simulation\multi_ecc_evaluation\characterization\shortened-bch-71-64-t1-v1-reference-decoder--fixed-shortened-bch-71-64-t1-v1.json:54:        "path": "D:\\Compiler Cpp\\ucrt64\\bin\\yosys.EXE",
green_ecc_physical_simulation\multi_ecc_evaluation\verification\cyclic-rtl-bounded-search-63-51-v1.json:149:      "path": "D:\\Compiler Cpp\\ucrt64\\bin\\iverilog.EXE",
green_ecc_physical_simulation\multi_ecc_evaluation\verification\cyclic-rtl-bounded-search-63-51-v1.json:156:      "path": "D:\\Compiler Cpp\\ucrt64\\bin\\verilator",
green_ecc_physical_simulation\multi_ecc_evaluation\verification\cyclic-rtl-bounded-search-63-51-v1.json:161:      "path": "D:\\Compiler Cpp\\ucrt64\\bin\\yosys.EXE",
green_ecc_physical_simulation\multi_ecc_evaluation\characterization\secded-rtl-combinational-72-64-v1--fixed-secded-whole-memory-v1.json:42:        "path": "D:\\Compiler Cpp\\ucrt64\\bin\\iverilog.EXE",
green_ecc_physical_simulation\multi_ecc_evaluation\characterization\secded-rtl-combinational-72-64-v1--fixed-secded-whole-memory-v1.json:49:        "path": "D:\\Compiler Cpp\\ucrt64\\bin\\verilator",
green_ecc_physical_simulation\multi_ecc_evaluation\characterization\secded-rtl-combinational-72-64-v1--fixed-secded-whole-memory-v1.json:54:        "path": "D:\\Compiler Cpp\\ucrt64\\bin\\yosys.EXE",
green_ecc_physical_simulation\multi_ecc_evaluation\characterization\secded-rtl-combinational-72-64-v1--configurable-gated-parallel-bank-v1.json:42:        "path": "D:\\Compiler Cpp\\ucrt64\\bin\\iverilog.EXE",
green_ecc_physical_simulation\multi_ecc_evaluation\characterization\secded-rtl-combinational-72-64-v1--configurable-gated-parallel-bank-v1.json:49:        "path": "D:\\Compiler Cpp\\ucrt64\\bin\\verilator",
green_ecc_physical_simulation\multi_ecc_evaluation\characterization\secded-rtl-combinational-72-64-v1--configurable-gated-parallel-bank-v1.json:54:        "path": "D:\\Compiler Cpp\\ucrt64\\bin\\yosys.EXE",
green_ecc_physical_simulation\multi_ecc_evaluation\characterization\secded-rtl-combinational-72-64-v1--adaptive-shared-page-v1.json:42:        "path": "D:\\Compiler Cpp\\ucrt64\\bin\\iverilog.EXE",
green_ecc_physical_simulation\multi_ecc_evaluation\characterization\secded-rtl-combinational-72-64-v1--adaptive-shared-page-v1.json:49:        "path": "D:\\Compiler Cpp\\ucrt64\\bin\\verilator",
green_ecc_physical_simulation\multi_ecc_evaluation\characterization\secded-rtl-combinational-72-64-v1--adaptive-shared-page-v1.json:54:        "path": "D:\\Compiler Cpp\\ucrt64\\bin\\yosys.EXE",
green_ecc_physical_simulation\multi_ecc_evaluation\characterization\safeforge-robust-8-4-v1-archived-table-decoder--fixed-safeforge-robust-8-4-v1.json:43:        "path": "D:\\Compiler Cpp\\ucrt64\\bin\\iverilog.EXE",
green_ecc_physical_simulation\multi_ecc_evaluation\characterization\safeforge-robust-8-4-v1-archived-table-decoder--fixed-safeforge-robust-8-4-v1.json:50:        "path": "D:\\Compiler Cpp\\ucrt64\\bin\\verilator",
green_ecc_physical_simulation\multi_ecc_evaluation\characterization\safeforge-robust-8-4-v1-archived-table-decoder--fixed-safeforge-robust-8-4-v1.json:55:        "path": "D:\\Compiler Cpp\\ucrt64\\bin\\yosys.EXE",
green_ecc_physical_simulation\multi_ecc_evaluation\characterization\safeforge-robust-72-64-mapping-v1-archived-table-decoder--fixed-safeforge-robust-72-64-mapping-v1.json:43:        "path": "D:\\Compiler Cpp\\ucrt64\\bin\\iverilog.EXE",
green_ecc_physical_simulation\multi_ecc_evaluation\characterization\safeforge-robust-72-64-mapping-v1-archived-table-decoder--fixed-safeforge-robust-72-64-mapping-v1.json:50:        "path": "D:\\Compiler Cpp\\ucrt64\\bin\\verilator",
green_ecc_physical_simulation\multi_ecc_evaluation\characterization\safeforge-robust-72-64-mapping-v1-archived-table-decoder--fixed-safeforge-robust-72-64-mapping-v1.json:55:        "path": "D:\\Compiler Cpp\\ucrt64\\bin\\yosys.EXE",
green_ecc_physical_simulation\multi_ecc_evaluation\characterization\primitive-bch-63-51-t2-v1-reference-decoder--fixed-primitive-bch-63-51-t2-v1.json:42:        "path": "D:\\Compiler Cpp\\ucrt64\\bin\\iverilog.EXE",
green_ecc_physical_simulation\multi_ecc_evaluation\characterization\primitive-bch-63-51-t2-v1-reference-decoder--fixed-primitive-bch-63-51-t2-v1.json:49:        "path": "D:\\Compiler Cpp\\ucrt64\\bin\\verilator",
green_ecc_physical_simulation\multi_ecc_evaluation\characterization\primitive-bch-63-51-t2-v1-reference-decoder--fixed-primitive-bch-63-51-t2-v1.json:54:        "path": "D:\\Compiler Cpp\\ucrt64\\bin\\yosys.EXE",
green_ecc_physical_simulation\multi_ecc_evaluation\characterization\odd-column-secded-64-72-archived-table-decoder--fixed-odd-column-secded-64-72.json:43:        "path": "D:\\Compiler Cpp\\ucrt64\\bin\\iverilog.EXE",
green_ecc_physical_simulation\multi_ecc_evaluation\characterization\odd-column-secded-64-72-archived-table-decoder--fixed-odd-column-secded-64-72.json:50:        "path": "D:\\Compiler Cpp\\ucrt64\\bin\\verilator",
green_ecc_physical_simulation\multi_ecc_evaluation\characterization\odd-column-secded-64-72-archived-table-decoder--fixed-odd-column-secded-64-72.json:55:        "path": "D:\\Compiler Cpp\\ucrt64\\bin\\yosys.EXE",
green_ecc_physical_simulation\multi_ecc_evaluation\characterization\odd-column-secded-4-8-archived-table-decoder--fixed-odd-column-secded-4-8.json:43:        "path": "D:\\Compiler Cpp\\ucrt64\\bin\\iverilog.EXE",
green_ecc_physical_simulation\multi_ecc_evaluation\characterization\odd-column-secded-4-8-archived-table-decoder--fixed-odd-column-secded-4-8.json:50:        "path": "D:\\Compiler Cpp\\ucrt64\\bin\\verilator",
green_ecc_physical_simulation\multi_ecc_evaluation\characterization\odd-column-secded-4-8-archived-table-decoder--fixed-odd-column-secded-4-8.json:55:        "path": "D:\\Compiler Cpp\\ucrt64\\bin\\yosys.EXE",
green_ecc_physical_simulation\multi_ecc_evaluation\characterization\hsiao-generated-combinational-72-64-v1--fixed-hsiao-whole-memory-v1.json:42:        "path": "D:\\Compiler Cpp\\ucrt64\\bin\\iverilog.EXE",
green_ecc_physical_simulation\multi_ecc_evaluation\characterization\hsiao-generated-combinational-72-64-v1--fixed-hsiao-whole-memory-v1.json:49:        "path": "D:\\Compiler Cpp\\ucrt64\\bin\\verilator",
green_ecc_physical_simulation\multi_ecc_evaluation\characterization\hsiao-generated-combinational-72-64-v1--fixed-hsiao-whole-memory-v1.json:54:        "path": "D:\\Compiler Cpp\\ucrt64\\bin\\yosys.EXE",
green_ecc_physical_simulation\multi_ecc_evaluation\characterization\forge-sram-portfolio-72-64-v1-spatial-hotspot-joint-archived-table-decoder--fixed-forge-sram-portfolio-72-64-v1-spatial-hotspot-joint.json:43:        "path": "D:\\Compiler Cpp\\ucrt64\\bin\\iverilog.EXE",
green_ecc_physical_simulation\multi_ecc_evaluation\characterization\forge-sram-portfolio-72-64-v1-spatial-hotspot-joint-archived-table-decoder--fixed-forge-sram-portfolio-72-64-v1-spatial-hotspot-joint.json:50:        "path": "D:\\Compiler Cpp\\ucrt64\\bin\\verilator",
green_ecc_physical_simulation\multi_ecc_evaluation\characterization\forge-sram-portfolio-72-64-v1-spatial-hotspot-joint-archived-table-decoder--fixed-forge-sram-portfolio-72-64-v1-spatial-hotspot-joint.json:55:        "path": "D:\\Compiler Cpp\\ucrt64\\bin\\yosys.EXE",
green_ecc_physical_simulation\multi_ecc_evaluation\characterization\forge-sram-portfolio-72-64-v1-geometry-filtered-joint-archived-table-decoder--fixed-forge-sram-portfolio-72-64-v1-geometry-filtered-joint.json:43:        "path": "D:\\Compiler Cpp\\ucrt64\\bin\\iverilog.EXE",
green_ecc_physical_simulation\multi_ecc_evaluation\characterization\forge-sram-portfolio-72-64-v1-geometry-filtered-joint-archived-table-decoder--fixed-forge-sram-portfolio-72-64-v1-geometry-filtered-joint.json:50:        "path": "D:\\Compiler Cpp\\ucrt64\\bin\\verilator",
green_ecc_physical_simulation\multi_ecc_evaluation\characterization\forge-sram-portfolio-72-64-v1-geometry-filtered-joint-archived-table-decoder--fixed-forge-sram-portfolio-72-64-v1-geometry-filtered-joint.json:55:        "path": "D:\\Compiler Cpp\\ucrt64\\bin\\yosys.EXE",
green_ecc_physical_simulation\multi_ecc_evaluation\characterization\forge-spatial-hotspot-72-64-v1-archived-table-decoder--fixed-forge-spatial-hotspot-72-64-v1.json:43:        "path": "D:\\Compiler Cpp\\ucrt64\\bin\\iverilog.EXE",
green_ecc_physical_simulation\multi_ecc_evaluation\characterization\forge-spatial-hotspot-72-64-v1-archived-table-decoder--fixed-forge-spatial-hotspot-72-64-v1.json:50:        "path": "D:\\Compiler Cpp\\ucrt64\\bin\\verilator",
green_ecc_physical_simulation\multi_ecc_evaluation\characterization\forge-spatial-hotspot-72-64-v1-archived-table-decoder--fixed-forge-spatial-hotspot-72-64-v1.json:55:        "path": "D:\\Compiler Cpp\\ucrt64\\bin\\yosys.EXE",
green_ecc_physical_simulation\multi_ecc_evaluation\characterization\forge-hotspot-8-4-v1-archived-table-decoder--fixed-forge-hotspot-8-4-v1.json:43:        "path": "D:\\Compiler Cpp\\ucrt64\\bin\\iverilog.EXE",
green_ecc_physical_simulation\multi_ecc_evaluation\characterization\forge-hotspot-8-4-v1-archived-table-decoder--fixed-forge-hotspot-8-4-v1.json:50:        "path": "D:\\Compiler Cpp\\ucrt64\\bin\\verilator",
green_ecc_physical_simulation\multi_ecc_evaluation\characterization\forge-hotspot-8-4-v1-archived-table-decoder--fixed-forge-hotspot-8-4-v1.json:55:        "path": "D:\\Compiler Cpp\\ucrt64\\bin\\yosys.EXE",
