COMMAND=git diff --check; git diff --name-only; git status; untracked scope validation; isolated post-build status
START_UTC=2026-08-04T18:27:53.4112604Z
SOURCE=C:\Users\Abhinav\OneDrive\Desktop\ECC\Error-Code-Correction
--- SOURCE DIFF CHECK ---
GIT_DIFF_CHECK_EXIT=0
--- TRACKED DIFF NAMES ---
TRACKED_DIFF_EXIT=0
TRACKED_DIFF_COUNT=0
--- SOURCE STATUS ---
## main...origin/main
?? docs/date2027/
--- UNTRACKED FILES ---
docs/date2027/rigour_gate_01/CLAIMS_LEDGER.csv
docs/date2027/rigour_gate_01/ECC_CATALOGUE.md
docs/date2027/rigour_gate_01/EXECUTION_PLAN.md
docs/date2027/rigour_gate_01/EXPERIMENT_CONTRACT.md
docs/date2027/rigour_gate_01/RIGOUR_AUDIT.md
docs/date2027/rigour_gate_01/RISK_REGISTER.md
docs/date2027/rigour_gate_01/TRACEABILITY_MATRIX.csv
docs/date2027/rigour_gate_01/baseline/00_source_state_pre.log
docs/date2027/rigour_gate_01/baseline/01_isolated_state.log
docs/date2027/rigour_gate_01/baseline/02_inventory.log
docs/date2027/rigour_gate_01/baseline/03_tool_versions.log
docs/date2027/rigour_gate_01/baseline/04_doctor.log
docs/date2027/rigour_gate_01/baseline/05_ecc_list.log
docs/date2027/rigour_gate_01/baseline/06_dependencies.log
docs/date2027/rigour_gate_01/baseline/07_targeted_golden.log
docs/date2027/rigour_gate_01/baseline/08_targeted_bch.log
docs/date2027/rigour_gate_01/baseline/09_targeted_framework.log
docs/date2027/rigour_gate_01/baseline/10_targeted_pareto.log
docs/date2027/rigour_gate_01/baseline/11_verify_hsiao.log
docs/date2027/rigour_gate_01/baseline/12_make.log
docs/date2027/rigour_gate_01/baseline/13_make_test.log
docs/date2027/rigour_gate_01/baseline/14_python3_pytest.log
docs/date2027/rigour_gate_01/baseline/15_documentation_check.log
docs/date2027/rigour_gate_01/baseline/16_rtl_regression.log
docs/date2027/rigour_gate_01/baseline/17_hash_and_eol_audit.log
docs/date2027/rigour_gate_01/baseline/18_line_ending_diagnosis.log
docs/date2027/rigour_gate_01/baseline/19_registry_derivation.log
docs/date2027/rigour_gate_01/baseline/20_claim_search.log
docs/date2027/rigour_gate_01/baseline/21_manuscript_claim_inventory.log
docs/date2027/rigour_gate_01/baseline/22_static_inventory.log
docs/date2027/rigour_gate_01/baseline/23_verification_and_scope.log
docs/date2027/rigour_gate_01/baseline/24_artifact_validation.log
docs/date2027/rigour_gate_01/baseline/25_artifact_validation.log
docs/date2027/rigour_gate_01/baseline/26_artifact_validation.log
docs/date2027/rigour_gate_01/baseline/27_reference_and_scope_validation.log
docs/date2027/rigour_gate_01/baseline/environment_manifest.json
UNTRACKED_COUNT=36
OUT_OF_SCOPE_UNTRACKED_COUNT=0
--- ISOLATED POST-BUILD STATUS ---
## HEAD (no branch)
?? PracticalSRAMSimulator.exe
?? drift.json
?? tests/fixtures/runtime_ml_feature_pack/
END_UTC=2026-08-04T18:27:54.2525353Z
