OpenROAD 26Q3-1080-gab6fd26351 
Features included (+) or not (-): +GPU +GUI +Python
This program is licensed under the BSD-3 license. See the LICENSE file for details.
Components of this program may be licensed under more restrictive licenses which must be honored.
[INFO ORD-0030] Using 16 thread(s).
read_liberty /OpenROAD-flow-scripts/flow/platforms/sky130hd/lib/sky130_fd_sc_hd__tt_025C_1v80.lib
read_db -hier /gate03e-run-01/results/sky130hd/gcd/base/4_cts.odb
[WARNING ORD-0012] Hierarchical flow (-hier) is currently in development and may cause multiple issues. Do not use in production environments.
read_sdc /gate03e-run-01/results/sky130hd/gcd/base/4_cts.sdc
source /OpenROAD-flow-scripts/flow/platforms/sky130hd/setRC.tcl
pin_access
[INFO DRT-0149] Reading tech and libs.
[WARNING DRT-0349] LEF58_ENCLOSURE with no CUTCLASS is not supported. Skipping for layer mcon
[WARNING DRT-0349] LEF58_ENCLOSURE with no CUTCLASS is not supported. Skipping for layer mcon
[WARNING DRT-0349] LEF58_ENCLOSURE with no CUTCLASS is not supported. Skipping for layer via
[WARNING DRT-0349] LEF58_ENCLOSURE with no CUTCLASS is not supported. Skipping for layer via
[WARNING DRT-0349] LEF58_ENCLOSURE with no CUTCLASS is not supported. Skipping for layer via2
[WARNING DRT-0349] LEF58_ENCLOSURE with no CUTCLASS is not supported. Skipping for layer via2
[WARNING DRT-0349] LEF58_ENCLOSURE with no CUTCLASS is not supported. Skipping for layer via3
[WARNING DRT-0349] LEF58_ENCLOSURE with no CUTCLASS is not supported. Skipping for layer via3
[WARNING DRT-0349] LEF58_ENCLOSURE with no CUTCLASS is not supported. Skipping for layer via4
[WARNING DRT-0349] LEF58_ENCLOSURE with no CUTCLASS is not supported. Skipping for layer via4

Units:                1000
Number of layers:     13
Number of macros:     441
Number of vias:       29
Number of viarulegen: 25

[INFO DRT-0150] Reading design.

Design:                   gcd
Die area:                 ( 0 0 ) ( 80025 80025 )
Number of track patterns: 12
Number of DEF vias:       0
Number of components:     518
Number of terminals:      56
Number of snets:          2
Number of nets:           476

[INFO DRT-0167] List of default vias:
  Layer via
    default via: M1M2_PR
  Layer via2
    default via: M2M3_PR
  Layer via3
    default via: M3M4_PR
  Layer via4
    default via: M4M5_PR
[INFO DRT-0162] Library cell analysis.
[INFO DRT-0163] Instance analysis.
[INFO DRT-0164] Number of unique instances = 98.
[INFO DRT-0168] Init region query.
[INFO DRT-0024]   Complete FR_MASTERSLICE.
[INFO DRT-0024]   Complete Fr_VIA.
[INFO DRT-0024]   Complete li1.
[INFO DRT-0024]   Complete mcon.
[INFO DRT-0024]   Complete met1.
[INFO DRT-0024]   Complete via.
[INFO DRT-0024]   Complete met2.
[INFO DRT-0024]   Complete via2.
[INFO DRT-0024]   Complete met3.
[INFO DRT-0024]   Complete via3.
[INFO DRT-0024]   Complete met4.
[INFO DRT-0024]   Complete via4.
[INFO DRT-0024]   Complete met5.
[INFO DRT-0033] FR_MASTERSLICE shape region query size = 0.
[INFO DRT-0033] FR_VIA shape region query size = 0.
[INFO DRT-0033] li1 shape region query size = 12985.
[INFO DRT-0033] mcon shape region query size = 8098.
[INFO DRT-0033] met1 shape region query size = 1798.
[INFO DRT-0033] via shape region query size = 365.
[INFO DRT-0033] met2 shape region query size = 245.
[INFO DRT-0033] via2 shape region query size = 292.
[INFO DRT-0033] met3 shape region query size = 247.
[INFO DRT-0033] via3 shape region query size = 292.
[INFO DRT-0033] met4 shape region query size = 91.
[INFO DRT-0033] via4 shape region query size = 13.
[INFO DRT-0033] met5 shape region query size = 23.
[INFO DRT-0165] Start pin access.
[INFO DRT-0078]   Complete 728 pins.
[INFO DRT-0081]   Complete 98 unique inst patterns.
[INFO DRT-0084]   Complete 243 groups.
#scanned instances     = 518
#unique  instances     = 98
#stdCellGenAp          = 2699
#stdCellValidPlanarAp  = 14
#stdCellValidViaAp     = 1968
#stdCellPinNoAp        = 0
#stdCellPinCnt         = 1320
#instTermValidViaApCnt = 0
#macroGenAp            = 0
#macroValidPlanarAp    = 0
#macroValidViaAp       = 0
#macroNoAp             = 0
[INFO DRT-0166] Complete pin access.
[INFO DRT-0267] cpu time = 00:01:12, elapsed time = 00:00:06, memory = 135.24 (MB), peak = 133.96 (MB)
Took 6 seconds: pin_access
global_route -congestion_report_file /gate03e-run-01/reports/sky130hd/gcd/base/congestion.rpt -congestion_iterations 30 -congestion_report_iter_step 5 -verbose
[INFO GRT-0020] Min routing layer: met1
[INFO GRT-0021] Max routing layer: met5
[INFO GRT-0022] Global adjustment: 0%
[INFO GRT-0023] Grid origin: (0, 0)
[INFO GRT-0088] Layer li1     Track-Pitch = 0.4600  line-2-Via Pitch: 0.3400
[INFO GRT-0088] Layer met1    Track-Pitch = 0.3400  line-2-Via Pitch: 0.3400
[INFO GRT-0088] Layer met2    Track-Pitch = 0.4600  line-2-Via Pitch: 0.3500
[INFO GRT-0088] Layer met3    Track-Pitch = 0.6800  line-2-Via Pitch: 0.6150
[INFO GRT-0088] Layer met4    Track-Pitch = 0.9200  line-2-Via Pitch: 1.0400
[INFO GRT-0088] Layer met5    Track-Pitch = 3.4000  line-2-Via Pitch: 3.1100
[INFO GRT-0003] Macros: 0
[INFO GRT-0004] Blockages: 978
[INFO GRT-0019] Found 6 clock nets.
[INFO GRT-0001] Minimum degree: 2
[INFO GRT-0002] Maximum degree: 23

[INFO GRT-0053] Routing resources analysis:
          Routing      Original      Derated      Resource
Layer     Direction    Resources     Resources    Reduction (%)
---------------------------------------------------------------
li1        Vertical            0             0          0.00%
met1       Horizontal       1481          1141          22.96%
met2       Vertical         1520          1170          23.03%
met3       Horizontal       1102           862          21.78%
met4       Vertical          740           560          24.32%
met5       Horizontal        180           110          38.89%
---------------------------------------------------------------

[INFO GRT-0101] Running extra iterations to remove congestion.
[INFO GRT-0102] Start extra iteration 1/30
[INFO GRT-0102] Start extra iteration 2/30
[INFO GRT-0102] Start extra iteration 3/30
[INFO GRT-0197] Via related to pin nodes: 2272
[INFO GRT-0198] Via related Steiner nodes: 39
[INFO GRT-0199] Via filling finished.
[INFO GRT-0111] Final number of vias: 2870
[INFO GRT-0112] Final usage 3D: 9825

[INFO GRT-0096] Final congestion report:
Layer         Resource        Demand        Usage (%)    Max H / Max V / Total Congestion
---------------------------------------------------------------------------------------
li1                  0             0            0.00%             0 /  0 /  0
met1              1141           508           44.52%             0 /  0 /  0
met2              1170           590           50.43%             0 /  0 /  0
met3               862            44            5.10%             0 /  0 /  0
met4               560            73           13.04%             0 /  0 /  0
met5               110             0            0.00%             0 /  0 /  0
---------------------------------------------------------------------------------------
Total             3843          1215           31.62%             0 /  0 /  0

[INFO GRT-0018] Total wirelength: 14089 um
[INFO GRT-0014] Routed nets: 476
[INFO GRT-0303] Global routing runtime = 00:00:00
[WARNING STA-0450] virtual clock vclk_core_clock can not be propagated.
estimate_parasitics -global_routing
Perform buffer insertion and gate resizing...
repair_design -verbose
Iteration |   Area    | Resized | Buffers | Nets repaired | Remaining
---------------------------------------------------------------------
        0 |     +0.0% |       0 |       0 |             0 |       481
       10 |     +0.0% |       0 |       0 |             0 |       471
       20 |     +0.0% |       0 |       0 |             0 |       461
       30 |     +0.0% |       0 |       0 |             0 |       451
       40 |     +0.0% |       0 |       0 |             0 |       441
       50 |     +0.0% |       0 |       0 |             0 |       431
       60 |     +0.0% |       0 |       0 |             0 |       421
       70 |     +0.0% |       0 |       0 |             0 |       411
       80 |     +0.0% |       0 |       0 |             0 |       401
       90 |     +0.0% |       0 |       0 |             0 |       391
      100 |     +0.0% |       0 |       0 |             0 |       381
      110 |     +0.0% |       0 |       0 |             0 |       371
      120 |     +0.0% |       0 |       0 |             0 |       361
      130 |     +0.0% |       0 |       0 |             0 |       351
      140 |     +0.0% |       0 |       0 |             0 |       341
      150 |     +0.0% |       0 |       0 |             0 |       331
      160 |     +0.0% |       0 |       0 |             0 |       321
      170 |     +0.0% |       0 |       0 |             0 |       311
      180 |     +0.0% |       0 |       0 |             0 |       301
      190 |     +0.0% |       0 |       0 |             0 |       291
      200 |     +0.0% |       0 |       0 |             0 |       281
      210 |     +0.0% |       0 |       0 |             0 |       271
      220 |     +0.0% |       0 |       0 |             0 |       261
      230 |     +0.0% |       0 |       0 |             0 |       251
      240 |     +0.0% |       0 |       0 |             0 |       241
      250 |     +0.0% |       0 |       0 |             0 |       231
      260 |     +0.0% |       0 |       0 |             0 |       221
      270 |     +0.0% |       0 |       0 |             0 |       211
      280 |     +0.0% |       0 |       0 |             0 |       201
      290 |     +0.0% |       0 |       0 |             0 |       191
      300 |     +0.0% |       0 |       0 |             0 |       181
      310 |     +0.0% |       0 |       0 |             0 |       171
      320 |     +0.0% |       0 |       0 |             0 |       161
      330 |     +0.0% |       0 |       0 |             0 |       151
      340 |     +0.0% |       0 |       0 |             0 |       141
      350 |     +0.0% |       0 |       0 |             0 |       131
      360 |     +0.0% |       0 |       0 |             0 |       121
      370 |     +0.0% |       0 |       0 |             0 |       111
      380 |     +0.0% |       0 |       0 |             0 |       101
      390 |     +0.0% |       0 |       0 |             0 |        91
      400 |     +0.0% |       0 |       0 |             0 |        81
      410 |     +0.0% |       0 |       0 |             0 |        71
      420 |     +0.0% |       0 |       0 |             0 |        61
      430 |     +0.0% |       0 |       0 |             0 |        51
      440 |     +0.0% |       0 |       0 |             0 |        41
      450 |     +0.0% |       0 |       0 |             0 |        31
      460 |     +0.0% |       0 |       0 |             0 |        21
      470 |     +0.0% |       0 |       0 |             0 |        11
      480 |     +0.0% |       0 |       0 |             0 |         1
    final |     +0.0% |       0 |       0 |             0 |         0
---------------------------------------------------------------------
[INFO RSZ-0504] Runtime: 0.09s
global_route -start_incremental
detailed_placement
[INFO DPL-0006] Core area: 5885.64 um^2
[INFO DPL-0007] Movable instances area: 4702.01 um^2
[INFO DPL-0008] Fixed instances area within core: 93.84 um^2
[INFO DPL-0009] Utilization: 81.5%
[INFO DPL-0005] Diamond search max displacement: +/- 500 sites horizontally, +/- 100 rows vertically.
[INFO DPL-1102] Legalizing using negotiation legalizer.
[INFO DPL-1103] Negotiation base search window: +/-20 sites horizontally, +/-5 rows vertically 
	Automatic search window extension enabled.
	Search window extendable up to the max displacement cap of +/-500 sites, +/-100 rows near walls.
[INFO DPL-1104] NegotiationLegalizer DRC penalty: 5.
[INFO DPL-0392] Negotiation cell height distribution (1 unique row-count(s)):
[INFO DPL-0393]   height 1 row(s): 518 cells
[INFO DPL-0500] Runtime: 0.00s
Placement Analysis
---------------------------------
total displacement          0.0 u
average displacement        0.0 u
max displacement            0.0 u
original HPWL            7783.2 u
legalized HPWL           7783.2 u
delta HPWL                    0 %

global_route -end_incremental -congestion_report_file /gate03e-run-01/reports/sky130hd/gcd/base/congestion_post_repair_design.rpt
Repair setup and hold violations...
estimate_parasitics -global_routing
repair_timing -setup_margin 0 -hold_margin 0 -repair_tns 100 -verbose
[INFO RSZ-0100] Repair move sequence: UnbufferMove SizeUpMove SwapPinsMove BufferMove CloneMove SplitLoadMove 
[INFO RSZ-0094] Found 68 endpoints with setup violations.
[INFO RSZ-0099] Repairing 68 out of 68 (100.00%) violating endpoints...
   Iter   | Removed | Resized | Inserted | Cloned |  Pin  |   Area   |    WNS   |   StTNS    |   EnTNS    |  Viol  |  Worst  
          | Buffers |  Gates  | Buffers  |  Gates | Swaps |          |          |            |            | Endpts | St/EnPt 
------------------------------------------------------------------------------------------------------------------------------
       0* |       0 |       0 |        0 |      0 |     0 |    +0.0% |   -1.585 |      -46.2 |      -71.4 |     68 | dpath.a_reg.out\[15\]$_DFFE_PP_/D
      10* |       0 |       1 |        4 |      0 |     6 |    +0.7% |   -1.520 |      -45.1 |      -70.0 |     68 | dpath.a_reg.out\[14\]$_DFFE_PP_/D
      20* |       0 |       3 |        6 |      0 |    12 |    +1.2% |   -1.511 |      -44.9 |      -69.9 |     68 | dpath.b_reg.out\[2\]$_DFFE_PP_/DE
      30* |       0 |       6 |        9 |      0 |    17 |    +2.2% |   -1.604 |      -45.1 |      -71.3 |     68 | dpath.a_reg.out\[11\]$_DFFE_PP_/D
      36* |       0 |       3 |        8 |      0 |    13 |    +1.5% |   -1.510 |      -44.9 |      -69.9 |     68 | dpath.b_reg.out\[2\]$_DFFE_PP_/DE
      37* |       0 |       3 |        8 |      0 |    13 |    +1.5% |   -1.510 |      -44.9 |      -69.9 |     68 | dpath.b_reg.out\[2\]$_DFFE_PP_/DE
      40* |       0 |       5 |        8 |      0 |    13 |    +1.6% |   -1.510 |      -44.9 |      -69.7 |     68 | dpath.b_reg.out\[2\]$_DFFE_PP_/DE
      45* |       0 |       7 |        8 |      0 |    16 |    +1.7% |   -1.510 |      -44.8 |      -69.5 |     68 | dpath.b_reg.out\[2\]$_DFFE_PP_/DE
      50* |       0 |       8 |       10 |      0 |    18 |    +2.1% |   -1.506 |      -44.6 |      -69.1 |     68 | dpath.a_reg.out\[14\]$_DFFE_PP_/D
      60* |       0 |      12 |       14 |      0 |    20 |    +3.1% |   -1.522 |      -44.5 |      -67.9 |     68 | dpath.a_reg.out\[11\]$_DFFE_PP_/D
      70* |       0 |      19 |       15 |      0 |    22 |    +4.0% |   -1.506 |      -44.2 |      -67.6 |     68 | dpath.a_reg.out\[14\]$_DFFE_PP_/D
      80* |       0 |      21 |       18 |      0 |    27 |    +4.9% |   -1.504 |      -43.9 |      -67.4 |     68 | dpath.a_reg.out\[14\]$_DFFE_PP_/D
      83* |       0 |      22 |       19 |      0 |    28 |    +5.1% |   -1.504 |      -43.9 |      -67.0 |     68 | dpath.a_reg.out\[14\]$_DFFE_PP_/D
      86* |       0 |      22 |       19 |      0 |    28 |    +5.1% |   -1.504 |      -43.9 |      -67.0 |     68 | dpath.a_reg.out\[14\]$_DFFE_PP_/D
      90* |       0 |      22 |       19 |      0 |    31 |    +5.1% |   -1.506 |      -43.9 |      -67.1 |     68 | dpath.a_reg.out\[15\]$_DFFE_PP_/D
      93* |       0 |      23 |       20 |      0 |    32 |    +5.3% |   -1.504 |      -43.9 |      -66.9 |     68 | dpath.a_reg.out\[14\]$_DFFE_PP_/D
      96* |       0 |      24 |       20 |      0 |    32 |    +5.4% |   -1.504 |      -43.9 |      -66.9 |     68 | dpath.a_reg.out\[14\]$_DFFE_PP_/D
     100* |       0 |      25 |       21 |      0 |    33 |    +5.6% |   -1.504 |      -43.9 |      -67.0 |     68 | dpath.a_reg.out\[14\]$_DFFE_PP_/D
     101* |       0 |      24 |       20 |      0 |    32 |    +5.4% |   -1.504 |      -43.9 |      -66.9 |     68 | dpath.a_reg.out\[14\]$_DFFE_PP_/D
     104* |       0 |      25 |       20 |      0 |    32 |    +5.4% |   -1.504 |      -43.9 |      -66.9 |     68 | dpath.a_reg.out\[14\]$_DFFE_PP_/D
     106* |       0 |      25 |       20 |      0 |    32 |    +5.4% |   -1.504 |      -43.9 |      -66.9 |     68 | dpath.a_reg.out\[14\]$_DFFE_PP_/D
     110* |       1 |      27 |       20 |      0 |    32 |    +5.5% |   -1.480 |      -43.7 |      -66.9 |     68 | dpath.a_reg.out\[15\]$_DFFE_PP_/D
     113* |       1 |      27 |       20 |      0 |    32 |    +5.5% |   -1.480 |      -43.7 |      -66.9 |     68 | dpath.a_reg.out\[15\]$_DFFE_PP_/D
     120* |       1 |      27 |       21 |      0 |    37 |    +5.6% |   -1.488 |      -43.7 |      -67.1 |     68 | dpath.a_reg.out\[13\]$_DFFE_PP_/D
     120* |       1 |      27 |       20 |      0 |    33 |    +5.5% |   -1.480 |      -43.7 |      -66.9 |     68 | dpath.a_reg.out\[15\]$_DFFE_PP_/D
     130* |       1 |      29 |       23 |      1 |    37 |    +6.7% |   -1.480 |      -43.9 |      -66.8 |     68 | dpath.a_reg.out\[15\]$_DFFE_PP_/D
     131* |       1 |      29 |       23 |      1 |    37 |    +6.7% |   -1.480 |      -43.9 |      -66.8 |     68 | dpath.a_reg.out\[15\]$_DFFE_PP_/D
     132* |       1 |      29 |       23 |      1 |    37 |    +6.7% |   -1.480 |      -43.9 |      -66.8 |     68 | dpath.a_reg.out\[15\]$_DFFE_PP_/D
     133* |       1 |      29 |       23 |      1 |    37 |    +6.7% |   -1.480 |      -43.9 |      -66.8 |     68 | dpath.a_reg.out\[15\]$_DFFE_PP_/D
     134* |       1 |      29 |       23 |      1 |    37 |    +6.7% |   -1.480 |      -43.9 |      -66.8 |     68 | dpath.a_reg.out\[15\]$_DFFE_PP_/D
     135* |       1 |      29 |       23 |      1 |    37 |    +6.7% |   -1.480 |      -43.9 |      -66.8 |     68 | dpath.a_reg.out\[15\]$_DFFE_PP_/D
     136* |       1 |      29 |       23 |      1 |    37 |    +6.7% |   -1.480 |      -43.9 |      -66.8 |     68 | dpath.a_reg.out\[15\]$_DFFE_PP_/D
     137* |       1 |      29 |       23 |      1 |    37 |    +6.7% |   -1.480 |      -43.9 |      -66.8 |     68 | dpath.a_reg.out\[15\]$_DFFE_PP_/D
     138* |       1 |      29 |       23 |      1 |    37 |    +6.7% |   -1.480 |      -43.9 |      -66.8 |     68 | dpath.a_reg.out\[15\]$_DFFE_PP_/D
     139* |       1 |      29 |       23 |      1 |    37 |    +6.7% |   -1.480 |      -43.9 |      -66.8 |     68 | dpath.a_reg.out\[15\]$_DFFE_PP_/D
     140* |       1 |      29 |       23 |      1 |    37 |    +6.7% |   -1.480 |      -43.9 |      -66.8 |     68 | dpath.a_reg.out\[15\]$_DFFE_PP_/D
     140* |       1 |      29 |       23 |      1 |    37 |    +6.7% |   -1.480 |      -43.9 |      -66.8 |     68 | dpath.a_reg.out\[15\]$_DFFE_PP_/D
     141* |       1 |      29 |       23 |      1 |    37 |    +6.7% |   -1.480 |      -43.9 |      -66.8 |     68 | dpath.a_reg.out\[15\]$_DFFE_PP_/D
     142* |       1 |      29 |       23 |      1 |    37 |    +6.7% |   -1.480 |      -43.9 |      -66.8 |     68 | dpath.a_reg.out\[15\]$_DFFE_PP_/D
     143* |       1 |      29 |       23 |      1 |    37 |    +6.7% |   -1.480 |      -43.9 |      -66.8 |     68 | dpath.a_reg.out\[15\]$_DFFE_PP_/D
     144* |       1 |      29 |       23 |      1 |    37 |    +6.7% |   -1.480 |      -43.9 |      -66.8 |     68 | dpath.a_reg.out\[15\]$_DFFE_PP_/D
     145* |       1 |      29 |       23 |      1 |    37 |    +6.7% |   -1.480 |      -43.9 |      -66.8 |     68 | dpath.a_reg.out\[15\]$_DFFE_PP_/D
     149* |       1 |      31 |       23 |      1 |    37 |    +7.1% |   -1.480 |      -44.2 |      -67.3 |     68 | dpath.a_reg.out\[15\]$_DFFE_PP_/D
     150* |       1 |      31 |       23 |      1 |    37 |    +7.1% |   -1.480 |      -44.2 |      -67.3 |     68 | dpath.a_reg.out\[15\]$_DFFE_PP_/D
     151* |       1 |      31 |       23 |      1 |    37 |    +7.1% |   -1.480 |      -44.2 |      -67.3 |     68 | dpath.a_reg.out\[15\]$_DFFE_PP_/D
     154* |       1 |      32 |       23 |      1 |    38 |    +7.3% |   -1.480 |      -44.1 |      -66.7 |     68 | dpath.a_reg.out\[15\]$_DFFE_PP_/D
     156* |       1 |      32 |       23 |      1 |    38 |    +7.3% |   -1.480 |      -44.1 |      -66.7 |     68 | dpath.a_reg.out\[15\]$_DFFE_PP_/D
     160* |       1 |      35 |       23 |      1 |    38 |    +7.2% |   -1.481 |      -44.1 |      -66.6 |     68 | dpath.a_reg.out\[15\]$_DFFE_PP_/D
     161* |       1 |      36 |       23 |      1 |    38 |    +7.3% |   -1.472 |      -44.1 |      -66.6 |     68 | dpath.a_reg.out\[15\]$_DFFE_PP_/D
     166* |       1 |      38 |       23 |      1 |    39 |    +7.5% |   -1.472 |      -44.1 |      -66.6 |     68 | dpath.a_reg.out\[15\]$_DFFE_PP_/D
     168* |       1 |      38 |       23 |      1 |    39 |    +7.5% |   -1.472 |      -44.1 |      -66.6 |     68 | dpath.a_reg.out\[15\]$_DFFE_PP_/D
     170* |       1 |      39 |       23 |      1 |    39 |    +7.6% |   -1.472 |      -44.1 |      -66.6 |     68 | dpath.a_reg.out\[15\]$_DFFE_PP_/D
     173* |       1 |      39 |       23 |      1 |    39 |    +7.6% |   -1.472 |      -44.1 |      -66.6 |     68 | dpath.a_reg.out\[15\]$_DFFE_PP_/D
     174* |       1 |      39 |       23 |      1 |    39 |    +7.6% |   -1.472 |      -44.1 |      -66.6 |     68 | dpath.a_reg.out\[15\]$_DFFE_PP_/D
     175* |       1 |      39 |       23 |      1 |    39 |    +7.6% |   -1.472 |      -44.1 |      -66.6 |     68 | dpath.a_reg.out\[15\]$_DFFE_PP_/D
     177* |       1 |      39 |       24 |      1 |    39 |    +7.8% |   -1.472 |      -44.1 |      -66.6 |     68 | dpath.a_reg.out\[15\]$_DFFE_PP_/D
     179* |       1 |      40 |       24 |      1 |    39 |    +7.9% |   -1.472 |      -44.1 |      -66.5 |     68 | dpath.a_reg.out\[15\]$_DFFE_PP_/D
     180* |       1 |      40 |       24 |      1 |    39 |    +7.9% |   -1.472 |      -44.1 |      -66.5 |     68 | dpath.a_reg.out\[15\]$_DFFE_PP_/D
     186* |       2 |      41 |       24 |      1 |    41 |    +7.9% |   -1.472 |      -44.1 |      -66.7 |     68 | dpath.a_reg.out\[15\]$_DFFE_PP_/D
     190* |       2 |      43 |       25 |      1 |    41 |    +8.3% |   -1.470 |      -44.1 |      -66.7 |     68 | dpath.a_reg.out\[15\]$_DFFE_PP_/D
     191* |       2 |      43 |       25 |      1 |    41 |    +8.3% |   -1.470 |      -44.1 |      -66.7 |     68 | dpath.a_reg.out\[15\]$_DFFE_PP_/D
     194* |       2 |      43 |       25 |      1 |    41 |    +8.3% |   -1.470 |      -44.1 |      -66.7 |     68 | dpath.a_reg.out\[15\]$_DFFE_PP_/D
     198* |       3 |      43 |       26 |      1 |    42 |    +8.3% |   -1.470 |      -44.1 |      -66.5 |     68 | dpath.a_reg.out\[15\]$_DFFE_PP_/D
     200* |       3 |      43 |       26 |      1 |    43 |    +8.3% |   -1.470 |      -44.1 |      -66.5 |     68 | dpath.a_reg.out\[15\]$_DFFE_PP_/D
     201* |       4 |      43 |       26 |      1 |    43 |    +8.2% |   -1.470 |      -44.1 |      -66.5 |     68 | dpath.a_reg.out\[15\]$_DFFE_PP_/D
     209* |       4 |      43 |       26 |      1 |    43 |    +8.2% |   -1.470 |      -44.1 |      -66.5 |     68 | dpath.a_reg.out\[15\]$_DFFE_PP_/D
     210* |       4 |      43 |       26 |      1 |    43 |    +8.2% |   -1.470 |      -44.1 |      -66.5 |     68 | dpath.a_reg.out\[15\]$_DFFE_PP_/D
     220* |       4 |      49 |       29 |      1 |    44 |    +8.9% |   -1.470 |      -44.1 |      -67.0 |     68 | dpath.a_reg.out\[15\]$_DFFE_PP_/D
     220* |       4 |      44 |       26 |      1 |    43 |    +8.2% |   -1.470 |      -44.1 |      -66.7 |     68 | dpath.a_reg.out\[15\]$_DFFE_PP_/D
     230* |       5 |      48 |       29 |      1 |    44 |    +8.9% |   -1.470 |      -44.1 |      -66.9 |     68 | dpath.a_reg.out\[15\]$_DFFE_PP_/D
     233* |       5 |      46 |       26 |      1 |    43 |    +8.3% |   -1.470 |      -44.1 |      -66.6 |     68 | dpath.a_reg.out\[15\]$_DFFE_PP_/D
     236* |       5 |      46 |       26 |      1 |    43 |    +8.3% |   -1.470 |      -44.1 |      -66.6 |     68 | dpath.a_reg.out\[15\]$_DFFE_PP_/D
     240* |       5 |      47 |       27 |      1 |    44 |    +8.6% |   -1.470 |      -44.1 |      -66.7 |     68 | dpath.a_reg.out\[15\]$_DFFE_PP_/D
     250* |       6 |      52 |       31 |      1 |    44 |    +9.3% |   -1.470 |      -44.1 |      -67.1 |     68 | dpath.a_reg.out\[15\]$_DFFE_PP_/D
     252* |       5 |      47 |       26 |      1 |    44 |    +8.4% |   -1.470 |      -44.1 |      -66.7 |     68 | dpath.a_reg.out\[15\]$_DFFE_PP_/D
     259* |       6 |      49 |       27 |      1 |    46 |    +8.8% |   -1.470 |      -44.1 |      -66.7 |     68 | dpath.a_reg.out\[15\]$_DFFE_PP_/D
     260* |       6 |      49 |       27 |      1 |    46 |    +8.8% |   -1.470 |      -44.1 |      -66.7 |     68 | dpath.a_reg.out\[15\]$_DFFE_PP_/D
     265* |       7 |      50 |       29 |      1 |    46 |    +9.3% |   -1.470 |      -44.1 |      -67.2 |     68 | dpath.a_reg.out\[15\]$_DFFE_PP_/D
     266* |       7 |      50 |       29 |      1 |    46 |    +9.3% |   -1.470 |      -44.1 |      -67.2 |     68 | dpath.a_reg.out\[15\]$_DFFE_PP_/D
     270* |       7 |      52 |       30 |      1 |    46 |    +9.6% |   -1.470 |      -44.1 |      -67.3 |     68 | dpath.a_reg.out\[15\]$_DFFE_PP_/D
     270* |       7 |      50 |       29 |      1 |    46 |    +9.3% |   -1.470 |      -44.1 |      -67.2 |     68 | dpath.a_reg.out\[15\]$_DFFE_PP_/D
     271* |       7 |      50 |       29 |      1 |    46 |    +9.3% |   -1.470 |      -44.1 |      -67.2 |     68 | dpath.a_reg.out\[15\]$_DFFE_PP_/D
     272* |       7 |      50 |       29 |      1 |    46 |    +9.3% |   -1.470 |      -44.1 |      -67.2 |     68 | dpath.a_reg.out\[15\]$_DFFE_PP_/D
     273* |       7 |      50 |       29 |      1 |    46 |    +9.3% |   -1.470 |      -44.1 |      -67.2 |     68 | dpath.a_reg.out\[15\]$_DFFE_PP_/D
     274* |       7 |      50 |       29 |      1 |    46 |    +9.3% |   -1.470 |      -44.1 |      -67.2 |     68 | dpath.a_reg.out\[15\]$_DFFE_PP_/D
     276* |       8 |      50 |       29 |      1 |    46 |    +8.7% |   -1.470 |      -44.1 |      -67.0 |     68 | dpath.a_reg.out\[15\]$_DFFE_PP_/D
     278* |       8 |      50 |       29 |      1 |    47 |    +8.7% |   -1.470 |      -44.1 |      -67.0 |     68 | dpath.a_reg.out\[15\]$_DFFE_PP_/D
     279* |       8 |      50 |       29 |      1 |    47 |    +8.7% |   -1.470 |      -44.1 |      -67.0 |     68 | dpath.a_reg.out\[15\]$_DFFE_PP_/D
     280* |       8 |      50 |       29 |      1 |    47 |    +8.7% |   -1.470 |      -44.1 |      -67.0 |     68 | dpath.a_reg.out\[15\]$_DFFE_PP_/D
     280* |       8 |      50 |       29 |      1 |    47 |    +8.7% |   -1.470 |      -44.1 |      -67.0 |     68 | dpath.a_reg.out\[15\]$_DFFE_PP_/D
     283* |       9 |      51 |       29 |      1 |    47 |    +8.6% |   -1.470 |      -44.1 |      -66.9 |     68 | dpath.a_reg.out\[15\]$_DFFE_PP_/D
     284* |       9 |      51 |       29 |      1 |    47 |    +8.6% |   -1.470 |      -44.1 |      -66.9 |     68 | dpath.a_reg.out\[15\]$_DFFE_PP_/D
     285* |       9 |      51 |       29 |      1 |    47 |    +8.6% |   -1.470 |      -44.1 |      -66.9 |     68 | dpath.a_reg.out\[15\]$_DFFE_PP_/D
     286* |       9 |      51 |       29 |      1 |    47 |    +8.6% |   -1.470 |      -44.1 |      -66.9 |     68 | dpath.a_reg.out\[15\]$_DFFE_PP_/D
     287* |       9 |      51 |       29 |      1 |    47 |    +8.6% |   -1.470 |      -44.1 |      -66.9 |     68 | dpath.a_reg.out\[15\]$_DFFE_PP_/D
     289* |       9 |      51 |       30 |      1 |    47 |    +8.8% |   -1.470 |      -44.1 |      -66.8 |     68 | dpath.a_reg.out\[15\]$_DFFE_PP_/D
     290* |       9 |      51 |       30 |      1 |    47 |    +8.8% |   -1.470 |      -44.1 |      -66.8 |     68 | dpath.a_reg.out\[15\]$_DFFE_PP_/D
     291* |       9 |      51 |       30 |      1 |    48 |    +8.8% |   -1.470 |      -44.1 |      -66.8 |     68 | dpath.a_reg.out\[15\]$_DFFE_PP_/D
     291* |       9 |      51 |       30 |      1 |    48 |    +8.8% |   -1.470 |      -44.1 |      -66.8 |     68 | dpath.a_reg.out\[15\]$_DFFE_PP_/D
     292+ |       9 |      51 |       30 |      1 |    48 |    +8.8% |   -1.470 |      -44.1 |      -66.8 |     63 | dpath.a_reg.out\[15\]$_DFFE_PP_/D
     293+ |       9 |      51 |       30 |      1 |    48 |    +8.8% |   -1.470 |      -44.1 |      -66.8 |     63 | dpath.a_reg.out\[15\]$_DFFE_PP_/D
     294+ |       9 |      51 |       30 |      1 |    48 |    +8.8% |   -1.470 |      -44.1 |      -66.8 |     63 | dpath.a_reg.out\[15\]$_DFFE_PP_/D
     295+ |       9 |      51 |       30 |      1 |    48 |    +8.8% |   -1.470 |      -44.1 |      -66.8 |     63 | dpath.a_reg.out\[15\]$_DFFE_PP_/D
     296+ |       9 |      51 |       30 |      1 |    48 |    +8.8% |   -1.470 |      -44.1 |      -66.8 |     63 | dpath.a_reg.out\[15\]$_DFFE_PP_/D
     297+ |       9 |      51 |       30 |      1 |    48 |    +8.8% |   -1.470 |      -44.1 |      -66.8 |     63 | dpath.a_reg.out\[15\]$_DFFE_PP_/D
     298+ |       9 |      51 |       30 |      1 |    48 |    +8.8% |   -1.470 |      -44.1 |      -66.8 |     63 | dpath.a_reg.out\[15\]$_DFFE_PP_/D
     299+ |       9 |      51 |       30 |      1 |    48 |    +8.8% |   -1.470 |      -44.1 |      -66.8 |     63 | dpath.a_reg.out\[15\]$_DFFE_PP_/D
     300+ |       9 |      51 |       30 |      1 |    48 |    +8.8% |   -1.470 |      -44.1 |      -66.8 |     63 | dpath.a_reg.out\[15\]$_DFFE_PP_/D
     300+ |       9 |      51 |       30 |      1 |    48 |    +8.8% |   -1.470 |      -44.1 |      -66.8 |     63 | dpath.a_reg.out\[15\]$_DFFE_PP_/D
     301+ |       9 |      51 |       30 |      1 |    48 |    +8.8% |   -1.470 |      -44.1 |      -66.8 |     63 | dpath.a_reg.out\[15\]$_DFFE_PP_/D
     302+ |       9 |      51 |       30 |      1 |    48 |    +8.8% |   -1.470 |      -44.1 |      -66.8 |     63 | dpath.a_reg.out\[15\]$_DFFE_PP_/D
     303+ |       9 |      51 |       30 |      1 |    48 |    +8.8% |   -1.470 |      -44.1 |      -66.8 |     63 | dpath.a_reg.out\[15\]$_DFFE_PP_/D
     304+ |       9 |      51 |       30 |      1 |    48 |    +8.8% |   -1.470 |      -44.1 |      -66.8 |     63 | dpath.a_reg.out\[15\]$_DFFE_PP_/D
     305+ |       9 |      51 |       30 |      1 |    48 |    +8.8% |   -1.470 |      -44.1 |      -66.8 |     63 | dpath.a_reg.out\[15\]$_DFFE_PP_/D
     306+ |       9 |      51 |       30 |      1 |    48 |    +8.8% |   -1.470 |      -44.1 |      -66.8 |     63 | dpath.a_reg.out\[15\]$_DFFE_PP_/D
     307+ |       9 |      51 |       30 |      1 |    48 |    +8.8% |   -1.470 |      -44.1 |      -66.8 |     63 | dpath.a_reg.out\[15\]$_DFFE_PP_/D
     308+ |       9 |      51 |       30 |      1 |    48 |    +8.8% |   -1.470 |      -44.1 |      -66.8 |     63 | dpath.a_reg.out\[15\]$_DFFE_PP_/D
     309+ |       9 |      51 |       30 |      1 |    48 |    +8.8% |   -1.470 |      -44.1 |      -66.8 |     63 | dpath.a_reg.out\[15\]$_DFFE_PP_/D
     310+ |       9 |      51 |       30 |      1 |    48 |    +8.8% |   -1.470 |      -44.1 |      -66.8 |     63 | dpath.a_reg.out\[15\]$_DFFE_PP_/D
     310+ |       9 |      51 |       30 |      1 |    48 |    +8.8% |   -1.470 |      -44.1 |      -66.8 |     63 | dpath.a_reg.out\[15\]$_DFFE_PP_/D
     311+ |       9 |      51 |       30 |      1 |    48 |    +8.8% |   -1.470 |      -44.1 |      -66.8 |     63 | dpath.a_reg.out\[15\]$_DFFE_PP_/D
     312+ |       9 |      51 |       30 |      1 |    48 |    +8.8% |   -1.470 |      -44.1 |      -66.8 |     63 | dpath.a_reg.out\[15\]$_DFFE_PP_/D
     313+ |       9 |      51 |       30 |      1 |    48 |    +8.8% |   -1.470 |      -44.1 |      -66.8 |     63 | dpath.a_reg.out\[15\]$_DFFE_PP_/D
     314+ |       9 |      51 |       30 |      1 |    48 |    +8.8% |   -1.470 |      -44.1 |      -66.8 |     63 | dpath.a_reg.out\[15\]$_DFFE_PP_/D
     315+ |       9 |      51 |       30 |      1 |    48 |    +8.8% |   -1.470 |      -44.1 |      -66.8 |     63 | dpath.a_reg.out\[15\]$_DFFE_PP_/D
     316+ |       9 |      51 |       30 |      1 |    48 |    +8.8% |   -1.470 |      -44.1 |      -66.8 |     63 | dpath.a_reg.out\[15\]$_DFFE_PP_/D
     317+ |       9 |      51 |       30 |      1 |    48 |    +8.8% |   -1.470 |      -44.1 |      -66.8 |     63 | dpath.a_reg.out\[15\]$_DFFE_PP_/D
     318+ |       9 |      51 |       30 |      1 |    48 |    +8.8% |   -1.470 |      -44.1 |      -66.8 |     63 | dpath.a_reg.out\[15\]$_DFFE_PP_/D
     319+ |       9 |      51 |       30 |      1 |    48 |    +8.8% |   -1.470 |      -44.1 |      -66.8 |     63 | dpath.a_reg.out\[15\]$_DFFE_PP_/D
     320+ |       9 |      51 |       30 |      1 |    48 |    +8.8% |   -1.470 |      -44.1 |      -66.8 |     63 | dpath.a_reg.out\[15\]$_DFFE_PP_/D
     320+ |       9 |      51 |       30 |      1 |    48 |    +8.8% |   -1.470 |      -44.1 |      -66.8 |     63 | dpath.a_reg.out\[15\]$_DFFE_PP_/D
     321+ |       9 |      51 |       30 |      1 |    48 |    +8.8% |   -1.470 |      -44.1 |      -66.8 |     63 | dpath.a_reg.out\[15\]$_DFFE_PP_/D
     322+ |       9 |      51 |       30 |      1 |    48 |    +8.8% |   -1.470 |      -44.1 |      -66.8 |     63 | dpath.a_reg.out\[15\]$_DFFE_PP_/D
     323+ |       9 |      51 |       30 |      1 |    48 |    +8.8% |   -1.470 |      -44.1 |      -66.8 |     63 | dpath.a_reg.out\[15\]$_DFFE_PP_/D
     324+ |       9 |      51 |       30 |      1 |    48 |    +8.8% |   -1.470 |      -44.1 |      -66.8 |     63 | dpath.a_reg.out\[15\]$_DFFE_PP_/D
     325+ |       9 |      51 |       30 |      1 |    48 |    +8.8% |   -1.470 |      -44.1 |      -66.8 |     63 | dpath.a_reg.out\[15\]$_DFFE_PP_/D
     326+ |       9 |      51 |       30 |      1 |    48 |    +8.8% |   -1.470 |      -44.1 |      -66.8 |     63 | dpath.a_reg.out\[15\]$_DFFE_PP_/D
     327+ |       9 |      51 |       30 |      1 |    48 |    +8.8% |   -1.470 |      -44.1 |      -66.8 |     63 | dpath.a_reg.out\[15\]$_DFFE_PP_/D
     329+ |       9 |      52 |       30 |      1 |    48 |    +8.8% |   -1.470 |      -44.1 |      -66.8 |     63 | dpath.a_reg.out\[15\]$_DFFE_PP_/D
     330+ |       9 |      52 |       30 |      1 |    48 |    +8.8% |   -1.470 |      -44.1 |      -66.8 |     63 | dpath.a_reg.out\[15\]$_DFFE_PP_/D
     330+ |       9 |      52 |       30 |      1 |    48 |    +8.8% |   -1.470 |      -44.1 |      -66.8 |     63 | dpath.a_reg.out\[15\]$_DFFE_PP_/D
     331+ |       9 |      52 |       30 |      1 |    48 |    +8.8% |   -1.470 |      -44.1 |      -66.8 |     63 | dpath.a_reg.out\[15\]$_DFFE_PP_/D
     332+ |       9 |      52 |       30 |      1 |    48 |    +8.8% |   -1.470 |      -44.1 |      -66.8 |     63 | dpath.a_reg.out\[15\]$_DFFE_PP_/D
     333+ |       9 |      52 |       30 |      1 |    48 |    +8.8% |   -1.470 |      -44.1 |      -66.8 |     63 | dpath.a_reg.out\[15\]$_DFFE_PP_/D
     334+ |       9 |      52 |       30 |      1 |    48 |    +8.8% |   -1.470 |      -44.1 |      -66.8 |     63 | dpath.a_reg.out\[15\]$_DFFE_PP_/D
     335+ |       9 |      52 |       30 |      1 |    48 |    +8.8% |   -1.470 |      -44.1 |      -66.8 |     63 | dpath.a_reg.out\[15\]$_DFFE_PP_/D
     336+ |       9 |      52 |       30 |      1 |    48 |    +8.8% |   -1.470 |      -44.1 |      -66.8 |     63 | dpath.a_reg.out\[15\]$_DFFE_PP_/D
     337+ |       9 |      52 |       30 |      1 |    48 |    +8.8% |   -1.470 |      -44.1 |      -66.8 |     63 | dpath.a_reg.out\[15\]$_DFFE_PP_/D
     340+ |       9 |      54 |       30 |      1 |    48 |    +8.7% |   -1.470 |      -44.1 |      -66.7 |     63 | dpath.a_reg.out\[15\]$_DFFE_PP_/D
     340+ |       9 |      54 |       30 |      1 |    48 |    +8.7% |   -1.470 |      -44.1 |      -66.7 |     63 | dpath.a_reg.out\[15\]$_DFFE_PP_/D
     341+ |       9 |      54 |       30 |      1 |    48 |    +8.7% |   -1.470 |      -44.1 |      -66.7 |     63 | dpath.a_reg.out\[15\]$_DFFE_PP_/D
     342+ |       9 |      54 |       30 |      1 |    48 |    +8.7% |   -1.470 |      -44.1 |      -66.7 |     63 | dpath.a_reg.out\[15\]$_DFFE_PP_/D
     343+ |       9 |      54 |       30 |      1 |    48 |    +8.7% |   -1.470 |      -44.1 |      -66.7 |     63 | dpath.a_reg.out\[15\]$_DFFE_PP_/D
     344+ |       9 |      54 |       30 |      1 |    48 |    +8.7% |   -1.470 |      -44.1 |      -66.7 |     63 | dpath.a_reg.out\[15\]$_DFFE_PP_/D
     345+ |       9 |      54 |       30 |      1 |    48 |    +8.7% |   -1.470 |      -44.1 |      -66.7 |     63 | dpath.a_reg.out\[15\]$_DFFE_PP_/D
     346+ |       9 |      54 |       30 |      1 |    48 |    +8.7% |   -1.470 |      -44.1 |      -66.7 |     63 | dpath.a_reg.out\[15\]$_DFFE_PP_/D
     347+ |       9 |      54 |       30 |      1 |    48 |    +8.7% |   -1.470 |      -44.1 |      -66.7 |     63 | dpath.a_reg.out\[15\]$_DFFE_PP_/D
     348+ |       9 |      54 |       30 |      1 |    48 |    +8.7% |   -1.470 |      -44.1 |      -66.7 |     63 | dpath.a_reg.out\[15\]$_DFFE_PP_/D
     349+ |       9 |      54 |       30 |      1 |    48 |    +8.7% |   -1.470 |      -44.1 |      -66.7 |     63 | dpath.a_reg.out\[15\]$_DFFE_PP_/D
     350+ |       9 |      54 |       30 |      1 |    48 |    +8.7% |   -1.470 |      -44.1 |      -66.7 |     63 | dpath.a_reg.out\[15\]$_DFFE_PP_/D
     350+ |       9 |      54 |       30 |      1 |    48 |    +8.7% |   -1.470 |      -44.1 |      -66.7 |     63 | dpath.a_reg.out\[15\]$_DFFE_PP_/D
     351+ |       9 |      54 |       30 |      1 |    48 |    +8.7% |   -1.470 |      -44.1 |      -66.7 |     63 | dpath.a_reg.out\[15\]$_DFFE_PP_/D
     352+ |       9 |      54 |       30 |      1 |    48 |    +8.7% |   -1.470 |      -44.1 |      -66.7 |     63 | dpath.a_reg.out\[15\]$_DFFE_PP_/D
     353+ |       9 |      54 |       30 |      1 |    48 |    +8.7% |   -1.470 |      -44.1 |      -66.7 |     63 | dpath.a_reg.out\[15\]$_DFFE_PP_/D
     354+ |       9 |      54 |       30 |      1 |    48 |    +8.7% |   -1.470 |      -44.1 |      -66.7 |     63 | dpath.a_reg.out\[15\]$_DFFE_PP_/D
     355+ |       9 |      54 |       30 |      1 |    48 |    +8.7% |   -1.470 |      -44.1 |      -66.7 |     63 | dpath.a_reg.out\[15\]$_DFFE_PP_/D
     356+ |       9 |      54 |       30 |      1 |    48 |    +8.7% |   -1.470 |      -44.1 |      -66.7 |     63 | dpath.a_reg.out\[15\]$_DFFE_PP_/D
     357+ |       9 |      54 |       30 |      1 |    48 |    +8.7% |   -1.470 |      -44.1 |      -66.7 |     63 | dpath.a_reg.out\[15\]$_DFFE_PP_/D
    final |       9 |      54 |       30 |      1 |    48 |    +8.7% |   -1.470 |      -44.1 |      -66.7 |     63 | dpath.a_reg.out\[15\]$_DFFE_PP_/D
------------------------------------------------------------------------------------------------------------------------------
[INFO RSZ-0059] Removed 9 buffers.
[INFO RSZ-0040] Inserted 30 buffers.
[INFO RSZ-0051] Resized 54 instances: 54 up, 0 up match, 0 down, 0 VT
[INFO RSZ-0043] Swapped pins on 48 instances.
[INFO RSZ-0049] Cloned 1 instances.
[WARNING RSZ-0062] Unable to repair all setup violations.
[INFO RSZ-0505] Runtime: 21.40s
[INFO RSZ-0033] No hold violations found.
[INFO RSZ-0506] Runtime: 0.02s
Took 21 seconds: repair_timing -setup_margin 0 -hold_margin 0 -repair_tns 100 -verbose
global_route -start_incremental
detailed_placement
[INFO DPL-0006] Core area: 5885.64 um^2
[INFO DPL-0007] Movable instances area: 5121.16 um^2
[INFO DPL-0008] Fixed instances area within core: 93.84 um^2
[INFO DPL-0009] Utilization: 88.6%
[INFO DPL-0005] Diamond search max displacement: +/- 500 sites horizontally, +/- 100 rows vertically.
[INFO DPL-1102] Legalizing using negotiation legalizer.
[INFO DPL-1103] Negotiation base search window: +/-20 sites horizontally, +/-5 rows vertically 
	Automatic search window extension enabled.
	Search window extendable up to the max displacement cap of +/-500 sites, +/-100 rows near walls.
[INFO DPL-1104] NegotiationLegalizer DRC penalty: 5.
[INFO DPL-0392] Negotiation cell height distribution (1 unique row-count(s)):
[INFO DPL-0393]   height 1 row(s): 540 cells
          |      Total |  Illegal |  Illegal
Iteration | Violations |    Cells |    Sites
---------------------------------------------
        0 |        475 |        91 |       384
        1 |        393 |        63 |       330
        2 |        376 |        50 |       326
        3 |        339 |        39 |       300
        4 |        267 |        33 |       234
        5 |        239 |        29 |       210
        6 |        248 |        28 |       220
        7 |        218 |        20 |       198
        8 |         79 |         7 |        72
        9 |         72 |        10 |        62
       10 |         74 |         8 |        66
       20 |         60 |         8 |        52
       28 |          0 |         0 |         0
Negotiation phase 1 converged at iteration 28.
[INFO DPL-0500] Runtime: 0.16s
Placement Analysis
---------------------------------
total displacement       1963.6 u
average displacement        3.6 u
max displacement           33.1 u
original HPWL            7927.2 u
legalized HPWL          10004.8 u
delta HPWL                   26 %

check_placement -verbose
global_route -end_incremental -congestion_report_file /gate03e-run-01/reports/sky130hd/gcd/base/congestion_post_repair_timing.rpt
estimate_parasitics -global_routing
global_route -start_incremental
global_route -end_incremental -congestion_report_file /gate03e-run-01/reports/sky130hd/gcd/base/congestion_post_recover_power.rpt
Repair antennas...
[INFO GRT-0012] Found 0 antenna violations.
[INFO ANT-0002] Found 0 net violations.
[INFO ANT-0001] Found 0 pin violations.
Estimate parasitics...
estimate_parasitics -global_routing
Report metrics stage 5, global route...

==========================================================================
global route report_design_area
--------------------------------------------------------------------------
Design area 5215 um^2 89% utilization.
[INFO FLW-0007] clock core_clock period 1.100000
[WARNING FLW-0010] more than one clock found. Skipping sdc update.
[INFO FLW-0011] Path endpoint path count 88
write_db /gate03e-run-01/results/sky130hd/gcd/base/5_1_grt.odb
write_sdc -no_timestamp /gate03e-run-01/results/sky130hd/gcd/base/5_1_grt.sdc
Elapsed time: 0:32.66[h:]min:sec. CPU time: user 204.48 sys 3.35 (636%). Peak memory: 268812KB.
Log                       Ext     Elapsed/s Peak Memory/MB sha1sum result [0:20)
5_1_grt                   .odb           32            262 b3f7fedae74b46fbec23
5_1_grt                   .sdc                             a71291c5b45a435c1089
