OpenROAD 26Q3-1080-gab6fd26351 
Features included (+) or not (-): +GPU +GUI +Python
This program is licensed under the BSD-3 license. See the LICENSE file for details.
Components of this program may be licensed under more restrictive licenses which must be honored.
[INFO ORD-0030] Using 16 thread(s).
read_liberty /OpenROAD-flow-scripts/flow/platforms/sky130hd/lib/sky130_fd_sc_hd__tt_025C_1v80.lib
read_db -hier /gate03e-run-01/results/sky130hd/gcd/base/5_1_grt.odb
[WARNING ORD-0012] Hierarchical flow (-hier) is currently in development and may cause multiple issues. Do not use in production environments.
read_sdc /gate03e-run-01/results/sky130hd/gcd/base/5_1_grt.sdc
source /OpenROAD-flow-scripts/flow/platforms/sky130hd/setRC.tcl
[WARNING STA-0450] virtual clock vclk_core_clock can not be propagated.
detailed_route -output_drc /gate03e-run-01/reports/sky130hd/gcd/base/5_route_drc.rpt -output_maze /gate03e-run-01/results/sky130hd/gcd/base/maze.log -droute_end_iter 64 -verbose 1 -drc_report_iter_step 5
[INFO DRT-0149] Reading tech and libs.
[WARNING DRT-0349] LEF58_ENCLOSURE with no CUTCLASS is not supported. Skipping for layer mcon
[WARNING DRT-0349] LEF58_ENCLOSURE with no CUTCLASS is not supported. Skipping for layer mcon
[WARNING DRT-0349] LEF58_ENCLOSURE with no CUTCLASS is not supported. Skipping for layer via
[WARNING DRT-0349] LEF58_ENCLOSURE with no CUTCLASS is not supported. Skipping for layer via
[WARNING DRT-0349] LEF58_ENCLOSURE with no CUTCLASS is not supported. Skipping for layer via2
[WARNING DRT-0349] LEF58_ENCLOSURE with no CUTCLASS is not supported. Skipping for layer via2
[WARNING DRT-0349] LEF58_ENCLOSURE with no CUTCLASS is not supported. Skipping for layer via3
[WARNING DRT-0349] LEF58_ENCLOSURE with no CUTCLASS is not supported. Skipping for layer via3
[WARNING DRT-0349] LEF58_ENCLOSURE with no CUTCLASS is not supported. Skipping for layer via4
[WARNING DRT-0349] LEF58_ENCLOSURE with no CUTCLASS is not supported. Skipping for layer via4

Units:                1000
Number of layers:     13
Number of macros:     441
Number of vias:       29
Number of viarulegen: 25

[INFO DRT-0150] Reading design.

Design:                   gcd
Die area:                 ( 0 0 ) ( 80025 80025 )
Number of track patterns: 12
Number of DEF vias:       0
Number of components:     540
Number of terminals:      56
Number of snets:          2
Number of nets:           498

[INFO DRT-0167] List of default vias:
  Layer via
    default via: M1M2_PR
  Layer via2
    default via: M2M3_PR
  Layer via3
    default via: M3M4_PR
  Layer via4
    default via: M4M5_PR
[INFO DRT-0162] Library cell analysis.
[INFO DRT-0163] Instance analysis.
[INFO DRT-0164] Number of unique instances = 99.
[INFO DRT-0168] Init region query.
[INFO DRT-0024]   Complete FR_MASTERSLICE.
[INFO DRT-0024]   Complete Fr_VIA.
[INFO DRT-0024]   Complete li1.
[INFO DRT-0024]   Complete mcon.
[INFO DRT-0024]   Complete met1.
[INFO DRT-0024]   Complete via.
[INFO DRT-0024]   Complete met2.
[INFO DRT-0024]   Complete via2.
[INFO DRT-0024]   Complete met3.
[INFO DRT-0024]   Complete via3.
[INFO DRT-0024]   Complete met4.
[INFO DRT-0024]   Complete via4.
[INFO DRT-0024]   Complete met5.
[INFO DRT-0033] FR_MASTERSLICE shape region query size = 0.
[INFO DRT-0033] FR_VIA shape region query size = 0.
[INFO DRT-0033] li1 shape region query size = 13956.
[INFO DRT-0033] mcon shape region query size = 8792.
[INFO DRT-0033] met1 shape region query size = 1882.
[INFO DRT-0033] via shape region query size = 365.
[INFO DRT-0033] met2 shape region query size = 245.
[INFO DRT-0033] via2 shape region query size = 292.
[INFO DRT-0033] met3 shape region query size = 247.
[INFO DRT-0033] via3 shape region query size = 292.
[INFO DRT-0033] met4 shape region query size = 91.
[INFO DRT-0033] via4 shape region query size = 13.
[INFO DRT-0033] met5 shape region query size = 23.
[INFO DRT-0165] Start pin access.
[INFO DRT-0078]   Complete 733 pins.
[INFO DRT-0081]   Complete 99 unique inst patterns.
[INFO DRT-0084]   Complete 209 groups.
#scanned instances     = 540
#unique  instances     = 99
#stdCellGenAp          = 2765
#stdCellValidPlanarAp  = 16
#stdCellValidViaAp     = 1975
#stdCellPinNoAp        = 0
#stdCellPinCnt         = 1364
#instTermValidViaApCnt = 0
#macroGenAp            = 0
#macroValidPlanarAp    = 0
#macroValidViaAp       = 0
#macroNoAp             = 0
[INFO DRT-0166] Complete pin access.
[INFO DRT-0267] cpu time = 00:01:20, elapsed time = 00:00:06, memory = 232.15 (MB), peak = 230.80 (MB)

[INFO DRT-0157] Number of guides:     3561

[INFO DRT-0169] Post process guides.
[INFO DRT-0176] GCELLGRID X 0 DO 11 STEP 6900 ;
[INFO DRT-0177] GCELLGRID Y 0 DO 11 STEP 6900 ;
[INFO DRT-0028]   Complete FR_MASTERSLICE.
[INFO DRT-0028]   Complete Fr_VIA.
[INFO DRT-0028]   Complete li1.
[INFO DRT-0028]   Complete mcon.
[INFO DRT-0028]   Complete met1.
[INFO DRT-0028]   Complete via.
[INFO DRT-0028]   Complete met2.
[INFO DRT-0028]   Complete via2.
[INFO DRT-0028]   Complete met3.
[INFO DRT-0028]   Complete via3.
[INFO DRT-0028]   Complete met4.
[INFO DRT-0028]   Complete via4.
[INFO DRT-0028]   Complete met5.
[INFO DRT-0178] Init guide query.
[INFO DRT-0035]   Complete FR_MASTERSLICE (guide).
[INFO DRT-0035]   Complete Fr_VIA (guide).
[INFO DRT-0035]   Complete li1 (guide).
[INFO DRT-0035]   Complete mcon (guide).
[INFO DRT-0035]   Complete met1 (guide).
[INFO DRT-0035]   Complete via (guide).
[INFO DRT-0035]   Complete met2 (guide).
[INFO DRT-0035]   Complete via2 (guide).
[INFO DRT-0035]   Complete met3 (guide).
[INFO DRT-0035]   Complete via3 (guide).
[INFO DRT-0035]   Complete met4 (guide).
[INFO DRT-0035]   Complete via4 (guide).
[INFO DRT-0035]   Complete met5 (guide).
[INFO DRT-0036] FR_MASTERSLICE guide region query size = 0.
[INFO DRT-0036] FR_VIA guide region query size = 0.
[INFO DRT-0036] li1 guide region query size = 1182.
[INFO DRT-0036] mcon guide region query size = 0.
[INFO DRT-0036] met1 guide region query size = 1054.
[INFO DRT-0036] via guide region query size = 0.
[INFO DRT-0036] met2 guide region query size = 588.
[INFO DRT-0036] via2 guide region query size = 0.
[INFO DRT-0036] met3 guide region query size = 99.
[INFO DRT-0036] via3 guide region query size = 0.
[INFO DRT-0036] met4 guide region query size = 35.
[INFO DRT-0036] via4 guide region query size = 0.
[INFO DRT-0036] met5 guide region query size = 0.
[INFO DRT-0179] Init gr pin query.
[INFO DRT-0267] cpu time = 00:00:00, elapsed time = 00:00:00, memory = 232.19 (MB), peak = 230.80 (MB)
[INFO DRT-0245] skipped writing guide updates to database.
[INFO DRT-0181] Start track assignment.
[INFO DRT-0184] Done with 1805 vertical wires in 1 frboxes and 1153 horizontal wires in 1 frboxes.
[INFO DRT-0186] Done with 341 vertical wires in 1 frboxes and 340 horizontal wires in 1 frboxes.
[INFO DRT-0182] Complete track assignment.
[INFO DRT-0267] cpu time = 00:00:00, elapsed time = 00:00:00, memory = 242.09 (MB), peak = 240.68 (MB)
[INFO DRT-0187] Start routing data preparation.
[INFO DRT-0267] cpu time = 00:00:00, elapsed time = 00:00:00, memory = 242.09 (MB), peak = 240.68 (MB)
[INFO DRT-0194] Start detail routing.
[INFO DRT-0195] Start 0th optimization iteration.
    Completing 20% with 0 violations.
    elapsed time = 00:00:04, memory = 264.12 (MB).
    Completing 50% with 60 violations.
    elapsed time = 00:00:07, memory = 296.09 (MB).
    Completing 70% with 100 violations.
    elapsed time = 00:00:12, memory = 337.29 (MB).
    Completing 100% with 184 violations.
    elapsed time = 00:00:14, memory = 358.70 (MB).
[INFO DRT-0199]   Number of violations = 192.
Viol/Layer        met1   met2   met3   met4
Metal Spacing       31     19      1      1
Recheck              4      4      0      0
Short              112     19      0      1
[INFO DRT-0267] cpu time = 00:00:19, elapsed time = 00:00:14, memory = 719.07 (MB), peak = 717.46 (MB)
Total wire length = 11407 um.
Total wire length on LAYER li1 = 0 um.
Total wire length on LAYER met1 = 4570 um.
Total wire length on LAYER met2 = 5744 um.
Total wire length on LAYER met3 = 583 um.
Total wire length on LAYER met4 = 509 um.
Total wire length on LAYER met5 = 0 um.
Total number of vias = 3041.
Up-via summary (total 3041):

-----------------------
 FR_MASTERSLICE       0
            li1    1370
           met1    1485
           met2     131
           met3      55
           met4       0
-----------------------
               3041


[INFO DRT-0195] Start 1st optimization iteration.
    Completing 20% with 192 violations.
    elapsed time = 00:00:01, memory = 741.97 (MB).
    Completing 50% with 192 violations.
    elapsed time = 00:00:04, memory = 772.95 (MB).
    Completing 70% with 196 violations.
    elapsed time = 00:00:08, memory = 807.59 (MB).
    Completing 100% with 195 violations.
    elapsed time = 00:00:16, memory = 807.59 (MB).
[INFO DRT-0199]   Number of violations = 195.
Viol/Layer        met1   met2
Metal Spacing       46     12
Short              123     14
[INFO DRT-0267] cpu time = 00:00:19, elapsed time = 00:00:16, memory = 807.69 (MB), peak = 828.71 (MB)
Total wire length = 11351 um.
Total wire length on LAYER li1 = 0 um.
Total wire length on LAYER met1 = 4620 um.
Total wire length on LAYER met2 = 5695 um.
Total wire length on LAYER met3 = 511 um.
Total wire length on LAYER met4 = 523 um.
Total wire length on LAYER met5 = 0 um.
Total number of vias = 3039.
Up-via summary (total 3039):

-----------------------
 FR_MASTERSLICE       0
            li1    1369
           met1    1500
           met2     115
           met3      55
           met4       0
-----------------------
               3039


[INFO DRT-0195] Start 2nd optimization iteration.
    Completing 10% with 195 violations.
    elapsed time = 00:00:00, memory = 807.70 (MB).
    Completing 20% with 195 violations.
    elapsed time = 00:00:00, memory = 807.70 (MB).
    Completing 30% with 195 violations.
    elapsed time = 00:00:00, memory = 807.70 (MB).
    Completing 40% with 195 violations.
    elapsed time = 00:00:00, memory = 811.21 (MB).
    Completing 50% with 196 violations.
    elapsed time = 00:00:00, memory = 811.21 (MB).
    Completing 60% with 196 violations.
    elapsed time = 00:00:00, memory = 811.21 (MB).
    Completing 70% with 198 violations.
    elapsed time = 00:00:01, memory = 823.17 (MB).
    Completing 80% with 198 violations.
    elapsed time = 00:00:02, memory = 823.17 (MB).
    Completing 100% with 158 violations.
    elapsed time = 00:00:15, memory = 834.86 (MB).
[INFO DRT-0199]   Number of violations = 158.
Viol/Layer        met1   met2
Metal Spacing       24     15
Short              105     14
[INFO DRT-0267] cpu time = 00:00:18, elapsed time = 00:00:15, memory = 834.93 (MB), peak = 865.31 (MB)
Total wire length = 11311 um.
Total wire length on LAYER li1 = 0 um.
Total wire length on LAYER met1 = 4599 um.
Total wire length on LAYER met2 = 5684 um.
Total wire length on LAYER met3 = 503 um.
Total wire length on LAYER met4 = 524 um.
Total wire length on LAYER met5 = 0 um.
Total number of vias = 3021.
Up-via summary (total 3021):

-----------------------
 FR_MASTERSLICE       0
            li1    1367
           met1    1483
           met2     117
           met3      54
           met4       0
-----------------------
               3021


[INFO DRT-0195] Start 3rd optimization iteration.
    Completing 20% with 158 violations.
    elapsed time = 00:00:02, memory = 856.12 (MB).
    Completing 50% with 132 violations.
    elapsed time = 00:00:04, memory = 890.29 (MB).
    Completing 70% with 62 violations.
    elapsed time = 00:00:09, memory = 914.81 (MB).
    Completing 100% with 33 violations.
    elapsed time = 00:00:11, memory = 914.81 (MB).
[INFO DRT-0199]   Number of violations = 33.
Viol/Layer        met1   met2
Metal Spacing       13      8
Short               12      0
[INFO DRT-0267] cpu time = 00:00:15, elapsed time = 00:00:12, memory = 914.81 (MB), peak = 913.50 (MB)
Total wire length = 11352 um.
Total wire length on LAYER li1 = 0 um.
Total wire length on LAYER met1 = 4429 um.
Total wire length on LAYER met2 = 5687 um.
Total wire length on LAYER met3 = 695 um.
Total wire length on LAYER met4 = 539 um.
Total wire length on LAYER met5 = 0 um.
Total number of vias = 3126.
Up-via summary (total 3126):

-----------------------
 FR_MASTERSLICE       0
            li1    1365
           met1    1525
           met2     173
           met3      63
           met4       0
-----------------------
               3126


[INFO DRT-0195] Start 4th guides tiles iteration.
    Completing 30% with 33 violations.
    elapsed time = 00:00:00, memory = 914.81 (MB).
    Completing 60% with 33 violations.
    elapsed time = 00:00:03, memory = 917.47 (MB).
    Completing 100% with 0 violations.
    elapsed time = 00:00:03, memory = 917.47 (MB).
[INFO DRT-0199]   Number of violations = 0.
[INFO DRT-0267] cpu time = 00:00:05, elapsed time = 00:00:03, memory = 917.47 (MB), peak = 916.13 (MB)
Total wire length = 11327 um.
Total wire length on LAYER li1 = 0 um.
Total wire length on LAYER met1 = 4408 um.
Total wire length on LAYER met2 = 5680 um.
Total wire length on LAYER met3 = 695 um.
Total wire length on LAYER met4 = 543 um.
Total wire length on LAYER met5 = 0 um.
Total number of vias = 3127.
Up-via summary (total 3127):

-----------------------
 FR_MASTERSLICE       0
            li1    1366
           met1    1522
           met2     175
           met3      64
           met4       0
-----------------------
               3127


[INFO DRT-0198] Complete detail routing.
Total wire length = 11327 um.
Total wire length on LAYER li1 = 0 um.
Total wire length on LAYER met1 = 4408 um.
Total wire length on LAYER met2 = 5680 um.
Total wire length on LAYER met3 = 695 um.
Total wire length on LAYER met4 = 543 um.
Total wire length on LAYER met5 = 0 um.
Total number of vias = 3127.
Up-via summary (total 3127):

-----------------------
 FR_MASTERSLICE       0
            li1    1366
           met1    1522
           met2     175
           met3      64
           met4       0
-----------------------
               3127


[INFO DRT-0267] cpu time = 00:01:19, elapsed time = 00:01:02, memory = 917.54 (MB), peak = 916.13 (MB)

[INFO DRT-0180] Post processing.
[INFO DRT-0501] Runtime: 69.20s
Took 69 seconds: detailed_route -output_drc /gate03e-run-01/reports/sky130hd/gcd/base/5_route_drc.rpt -output_maze /gate03e-run-01/results/sky130hd/gcd/base/maze.log -droute_end_iter 64 -verbose 1 -drc_report_iter_step 5
[INFO GRT-0012] Found 0 antenna violations.
[INFO ANT-0002] Found 0 net violations.
[INFO ANT-0001] Found 0 pin violations.
[INFO ANT-0002] Found 0 net violations.
[INFO ANT-0001] Found 0 pin violations.
Design area 5215 um^2 89% utilization.
write_db /gate03e-run-01/results/sky130hd/gcd/base/5_2_route.odb
Elapsed time: 1:10.37[h:]min:sec. CPU time: user 162.32 sys 1.78 (233%). Peak memory: 938244KB.
Log                       Ext     Elapsed/s Peak Memory/MB sha1sum result [0:20)
5_2_route                 .odb           70            916 6d5cc017240a34e8d125
