
Magic 8.3 revision 311 - Compiled on Thu Jun 16 12:15:12 PDT 2022.
Starting magic under Tcl interpreter
Using the terminal as the console.
Using NULL graphics device.
Processing system .magicrc file
Sourcing design .magicrc for technology sky130A ...
2 Magic internal units = 1 Lambda
Input style sky130(vendor): scaleFactor=2, multiplier=2
The following types are not handled by extraction and will be treated as non-electrical types:
    ubm 
Scaled tech values by 2 / 1 to match internal grid scaling
Loading sky130A Device Generator Menu ...
Using technology "sky130A", version 1.0.291-63-ge829452
Warning: Calma reading is not undoable!  I hope that's OK.
Library written using GDS-II Release 3.0
Library name: sky130_fd_bd_sram__sram_sp_cornerb
Reading "sky130_fd_bd_sram__sram_sp_corner_p1m_serif".
Error while reading cell "sky130_fd_bd_sram__sram_sp_corner_p1m_serif" (byte position 184): Unknown layer/datatype in boundary, layer=33 type=43
Saving contents of cell sky130_fd_bd_sram__sram_sp_corner_p1m_serif
Reading "sky130_fd_bd_sram__sram_sp_corner_ce".
Error while reading cell "sky130_fd_bd_sram__sram_sp_corner_ce" (byte position 1568): Unknown layer/datatype in boundary, layer=92 type=44
Reading "sky130_fd_bd_sram__sram_sp_corner_met2_b".
Saving contents of cell sky130_fd_bd_sram__sram_sp_corner_met2_b
Reading "sky130_fd_bd_sram__sram_sp_cornerb".
Writing 'sky130_fd_bd_sram__sram_sp_corner_ce'
Writing 'sky130_fd_bd_sram__sram_sp_corner_met2_b'
Writing 'sky130_fd_bd_sram__sram_sp_corner_p1m_serif'
Writing 'sky130_fd_bd_sram__sram_sp_cornerb'
Loading DRC CIF style.
__RULE_CSV_BEGIN__
rule,count
"N-well width < 0.84um (nwell.1)",1
"Metal1 overlap of local interconnect contact < 0.03um (met1.4)",3
"Metal1 overlap of local interconnect contact < 0.06um in one direction (met1.5)",5
"Metal2 overlap of Via1 < 0.03um in one direction (met2.5 - met2.4)",2
"poly contact spacing to diffusion < 0.19um (licon.14)",2
"poly spacing to diffusion tap < 0.055um (poly.5)",2
"Deep N-well spacing to N-well < 4.5um (nwell.7)",1
"Via1 width < 0.26um (via.1a + 2 * via.4a)",17
"Metal1 width < 0.14um (met1.1)",8
"N-tap overlap of N-tap contact < 0.12um in one direction (licon.7)",4
"Metal1 overlap of Via1 < 0.03um in one direction (via.5a - via.4a)",5
"N-well overlap of N-tap < 0.18um (diff/tap.10)",35
__RULE_CSV_END__
RULE_TOTAL=85
COUNT_TOTAL_WITH_HIERARCHICAL_DOUBLE_COUNTING=35
The following types are not handled by extraction and will be treated as non-electrical types:
    ubm 
Extraction style is now "ngspice(si)"
Processing sky130_fd_bd_sram__sram_sp_corner_ce
Processing sky130_fd_bd_sram__sram_sp_cornerb
Extracting sky130_fd_bd_sram__sram_sp_corner_ce into sky130_fd_bd_sram__sram_sp_corner_ce.ext:
Extracting sky130_fd_bd_sram__sram_sp_cornerb into sky130_fd_bd_sram__sram_sp_cornerb.ext:
Finished extract
exttospice finished.
Finished ext2spice
