
==========================================================================
global route report_tns
--------------------------------------------------------------------------
tns max -1089.95

==========================================================================
global route report_wns
--------------------------------------------------------------------------
wns max -16.21

==========================================================================
global route report_worst_slack
--------------------------------------------------------------------------
worst slack max -16.21

==========================================================================
global route report_clock_min_period
--------------------------------------------------------------------------
core_clk period_min = 21.21 fmax = 47.14

==========================================================================
global route report_clock_skew
--------------------------------------------------------------------------
Clock core_clk
No launch/capture paths found.


==========================================================================
global route report_checks -path_delay min
--------------------------------------------------------------------------
Startpoint: rstb (input port clocked by core_clk)
Endpoint: u_data (rising edge-triggered flip-flop clocked by core_clk)
Path Group: core_clk
Path Type: min

Fanout     Cap    Slew   Delay    Time   Description
-----------------------------------------------------------------------------
                          0.00    0.00   clock core_clk (rise edge)
                          0.00    0.00   clock network delay (propagated)
                          0.50    0.50 v input external delay
     2    0.07    0.00    0.00    0.50 v rstb (in)
                                         rstb (net)
                  0.01    0.00    0.50 v input100/A (sky130_fd_sc_hd__clkbuf_16)
     3    0.08    0.07    0.16    0.67 v input100/X (sky130_fd_sc_hd__clkbuf_16)
                                         net99 (net)
                  0.07    0.01    0.67 v wire970/A (sky130_fd_sc_hd__buf_16)
     1    0.02    0.03    0.14    0.81 v wire970/X (sky130_fd_sc_hd__buf_16)
                                         net969 (net)
                  0.03    0.00    0.81 v wire2678/A (sky130_fd_sc_hd__buf_16)
     1    0.09    0.06    0.15    0.96 v wire2678/X (sky130_fd_sc_hd__buf_16)
                                         net2677 (net)
                  0.08    0.00    0.97 v u_data/rstb (sram22_256x64m4w8)
                                  0.97   data arrival time

                          0.00    0.00   clock core_clk (rise edge)
                          0.00    0.00   clock source latency
     2    0.08    0.00    0.00    0.00 ^ clk (in)
                                         clk (net)
                  0.01    0.00    0.00 ^ clkbuf_0_clk/A (sky130_fd_sc_hd__clkbuf_16)
     2    0.05    0.07    0.14    0.14 ^ clkbuf_0_clk/X (sky130_fd_sc_hd__clkbuf_16)
                                         clknet_0_clk (net)
                  0.07    0.00    0.14 ^ clkbuf_1_0__f_clk/A (sky130_fd_sc_hd__clkbuf_16)
     2    0.54    0.54    0.48    0.61 ^ clkbuf_1_0__f_clk/X (sky130_fd_sc_hd__clkbuf_16)
                                         clknet_1_0__leaf_clk (net)
                  0.73    0.03    0.65 ^ u_data/clk (sram22_256x64m4w8)
                          0.10    0.75   clock uncertainty
                          0.00    0.75   clock reconvergence pessimism
                          4.90    5.64   library hold time
                                  5.64   data required time
-----------------------------------------------------------------------------
                                  5.64   data required time
                                 -0.97   data arrival time
-----------------------------------------------------------------------------
                                 -4.67   slack (VIOLATED)



==========================================================================
global route report_checks -path_delay max
--------------------------------------------------------------------------
Startpoint: u_data (rising edge-triggered flip-flop clocked by core_clk)
Endpoint: payload_out[50] (output port clocked by core_clk)
Path Group: core_clk
Path Type: max

Fanout     Cap    Slew   Delay    Time   Description
-----------------------------------------------------------------------------
                          0.00    0.00   clock core_clk (rise edge)
                          0.00    0.00   clock source latency
     2    0.08    0.00    0.00    0.00 ^ clk (in)
                                         clk (net)
                  0.01    0.00    0.00 ^ clkbuf_0_clk/A (sky130_fd_sc_hd__clkbuf_16)
     2    0.05    0.07    0.14    0.14 ^ clkbuf_0_clk/X (sky130_fd_sc_hd__clkbuf_16)
                                         clknet_0_clk (net)
                  0.07    0.00    0.14 ^ clkbuf_1_0__f_clk/A (sky130_fd_sc_hd__clkbuf_16)
     2    0.54    0.54    0.48    0.61 ^ clkbuf_1_0__f_clk/X (sky130_fd_sc_hd__clkbuf_16)
                                         clknet_1_0__leaf_clk (net)
                  0.73    0.03    0.65 ^ u_data/clk (sram22_256x64m4w8)
     1    0.01    0.13    3.42    4.06 ^ u_data/dout[0] (sram22_256x64m4w8)
                                         data_dout[0] (net)
                  0.09    0.00    4.06 ^ wire887/A (sky130_fd_sc_hd__clkbuf_1)
     1    0.00    0.06    0.10    4.16 ^ wire887/X (sky130_fd_sc_hd__clkbuf_1)
                                         net886 (net)
                  0.06    0.00    4.16 ^ wire886/A (sky130_fd_sc_hd__clkbuf_1)
     1    0.01    0.15    0.16    4.33 ^ wire886/X (sky130_fd_sc_hd__clkbuf_1)
                                         net885 (net)
                  0.15    0.00    4.33 ^ wire885/A (sky130_fd_sc_hd__clkbuf_2)
     2    0.08    0.40    0.39    4.71 ^ wire885/X (sky130_fd_sc_hd__clkbuf_2)
                                         net884 (net)
                  0.40    0.00    4.72 ^ max_cap884/A (sky130_fd_sc_hd__clkbuf_1)
     2    0.01    0.12    0.19    4.90 ^ max_cap884/X (sky130_fd_sc_hd__clkbuf_1)
                                         net883 (net)
                  0.12    0.00    4.90 ^ _3486_/A (sky130_fd_sc_hd__xnor3_1)
     1    0.01    0.08    0.42    5.33 v _3486_/X (sky130_fd_sc_hd__xnor3_1)
                                         _1549_ (net)
                  0.08    0.00    5.33 v _3487_/C (sky130_fd_sc_hd__xnor3_2)
     1    0.03    0.13    0.32    5.64 v _3487_/X (sky130_fd_sc_hd__xnor3_2)
                                         _1560_ (net)
                  0.13    0.00    5.65 v _3498_/A (sky130_fd_sc_hd__xor2_4)
     3    0.04    0.29    0.33    5.98 ^ _3498_/X (sky130_fd_sc_hd__xor2_4)
                                         _1681_ (net)
                  0.29    0.00    5.98 ^ place4135/A (sky130_fd_sc_hd__buf_6)
     1    0.02    0.05    0.17    6.15 ^ place4135/X (sky130_fd_sc_hd__buf_6)
                                         net4134 (net)
                  0.05    0.00    6.15 ^ _3499_/A (sky130_fd_sc_hd__xor2_4)
     1    0.01    0.14    0.16    6.30 ^ _3499_/X (sky130_fd_sc_hd__xor2_4)
                                         _1692_ (net)
                  0.14    0.00    6.30 ^ place4094/A (sky130_fd_sc_hd__buf_12)
     4    0.04    0.06    0.14    6.44 ^ place4094/X (sky130_fd_sc_hd__buf_12)
                                         net4093 (net)
                  0.06    0.00    6.45 ^ rebuffer4472/A (sky130_fd_sc_hd__buf_4)
     2    0.03    0.08    0.15    6.60 ^ rebuffer4472/X (sky130_fd_sc_hd__buf_4)
                                         net4471 (net)
                  0.08    0.00    6.60 ^ _3798_/A (sky130_fd_sc_hd__xnor3_1)
     1    0.01    0.08    0.41    7.00 v _3798_/X (sky130_fd_sc_hd__xnor3_1)
                                         _3019_ (net)
                  0.08    0.00    7.01 v _3800_/A2 (sky130_fd_sc_hd__o211ai_1)
     1    0.01    0.21    0.22    7.22 ^ _3800_/Y (sky130_fd_sc_hd__o211ai_1)
                                         _3021_ (net)
                  0.21    0.00    7.22 ^ place3896/A (sky130_fd_sc_hd__buf_4)
     2    0.02    0.08    0.19    7.41 ^ place3896/X (sky130_fd_sc_hd__buf_4)
                                         net3895 (net)
                  0.08    0.00    7.41 ^ _3814_/C (sky130_fd_sc_hd__nand3_1)
     2    0.01    0.12    0.12    7.53 v _3814_/Y (sky130_fd_sc_hd__nand3_1)
                                         _3035_ (net)
                  0.12    0.00    7.54 v _3822_/A2 (sky130_fd_sc_hd__a31oi_1)
     2    0.01    0.27    0.30    7.84 ^ _3822_/Y (sky130_fd_sc_hd__a31oi_1)
                                         _3043_ (net)
                  0.27    0.00    7.84 ^ _3823_/B1 (sky130_fd_sc_hd__a211oi_2)
     1    0.00    0.08    0.08    7.92 v _3823_/Y (sky130_fd_sc_hd__a211oi_2)
                                         _3044_ (net)
                  0.08    0.00    7.92 v rebuffer4363/A (sky130_fd_sc_hd__buf_4)
     2    0.02    0.05    0.17    8.09 v rebuffer4363/X (sky130_fd_sc_hd__buf_4)
                                         net4362 (net)
                  0.05    0.00    8.10 v place3694/A (sky130_fd_sc_hd__buf_4)
     2    0.01    0.04    0.14    8.24 v place3694/X (sky130_fd_sc_hd__buf_4)
                                         net3693 (net)
                  0.04    0.00    8.24 v place3693/A (sky130_fd_sc_hd__buf_4)
     4    0.01    0.04    0.14    8.38 v place3693/X (sky130_fd_sc_hd__buf_4)
                                         net3692 (net)
                  0.04    0.00    8.38 v _4047_/A2 (sky130_fd_sc_hd__o21ai_1)
     1    0.01    0.18    0.17    8.55 ^ _4047_/Y (sky130_fd_sc_hd__o21ai_1)
                                         _3268_ (net)
                  0.18    0.00    8.55 ^ _4049_/A (sky130_fd_sc_hd__xor2_1)
     1    0.01    0.25    0.26    8.82 ^ _4049_/X (sky130_fd_sc_hd__xor2_1)
                                         _3270_ (net)
                  0.25    0.00    8.82 ^ _4051_/A (sky130_fd_sc_hd__xnor2_1)
     1    0.01    0.21    0.19    9.00 ^ _4051_/Y (sky130_fd_sc_hd__xnor2_1)
                                         _3272_ (net)
                  0.21    0.00    9.00 ^ place3601/A (sky130_fd_sc_hd__buf_4)
     1    0.03    0.08    0.19    9.19 ^ place3601/X (sky130_fd_sc_hd__buf_4)
                                         net3600 (net)
                  0.08    0.00    9.19 ^ _4052_/B (sky130_fd_sc_hd__xnor2_4)
     1    0.02    0.20    0.14    9.34 ^ _4052_/Y (sky130_fd_sc_hd__xnor2_4)
                                         _3273_ (net)
                  0.20    0.00    9.34 ^ _4066_/B (sky130_fd_sc_hd__xnor2_4)
     1    0.01    0.15    0.15    9.49 ^ _4066_/Y (sky130_fd_sc_hd__xnor2_4)
                                         _3287_ (net)
                  0.15    0.00    9.49 ^ rebuffer4471/A (sky130_fd_sc_hd__buf_12)
     4    0.04    0.06    0.14    9.63 ^ rebuffer4471/X (sky130_fd_sc_hd__buf_12)
                                         net4470 (net)
                  0.06    0.01    9.64 ^ _4128_/C (sky130_fd_sc_hd__xor3_1)
     2    0.01    0.10    0.26    9.89 v _4128_/X (sky130_fd_sc_hd__xor3_1)
                                         _3349_ (net)
                  0.10    0.00    9.89 v _4134_/B2 (sky130_fd_sc_hd__a222oi_1)
     1    0.01    0.38    0.41   10.30 ^ _4134_/Y (sky130_fd_sc_hd__a222oi_1)
                                         _3355_ (net)
                  0.38    0.00   10.30 ^ _4136_/B (sky130_fd_sc_hd__xnor2_1)
     1    0.01    0.17    0.19   10.49 ^ _4136_/Y (sky130_fd_sc_hd__xnor2_1)
                                         _3357_ (net)
                  0.17    0.00   10.49 ^ _4137_/C (sky130_fd_sc_hd__xnor3_2)
     1    0.02    0.11    0.33   10.82 v _4137_/X (sky130_fd_sc_hd__xnor3_2)
                                         _3358_ (net)
                  0.11    0.00   10.82 v place3527/A (sky130_fd_sc_hd__buf_12)
    11    0.06    0.05    0.18   10.99 v place3527/X (sky130_fd_sc_hd__buf_12)
                                         net3526 (net)
                  0.05    0.00   11.00 v _4299_/A (sky130_fd_sc_hd__xnor2_4)
     5    0.02    0.09    0.17   11.16 v _4299_/Y (sky130_fd_sc_hd__xnor2_4)
                                         _0065_ (net)
                  0.09    0.00   11.17 v _4361_/B (sky130_fd_sc_hd__nor2_1)
     1    0.01    0.14    0.14   11.31 ^ _4361_/Y (sky130_fd_sc_hd__nor2_1)
                                         _0127_ (net)
                  0.14    0.00   11.31 ^ _4362_/A (sky130_fd_sc_hd__xnor3_1)
     1    0.01    0.11    0.46   11.77 v _4362_/X (sky130_fd_sc_hd__xnor3_1)
                                         _0128_ (net)
                  0.11    0.00   11.77 v _4363_/B (sky130_fd_sc_hd__xor2_1)
     1    0.01    0.10    0.19   11.96 v _4363_/X (sky130_fd_sc_hd__xor2_1)
                                         _0129_ (net)
                  0.10    0.00   11.96 v _4364_/A (sky130_fd_sc_hd__xnor2_2)
     8    0.04    0.47    0.43   12.39 ^ _4364_/Y (sky130_fd_sc_hd__xnor2_2)
                                         _0130_ (net)
                  0.47    0.00   12.39 ^ _4553_/A (sky130_fd_sc_hd__xor2_1)
     2    0.01    0.23    0.27   12.67 ^ _4553_/X (sky130_fd_sc_hd__xor2_1)
                                         _0319_ (net)
                  0.23    0.00   12.67 ^ _4554_/B (sky130_fd_sc_hd__nor2_1)
     1    0.01    0.07    0.09   12.76 v _4554_/Y (sky130_fd_sc_hd__nor2_1)
                                         _0320_ (net)
                  0.07    0.00   12.76 v _4555_/C (sky130_fd_sc_hd__xnor3_1)
     1    0.01    0.09    0.23   12.98 ^ _4555_/X (sky130_fd_sc_hd__xnor3_1)
                                         _0321_ (net)
                  0.09    0.00   12.98 ^ _4556_/A (sky130_fd_sc_hd__xnor3_2)
     4    0.02    0.12    0.49   13.47 v _4556_/X (sky130_fd_sc_hd__xnor3_2)
                                         _0322_ (net)
                  0.12    0.00   13.47 v place3439/A (sky130_fd_sc_hd__buf_6)
     3    0.02    0.03    0.16   13.63 v place3439/X (sky130_fd_sc_hd__buf_6)
                                         net3438 (net)
                  0.03    0.00   13.63 v _4614_/B (sky130_fd_sc_hd__nor2_1)
     1    0.00    0.09    0.09   13.73 ^ _4614_/Y (sky130_fd_sc_hd__nor2_1)
                                         _0380_ (net)
                  0.09    0.00   13.73 ^ _4674_/A (sky130_fd_sc_hd__xor3_2)
     2    0.02    0.13    0.52   14.24 v _4674_/X (sky130_fd_sc_hd__xor3_2)
                                         _0440_ (net)
                  0.13    0.00   14.24 v _4675_/A (sky130_fd_sc_hd__xor2_4)
     2    0.03    0.25    0.30   14.54 ^ _4675_/X (sky130_fd_sc_hd__xor2_4)
                                         _0441_ (net)
                  0.25    0.00   14.54 ^ place3401/A (sky130_fd_sc_hd__buf_12)
     7    0.10    0.12    0.21   14.75 ^ place3401/X (sky130_fd_sc_hd__buf_12)
                                         net3400 (net)
                  0.12    0.01   14.76 ^ place3395/A (sky130_fd_sc_hd__buf_12)
     6    0.06    0.08    0.15   14.91 ^ place3395/X (sky130_fd_sc_hd__buf_12)
                                         net3394 (net)
                  0.08    0.01   14.92 ^ _5508_/A (sky130_fd_sc_hd__xnor3_1)
     1    0.01    0.10    0.43   15.36 v _5508_/X (sky130_fd_sc_hd__xnor3_1)
                                         _1279_ (net)
                  0.10    0.00   15.36 v _5511_/A (sky130_fd_sc_hd__or3_4)
     1    0.01    0.08    0.42   15.77 v _5511_/X (sky130_fd_sc_hd__or3_4)
                                         _1282_ (net)
                  0.08    0.00   15.77 v _5517_/B (sky130_fd_sc_hd__nor4_4)
     1    0.02    0.34    0.37   16.15 ^ _5517_/Y (sky130_fd_sc_hd__nor4_4)
                                         _1289_ (net)
                  0.34    0.00   16.15 ^ place3101/A (sky130_fd_sc_hd__buf_4)
     2    0.02    0.08    0.22   16.37 ^ place3101/X (sky130_fd_sc_hd__buf_4)
                                         net3100 (net)
                  0.08    0.00   16.37 ^ _5528_/A (sky130_fd_sc_hd__xnor2_4)
     2    0.02    0.20    0.15   16.51 ^ _5528_/Y (sky130_fd_sc_hd__xnor2_4)
                                         _1301_ (net)
                  0.20    0.00   16.51 ^ _5553_/B (sky130_fd_sc_hd__xnor3_2)
     3    0.03    0.13    0.45   16.96 v _5553_/X (sky130_fd_sc_hd__xnor3_2)
                                         _1328_ (net)
                  0.13    0.00   16.96 v rebuffer4385/A (sky130_fd_sc_hd__buf_4)
     1    0.01    0.03    0.17   17.14 v rebuffer4385/X (sky130_fd_sc_hd__buf_4)
                                         net4384 (net)
                  0.03    0.00   17.14 v _5855_/A (sky130_fd_sc_hd__xor2_1)
     2    0.01    0.09    0.18   17.32 v _5855_/X (sky130_fd_sc_hd__xor2_1)
                                         _1661_ (net)
                  0.09    0.00   17.32 v _5944_/A1 (sky130_fd_sc_hd__a32oi_1)
     1    0.01    0.30    0.31   17.63 ^ _5944_/Y (sky130_fd_sc_hd__a32oi_1)
                                         _1759_ (net)
                  0.30    0.00   17.63 ^ _5946_/A0 (sky130_fd_sc_hd__mux2i_1)
     1    0.01    0.10    0.14   17.77 v _5946_/Y (sky130_fd_sc_hd__mux2i_1)
                                         _1761_ (net)
                  0.10    0.00   17.77 v _5983_/A2 (sky130_fd_sc_hd__a2111oi_0)
     1    0.00    0.41    0.47   18.24 ^ _5983_/Y (sky130_fd_sc_hd__a2111oi_0)
                                         _1801_ (net)
                  0.41    0.00   18.24 ^ place2717/A (sky130_fd_sc_hd__buf_4)
     1    0.00    0.04    0.19   18.42 ^ place2717/X (sky130_fd_sc_hd__buf_4)
                                         net2716 (net)
                  0.04    0.00   18.42 ^ _6003_/A (sky130_fd_sc_hd__nand4_1)
     1    0.01    0.15    0.12   18.55 v _6003_/Y (sky130_fd_sc_hd__nand4_1)
                                         _1823_ (net)
                  0.15    0.00   18.55 v _6004_/D1 (sky130_fd_sc_hd__a2111oi_4)
     1    0.00    0.25    0.23   18.78 ^ _6004_/Y (sky130_fd_sc_hd__a2111oi_4)
                                         _1825_ (net)
                  0.25    0.00   18.78 ^ rebuffer4377/A (sky130_fd_sc_hd__buf_4)
     2    0.02    0.07    0.19   18.97 ^ rebuffer4377/X (sky130_fd_sc_hd__buf_4)
                                         net4376 (net)
                  0.07    0.00   18.97 ^ _6005_/C (sky130_fd_sc_hd__nand4b_4)
     2    0.03    0.15    0.16   19.14 v _6005_/Y (sky130_fd_sc_hd__nand4b_4)
                                         _1826_ (net)
                  0.15    0.00   19.14 v _6408_/A1 (sky130_fd_sc_hd__a2111oi_4)
     1    0.01    0.35    0.41   19.54 ^ _6408_/Y (sky130_fd_sc_hd__a2111oi_4)
                                         _2269_ (net)
                  0.35    0.00   19.55 ^ place2699/A (sky130_fd_sc_hd__buf_12)
     8    0.09    0.12    0.21   19.76 ^ place2699/X (sky130_fd_sc_hd__buf_12)
                                         net2698 (net)
                  0.12    0.01   19.77 ^ place2696/A (sky130_fd_sc_hd__buf_12)
     7    0.04    0.06    0.14   19.91 ^ place2696/X (sky130_fd_sc_hd__buf_12)
                                         net2695 (net)
                  0.06    0.00   19.91 ^ split/A (sky130_fd_sc_hd__buf_4)
     5    0.03    0.10    0.16   20.07 ^ split/X (sky130_fd_sc_hd__buf_4)
                                         net4651 (net)
                  0.10    0.00   20.07 ^ _6543_/B1 (sky130_fd_sc_hd__o2111ai_2)
     1    0.01    0.17    0.18   20.25 v _6543_/Y (sky130_fd_sc_hd__o2111ai_2)
                                         _2405_ (net)
                  0.17    0.00   20.25 v _6544_/B (sky130_fd_sc_hd__xnor2_2)
     1    0.01    0.15    0.19   20.44 ^ _6544_/Y (sky130_fd_sc_hd__xnor2_2)
                                         net148 (net)
                  0.15    0.00   20.44 ^ place989/A (sky130_fd_sc_hd__buf_4)
     1    0.02    0.08    0.17   20.61 ^ place989/X (sky130_fd_sc_hd__buf_4)
                                         payload_out[50] (net)
                  0.08    0.00   20.61 ^ payload_out[50] (out)
                                 20.61   data arrival time

                          5.00    5.00   clock core_clk (rise edge)
                          0.00    5.00   clock network delay (propagated)
                         -0.10    4.90   clock uncertainty
                          0.00    4.90   clock reconvergence pessimism
                         -0.50    4.40   output external delay
                                  4.40   data required time
-----------------------------------------------------------------------------
                                  4.40   data required time
                                -20.61   data arrival time
-----------------------------------------------------------------------------
                                -16.21   slack (VIOLATED)



==========================================================================
global route report_checks -unconstrained
--------------------------------------------------------------------------
Startpoint: u_data (rising edge-triggered flip-flop clocked by core_clk)
Endpoint: payload_out[50] (output port clocked by core_clk)
Path Group: core_clk
Path Type: max

Fanout     Cap    Slew   Delay    Time   Description
-----------------------------------------------------------------------------
                          0.00    0.00   clock core_clk (rise edge)
                          0.00    0.00   clock source latency
     2    0.08    0.00    0.00    0.00 ^ clk (in)
                                         clk (net)
                  0.01    0.00    0.00 ^ clkbuf_0_clk/A (sky130_fd_sc_hd__clkbuf_16)
     2    0.05    0.07    0.14    0.14 ^ clkbuf_0_clk/X (sky130_fd_sc_hd__clkbuf_16)
                                         clknet_0_clk (net)
                  0.07    0.00    0.14 ^ clkbuf_1_0__f_clk/A (sky130_fd_sc_hd__clkbuf_16)
     2    0.54    0.54    0.48    0.61 ^ clkbuf_1_0__f_clk/X (sky130_fd_sc_hd__clkbuf_16)
                                         clknet_1_0__leaf_clk (net)
                  0.73    0.03    0.65 ^ u_data/clk (sram22_256x64m4w8)
     1    0.01    0.13    3.42    4.06 ^ u_data/dout[0] (sram22_256x64m4w8)
                                         data_dout[0] (net)
                  0.09    0.00    4.06 ^ wire887/A (sky130_fd_sc_hd__clkbuf_1)
     1    0.00    0.06    0.10    4.16 ^ wire887/X (sky130_fd_sc_hd__clkbuf_1)
                                         net886 (net)
                  0.06    0.00    4.16 ^ wire886/A (sky130_fd_sc_hd__clkbuf_1)
     1    0.01    0.15    0.16    4.33 ^ wire886/X (sky130_fd_sc_hd__clkbuf_1)
                                         net885 (net)
                  0.15    0.00    4.33 ^ wire885/A (sky130_fd_sc_hd__clkbuf_2)
     2    0.08    0.40    0.39    4.71 ^ wire885/X (sky130_fd_sc_hd__clkbuf_2)
                                         net884 (net)
                  0.40    0.00    4.72 ^ max_cap884/A (sky130_fd_sc_hd__clkbuf_1)
     2    0.01    0.12    0.19    4.90 ^ max_cap884/X (sky130_fd_sc_hd__clkbuf_1)
                                         net883 (net)
                  0.12    0.00    4.90 ^ _3486_/A (sky130_fd_sc_hd__xnor3_1)
     1    0.01    0.08    0.42    5.33 v _3486_/X (sky130_fd_sc_hd__xnor3_1)
                                         _1549_ (net)
                  0.08    0.00    5.33 v _3487_/C (sky130_fd_sc_hd__xnor3_2)
     1    0.03    0.13    0.32    5.64 v _3487_/X (sky130_fd_sc_hd__xnor3_2)
                                         _1560_ (net)
                  0.13    0.00    5.65 v _3498_/A (sky130_fd_sc_hd__xor2_4)
     3    0.04    0.29    0.33    5.98 ^ _3498_/X (sky130_fd_sc_hd__xor2_4)
                                         _1681_ (net)
                  0.29    0.00    5.98 ^ place4135/A (sky130_fd_sc_hd__buf_6)
     1    0.02    0.05    0.17    6.15 ^ place4135/X (sky130_fd_sc_hd__buf_6)
                                         net4134 (net)
                  0.05    0.00    6.15 ^ _3499_/A (sky130_fd_sc_hd__xor2_4)
     1    0.01    0.14    0.16    6.30 ^ _3499_/X (sky130_fd_sc_hd__xor2_4)
                                         _1692_ (net)
                  0.14    0.00    6.30 ^ place4094/A (sky130_fd_sc_hd__buf_12)
     4    0.04    0.06    0.14    6.44 ^ place4094/X (sky130_fd_sc_hd__buf_12)
                                         net4093 (net)
                  0.06    0.00    6.45 ^ rebuffer4472/A (sky130_fd_sc_hd__buf_4)
     2    0.03    0.08    0.15    6.60 ^ rebuffer4472/X (sky130_fd_sc_hd__buf_4)
                                         net4471 (net)
                  0.08    0.00    6.60 ^ _3798_/A (sky130_fd_sc_hd__xnor3_1)
     1    0.01    0.08    0.41    7.00 v _3798_/X (sky130_fd_sc_hd__xnor3_1)
                                         _3019_ (net)
                  0.08    0.00    7.01 v _3800_/A2 (sky130_fd_sc_hd__o211ai_1)
     1    0.01    0.21    0.22    7.22 ^ _3800_/Y (sky130_fd_sc_hd__o211ai_1)
                                         _3021_ (net)
                  0.21    0.00    7.22 ^ place3896/A (sky130_fd_sc_hd__buf_4)
     2    0.02    0.08    0.19    7.41 ^ place3896/X (sky130_fd_sc_hd__buf_4)
                                         net3895 (net)
                  0.08    0.00    7.41 ^ _3814_/C (sky130_fd_sc_hd__nand3_1)
     2    0.01    0.12    0.12    7.53 v _3814_/Y (sky130_fd_sc_hd__nand3_1)
                                         _3035_ (net)
                  0.12    0.00    7.54 v _3822_/A2 (sky130_fd_sc_hd__a31oi_1)
     2    0.01    0.27    0.30    7.84 ^ _3822_/Y (sky130_fd_sc_hd__a31oi_1)
                                         _3043_ (net)
                  0.27    0.00    7.84 ^ _3823_/B1 (sky130_fd_sc_hd__a211oi_2)
     1    0.00    0.08    0.08    7.92 v _3823_/Y (sky130_fd_sc_hd__a211oi_2)
                                         _3044_ (net)
                  0.08    0.00    7.92 v rebuffer4363/A (sky130_fd_sc_hd__buf_4)
     2    0.02    0.05    0.17    8.09 v rebuffer4363/X (sky130_fd_sc_hd__buf_4)
                                         net4362 (net)
                  0.05    0.00    8.10 v place3694/A (sky130_fd_sc_hd__buf_4)
     2    0.01    0.04    0.14    8.24 v place3694/X (sky130_fd_sc_hd__buf_4)
                                         net3693 (net)
                  0.04    0.00    8.24 v place3693/A (sky130_fd_sc_hd__buf_4)
     4    0.01    0.04    0.14    8.38 v place3693/X (sky130_fd_sc_hd__buf_4)
                                         net3692 (net)
                  0.04    0.00    8.38 v _4047_/A2 (sky130_fd_sc_hd__o21ai_1)
     1    0.01    0.18    0.17    8.55 ^ _4047_/Y (sky130_fd_sc_hd__o21ai_1)
                                         _3268_ (net)
                  0.18    0.00    8.55 ^ _4049_/A (sky130_fd_sc_hd__xor2_1)
     1    0.01    0.25    0.26    8.82 ^ _4049_/X (sky130_fd_sc_hd__xor2_1)
                                         _3270_ (net)
                  0.25    0.00    8.82 ^ _4051_/A (sky130_fd_sc_hd__xnor2_1)
     1    0.01    0.21    0.19    9.00 ^ _4051_/Y (sky130_fd_sc_hd__xnor2_1)
                                         _3272_ (net)
                  0.21    0.00    9.00 ^ place3601/A (sky130_fd_sc_hd__buf_4)
     1    0.03    0.08    0.19    9.19 ^ place3601/X (sky130_fd_sc_hd__buf_4)
                                         net3600 (net)
                  0.08    0.00    9.19 ^ _4052_/B (sky130_fd_sc_hd__xnor2_4)
     1    0.02    0.20    0.14    9.34 ^ _4052_/Y (sky130_fd_sc_hd__xnor2_4)
                                         _3273_ (net)
                  0.20    0.00    9.34 ^ _4066_/B (sky130_fd_sc_hd__xnor2_4)
     1    0.01    0.15    0.15    9.49 ^ _4066_/Y (sky130_fd_sc_hd__xnor2_4)
                                         _3287_ (net)
                  0.15    0.00    9.49 ^ rebuffer4471/A (sky130_fd_sc_hd__buf_12)
     4    0.04    0.06    0.14    9.63 ^ rebuffer4471/X (sky130_fd_sc_hd__buf_12)
                                         net4470 (net)
                  0.06    0.01    9.64 ^ _4128_/C (sky130_fd_sc_hd__xor3_1)
     2    0.01    0.10    0.26    9.89 v _4128_/X (sky130_fd_sc_hd__xor3_1)
                                         _3349_ (net)
                  0.10    0.00    9.89 v _4134_/B2 (sky130_fd_sc_hd__a222oi_1)
     1    0.01    0.38    0.41   10.30 ^ _4134_/Y (sky130_fd_sc_hd__a222oi_1)
                                         _3355_ (net)
                  0.38    0.00   10.30 ^ _4136_/B (sky130_fd_sc_hd__xnor2_1)
     1    0.01    0.17    0.19   10.49 ^ _4136_/Y (sky130_fd_sc_hd__xnor2_1)
                                         _3357_ (net)
                  0.17    0.00   10.49 ^ _4137_/C (sky130_fd_sc_hd__xnor3_2)
     1    0.02    0.11    0.33   10.82 v _4137_/X (sky130_fd_sc_hd__xnor3_2)
                                         _3358_ (net)
                  0.11    0.00   10.82 v place3527/A (sky130_fd_sc_hd__buf_12)
    11    0.06    0.05    0.18   10.99 v place3527/X (sky130_fd_sc_hd__buf_12)
                                         net3526 (net)
                  0.05    0.00   11.00 v _4299_/A (sky130_fd_sc_hd__xnor2_4)
     5    0.02    0.09    0.17   11.16 v _4299_/Y (sky130_fd_sc_hd__xnor2_4)
                                         _0065_ (net)
                  0.09    0.00   11.17 v _4361_/B (sky130_fd_sc_hd__nor2_1)
     1    0.01    0.14    0.14   11.31 ^ _4361_/Y (sky130_fd_sc_hd__nor2_1)
                                         _0127_ (net)
                  0.14    0.00   11.31 ^ _4362_/A (sky130_fd_sc_hd__xnor3_1)
     1    0.01    0.11    0.46   11.77 v _4362_/X (sky130_fd_sc_hd__xnor3_1)
                                         _0128_ (net)
                  0.11    0.00   11.77 v _4363_/B (sky130_fd_sc_hd__xor2_1)
     1    0.01    0.10    0.19   11.96 v _4363_/X (sky130_fd_sc_hd__xor2_1)
                                         _0129_ (net)
                  0.10    0.00   11.96 v _4364_/A (sky130_fd_sc_hd__xnor2_2)
     8    0.04    0.47    0.43   12.39 ^ _4364_/Y (sky130_fd_sc_hd__xnor2_2)
                                         _0130_ (net)
                  0.47    0.00   12.39 ^ _4553_/A (sky130_fd_sc_hd__xor2_1)
     2    0.01    0.23    0.27   12.67 ^ _4553_/X (sky130_fd_sc_hd__xor2_1)
                                         _0319_ (net)
                  0.23    0.00   12.67 ^ _4554_/B (sky130_fd_sc_hd__nor2_1)
     1    0.01    0.07    0.09   12.76 v _4554_/Y (sky130_fd_sc_hd__nor2_1)
                                         _0320_ (net)
                  0.07    0.00   12.76 v _4555_/C (sky130_fd_sc_hd__xnor3_1)
     1    0.01    0.09    0.23   12.98 ^ _4555_/X (sky130_fd_sc_hd__xnor3_1)
                                         _0321_ (net)
                  0.09    0.00   12.98 ^ _4556_/A (sky130_fd_sc_hd__xnor3_2)
     4    0.02    0.12    0.49   13.47 v _4556_/X (sky130_fd_sc_hd__xnor3_2)
                                         _0322_ (net)
                  0.12    0.00   13.47 v place3439/A (sky130_fd_sc_hd__buf_6)
     3    0.02    0.03    0.16   13.63 v place3439/X (sky130_fd_sc_hd__buf_6)
                                         net3438 (net)
                  0.03    0.00   13.63 v _4614_/B (sky130_fd_sc_hd__nor2_1)
     1    0.00    0.09    0.09   13.73 ^ _4614_/Y (sky130_fd_sc_hd__nor2_1)
                                         _0380_ (net)
                  0.09    0.00   13.73 ^ _4674_/A (sky130_fd_sc_hd__xor3_2)
     2    0.02    0.13    0.52   14.24 v _4674_/X (sky130_fd_sc_hd__xor3_2)
                                         _0440_ (net)
                  0.13    0.00   14.24 v _4675_/A (sky130_fd_sc_hd__xor2_4)
     2    0.03    0.25    0.30   14.54 ^ _4675_/X (sky130_fd_sc_hd__xor2_4)
                                         _0441_ (net)
                  0.25    0.00   14.54 ^ place3401/A (sky130_fd_sc_hd__buf_12)
     7    0.10    0.12    0.21   14.75 ^ place3401/X (sky130_fd_sc_hd__buf_12)
                                         net3400 (net)
                  0.12    0.01   14.76 ^ place3395/A (sky130_fd_sc_hd__buf_12)
     6    0.06    0.08    0.15   14.91 ^ place3395/X (sky130_fd_sc_hd__buf_12)
                                         net3394 (net)
                  0.08    0.01   14.92 ^ _5508_/A (sky130_fd_sc_hd__xnor3_1)
     1    0.01    0.10    0.43   15.36 v _5508_/X (sky130_fd_sc_hd__xnor3_1)
                                         _1279_ (net)
                  0.10    0.00   15.36 v _5511_/A (sky130_fd_sc_hd__or3_4)
     1    0.01    0.08    0.42   15.77 v _5511_/X (sky130_fd_sc_hd__or3_4)
                                         _1282_ (net)
                  0.08    0.00   15.77 v _5517_/B (sky130_fd_sc_hd__nor4_4)
     1    0.02    0.34    0.37   16.15 ^ _5517_/Y (sky130_fd_sc_hd__nor4_4)
                                         _1289_ (net)
                  0.34    0.00   16.15 ^ place3101/A (sky130_fd_sc_hd__buf_4)
     2    0.02    0.08    0.22   16.37 ^ place3101/X (sky130_fd_sc_hd__buf_4)
                                         net3100 (net)
                  0.08    0.00   16.37 ^ _5528_/A (sky130_fd_sc_hd__xnor2_4)
     2    0.02    0.20    0.15   16.51 ^ _5528_/Y (sky130_fd_sc_hd__xnor2_4)
                                         _1301_ (net)
                  0.20    0.00   16.51 ^ _5553_/B (sky130_fd_sc_hd__xnor3_2)
     3    0.03    0.13    0.45   16.96 v _5553_/X (sky130_fd_sc_hd__xnor3_2)
                                         _1328_ (net)
                  0.13    0.00   16.96 v rebuffer4385/A (sky130_fd_sc_hd__buf_4)
     1    0.01    0.03    0.17   17.14 v rebuffer4385/X (sky130_fd_sc_hd__buf_4)
                                         net4384 (net)
                  0.03    0.00   17.14 v _5855_/A (sky130_fd_sc_hd__xor2_1)
     2    0.01    0.09    0.18   17.32 v _5855_/X (sky130_fd_sc_hd__xor2_1)
                                         _1661_ (net)
                  0.09    0.00   17.32 v _5944_/A1 (sky130_fd_sc_hd__a32oi_1)
     1    0.01    0.30    0.31   17.63 ^ _5944_/Y (sky130_fd_sc_hd__a32oi_1)
                                         _1759_ (net)
                  0.30    0.00   17.63 ^ _5946_/A0 (sky130_fd_sc_hd__mux2i_1)
     1    0.01    0.10    0.14   17.77 v _5946_/Y (sky130_fd_sc_hd__mux2i_1)
                                         _1761_ (net)
                  0.10    0.00   17.77 v _5983_/A2 (sky130_fd_sc_hd__a2111oi_0)
     1    0.00    0.41    0.47   18.24 ^ _5983_/Y (sky130_fd_sc_hd__a2111oi_0)
                                         _1801_ (net)
                  0.41    0.00   18.24 ^ place2717/A (sky130_fd_sc_hd__buf_4)
     1    0.00    0.04    0.19   18.42 ^ place2717/X (sky130_fd_sc_hd__buf_4)
                                         net2716 (net)
                  0.04    0.00   18.42 ^ _6003_/A (sky130_fd_sc_hd__nand4_1)
     1    0.01    0.15    0.12   18.55 v _6003_/Y (sky130_fd_sc_hd__nand4_1)
                                         _1823_ (net)
                  0.15    0.00   18.55 v _6004_/D1 (sky130_fd_sc_hd__a2111oi_4)
     1    0.00    0.25    0.23   18.78 ^ _6004_/Y (sky130_fd_sc_hd__a2111oi_4)
                                         _1825_ (net)
                  0.25    0.00   18.78 ^ rebuffer4377/A (sky130_fd_sc_hd__buf_4)
     2    0.02    0.07    0.19   18.97 ^ rebuffer4377/X (sky130_fd_sc_hd__buf_4)
                                         net4376 (net)
                  0.07    0.00   18.97 ^ _6005_/C (sky130_fd_sc_hd__nand4b_4)
     2    0.03    0.15    0.16   19.14 v _6005_/Y (sky130_fd_sc_hd__nand4b_4)
                                         _1826_ (net)
                  0.15    0.00   19.14 v _6408_/A1 (sky130_fd_sc_hd__a2111oi_4)
     1    0.01    0.35    0.41   19.54 ^ _6408_/Y (sky130_fd_sc_hd__a2111oi_4)
                                         _2269_ (net)
                  0.35    0.00   19.55 ^ place2699/A (sky130_fd_sc_hd__buf_12)
     8    0.09    0.12    0.21   19.76 ^ place2699/X (sky130_fd_sc_hd__buf_12)
                                         net2698 (net)
                  0.12    0.01   19.77 ^ place2696/A (sky130_fd_sc_hd__buf_12)
     7    0.04    0.06    0.14   19.91 ^ place2696/X (sky130_fd_sc_hd__buf_12)
                                         net2695 (net)
                  0.06    0.00   19.91 ^ split/A (sky130_fd_sc_hd__buf_4)
     5    0.03    0.10    0.16   20.07 ^ split/X (sky130_fd_sc_hd__buf_4)
                                         net4651 (net)
                  0.10    0.00   20.07 ^ _6543_/B1 (sky130_fd_sc_hd__o2111ai_2)
     1    0.01    0.17    0.18   20.25 v _6543_/Y (sky130_fd_sc_hd__o2111ai_2)
                                         _2405_ (net)
                  0.17    0.00   20.25 v _6544_/B (sky130_fd_sc_hd__xnor2_2)
     1    0.01    0.15    0.19   20.44 ^ _6544_/Y (sky130_fd_sc_hd__xnor2_2)
                                         net148 (net)
                  0.15    0.00   20.44 ^ place989/A (sky130_fd_sc_hd__buf_4)
     1    0.02    0.08    0.17   20.61 ^ place989/X (sky130_fd_sc_hd__buf_4)
                                         payload_out[50] (net)
                  0.08    0.00   20.61 ^ payload_out[50] (out)
                                 20.61   data arrival time

                          5.00    5.00   clock core_clk (rise edge)
                          0.00    5.00   clock network delay (propagated)
                         -0.10    4.90   clock uncertainty
                          0.00    4.90   clock reconvergence pessimism
                         -0.50    4.40   output external delay
                                  4.40   data required time
-----------------------------------------------------------------------------
                                  4.40   data required time
                                -20.61   data arrival time
-----------------------------------------------------------------------------
                                -16.21   slack (VIOLATED)



==========================================================================
global route report_check_types -max_slew -max_cap -max_fanout -violators
--------------------------------------------------------------------------
max slew

Pin                                    Limit    Slew   Slack
------------------------------------------------------------
u_data/dout[4]                          0.04    0.58   -0.54 (VIOLATED)
u_data/dout[7]                          0.04    0.54   -0.50 (VIOLATED)
u_data/clk                              0.35    0.73   -0.38 (VIOLATED)
u_ecc0/clk                              0.35    0.73   -0.38 (VIOLATED)
u_data/dout[21]                         0.04    0.39   -0.35 (VIOLATED)
u_data/dout[31]                         0.04    0.36   -0.32 (VIOLATED)
u_data/dout[12]                         0.04    0.36   -0.32 (VIOLATED)
u_ecc0/dout[1]                          0.04    0.36   -0.32 (VIOLATED)
u_data/dout[9]                          0.04    0.33   -0.29 (VIOLATED)
u_data/dout[23]                         0.04    0.32   -0.28 (VIOLATED)
u_data/dout[14]                         0.04    0.32   -0.28 (VIOLATED)
u_data/rstb                             0.35    0.63   -0.28 (VIOLATED)
u_data/dout[8]                          0.04    0.31   -0.27 (VIOLATED)
u_data/dout[20]                         0.04    0.28   -0.24 (VIOLATED)
u_data/dout[10]                         0.04    0.27   -0.23 (VIOLATED)
_4568_/B                                0.60    0.82   -0.22 (VIOLATED)
place4153/A                             0.60    0.82   -0.22 (VIOLATED)
_4567_/Y                                0.60    0.82   -0.22 (VIOLATED)
u_data/dout[59]                         0.04    0.25   -0.21 (VIOLATED)
u_ecc1/addr[3]                          0.35    0.56   -0.20 (VIOLATED)
u_ecc0/dout[5]                          0.04    0.24   -0.20 (VIOLATED)
u_ecc1/addr[7]                          0.35    0.55   -0.20 (VIOLATED)
u_ecc1/addr[6]                          0.35    0.54   -0.19 (VIOLATED)
u_data/dout[16]                         0.04    0.22   -0.18 (VIOLATED)
u_ecc1/dout[2]                          0.04    0.22   -0.18 (VIOLATED)
u_data/dout[48]                         0.04    0.22   -0.18 (VIOLATED)
u_data/dout[52]                         0.04    0.22   -0.18 (VIOLATED)
u_data/dout[55]                         0.04    0.22   -0.18 (VIOLATED)
u_data/dout[18]                         0.04    0.21   -0.17 (VIOLATED)
u_data/dout[17]                         0.04    0.21   -0.17 (VIOLATED)
u_data/dout[15]                         0.04    0.21   -0.17 (VIOLATED)
u_ecc0/dout[6]                          0.04    0.21   -0.17 (VIOLATED)
u_data/dout[51]                         0.04    0.21   -0.17 (VIOLATED)
u_data/dout[13]                         0.04    0.21   -0.17 (VIOLATED)
u_data/dout[11]                         0.04    0.20   -0.16 (VIOLATED)
u_data/dout[56]                         0.04    0.20   -0.16 (VIOLATED)
u_data/dout[42]                         0.04    0.20   -0.16 (VIOLATED)
u_data/dout[53]                         0.04    0.20   -0.16 (VIOLATED)
u_data/dout[44]                         0.04    0.20   -0.16 (VIOLATED)
u_data/dout[22]                         0.04    0.19   -0.15 (VIOLATED)
u_data/dout[50]                         0.04    0.19   -0.15 (VIOLATED)
u_data/dout[36]                         0.04    0.19   -0.15 (VIOLATED)
u_data/dout[5]                          0.04    0.19   -0.15 (VIOLATED)
u_ecc1/addr[5]                          0.35    0.50   -0.15 (VIOLATED)
u_ecc1/dout[1]                          0.04    0.19   -0.15 (VIOLATED)
u_ecc1/dout[4]                          0.04    0.19   -0.15 (VIOLATED)
u_data/dout[61]                         0.04    0.19   -0.15 (VIOLATED)
u_data/dout[54]                         0.04    0.19   -0.15 (VIOLATED)
u_data/dout[58]                         0.04    0.19   -0.15 (VIOLATED)
u_data/dout[49]                         0.04    0.19   -0.15 (VIOLATED)
max_cap573/A                            0.60    0.75   -0.15 (VIOLATED)
_4463_/A                                0.60    0.75   -0.15 (VIOLATED)
wire574/X                               0.60    0.74   -0.14 (VIOLATED)
u_data/dout[32]                         0.04    0.18   -0.14 (VIOLATED)
u_data/dout[27]                         0.04    0.18   -0.14 (VIOLATED)
u_ecc0/dout[4]                          0.04    0.18   -0.14 (VIOLATED)
u_data/dout[25]                         0.04    0.18   -0.14 (VIOLATED)
u_data/dout[19]                         0.04    0.18   -0.14 (VIOLATED)
u_data/dout[35]                         0.04    0.18   -0.14 (VIOLATED)
u_data/dout[41]                         0.04    0.18   -0.14 (VIOLATED)
u_data/dout[33]                         0.04    0.18   -0.14 (VIOLATED)
u_data/dout[62]                         0.04    0.18   -0.14 (VIOLATED)
u_ecc1/dout[5]                          0.04    0.18   -0.14 (VIOLATED)
u_ecc1/addr[0]                          0.35    0.49   -0.13 (VIOLATED)
u_ecc1/addr[4]                          0.35    0.48   -0.13 (VIOLATED)
u_data/dout[24]                         0.04    0.17   -0.13 (VIOLATED)
u_ecc0/dout[7]                          0.04    0.17   -0.13 (VIOLATED)
u_data/dout[26]                         0.04    0.17   -0.13 (VIOLATED)
u_data/dout[38]                         0.04    0.17   -0.13 (VIOLATED)
u_data/dout[34]                         0.04    0.17   -0.13 (VIOLATED)
u_data/dout[28]                         0.04    0.17   -0.13 (VIOLATED)
u_data/dout[30]                         0.04    0.17   -0.13 (VIOLATED)
u_data/dout[60]                         0.04    0.16   -0.12 (VIOLATED)
u_data/dout[63]                         0.04    0.16   -0.12 (VIOLATED)
u_data/dout[29]                         0.04    0.16   -0.12 (VIOLATED)
u_ecc1/addr[2]                          0.35    0.47   -0.12 (VIOLATED)
u_ecc1/dout[0]                          0.04    0.16   -0.12 (VIOLATED)
u_data/dout[45]                         0.04    0.16   -0.12 (VIOLATED)
u_data/dout[43]                         0.04    0.16   -0.12 (VIOLATED)
u_data/dout[40]                         0.04    0.15   -0.11 (VIOLATED)
u_data/dout[46]                         0.04    0.15   -0.11 (VIOLATED)
u_data/dout[57]                         0.04    0.15   -0.11 (VIOLATED)
u_data/dout[39]                         0.04    0.15   -0.11 (VIOLATED)
u_data/dout[37]                         0.04    0.15   -0.11 (VIOLATED)
u_data/dout[47]                         0.04    0.14   -0.10 (VIOLATED)
u_ecc1/dout[3]                          0.04    0.14   -0.10 (VIOLATED)
u_ecc0/dout[2]                          0.04    0.14   -0.10 (VIOLATED)
u_data/dout[6]                          0.04    0.13   -0.09 (VIOLATED)
u_data/dout[2]                          0.04    0.13   -0.09 (VIOLATED)
u_ecc0/dout[3]                          0.04    0.13   -0.09 (VIOLATED)
u_data/dout[3]                          0.04    0.13   -0.09 (VIOLATED)
u_data/dout[0]                          0.04    0.13   -0.09 (VIOLATED)
u_data/dout[1]                          0.04    0.13   -0.09 (VIOLATED)
u_ecc0/dout[0]                          0.04    0.11   -0.07 (VIOLATED)
max_cap794/A                            0.60    0.66   -0.06 (VIOLATED)
max_cap795/A                            0.60    0.66   -0.06 (VIOLATED)
_4462_/A                                0.60    0.66   -0.06 (VIOLATED)
max_cap796/X                            0.60    0.66   -0.06 (VIOLATED)
u_ecc1/dout[6]                          0.04    0.09   -0.05 (VIOLATED)
u_ecc1/dout[7]                          0.04    0.09   -0.05 (VIOLATED)
u_ecc1/addr[1]                          0.35    0.40   -0.05 (VIOLATED)
_3632_/A                                0.60    0.64   -0.04 (VIOLATED)
max_cap859/A                            0.60    0.64   -0.04 (VIOLATED)
max_cap860/X                            0.60    0.64   -0.04 (VIOLATED)
place3925/A                             0.60    0.64   -0.04 (VIOLATED)
_4511_/C                                0.60    0.64   -0.04 (VIOLATED)
_4510_/Y                                0.60    0.64   -0.04 (VIOLATED)
u_ecc1/rstb                             0.35    0.39   -0.04 (VIOLATED)
max_cap577/A                            0.60    0.63   -0.03 (VIOLATED)
_3633_/A                                0.60    0.63   -0.03 (VIOLATED)
wire578/X                               0.60    0.63   -0.03 (VIOLATED)
_6351_/A                                0.60    0.62   -0.02 (VIOLATED)
place3006/A                             0.60    0.62   -0.02 (VIOLATED)
_6010_/Y                                0.60    0.62   -0.02 (VIOLATED)
place3839/A                             0.60    0.62   -0.02 (VIOLATED)
_5323_/B                                0.60    0.62   -0.02 (VIOLATED)
place3840/A                             0.60    0.62   -0.02 (VIOLATED)
_5283_/B                                0.60    0.62   -0.02 (VIOLATED)
_5352_/C                                0.60    0.62   -0.02 (VIOLATED)
_5250_/Y                                0.60    0.62   -0.02 (VIOLATED)
u_ecc1/ce                               0.35    0.37   -0.02 (VIOLATED)
u_ecc1/we                               0.35    0.36   -0.01 (VIOLATED)
u_ecc0/rstb                             0.35    0.36   -0.01 (VIOLATED)


==========================================================================
global route max_slew_check_slack
--------------------------------------------------------------------------
-0.5445016622543335

==========================================================================
global route max_slew_check_limit
--------------------------------------------------------------------------
0.03999999910593033

==========================================================================
global route max_slew_check_slack_limit
--------------------------------------------------------------------------
-13.6125

==========================================================================
global route max_fanout_check_slack
--------------------------------------------------------------------------
1.0000000150474662e+30

==========================================================================
global route max_fanout_check_limit
--------------------------------------------------------------------------
1.0000000150474662e+30

==========================================================================
global route max_capacitance_check_slack
--------------------------------------------------------------------------
0.01679242216050625

==========================================================================
global route max_capacitance_check_limit
--------------------------------------------------------------------------
0.021067000925540924

==========================================================================
global route max_capacitance_check_slack_limit
--------------------------------------------------------------------------
0.7971

==========================================================================
global route max_slew_violation_count
--------------------------------------------------------------------------
max slew violation count 123

==========================================================================
global route max_fanout_violation_count
--------------------------------------------------------------------------
max fanout violation count 0

==========================================================================
global route max_cap_violation_count
--------------------------------------------------------------------------
max cap violation count 0

==========================================================================
global route setup_violation_count
--------------------------------------------------------------------------
setup violation count 80

==========================================================================
global route hold_violation_count
--------------------------------------------------------------------------
hold violation count 5

==========================================================================
global route report_checks -path_delay max reg to reg
--------------------------------------------------------------------------
No paths found.

==========================================================================
global route report_checks -path_delay min reg to reg
--------------------------------------------------------------------------
No paths found.

==========================================================================
global route critical path target clock latency max path
--------------------------------------------------------------------------
0.3579

==========================================================================
global route critical path target clock latency min path
--------------------------------------------------------------------------
0.6450

==========================================================================
global route critical path source clock latency min path
--------------------------------------------------------------------------
0.0000

==========================================================================
global route critical path delay
--------------------------------------------------------------------------
20.6148

==========================================================================
global route critical path slack
--------------------------------------------------------------------------
-16.2148

==========================================================================
global route slack div critical path delay
--------------------------------------------------------------------------
-78.656111

==========================================================================
global route report_power
--------------------------------------------------------------------------
Group                  Internal  Switching    Leakage      Total
                          Power      Power      Power      Power (Watts)
----------------------------------------------------------------
Sequential             0.00e+00   0.00e+00   0.00e+00   0.00e+00   0.0%
Combinational          5.07e-02   5.46e-02   2.29e-08   1.05e-01  96.8%
Clock                  1.23e-04   5.17e-04   4.85e-11   6.40e-04   0.6%
Macro                  2.87e-03   0.00e+00   8.19e-07   2.87e-03   2.6%
Pad                    0.00e+00   0.00e+00   0.00e+00   0.00e+00   0.0%
----------------------------------------------------------------
Total                  5.37e-02   5.51e-02   8.42e-07   1.09e-01 100.0%
                          49.4%      50.6%       0.0%
