
==========================================================================
detailed place report_tns
--------------------------------------------------------------------------
tns max 0.00

==========================================================================
detailed place report_wns
--------------------------------------------------------------------------
wns max 0.00

==========================================================================
detailed place report_worst_slack
--------------------------------------------------------------------------
worst slack max 0.75

==========================================================================
detailed place report_clock_min_period
--------------------------------------------------------------------------
core_clk period_min = 9.25 fmax = 108.17

==========================================================================
detailed place report_checks -path_delay min
--------------------------------------------------------------------------
Startpoint: rstb (input port clocked by core_clk)
Endpoint: u_protected_memory.u_data
          (rising edge-triggered flip-flop clocked by core_clk)
Path Group: core_clk
Path Type: min

Fanout     Cap    Slew   Delay    Time   Description
-----------------------------------------------------------------------------
                  0.00    0.00    0.00   clock core_clk (rise edge)
                          0.00    0.00   clock network delay (ideal)
                          0.50    0.50 v input external delay
     1    0.03    0.00    0.00    0.50 v rstb (in)
                                         rstb (net)
                  0.00    0.00    0.50 v input90/A (sky130_fd_sc_hd__clkbuf_16)
     2    0.03    0.04    0.14    0.64 v input90/X (sky130_fd_sc_hd__clkbuf_16)
                                         net89 (net)
                  0.04    0.00    0.64 v wire300/A (sky130_fd_sc_hd__buf_16)
     1    0.02    0.03    0.12    0.76 v wire300/X (sky130_fd_sc_hd__buf_16)
                                         net299 (net)
                  0.03    0.00    0.77 v wire602/A (sky130_fd_sc_hd__buf_16)
     1    0.03    0.04    0.13    0.89 v wire602/X (sky130_fd_sc_hd__buf_16)
                                         net601 (net)
                  0.04    0.00    0.89 v wire756/A (sky130_fd_sc_hd__buf_16)
     1    0.08    0.06    0.15    1.05 v wire756/X (sky130_fd_sc_hd__buf_16)
                                         net755 (net)
                  0.08    0.00    1.05 v u_protected_memory.u_data/rstb (sram22_256x64m4w8)
                                  1.05   data arrival time

                  0.00    0.00    0.00   clock core_clk (rise edge)
                          0.00    0.00   clock network delay (ideal)
                          0.10    0.10   clock uncertainty
                          0.00    0.10   clock reconvergence pessimism
                                  0.10 ^ u_protected_memory.u_data/clk (sram22_256x64m4w8)
                          4.87    4.97   library hold time
                                  4.97   data required time
-----------------------------------------------------------------------------
                                  4.97   data required time
                                 -1.05   data arrival time
-----------------------------------------------------------------------------
                                 -3.92   slack (VIOLATED)



==========================================================================
detailed place report_checks -path_delay max
--------------------------------------------------------------------------
Startpoint: u_protected_memory.u_data
            (rising edge-triggered flip-flop clocked by core_clk)
Endpoint: correction_applied (output port clocked by core_clk)
Path Group: core_clk
Path Type: max

Fanout     Cap    Slew   Delay    Time   Description
-----------------------------------------------------------------------------
                  0.00    0.00    0.00   clock core_clk (rise edge)
                          0.00    0.00   clock network delay (ideal)
                  0.00    0.00    0.00 ^ u_protected_memory.u_data/clk (sram22_256x64m4w8)
     2    0.04    0.30    3.47    3.47 ^ u_protected_memory.u_data/dout[59] (sram22_256x64m4w8)
                                         u_protected_memory.data_dout[59] (net)
                  0.23    0.00    3.47 ^ max_cap767/A (sky130_fd_sc_hd__clkdlybuf4s50_1)
     1    0.00    0.04    0.52    3.99 ^ max_cap767/X (sky130_fd_sc_hd__clkdlybuf4s50_1)
                                         net766 (net)
                  0.04    0.00    3.99 ^ max_cap192/A (sky130_fd_sc_hd__clkdlybuf4s25_1)
     1    0.01    0.07    0.27    4.26 ^ max_cap192/X (sky130_fd_sc_hd__clkdlybuf4s25_1)
                                         net191 (net)
                  0.07    0.00    4.26 ^ _470_/B (sky130_fd_sc_hd__xor2_1)
     2    0.02    0.47    0.41    4.66 ^ _470_/X (sky130_fd_sc_hd__xor2_1)
                                         _012_ (net)
                  0.47    0.00    4.66 ^ _569_/A (sky130_fd_sc_hd__xnor3_1)
     1    0.01    0.09    0.52    5.18 v _569_/X (sky130_fd_sc_hd__xnor3_1)
                                         _111_ (net)
                  0.09    0.00    5.18 v _570_/C (sky130_fd_sc_hd__xnor3_1)
     2    0.04    0.40    0.48    5.66 ^ _570_/X (sky130_fd_sc_hd__xnor3_1)
                                         _112_ (net)
                  0.40    0.00    5.66 ^ _596_/A (sky130_fd_sc_hd__xor2_4)
    10    0.05    0.40    0.40    6.06 ^ _596_/X (sky130_fd_sc_hd__xor2_4)
                                         _136_ (net)
                  0.40    0.00    6.06 ^ _609_/C (sky130_fd_sc_hd__nor4_2)
     2    0.01    0.11    0.12    6.18 v _609_/Y (sky130_fd_sc_hd__nor4_2)
                                         _147_ (net)
                  0.11    0.00    6.18 v _784_/A1 (sky130_fd_sc_hd__o31ai_1)
     1    0.01    0.32    0.36    6.54 ^ _784_/Y (sky130_fd_sc_hd__o31ai_1)
                                         _263_ (net)
                  0.32    0.00    6.54 ^ place637/A (sky130_fd_sc_hd__buf_4)
     1    0.01    0.05    0.19    6.73 ^ place637/X (sky130_fd_sc_hd__buf_4)
                                         net636 (net)
                  0.05    0.00    6.73 ^ _789_/B1 (sky130_fd_sc_hd__o311ai_2)
     1    0.01    0.11    0.11    6.84 v _789_/Y (sky130_fd_sc_hd__o311ai_2)
                                         _268_ (net)
                  0.11    0.00    6.84 v _795_/A (sky130_fd_sc_hd__nor3_1)
     1    0.00    0.18    0.23    7.07 ^ _795_/Y (sky130_fd_sc_hd__nor3_1)
                                         _274_ (net)
                  0.18    0.00    7.07 ^ place608/A (sky130_fd_sc_hd__buf_4)
     1    0.01    0.03    0.14    7.21 ^ place608/X (sky130_fd_sc_hd__buf_4)
                                         net607 (net)
                  0.03    0.00    7.21 ^ _814_/B (sky130_fd_sc_hd__nand4_1)
     1    0.02    0.25    0.21    7.42 v _814_/Y (sky130_fd_sc_hd__nand4_1)
                                         _293_ (net)
                  0.25    0.00    7.42 v place606/A (sky130_fd_sc_hd__buf_4)
     2    0.02    0.04    0.24    7.66 v place606/X (sky130_fd_sc_hd__buf_4)
                                         net605 (net)
                  0.04    0.00    7.66 v _850_/A (sky130_fd_sc_hd__or2_1)
     1    0.03    0.18    0.35    8.02 v _850_/X (sky130_fd_sc_hd__or2_1)
                                         net91 (net)
                  0.18    0.00    8.02 v output92/A (sky130_fd_sc_hd__clkdlybuf4s50_1)
     1    0.03    0.21    0.62    8.64 v output92/X (sky130_fd_sc_hd__clkdlybuf4s50_1)
                                         correction_applied (net)
                  0.21    0.00    8.65 v correction_applied (out)
                                  8.65   data arrival time

                  0.00   10.00   10.00   clock core_clk (rise edge)
                          0.00   10.00   clock network delay (ideal)
                         -0.10    9.90   clock uncertainty
                          0.00    9.90   clock reconvergence pessimism
                         -0.50    9.40   output external delay
                                  9.40   data required time
-----------------------------------------------------------------------------
                                  9.40   data required time
                                 -8.65   data arrival time
-----------------------------------------------------------------------------
                                  0.75   slack (MET)



==========================================================================
detailed place report_checks -unconstrained
--------------------------------------------------------------------------
Startpoint: u_protected_memory.u_data
            (rising edge-triggered flip-flop clocked by core_clk)
Endpoint: correction_applied (output port clocked by core_clk)
Path Group: core_clk
Path Type: max

Fanout     Cap    Slew   Delay    Time   Description
-----------------------------------------------------------------------------
                  0.00    0.00    0.00   clock core_clk (rise edge)
                          0.00    0.00   clock network delay (ideal)
                  0.00    0.00    0.00 ^ u_protected_memory.u_data/clk (sram22_256x64m4w8)
     2    0.04    0.30    3.47    3.47 ^ u_protected_memory.u_data/dout[59] (sram22_256x64m4w8)
                                         u_protected_memory.data_dout[59] (net)
                  0.23    0.00    3.47 ^ max_cap767/A (sky130_fd_sc_hd__clkdlybuf4s50_1)
     1    0.00    0.04    0.52    3.99 ^ max_cap767/X (sky130_fd_sc_hd__clkdlybuf4s50_1)
                                         net766 (net)
                  0.04    0.00    3.99 ^ max_cap192/A (sky130_fd_sc_hd__clkdlybuf4s25_1)
     1    0.01    0.07    0.27    4.26 ^ max_cap192/X (sky130_fd_sc_hd__clkdlybuf4s25_1)
                                         net191 (net)
                  0.07    0.00    4.26 ^ _470_/B (sky130_fd_sc_hd__xor2_1)
     2    0.02    0.47    0.41    4.66 ^ _470_/X (sky130_fd_sc_hd__xor2_1)
                                         _012_ (net)
                  0.47    0.00    4.66 ^ _569_/A (sky130_fd_sc_hd__xnor3_1)
     1    0.01    0.09    0.52    5.18 v _569_/X (sky130_fd_sc_hd__xnor3_1)
                                         _111_ (net)
                  0.09    0.00    5.18 v _570_/C (sky130_fd_sc_hd__xnor3_1)
     2    0.04    0.40    0.48    5.66 ^ _570_/X (sky130_fd_sc_hd__xnor3_1)
                                         _112_ (net)
                  0.40    0.00    5.66 ^ _596_/A (sky130_fd_sc_hd__xor2_4)
    10    0.05    0.40    0.40    6.06 ^ _596_/X (sky130_fd_sc_hd__xor2_4)
                                         _136_ (net)
                  0.40    0.00    6.06 ^ _609_/C (sky130_fd_sc_hd__nor4_2)
     2    0.01    0.11    0.12    6.18 v _609_/Y (sky130_fd_sc_hd__nor4_2)
                                         _147_ (net)
                  0.11    0.00    6.18 v _784_/A1 (sky130_fd_sc_hd__o31ai_1)
     1    0.01    0.32    0.36    6.54 ^ _784_/Y (sky130_fd_sc_hd__o31ai_1)
                                         _263_ (net)
                  0.32    0.00    6.54 ^ place637/A (sky130_fd_sc_hd__buf_4)
     1    0.01    0.05    0.19    6.73 ^ place637/X (sky130_fd_sc_hd__buf_4)
                                         net636 (net)
                  0.05    0.00    6.73 ^ _789_/B1 (sky130_fd_sc_hd__o311ai_2)
     1    0.01    0.11    0.11    6.84 v _789_/Y (sky130_fd_sc_hd__o311ai_2)
                                         _268_ (net)
                  0.11    0.00    6.84 v _795_/A (sky130_fd_sc_hd__nor3_1)
     1    0.00    0.18    0.23    7.07 ^ _795_/Y (sky130_fd_sc_hd__nor3_1)
                                         _274_ (net)
                  0.18    0.00    7.07 ^ place608/A (sky130_fd_sc_hd__buf_4)
     1    0.01    0.03    0.14    7.21 ^ place608/X (sky130_fd_sc_hd__buf_4)
                                         net607 (net)
                  0.03    0.00    7.21 ^ _814_/B (sky130_fd_sc_hd__nand4_1)
     1    0.02    0.25    0.21    7.42 v _814_/Y (sky130_fd_sc_hd__nand4_1)
                                         _293_ (net)
                  0.25    0.00    7.42 v place606/A (sky130_fd_sc_hd__buf_4)
     2    0.02    0.04    0.24    7.66 v place606/X (sky130_fd_sc_hd__buf_4)
                                         net605 (net)
                  0.04    0.00    7.66 v _850_/A (sky130_fd_sc_hd__or2_1)
     1    0.03    0.18    0.35    8.02 v _850_/X (sky130_fd_sc_hd__or2_1)
                                         net91 (net)
                  0.18    0.00    8.02 v output92/A (sky130_fd_sc_hd__clkdlybuf4s50_1)
     1    0.03    0.21    0.62    8.64 v output92/X (sky130_fd_sc_hd__clkdlybuf4s50_1)
                                         correction_applied (net)
                  0.21    0.00    8.65 v correction_applied (out)
                                  8.65   data arrival time

                  0.00   10.00   10.00   clock core_clk (rise edge)
                          0.00   10.00   clock network delay (ideal)
                         -0.10    9.90   clock uncertainty
                          0.00    9.90   clock reconvergence pessimism
                         -0.50    9.40   output external delay
                                  9.40   data required time
-----------------------------------------------------------------------------
                                  9.40   data required time
                                 -8.65   data arrival time
-----------------------------------------------------------------------------
                                  0.75   slack (MET)



==========================================================================
detailed place report_check_types -max_slew -max_cap -max_fanout -violators
--------------------------------------------------------------------------
max slew

Pin                                    Limit    Slew   Slack
------------------------------------------------------------
u_protected_memory.u_ecc/dout[1]        0.04    0.43   -0.39 (VIOLATED)
u_protected_memory.u_ecc/dout[4]        0.04    0.41   -0.37 (VIOLATED)
u_protected_memory.u_ecc/dout[2]        0.04    0.41   -0.37 (VIOLATED)
u_protected_memory.u_data/dout[57]      0.04    0.37   -0.33 (VIOLATED)
u_protected_memory.u_ecc/dout[5]        0.04    0.36   -0.32 (VIOLATED)
u_protected_memory.u_data/dout[62]      0.04    0.36   -0.32 (VIOLATED)
u_protected_memory.u_data/dout[3]       0.04    0.36   -0.32 (VIOLATED)
u_protected_memory.u_ecc/dout[3]        0.04    0.35   -0.31 (VIOLATED)
u_protected_memory.u_data/dout[63]      0.04    0.35   -0.31 (VIOLATED)
u_protected_memory.u_data/dout[60]      0.04    0.34   -0.30 (VIOLATED)
u_protected_memory.u_ecc/dout[7]        0.04    0.34   -0.30 (VIOLATED)
u_protected_memory.u_data/dout[61]      0.04    0.33   -0.29 (VIOLATED)
u_protected_memory.u_ecc/dout[6]        0.04    0.33   -0.29 (VIOLATED)
u_protected_memory.u_data/dout[2]       0.04    0.33   -0.29 (VIOLATED)
u_protected_memory.u_data/rstb          0.35    0.62   -0.27 (VIOLATED)
u_protected_memory.u_data/dout[8]       0.04    0.30   -0.26 (VIOLATED)
u_protected_memory.u_data/dout[59]      0.04    0.30   -0.26 (VIOLATED)
u_protected_memory.u_data/dout[10]      0.04    0.30   -0.26 (VIOLATED)
u_protected_memory.u_data/dout[5]       0.04    0.30   -0.26 (VIOLATED)
u_protected_memory.u_data/dout[6]       0.04    0.28   -0.24 (VIOLATED)
u_protected_memory.u_ecc/dout[0]        0.04    0.28   -0.24 (VIOLATED)
u_protected_memory.u_data/dout[7]       0.04    0.27   -0.23 (VIOLATED)
u_protected_memory.u_data/dout[55]      0.04    0.27   -0.23 (VIOLATED)
u_protected_memory.u_data/dout[17]      0.04    0.27   -0.23 (VIOLATED)
u_protected_memory.u_data/dout[19]      0.04    0.27   -0.23 (VIOLATED)
u_protected_memory.u_data/dout[12]      0.04    0.26   -0.22 (VIOLATED)
u_protected_memory.u_data/dout[9]       0.04    0.26   -0.22 (VIOLATED)
u_protected_memory.u_data/dout[16]      0.04    0.26   -0.22 (VIOLATED)
u_protected_memory.u_data/dout[47]      0.04    0.24   -0.20 (VIOLATED)
u_protected_memory.u_data/dout[39]      0.04    0.24   -0.20 (VIOLATED)
u_protected_memory.u_data/dout[26]      0.04    0.24   -0.20 (VIOLATED)
u_protected_memory.u_data/dout[52]      0.04    0.24   -0.20 (VIOLATED)
u_protected_memory.u_data/dout[15]      0.04    0.24   -0.20 (VIOLATED)
u_protected_memory.u_data/dout[11]      0.04    0.24   -0.20 (VIOLATED)
u_protected_memory.u_data/dout[53]      0.04    0.23   -0.19 (VIOLATED)
u_protected_memory.u_data/dout[49]      0.04    0.23   -0.19 (VIOLATED)
u_protected_memory.u_data/dout[18]      0.04    0.23   -0.19 (VIOLATED)
u_protected_memory.u_data/dout[13]      0.04    0.23   -0.19 (VIOLATED)
u_protected_memory.u_data/dout[50]      0.04    0.23   -0.19 (VIOLATED)
u_protected_memory.u_data/dout[56]      0.04    0.22   -0.18 (VIOLATED)
u_protected_memory.u_data/dout[22]      0.04    0.22   -0.18 (VIOLATED)
u_protected_memory.u_data/dout[58]      0.04    0.22   -0.18 (VIOLATED)
u_protected_memory.u_data/dout[48]      0.04    0.21   -0.17 (VIOLATED)
u_protected_memory.u_data/dout[51]      0.04    0.21   -0.17 (VIOLATED)
u_protected_memory.u_data/dout[21]      0.04    0.21   -0.17 (VIOLATED)
u_protected_memory.u_data/dout[46]      0.04    0.21   -0.17 (VIOLATED)
u_protected_memory.u_data/dout[54]      0.04    0.20   -0.16 (VIOLATED)
u_protected_memory.u_data/dout[23]      0.04    0.20   -0.16 (VIOLATED)
u_protected_memory.u_data/dout[27]      0.04    0.20   -0.16 (VIOLATED)
u_protected_memory.u_data/dout[25]      0.04    0.20   -0.16 (VIOLATED)
u_protected_memory.u_data/dout[44]      0.04    0.20   -0.16 (VIOLATED)
u_protected_memory.u_data/dout[33]      0.04    0.19   -0.15 (VIOLATED)
u_protected_memory.u_data/dout[1]       0.04    0.19   -0.15 (VIOLATED)
u_protected_memory.u_data/dout[31]      0.04    0.19   -0.15 (VIOLATED)
u_protected_memory.u_data/dout[30]      0.04    0.19   -0.15 (VIOLATED)
u_protected_memory.u_data/dout[45]      0.04    0.19   -0.15 (VIOLATED)
u_protected_memory.u_data/dout[29]      0.04    0.19   -0.15 (VIOLATED)
u_protected_memory.u_data/dout[41]      0.04    0.19   -0.15 (VIOLATED)
u_protected_memory.u_data/dout[0]       0.04    0.19   -0.15 (VIOLATED)
u_protected_memory.u_data/dout[42]      0.04    0.18   -0.14 (VIOLATED)
u_protected_memory.u_data/dout[4]       0.04    0.18   -0.14 (VIOLATED)
u_protected_memory.u_data/dout[20]      0.04    0.18   -0.14 (VIOLATED)
u_protected_memory.u_data/dout[14]      0.04    0.18   -0.14 (VIOLATED)
u_protected_memory.u_data/dout[43]      0.04    0.18   -0.14 (VIOLATED)
u_protected_memory.u_data/dout[32]      0.04    0.18   -0.14 (VIOLATED)
u_protected_memory.u_data/dout[36]      0.04    0.18   -0.14 (VIOLATED)
u_protected_memory.u_data/dout[40]      0.04    0.18   -0.14 (VIOLATED)
u_protected_memory.u_data/dout[24]      0.04    0.18   -0.14 (VIOLATED)
u_protected_memory.u_data/dout[35]      0.04    0.17   -0.13 (VIOLATED)
u_protected_memory.u_data/dout[28]      0.04    0.17   -0.13 (VIOLATED)
u_protected_memory.u_data/dout[34]      0.04    0.17   -0.13 (VIOLATED)
u_protected_memory.u_data/dout[37]      0.04    0.16   -0.12 (VIOLATED)
u_protected_memory.u_data/dout[38]      0.04    0.15   -0.11 (VIOLATED)
u_protected_memory.u_ecc/rstb           0.35    0.36   -0.01 (VIOLATED)


==========================================================================
detailed place max_slew_check_slack
--------------------------------------------------------------------------
-0.38768836855888367

==========================================================================
detailed place max_slew_check_limit
--------------------------------------------------------------------------
0.03999999910593033

==========================================================================
detailed place max_slew_check_slack_limit
--------------------------------------------------------------------------
-9.6922

==========================================================================
detailed place max_fanout_check_slack
--------------------------------------------------------------------------
1.0000000150474662e+30

==========================================================================
detailed place max_fanout_check_limit
--------------------------------------------------------------------------
1.0000000150474662e+30

==========================================================================
detailed place max_capacitance_check_slack
--------------------------------------------------------------------------
0.027285631746053696

==========================================================================
detailed place max_capacitance_check_limit
--------------------------------------------------------------------------
0.03663099929690361

==========================================================================
detailed place max_capacitance_check_slack_limit
--------------------------------------------------------------------------
0.7449

==========================================================================
detailed place max_slew_violation_count
--------------------------------------------------------------------------
max slew violation count 74

==========================================================================
detailed place max_fanout_violation_count
--------------------------------------------------------------------------
max fanout violation count 0

==========================================================================
detailed place max_cap_violation_count
--------------------------------------------------------------------------
max cap violation count 0

==========================================================================
detailed place setup_violation_count
--------------------------------------------------------------------------
setup violation count 0

==========================================================================
detailed place hold_violation_count
--------------------------------------------------------------------------
hold violation count 2

==========================================================================
detailed place report_checks -path_delay max reg to reg
--------------------------------------------------------------------------
No paths found.

==========================================================================
detailed place report_checks -path_delay min reg to reg
--------------------------------------------------------------------------
No paths found.

==========================================================================
detailed place critical path target clock latency max path
--------------------------------------------------------------------------
0.0000

==========================================================================
detailed place critical path target clock latency min path
--------------------------------------------------------------------------
0.0000

==========================================================================
detailed place critical path source clock latency min path
--------------------------------------------------------------------------
0.0000

==========================================================================
detailed place critical path delay
--------------------------------------------------------------------------
8.6451

==========================================================================
detailed place critical path slack
--------------------------------------------------------------------------
0.7549

==========================================================================
detailed place slack div critical path delay
--------------------------------------------------------------------------
8.732114

==========================================================================
detailed place report_power
--------------------------------------------------------------------------
Group                  Internal  Switching    Leakage      Total
                          Power      Power      Power      Power (Watts)
----------------------------------------------------------------
Sequential             0.00e+00   0.00e+00   0.00e+00   0.00e+00   0.0%
Combinational          2.32e-04   3.89e-04   3.50e-09   6.20e-04  36.3%
Clock                  0.00e+00   0.00e+00   0.00e+00   0.00e+00   0.0%
Macro                  1.09e-03   0.00e+00   7.31e-07   1.09e-03  63.7%
Pad                    0.00e+00   0.00e+00   0.00e+00   0.00e+00   0.0%
----------------------------------------------------------------
Total                  1.32e-03   3.89e-04   7.34e-07   1.71e-03 100.0%
                          77.2%      22.8%       0.0%
