
==========================================================================
global place report_tns
--------------------------------------------------------------------------
tns max 0.00

==========================================================================
global place report_wns
--------------------------------------------------------------------------
wns max 0.00

==========================================================================
global place report_worst_slack
--------------------------------------------------------------------------
worst slack max 0.56

==========================================================================
global place report_clock_min_period
--------------------------------------------------------------------------
core_clk period_min = 9.44 fmax = 105.97

==========================================================================
global place report_checks -path_delay min
--------------------------------------------------------------------------
Startpoint: rstb (input port clocked by core_clk)
Endpoint: u_protected_memory.u_data
          (rising edge-triggered flip-flop clocked by core_clk)
Path Group: core_clk
Path Type: min

Fanout     Cap    Slew   Delay    Time   Description
-----------------------------------------------------------------------------
                  0.00    0.00    0.00   clock core_clk (rise edge)
                          0.00    0.00   clock network delay (ideal)
                          0.50    0.50 v input external delay
     1    0.03    0.00    0.00    0.50 v rstb (in)
                                         rstb (net)
                  0.00    0.00    0.50 v input90/A (sky130_fd_sc_hd__clkbuf_16)
     2    0.03    0.04    0.14    0.64 v input90/X (sky130_fd_sc_hd__clkbuf_16)
                                         net89 (net)
                  0.04    0.00    0.64 v wire300/A (sky130_fd_sc_hd__buf_16)
     1    0.02    0.03    0.12    0.76 v wire300/X (sky130_fd_sc_hd__buf_16)
                                         net299 (net)
                  0.03    0.00    0.76 v wire602/A (sky130_fd_sc_hd__buf_16)
     1    0.10    0.07    0.15    0.91 v wire602/X (sky130_fd_sc_hd__buf_16)
                                         net601 (net)
                  0.10    0.01    0.93 v u_protected_memory.u_data/rstb (sram22_256x64m4w8)
                                  0.93   data arrival time

                  0.00    0.00    0.00   clock core_clk (rise edge)
                          0.00    0.00   clock network delay (ideal)
                          0.10    0.10   clock uncertainty
                          0.00    0.10   clock reconvergence pessimism
                                  0.10 ^ u_protected_memory.u_data/clk (sram22_256x64m4w8)
                          4.86    4.96   library hold time
                                  4.96   data required time
-----------------------------------------------------------------------------
                                  4.96   data required time
                                 -0.93   data arrival time
-----------------------------------------------------------------------------
                                 -4.04   slack (VIOLATED)



==========================================================================
global place report_checks -path_delay max
--------------------------------------------------------------------------
Startpoint: u_protected_memory.u_data
            (rising edge-triggered flip-flop clocked by core_clk)
Endpoint: correction_applied (output port clocked by core_clk)
Path Group: core_clk
Path Type: max

Fanout     Cap    Slew   Delay    Time   Description
-----------------------------------------------------------------------------
                  0.00    0.00    0.00   clock core_clk (rise edge)
                          0.00    0.00   clock network delay (ideal)
                  0.00    0.00    0.00 ^ u_protected_memory.u_data/clk (sram22_256x64m4w8)
     2    0.02    0.21    3.43    3.43 ^ u_protected_memory.u_data/dout[54] (sram22_256x64m4w8)
                                         u_protected_memory.data_dout[54] (net)
                  0.16    0.00    3.43 ^ max_cap528/A (sky130_fd_sc_hd__clkdlybuf4s50_1)
     1    0.01    0.12    0.56    3.99 ^ max_cap528/X (sky130_fd_sc_hd__clkdlybuf4s50_1)
                                         net527 (net)
                  0.12    0.00    3.99 ^ max_cap203/A (sky130_fd_sc_hd__clkbuf_1)
     2    0.02    0.20    0.21    4.20 ^ max_cap203/X (sky130_fd_sc_hd__clkbuf_1)
                                         net202 (net)
                  0.20    0.00    4.20 ^ _541_/C (sky130_fd_sc_hd__xnor3_1)
     1    0.01    0.09    0.28    4.48 v _541_/X (sky130_fd_sc_hd__xnor3_1)
                                         _083_ (net)
                  0.09    0.00    4.48 v _542_/B (sky130_fd_sc_hd__xor2_1)
     3    0.02    0.46    0.40    4.88 ^ _542_/X (sky130_fd_sc_hd__xor2_1)
                                         _084_ (net)
                  0.46    0.00    4.88 ^ _570_/A (sky130_fd_sc_hd__xnor3_1)
     2    0.04    0.23    0.67    5.55 v _570_/X (sky130_fd_sc_hd__xnor3_1)
                                         _112_ (net)
                  0.23    0.00    5.55 v _596_/A (sky130_fd_sc_hd__xor2_4)
    10    0.06    0.41    0.45    6.00 ^ _596_/X (sky130_fd_sc_hd__xor2_4)
                                         _136_ (net)
                  0.41    0.00    6.00 ^ _609_/C (sky130_fd_sc_hd__nor4_2)
     2    0.01    0.11    0.13    6.13 v _609_/Y (sky130_fd_sc_hd__nor4_2)
                                         _147_ (net)
                  0.11    0.00    6.13 v _784_/A1 (sky130_fd_sc_hd__o31ai_1)
     1    0.01    0.42    0.44    6.57 ^ _784_/Y (sky130_fd_sc_hd__o31ai_1)
                                         _263_ (net)
                  0.42    0.00    6.57 ^ place637/A (sky130_fd_sc_hd__buf_4)
     1    0.02    0.06    0.22    6.78 ^ place637/X (sky130_fd_sc_hd__buf_4)
                                         net636 (net)
                  0.06    0.00    6.78 ^ _789_/B1 (sky130_fd_sc_hd__o311ai_2)
     1    0.01    0.13    0.12    6.90 v _789_/Y (sky130_fd_sc_hd__o311ai_2)
                                         _268_ (net)
                  0.13    0.00    6.90 v _795_/A (sky130_fd_sc_hd__nor3_1)
     1    0.00    0.19    0.24    7.14 ^ _795_/Y (sky130_fd_sc_hd__nor3_1)
                                         _274_ (net)
                  0.19    0.00    7.14 ^ place608/A (sky130_fd_sc_hd__buf_4)
     1    0.01    0.04    0.15    7.29 ^ place608/X (sky130_fd_sc_hd__buf_4)
                                         net607 (net)
                  0.04    0.00    7.29 ^ _814_/B (sky130_fd_sc_hd__nand4_1)
     1    0.02    0.31    0.25    7.54 v _814_/Y (sky130_fd_sc_hd__nand4_1)
                                         _293_ (net)
                  0.31    0.00    7.55 v place606/A (sky130_fd_sc_hd__buf_4)
     2    0.02    0.05    0.27    7.82 v place606/X (sky130_fd_sc_hd__buf_4)
                                         net605 (net)
                  0.05    0.00    7.82 v _850_/A (sky130_fd_sc_hd__or2_1)
     1    0.04    0.20    0.37    8.19 v _850_/X (sky130_fd_sc_hd__or2_1)
                                         net91 (net)
                  0.20    0.01    8.20 v output92/A (sky130_fd_sc_hd__clkdlybuf4s50_1)
     1    0.03    0.23    0.64    8.84 v output92/X (sky130_fd_sc_hd__clkdlybuf4s50_1)
                                         correction_applied (net)
                  0.23    0.00    8.84 v correction_applied (out)
                                  8.84   data arrival time

                  0.00   10.00   10.00   clock core_clk (rise edge)
                          0.00   10.00   clock network delay (ideal)
                         -0.10    9.90   clock uncertainty
                          0.00    9.90   clock reconvergence pessimism
                         -0.50    9.40   output external delay
                                  9.40   data required time
-----------------------------------------------------------------------------
                                  9.40   data required time
                                 -8.84   data arrival time
-----------------------------------------------------------------------------
                                  0.56   slack (MET)



==========================================================================
global place report_checks -unconstrained
--------------------------------------------------------------------------
Startpoint: u_protected_memory.u_data
            (rising edge-triggered flip-flop clocked by core_clk)
Endpoint: correction_applied (output port clocked by core_clk)
Path Group: core_clk
Path Type: max

Fanout     Cap    Slew   Delay    Time   Description
-----------------------------------------------------------------------------
                  0.00    0.00    0.00   clock core_clk (rise edge)
                          0.00    0.00   clock network delay (ideal)
                  0.00    0.00    0.00 ^ u_protected_memory.u_data/clk (sram22_256x64m4w8)
     2    0.02    0.21    3.43    3.43 ^ u_protected_memory.u_data/dout[54] (sram22_256x64m4w8)
                                         u_protected_memory.data_dout[54] (net)
                  0.16    0.00    3.43 ^ max_cap528/A (sky130_fd_sc_hd__clkdlybuf4s50_1)
     1    0.01    0.12    0.56    3.99 ^ max_cap528/X (sky130_fd_sc_hd__clkdlybuf4s50_1)
                                         net527 (net)
                  0.12    0.00    3.99 ^ max_cap203/A (sky130_fd_sc_hd__clkbuf_1)
     2    0.02    0.20    0.21    4.20 ^ max_cap203/X (sky130_fd_sc_hd__clkbuf_1)
                                         net202 (net)
                  0.20    0.00    4.20 ^ _541_/C (sky130_fd_sc_hd__xnor3_1)
     1    0.01    0.09    0.28    4.48 v _541_/X (sky130_fd_sc_hd__xnor3_1)
                                         _083_ (net)
                  0.09    0.00    4.48 v _542_/B (sky130_fd_sc_hd__xor2_1)
     3    0.02    0.46    0.40    4.88 ^ _542_/X (sky130_fd_sc_hd__xor2_1)
                                         _084_ (net)
                  0.46    0.00    4.88 ^ _570_/A (sky130_fd_sc_hd__xnor3_1)
     2    0.04    0.23    0.67    5.55 v _570_/X (sky130_fd_sc_hd__xnor3_1)
                                         _112_ (net)
                  0.23    0.00    5.55 v _596_/A (sky130_fd_sc_hd__xor2_4)
    10    0.06    0.41    0.45    6.00 ^ _596_/X (sky130_fd_sc_hd__xor2_4)
                                         _136_ (net)
                  0.41    0.00    6.00 ^ _609_/C (sky130_fd_sc_hd__nor4_2)
     2    0.01    0.11    0.13    6.13 v _609_/Y (sky130_fd_sc_hd__nor4_2)
                                         _147_ (net)
                  0.11    0.00    6.13 v _784_/A1 (sky130_fd_sc_hd__o31ai_1)
     1    0.01    0.42    0.44    6.57 ^ _784_/Y (sky130_fd_sc_hd__o31ai_1)
                                         _263_ (net)
                  0.42    0.00    6.57 ^ place637/A (sky130_fd_sc_hd__buf_4)
     1    0.02    0.06    0.22    6.78 ^ place637/X (sky130_fd_sc_hd__buf_4)
                                         net636 (net)
                  0.06    0.00    6.78 ^ _789_/B1 (sky130_fd_sc_hd__o311ai_2)
     1    0.01    0.13    0.12    6.90 v _789_/Y (sky130_fd_sc_hd__o311ai_2)
                                         _268_ (net)
                  0.13    0.00    6.90 v _795_/A (sky130_fd_sc_hd__nor3_1)
     1    0.00    0.19    0.24    7.14 ^ _795_/Y (sky130_fd_sc_hd__nor3_1)
                                         _274_ (net)
                  0.19    0.00    7.14 ^ place608/A (sky130_fd_sc_hd__buf_4)
     1    0.01    0.04    0.15    7.29 ^ place608/X (sky130_fd_sc_hd__buf_4)
                                         net607 (net)
                  0.04    0.00    7.29 ^ _814_/B (sky130_fd_sc_hd__nand4_1)
     1    0.02    0.31    0.25    7.54 v _814_/Y (sky130_fd_sc_hd__nand4_1)
                                         _293_ (net)
                  0.31    0.00    7.55 v place606/A (sky130_fd_sc_hd__buf_4)
     2    0.02    0.05    0.27    7.82 v place606/X (sky130_fd_sc_hd__buf_4)
                                         net605 (net)
                  0.05    0.00    7.82 v _850_/A (sky130_fd_sc_hd__or2_1)
     1    0.04    0.20    0.37    8.19 v _850_/X (sky130_fd_sc_hd__or2_1)
                                         net91 (net)
                  0.20    0.01    8.20 v output92/A (sky130_fd_sc_hd__clkdlybuf4s50_1)
     1    0.03    0.23    0.64    8.84 v output92/X (sky130_fd_sc_hd__clkdlybuf4s50_1)
                                         correction_applied (net)
                  0.23    0.00    8.84 v correction_applied (out)
                                  8.84   data arrival time

                  0.00   10.00   10.00   clock core_clk (rise edge)
                          0.00   10.00   clock network delay (ideal)
                         -0.10    9.90   clock uncertainty
                          0.00    9.90   clock reconvergence pessimism
                         -0.50    9.40   output external delay
                                  9.40   data required time
-----------------------------------------------------------------------------
                                  9.40   data required time
                                 -8.84   data arrival time
-----------------------------------------------------------------------------
                                  0.56   slack (MET)



==========================================================================
global place report_power
--------------------------------------------------------------------------
Group                  Internal  Switching    Leakage      Total
                          Power      Power      Power      Power (Watts)
----------------------------------------------------------------
Sequential             0.00e+00   0.00e+00   0.00e+00   0.00e+00   0.0%
Combinational          2.29e-04   3.89e-04   3.28e-09   6.18e-04  36.2%
Clock                  0.00e+00   0.00e+00   0.00e+00   0.00e+00   0.0%
Macro                  1.09e-03   0.00e+00   7.31e-07   1.09e-03  63.8%
Pad                    0.00e+00   0.00e+00   0.00e+00   0.00e+00   0.0%
----------------------------------------------------------------
Total                  1.32e-03   3.89e-04   7.34e-07   1.71e-03 100.0%
                          77.2%      22.8%       0.0%
