
==========================================================================
finish report_tns
--------------------------------------------------------------------------
tns max 0.00

==========================================================================
finish report_wns
--------------------------------------------------------------------------
wns max 0.00

==========================================================================
finish report_worst_slack
--------------------------------------------------------------------------
worst slack max 0.17

==========================================================================
finish report_clock_min_period
--------------------------------------------------------------------------
core_clk period_min = 9.83 fmax = 101.73

==========================================================================
finish report_clock_skew
--------------------------------------------------------------------------
Clock core_clk
No launch/capture paths found.


==========================================================================
finish report_checks -path_delay min
--------------------------------------------------------------------------
Startpoint: payload_in[63] (input port clocked by core_clk)
Endpoint: u_protected_memory.u_data
          (rising edge-triggered flip-flop clocked by core_clk)
Path Group: core_clk
Path Type: min

Fanout     Cap    Slew   Delay    Time   Description
-----------------------------------------------------------------------------
                          0.00    0.00   clock core_clk (rise edge)
                          0.00    0.00   clock network delay (propagated)
                          0.50    0.50 ^ input external delay
     1    0.01    0.00    0.00    0.50 ^ payload_in[63] (in)
                                         payload_in[63] (net)
                  0.00    0.00    0.50 ^ input85/A (sky130_fd_sc_hd__buf_2)
     1    0.00    0.03    0.08    0.58 ^ input85/X (sky130_fd_sc_hd__buf_2)
                                         net84 (net)
                  0.03    0.00    0.58 ^ place685/A (sky130_fd_sc_hd__buf_4)
     2    0.04    0.12    0.16    0.74 ^ place685/X (sky130_fd_sc_hd__buf_4)
                                         net684 (net)
                  0.16    0.01    0.75 ^ u_protected_memory.u_data/din[63] (sram22_256x64m4w8)
                                  0.75   data arrival time

                          0.00    0.00   clock core_clk (rise edge)
                          0.00    0.00   clock source latency
     1    0.04    0.00    0.00    0.00 ^ clk (in)
                                         clk (net)
                  0.00    0.00    0.00 ^ clkbuf_0_clk/A (sky130_fd_sc_hd__clkbuf_16)
     2    0.02    0.04    0.11    0.11 ^ clkbuf_0_clk/X (sky130_fd_sc_hd__clkbuf_16)
                                         clknet_0_clk (net)
                  0.04    0.00    0.11 ^ clkbuf_1_1__f_clk/A (sky130_fd_sc_hd__clkbuf_16)
     1    0.37    0.38    0.35    0.46 ^ clkbuf_1_1__f_clk/X (sky130_fd_sc_hd__clkbuf_16)
                                         clknet_1_1__leaf_clk (net)
                  0.51    0.03    0.49 ^ u_protected_memory.u_data/clk (sram22_256x64m4w8)
                          0.10    0.59   clock uncertainty
                          0.00    0.59   clock reconvergence pessimism
                          0.17    0.76   library hold time
                                  0.76   data required time
-----------------------------------------------------------------------------
                                  0.76   data required time
                                 -0.75   data arrival time
-----------------------------------------------------------------------------
                                 -0.01   slack (VIOLATED)



==========================================================================
finish report_checks -path_delay max
--------------------------------------------------------------------------
Startpoint: u_protected_memory.u_data
            (rising edge-triggered flip-flop clocked by core_clk)
Endpoint: correction_applied (output port clocked by core_clk)
Path Group: core_clk
Path Type: max

Fanout     Cap    Slew   Delay    Time   Description
-----------------------------------------------------------------------------
                          0.00    0.00   clock core_clk (rise edge)
                          0.00    0.00   clock source latency
     1    0.04    0.00    0.00    0.00 ^ clk (in)
                                         clk (net)
                  0.00    0.00    0.00 ^ clkbuf_0_clk/A (sky130_fd_sc_hd__clkbuf_16)
     2    0.02    0.04    0.11    0.11 ^ clkbuf_0_clk/X (sky130_fd_sc_hd__clkbuf_16)
                                         clknet_0_clk (net)
                  0.04    0.00    0.11 ^ clkbuf_1_1__f_clk/A (sky130_fd_sc_hd__clkbuf_16)
     1    0.37    0.38    0.35    0.46 ^ clkbuf_1_1__f_clk/X (sky130_fd_sc_hd__clkbuf_16)
                                         clknet_1_1__leaf_clk (net)
                  0.51    0.03    0.49 ^ u_protected_memory.u_data/clk (sram22_256x64m4w8)
     2    0.04    0.32    3.50    3.99 ^ u_protected_memory.u_data/dout[59] (sram22_256x64m4w8)
                                         u_protected_memory.data_dout[59] (net)
                  0.24    0.00    4.00 ^ max_cap767/A (sky130_fd_sc_hd__clkdlybuf4s50_1)
     1    0.00    0.05    0.53    4.53 ^ max_cap767/X (sky130_fd_sc_hd__clkdlybuf4s50_1)
                                         net766 (net)
                  0.05    0.00    4.53 ^ max_cap192/A (sky130_fd_sc_hd__clkdlybuf4s25_1)
     1    0.01    0.08    0.27    4.80 ^ max_cap192/X (sky130_fd_sc_hd__clkdlybuf4s25_1)
                                         net191 (net)
                  0.08    0.00    4.80 ^ _470_/B (sky130_fd_sc_hd__xor2_1)
     2    0.02    0.48    0.41    5.21 ^ _470_/X (sky130_fd_sc_hd__xor2_1)
                                         _012_ (net)
                  0.48    0.00    5.22 ^ _569_/A (sky130_fd_sc_hd__xnor3_1)
     1    0.01    0.09    0.52    5.73 v _569_/X (sky130_fd_sc_hd__xnor3_1)
                                         _111_ (net)
                  0.09    0.00    5.74 v _570_/C (sky130_fd_sc_hd__xnor3_1)
     2    0.04    0.38    0.46    6.20 ^ _570_/X (sky130_fd_sc_hd__xnor3_1)
                                         _112_ (net)
                  0.38    0.00    6.20 ^ _596_/A (sky130_fd_sc_hd__xor2_4)
    10    0.05    0.40    0.41    6.61 ^ _596_/X (sky130_fd_sc_hd__xor2_4)
                                         _136_ (net)
                  0.40    0.00    6.61 ^ _609_/C (sky130_fd_sc_hd__nor4_2)
     2    0.01    0.12    0.13    6.74 v _609_/Y (sky130_fd_sc_hd__nor4_2)
                                         _147_ (net)
                  0.12    0.00    6.74 v _784_/A1 (sky130_fd_sc_hd__o31ai_1)
     1    0.01    0.35    0.38    7.12 ^ _784_/Y (sky130_fd_sc_hd__o31ai_1)
                                         _263_ (net)
                  0.35    0.00    7.12 ^ place637/A (sky130_fd_sc_hd__buf_4)
     1    0.01    0.05    0.19    7.32 ^ place637/X (sky130_fd_sc_hd__buf_4)
                                         net636 (net)
                  0.05    0.00    7.32 ^ _789_/B1 (sky130_fd_sc_hd__o311ai_2)
     1    0.01    0.12    0.11    7.43 v _789_/Y (sky130_fd_sc_hd__o311ai_2)
                                         _268_ (net)
                  0.12    0.00    7.43 v _795_/A (sky130_fd_sc_hd__nor3_1)
     1    0.01    0.22    0.26    7.69 ^ _795_/Y (sky130_fd_sc_hd__nor3_1)
                                         _274_ (net)
                  0.22    0.00    7.69 ^ place608/A (sky130_fd_sc_hd__buf_4)
     1    0.01    0.04    0.15    7.84 ^ place608/X (sky130_fd_sc_hd__buf_4)
                                         net607 (net)
                  0.04    0.00    7.84 ^ _814_/B (sky130_fd_sc_hd__nand4_1)
     1    0.02    0.25    0.21    8.06 v _814_/Y (sky130_fd_sc_hd__nand4_1)
                                         _293_ (net)
                  0.25    0.00    8.06 v place606/A (sky130_fd_sc_hd__buf_4)
     2    0.02    0.04    0.24    8.30 v place606/X (sky130_fd_sc_hd__buf_4)
                                         net605 (net)
                  0.04    0.00    8.30 v _850_/A (sky130_fd_sc_hd__or2_1)
     1    0.03    0.14    0.32    8.63 v _850_/X (sky130_fd_sc_hd__or2_1)
                                         net91 (net)
                  0.14    0.00    8.63 v output92/A (sky130_fd_sc_hd__clkdlybuf4s50_1)
     1    0.03    0.20    0.60    9.23 v output92/X (sky130_fd_sc_hd__clkdlybuf4s50_1)
                                         correction_applied (net)
                  0.20    0.00    9.23 v correction_applied (out)
                                  9.23   data arrival time

                         10.00   10.00   clock core_clk (rise edge)
                          0.00   10.00   clock network delay (propagated)
                         -0.10    9.90   clock uncertainty
                          0.00    9.90   clock reconvergence pessimism
                         -0.50    9.40   output external delay
                                  9.40   data required time
-----------------------------------------------------------------------------
                                  9.40   data required time
                                 -9.23   data arrival time
-----------------------------------------------------------------------------
                                  0.17   slack (MET)



==========================================================================
finish report_checks -unconstrained
--------------------------------------------------------------------------
Startpoint: u_protected_memory.u_data
            (rising edge-triggered flip-flop clocked by core_clk)
Endpoint: correction_applied (output port clocked by core_clk)
Path Group: core_clk
Path Type: max

Fanout     Cap    Slew   Delay    Time   Description
-----------------------------------------------------------------------------
                          0.00    0.00   clock core_clk (rise edge)
                          0.00    0.00   clock source latency
     1    0.04    0.00    0.00    0.00 ^ clk (in)
                                         clk (net)
                  0.00    0.00    0.00 ^ clkbuf_0_clk/A (sky130_fd_sc_hd__clkbuf_16)
     2    0.02    0.04    0.11    0.11 ^ clkbuf_0_clk/X (sky130_fd_sc_hd__clkbuf_16)
                                         clknet_0_clk (net)
                  0.04    0.00    0.11 ^ clkbuf_1_1__f_clk/A (sky130_fd_sc_hd__clkbuf_16)
     1    0.37    0.38    0.35    0.46 ^ clkbuf_1_1__f_clk/X (sky130_fd_sc_hd__clkbuf_16)
                                         clknet_1_1__leaf_clk (net)
                  0.51    0.03    0.49 ^ u_protected_memory.u_data/clk (sram22_256x64m4w8)
     2    0.04    0.32    3.50    3.99 ^ u_protected_memory.u_data/dout[59] (sram22_256x64m4w8)
                                         u_protected_memory.data_dout[59] (net)
                  0.24    0.00    4.00 ^ max_cap767/A (sky130_fd_sc_hd__clkdlybuf4s50_1)
     1    0.00    0.05    0.53    4.53 ^ max_cap767/X (sky130_fd_sc_hd__clkdlybuf4s50_1)
                                         net766 (net)
                  0.05    0.00    4.53 ^ max_cap192/A (sky130_fd_sc_hd__clkdlybuf4s25_1)
     1    0.01    0.08    0.27    4.80 ^ max_cap192/X (sky130_fd_sc_hd__clkdlybuf4s25_1)
                                         net191 (net)
                  0.08    0.00    4.80 ^ _470_/B (sky130_fd_sc_hd__xor2_1)
     2    0.02    0.48    0.41    5.21 ^ _470_/X (sky130_fd_sc_hd__xor2_1)
                                         _012_ (net)
                  0.48    0.00    5.22 ^ _569_/A (sky130_fd_sc_hd__xnor3_1)
     1    0.01    0.09    0.52    5.73 v _569_/X (sky130_fd_sc_hd__xnor3_1)
                                         _111_ (net)
                  0.09    0.00    5.74 v _570_/C (sky130_fd_sc_hd__xnor3_1)
     2    0.04    0.38    0.46    6.20 ^ _570_/X (sky130_fd_sc_hd__xnor3_1)
                                         _112_ (net)
                  0.38    0.00    6.20 ^ _596_/A (sky130_fd_sc_hd__xor2_4)
    10    0.05    0.40    0.41    6.61 ^ _596_/X (sky130_fd_sc_hd__xor2_4)
                                         _136_ (net)
                  0.40    0.00    6.61 ^ _609_/C (sky130_fd_sc_hd__nor4_2)
     2    0.01    0.12    0.13    6.74 v _609_/Y (sky130_fd_sc_hd__nor4_2)
                                         _147_ (net)
                  0.12    0.00    6.74 v _784_/A1 (sky130_fd_sc_hd__o31ai_1)
     1    0.01    0.35    0.38    7.12 ^ _784_/Y (sky130_fd_sc_hd__o31ai_1)
                                         _263_ (net)
                  0.35    0.00    7.12 ^ place637/A (sky130_fd_sc_hd__buf_4)
     1    0.01    0.05    0.19    7.32 ^ place637/X (sky130_fd_sc_hd__buf_4)
                                         net636 (net)
                  0.05    0.00    7.32 ^ _789_/B1 (sky130_fd_sc_hd__o311ai_2)
     1    0.01    0.12    0.11    7.43 v _789_/Y (sky130_fd_sc_hd__o311ai_2)
                                         _268_ (net)
                  0.12    0.00    7.43 v _795_/A (sky130_fd_sc_hd__nor3_1)
     1    0.01    0.22    0.26    7.69 ^ _795_/Y (sky130_fd_sc_hd__nor3_1)
                                         _274_ (net)
                  0.22    0.00    7.69 ^ place608/A (sky130_fd_sc_hd__buf_4)
     1    0.01    0.04    0.15    7.84 ^ place608/X (sky130_fd_sc_hd__buf_4)
                                         net607 (net)
                  0.04    0.00    7.84 ^ _814_/B (sky130_fd_sc_hd__nand4_1)
     1    0.02    0.25    0.21    8.06 v _814_/Y (sky130_fd_sc_hd__nand4_1)
                                         _293_ (net)
                  0.25    0.00    8.06 v place606/A (sky130_fd_sc_hd__buf_4)
     2    0.02    0.04    0.24    8.30 v place606/X (sky130_fd_sc_hd__buf_4)
                                         net605 (net)
                  0.04    0.00    8.30 v _850_/A (sky130_fd_sc_hd__or2_1)
     1    0.03    0.14    0.32    8.63 v _850_/X (sky130_fd_sc_hd__or2_1)
                                         net91 (net)
                  0.14    0.00    8.63 v output92/A (sky130_fd_sc_hd__clkdlybuf4s50_1)
     1    0.03    0.20    0.60    9.23 v output92/X (sky130_fd_sc_hd__clkdlybuf4s50_1)
                                         correction_applied (net)
                  0.20    0.00    9.23 v correction_applied (out)
                                  9.23   data arrival time

                         10.00   10.00   clock core_clk (rise edge)
                          0.00   10.00   clock network delay (propagated)
                         -0.10    9.90   clock uncertainty
                          0.00    9.90   clock reconvergence pessimism
                         -0.50    9.40   output external delay
                                  9.40   data required time
-----------------------------------------------------------------------------
                                  9.40   data required time
                                 -9.23   data arrival time
-----------------------------------------------------------------------------
                                  0.17   slack (MET)



==========================================================================
finish report_check_types -max_slew -max_cap -max_fanout -violators
--------------------------------------------------------------------------
max slew

Pin                                    Limit    Slew   Slack
------------------------------------------------------------
u_protected_memory.u_ecc/dout[2]        0.04    0.52   -0.48 (VIOLATED)
u_protected_memory.u_ecc/dout[1]        0.04    0.44   -0.40 (VIOLATED)
u_protected_memory.u_ecc/dout[5]        0.04    0.44   -0.40 (VIOLATED)
u_protected_memory.u_ecc/dout[4]        0.04    0.39   -0.35 (VIOLATED)
u_protected_memory.u_ecc/dout[3]        0.04    0.38   -0.34 (VIOLATED)
u_protected_memory.u_ecc/dout[7]        0.04    0.36   -0.32 (VIOLATED)
u_protected_memory.u_data/dout[3]       0.04    0.34   -0.30 (VIOLATED)
u_protected_memory.u_data/dout[62]      0.04    0.33   -0.29 (VIOLATED)
u_protected_memory.u_data/dout[57]      0.04    0.33   -0.29 (VIOLATED)
u_protected_memory.u_data/dout[60]      0.04    0.32   -0.28 (VIOLATED)
u_protected_memory.u_data/dout[61]      0.04    0.32   -0.28 (VIOLATED)
u_protected_memory.u_data/dout[59]      0.04    0.32   -0.28 (VIOLATED)
u_protected_memory.u_data/dout[5]       0.04    0.32   -0.28 (VIOLATED)
u_protected_memory.u_data/rstb          0.35    0.62   -0.27 (VIOLATED)
u_protected_memory.u_data/dout[8]       0.04    0.30   -0.26 (VIOLATED)
u_protected_memory.u_data/dout[2]       0.04    0.30   -0.26 (VIOLATED)
u_protected_memory.u_data/dout[63]      0.04    0.28   -0.24 (VIOLATED)
u_protected_memory.u_data/dout[19]      0.04    0.28   -0.24 (VIOLATED)
u_protected_memory.u_data/dout[6]       0.04    0.28   -0.24 (VIOLATED)
u_protected_memory.u_data/dout[39]      0.04    0.28   -0.24 (VIOLATED)
u_protected_memory.u_data/dout[10]      0.04    0.26   -0.22 (VIOLATED)
u_protected_memory.u_data/dout[17]      0.04    0.26   -0.22 (VIOLATED)
u_protected_memory.u_ecc/dout[6]        0.04    0.25   -0.21 (VIOLATED)
u_protected_memory.u_data/dout[47]      0.04    0.25   -0.21 (VIOLATED)
u_protected_memory.u_data/dout[16]      0.04    0.25   -0.21 (VIOLATED)
u_protected_memory.u_data/dout[12]      0.04    0.25   -0.21 (VIOLATED)
u_protected_memory.u_data/dout[9]       0.04    0.24   -0.20 (VIOLATED)
u_protected_memory.u_data/dout[7]       0.04    0.24   -0.20 (VIOLATED)
u_protected_memory.u_data/dout[26]      0.04    0.24   -0.20 (VIOLATED)
u_protected_memory.u_data/dout[52]      0.04    0.23   -0.19 (VIOLATED)
u_protected_memory.u_data/dout[56]      0.04    0.23   -0.19 (VIOLATED)
u_protected_memory.u_ecc/dout[0]        0.04    0.23   -0.19 (VIOLATED)
u_protected_memory.u_data/dout[55]      0.04    0.23   -0.19 (VIOLATED)
u_protected_memory.u_data/dout[49]      0.04    0.22   -0.18 (VIOLATED)
u_protected_memory.u_data/dout[18]      0.04    0.22   -0.18 (VIOLATED)
u_protected_memory.u_data/dout[51]      0.04    0.22   -0.18 (VIOLATED)
u_protected_memory.u_data/dout[11]      0.04    0.22   -0.18 (VIOLATED)
u_protected_memory.u_data/dout[13]      0.04    0.22   -0.18 (VIOLATED)
u_protected_memory.u_data/dout[48]      0.04    0.21   -0.17 (VIOLATED)
u_protected_memory.u_data/dout[15]      0.04    0.21   -0.17 (VIOLATED)
u_protected_memory.u_data/dout[22]      0.04    0.21   -0.17 (VIOLATED)
u_protected_memory.u_data/dout[50]      0.04    0.21   -0.17 (VIOLATED)
u_protected_memory.u_data/dout[44]      0.04    0.20   -0.16 (VIOLATED)
u_protected_memory.u_data/dout[27]      0.04    0.20   -0.16 (VIOLATED)
u_protected_memory.u_data/dout[53]      0.04    0.20   -0.16 (VIOLATED)
u_protected_memory.u_data/dout[21]      0.04    0.20   -0.16 (VIOLATED)
u_protected_memory.u_data/dout[58]      0.04    0.20   -0.16 (VIOLATED)
u_protected_memory.u_data/dout[45]      0.04    0.20   -0.16 (VIOLATED)
u_protected_memory.u_data/dout[23]      0.04    0.20   -0.16 (VIOLATED)
u_protected_memory.u_data/clk           0.35    0.51   -0.16 (VIOLATED)
u_protected_memory.u_data/dout[46]      0.04    0.20   -0.16 (VIOLATED)
u_protected_memory.u_data/dout[32]      0.04    0.19   -0.15 (VIOLATED)
u_protected_memory.u_data/dout[33]      0.04    0.19   -0.15 (VIOLATED)
u_protected_memory.u_data/dout[25]      0.04    0.19   -0.15 (VIOLATED)
u_protected_memory.u_data/dout[40]      0.04    0.19   -0.15 (VIOLATED)
u_protected_memory.u_data/dout[29]      0.04    0.19   -0.15 (VIOLATED)
u_protected_memory.u_data/dout[31]      0.04    0.18   -0.14 (VIOLATED)
u_protected_memory.u_data/dout[4]       0.04    0.18   -0.14 (VIOLATED)
u_protected_memory.u_data/dout[36]      0.04    0.18   -0.14 (VIOLATED)
u_protected_memory.u_data/dout[54]      0.04    0.18   -0.14 (VIOLATED)
u_protected_memory.u_data/dout[1]       0.04    0.18   -0.14 (VIOLATED)
u_protected_memory.u_data/dout[43]      0.04    0.18   -0.14 (VIOLATED)
u_protected_memory.u_data/dout[14]      0.04    0.18   -0.14 (VIOLATED)
u_protected_memory.u_data/dout[0]       0.04    0.18   -0.14 (VIOLATED)
u_protected_memory.u_data/dout[24]      0.04    0.18   -0.14 (VIOLATED)
u_protected_memory.u_data/dout[42]      0.04    0.18   -0.14 (VIOLATED)
u_protected_memory.u_data/dout[20]      0.04    0.18   -0.14 (VIOLATED)
u_protected_memory.u_data/dout[30]      0.04    0.17   -0.13 (VIOLATED)
u_protected_memory.u_data/dout[41]      0.04    0.17   -0.13 (VIOLATED)
u_protected_memory.u_data/dout[35]      0.04    0.17   -0.13 (VIOLATED)
u_protected_memory.u_data/dout[34]      0.04    0.17   -0.13 (VIOLATED)
u_protected_memory.u_data/dout[28]      0.04    0.16   -0.12 (VIOLATED)
u_protected_memory.u_data/dout[37]      0.04    0.16   -0.12 (VIOLATED)
u_protected_memory.u_data/dout[38]      0.04    0.16   -0.12 (VIOLATED)
_867_/B                                 0.60    0.62   -0.02 (VIOLATED)
_866_/Y                                 0.60    0.62   -0.02 (VIOLATED)
u_protected_memory.u_ecc/rstb           0.35    0.36   -0.01 (VIOLATED)


==========================================================================
finish max_slew_check_slack
--------------------------------------------------------------------------
-0.4753241240978241

==========================================================================
finish max_slew_check_limit
--------------------------------------------------------------------------
0.03999999910593033

==========================================================================
finish max_slew_check_slack_limit
--------------------------------------------------------------------------
-11.8831

==========================================================================
finish max_fanout_check_slack
--------------------------------------------------------------------------
1.0000000150474662e+30

==========================================================================
finish max_fanout_check_limit
--------------------------------------------------------------------------
1.0000000150474662e+30

==========================================================================
finish max_capacitance_check_slack
--------------------------------------------------------------------------
0.02746821753680706

==========================================================================
finish max_capacitance_check_limit
--------------------------------------------------------------------------
0.03663099929690361

==========================================================================
finish max_capacitance_check_slack_limit
--------------------------------------------------------------------------
0.7499

==========================================================================
finish max_slew_violation_count
--------------------------------------------------------------------------
max slew violation count 77

==========================================================================
finish max_fanout_violation_count
--------------------------------------------------------------------------
max fanout violation count 0

==========================================================================
finish max_cap_violation_count
--------------------------------------------------------------------------
max cap violation count 0

==========================================================================
finish setup_violation_count
--------------------------------------------------------------------------
setup violation count 0

==========================================================================
finish hold_violation_count
--------------------------------------------------------------------------
hold violation count 2

==========================================================================
finish report_checks -path_delay max reg to reg
--------------------------------------------------------------------------
No paths found.

==========================================================================
finish report_checks -path_delay min reg to reg
--------------------------------------------------------------------------
No paths found.

==========================================================================
finish critical path target clock latency max path
--------------------------------------------------------------------------
0.2840

==========================================================================
finish critical path target clock latency min path
--------------------------------------------------------------------------
0.4923

==========================================================================
finish critical path source clock latency min path
--------------------------------------------------------------------------
0.0000

==========================================================================
finish critical path delay
--------------------------------------------------------------------------
9.2302

==========================================================================
finish critical path slack
--------------------------------------------------------------------------
0.1698

==========================================================================
finish slack div critical path delay
--------------------------------------------------------------------------
1.839613

==========================================================================
finish report_power
--------------------------------------------------------------------------
Group                  Internal  Switching    Leakage      Total
                          Power      Power      Power      Power (Watts)
----------------------------------------------------------------
Sequential             0.00e+00   0.00e+00   0.00e+00   0.00e+00   0.0%
Combinational          2.36e-04   3.72e-04   3.58e-09   6.09e-04  31.2%
Clock                  6.12e-05   1.90e-04   4.84e-11   2.51e-04  12.9%
Macro                  1.09e-03   0.00e+00   7.31e-07   1.09e-03  55.9%
Pad                    0.00e+00   0.00e+00   0.00e+00   0.00e+00   0.0%
----------------------------------------------------------------
Total                  1.39e-03   5.62e-04   7.34e-07   1.95e-03 100.0%
                          71.1%      28.9%       0.0%
