EXECUTED_COMMAND_JSON=["docker", "run", "--rm", "--network", "none", "--platform", "linux/amd64", "--name", "green_v33_secded_s13_a01_read_single_bit_error_correct", "--cpus", "1", "--memory", "3g", "--volume", "/var/lib/green-ecc-v33-activity-complete-e5/fresh_runs/secded_clk10p0ns_seed13/attempt01:/campaign-run", "--volume", "/mnt/c/Users/Abhinav/OneDrive/Desktop/ECC/Error-Code-Correction:/repo:ro", "--workdir", "/OpenROAD-flow-scripts/flow", "openroad/orfs@sha256:f05cee3219a02f26289f02f00e11a3fc986ab51a482a0000a2da810cda219a6e", "/OpenROAD-flow-scripts/tools/install/OpenROAD/bin/openroad", "-exit", "/campaign-run/power/READ_SINGLE_BIT_ERROR_CORRECT/power.tcl"]
OpenROAD 26Q3-1080-gab6fd26351 
Features included (+) or not (-): +GPU +GUI +Python
This program is licensed under the BSD-3 license. See the LICENSE file for details.
Components of this program may be licensed under more restrictive licenses which must be honored.
GREEN_V33_MACRO_OUTPUT_ACTIVITY_ROOTS count=72
[WARNING STA-1651] /campaign-run/results/sky130hd/secded_matched_sram_top/clk10p0ns_seed13/6_final.spef line 57074, u_data not connected to net data_dout[0].
[WARNING STA-1651] /campaign-run/results/sky130hd/secded_matched_sram_top/clk10p0ns_seed13/6_final.spef line 57083, u_data not connected to net data_dout[0].
[WARNING STA-1651] /campaign-run/results/sky130hd/secded_matched_sram_top/clk10p0ns_seed13/6_final.spef line 57094, u_data not connected to net data_dout[10].
[WARNING STA-1651] /campaign-run/results/sky130hd/secded_matched_sram_top/clk10p0ns_seed13/6_final.spef line 57109, u_data not connected to net data_dout[10].
[WARNING STA-1651] /campaign-run/results/sky130hd/secded_matched_sram_top/clk10p0ns_seed13/6_final.spef line 57122, u_data not connected to net data_dout[11].
[WARNING STA-1651] /campaign-run/results/sky130hd/secded_matched_sram_top/clk10p0ns_seed13/6_final.spef line 57148, u_data not connected to net data_dout[11].
[WARNING STA-1651] /campaign-run/results/sky130hd/secded_matched_sram_top/clk10p0ns_seed13/6_final.spef line 57162, u_data not connected to net data_dout[12].
[WARNING STA-1651] /campaign-run/results/sky130hd/secded_matched_sram_top/clk10p0ns_seed13/6_final.spef line 57174, u_data not connected to net data_dout[12].
[WARNING STA-1651] /campaign-run/results/sky130hd/secded_matched_sram_top/clk10p0ns_seed13/6_final.spef line 57187, u_data not connected to net data_dout[13].
[WARNING STA-1651] /campaign-run/results/sky130hd/secded_matched_sram_top/clk10p0ns_seed13/6_final.spef line 57207, u_data not connected to net data_dout[13].
[WARNING STA-1651] /campaign-run/results/sky130hd/secded_matched_sram_top/clk10p0ns_seed13/6_final.spef line 57221, u_data not connected to net data_dout[14].
[WARNING STA-1651] /campaign-run/results/sky130hd/secded_matched_sram_top/clk10p0ns_seed13/6_final.spef line 57279, u_data not connected to net data_dout[14].
[WARNING STA-1651] /campaign-run/results/sky130hd/secded_matched_sram_top/clk10p0ns_seed13/6_final.spef line 57295, u_data not connected to net data_dout[15].
[WARNING STA-1651] /campaign-run/results/sky130hd/secded_matched_sram_top/clk10p0ns_seed13/6_final.spef line 57311, u_data not connected to net data_dout[15].
[WARNING STA-1651] /campaign-run/results/sky130hd/secded_matched_sram_top/clk10p0ns_seed13/6_final.spef line 57323, u_data not connected to net data_dout[16].
[WARNING STA-1651] /campaign-run/results/sky130hd/secded_matched_sram_top/clk10p0ns_seed13/6_final.spef line 57340, u_data not connected to net data_dout[16].
[WARNING STA-1651] /campaign-run/results/sky130hd/secded_matched_sram_top/clk10p0ns_seed13/6_final.spef line 57353, u_data not connected to net data_dout[17].
[WARNING STA-1651] /campaign-run/results/sky130hd/secded_matched_sram_top/clk10p0ns_seed13/6_final.spef line 57385, u_data not connected to net data_dout[17].
[WARNING STA-1651] /campaign-run/results/sky130hd/secded_matched_sram_top/clk10p0ns_seed13/6_final.spef line 57401, u_data not connected to net data_dout[18].
[WARNING STA-1651] /campaign-run/results/sky130hd/secded_matched_sram_top/clk10p0ns_seed13/6_final.spef line 57428, u_data not connected to net data_dout[18].
[WARNING STA-1651] /campaign-run/results/sky130hd/secded_matched_sram_top/clk10p0ns_seed13/6_final.spef line 57442, u_data not connected to net data_dout[19].
[WARNING STA-1651] /campaign-run/results/sky130hd/secded_matched_sram_top/clk10p0ns_seed13/6_final.spef line 57476, u_data not connected to net data_dout[19].
[WARNING STA-1651] /campaign-run/results/sky130hd/secded_matched_sram_top/clk10p0ns_seed13/6_final.spef line 57491, u_data not connected to net data_dout[1].
[WARNING STA-1651] /campaign-run/results/sky130hd/secded_matched_sram_top/clk10p0ns_seed13/6_final.spef line 57496, u_data not connected to net data_dout[1].
[WARNING STA-1651] /campaign-run/results/sky130hd/secded_matched_sram_top/clk10p0ns_seed13/6_final.spef line 57509, u_data not connected to net data_dout[20].
[WARNING STA-1651] /campaign-run/results/sky130hd/secded_matched_sram_top/clk10p0ns_seed13/6_final.spef line 57525, u_data not connected to net data_dout[20].
[WARNING STA-1651] /campaign-run/results/sky130hd/secded_matched_sram_top/clk10p0ns_seed13/6_final.spef line 57538, u_data not connected to net data_dout[21].
[WARNING STA-1651] /campaign-run/results/sky130hd/secded_matched_sram_top/clk10p0ns_seed13/6_final.spef line 57555, u_data not connected to net data_dout[21].
[WARNING STA-1651] /campaign-run/results/sky130hd/secded_matched_sram_top/clk10p0ns_seed13/6_final.spef line 57569, u_data not connected to net data_dout[22].
[WARNING STA-1651] /campaign-run/results/sky130hd/secded_matched_sram_top/clk10p0ns_seed13/6_final.spef line 57583, u_data not connected to net data_dout[22].
[WARNING STA-1651] /campaign-run/results/sky130hd/secded_matched_sram_top/clk10p0ns_seed13/6_final.spef line 57596, u_data not connected to net data_dout[23].
[WARNING STA-1651] /campaign-run/results/sky130hd/secded_matched_sram_top/clk10p0ns_seed13/6_final.spef line 57611, u_data not connected to net data_dout[23].
[WARNING STA-1651] /campaign-run/results/sky130hd/secded_matched_sram_top/clk10p0ns_seed13/6_final.spef line 57624, u_data not connected to net data_dout[24].
[WARNING STA-1651] /campaign-run/results/sky130hd/secded_matched_sram_top/clk10p0ns_seed13/6_final.spef line 57649, u_data not connected to net data_dout[24].
[WARNING STA-1651] /campaign-run/results/sky130hd/secded_matched_sram_top/clk10p0ns_seed13/6_final.spef line 57662, u_data not connected to net data_dout[25].
[WARNING STA-1651] /campaign-run/results/sky130hd/secded_matched_sram_top/clk10p0ns_seed13/6_final.spef line 57673, u_data not connected to net data_dout[25].
[WARNING STA-1651] /campaign-run/results/sky130hd/secded_matched_sram_top/clk10p0ns_seed13/6_final.spef line 57686, u_data not connected to net data_dout[26].
[WARNING STA-1651] /campaign-run/results/sky130hd/secded_matched_sram_top/clk10p0ns_seed13/6_final.spef line 57701, u_data not connected to net data_dout[26].
[WARNING STA-1651] /campaign-run/results/sky130hd/secded_matched_sram_top/clk10p0ns_seed13/6_final.spef line 57714, u_data not connected to net data_dout[27].
[WARNING STA-1651] /campaign-run/results/sky130hd/secded_matched_sram_top/clk10p0ns_seed13/6_final.spef line 57733, u_data not connected to net data_dout[27].
[WARNING STA-1651] /campaign-run/results/sky130hd/secded_matched_sram_top/clk10p0ns_seed13/6_final.spef line 57746, u_data not connected to net data_dout[28].
[WARNING STA-1651] /campaign-run/results/sky130hd/secded_matched_sram_top/clk10p0ns_seed13/6_final.spef line 57760, u_data not connected to net data_dout[28].
[WARNING STA-1651] /campaign-run/results/sky130hd/secded_matched_sram_top/clk10p0ns_seed13/6_final.spef line 57773, u_data not connected to net data_dout[29].
[WARNING STA-1651] /campaign-run/results/sky130hd/secded_matched_sram_top/clk10p0ns_seed13/6_final.spef line 57790, u_data not connected to net data_dout[29].
[WARNING STA-1651] /campaign-run/results/sky130hd/secded_matched_sram_top/clk10p0ns_seed13/6_final.spef line 57803, u_data not connected to net data_dout[2].
[WARNING STA-1651] /campaign-run/results/sky130hd/secded_matched_sram_top/clk10p0ns_seed13/6_final.spef line 57813, u_data not connected to net data_dout[2].
[WARNING STA-1651] /campaign-run/results/sky130hd/secded_matched_sram_top/clk10p0ns_seed13/6_final.spef line 57826, u_data not connected to net data_dout[30].
[WARNING STA-1651] /campaign-run/results/sky130hd/secded_matched_sram_top/clk10p0ns_seed13/6_final.spef line 57851, u_data not connected to net data_dout[30].
[WARNING STA-1651] /campaign-run/results/sky130hd/secded_matched_sram_top/clk10p0ns_seed13/6_final.spef line 57864, u_data not connected to net data_dout[31].
[WARNING STA-1651] /campaign-run/results/sky130hd/secded_matched_sram_top/clk10p0ns_seed13/6_final.spef line 57879, u_data not connected to net data_dout[31].
[WARNING STA-1651] /campaign-run/results/sky130hd/secded_matched_sram_top/clk10p0ns_seed13/6_final.spef line 57891, u_data not connected to net data_dout[32].
[WARNING STA-1651] /campaign-run/results/sky130hd/secded_matched_sram_top/clk10p0ns_seed13/6_final.spef line 57915, u_data not connected to net data_dout[32].
[WARNING STA-1651] /campaign-run/results/sky130hd/secded_matched_sram_top/clk10p0ns_seed13/6_final.spef line 57928, u_data not connected to net data_dout[33].
[WARNING STA-1651] /campaign-run/results/sky130hd/secded_matched_sram_top/clk10p0ns_seed13/6_final.spef line 57945, u_data not connected to net data_dout[33].
[WARNING STA-1651] /campaign-run/results/sky130hd/secded_matched_sram_top/clk10p0ns_seed13/6_final.spef line 57958, u_data not connected to net data_dout[34].
[WARNING STA-1651] /campaign-run/results/sky130hd/secded_matched_sram_top/clk10p0ns_seed13/6_final.spef line 57980, u_data not connected to net data_dout[34].
[WARNING STA-1651] /campaign-run/results/sky130hd/secded_matched_sram_top/clk10p0ns_seed13/6_final.spef line 57993, u_data not connected to net data_dout[35].
[WARNING STA-1651] /campaign-run/results/sky130hd/secded_matched_sram_top/clk10p0ns_seed13/6_final.spef line 58001, u_data not connected to net data_dout[35].
[WARNING STA-1651] /campaign-run/results/sky130hd/secded_matched_sram_top/clk10p0ns_seed13/6_final.spef line 58014, u_data not connected to net data_dout[36].
[WARNING STA-1651] /campaign-run/results/sky130hd/secded_matched_sram_top/clk10p0ns_seed13/6_final.spef line 58033, u_data not connected to net data_dout[36].
[WARNING STA-1651] /campaign-run/results/sky130hd/secded_matched_sram_top/clk10p0ns_seed13/6_final.spef line 58046, u_data not connected to net data_dout[37].
[WARNING STA-1651] /campaign-run/results/sky130hd/secded_matched_sram_top/clk10p0ns_seed13/6_final.spef line 58067, u_data not connected to net data_dout[37].
[WARNING STA-1651] /campaign-run/results/sky130hd/secded_matched_sram_top/clk10p0ns_seed13/6_final.spef line 58081, u_data not connected to net data_dout[38].
[WARNING STA-1651] /campaign-run/results/sky130hd/secded_matched_sram_top/clk10p0ns_seed13/6_final.spef line 58113, u_data not connected to net data_dout[38].
[WARNING STA-1651] /campaign-run/results/sky130hd/secded_matched_sram_top/clk10p0ns_seed13/6_final.spef line 58127, u_data not connected to net data_dout[39].
[WARNING STA-1651] /campaign-run/results/sky130hd/secded_matched_sram_top/clk10p0ns_seed13/6_final.spef line 58144, u_data not connected to net data_dout[39].
[WARNING STA-1651] /campaign-run/results/sky130hd/secded_matched_sram_top/clk10p0ns_seed13/6_final.spef line 58156, u_data not connected to net data_dout[3].
[WARNING STA-1651] /campaign-run/results/sky130hd/secded_matched_sram_top/clk10p0ns_seed13/6_final.spef line 58167, u_data not connected to net data_dout[3].
[WARNING STA-1651] /campaign-run/results/sky130hd/secded_matched_sram_top/clk10p0ns_seed13/6_final.spef line 58178, u_data not connected to net data_dout[40].
[WARNING STA-1651] /campaign-run/results/sky130hd/secded_matched_sram_top/clk10p0ns_seed13/6_final.spef line 58192, u_data not connected to net data_dout[40].
[WARNING STA-1651] /campaign-run/results/sky130hd/secded_matched_sram_top/clk10p0ns_seed13/6_final.spef line 58205, u_data not connected to net data_dout[41].
[WARNING STA-1651] /campaign-run/results/sky130hd/secded_matched_sram_top/clk10p0ns_seed13/6_final.spef line 58218, u_data not connected to net data_dout[41].
[WARNING STA-1651] /campaign-run/results/sky130hd/secded_matched_sram_top/clk10p0ns_seed13/6_final.spef line 58231, u_data not connected to net data_dout[42].
[WARNING STA-1651] /campaign-run/results/sky130hd/secded_matched_sram_top/clk10p0ns_seed13/6_final.spef line 58254, u_data not connected to net data_dout[42].
[WARNING STA-1651] /campaign-run/results/sky130hd/secded_matched_sram_top/clk10p0ns_seed13/6_final.spef line 58268, u_data not connected to net data_dout[43].
[WARNING STA-1651] /campaign-run/results/sky130hd/secded_matched_sram_top/clk10p0ns_seed13/6_final.spef line 58294, u_data not connected to net data_dout[43].
[WARNING STA-1651] /campaign-run/results/sky130hd/secded_matched_sram_top/clk10p0ns_seed13/6_final.spef line 58307, u_data not connected to net data_dout[44].
[WARNING STA-1651] /campaign-run/results/sky130hd/secded_matched_sram_top/clk10p0ns_seed13/6_final.spef line 58338, u_data not connected to net data_dout[44].
[WARNING STA-1651] /campaign-run/results/sky130hd/secded_matched_sram_top/clk10p0ns_seed13/6_final.spef line 58352, u_data not connected to net data_dout[45].
[WARNING STA-1651] /campaign-run/results/sky130hd/secded_matched_sram_top/clk10p0ns_seed13/6_final.spef line 58379, u_data not connected to net data_dout[45].
[WARNING STA-1651] /campaign-run/results/sky130hd/secded_matched_sram_top/clk10p0ns_seed13/6_final.spef line 58393, u_data not connected to net data_dout[46].
[WARNING STA-1651] /campaign-run/results/sky130hd/secded_matched_sram_top/clk10p0ns_seed13/6_final.spef line 58407, u_data not connected to net data_dout[46].
[WARNING STA-1651] /campaign-run/results/sky130hd/secded_matched_sram_top/clk10p0ns_seed13/6_final.spef line 58420, u_data not connected to net data_dout[47].
[WARNING STA-1651] /campaign-run/results/sky130hd/secded_matched_sram_top/clk10p0ns_seed13/6_final.spef line 58440, u_data not connected to net data_dout[47].
[WARNING STA-1651] /campaign-run/results/sky130hd/secded_matched_sram_top/clk10p0ns_seed13/6_final.spef line 58454, u_data not connected to net data_dout[48].
[WARNING STA-1651] /campaign-run/results/sky130hd/secded_matched_sram_top/clk10p0ns_seed13/6_final.spef line 58472, u_data not connected to net data_dout[48].
[WARNING STA-1651] /campaign-run/results/sky130hd/secded_matched_sram_top/clk10p0ns_seed13/6_final.spef line 58486, u_data not connected to net data_dout[49].
[WARNING STA-1651] /campaign-run/results/sky130hd/secded_matched_sram_top/clk10p0ns_seed13/6_final.spef line 58513, u_data not connected to net data_dout[49].
[WARNING STA-1651] /campaign-run/results/sky130hd/secded_matched_sram_top/clk10p0ns_seed13/6_final.spef line 58528, u_data not connected to net data_dout[4].
[WARNING STA-1651] /campaign-run/results/sky130hd/secded_matched_sram_top/clk10p0ns_seed13/6_final.spef line 58537, u_data not connected to net data_dout[4].
[WARNING STA-1651] /campaign-run/results/sky130hd/secded_matched_sram_top/clk10p0ns_seed13/6_final.spef line 58550, u_data not connected to net data_dout[50].
[WARNING STA-1651] /campaign-run/results/sky130hd/secded_matched_sram_top/clk10p0ns_seed13/6_final.spef line 58580, u_data not connected to net data_dout[50].
[WARNING STA-1651] /campaign-run/results/sky130hd/secded_matched_sram_top/clk10p0ns_seed13/6_final.spef line 58594, u_data not connected to net data_dout[51].
[WARNING STA-1651] /campaign-run/results/sky130hd/secded_matched_sram_top/clk10p0ns_seed13/6_final.spef line 58617, u_data not connected to net data_dout[51].
[WARNING STA-1651] /campaign-run/results/sky130hd/secded_matched_sram_top/clk10p0ns_seed13/6_final.spef line 58631, u_data not connected to net data_dout[52].
[WARNING STA-1651] /campaign-run/results/sky130hd/secded_matched_sram_top/clk10p0ns_seed13/6_final.spef line 58647, u_data not connected to net data_dout[52].
[WARNING STA-1651] /campaign-run/results/sky130hd/secded_matched_sram_top/clk10p0ns_seed13/6_final.spef line 58660, u_data not connected to net data_dout[53].
[WARNING STA-1651] /campaign-run/results/sky130hd/secded_matched_sram_top/clk10p0ns_seed13/6_final.spef line 58680, u_data not connected to net data_dout[53].
[WARNING STA-1651] /campaign-run/results/sky130hd/secded_matched_sram_top/clk10p0ns_seed13/6_final.spef line 58694, u_data not connected to net data_dout[54].
[WARNING STA-1651] /campaign-run/results/sky130hd/secded_matched_sram_top/clk10p0ns_seed13/6_final.spef line 58718, u_data not connected to net data_dout[54].
[WARNING STA-1651] /campaign-run/results/sky130hd/secded_matched_sram_top/clk10p0ns_seed13/6_final.spef line 58732, u_data not connected to net data_dout[55].
[WARNING STA-1651] /campaign-run/results/sky130hd/secded_matched_sram_top/clk10p0ns_seed13/6_final.spef line 58755, u_data not connected to net data_dout[55].
[WARNING STA-1651] /campaign-run/results/sky130hd/secded_matched_sram_top/clk10p0ns_seed13/6_final.spef line 58769, u_data not connected to net data_dout[56].
[WARNING STA-1651] /campaign-run/results/sky130hd/secded_matched_sram_top/clk10p0ns_seed13/6_final.spef line 58794, u_data not connected to net data_dout[56].
[WARNING STA-1651] /campaign-run/results/sky130hd/secded_matched_sram_top/clk10p0ns_seed13/6_final.spef line 58809, u_data not connected to net data_dout[57].
[WARNING STA-1651] /campaign-run/results/sky130hd/secded_matched_sram_top/clk10p0ns_seed13/6_final.spef line 58825, u_data not connected to net data_dout[57].
[WARNING STA-1651] /campaign-run/results/sky130hd/secded_matched_sram_top/clk10p0ns_seed13/6_final.spef line 58840, u_data not connected to net data_dout[58].
[WARNING STA-1651] /campaign-run/results/sky130hd/secded_matched_sram_top/clk10p0ns_seed13/6_final.spef line 58876, u_data not connected to net data_dout[58].
[WARNING STA-1651] /campaign-run/results/sky130hd/secded_matched_sram_top/clk10p0ns_seed13/6_final.spef line 58891, u_data not connected to net data_dout[59].
[WARNING STA-1651] /campaign-run/results/sky130hd/secded_matched_sram_top/clk10p0ns_seed13/6_final.spef line 58914, u_data not connected to net data_dout[59].
[WARNING STA-1651] /campaign-run/results/sky130hd/secded_matched_sram_top/clk10p0ns_seed13/6_final.spef line 58928, u_data not connected to net data_dout[5].
[WARNING STA-1651] /campaign-run/results/sky130hd/secded_matched_sram_top/clk10p0ns_seed13/6_final.spef line 58952, u_data not connected to net data_dout[5].
[WARNING STA-1651] /campaign-run/results/sky130hd/secded_matched_sram_top/clk10p0ns_seed13/6_final.spef line 58965, u_data not connected to net data_dout[60].
[WARNING STA-1651] /campaign-run/results/sky130hd/secded_matched_sram_top/clk10p0ns_seed13/6_final.spef line 58989, u_data not connected to net data_dout[60].
[WARNING STA-1651] /campaign-run/results/sky130hd/secded_matched_sram_top/clk10p0ns_seed13/6_final.spef line 59003, u_data not connected to net data_dout[61].
[WARNING STA-1651] /campaign-run/results/sky130hd/secded_matched_sram_top/clk10p0ns_seed13/6_final.spef line 59021, u_data not connected to net data_dout[61].
[WARNING STA-1651] /campaign-run/results/sky130hd/secded_matched_sram_top/clk10p0ns_seed13/6_final.spef line 59034, u_data not connected to net data_dout[62].
[WARNING STA-1651] /campaign-run/results/sky130hd/secded_matched_sram_top/clk10p0ns_seed13/6_final.spef line 59058, u_data not connected to net data_dout[62].
[WARNING STA-1651] /campaign-run/results/sky130hd/secded_matched_sram_top/clk10p0ns_seed13/6_final.spef line 59069, u_data not connected to net data_dout[63].
[WARNING STA-1651] /campaign-run/results/sky130hd/secded_matched_sram_top/clk10p0ns_seed13/6_final.spef line 59112, u_data not connected to net data_dout[63].
[WARNING STA-1651] /campaign-run/results/sky130hd/secded_matched_sram_top/clk10p0ns_seed13/6_final.spef line 59126, u_data not connected to net data_dout[6].
[WARNING STA-1651] /campaign-run/results/sky130hd/secded_matched_sram_top/clk10p0ns_seed13/6_final.spef line 59152, u_data not connected to net data_dout[6].
[WARNING STA-1651] /campaign-run/results/sky130hd/secded_matched_sram_top/clk10p0ns_seed13/6_final.spef line 59165, u_data not connected to net data_dout[7].
[WARNING STA-1651] /campaign-run/results/sky130hd/secded_matched_sram_top/clk10p0ns_seed13/6_final.spef line 59188, u_data not connected to net data_dout[7].
[WARNING STA-1651] /campaign-run/results/sky130hd/secded_matched_sram_top/clk10p0ns_seed13/6_final.spef line 59201, u_data not connected to net data_dout[8].
[WARNING STA-1651] /campaign-run/results/sky130hd/secded_matched_sram_top/clk10p0ns_seed13/6_final.spef line 59225, u_data not connected to net data_dout[8].
[WARNING STA-1651] /campaign-run/results/sky130hd/secded_matched_sram_top/clk10p0ns_seed13/6_final.spef line 59240, u_data not connected to net data_dout[9].
[WARNING STA-1651] /campaign-run/results/sky130hd/secded_matched_sram_top/clk10p0ns_seed13/6_final.spef line 59267, u_data not connected to net data_dout[9].
[WARNING STA-1651] /campaign-run/results/sky130hd/secded_matched_sram_top/clk10p0ns_seed13/6_final.spef line 59304, u_ecc0 not connected to net ecc_dout[0].
[WARNING STA-1651] /campaign-run/results/sky130hd/secded_matched_sram_top/clk10p0ns_seed13/6_final.spef line 59326, u_ecc0 not connected to net ecc_dout[0].
[WARNING STA-1651] /campaign-run/results/sky130hd/secded_matched_sram_top/clk10p0ns_seed13/6_final.spef line 59341, u_ecc0 not connected to net ecc_dout[1].
[WARNING STA-1651] /campaign-run/results/sky130hd/secded_matched_sram_top/clk10p0ns_seed13/6_final.spef line 59378, u_ecc0 not connected to net ecc_dout[1].
[WARNING STA-1651] /campaign-run/results/sky130hd/secded_matched_sram_top/clk10p0ns_seed13/6_final.spef line 59393, u_ecc0 not connected to net ecc_dout[2].
[WARNING STA-1651] /campaign-run/results/sky130hd/secded_matched_sram_top/clk10p0ns_seed13/6_final.spef line 59423, u_ecc0 not connected to net ecc_dout[2].
[WARNING STA-1651] /campaign-run/results/sky130hd/secded_matched_sram_top/clk10p0ns_seed13/6_final.spef line 59442, u_ecc0 not connected to net ecc_dout[3].
[WARNING STA-1651] /campaign-run/results/sky130hd/secded_matched_sram_top/clk10p0ns_seed13/6_final.spef line 59465, u_ecc0 not connected to net ecc_dout[3].
[WARNING STA-1651] /campaign-run/results/sky130hd/secded_matched_sram_top/clk10p0ns_seed13/6_final.spef line 59483, u_ecc0 not connected to net ecc_dout[4].
[WARNING STA-1651] /campaign-run/results/sky130hd/secded_matched_sram_top/clk10p0ns_seed13/6_final.spef line 59507, u_ecc0 not connected to net ecc_dout[4].
[WARNING STA-1651] /campaign-run/results/sky130hd/secded_matched_sram_top/clk10p0ns_seed13/6_final.spef line 59525, u_ecc0 not connected to net ecc_dout[5].
[WARNING STA-1651] /campaign-run/results/sky130hd/secded_matched_sram_top/clk10p0ns_seed13/6_final.spef line 59581, u_ecc0 not connected to net ecc_dout[5].
[WARNING STA-1651] /campaign-run/results/sky130hd/secded_matched_sram_top/clk10p0ns_seed13/6_final.spef line 59603, u_ecc0 not connected to net ecc_dout[6].
[WARNING STA-1651] /campaign-run/results/sky130hd/secded_matched_sram_top/clk10p0ns_seed13/6_final.spef line 59638, u_ecc0 not connected to net ecc_dout[6].
[WARNING STA-1651] /campaign-run/results/sky130hd/secded_matched_sram_top/clk10p0ns_seed13/6_final.spef line 59653, u_ecc0 not connected to net ecc_dout[7].
[WARNING STA-1651] /campaign-run/results/sky130hd/secded_matched_sram_top/clk10p0ns_seed13/6_final.spef line 59662, u_ecc0 not connected to net ecc_dout[7].
Annotated 142 pin activities.
GREEN_V33_EXPLICIT_ROUTED_NET_ACTIVITY nets=1087
GREEN_V33_MACRO_OUTPUT_ACTIVITY_ROOT_ANNOTATIONS count=0
GREEN_V33_POWER_COMPLETE architecture=secded_matched_sram_top operation=READ_SINGLE_BIT_ERROR_CORRECT
