Error while reading cell "sky130_fd_bd_sram__sram_sp_cell" (byte position 359976): Unknown layer/datatype in boundary, layer=92 type=44
Error while reading cell "sky130_fd_bd_sram__sram_sp_cell" (byte position 360232): Unknown layer/datatype in boundary, layer=22 type=21
Error while reading cell "sky130_fd_bd_sram__sram_sp_cell" (byte position 361128): Unknown layer/datatype in boundary, layer=115 type=43
Error while reading cell "sky130_fd_bd_sram__sram_sp_cell_fom_serif_pmos" (byte position 357748): Unknown layer/datatype in boundary, layer=22 type=22
Error while reading cell "sky130_fd_bd_sram__sram_sp_cell_fom_serif_nmos" (byte position 357894): Unknown layer/datatype in boundary, layer=22 type=22
Error while reading cell "sky130_fd_bd_sram__sram_sp_cell_p1m_sizing" (byte position 356194): Unknown layer/datatype in boundary, layer=33 type=43
Error while reading cell "sky130_fd_bd_sram__sram_sp_cell_p1_serif" (byte position 355694): Unknown layer/datatype in boundary, layer=33 type=43
Error while reading cell "sky130_fd_bd_sram__sram_sp_cell_addpoly_sizing" (byte position 355490): Unknown layer/datatype in boundary, layer=33 type=43
CIF file read warning: CIF style sky130(vendor): units rescaled by factor of 5 / 1
Error while reading cell "sky130_fd_bd_sram__sram_sp_wlstrap_ce" (byte position 367540): Unknown layer/datatype in boundary, layer=92 type=44
Error while reading cell "sky130_fd_bd_sram__sram_sp_wlstrap_ce" (byte position 367988): Unknown layer/datatype in boundary, layer=22 type=21
Error while reading cell "sky130_fd_bd_sram__sram_sp_wlstrap_ce" (byte position 368436): Unknown layer/datatype in boundary, layer=115 type=42
Error while reading cell "sky130_fd_bd_sram__sram_sp_wlstrap_ce" (byte position 368628): Unknown layer/datatype in boundary, layer=115 type=43
Error while reading cell "sky130_fd_bd_sram__sram_sp_wlstrap_p1m_siz" (byte position 364958): Unknown layer/datatype in boundary, layer=33 type=43
Error while reading cell "sky130_fd_bd_sram__sram_sp_wlstrap_p_ce" (byte position 372614): Unknown layer/datatype in boundary, layer=22 type=21
Error while reading cell "sky130_fd_bd_sram__sram_sp_wlstrap_p_ce" (byte position 373030): Unknown layer/datatype in boundary, layer=115 type=42
Error while reading cell "sky130_fd_bd_sram__sram_sp_wlstrap_p_ce" (byte position 373158): Unknown layer/datatype in boundary, layer=115 type=43
Error while reading cell "sky130_fd_bd_sram__sram_sp_wlstrapa_p1m_siz" (byte position 376810): Unknown layer/datatype in boundary, layer=33 type=43
Error while reading cell "sky130_fd_bd_sram__sram_sp_colend" (byte position 403512): Unknown layer/datatype in boundary, layer=92 type=44
Error while reading cell "sky130_fd_bd_sram__sram_sp_colend" (byte position 403576): Unknown layer/datatype in boundary, layer=22 type=21
Error while reading cell "sky130_fd_bd_sram__sram_sp_colend" (byte position 404248): Unknown layer/datatype in boundary, layer=33 type=43
Error while reading cell "sky130_fd_bd_sram__sram_sp_colend_p_cent" (byte position 408388): Unknown layer/datatype in boundary, layer=33 type=43
Error while reading cell "sky130_fd_bd_sram__openram_sp_cell_opt1_replica" (byte position 409760): Unknown layer/datatype in boundary, layer=22 type=22
Error while reading cell "sky130_fd_bd_sram__openram_sp_cell_opt1_replica" (byte position 410016): Unknown layer/datatype in boundary, layer=33 type=43
Error while reading cell "sky130_fd_bd_sram__openram_sp_cell_opt1_replica" (byte position 413016): Unknown layer/datatype in boundary, layer=92 type=44
Error while reading cell "sky130_fd_bd_sram__openram_sp_cell_opt1_replica" (byte position 413272): Unknown layer/datatype in boundary, layer=22 type=21
Error while reading cell "sky130_fd_bd_sram__openram_sp_cell_opt1_replica" (byte position 414168): Unknown layer/datatype in boundary, layer=115 type=43
Error while reading cell "sky130_fd_bd_sram__openram_sp_cell_opt1a_replica" (byte position 417272): Unknown layer/datatype in boundary, layer=22 type=22
Error while reading cell "sky130_fd_bd_sram__openram_sp_cell_opt1a_replica" (byte position 417528): Unknown layer/datatype in boundary, layer=33 type=43
Error while reading cell "sky130_fd_bd_sram__openram_sp_cell_opt1a_replica" (byte position 420120): Unknown layer/datatype in boundary, layer=92 type=44
Error while reading cell "sky130_fd_bd_sram__openram_sp_cell_opt1a_replica" (byte position 420376): Unknown layer/datatype in boundary, layer=22 type=21
Error while reading cell "sky130_fd_bd_sram__openram_sp_cell_opt1a_replica" (byte position 421272): Unknown layer/datatype in boundary, layer=115 type=43
Error while reading cell "sky130_fd_bd_sram__sram_sp_colenda" (byte position 426194): Unknown layer/datatype in boundary, layer=92 type=44
Error while reading cell "sky130_fd_bd_sram__sram_sp_colenda" (byte position 426722): Unknown layer/datatype in boundary, layer=22 type=21
Error while reading cell "sky130_fd_bd_sram__sram_sp_colenda" (byte position 426946): Unknown layer/datatype in boundary, layer=33 type=43
Error while reading cell "sky130_fd_bd_sram__sram_sp_colenda_p_cent" (byte position 431448): Unknown layer/datatype in boundary, layer=33 type=43
Error while reading cell "sky130_fd_bd_sram__openram_sp_cell_opt1a_dummy" (byte position 442698): Unknown layer/datatype in boundary, layer=22 type=22
Error while reading cell "sky130_fd_bd_sram__openram_sp_cell_opt1a_dummy" (byte position 442954): Unknown layer/datatype in boundary, layer=33 type=43
Error while reading cell "sky130_fd_bd_sram__openram_sp_cell_opt1a_dummy" (byte position 445314): Unknown layer/datatype in boundary, layer=92 type=44
Error while reading cell "sky130_fd_bd_sram__openram_sp_cell_opt1a_dummy" (byte position 445570): Unknown layer/datatype in boundary, layer=22 type=21
Error while reading cell "sky130_fd_bd_sram__openram_sp_cell_opt1a_dummy" (byte position 446466): Unknown layer/datatype in boundary, layer=115 type=43
Error while reading cell "sky130_fd_bd_sram__sram_sp_colenda_cent" (byte position 463470): Unknown layer/datatype in boundary, layer=92 type=44
Error while reading cell "sky130_fd_bd_sram__sram_sp_colenda_cent" (byte position 463854): Unknown layer/datatype in boundary, layer=33 type=43
Error while reading cell "sky130_fd_bd_sram__sram_sp_colend_cent" (byte position 478194): Unknown layer/datatype in boundary, layer=92 type=44
Error while reading cell "sky130_fd_bd_sram__sram_sp_colend_cent" (byte position 479026): Unknown layer/datatype in boundary, layer=33 type=43
Error while reading cell "sky130_fd_bd_sram__sram_sp_cornera" (byte position 490532): Unknown layer/datatype in boundary, layer=92 type=44
Error while reading cell "sky130_fd_bd_sram__sram_sp_corner_ce" (byte position 490142): Unknown layer/datatype in boundary, layer=92 type=44
Error while reading cell "sky130_fd_bd_sram__sram_sp_cornera_p1m_serif" (byte position 488758): Unknown layer/datatype in boundary, layer=33 type=43
Error while reading cell "sky130_fd_bd_sram__sram_sp_rowend_replica_ce" (byte position 492666): Unknown layer/datatype in boundary, layer=92 type=44
Error while reading cell "sky130_fd_bd_sram__sram_sp_rowend_replica_ce" (byte position 493082): Unknown layer/datatype in boundary, layer=22 type=21
Error while reading cell "sky130_fd_bd_sram__sram_sp_rowend_replica_ce" (byte position 493306): Unknown layer/datatype in boundary, layer=115 type=42
Error while reading cell "sky130_fd_bd_sram__sram_sp_rowend_replica_ce" (byte position 493434): Unknown layer/datatype in boundary, layer=115 type=43
Error while reading cell "sky130_fd_bd_sram__sram_sp_rowenda_p1m_siz" (byte position 493592): Unknown layer/datatype in boundary, layer=33 type=43
Error while reading cell "sky130_fd_bd_sram__sram_sp_rowend_p1m_siz" (byte position 495064): Unknown layer/datatype in boundary, layer=33 type=43
Error while reading cell "sky130_fd_bd_sram__sram_sp_corner_p1m_serif" (byte position 496142): Unknown layer/datatype in boundary, layer=33 type=43
Error while reading cell "sky130_fd_bd_sram__sram_sp_rowend_ce" (byte position 505984): Unknown layer/datatype in boundary, layer=92 type=44
Error while reading cell "sky130_fd_bd_sram__sram_sp_rowend_ce" (byte position 506400): Unknown layer/datatype in boundary, layer=22 type=21
Error while reading cell "sky130_fd_bd_sram__sram_sp_rowend_ce" (byte position 506624): Unknown layer/datatype in boundary, layer=115 type=42
Error while reading cell "sky130_fd_bd_sram__sram_sp_rowend_ce" (byte position 506752): Unknown layer/datatype in boundary, layer=115 type=43
Error while reading cell "sky130_sram_1rw_8x16_gate3a03_control_precharge_0" (byte position 548494): Warning:  Cell sky130_sram_1rw_8x16_gate3a03_control_precharge_0 boundary was redefined.
Error while reading cell "sky130_sram_1rw_8x16_gate3a03_control_precharge_array" (byte position 545782): Warning:  Cell sky130_sram_1rw_8x16_gate3a03_control_precharge_array boundary was redefined.
Error while reading cell "sky130_sram_1rw_8x16_gate3a03_control_precharge_array" (byte position 545782): Warning:  Cell sky130_sram_1rw_8x16_gate3a03_control_precharge_array boundary was redefined.
Error while reading cell "sky130_sram_1rw_8x16_gate3a03_control_precharge_array" (byte position 545782): Warning:  Cell sky130_sram_1rw_8x16_gate3a03_control_precharge_array boundary was redefined.
Error while reading cell "sky130_sram_1rw_8x16_gate3a03_control_precharge_array" (byte position 545782): Warning:  Cell sky130_sram_1rw_8x16_gate3a03_control_precharge_array boundary was redefined.
Error while reading cell "sky130_sram_1rw_8x16_gate3a03_control_precharge_array" (byte position 545782): Warning:  Cell sky130_sram_1rw_8x16_gate3a03_control_precharge_array boundary was redefined.
Error while reading cell "sky130_sram_1rw_8x16_gate3a03_control_precharge_array" (byte position 545782): Warning:  Cell sky130_sram_1rw_8x16_gate3a03_control_precharge_array boundary was redefined.
Error while reading cell "sky130_sram_1rw_8x16_gate3a03_control_precharge_array" (byte position 545782): Warning:  Cell sky130_sram_1rw_8x16_gate3a03_control_precharge_array boundary was redefined.
Error while reading cell "sky130_sram_1rw_8x16_gate3a03_control_precharge_array" (byte position 545782): Warning:  Cell sky130_sram_1rw_8x16_gate3a03_control_precharge_array boundary was redefined.
Error while reading cell "sky130_sram_1rw_8x16_gate3a03_control_precharge_array" (byte position 545782): Warning:  Cell sky130_sram_1rw_8x16_gate3a03_control_precharge_array boundary was redefined.
Error while reading cell "sky130_sram_1rw_8x16_gate3a03_control_precharge_array" (byte position 545782): Warning:  Cell sky130_sram_1rw_8x16_gate3a03_control_precharge_array boundary was redefined.
Error while reading cell "sky130_sram_1rw_8x16_gate3a03_control_pnand2" (byte position 624638): Warning:  Cell sky130_sram_1rw_8x16_gate3a03_control_pnand2 boundary was redefined.
Error while reading cell "sky130_sram_1rw_8x16_gate3a03_control_pnand2" (byte position 624638): Warning:  Cell sky130_sram_1rw_8x16_gate3a03_control_pnand2 boundary was redefined.
Error while reading cell "sky130_sram_1rw_8x16_gate3a03_control_pnand2" (byte position 624638): Warning:  Cell sky130_sram_1rw_8x16_gate3a03_control_pnand2 boundary was redefined.
Error while reading cell "sky130_sram_1rw_8x16_gate3a03_control_pinv" (byte position 630712): Warning:  Cell sky130_sram_1rw_8x16_gate3a03_control_pinv boundary was redefined.
Error while reading cell "sky130_sram_1rw_8x16_gate3a03_control_pinv" (byte position 630712): Warning:  Cell sky130_sram_1rw_8x16_gate3a03_control_pinv boundary was redefined.
Error while reading cell "sky130_sram_1rw_8x16_gate3a03_control_pinv" (byte position 630712): Warning:  Cell sky130_sram_1rw_8x16_gate3a03_control_pinv boundary was redefined.
Error while reading cell "sky130_sram_1rw_8x16_gate3a03_control_write_mask_and_array" (byte position 620668): Warning:  Cell sky130_sram_1rw_8x16_gate3a03_control_write_mask_and_array boundary was redefined.
Error while reading cell "sky130_sram_1rw_8x16_gate3a03_control_write_mask_and_array" (byte position 620668): Warning:  Cell sky130_sram_1rw_8x16_gate3a03_control_write_mask_and_array boundary was redefined.
Error while reading cell "sky130_sram_1rw_8x16_gate3a03_control_write_mask_and_array" (byte position 620668): Warning:  Cell sky130_sram_1rw_8x16_gate3a03_control_write_mask_and_array boundary was redefined.
Error while reading cell "sky130_sram_1rw_8x16_gate3a03_control_write_mask_and_array" (byte position 620668): Warning:  Cell sky130_sram_1rw_8x16_gate3a03_control_write_mask_and_array boundary was redefined.
Error while reading cell "sky130_sram_1rw_8x16_gate3a03_control_write_mask_and_array" (byte position 620668): Warning:  Cell sky130_sram_1rw_8x16_gate3a03_control_write_mask_and_array boundary was redefined.
Error while reading cell "sky130_sram_1rw_8x16_gate3a03_control_write_mask_and_array" (byte position 620668): Warning:  Cell sky130_sram_1rw_8x16_gate3a03_control_write_mask_and_array boundary was redefined.
Error while reading cell "sky130_sram_1rw_8x16_gate3a03_control_write_mask_and_array" (byte position 620668): Warning:  Cell sky130_sram_1rw_8x16_gate3a03_control_write_mask_and_array boundary was redefined.
Error while reading cell "sky130_sram_1rw_8x16_gate3a03_control_write_mask_and_array" (byte position 620668): Warning:  Cell sky130_sram_1rw_8x16_gate3a03_control_write_mask_and_array boundary was redefined.
Error while reading cell "sky130_sram_1rw_8x16_gate3a03_control_write_mask_and_array" (byte position 620668): Warning:  Cell sky130_sram_1rw_8x16_gate3a03_control_write_mask_and_array boundary was redefined.
Error while reading cell "sky130_sram_1rw_8x16_gate3a03_control_write_mask_and_array" (byte position 620668): Warning:  Cell sky130_sram_1rw_8x16_gate3a03_control_write_mask_and_array boundary was redefined.
Error while reading cell "sky130_sram_1rw_8x16_gate3a03_control_write_mask_and_array" (byte position 620668): Warning:  Cell sky130_sram_1rw_8x16_gate3a03_control_write_mask_and_array boundary was redefined.
Error while reading cell "sky130_sram_1rw_8x16_gate3a03_control_write_mask_and_array" (byte position 620668): Warning:  Cell sky130_sram_1rw_8x16_gate3a03_control_write_mask_and_array boundary was redefined.
Error while reading cell "sky130_sram_1rw_8x16_gate3a03_control_write_mask_and_array" (byte position 620668): Warning:  Cell sky130_sram_1rw_8x16_gate3a03_control_write_mask_and_array boundary was redefined.
Error while reading cell "sky130_sram_1rw_8x16_gate3a03_control_write_mask_and_array" (byte position 620668): Warning:  Cell sky130_sram_1rw_8x16_gate3a03_control_write_mask_and_array boundary was redefined.
Error while reading cell "sky130_sram_1rw_8x16_gate3a03_control_pinv_dec" (byte position 712448): Warning:  Cell sky130_sram_1rw_8x16_gate3a03_control_pinv_dec boundary was redefined.
Error while reading cell "sky130_sram_1rw_8x16_gate3a03_control_pinv_dec" (byte position 712448): Warning:  Cell sky130_sram_1rw_8x16_gate3a03_control_pinv_dec boundary was redefined.
Error while reading cell "sky130_sram_1rw_8x16_gate3a03_control_pinv_dec" (byte position 712448): Warning:  Cell sky130_sram_1rw_8x16_gate3a03_control_pinv_dec boundary was redefined.
Error while reading cell "sky130_sram_1rw_8x16_gate3a03_control_pinv_dec" (byte position 712448): Warning:  Cell sky130_sram_1rw_8x16_gate3a03_control_pinv_dec boundary was redefined.
Error while reading cell "sky130_sram_1rw_8x16_gate3a03_control_hierarchical_decoder" (byte position 700356): Warning:  Cell sky130_sram_1rw_8x16_gate3a03_control_hierarchical_decoder boundary was redefined.
Error while reading cell "sky130_sram_1rw_8x16_gate3a03_control_pinv_dec_0" (byte position 784704): Warning:  Cell sky130_sram_1rw_8x16_gate3a03_control_pinv_dec_0 boundary was redefined.
Error while reading cell "sky130_sram_1rw_8x16_gate3a03_control_pinv_dec_0" (byte position 784704): Warning:  Cell sky130_sram_1rw_8x16_gate3a03_control_pinv_dec_0 boundary was redefined.
Error while reading cell "sky130_sram_1rw_8x16_gate3a03_control_pinv_dec_0" (byte position 784704): Warning:  Cell sky130_sram_1rw_8x16_gate3a03_control_pinv_dec_0 boundary was redefined.
Error while reading cell "sky130_sram_1rw_8x16_gate3a03_control_pinv_dec_0" (byte position 784704): Warning:  Cell sky130_sram_1rw_8x16_gate3a03_control_pinv_dec_0 boundary was redefined.
Error while reading cell "sky130_sram_1rw_8x16_gate3a03_control_port_address" (byte position 651582): Warning:  Cell sky130_sram_1rw_8x16_gate3a03_control_port_address boundary was redefined.
Error while reading cell "sky130_sram_1rw_8x16_gate3a03_control_port_address" (byte position 651582): Warning:  Cell sky130_sram_1rw_8x16_gate3a03_control_port_address boundary was redefined.
Error while reading cell "sky130_sram_1rw_8x16_gate3a03_control_port_address" (byte position 651582): Warning:  Cell sky130_sram_1rw_8x16_gate3a03_control_port_address boundary was redefined.
Error while reading cell "sky130_sram_1rw_8x16_gate3a03_control_port_address" (byte position 651582): Warning:  Cell sky130_sram_1rw_8x16_gate3a03_control_port_address boundary was redefined.
Error while reading cell "sky130_sram_1rw_8x16_gate3a03_control_pinv_0" (byte position 840884): Warning:  Cell sky130_sram_1rw_8x16_gate3a03_control_pinv_0 boundary was redefined.
Error while reading cell "sky130_sram_1rw_8x16_gate3a03_control_pinv_0" (byte position 840884): Warning:  Cell sky130_sram_1rw_8x16_gate3a03_control_pinv_0 boundary was redefined.
Error while reading cell "sky130_sram_1rw_8x16_gate3a03_control_pinv_0" (byte position 840884): Warning:  Cell sky130_sram_1rw_8x16_gate3a03_control_pinv_0 boundary was redefined.
Error while reading cell "sky130_sram_1rw_8x16_gate3a03_control_pinv_1" (byte position 845346): Warning:  Cell sky130_sram_1rw_8x16_gate3a03_control_pinv_1 boundary was redefined.
Error while reading cell "sky130_sram_1rw_8x16_gate3a03_control_pinv_1" (byte position 845346): Warning:  Cell sky130_sram_1rw_8x16_gate3a03_control_pinv_1 boundary was redefined.
Error while reading cell "sky130_sram_1rw_8x16_gate3a03_control_pinv_1" (byte position 845346): Warning:  Cell sky130_sram_1rw_8x16_gate3a03_control_pinv_1 boundary was redefined.
Error while reading cell "sky130_sram_1rw_8x16_gate3a03_control_dff_buf_array" (byte position 816170): Warning:  Cell sky130_sram_1rw_8x16_gate3a03_control_dff_buf_array boundary was redefined.
Error while reading cell "sky130_sram_1rw_8x16_gate3a03_control_dff_buf_array" (byte position 816170): Warning:  Cell sky130_sram_1rw_8x16_gate3a03_control_dff_buf_array boundary was redefined.
Error while reading cell "sky130_sram_1rw_8x16_gate3a03_control_dff_buf_array" (byte position 816170): Warning:  Cell sky130_sram_1rw_8x16_gate3a03_control_dff_buf_array boundary was redefined.
Error while reading cell "sky130_sram_1rw_8x16_gate3a03_control_dff_buf_array" (byte position 816170): Warning:  Cell sky130_sram_1rw_8x16_gate3a03_control_dff_buf_array boundary was redefined.
Error while reading cell "sky130_sram_1rw_8x16_gate3a03_control_dff_buf_array" (byte position 816170): Warning:  Cell sky130_sram_1rw_8x16_gate3a03_control_dff_buf_array boundary was redefined.
Error while reading cell "sky130_sram_1rw_8x16_gate3a03_control_dff_buf_array" (byte position 816170): Warning:  Cell sky130_sram_1rw_8x16_gate3a03_control_dff_buf_array boundary was redefined.
Error while reading cell "sky130_sram_1rw_8x16_gate3a03_control_dff_buf_array" (byte position 816170): Warning:  Cell sky130_sram_1rw_8x16_gate3a03_control_dff_buf_array boundary was redefined.
Error while reading cell "sky130_sram_1rw_8x16_gate3a03_control_dff_buf_array" (byte position 816170): Warning:  Cell sky130_sram_1rw_8x16_gate3a03_control_dff_buf_array boundary was redefined.
Error while reading cell "sky130_sram_1rw_8x16_gate3a03_control_dff_buf_array" (byte position 816170): Warning:  Cell sky130_sram_1rw_8x16_gate3a03_control_dff_buf_array boundary was redefined.
Error while reading cell "sky130_sram_1rw_8x16_gate3a03_control_dff_buf_array" (byte position 816170): Warning:  Cell sky130_sram_1rw_8x16_gate3a03_control_dff_buf_array boundary was redefined.
Error while reading cell "sky130_sram_1rw_8x16_gate3a03_control_dff_buf_array" (byte position 816170): Warning:  Cell sky130_sram_1rw_8x16_gate3a03_control_dff_buf_array boundary was redefined.
Error while reading cell "sky130_sram_1rw_8x16_gate3a03_control_dff_buf_array" (byte position 816170): Warning:  Cell sky130_sram_1rw_8x16_gate3a03_control_dff_buf_array boundary was redefined.
Error while reading cell "sky130_sram_1rw_8x16_gate3a03_control_pinv_4" (byte position 851932): Warning:  Cell sky130_sram_1rw_8x16_gate3a03_control_pinv_4 boundary was redefined.
Error while reading cell "sky130_sram_1rw_8x16_gate3a03_control_pinv_4" (byte position 851932): Warning:  Cell sky130_sram_1rw_8x16_gate3a03_control_pinv_4 boundary was redefined.
Error while reading cell "sky130_sram_1rw_8x16_gate3a03_control_pinv_4" (byte position 851932): Warning:  Cell sky130_sram_1rw_8x16_gate3a03_control_pinv_4 boundary was redefined.
Error while reading cell "sky130_sram_1rw_8x16_gate3a03_control_pinv_5" (byte position 854026): Warning:  Cell sky130_sram_1rw_8x16_gate3a03_control_pinv_5 boundary was redefined.
Error while reading cell "sky130_sram_1rw_8x16_gate3a03_control_pinv_5" (byte position 854026): Warning:  Cell sky130_sram_1rw_8x16_gate3a03_control_pinv_5 boundary was redefined.
Error while reading cell "sky130_sram_1rw_8x16_gate3a03_control_pinv_5" (byte position 854026): Warning:  Cell sky130_sram_1rw_8x16_gate3a03_control_pinv_5 boundary was redefined.
Error while reading cell "sky130_sram_1rw_8x16_gate3a03_control_pinv_6" (byte position 858616): Warning:  Cell sky130_sram_1rw_8x16_gate3a03_control_pinv_6 boundary was redefined.
Error while reading cell "sky130_sram_1rw_8x16_gate3a03_control_pinv_6" (byte position 858616): Warning:  Cell sky130_sram_1rw_8x16_gate3a03_control_pinv_6 boundary was redefined.
Error while reading cell "sky130_sram_1rw_8x16_gate3a03_control_pinv_6" (byte position 858616): Warning:  Cell sky130_sram_1rw_8x16_gate3a03_control_pinv_6 boundary was redefined.
Error while reading cell "sky130_sram_1rw_8x16_gate3a03_control_pinv_7" (byte position 865298): Warning:  Cell sky130_sram_1rw_8x16_gate3a03_control_pinv_7 boundary was redefined.
Error while reading cell "sky130_sram_1rw_8x16_gate3a03_control_pinv_7" (byte position 865298): Warning:  Cell sky130_sram_1rw_8x16_gate3a03_control_pinv_7 boundary was redefined.
Error while reading cell "sky130_sram_1rw_8x16_gate3a03_control_pinv_7" (byte position 865298): Warning:  Cell sky130_sram_1rw_8x16_gate3a03_control_pinv_7 boundary was redefined.
Error while reading cell "sky130_sram_1rw_8x16_gate3a03_control_pinv_10" (byte position 875646): Warning:  Cell sky130_sram_1rw_8x16_gate3a03_control_pinv_10 boundary was redefined.
Error while reading cell "sky130_sram_1rw_8x16_gate3a03_control_pinv_10" (byte position 875646): Warning:  Cell sky130_sram_1rw_8x16_gate3a03_control_pinv_10 boundary was redefined.
Error while reading cell "sky130_sram_1rw_8x16_gate3a03_control_pinv_10" (byte position 875646): Warning:  Cell sky130_sram_1rw_8x16_gate3a03_control_pinv_10 boundary was redefined.
Error while reading cell "sky130_sram_1rw_8x16_gate3a03_control_pnand2_0" (byte position 879624): Warning:  Cell sky130_sram_1rw_8x16_gate3a03_control_pnand2_0 boundary was redefined.
Error while reading cell "sky130_sram_1rw_8x16_gate3a03_control_pnand2_0" (byte position 879624): Warning:  Cell sky130_sram_1rw_8x16_gate3a03_control_pnand2_0 boundary was redefined.
Error while reading cell "sky130_sram_1rw_8x16_gate3a03_control_pnand2_0" (byte position 879624): Warning:  Cell sky130_sram_1rw_8x16_gate3a03_control_pnand2_0 boundary was redefined.
Error while reading cell "sky130_sram_1rw_8x16_gate3a03_control_pinv_2" (byte position 883016): Warning:  Cell sky130_sram_1rw_8x16_gate3a03_control_pinv_2 boundary was redefined.
Error while reading cell "sky130_sram_1rw_8x16_gate3a03_control_pinv_2" (byte position 883016): Warning:  Cell sky130_sram_1rw_8x16_gate3a03_control_pinv_2 boundary was redefined.
Error while reading cell "sky130_sram_1rw_8x16_gate3a03_control_pinv_2" (byte position 883016): Warning:  Cell sky130_sram_1rw_8x16_gate3a03_control_pinv_2 boundary was redefined.
Error while reading cell "sky130_sram_1rw_8x16_gate3a03_control_pinv_8" (byte position 891150): Warning:  Cell sky130_sram_1rw_8x16_gate3a03_control_pinv_8 boundary was redefined.
Error while reading cell "sky130_sram_1rw_8x16_gate3a03_control_pinv_8" (byte position 891150): Warning:  Cell sky130_sram_1rw_8x16_gate3a03_control_pinv_8 boundary was redefined.
Error while reading cell "sky130_sram_1rw_8x16_gate3a03_control_pinv_8" (byte position 891150): Warning:  Cell sky130_sram_1rw_8x16_gate3a03_control_pinv_8 boundary was redefined.
Error while reading cell "sky130_sram_1rw_8x16_gate3a03_control_pnand3" (byte position 898640): Warning:  Cell sky130_sram_1rw_8x16_gate3a03_control_pnand3 boundary was redefined.
Error while reading cell "sky130_sram_1rw_8x16_gate3a03_control_pnand3" (byte position 898640): Warning:  Cell sky130_sram_1rw_8x16_gate3a03_control_pnand3 boundary was redefined.
Error while reading cell "sky130_sram_1rw_8x16_gate3a03_control_pnand3" (byte position 898640): Warning:  Cell sky130_sram_1rw_8x16_gate3a03_control_pnand3 boundary was redefined.
Error while reading cell "sky130_sram_1rw_8x16_gate3a03_control_pinv_9" (byte position 902908): Warning:  Cell sky130_sram_1rw_8x16_gate3a03_control_pinv_9 boundary was redefined.
Error while reading cell "sky130_sram_1rw_8x16_gate3a03_control_pinv_9" (byte position 902908): Warning:  Cell sky130_sram_1rw_8x16_gate3a03_control_pinv_9 boundary was redefined.
Error while reading cell "sky130_sram_1rw_8x16_gate3a03_control_pinv_9" (byte position 902908): Warning:  Cell sky130_sram_1rw_8x16_gate3a03_control_pinv_9 boundary was redefined.
Error while reading cell "sky130_sram_1rw_8x16_gate3a03_control_pinv_11" (byte position 948064): Warning:  Cell sky130_sram_1rw_8x16_gate3a03_control_pinv_11 boundary was redefined.
Error while reading cell "sky130_sram_1rw_8x16_gate3a03_control_pinv_11" (byte position 948064): Warning:  Cell sky130_sram_1rw_8x16_gate3a03_control_pinv_11 boundary was redefined.
Error while reading cell "sky130_sram_1rw_8x16_gate3a03_control_pinv_11" (byte position 948064): Warning:  Cell sky130_sram_1rw_8x16_gate3a03_control_pinv_11 boundary was redefined.
Error while reading cell "sky130_sram_1rw_8x16_gate3a03_control_delay_chain" (byte position 946096): Warning:  Cell sky130_sram_1rw_8x16_gate3a03_control_delay_chain boundary was redefined.
Error while reading cell "sky130_sram_1rw_8x16_gate3a03_control_delay_chain" (byte position 946096): Warning:  Cell sky130_sram_1rw_8x16_gate3a03_control_delay_chain boundary was redefined.
Error while reading cell "sky130_sram_1rw_8x16_gate3a03_control_delay_chain" (byte position 946096): Warning:  Cell sky130_sram_1rw_8x16_gate3a03_control_delay_chain boundary was redefined.
Error while reading cell "sky130_sram_1rw_8x16_gate3a03_control_delay_chain" (byte position 946096): Warning:  Cell sky130_sram_1rw_8x16_gate3a03_control_delay_chain boundary was redefined.
Error while reading cell "sky130_sram_1rw_8x16_gate3a03_control_delay_chain" (byte position 946096): Warning:  Cell sky130_sram_1rw_8x16_gate3a03_control_delay_chain boundary was redefined.
Error while reading cell "sky130_sram_1rw_8x16_gate3a03_control_delay_chain" (byte position 946096): Warning:  Cell sky130_sram_1rw_8x16_gate3a03_control_delay_chain boundary was redefined.
Error while reading cell "sky130_sram_1rw_8x16_gate3a03_control_delay_chain" (byte position 946096): Warning:  Cell sky130_sram_1rw_8x16_gate3a03_control_delay_chain boundary was redefined.
Error while reading cell "sky130_sram_1rw_8x16_gate3a03_control_pnand2_1" (byte position 951098): Warning:  Cell sky130_sram_1rw_8x16_gate3a03_control_pnand2_1 boundary was redefined.
Error while reading cell "sky130_sram_1rw_8x16_gate3a03_control_pnand2_1" (byte position 951098): Warning:  Cell sky130_sram_1rw_8x16_gate3a03_control_pnand2_1 boundary was redefined.
Error while reading cell "sky130_sram_1rw_8x16_gate3a03_control_pnand2_1" (byte position 951098): Warning:  Cell sky130_sram_1rw_8x16_gate3a03_control_pnand2_1 boundary was redefined.
Error while reading cell "sky130_sram_1rw_8x16_gate3a03_control_control_logic_rw" (byte position 811940): Warning:  Cell sky130_sram_1rw_8x16_gate3a03_control_control_logic_rw boundary was redefined.
Error while reading cell "sky130_sram_1rw_8x16_gate3a03_control_control_logic_rw" (byte position 811940): Warning:  Cell sky130_sram_1rw_8x16_gate3a03_control_control_logic_rw boundary was redefined.
Error while reading cell "sky130_sram_1rw_8x16_gate3a03_control_row_addr_dff" (byte position 960788): Warning:  Cell sky130_sram_1rw_8x16_gate3a03_control_row_addr_dff boundary was redefined.
Error while reading cell "sky130_sram_1rw_8x16_gate3a03_control_row_addr_dff" (byte position 960788): Warning:  Cell sky130_sram_1rw_8x16_gate3a03_control_row_addr_dff boundary was redefined.
Error while reading cell "sky130_sram_1rw_8x16_gate3a03_control_row_addr_dff" (byte position 960788): Warning:  Cell sky130_sram_1rw_8x16_gate3a03_control_row_addr_dff boundary was redefined.
Error while reading cell "sky130_sram_1rw_8x16_gate3a03_control_row_addr_dff" (byte position 960788): Warning:  Cell sky130_sram_1rw_8x16_gate3a03_control_row_addr_dff boundary was redefined.
Error while reading cell "sky130_sram_1rw_8x16_gate3a03_control_row_addr_dff" (byte position 960788): Warning:  Cell sky130_sram_1rw_8x16_gate3a03_control_row_addr_dff boundary was redefined.
Error while reading cell "sky130_sram_1rw_8x16_gate3a03_control_row_addr_dff" (byte position 960788): Warning:  Cell sky130_sram_1rw_8x16_gate3a03_control_row_addr_dff boundary was redefined.
Error while reading cell "sky130_sram_1rw_8x16_gate3a03_control_row_addr_dff" (byte position 960788): Warning:  Cell sky130_sram_1rw_8x16_gate3a03_control_row_addr_dff boundary was redefined.
Error while reading cell "sky130_sram_1rw_8x16_gate3a03_control_row_addr_dff" (byte position 960788): Warning:  Cell sky130_sram_1rw_8x16_gate3a03_control_row_addr_dff boundary was redefined.
Error while reading cell "sky130_sram_1rw_8x16_gate3a03_control_row_addr_dff" (byte position 960788): Warning:  Cell sky130_sram_1rw_8x16_gate3a03_control_row_addr_dff boundary was redefined.
Error while reading cell "sky130_sram_1rw_8x16_gate3a03_control_row_addr_dff" (byte position 960788): Warning:  Cell sky130_sram_1rw_8x16_gate3a03_control_row_addr_dff boundary was redefined.
Error while reading cell "sky130_sram_1rw_8x16_gate3a03_control_row_addr_dff" (byte position 960788): Warning:  Cell sky130_sram_1rw_8x16_gate3a03_control_row_addr_dff boundary was redefined.
Error while reading cell "sky130_sram_1rw_8x16_gate3a03_control_row_addr_dff" (byte position 960788): Warning:  Cell sky130_sram_1rw_8x16_gate3a03_control_row_addr_dff boundary was redefined.
Error while reading cell "sky130_sram_1rw_8x16_gate3a03_control_row_addr_dff" (byte position 960788): Warning:  Cell sky130_sram_1rw_8x16_gate3a03_control_row_addr_dff boundary was redefined.
Error while reading cell "sky130_sram_1rw_8x16_gate3a03_control_row_addr_dff" (byte position 960788): Warning:  Cell sky130_sram_1rw_8x16_gate3a03_control_row_addr_dff boundary was redefined.
Error while reading cell "sky130_sram_1rw_8x16_gate3a03_control_row_addr_dff" (byte position 960788): Warning:  Cell sky130_sram_1rw_8x16_gate3a03_control_row_addr_dff boundary was redefined.
Error while reading cell "sky130_sram_1rw_8x16_gate3a03_control_row_addr_dff" (byte position 960788): Warning:  Cell sky130_sram_1rw_8x16_gate3a03_control_row_addr_dff boundary was redefined.
Error while reading cell "sky130_sram_1rw_8x16_gate3a03_control_row_addr_dff" (byte position 960788): Warning:  Cell sky130_sram_1rw_8x16_gate3a03_control_row_addr_dff boundary was redefined.
Error while reading cell "sky130_sram_1rw_8x16_gate3a03_control_row_addr_dff" (byte position 960788): Warning:  Cell sky130_sram_1rw_8x16_gate3a03_control_row_addr_dff boundary was redefined.
Error while reading cell "sky130_sram_1rw_8x16_gate3a03_control_row_addr_dff" (byte position 960788): Warning:  Cell sky130_sram_1rw_8x16_gate3a03_control_row_addr_dff boundary was redefined.
Error while reading cell "sky130_sram_1rw_8x16_gate3a03_control_row_addr_dff" (byte position 960788): Warning:  Cell sky130_sram_1rw_8x16_gate3a03_control_row_addr_dff boundary was redefined.
Error while reading cell "sky130_sram_1rw_8x16_gate3a03_control_row_addr_dff" (byte position 960788): Warning:  Cell sky130_sram_1rw_8x16_gate3a03_control_row_addr_dff boundary was redefined.
Error while reading cell "sky130_sram_1rw_8x16_gate3a03_control_row_addr_dff" (byte position 960788): Warning:  Cell sky130_sram_1rw_8x16_gate3a03_control_row_addr_dff boundary was redefined.
Error while reading cell "sky130_sram_1rw_8x16_gate3a03_control_row_addr_dff" (byte position 960788): Warning:  Cell sky130_sram_1rw_8x16_gate3a03_control_row_addr_dff boundary was redefined.
Error while reading cell "sky130_sram_1rw_8x16_gate3a03_control_row_addr_dff" (byte position 960788): Warning:  Cell sky130_sram_1rw_8x16_gate3a03_control_row_addr_dff boundary was redefined.
Error while reading cell "sky130_sram_1rw_8x16_gate3a03_control_wmask_dff" (byte position 964462): Warning:  Cell sky130_sram_1rw_8x16_gate3a03_control_wmask_dff boundary was redefined.
Error while reading cell "sky130_sram_1rw_8x16_gate3a03_control_wmask_dff" (byte position 964462): Warning:  Cell sky130_sram_1rw_8x16_gate3a03_control_wmask_dff boundary was redefined.
Error while reading cell "sky130_sram_1rw_8x16_gate3a03_control_wmask_dff" (byte position 964462): Warning:  Cell sky130_sram_1rw_8x16_gate3a03_control_wmask_dff boundary was redefined.
Error while reading cell "sky130_sram_1rw_8x16_gate3a03_control_data_dff" (byte position 973048): Warning:  Cell sky130_sram_1rw_8x16_gate3a03_control_data_dff boundary was redefined.
Error while reading cell "sky130_sram_1rw_8x16_gate3a03_control_data_dff" (byte position 973048): Warning:  Cell sky130_sram_1rw_8x16_gate3a03_control_data_dff boundary was redefined.
Error while reading cell "sky130_sram_1rw_8x16_gate3a03_control_data_dff" (byte position 973048): Warning:  Cell sky130_sram_1rw_8x16_gate3a03_control_data_dff boundary was redefined.
Error while reading cell "sky130_sram_1rw_8x16_gate3a03_control_data_dff" (byte position 973048): Warning:  Cell sky130_sram_1rw_8x16_gate3a03_control_data_dff boundary was redefined.
Error while reading cell "sky130_sram_1rw_8x16_gate3a03_control_data_dff" (byte position 973048): Warning:  Cell sky130_sram_1rw_8x16_gate3a03_control_data_dff boundary was redefined.
Error while reading cell "sky130_sram_1rw_8x16_gate3a03_control_data_dff" (byte position 973048): Warning:  Cell sky130_sram_1rw_8x16_gate3a03_control_data_dff boundary was redefined.
Error while reading cell "sky130_sram_1rw_8x16_gate3a03_control_data_dff" (byte position 973048): Warning:  Cell sky130_sram_1rw_8x16_gate3a03_control_data_dff boundary was redefined.
Error while reading cell "sky130_sram_1rw_8x16_gate3a03_control_data_dff" (byte position 973048): Warning:  Cell sky130_sram_1rw_8x16_gate3a03_control_data_dff boundary was redefined.
Error while reading cell "sky130_sram_1rw_8x16_gate3a03_control_spare_wen_dff" (byte position 975064): Warning:  Cell sky130_sram_1rw_8x16_gate3a03_control_spare_wen_dff boundary was redefined.
Error while reading cell "sky130_sram_1rw_8x16_gate3a03_control_spare_wen_dff" (byte position 975064): Warning:  Cell sky130_sram_1rw_8x16_gate3a03_control_spare_wen_dff boundary was redefined.
Error while reading cell "sky130_sram_1rw_8x16_gate3a03_control_spare_wen_dff" (byte position 975064): Warning:  Cell sky130_sram_1rw_8x16_gate3a03_control_spare_wen_dff boundary was redefined.
Error while reading cell "sky130_sram_1rw_8x16_gate3a03_control_spare_wen_dff" (byte position 975064): Warning:  Cell sky130_sram_1rw_8x16_gate3a03_control_spare_wen_dff boundary was redefined.
Couldn't find label gate
Couldn't find label wl_0_18
Couldn't find label wl_0_19
Couldn't find label gnd
Couldn't find label wl_0_18
Couldn't find label wl_0_19
Couldn't find label gnd
Couldn't find label gate
Couldn't find label top_gate
Couldn't find label bot_gate
Warning:  Ports "clk" and "CLK" are electrically shorted.
Warning:  Ports "vdd" and "VDD" are electrically shorted.
Warning:  Ports "gnd" and "GND" are electrically shorted.
Warning:  Ports "vdd" and "VDD" are electrically shorted.
Warning:  Ports "gnd" and "GND" are electrically shorted.
Warning:  Ports "vdd" and "VDD" are electrically shorted.
Warning:  Ports "vdd" and "VDD" are electrically shorted.
Warning:  Ports "gnd" and "GND" are electrically shorted.
Warning:  Ports "din" and "DIN" are electrically shorted.
Warning:  Ports "en" and "EN" are electrically shorted.
Warning:  Ports "br" and "BR" are electrically shorted.
Warning:  Ports "bl" and "BL" are electrically shorted.
Warning:  Ports "VDD_uq0" and "vdd_uq0" are electrically shorted.
Warning:  Ports "vdd" and "VDD" are electrically shorted.
Warning:  Ports "GND_uq0" and "gnd_uq0" are electrically shorted.
Warning:  Ports "GND_uq0" and "gnd" are electrically shorted.
Warning:  Ports "GND_uq0" and "GND" are electrically shorted.
Warning:  Ports "VDD_uq0" and "vdd_uq0" are electrically shorted.
Warning:  Ports "dout" and "DOUT" are electrically shorted.
Warning:  Ports "br" and "BR" are electrically shorted.
Warning:  Ports "bl" and "BL" are electrically shorted.
Warning:  Ports "en" and "EN" are electrically shorted.
Warning:  Ports "vdd" and "VDD" are electrically shorted.
Warning:  Ports "GND_uq0" and "gnd_uq0" are electrically shorted.
Warning:  Ports "GND_uq0" and "gnd" are electrically shorted.
Warning:  Ports "GND_uq0" and "GND" are electrically shorted.
Warning:  Ports "vdd" and "VPWR" are electrically shorted.
Warning:  Ports "wl" and "WL" are electrically shorted.
Warning:  Ports "vdd" and "VPWR" are electrically shorted.
Warning:  Ports "wl" and "WL" are electrically shorted.
Warning:  Ports "vdd" and "VPWR" are electrically shorted.
Warning:  Ports "wl" and "WL" are electrically shorted.
Warning:  Ports "vdd" and "VPWR" are electrically shorted.
Warning:  Ports "wl" and "WL" are electrically shorted.
Warning:  Ports "vdd" and "VPWR" are electrically shorted.
Warning:  Ports "vdd" and "VPWR" are electrically shorted.
Warning:  Ports "vnb" and "VNB" are electrically shorted.
Warning:  Ports "vpb" and "VPB" are electrically shorted.
Warning:  Ports "gnd" and "VGND" are electrically shorted.
Warning:  Ports "gnd" and "VGND" are electrically shorted.
Warning:  Ports "vpb" and "VPB" are electrically shorted.
Warning:  Ports "vnb" and "VNB" are electrically shorted.
Warning:  Ports "gnd_uq10" and "gnd_uq9" are electrically shorted.
Warning:  Ports "gnd_uq10" and "gnd_uq8" are electrically shorted.
Warning:  Ports "gnd_uq14" and "gnd_uq13" are electrically shorted.
Warning:  Ports "gnd_uq14" and "gnd_uq12" are electrically shorted.
Warning:  Ports "gnd_uq18" and "gnd_uq17" are electrically shorted.
Warning:  Ports "gnd_uq18" and "gnd_uq16" are electrically shorted.
Warning:  Ports "gnd_uq22" and "gnd_uq21" are electrically shorted.
Warning:  Ports "gnd_uq22" and "gnd_uq20" are electrically shorted.
Warning:  Ports "gnd_uq23" and "gnd_uq19" are electrically shorted.
Warning:  Ports "gnd_uq23" and "gnd_uq15" are electrically shorted.
Warning:  Ports "gnd_uq23" and "gnd_uq11" are electrically shorted.
Warning:  Ports "vdd" and "VPWR" are electrically shorted.
Warning:  Ports "vdd" and "VPWR" are electrically shorted.
Warning:  Ports "vnb" and "VNB" are electrically shorted.
Warning:  Ports "vpb" and "VPB" are electrically shorted.
Warning:  Ports "gnd" and "VGND" are electrically shorted.
Warning:  Ports "gnd" and "VGND" are electrically shorted.
Warning:  Ports "vpb" and "VPB" are electrically shorted.
Warning:  Ports "vnb" and "VNB" are electrically shorted.
Warning:  Ports "gnd_uq10" and "gnd_uq9" are electrically shorted.
Warning:  Ports "gnd_uq10" and "gnd_uq8" are electrically shorted.
Warning:  Ports "gnd_uq14" and "gnd_uq13" are electrically shorted.
Warning:  Ports "gnd_uq14" and "gnd_uq12" are electrically shorted.
Warning:  Ports "gnd_uq18" and "gnd_uq17" are electrically shorted.
Warning:  Ports "gnd_uq18" and "gnd_uq16" are electrically shorted.
Warning:  Ports "gnd_uq22" and "gnd_uq21" are electrically shorted.
Warning:  Ports "gnd_uq22" and "gnd_uq20" are electrically shorted.
Warning:  Ports "gnd_uq23" and "gnd_uq19" are electrically shorted.
Warning:  Ports "gnd_uq23" and "gnd_uq15" are electrically shorted.
Warning:  Ports "gnd_uq23" and "gnd_uq11" are electrically shorted.
Warning:  Ports "br" and "BR" are electrically shorted.
Warning:  Ports "wl" and "WL" are electrically shorted.
Warning:  Ports "vdd" and "VPWR" are electrically shorted.
Warning:  Ports "gnd" and "VGND" are electrically shorted.
Warning:  Ports "bl" and "BL" are electrically shorted.
Warning:  Ports "vnb" and "VNB" are electrically shorted.
Warning:  Ports "vpb" and "VPB" are electrically shorted.
Error:  Asymmetric device with multiple terminals!
Error:  Asymmetric device with multiple terminals!
Warning:  Ports "vdd" and "VPWR" are electrically shorted.
Warning:  Ports "vdd" and "VPWR" are electrically shorted.
Warning:  Ports "gnd" and "VGND" are electrically shorted.
Warning:  Ports "gnd" and "VGND" are electrically shorted.
Warning:  Ports "gnd_uq9" and "gnd_uq8" are electrically shorted.
Warning:  Ports "gnd_uq11" and "gnd_uq10" are electrically shorted.
Warning:  Ports "gnd_uq13" and "gnd_uq12" are electrically shorted.
Warning:  Ports "gnd_uq15" and "gnd_uq14" are electrically shorted.
Warning:  Ports "br" and "BR" are electrically shorted.
Warning:  Ports "gnd" and "VGND" are electrically shorted.
Warning:  Ports "vdd" and "VPWR" are electrically shorted.
Warning:  Ports "wl" and "WL" are electrically shorted.
Warning:  Ports "bl" and "BL" are electrically shorted.
Warning:  Ports "vnb" and "VNB" are electrically shorted.
Warning:  Ports "vpb" and "VPB" are electrically shorted.
Error:  Asymmetric device with multiple terminals!
Error:  Asymmetric device with multiple terminals!
Warning:  Ports "gnd" and "VGND" are electrically shorted.
Warning:  Ports "gnd" and "VGND" are electrically shorted.
Warning:  Ports "br" and "BR" are electrically shorted.
Warning:  Ports "wl" and "WL" are electrically shorted.
Warning:  Ports "gnd" and "VGND" are electrically shorted.
Warning:  Ports "vdd" and "VPWR" are electrically shorted.
Warning:  Ports "bl" and "BL" are electrically shorted.
Warning:  Ports "vnb" and "VNB" are electrically shorted.
Warning:  Ports "vpb" and "VPB" are electrically shorted.
Error:  Asymmetric device with multiple terminals!
Error:  Asymmetric device with multiple terminals!
Warning:  Ports "gnd_uq20" and "gnd_uq19" are electrically shorted.
Warning:  Ports "gnd_uq20" and "gnd_uq19" are electrically shorted.
Warning:  Ports "gnd_uq20" and "gnd_uq19" are electrically shorted.
Warning:  Ports "gnd_uq20" and "gnd_uq19" are electrically shorted.
Warning:  Ports "gnd_uq20" and "gnd_uq18" are electrically shorted.
Warning:  Ports "gnd_uq20" and "gnd_uq18" are electrically shorted.
Warning:  Ports "gnd_uq20" and "gnd_uq18" are electrically shorted.
Warning:  Ports "gnd_uq20" and "gnd_uq18" are electrically shorted.
Warning:  Ports "gnd_uq20" and "gnd_uq18" are electrically shorted.
Warning:  Ports "gnd_uq20" and "gnd_uq18" are electrically shorted.
Warning:  Ports "gnd_uq20" and "gnd_uq18" are electrically shorted.
Warning:  Ports "gnd_uq20" and "gnd_uq18" are electrically shorted.
Warning:  Ports "gnd_uq20" and "gnd_uq17" are electrically shorted.
Warning:  Ports "gnd_uq20" and "gnd_uq17" are electrically shorted.
Warning:  Ports "gnd_uq20" and "gnd_uq17" are electrically shorted.
Warning:  Ports "gnd_uq20" and "gnd_uq17" are electrically shorted.
Warning:  Ports "gnd_uq20" and "gnd_uq17" are electrically shorted.
Warning:  Ports "gnd_uq20" and "gnd_uq17" are electrically shorted.
Warning:  Ports "gnd_uq20" and "gnd_uq17" are electrically shorted.
Warning:  Ports "gnd_uq20" and "gnd_uq17" are electrically shorted.
Warning:  Ports "gnd_uq20" and "gnd_uq16" are electrically shorted.
Warning:  Ports "gnd_uq20" and "gnd_uq16" are electrically shorted.
Warning:  Ports "gnd_uq20" and "gnd_uq16" are electrically shorted.
Warning:  Ports "gnd_uq20" and "gnd_uq16" are electrically shorted.
Warning:  Ports "gnd_uq20" and "gnd_uq16" are electrically shorted.
Warning:  Ports "gnd_uq20" and "gnd_uq16" are electrically shorted.
Warning:  Ports "gnd_uq20" and "gnd_uq16" are electrically shorted.
Warning:  Ports "gnd_uq20" and "gnd_uq16" are electrically shorted.
Warning:  Ports "gnd_uq20" and "gnd_uq15" are electrically shorted.
Warning:  Ports "gnd_uq20" and "gnd_uq15" are electrically shorted.
Warning:  Ports "gnd_uq20" and "gnd_uq15" are electrically shorted.
Warning:  Ports "gnd_uq20" and "gnd_uq15" are electrically shorted.
Warning:  Ports "gnd_uq20" and "gnd_uq15" are electrically shorted.
Warning:  Ports "gnd_uq20" and "gnd_uq15" are electrically shorted.
Warning:  Ports "gnd_uq20" and "gnd_uq15" are electrically shorted.
Warning:  Ports "gnd_uq20" and "gnd_uq15" are electrically shorted.
Warning:  Ports "gnd_uq20" and "gnd_uq14" are electrically shorted.
Warning:  Ports "gnd_uq20" and "gnd_uq14" are electrically shorted.
Warning:  Ports "gnd_uq20" and "gnd_uq14" are electrically shorted.
Warning:  Ports "gnd_uq20" and "gnd_uq14" are electrically shorted.
Warning:  Ports "gnd_uq20" and "gnd_uq14" are electrically shorted.
Warning:  Ports "gnd_uq20" and "gnd_uq14" are electrically shorted.
Warning:  Ports "gnd_uq20" and "gnd_uq14" are electrically shorted.
Warning:  Ports "gnd_uq20" and "gnd_uq14" are electrically shorted.
Warning:  Ports "gnd_uq20" and "gnd_uq13" are electrically shorted.
Warning:  Ports "gnd_uq20" and "gnd_uq13" are electrically shorted.
Warning:  Ports "gnd_uq20" and "gnd_uq13" are electrically shorted.
Warning:  Ports "gnd_uq20" and "gnd_uq13" are electrically shorted.
Warning:  Ports "gnd_uq20" and "gnd_uq13" are electrically shorted.
Warning:  Ports "gnd_uq20" and "gnd_uq13" are electrically shorted.
Warning:  Ports "gnd_uq20" and "gnd_uq13" are electrically shorted.
Warning:  Ports "gnd_uq20" and "gnd_uq13" are electrically shorted.
Warning:  Ports "gnd_uq20" and "gnd_uq12" are electrically shorted.
Warning:  Ports "gnd_uq20" and "gnd_uq12" are electrically shorted.
Warning:  Ports "gnd_uq20" and "gnd_uq12" are electrically shorted.
Warning:  Ports "gnd_uq20" and "gnd_uq12" are electrically shorted.
Warning:  Ports "gnd_uq20" and "gnd_uq12" are electrically shorted.
Warning:  Ports "gnd_uq20" and "gnd_uq12" are electrically shorted.
Warning:  Ports "gnd_uq20" and "gnd_uq12" are electrically shorted.
Warning:  Ports "gnd_uq20" and "gnd_uq12" are electrically shorted.
Warning:  Ports "gnd_uq20" and "gnd_uq11" are electrically shorted.
Warning:  Ports "gnd_uq20" and "gnd_uq11" are electrically shorted.
Warning:  Ports "gnd_uq20" and "gnd_uq11" are electrically shorted.
Warning:  Ports "gnd_uq20" and "gnd_uq11" are electrically shorted.
Warning:  Ports "gnd_uq20" and "gnd_uq11" are electrically shorted.
Warning:  Ports "gnd_uq20" and "gnd_uq11" are electrically shorted.
Warning:  Ports "gnd_uq20" and "gnd_uq11" are electrically shorted.
Warning:  Ports "gnd_uq20" and "gnd_uq11" are electrically shorted.
Warning:  Ports "gnd_uq20" and "gnd_uq10" are electrically shorted.
Warning:  Ports "gnd_uq20" and "gnd_uq10" are electrically shorted.
Warning:  Ports "gnd_uq20" and "gnd_uq10" are electrically shorted.
Warning:  Ports "gnd_uq20" and "gnd_uq10" are electrically shorted.
Warning:  Ports "gnd_uq20" and "gnd_uq9" are electrically shorted.
Warning:  Ports "gnd_uq20" and "gnd_uq9" are electrically shorted.
Warning:  Ports "gnd_uq20" and "gnd_uq9" are electrically shorted.
Warning:  Ports "gnd_uq20" and "gnd_uq9" are electrically shorted.
Warning:  Ports "br" and "BR" are electrically shorted.
Warning:  Ports "vdd" and "VPWR" are electrically shorted.
Warning:  Ports "gnd" and "VGND" are electrically shorted.
Warning:  Ports "wl" and "WL" are electrically shorted.
Warning:  Ports "bl" and "BL" are electrically shorted.
Warning:  Ports "vnb" and "VNB" are electrically shorted.
Warning:  Ports "vpb" and "VPB" are electrically shorted.
Error:  Asymmetric device with multiple terminals!
Error:  Asymmetric device with multiple terminals!
Warning:  Ports "vdd" and "VPWR" are electrically shorted.
Warning:  Ports "vdd" and "VPWR" are electrically shorted.
Warning:  Ports "br" and "BR" are electrically shorted.
Warning:  Ports "wl" and "WL" are electrically shorted.
Warning:  Ports "vdd" and "VPWR" are electrically shorted.
Warning:  Ports "gnd" and "VGND" are electrically shorted.
Warning:  Ports "bl" and "BL" are electrically shorted.
Warning:  Ports "vnb" and "VNB" are electrically shorted.
Warning:  Ports "vpb" and "VPB" are electrically shorted.
Error:  Asymmetric device with multiple terminals!
Error:  Asymmetric device with multiple terminals!
Warning:  Ports "gnd_uq81" and "gnd_uq80" are electrically shorted.
Warning:  Ports "gnd_uq83" and "gnd_uq82" are electrically shorted.
Warning:  Ports "gnd_uq85" and "gnd_uq84" are electrically shorted.
Warning:  Ports "gnd_uq87" and "gnd_uq86" are electrically shorted.
Total of 24 errors (check feedback entries).
Total of 14 warnings.
Warning:  Ports "clk" and "CLK" are electrically shorted.
Warning:  Ports "vdd" and "VDD" are electrically shorted.
Warning:  Ports "gnd" and "GND" are electrically shorted.
Warning:  Ports "gnd_uq9" and "gnd_uq8" are electrically shorted.
Warning:  Ports "gnd_uq11" and "gnd_uq10" are electrically shorted.
Warning:  Ports "gnd_uq13" and "gnd_uq12" are electrically shorted.
Warning:  Ports "gnd_uq15" and "gnd_uq14" are electrically shorted.
Warning:  Ports "gnd" and "VGND" are electrically shorted.
Warning:  Ports "br" and "BR" are electrically shorted.
Warning:  Ports "wl" and "WL" are electrically shorted.
Warning:  Ports "vdd" and "VPWR" are electrically shorted.
Warning:  Ports "gnd" and "VGND" are electrically shorted.
Warning:  Ports "bl" and "BL" are electrically shorted.
Warning:  Ports "vnb" and "VNB" are electrically shorted.
Warning:  Ports "vpb" and "VPB" are electrically shorted.
Warning:  Ports "vdd" and "VPWR" are electrically shorted.
Warning:  Ports "gnd_uq10" and "gnd_uq9" are electrically shorted.
Warning:  Ports "gnd_uq10" and "gnd_uq8" are electrically shorted.
Warning:  Ports "gnd_uq14" and "gnd_uq13" are electrically shorted.
Warning:  Ports "gnd_uq14" and "gnd_uq12" are electrically shorted.
Warning:  Ports "gnd_uq18" and "gnd_uq17" are electrically shorted.
Warning:  Ports "gnd_uq18" and "gnd_uq16" are electrically shorted.
Warning:  Ports "gnd_uq22" and "gnd_uq21" are electrically shorted.
Warning:  Ports "gnd_uq22" and "gnd_uq20" are electrically shorted.
Warning:  Ports "gnd_uq23" and "gnd_uq19" are electrically shorted.
Warning:  Ports "gnd_uq23" and "gnd_uq15" are electrically shorted.
Warning:  Ports "gnd_uq23" and "gnd_uq11" are electrically shorted.
Warning:  Ports "gnd" and "VGND" are electrically shorted.
Warning:  Ports "vpb" and "VPB" are electrically shorted.
Warning:  Ports "vnb" and "VNB" are electrically shorted.
Warning:  Ports "vdd" and "VPWR" are electrically shorted.
Warning:  Ports "vnb" and "VNB" are electrically shorted.
Warning:  Ports "vpb" and "VPB" are electrically shorted.
Warning:  Ports "vdd" and "VPWR" are electrically shorted.
Warning:  Ports "wl" and "WL" are electrically shorted.
Warning:  Ports "vdd" and "VPWR" are electrically shorted.
Warning:  Ports "wl" and "WL" are electrically shorted.
Warning:  Ports "gnd_uq20" and "gnd_uq19" are electrically shorted.
Warning:  Ports "gnd_uq20" and "gnd_uq18" are electrically shorted.
Warning:  Ports "gnd_uq20" and "gnd_uq17" are electrically shorted.
Warning:  Ports "gnd_uq20" and "gnd_uq16" are electrically shorted.
Warning:  Ports "gnd_uq20" and "gnd_uq15" are electrically shorted.
Warning:  Ports "gnd_uq20" and "gnd_uq14" are electrically shorted.
Warning:  Ports "gnd_uq20" and "gnd_uq13" are electrically shorted.
Warning:  Ports "gnd_uq20" and "gnd_uq12" are electrically shorted.
Warning:  Ports "gnd_uq20" and "gnd_uq11" are electrically shorted.
Warning:  Ports "gnd_uq20" and "gnd_uq10" are electrically shorted.
Warning:  Ports "gnd_uq20" and "gnd_uq9" are electrically shorted.
Warning:  Ports "br" and "BR" are electrically shorted.
Warning:  Ports "gnd" and "VGND" are electrically shorted.
Warning:  Ports "vdd" and "VPWR" are electrically shorted.
Warning:  Ports "wl" and "WL" are electrically shorted.
Warning:  Ports "bl" and "BL" are electrically shorted.
Warning:  Ports "vnb" and "VNB" are electrically shorted.
Warning:  Ports "vpb" and "VPB" are electrically shorted.
Warning:  Ports "br" and "BR" are electrically shorted.
Warning:  Ports "wl" and "WL" are electrically shorted.
Warning:  Ports "gnd" and "VGND" are electrically shorted.
Warning:  Ports "vdd" and "VPWR" are electrically shorted.
Warning:  Ports "bl" and "BL" are electrically shorted.
Warning:  Ports "vnb" and "VNB" are electrically shorted.
Warning:  Ports "vpb" and "VPB" are electrically shorted.
Warning:  Ports "gnd" and "VGND" are electrically shorted.
Warning:  Ports "vpb" and "VPB" are electrically shorted.
Warning:  Ports "vnb" and "VNB" are electrically shorted.
Warning:  Ports "gnd" and "VGND" are electrically shorted.
Warning:  Ports "vdd" and "VPWR" are electrically shorted.
Warning:  Ports "wl" and "WL" are electrically shorted.
Warning:  Ports "vdd" and "VPWR" are electrically shorted.
Warning:  Ports "wl" and "WL" are electrically shorted.
Warning:  Ports "gnd_uq10" and "gnd_uq9" are electrically shorted.
Warning:  Ports "gnd_uq10" and "gnd_uq8" are electrically shorted.
Warning:  Ports "gnd_uq14" and "gnd_uq13" are electrically shorted.
Warning:  Ports "gnd_uq14" and "gnd_uq12" are electrically shorted.
Warning:  Ports "gnd_uq18" and "gnd_uq17" are electrically shorted.
Warning:  Ports "gnd_uq18" and "gnd_uq16" are electrically shorted.
Warning:  Ports "gnd_uq22" and "gnd_uq21" are electrically shorted.
Warning:  Ports "gnd_uq22" and "gnd_uq20" are electrically shorted.
Warning:  Ports "gnd_uq23" and "gnd_uq19" are electrically shorted.
Warning:  Ports "gnd_uq23" and "gnd_uq15" are electrically shorted.
Warning:  Ports "gnd_uq23" and "gnd_uq11" are electrically shorted.
Warning:  Ports "vdd" and "VPWR" are electrically shorted.
Warning:  Ports "vnb" and "VNB" are electrically shorted.
Warning:  Ports "vpb" and "VPB" are electrically shorted.
Warning:  Ports "gnd_uq81" and "gnd_uq80" are electrically shorted.
Warning:  Ports "gnd_uq83" and "gnd_uq82" are electrically shorted.
Warning:  Ports "gnd_uq85" and "gnd_uq84" are electrically shorted.
Warning:  Ports "gnd_uq87" and "gnd_uq86" are electrically shorted.
Warning:  Ports "br" and "BR" are electrically shorted.
Warning:  Ports "vdd" and "VPWR" are electrically shorted.
Warning:  Ports "gnd" and "VGND" are electrically shorted.
Warning:  Ports "wl" and "WL" are electrically shorted.
Warning:  Ports "bl" and "BL" are electrically shorted.
Warning:  Ports "vnb" and "VNB" are electrically shorted.
Warning:  Ports "vpb" and "VPB" are electrically shorted.
Warning:  Ports "br" and "BR" are electrically shorted.
Warning:  Ports "wl" and "WL" are electrically shorted.
Warning:  Ports "vdd" and "VPWR" are electrically shorted.
Warning:  Ports "gnd" and "VGND" are electrically shorted.
Warning:  Ports "bl" and "BL" are electrically shorted.
Warning:  Ports "vnb" and "VNB" are electrically shorted.
Warning:  Ports "vpb" and "VPB" are electrically shorted.
Warning:  Ports "vdd" and "VPWR" are electrically shorted.
Warning:  Ports "din" and "DIN" are electrically shorted.
Warning:  Ports "en" and "EN" are electrically shorted.
Warning:  Ports "br" and "BR" are electrically shorted.
Warning:  Ports "bl" and "BL" are electrically shorted.
Warning:  Ports "VDD_uq0" and "vdd_uq0" are electrically shorted.
Warning:  Ports "vdd" and "VDD" are electrically shorted.
Warning:  Ports "GND_uq0" and "gnd_uq0" are electrically shorted.
Warning:  Ports "GND_uq0" and "gnd" are electrically shorted.
Warning:  Ports "GND_uq0" and "GND" are electrically shorted.
Warning:  Ports "VDD_uq0" and "vdd_uq0" are electrically shorted.
Warning:  Ports "dout" and "DOUT" are electrically shorted.
Warning:  Ports "br" and "BR" are electrically shorted.
Warning:  Ports "bl" and "BL" are electrically shorted.
Warning:  Ports "en" and "EN" are electrically shorted.
Warning:  Ports "vdd" and "VDD" are electrically shorted.
Warning:  Ports "GND_uq0" and "gnd_uq0" are electrically shorted.
Warning:  Ports "GND_uq0" and "gnd" are electrically shorted.
Warning:  Ports "GND_uq0" and "GND" are electrically shorted.
Warning:  Ports "vdd" and "VDD" are electrically shorted.
Warning:  Ports "gnd" and "GND" are electrically shorted.
Warning:  Ports "vdd" and "VDD" are electrically shorted.
Warning:  Ports "gnd" and "GND" are electrically shorted.
