OpenROAD 26Q3-1080-gab6fd26351 
Features included (+) or not (-): +GPU +GUI +Python
This program is licensed under the BSD-3 license. See the LICENSE file for details.
Components of this program may be licensed under more restrictive licenses which must be honored.
[INFO ORD-0030] Using 4 thread(s).
read_liberty /OpenROAD-flow-scripts/flow/platforms/sky130hd/lib/sky130_fd_sc_hd__tt_025C_1v80.lib
read_liberty /work/campaigns/iscas_sustainability_extension/memory_compiler/gate3_attempt08_sram22_slew_provenance_and_drv_closure/source_checkout/sram22_256x64m4w8/sram22_256x64m4w8_tt_025C_1v80.lib
read_liberty /work/campaigns/iscas_sustainability_extension/memory_compiler/gate3_attempt08_sram22_slew_provenance_and_drv_closure/source_checkout/sram22_256x8m8w1/sram22_256x8m8w1_tt_025C_1v80.lib
read_db /work/campaigns/iscas_sustainability_extension/memory_compiler/gate3_attempt08_sram22_slew_provenance_and_drv_closure/raw/openroad/work/results/sky130hd/attempt08_e0/seed23/5_1_grt.odb
read_sdc /work/campaigns/iscas_sustainability_extension/memory_compiler/gate3_attempt08_sram22_slew_provenance_and_drv_closure/raw/openroad/work/results/sky130hd/attempt08_e0/seed23/5_1_grt.sdc
source /OpenROAD-flow-scripts/flow/platforms/sky130hd/setRC.tcl
detailed_route -output_drc /work/campaigns/iscas_sustainability_extension/memory_compiler/gate3_attempt08_sram22_slew_provenance_and_drv_closure/raw/openroad/work/reports/sky130hd/attempt08_e0/seed23/5_route_drc.rpt -output_maze /work/campaigns/iscas_sustainability_extension/memory_compiler/gate3_attempt08_sram22_slew_provenance_and_drv_closure/raw/openroad/work/results/sky130hd/attempt08_e0/seed23/maze.log -droute_end_iter 64 -verbose 1 -drc_report_iter_step 5
[INFO DRT-0149] Reading tech and libs.
[WARNING DRT-0349] LEF58_ENCLOSURE with no CUTCLASS is not supported. Skipping for layer mcon
[WARNING DRT-0349] LEF58_ENCLOSURE with no CUTCLASS is not supported. Skipping for layer mcon
[WARNING DRT-0349] LEF58_ENCLOSURE with no CUTCLASS is not supported. Skipping for layer via
[WARNING DRT-0349] LEF58_ENCLOSURE with no CUTCLASS is not supported. Skipping for layer via
[WARNING DRT-0349] LEF58_ENCLOSURE with no CUTCLASS is not supported. Skipping for layer via2
[WARNING DRT-0349] LEF58_ENCLOSURE with no CUTCLASS is not supported. Skipping for layer via2
[WARNING DRT-0349] LEF58_ENCLOSURE with no CUTCLASS is not supported. Skipping for layer via3
[WARNING DRT-0349] LEF58_ENCLOSURE with no CUTCLASS is not supported. Skipping for layer via3
[WARNING DRT-0349] LEF58_ENCLOSURE with no CUTCLASS is not supported. Skipping for layer via4
[WARNING DRT-0349] LEF58_ENCLOSURE with no CUTCLASS is not supported. Skipping for layer via4

Units:                1000
Number of layers:     13
Number of macros:     443
Number of vias:       130
Number of viarulegen: 25

[INFO DRT-0150] Reading design.

Design:                   e0_sram22_top
Die area:                 ( 0 0 ) ( 1000000 650000 )
Number of track patterns: 12
Number of DEF vias:       0
Number of components:     5849
Number of terminals:      144
Number of snets:          2
Number of nets:           1237

[WARNING DRT-0419] No routing tracks pass through the center of Term u_protected_memory.u_data/dout[0]
[WARNING DRT-0419] No routing tracks pass through the center of Term u_protected_memory.u_data/dout[1]
[WARNING DRT-0419] No routing tracks pass through the center of Term u_protected_memory.u_data/dout[2]
[WARNING DRT-0419] No routing tracks pass through the center of Term u_protected_memory.u_data/dout[3]
[WARNING DRT-0419] No routing tracks pass through the center of Term u_protected_memory.u_data/dout[4]
[WARNING DRT-0419] No routing tracks pass through the center of Term u_protected_memory.u_data/dout[5]
[WARNING DRT-0419] No routing tracks pass through the center of Term u_protected_memory.u_data/dout[6]
[WARNING DRT-0419] No routing tracks pass through the center of Term u_protected_memory.u_data/dout[7]
[WARNING DRT-0419] No routing tracks pass through the center of Term u_protected_memory.u_data/dout[8]
[WARNING DRT-0419] No routing tracks pass through the center of Term u_protected_memory.u_data/dout[9]
[WARNING DRT-0419] No routing tracks pass through the center of Term u_protected_memory.u_data/dout[10]
[WARNING DRT-0419] No routing tracks pass through the center of Term u_protected_memory.u_data/dout[11]
[WARNING DRT-0419] No routing tracks pass through the center of Term u_protected_memory.u_data/dout[12]
[WARNING DRT-0419] No routing tracks pass through the center of Term u_protected_memory.u_data/dout[13]
[WARNING DRT-0419] No routing tracks pass through the center of Term u_protected_memory.u_data/dout[14]
[WARNING DRT-0419] No routing tracks pass through the center of Term u_protected_memory.u_data/dout[15]
[WARNING DRT-0419] No routing tracks pass through the center of Term u_protected_memory.u_data/dout[16]
[WARNING DRT-0419] No routing tracks pass through the center of Term u_protected_memory.u_data/dout[17]
[WARNING DRT-0419] No routing tracks pass through the center of Term u_protected_memory.u_data/dout[18]
[WARNING DRT-0419] No routing tracks pass through the center of Term u_protected_memory.u_data/dout[19]
[WARNING DRT-0419] No routing tracks pass through the center of Term u_protected_memory.u_data/dout[20]
[WARNING DRT-0419] No routing tracks pass through the center of Term u_protected_memory.u_data/dout[21]
[WARNING DRT-0419] No routing tracks pass through the center of Term u_protected_memory.u_data/dout[22]
[WARNING DRT-0419] No routing tracks pass through the center of Term u_protected_memory.u_data/dout[23]
[WARNING DRT-0419] No routing tracks pass through the center of Term u_protected_memory.u_data/dout[24]
[WARNING DRT-0419] No routing tracks pass through the center of Term u_protected_memory.u_data/dout[25]
[WARNING DRT-0419] No routing tracks pass through the center of Term u_protected_memory.u_data/dout[26]
[WARNING DRT-0419] No routing tracks pass through the center of Term u_protected_memory.u_data/dout[27]
[WARNING DRT-0419] No routing tracks pass through the center of Term u_protected_memory.u_data/dout[28]
[WARNING DRT-0419] No routing tracks pass through the center of Term u_protected_memory.u_data/dout[29]
[WARNING DRT-0419] No routing tracks pass through the center of Term u_protected_memory.u_data/dout[30]
[WARNING DRT-0419] No routing tracks pass through the center of Term u_protected_memory.u_data/dout[31]
[WARNING DRT-0419] No routing tracks pass through the center of Term u_protected_memory.u_data/dout[32]
[WARNING DRT-0419] No routing tracks pass through the center of Term u_protected_memory.u_data/dout[33]
[WARNING DRT-0419] No routing tracks pass through the center of Term u_protected_memory.u_data/dout[34]
[WARNING DRT-0419] No routing tracks pass through the center of Term u_protected_memory.u_data/dout[35]
[WARNING DRT-0419] No routing tracks pass through the center of Term u_protected_memory.u_data/dout[36]
[WARNING DRT-0419] No routing tracks pass through the center of Term u_protected_memory.u_data/dout[37]
[WARNING DRT-0419] No routing tracks pass through the center of Term u_protected_memory.u_data/dout[38]
[WARNING DRT-0419] No routing tracks pass through the center of Term u_protected_memory.u_data/dout[39]
[WARNING DRT-0419] No routing tracks pass through the center of Term u_protected_memory.u_data/dout[40]
[WARNING DRT-0419] No routing tracks pass through the center of Term u_protected_memory.u_data/dout[41]
[WARNING DRT-0419] No routing tracks pass through the center of Term u_protected_memory.u_data/dout[42]
[WARNING DRT-0419] No routing tracks pass through the center of Term u_protected_memory.u_data/dout[43]
[WARNING DRT-0419] No routing tracks pass through the center of Term u_protected_memory.u_data/dout[44]
[WARNING DRT-0419] No routing tracks pass through the center of Term u_protected_memory.u_data/dout[45]
[WARNING DRT-0419] No routing tracks pass through the center of Term u_protected_memory.u_data/dout[46]
[WARNING DRT-0419] No routing tracks pass through the center of Term u_protected_memory.u_data/dout[47]
[WARNING DRT-0419] No routing tracks pass through the center of Term u_protected_memory.u_data/dout[48]
[WARNING DRT-0419] No routing tracks pass through the center of Term u_protected_memory.u_data/dout[49]
[WARNING DRT-0419] No routing tracks pass through the center of Term u_protected_memory.u_data/dout[50]
[WARNING DRT-0419] No routing tracks pass through the center of Term u_protected_memory.u_data/dout[51]
[WARNING DRT-0419] No routing tracks pass through the center of Term u_protected_memory.u_data/dout[52]
[WARNING DRT-0419] No routing tracks pass through the center of Term u_protected_memory.u_data/dout[53]
[WARNING DRT-0419] No routing tracks pass through the center of Term u_protected_memory.u_data/dout[54]
[WARNING DRT-0419] No routing tracks pass through the center of Term u_protected_memory.u_data/dout[55]
[WARNING DRT-0419] No routing tracks pass through the center of Term u_protected_memory.u_data/dout[56]
[WARNING DRT-0419] No routing tracks pass through the center of Term u_protected_memory.u_data/dout[57]
[WARNING DRT-0419] No routing tracks pass through the center of Term u_protected_memory.u_data/dout[58]
[WARNING DRT-0419] No routing tracks pass through the center of Term u_protected_memory.u_data/dout[59]
[WARNING DRT-0419] No routing tracks pass through the center of Term u_protected_memory.u_data/dout[60]
[WARNING DRT-0419] No routing tracks pass through the center of Term u_protected_memory.u_data/dout[61]
[WARNING DRT-0419] No routing tracks pass through the center of Term u_protected_memory.u_data/dout[62]
[WARNING DRT-0419] No routing tracks pass through the center of Term u_protected_memory.u_data/dout[63]
[WARNING DRT-0419] No routing tracks pass through the center of Term u_protected_memory.u_data/din[0]
[WARNING DRT-0419] No routing tracks pass through the center of Term u_protected_memory.u_data/din[1]
[WARNING DRT-0419] No routing tracks pass through the center of Term u_protected_memory.u_data/din[2]
[WARNING DRT-0419] No routing tracks pass through the center of Term u_protected_memory.u_data/din[3]
[WARNING DRT-0419] No routing tracks pass through the center of Term u_protected_memory.u_data/din[4]
[WARNING DRT-0419] No routing tracks pass through the center of Term u_protected_memory.u_data/din[5]
[WARNING DRT-0419] No routing tracks pass through the center of Term u_protected_memory.u_data/din[6]
[WARNING DRT-0419] No routing tracks pass through the center of Term u_protected_memory.u_data/din[7]
[WARNING DRT-0419] No routing tracks pass through the center of Term u_protected_memory.u_data/din[8]
[WARNING DRT-0419] No routing tracks pass through the center of Term u_protected_memory.u_data/din[9]
[WARNING DRT-0419] No routing tracks pass through the center of Term u_protected_memory.u_data/din[10]
[WARNING DRT-0419] No routing tracks pass through the center of Term u_protected_memory.u_data/din[11]
[WARNING DRT-0419] No routing tracks pass through the center of Term u_protected_memory.u_data/din[12]
[WARNING DRT-0419] No routing tracks pass through the center of Term u_protected_memory.u_data/din[13]
[WARNING DRT-0419] No routing tracks pass through the center of Term u_protected_memory.u_data/din[14]
[WARNING DRT-0419] No routing tracks pass through the center of Term u_protected_memory.u_data/din[15]
[WARNING DRT-0419] No routing tracks pass through the center of Term u_protected_memory.u_data/din[16]
[WARNING DRT-0419] No routing tracks pass through the center of Term u_protected_memory.u_data/din[17]
[WARNING DRT-0419] No routing tracks pass through the center of Term u_protected_memory.u_data/din[18]
[WARNING DRT-0419] No routing tracks pass through the center of Term u_protected_memory.u_data/din[19]
[WARNING DRT-0419] No routing tracks pass through the center of Term u_protected_memory.u_data/din[20]
[WARNING DRT-0419] No routing tracks pass through the center of Term u_protected_memory.u_data/din[21]
[WARNING DRT-0419] No routing tracks pass through the center of Term u_protected_memory.u_data/din[22]
[WARNING DRT-0419] No routing tracks pass through the center of Term u_protected_memory.u_data/din[23]
[WARNING DRT-0419] No routing tracks pass through the center of Term u_protected_memory.u_data/din[24]
[WARNING DRT-0419] No routing tracks pass through the center of Term u_protected_memory.u_data/din[25]
[WARNING DRT-0419] No routing tracks pass through the center of Term u_protected_memory.u_data/din[26]
[WARNING DRT-0419] No routing tracks pass through the center of Term u_protected_memory.u_data/din[27]
[WARNING DRT-0419] No routing tracks pass through the center of Term u_protected_memory.u_data/din[28]
[WARNING DRT-0419] No routing tracks pass through the center of Term u_protected_memory.u_data/din[29]
[WARNING DRT-0419] No routing tracks pass through the center of Term u_protected_memory.u_data/din[30]
[WARNING DRT-0419] No routing tracks pass through the center of Term u_protected_memory.u_data/din[31]
[WARNING DRT-0419] No routing tracks pass through the center of Term u_protected_memory.u_data/din[32]
[WARNING DRT-0419] No routing tracks pass through the center of Term u_protected_memory.u_data/din[33]
[WARNING DRT-0419] No routing tracks pass through the center of Term u_protected_memory.u_data/din[34]
[WARNING DRT-0419] No routing tracks pass through the center of Term u_protected_memory.u_data/din[35]
[WARNING DRT-0419] No routing tracks pass through the center of Term u_protected_memory.u_data/din[36]
[WARNING DRT-0419] No routing tracks pass through the center of Term u_protected_memory.u_data/din[37]
[WARNING DRT-0419] No routing tracks pass through the center of Term u_protected_memory.u_data/din[38]
[WARNING DRT-0419] No routing tracks pass through the center of Term u_protected_memory.u_data/din[39]
[WARNING DRT-0419] No routing tracks pass through the center of Term u_protected_memory.u_data/din[40]
[WARNING DRT-0419] No routing tracks pass through the center of Term u_protected_memory.u_data/din[41]
[WARNING DRT-0419] No routing tracks pass through the center of Term u_protected_memory.u_data/din[42]
[WARNING DRT-0419] No routing tracks pass through the center of Term u_protected_memory.u_data/din[43]
[WARNING DRT-0419] No routing tracks pass through the center of Term u_protected_memory.u_data/din[44]
[WARNING DRT-0419] No routing tracks pass through the center of Term u_protected_memory.u_data/din[45]
[WARNING DRT-0419] No routing tracks pass through the center of Term u_protected_memory.u_data/din[46]
[WARNING DRT-0419] No routing tracks pass through the center of Term u_protected_memory.u_data/din[47]
[WARNING DRT-0419] No routing tracks pass through the center of Term u_protected_memory.u_data/din[48]
[WARNING DRT-0419] No routing tracks pass through the center of Term u_protected_memory.u_data/din[49]
[WARNING DRT-0419] No routing tracks pass through the center of Term u_protected_memory.u_data/din[50]
[WARNING DRT-0419] No routing tracks pass through the center of Term u_protected_memory.u_data/din[51]
[WARNING DRT-0419] No routing tracks pass through the center of Term u_protected_memory.u_data/din[52]
[WARNING DRT-0419] No routing tracks pass through the center of Term u_protected_memory.u_data/din[53]
[WARNING DRT-0419] No routing tracks pass through the center of Term u_protected_memory.u_data/din[54]
[WARNING DRT-0419] No routing tracks pass through the center of Term u_protected_memory.u_data/din[55]
[WARNING DRT-0419] No routing tracks pass through the center of Term u_protected_memory.u_data/din[56]
[WARNING DRT-0419] No routing tracks pass through the center of Term u_protected_memory.u_data/din[57]
[WARNING DRT-0419] No routing tracks pass through the center of Term u_protected_memory.u_data/din[58]
[WARNING DRT-0419] No routing tracks pass through the center of Term u_protected_memory.u_data/din[59]
[WARNING DRT-0419] No routing tracks pass through the center of Term u_protected_memory.u_data/din[60]
[WARNING DRT-0419] No routing tracks pass through the center of Term u_protected_memory.u_data/din[61]
[WARNING DRT-0419] No routing tracks pass through the center of Term u_protected_memory.u_data/din[62]
[WARNING DRT-0419] No routing tracks pass through the center of Term u_protected_memory.u_data/din[63]
[WARNING DRT-0419] No routing tracks pass through the center of Term u_protected_memory.u_data/wmask[1]
[WARNING DRT-0419] No routing tracks pass through the center of Term u_protected_memory.u_data/wmask[2]
[WARNING DRT-0419] No routing tracks pass through the center of Term u_protected_memory.u_data/wmask[3]
[WARNING DRT-0419] No routing tracks pass through the center of Term u_protected_memory.u_data/wmask[4]
[WARNING DRT-0419] No routing tracks pass through the center of Term u_protected_memory.u_data/wmask[5]
[WARNING DRT-0419] No routing tracks pass through the center of Term u_protected_memory.u_data/wmask[6]
[WARNING DRT-0419] No routing tracks pass through the center of Term u_protected_memory.u_data/wmask[7]
[WARNING DRT-0418] Term u_protected_memory.u_ecc/dout[0] has no pins on routing grid
[WARNING DRT-0418] Term u_protected_memory.u_ecc/dout[1] has no pins on routing grid
[WARNING DRT-0418] Term u_protected_memory.u_ecc/dout[2] has no pins on routing grid
[WARNING DRT-0418] Term u_protected_memory.u_ecc/dout[3] has no pins on routing grid
[WARNING DRT-0418] Term u_protected_memory.u_ecc/dout[4] has no pins on routing grid
[WARNING DRT-0418] Term u_protected_memory.u_ecc/dout[5] has no pins on routing grid
[WARNING DRT-0418] Term u_protected_memory.u_ecc/dout[6] has no pins on routing grid
[WARNING DRT-0418] Term u_protected_memory.u_ecc/dout[7] has no pins on routing grid
[WARNING DRT-0419] No routing tracks pass through the center of Term u_protected_memory.u_ecc/din[0]
[WARNING DRT-0419] No routing tracks pass through the center of Term u_protected_memory.u_ecc/din[1]
[WARNING DRT-0419] No routing tracks pass through the center of Term u_protected_memory.u_ecc/din[2]
[WARNING DRT-0418] Term u_protected_memory.u_ecc/din[3] has no pins on routing grid
[WARNING DRT-0418] Term u_protected_memory.u_ecc/din[4] has no pins on routing grid
[WARNING DRT-0418] Term u_protected_memory.u_ecc/din[5] has no pins on routing grid
[WARNING DRT-0418] Term u_protected_memory.u_ecc/din[6] has no pins on routing grid
[WARNING DRT-0418] Term u_protected_memory.u_ecc/din[7] has no pins on routing grid
[WARNING DRT-0419] No routing tracks pass through the center of Term u_protected_memory.u_ecc/wmask[0]
[WARNING DRT-0419] No routing tracks pass through the center of Term u_protected_memory.u_ecc/wmask[1]
[WARNING DRT-0419] No routing tracks pass through the center of Term u_protected_memory.u_ecc/wmask[2]
[WARNING DRT-0418] Term u_protected_memory.u_ecc/wmask[3] has no pins on routing grid
[WARNING DRT-0418] Term u_protected_memory.u_ecc/wmask[4] has no pins on routing grid
[WARNING DRT-0418] Term u_protected_memory.u_ecc/wmask[5] has no pins on routing grid
[WARNING DRT-0418] Term u_protected_memory.u_ecc/wmask[6] has no pins on routing grid
[WARNING DRT-0418] Term u_protected_memory.u_ecc/wmask[7] has no pins on routing grid
[INFO DRT-0167] List of default vias:
  Layer via
    default via: M1M2_PR
  Layer via2
    default via: M2M3_PR
  Layer via3
    default via: M3M4_PR
  Layer via4
    default via: M4M5_PR
[INFO DRT-0162] Library cell analysis.
[INFO DRT-0163] Instance analysis.
[INFO DRT-0164] Number of unique instances = 101.
[INFO DRT-0168] Init region query.
[INFO DRT-0024]   Complete FR_MASTERSLICE.
[INFO DRT-0024]   Complete Fr_VIA.
[INFO DRT-0024]   Complete li1.
[INFO DRT-0024]   Complete mcon.
[INFO DRT-0024]   Complete met1.
[INFO DRT-0024]   Complete via.
[INFO DRT-0024]   Complete met2.
[INFO DRT-0024]   Complete via2.
[INFO DRT-0024]   Complete met3.
[INFO DRT-0024]   Complete via3.
[INFO DRT-0024]   Complete met4.
[INFO DRT-0024]   Complete via4.
[INFO DRT-0024]   Complete met5.
[INFO DRT-0033] FR_MASTERSLICE shape region query size = 0.
[INFO DRT-0033] FR_VIA shape region query size = 0.
[INFO DRT-0033] li1 shape region query size = 47356.
[INFO DRT-0033] mcon shape region query size = 25004.
[INFO DRT-0033] met1 shape region query size = 17807.
[INFO DRT-0033] via shape region query size = 24330.
[INFO DRT-0033] met2 shape region query size = 22048.
[INFO DRT-0033] via2 shape region query size = 45597.
[INFO DRT-0033] met3 shape region query size = 29027.
[INFO DRT-0033] via3 shape region query size = 45281.
[INFO DRT-0033] met4 shape region query size = 11428.
[INFO DRT-0033] via4 shape region query size = 1676.
[INFO DRT-0033] met5 shape region query size = 1768.
[INFO DRT-0165] Start pin access.
[INFO DRT-0078]   Complete 924 pins.
[INFO DRT-0081]   Complete 99 unique inst patterns.
[INFO DRT-0084]   Complete 904 groups.
#scanned instances     = 5849
#unique  instances     = 101
#stdCellGenAp          = 2964
#stdCellValidPlanarAp  = 44
#stdCellValidViaAp     = 2118
#stdCellPinNoAp        = 0
#stdCellPinCnt         = 2870
#instTermValidViaApCnt = 0
#macroGenAp            = 553
#macroValidPlanarAp    = 452
#macroValidViaAp       = 0
#macroNoAp             = 0
[INFO DRT-0166] Complete pin access.
[INFO DRT-0267] cpu time = 00:00:55, elapsed time = 00:00:14, memory = 267.68 (MB), peak = 267.34 (MB)

[INFO DRT-0157] Number of guides:     8289

[INFO DRT-0169] Post process guides.
[INFO DRT-0176] GCELLGRID X 0 DO 144 STEP 6900 ;
[INFO DRT-0177] GCELLGRID Y 0 DO 94 STEP 6900 ;
[INFO DRT-0028]   Complete FR_MASTERSLICE.
[INFO DRT-0028]   Complete Fr_VIA.
[INFO DRT-0028]   Complete li1.
[INFO DRT-0028]   Complete mcon.
[INFO DRT-0028]   Complete met1.
[INFO DRT-0028]   Complete via.
[INFO DRT-0028]   Complete met2.
[INFO DRT-0028]   Complete via2.
[INFO DRT-0028]   Complete met3.
[INFO DRT-0028]   Complete via3.
[INFO DRT-0028]   Complete met4.
[INFO DRT-0028]   Complete via4.
[INFO DRT-0028]   Complete met5.
[INFO DRT-0178] Init guide query.
[INFO DRT-0035]   Complete FR_MASTERSLICE (guide).
[INFO DRT-0035]   Complete Fr_VIA (guide).
[INFO DRT-0035]   Complete li1 (guide).
[INFO DRT-0035]   Complete mcon (guide).
[INFO DRT-0035]   Complete met1 (guide).
[INFO DRT-0035]   Complete via (guide).
[INFO DRT-0035]   Complete met2 (guide).
[INFO DRT-0035]   Complete via2 (guide).
[INFO DRT-0035]   Complete met3 (guide).
[INFO DRT-0035]   Complete via3 (guide).
[INFO DRT-0035]   Complete met4 (guide).
[INFO DRT-0035]   Complete via4 (guide).
[INFO DRT-0035]   Complete met5 (guide).
[INFO DRT-0036] FR_MASTERSLICE guide region query size = 0.
[INFO DRT-0036] FR_VIA guide region query size = 0.
[INFO DRT-0036] li1 guide region query size = 2569.
[INFO DRT-0036] mcon guide region query size = 0.
[INFO DRT-0036] met1 guide region query size = 2427.
[INFO DRT-0036] via guide region query size = 0.
[INFO DRT-0036] met2 guide region query size = 1379.
[INFO DRT-0036] via2 guide region query size = 0.
[INFO DRT-0036] met3 guide region query size = 327.
[INFO DRT-0036] via3 guide region query size = 0.
[INFO DRT-0036] met4 guide region query size = 172.
[INFO DRT-0036] via4 guide region query size = 0.
[INFO DRT-0036] met5 guide region query size = 9.
[INFO DRT-0179] Init gr pin query.
[INFO DRT-0267] cpu time = 00:00:00, elapsed time = 00:00:00, memory = 270.25 (MB), peak = 269.97 (MB)
[INFO DRT-0245] skipped writing guide updates to database.
[INFO DRT-0181] Start track assignment.
[INFO DRT-0184] Done with 4120 vertical wires in 3 frboxes and 2763 horizontal wires in 2 frboxes.
[INFO DRT-0186] Done with 547 vertical wires in 3 frboxes and 697 horizontal wires in 2 frboxes.
[INFO DRT-0182] Complete track assignment.
[INFO DRT-0267] cpu time = 00:00:02, elapsed time = 00:00:01, memory = 310.66 (MB), peak = 333.95 (MB)
[INFO DRT-0187] Start routing data preparation.
[INFO DRT-0267] cpu time = 00:00:00, elapsed time = 00:00:00, memory = 310.66 (MB), peak = 333.95 (MB)
[INFO DRT-0194] Start detail routing.
[INFO DRT-0195] Start 0th optimization iteration.
    Completing 10% with 0 violations.
    elapsed time = 00:00:00, memory = 323.39 (MB).
    Completing 20% with 0 violations.
    elapsed time = 00:00:00, memory = 361.80 (MB).
    Completing 30% with 201 violations.
    elapsed time = 00:00:02, memory = 353.04 (MB).
    Completing 40% with 201 violations.
    elapsed time = 00:00:03, memory = 385.62 (MB).
    Completing 50% with 201 violations.
    elapsed time = 00:00:03, memory = 389.07 (MB).
    Completing 60% with 313 violations.
    elapsed time = 00:00:05, memory = 379.14 (MB).
    Completing 70% with 313 violations.
    elapsed time = 00:00:05, memory = 398.77 (MB).
    Completing 80% with 481 violations.
    elapsed time = 00:00:09, memory = 402.88 (MB).
    Completing 90% with 481 violations.
    elapsed time = 00:00:09, memory = 413.55 (MB).
    Completing 100% with 650 violations.
    elapsed time = 00:00:11, memory = 419.85 (MB).
[INFO DRT-0199]   Number of violations = 705.
Viol/Layer        mcon   met1    via   met2   via2   met3
Cut Spacing          1      0      0      0      0      0
Metal Spacing        0    127      0     12      0      6
Recheck              0     37      0     14      0      4
Short                0    452      2     42      1      7
[INFO DRT-0267] cpu time = 00:00:26, elapsed time = 00:00:12, memory = 748.44 (MB), peak = 748.23 (MB)
Total wire length = 79829 um.
Total wire length on LAYER li1 = 0 um.
Total wire length on LAYER met1 = 22944 um.
Total wire length on LAYER met2 = 43004 um.
Total wire length on LAYER met3 = 5697 um.
Total wire length on LAYER met4 = 8082 um.
Total wire length on LAYER met5 = 100 um.
Total number of vias = 6619.
Up-via summary (total 6619):

-----------------------
 FR_MASTERSLICE       0
            li1    2913
           met1    3091
           met2     338
           met3     261
           met4      16
-----------------------
               6619


[INFO DRT-0195] Start 1st optimization iteration.
    Completing 10% with 705 violations.
    elapsed time = 00:00:00, memory = 749.30 (MB).
    Completing 20% with 705 violations.
    elapsed time = 00:00:00, memory = 749.30 (MB).
    Completing 30% with 615 violations.
    elapsed time = 00:00:01, memory = 749.30 (MB).
    Completing 40% with 615 violations.
    elapsed time = 00:00:01, memory = 751.49 (MB).
    Completing 50% with 615 violations.
    elapsed time = 00:00:02, memory = 753.91 (MB).
    Completing 60% with 521 violations.
    elapsed time = 00:00:04, memory = 753.91 (MB).
    Completing 70% with 521 violations.
    elapsed time = 00:00:04, memory = 755.24 (MB).
    Completing 80% with 462 violations.
    elapsed time = 00:00:05, memory = 755.24 (MB).
    Completing 90% with 462 violations.
    elapsed time = 00:00:06, memory = 778.39 (MB).
    Completing 100% with 288 violations.
    elapsed time = 00:00:11, memory = 755.45 (MB).
[INFO DRT-0199]   Number of violations = 288.
Viol/Layer        mcon   met1   met2   met3
Cut Spacing          2      0      0      0
Metal Spacing        0     68      1      1
Short                0    209      7      0
[INFO DRT-0267] cpu time = 00:00:24, elapsed time = 00:00:11, memory = 758.45 (MB), peak = 778.35 (MB)
Total wire length = 79728 um.
Total wire length on LAYER li1 = 0 um.
Total wire length on LAYER met1 = 22792 um.
Total wire length on LAYER met2 = 43032 um.
Total wire length on LAYER met3 = 5721 um.
Total wire length on LAYER met4 = 8077 um.
Total wire length on LAYER met5 = 104 um.
Total number of vias = 6624.
Up-via summary (total 6624):

-----------------------
 FR_MASTERSLICE       0
            li1    2907
           met1    3104
           met2     341
           met3     258
           met4      14
-----------------------
               6624


[INFO DRT-0195] Start 2nd optimization iteration.
    Completing 10% with 288 violations.
    elapsed time = 00:00:00, memory = 758.45 (MB).
    Completing 20% with 288 violations.
    elapsed time = 00:00:00, memory = 760.67 (MB).
    Completing 30% with 282 violations.
    elapsed time = 00:00:00, memory = 762.30 (MB).
    Completing 40% with 282 violations.
    elapsed time = 00:00:01, memory = 762.30 (MB).
    Completing 50% with 282 violations.
    elapsed time = 00:00:03, memory = 762.30 (MB).
    Completing 60% with 283 violations.
    elapsed time = 00:00:03, memory = 762.30 (MB).
    Completing 70% with 283 violations.
    elapsed time = 00:00:03, memory = 762.30 (MB).
    Completing 80% with 272 violations.
    elapsed time = 00:00:04, memory = 762.30 (MB).
    Completing 90% with 272 violations.
    elapsed time = 00:00:05, memory = 769.16 (MB).
    Completing 100% with 298 violations.
    elapsed time = 00:00:12, memory = 777.91 (MB).
[INFO DRT-0199]   Number of violations = 298.
Viol/Layer        mcon   met1   met2
Cut Spacing          3      0      0
Metal Spacing        0     82      8
Short                0    204      1
[INFO DRT-0267] cpu time = 00:00:24, elapsed time = 00:00:12, memory = 777.91 (MB), peak = 778.35 (MB)
Total wire length = 79655 um.
Total wire length on LAYER li1 = 0 um.
Total wire length on LAYER met1 = 22801 um.
Total wire length on LAYER met2 = 43046 um.
Total wire length on LAYER met3 = 5689 um.
Total wire length on LAYER met4 = 8011 um.
Total wire length on LAYER met5 = 106 um.
Total number of vias = 6567.
Up-via summary (total 6567):

-----------------------
 FR_MASTERSLICE       0
            li1    2911
           met1    3054
           met2     329
           met3     257
           met4      16
-----------------------
               6567


[INFO DRT-0195] Start 3rd optimization iteration.
    Completing 10% with 298 violations.
    elapsed time = 00:00:00, memory = 777.91 (MB).
    Completing 20% with 298 violations.
    elapsed time = 00:00:00, memory = 777.91 (MB).
    Completing 30% with 169 violations.
    elapsed time = 00:00:03, memory = 777.91 (MB).
    Completing 40% with 169 violations.
    elapsed time = 00:00:03, memory = 777.91 (MB).
    Completing 50% with 169 violations.
    elapsed time = 00:00:03, memory = 777.91 (MB).
    Completing 60% with 137 violations.
    elapsed time = 00:00:05, memory = 777.91 (MB).
    Completing 70% with 137 violations.
    elapsed time = 00:00:05, memory = 780.00 (MB).
    Completing 80% with 91 violations.
    elapsed time = 00:00:11, memory = 787.49 (MB).
    Completing 90% with 91 violations.
    elapsed time = 00:00:12, memory = 787.65 (MB).
    Completing 100% with 34 violations.
    elapsed time = 00:00:14, memory = 787.65 (MB).
[INFO DRT-0199]   Number of violations = 34.
Viol/Layer        met1   met2
Metal Spacing        7      0
Short               24      3
[INFO DRT-0267] cpu time = 00:00:22, elapsed time = 00:00:14, memory = 787.65 (MB), peak = 787.38 (MB)
Total wire length = 79573 um.
Total wire length on LAYER li1 = 0 um.
Total wire length on LAYER met1 = 22281 um.
Total wire length on LAYER met2 = 43126 um.
Total wire length on LAYER met3 = 6198 um.
Total wire length on LAYER met4 = 7902 um.
Total wire length on LAYER met5 = 63 um.
Total number of vias = 6651.
Up-via summary (total 6651):

-----------------------
 FR_MASTERSLICE       0
            li1    2909
           met1    3124
           met2     369
           met3     239
           met4      10
-----------------------
               6651


[INFO DRT-0195] Start 4th guides tiles iteration.
    Completing 10% with 34 violations.
    elapsed time = 00:00:00, memory = 787.65 (MB).
    Completing 20% with 34 violations.
    elapsed time = 00:00:00, memory = 787.65 (MB).
    Completing 30% with 34 violations.
    elapsed time = 00:00:00, memory = 787.65 (MB).
    Completing 40% with 34 violations.
    elapsed time = 00:00:00, memory = 787.65 (MB).
    Completing 50% with 24 violations.
    elapsed time = 00:00:00, memory = 787.65 (MB).
    Completing 60% with 24 violations.
    elapsed time = 00:00:00, memory = 787.65 (MB).
    Completing 70% with 24 violations.
    elapsed time = 00:00:00, memory = 787.65 (MB).
    Completing 80% with 13 violations.
    elapsed time = 00:00:01, memory = 787.65 (MB).
    Completing 90% with 1 violations.
    elapsed time = 00:00:01, memory = 787.65 (MB).
    Completing 100% with 0 violations.
    elapsed time = 00:00:01, memory = 790.34 (MB).
[INFO DRT-0199]   Number of violations = 0.
[INFO DRT-0267] cpu time = 00:00:02, elapsed time = 00:00:01, memory = 790.34 (MB), peak = 790.01 (MB)
Total wire length = 79571 um.
Total wire length on LAYER li1 = 0 um.
Total wire length on LAYER met1 = 22195 um.
Total wire length on LAYER met2 = 43134 um.
Total wire length on LAYER met3 = 6274 um.
Total wire length on LAYER met4 = 7903 um.
Total wire length on LAYER met5 = 63 um.
Total number of vias = 6683.
Up-via summary (total 6683):

-----------------------
 FR_MASTERSLICE       0
            li1    2907
           met1    3131
           met2     392
           met3     243
           met4      10
-----------------------
               6683


[INFO DRT-0198] Complete detail routing.
Total wire length = 79571 um.
Total wire length on LAYER li1 = 0 um.
Total wire length on LAYER met1 = 22195 um.
Total wire length on LAYER met2 = 43134 um.
Total wire length on LAYER met3 = 6274 um.
Total wire length on LAYER met4 = 7903 um.
Total wire length on LAYER met5 = 63 um.
Total number of vias = 6683.
Up-via summary (total 6683):

-----------------------
 FR_MASTERSLICE       0
            li1    2907
           met1    3131
           met2     392
           met3     243
           met4      10
-----------------------
               6683


[INFO DRT-0267] cpu time = 00:01:39, elapsed time = 00:00:53, memory = 790.46 (MB), peak = 790.01 (MB)

[INFO DRT-0180] Post processing.
[INFO DRT-0501] Runtime: 70.26s
Took 69 seconds: detailed_route -output_drc /work/campaigns/iscas_sustainability_extension/memory_compiler/gate3_attempt08_sram22_slew_provenance_and_drv_closure/raw/openroad/work/reports/sky130hd/attempt08_e0/seed23/5_route_drc.rpt -output_maze /work/campaigns/iscas_sustainability_extension/memory_compiler/gate3_attempt08_sram22_slew_provenance_and_drv_closure/raw/openroad/work/results/sky130hd/attempt08_e0/seed23/maze.log -droute_end_iter 64 -verbose 1 -drc_report_iter_step 5
[INFO GRT-0012] Found 2 antenna violations.
[INFO DPL-0006] Core area: 615627.94 um^2
[INFO DPL-0007] Movable instances area: 5.00 um^2
[INFO DPL-0008] Fixed instances area within core: 275708.81 um^2
[INFO DPL-0009] Utilization: 44.8%
[INFO DPL-0005] Diamond search max displacement: +/- 500 sites horizontally, +/- 100 rows vertically.
[INFO DPL-1102] Legalizing using negotiation legalizer.
[INFO DPL-1103] Negotiation base search window: +/-20 sites horizontally, +/-5 rows vertically 
	Automatic search window extension enabled.
	Search window extendable up to the max displacement cap of +/-500 sites, +/-100 rows near walls.
[INFO DPL-1104] NegotiationLegalizer DRC penalty: 5.
[INFO DPL-0392] Negotiation cell height distribution (3 unique row-count(s)):
[INFO DPL-0393]   height 1 row(s): 5849 cells
[INFO DPL-0393]   height 83 row(s): 1 cells
[INFO DPL-0393]   height 108 row(s): 1 cells
[INFO DPL-0500] Runtime: 0.05s
[INFO GRT-0015] Inserted 2 diodes.
[INFO DRT-0024]   Complete FR_MASTERSLICE.
[INFO DRT-0024]   Complete Fr_VIA.
[INFO DRT-0024]   Complete li1.
[INFO DRT-0024]   Complete mcon.
[INFO DRT-0024]   Complete met1.
[INFO DRT-0024]   Complete via.
[INFO DRT-0024]   Complete met2.
[INFO DRT-0024]   Complete via2.
[INFO DRT-0024]   Complete met3.
[INFO DRT-0024]   Complete via3.
[INFO DRT-0024]   Complete met4.
[INFO DRT-0024]   Complete via4.
[INFO DRT-0024]   Complete met5.
[INFO DRT-0165] Start pin access.
[INFO DRT-0078]   Complete 924 pins.
[INFO DRT-0081]   Complete 99 unique inst patterns.
[INFO DRT-0084]   Complete 906 groups.
#scanned instances     = 5851
#unique  instances     = 101
#stdCellGenAp          = 2964
#stdCellValidPlanarAp  = 44
#stdCellValidViaAp     = 2118
#stdCellPinNoAp        = 0
#stdCellPinCnt         = 2870
#instTermValidViaApCnt = 0
#macroGenAp            = 553
#macroValidPlanarAp    = 452
#macroValidViaAp       = 0
#macroNoAp             = 0
[INFO DRT-0166] Complete pin access.
[INFO DRT-0267] cpu time = 00:01:03, elapsed time = 00:00:15, memory = 698.59 (MB), peak = 790.13 (MB)

[INFO DRT-0157] Number of guides:     8275

[INFO DRT-0169] Post process guides.
[INFO DRT-0176] GCELLGRID X 0 DO 144 STEP 6900 ;
[INFO DRT-0177] GCELLGRID Y 0 DO 94 STEP 6900 ;
[INFO DRT-0028]   Complete FR_MASTERSLICE.
[INFO DRT-0028]   Complete Fr_VIA.
[INFO DRT-0028]   Complete li1.
[INFO DRT-0028]   Complete mcon.
[INFO DRT-0028]   Complete met1.
[INFO DRT-0028]   Complete via.
[INFO DRT-0028]   Complete met2.
[INFO DRT-0028]   Complete via2.
[INFO DRT-0028]   Complete met3.
[INFO DRT-0028]   Complete via3.
[INFO DRT-0028]   Complete met4.
[INFO DRT-0028]   Complete via4.
[INFO DRT-0028]   Complete met5.
[INFO DRT-0178] Init guide query.
[INFO DRT-0035]   Complete FR_MASTERSLICE (guide).
[INFO DRT-0035]   Complete Fr_VIA (guide).
[INFO DRT-0035]   Complete li1 (guide).
[INFO DRT-0035]   Complete mcon (guide).
[INFO DRT-0035]   Complete met1 (guide).
[INFO DRT-0035]   Complete via (guide).
[INFO DRT-0035]   Complete met2 (guide).
[INFO DRT-0035]   Complete via2 (guide).
[INFO DRT-0035]   Complete met3 (guide).
[INFO DRT-0035]   Complete via3 (guide).
[INFO DRT-0035]   Complete met4 (guide).
[INFO DRT-0035]   Complete via4 (guide).
[INFO DRT-0035]   Complete met5 (guide).
[INFO DRT-0036] FR_MASTERSLICE guide region query size = 0.
[INFO DRT-0036] FR_VIA guide region query size = 0.
[INFO DRT-0036] li1 guide region query size = 2571.
[INFO DRT-0036] mcon guide region query size = 0.
[INFO DRT-0036] met1 guide region query size = 2430.
[INFO DRT-0036] via guide region query size = 0.
[INFO DRT-0036] met2 guide region query size = 1379.
[INFO DRT-0036] via2 guide region query size = 0.
[INFO DRT-0036] met3 guide region query size = 321.
[INFO DRT-0036] via3 guide region query size = 0.
[INFO DRT-0036] met4 guide region query size = 166.
[INFO DRT-0036] via4 guide region query size = 0.
[INFO DRT-0036] met5 guide region query size = 7.
[INFO DRT-0179] Init gr pin query.
[INFO DRT-0267] cpu time = 00:00:00, elapsed time = 00:00:00, memory = 698.59 (MB), peak = 790.13 (MB)
[INFO DRT-0245] skipped writing guide updates to database.
[INFO DRT-0181] Start track assignment.
[INFO DRT-0184] Done with 4116 vertical wires in 3 frboxes and 2758 horizontal wires in 2 frboxes.
[INFO DRT-0186] Done with 555 vertical wires in 3 frboxes and 703 horizontal wires in 2 frboxes.
[INFO DRT-0182] Complete track assignment.
[INFO DRT-0267] cpu time = 00:00:02, elapsed time = 00:00:00, memory = 698.59 (MB), peak = 790.13 (MB)
[INFO DRT-0187] Start routing data preparation.
[INFO DRT-0267] cpu time = 00:00:00, elapsed time = 00:00:00, memory = 698.59 (MB), peak = 790.13 (MB)
[INFO DRT-0194] Start detail routing.
[INFO DRT-0195] Start 0th optimization iteration.
    Completing 10% with 0 violations.
    elapsed time = 00:00:00, memory = 698.59 (MB).
    Completing 20% with 0 violations.
    elapsed time = 00:00:00, memory = 698.59 (MB).
    Completing 30% with 14 violations.
    elapsed time = 00:00:00, memory = 698.59 (MB).
    Completing 40% with 14 violations.
    elapsed time = 00:00:01, memory = 698.59 (MB).
    Completing 50% with 14 violations.
    elapsed time = 00:00:01, memory = 698.59 (MB).
    Completing 60% with 20 violations.
    elapsed time = 00:00:01, memory = 698.59 (MB).
    Completing 70% with 20 violations.
    elapsed time = 00:00:01, memory = 698.59 (MB).
    Completing 80% with 21 violations.
    elapsed time = 00:00:02, memory = 698.59 (MB).
    Completing 90% with 21 violations.
    elapsed time = 00:00:02, memory = 698.59 (MB).
    Completing 100% with 26 violations.
    elapsed time = 00:00:02, memory = 698.59 (MB).
[INFO DRT-0199]   Number of violations = 28.
Viol/Layer        met1
Recheck              2
Short               26
[INFO DRT-0267] cpu time = 00:00:09, elapsed time = 00:00:03, memory = 819.03 (MB), peak = 818.64 (MB)
Total wire length = 79581 um.
Total wire length on LAYER li1 = 0 um.
Total wire length on LAYER met1 = 22351 um.
Total wire length on LAYER met2 = 43152 um.
Total wire length on LAYER met3 = 6133 um.
Total wire length on LAYER met4 = 7880 um.
Total wire length on LAYER met5 = 63 um.
Total number of vias = 6676.
Up-via summary (total 6676):

-----------------------
 FR_MASTERSLICE       0
            li1    2909
           met1    3132
           met2     386
           met3     239
           met4      10
-----------------------
               6676


[INFO DRT-0195] Start 1st optimization iteration.
    Completing 10% with 28 violations.
    elapsed time = 00:00:00, memory = 819.03 (MB).
    Completing 20% with 28 violations.
    elapsed time = 00:00:00, memory = 819.03 (MB).
    Completing 30% with 28 violations.
    elapsed time = 00:00:00, memory = 819.03 (MB).
    Completing 40% with 28 violations.
    elapsed time = 00:00:00, memory = 819.03 (MB).
    Completing 50% with 28 violations.
    elapsed time = 00:00:01, memory = 819.03 (MB).
    Completing 60% with 28 violations.
    elapsed time = 00:00:01, memory = 819.03 (MB).
    Completing 70% with 28 violations.
    elapsed time = 00:00:01, memory = 819.03 (MB).
    Completing 80% with 26 violations.
    elapsed time = 00:00:01, memory = 819.03 (MB).
    Completing 90% with 26 violations.
    elapsed time = 00:00:02, memory = 819.03 (MB).
    Completing 100% with 25 violations.
    elapsed time = 00:00:02, memory = 819.03 (MB).
[INFO DRT-0199]   Number of violations = 25.
Viol/Layer        met1
Metal Spacing        1
Short               24
[INFO DRT-0267] cpu time = 00:00:08, elapsed time = 00:00:02, memory = 695.70 (MB), peak = 818.76 (MB)
Total wire length = 79583 um.
Total wire length on LAYER li1 = 0 um.
Total wire length on LAYER met1 = 22352 um.
Total wire length on LAYER met2 = 43153 um.
Total wire length on LAYER met3 = 6133 um.
Total wire length on LAYER met4 = 7880 um.
Total wire length on LAYER met5 = 63 um.
Total number of vias = 6676.
Up-via summary (total 6676):

-----------------------
 FR_MASTERSLICE       0
            li1    2909
           met1    3132
           met2     386
           met3     239
           met4      10
-----------------------
               6676


[INFO DRT-0195] Start 2nd optimization iteration.
    Completing 10% with 25 violations.
    elapsed time = 00:00:00, memory = 695.70 (MB).
    Completing 20% with 25 violations.
    elapsed time = 00:00:00, memory = 695.70 (MB).
    Completing 30% with 25 violations.
    elapsed time = 00:00:00, memory = 695.70 (MB).
    Completing 40% with 25 violations.
    elapsed time = 00:00:00, memory = 695.70 (MB).
    Completing 50% with 25 violations.
    elapsed time = 00:00:00, memory = 695.70 (MB).
    Completing 60% with 26 violations.
    elapsed time = 00:00:00, memory = 695.70 (MB).
    Completing 70% with 26 violations.
    elapsed time = 00:00:00, memory = 695.70 (MB).
    Completing 80% with 26 violations.
    elapsed time = 00:00:00, memory = 695.70 (MB).
    Completing 90% with 26 violations.
    elapsed time = 00:00:00, memory = 695.70 (MB).
    Completing 100% with 25 violations.
    elapsed time = 00:00:00, memory = 695.70 (MB).
[INFO DRT-0199]   Number of violations = 25.
Viol/Layer        met1
Metal Spacing        2
Short               23
[INFO DRT-0267] cpu time = 00:00:01, elapsed time = 00:00:00, memory = 819.02 (MB), peak = 818.76 (MB)
Total wire length = 79583 um.
Total wire length on LAYER li1 = 0 um.
Total wire length on LAYER met1 = 22352 um.
Total wire length on LAYER met2 = 43153 um.
Total wire length on LAYER met3 = 6133 um.
Total wire length on LAYER met4 = 7880 um.
Total wire length on LAYER met5 = 63 um.
Total number of vias = 6676.
Up-via summary (total 6676):

-----------------------
 FR_MASTERSLICE       0
            li1    2909
           met1    3132
           met2     386
           met3     239
           met4      10
-----------------------
               6676


[INFO DRT-0195] Start 3rd guides tiles iteration.
    Completing 10% with 25 violations.
    elapsed time = 00:00:00, memory = 758.02 (MB).
    Completing 30% with 25 violations.
    elapsed time = 00:00:00, memory = 758.02 (MB).
    Completing 50% with 25 violations.
    elapsed time = 00:00:00, memory = 758.02 (MB).
    Completing 60% with 5 violations.
    elapsed time = 00:00:00, memory = 695.70 (MB).
    Completing 80% with 5 violations.
    elapsed time = 00:00:00, memory = 695.70 (MB).
    Completing 100% with 0 violations.
    elapsed time = 00:00:00, memory = 695.70 (MB).
[INFO DRT-0199]   Number of violations = 0.
[INFO DRT-0267] cpu time = 00:00:01, elapsed time = 00:00:00, memory = 819.02 (MB), peak = 818.76 (MB)
Total wire length = 79595 um.
Total wire length on LAYER li1 = 0 um.
Total wire length on LAYER met1 = 22295 um.
Total wire length on LAYER met2 = 43160 um.
Total wire length on LAYER met3 = 6191 um.
Total wire length on LAYER met4 = 7883 um.
Total wire length on LAYER met5 = 63 um.
Total number of vias = 6698.
Up-via summary (total 6698):

-----------------------
 FR_MASTERSLICE       0
            li1    2909
           met1    3146
           met2     392
           met3     241
           met4      10
-----------------------
               6698


[INFO DRT-0198] Complete detail routing.
Total wire length = 79595 um.
Total wire length on LAYER li1 = 0 um.
Total wire length on LAYER met1 = 22295 um.
Total wire length on LAYER met2 = 43160 um.
Total wire length on LAYER met3 = 6191 um.
Total wire length on LAYER met4 = 7883 um.
Total wire length on LAYER met5 = 63 um.
Total number of vias = 6698.
Up-via summary (total 6698):

-----------------------
 FR_MASTERSLICE       0
            li1    2909
           met1    3146
           met2     392
           met3     241
           met4      10
-----------------------
               6698


[INFO DRT-0267] cpu time = 00:00:20, elapsed time = 00:00:07, memory = 819.02 (MB), peak = 818.76 (MB)

[INFO DRT-0180] Post processing.
[INFO DRT-0501] Runtime: 25.04s
[INFO ANT-0002] Found 0 net violations.
[INFO ANT-0001] Found 0 pin violations.
[INFO ANT-0002] Found 0 net violations.
[INFO ANT-0001] Found 0 pin violations.
Design area 275714 um^2 45% utilization.
write_db /work/campaigns/iscas_sustainability_extension/memory_compiler/gate3_attempt08_sram22_slew_provenance_and_drv_closure/raw/openroad/work/results/sky130hd/attempt08_e0/seed23/5_2_route.odb
Elapsed time: 1:39.02[h:]min:sec. CPU time: user 246.14 sys 2.19 (250%). Peak memory: 842604KB.
Log                       Ext     Elapsed/s Peak Memory/MB sha1sum result [0:20)
5_2_route                 .odb           99            822 f9a8d5bdaaf1c730e82d
