
==========================================================================
global route report_tns
--------------------------------------------------------------------------
tns max 0.00

==========================================================================
global route report_wns
--------------------------------------------------------------------------
wns max 0.00

==========================================================================
global route report_worst_slack
--------------------------------------------------------------------------
worst slack max 2.84

==========================================================================
global route report_clock_min_period
--------------------------------------------------------------------------
core_clk period_min = 7.16 fmax = 139.69

==========================================================================
global route report_clock_skew
--------------------------------------------------------------------------
Clock core_clk
No launch/capture paths found.


==========================================================================
global route report_checks -path_delay min
--------------------------------------------------------------------------
Startpoint: rstb (input port clocked by core_clk)
Endpoint: u_data (rising edge-triggered flip-flop clocked by core_clk)
Path Group: core_clk
Path Type: min

Fanout     Cap    Slew   Delay    Time   Description
-----------------------------------------------------------------------------
                          0.00    0.00   clock core_clk (rise edge)
                          0.00    0.00   clock network delay (propagated)
                          0.50    0.50 v input external delay
     1    0.02    0.00    0.00    0.50 v rstb (in)
                                         rstb (net)
                  0.00    0.00    0.50 v hold565/A (sky130_fd_sc_hd__dlygate4sd3_1)
     1    0.02    0.12    0.61    1.11 v hold565/X (sky130_fd_sc_hd__dlygate4sd3_1)
                                         net565 (net)
                  0.12    0.00    1.11 v hold561/A (sky130_fd_sc_hd__dlygate4sd3_1)
     1    0.02    0.14    0.68    1.79 v hold561/X (sky130_fd_sc_hd__dlygate4sd3_1)
                                         net561 (net)
                  0.14    0.00    1.79 v hold566/A (sky130_fd_sc_hd__dlygate4sd3_1)
     1    0.03    0.16    0.71    2.50 v hold566/X (sky130_fd_sc_hd__dlygate4sd3_1)
                                         net566 (net)
                  0.16    0.00    2.50 v input74/A (sky130_fd_sc_hd__buf_12)
     1    0.00    0.02    0.16    2.67 v input74/X (sky130_fd_sc_hd__buf_12)
                                         net74 (net)
                  0.02    0.00    2.67 v hold567/A (sky130_fd_sc_hd__dlygate4sd3_1)
     1    0.00    0.06    0.55    3.21 v hold567/X (sky130_fd_sc_hd__dlygate4sd3_1)
                                         net567 (net)
                  0.06    0.00    3.21 v hold562/A (sky130_fd_sc_hd__dlygate4sd3_1)
     1    0.02    0.12    0.64    3.85 v hold562/X (sky130_fd_sc_hd__dlygate4sd3_1)
                                         net562 (net)
                  0.12    0.00    3.85 v wire200/A (sky130_fd_sc_hd__buf_16)
     1    0.00    0.02    0.15    4.00 v wire200/X (sky130_fd_sc_hd__buf_16)
                                         net200 (net)
                  0.02    0.00    4.00 v hold563/A (sky130_fd_sc_hd__dlygate4sd3_1)
     1    0.01    0.11    0.61    4.61 v hold563/X (sky130_fd_sc_hd__dlygate4sd3_1)
                                         net563 (net)
                  0.11    0.00    4.61 v wire453/A (sky130_fd_sc_hd__buf_16)
     1    0.06    0.05    0.17    4.79 v wire453/X (sky130_fd_sc_hd__buf_16)
                                         net453 (net)
                  0.05    0.01    4.80 v hold564/A (sky130_fd_sc_hd__buf_16)
     1    0.12    0.08    0.16    4.96 v hold564/X (sky130_fd_sc_hd__buf_16)
                                         net564 (net)
                  0.12    0.03    4.98 v u_data/rstb (sram22_256x64m4w8)
                                  4.98   data arrival time

                          0.00    0.00   clock core_clk (rise edge)
                          0.00    0.00   clock source latency
     1    0.37    0.00    0.00    0.00 ^ clk (in)
                                         clk (net)
                  0.05    0.01    0.01 ^ u_data/clk (sram22_256x64m4w8)
                          0.10    0.11   clock uncertainty
                          0.00    0.11   clock reconvergence pessimism
                          4.87    4.98   library hold time
                                  4.98   data required time
-----------------------------------------------------------------------------
                                  4.98   data required time
                                 -4.98   data arrival time
-----------------------------------------------------------------------------
                                  0.00   slack (MET)



==========================================================================
global route report_checks -path_delay max
--------------------------------------------------------------------------
Startpoint: u_data (rising edge-triggered flip-flop clocked by core_clk)
Endpoint: data_out[45] (output port clocked by core_clk)
Path Group: core_clk
Path Type: max

Fanout     Cap    Slew   Delay    Time   Description
-----------------------------------------------------------------------------
                          0.00    0.00   clock core_clk (rise edge)
                          0.00    0.00   clock source latency
     1    0.37    0.00    0.00    0.00 ^ clk (in)
                                         clk (net)
                  0.05    0.01    0.01 ^ u_data/clk (sram22_256x64m4w8)
    16    0.21    1.45    3.94    3.95 ^ u_data/dout[45] (sram22_256x64m4w8)
                                         net123 (net)
                  1.09    0.03    3.98 ^ output123/A (sky130_fd_sc_hd__clkdlybuf4s50_1)
     1    0.28    2.65    2.32    6.29 ^ output123/X (sky130_fd_sc_hd__clkdlybuf4s50_1)
                                         data_out[45] (net)
                  2.69    0.26    6.56 ^ data_out[45] (out)
                                  6.56   data arrival time

                         10.00   10.00   clock core_clk (rise edge)
                          0.00   10.00   clock network delay (propagated)
                         -0.10    9.90   clock uncertainty
                          0.00    9.90   clock reconvergence pessimism
                         -0.50    9.40   output external delay
                                  9.40   data required time
-----------------------------------------------------------------------------
                                  9.40   data required time
                                 -6.56   data arrival time
-----------------------------------------------------------------------------
                                  2.84   slack (MET)



==========================================================================
global route report_checks -unconstrained
--------------------------------------------------------------------------
Startpoint: u_data (rising edge-triggered flip-flop clocked by core_clk)
Endpoint: data_out[45] (output port clocked by core_clk)
Path Group: core_clk
Path Type: max

Fanout     Cap    Slew   Delay    Time   Description
-----------------------------------------------------------------------------
                          0.00    0.00   clock core_clk (rise edge)
                          0.00    0.00   clock source latency
     1    0.37    0.00    0.00    0.00 ^ clk (in)
                                         clk (net)
                  0.05    0.01    0.01 ^ u_data/clk (sram22_256x64m4w8)
    16    0.21    1.45    3.94    3.95 ^ u_data/dout[45] (sram22_256x64m4w8)
                                         net123 (net)
                  1.09    0.03    3.98 ^ output123/A (sky130_fd_sc_hd__clkdlybuf4s50_1)
     1    0.28    2.65    2.32    6.29 ^ output123/X (sky130_fd_sc_hd__clkdlybuf4s50_1)
                                         data_out[45] (net)
                  2.69    0.26    6.56 ^ data_out[45] (out)
                                  6.56   data arrival time

                         10.00   10.00   clock core_clk (rise edge)
                          0.00   10.00   clock network delay (propagated)
                         -0.10    9.90   clock uncertainty
                          0.00    9.90   clock reconvergence pessimism
                         -0.50    9.40   output external delay
                                  9.40   data required time
-----------------------------------------------------------------------------
                                  9.40   data required time
                                 -6.56   data arrival time
-----------------------------------------------------------------------------
                                  2.84   slack (MET)



==========================================================================
global route report_check_types -max_slew -max_cap -max_fanout -violators
--------------------------------------------------------------------------
max slew

Pin                                    Limit    Slew   Slack
------------------------------------------------------------
data_out[45]                            0.60    2.69   -2.09 (VIOLATED)
output123/X                             0.60    2.65   -2.05 (VIOLATED)
u_data/dout[37]                         0.04    1.76   -1.72 (VIOLATED)
u_data/dout[52]                         0.04    1.76   -1.72 (VIOLATED)
u_data/dout[35]                         0.04    1.75   -1.71 (VIOLATED)
u_data/dout[50]                         0.04    1.71   -1.67 (VIOLATED)
u_data/dout[42]                         0.04    1.52   -1.48 (VIOLATED)
data_out[52]                            0.60    2.06   -1.46 (VIOLATED)
output131/X                             0.60    2.06   -1.46 (VIOLATED)
u_data/dout[45]                         0.04    1.45   -1.41 (VIOLATED)
u_data/dout[23]                         0.04    1.40   -1.36 (VIOLATED)
u_data/dout[27]                         0.04    1.37   -1.33 (VIOLATED)
u_data/dout[46]                         0.04    1.31   -1.27 (VIOLATED)
u_data/dout[41]                         0.04    1.30   -1.26 (VIOLATED)
u_data/dout[31]                         0.04    1.28   -1.24 (VIOLATED)
u_data/dout[21]                         0.04    1.26   -1.22 (VIOLATED)
u_data/dout[29]                         0.04    1.24   -1.20 (VIOLATED)
u_data/dout[19]                         0.04    1.23   -1.19 (VIOLATED)
u_data/dout[20]                         0.04    1.23   -1.19 (VIOLATED)
u_data/dout[24]                         0.04    1.23   -1.19 (VIOLATED)
u_data/dout[18]                         0.04    1.23   -1.19 (VIOLATED)
u_data/dout[28]                         0.04    1.21   -1.17 (VIOLATED)
u_data/dout[39]                         0.04    1.18   -1.14 (VIOLATED)
u_data/dout[14]                         0.04    1.17   -1.13 (VIOLATED)
u_data/dout[36]                         0.04    1.16   -1.12 (VIOLATED)
u_data/dout[12]                         0.04    1.15   -1.11 (VIOLATED)
u_data/dout[8]                          0.04    1.15   -1.11 (VIOLATED)
u_data/dout[49]                         0.04    1.12   -1.08 (VIOLATED)
u_data/dout[32]                         0.04    1.11   -1.07 (VIOLATED)
u_data/dout[22]                         0.04    1.04   -1.00 (VIOLATED)
data_out[50]                            0.60    1.59   -0.99 (VIOLATED)
output129/X                             0.60    1.59   -0.99 (VIOLATED)
u_data/dout[34]                         0.04    1.02   -0.98 (VIOLATED)
u_data/dout[33]                         0.04    1.00   -0.96 (VIOLATED)
u_data/dout[9]                          0.04    1.00   -0.96 (VIOLATED)
u_data/dout[38]                         0.04    0.97   -0.93 (VIOLATED)
u_data/dout[26]                         0.04    0.95   -0.91 (VIOLATED)
u_data/dout[11]                         0.04    0.88   -0.84 (VIOLATED)
u_data/dout[4]                          0.04    0.87   -0.83 (VIOLATED)
u_data/din[45]                          0.35    1.18   -0.83 (VIOLATED)
u_data/dout[30]                         0.04    0.86   -0.82 (VIOLATED)
data_out[48]                            0.60    1.41   -0.81 (VIOLATED)
output126/X                             0.60    1.41   -0.81 (VIOLATED)
u_data/dout[16]                         0.04    0.84   -0.80 (VIOLATED)
data_out[49]                            0.60    1.37   -0.77 (VIOLATED)
output127/X                             0.60    1.37   -0.77 (VIOLATED)
wire393/A                               0.60    1.37   -0.77 (VIOLATED)
wire399/A                               0.60    1.36   -0.76 (VIOLATED)
u_data/dout[25]                         0.04    0.80   -0.76 (VIOLATED)
ANTENNA_573/DIODE                       0.60    1.36   -0.76 (VIOLATED)
ANTENNA_571/DIODE                       0.60    1.36   -0.76 (VIOLATED)
ANTENNA_887/DIODE                       0.60    1.36   -0.76 (VIOLATED)
ANTENNA_881/DIODE                       0.60    1.36   -0.76 (VIOLATED)
ANTENNA_885/DIODE                       0.60    1.36   -0.76 (VIOLATED)
ANTENNA_883/DIODE                       0.60    1.36   -0.76 (VIOLATED)
ANTENNA_98/DIODE                        0.60    1.36   -0.76 (VIOLATED)
ANTENNA_96/DIODE                        0.60    1.36   -0.76 (VIOLATED)
ANTENNA_94/DIODE                        0.60    1.36   -0.76 (VIOLATED)
ANTENNA_92/DIODE                        0.60    1.36   -0.76 (VIOLATED)
ANTENNA_88/DIODE                        0.60    1.36   -0.76 (VIOLATED)
ANTENNA_90/DIODE                        0.60    1.36   -0.76 (VIOLATED)
ANTENNA_569/DIODE                       0.60    1.36   -0.76 (VIOLATED)
ANTENNA_563/DIODE                       0.60    1.36   -0.76 (VIOLATED)
ANTENNA_567/DIODE                       0.60    1.36   -0.76 (VIOLATED)
ANTENNA_565/DIODE                       0.60    1.36   -0.76 (VIOLATED)
output131/A                             0.60    1.36   -0.76 (VIOLATED)
ANTENNA_572/DIODE                       0.60    1.36   -0.76 (VIOLATED)
ANTENNA_570/DIODE                       0.60    1.36   -0.76 (VIOLATED)
ANTENNA_882/DIODE                       0.60    1.36   -0.76 (VIOLATED)
ANTENNA_884/DIODE                       0.60    1.36   -0.76 (VIOLATED)
ANTENNA_886/DIODE                       0.60    1.36   -0.76 (VIOLATED)
ANTENNA_97/DIODE                        0.60    1.36   -0.76 (VIOLATED)
ANTENNA_95/DIODE                        0.60    1.36   -0.76 (VIOLATED)
ANTENNA_93/DIODE                        0.60    1.36   -0.76 (VIOLATED)
ANTENNA_564/DIODE                       0.60    1.36   -0.76 (VIOLATED)
ANTENNA_566/DIODE                       0.60    1.36   -0.76 (VIOLATED)
ANTENNA_89/DIODE                        0.60    1.36   -0.76 (VIOLATED)
ANTENNA_568/DIODE                       0.60    1.36   -0.76 (VIOLATED)
ANTENNA_91/DIODE                        0.60    1.36   -0.76 (VIOLATED)
u_data/dout[13]                         0.04    0.77   -0.73 (VIOLATED)
u_data/dout[5]                          0.04    0.76   -0.72 (VIOLATED)
output129/A                             0.60    1.29   -0.69 (VIOLATED)
u_data/dout[7]                          0.04    0.73   -0.69 (VIOLATED)
u_data/dout[15]                         0.04    0.70   -0.66 (VIOLATED)
u_data/dout[17]                         0.04    0.69   -0.65 (VIOLATED)
u_data/dout[10]                         0.04    0.67   -0.63 (VIOLATED)
u_data/dout[40]                         0.04    0.67   -0.63 (VIOLATED)
u_data/dout[6]                          0.04    0.66   -0.62 (VIOLATED)
u_data/dout[2]                          0.04    0.64   -0.60 (VIOLATED)
u_data/din[44]                          0.35    0.93   -0.58 (VIOLATED)
u_data/wmask[6]                         0.35    0.92   -0.57 (VIOLATED)
u_data/dout[48]                         0.04    0.61   -0.57 (VIOLATED)
u_data/dout[59]                         0.04    0.60   -0.56 (VIOLATED)
wire378/A                               0.60    1.15   -0.55 (VIOLATED)
u_data/din[40]                          0.35    0.88   -0.53 (VIOLATED)
ANTENNA_556/DIODE                       0.60    1.09   -0.49 (VIOLATED)
ANTENNA_558/DIODE                       0.60    1.09   -0.49 (VIOLATED)
ANTENNA_560/DIODE                       0.60    1.09   -0.49 (VIOLATED)
ANTENNA_64/DIODE                        0.60    1.09   -0.49 (VIOLATED)
ANTENNA_562/DIODE                       0.60    1.09   -0.49 (VIOLATED)
ANTENNA_557/DIODE                       0.60    1.09   -0.49 (VIOLATED)
ANTENNA_559/DIODE                       0.60    1.09   -0.49 (VIOLATED)
ANTENNA_561/DIODE                       0.60    1.09   -0.49 (VIOLATED)
output123/A                             0.60    1.09   -0.49 (VIOLATED)
ANTENNA_552/DIODE                       0.60    1.09   -0.49 (VIOLATED)
ANTENNA_553/DIODE                       0.60    1.09   -0.49 (VIOLATED)
ANTENNA_554/DIODE                       0.60    1.09   -0.49 (VIOLATED)
ANTENNA_555/DIODE                       0.60    1.09   -0.49 (VIOLATED)
ANTENNA_63/DIODE                        0.60    1.09   -0.49 (VIOLATED)
ANTENNA_65/DIODE                        0.60    1.09   -0.49 (VIOLATED)
ANTENNA_62/DIODE                        0.60    1.09   -0.49 (VIOLATED)
u_data/dout[43]                         0.04    0.53   -0.49 (VIOLATED)
u_data/dout[51]                         0.04    0.52   -0.48 (VIOLATED)
ANTENNA_26/DIODE                        0.60    1.06   -0.46 (VIOLATED)
ANTENNA_27/DIODE                        0.60    1.06   -0.46 (VIOLATED)
ANTENNA_528/DIODE                       0.60    1.06   -0.46 (VIOLATED)
ANTENNA_530/DIODE                       0.60    1.06   -0.46 (VIOLATED)
ANTENNA_532/DIODE                       0.60    1.06   -0.46 (VIOLATED)
ANTENNA_33/DIODE                        0.60    1.06   -0.46 (VIOLATED)
wire426/A                               0.60    1.06   -0.46 (VIOLATED)
ANTENNA_25/DIODE                        0.60    1.06   -0.46 (VIOLATED)
ANTENNA_28/DIODE                        0.60    1.06   -0.46 (VIOLATED)
ANTENNA_30/DIODE                        0.60    1.06   -0.46 (VIOLATED)
ANTENNA_527/DIODE                       0.60    1.06   -0.46 (VIOLATED)
ANTENNA_529/DIODE                       0.60    1.06   -0.46 (VIOLATED)
ANTENNA_32/DIODE                        0.60    1.06   -0.46 (VIOLATED)
ANTENNA_531/DIODE                       0.60    1.06   -0.46 (VIOLATED)
ANTENNA_23/DIODE                        0.60    1.06   -0.46 (VIOLATED)
ANTENNA_24/DIODE                        0.60    1.06   -0.46 (VIOLATED)
ANTENNA_526/DIODE                       0.60    1.06   -0.46 (VIOLATED)
ANTENNA_525/DIODE                       0.60    1.06   -0.46 (VIOLATED)
ANTENNA_29/DIODE                        0.60    1.06   -0.46 (VIOLATED)
ANTENNA_31/DIODE                        0.60    1.06   -0.46 (VIOLATED)
data_out[11]                            0.60    1.04   -0.44 (VIOLATED)
u_data/din[46]                          0.35    0.79   -0.44 (VIOLATED)
u_data/dout[0]                          0.04    0.47   -0.43 (VIOLATED)
output86/X                              0.60    1.03   -0.43 (VIOLATED)
wire418/A                               0.60    1.03   -0.43 (VIOLATED)
u_data/din[17]                          0.35    0.76   -0.41 (VIOLATED)
u_data/din[18]                          0.35    0.76   -0.41 (VIOLATED)
u_data/dout[56]                         0.04    0.44   -0.40 (VIOLATED)
u_data/rstb                             0.35    0.74   -0.39 (VIOLATED)
u_data/dout[44]                         0.04    0.43   -0.39 (VIOLATED)
u_data/dout[3]                          0.04    0.43   -0.39 (VIOLATED)
wire381/A                               0.60    0.99   -0.39 (VIOLATED)
ANTENNA_61/DIODE                        0.60    0.99   -0.39 (VIOLATED)
wire375/A                               0.60    0.98   -0.38 (VIOLATED)
ANTENNA_67/DIODE                        0.60    0.98   -0.38 (VIOLATED)
ANTENNA_66/DIODE                        0.60    0.98   -0.38 (VIOLATED)
ANTENNA_68/DIODE                        0.60    0.98   -0.38 (VIOLATED)
ANTENNA_69/DIODE                        0.60    0.98   -0.38 (VIOLATED)
ANTENNA_70/DIODE                        0.60    0.98   -0.38 (VIOLATED)
data_out[7]                             0.60    0.97   -0.37 (VIOLATED)
data_out[23]                            0.60    0.97   -0.37 (VIOLATED)
output99/X                              0.60    0.97   -0.37 (VIOLATED)
output145/X                             0.60    0.96   -0.36 (VIOLATED)
ANTENNA_43/DIODE                        0.60    0.96   -0.36 (VIOLATED)
wire410/A                               0.60    0.96   -0.36 (VIOLATED)
ANTENNA_34/DIODE                        0.60    0.96   -0.36 (VIOLATED)
ANTENNA_36/DIODE                        0.60    0.96   -0.36 (VIOLATED)
ANTENNA_35/DIODE                        0.60    0.96   -0.36 (VIOLATED)
ANTENNA_37/DIODE                        0.60    0.96   -0.36 (VIOLATED)
ANTENNA_533/DIODE                       0.60    0.96   -0.36 (VIOLATED)
ANTENNA_535/DIODE                       0.60    0.96   -0.36 (VIOLATED)
ANTENNA_540/DIODE                       0.60    0.96   -0.36 (VIOLATED)
ANTENNA_534/DIODE                       0.60    0.96   -0.36 (VIOLATED)
ANTENNA_536/DIODE                       0.60    0.96   -0.36 (VIOLATED)
ANTENNA_538/DIODE                       0.60    0.96   -0.36 (VIOLATED)
ANTENNA_42/DIODE                        0.60    0.96   -0.36 (VIOLATED)
ANTENNA_537/DIODE                       0.60    0.96   -0.36 (VIOLATED)
ANTENNA_44/DIODE                        0.60    0.96   -0.36 (VIOLATED)
ANTENNA_539/DIODE                       0.60    0.96   -0.36 (VIOLATED)
ANTENNA_541/DIODE                       0.60    0.96   -0.36 (VIOLATED)
ANTENNA_39/DIODE                        0.60    0.96   -0.36 (VIOLATED)
ANTENNA_38/DIODE                        0.60    0.96   -0.36 (VIOLATED)
ANTENNA_41/DIODE                        0.60    0.96   -0.36 (VIOLATED)
ANTENNA_40/DIODE                        0.60    0.96   -0.36 (VIOLATED)
u_data/dout[47]                         0.04    0.39   -0.35 (VIOLATED)
u_data/dout[63]                         0.04    0.39   -0.35 (VIOLATED)
u_data/dout[1]                          0.04    0.38   -0.34 (VIOLATED)
ANTENNA_13/DIODE                        0.60    0.94   -0.34 (VIOLATED)
wire430/A                               0.60    0.94   -0.34 (VIOLATED)
ANTENNA_10/DIODE                        0.60    0.94   -0.34 (VIOLATED)
ANTENNA_11/DIODE                        0.60    0.94   -0.34 (VIOLATED)
ANTENNA_12/DIODE                        0.60    0.94   -0.34 (VIOLATED)
ANTENNA_8/DIODE                         0.60    0.94   -0.34 (VIOLATED)
ANTENNA_9/DIODE                         0.60    0.94   -0.34 (VIOLATED)
ANTENNA_7/DIODE                         0.60    0.94   -0.34 (VIOLATED)
wire414/A                               0.60    0.94   -0.34 (VIOLATED)
wire434/A                               0.60    0.93   -0.33 (VIOLATED)
wire432/A                               0.60    0.92   -0.32 (VIOLATED)
wire424/A                               0.60    0.92   -0.32 (VIOLATED)
wire436/A                               0.60    0.92   -0.32 (VIOLATED)
ANTENNA_6/DIODE                         0.60    0.92   -0.32 (VIOLATED)
ANTENNA_2/DIODE                         0.60    0.92   -0.32 (VIOLATED)
ANTENNA_3/DIODE                         0.60    0.92   -0.32 (VIOLATED)
ANTENNA_4/DIODE                         0.60    0.92   -0.32 (VIOLATED)
ANTENNA_5/DIODE                         0.60    0.92   -0.32 (VIOLATED)
u_data/din[50]                          0.35    0.67   -0.32 (VIOLATED)
wire416/A                               0.60    0.92   -0.32 (VIOLATED)
u_data/din[14]                          0.35    0.67   -0.32 (VIOLATED)
data_out[6]                             0.60    0.90   -0.30 (VIOLATED)
u_data/din[5]                           0.35    0.65   -0.30 (VIOLATED)
data_out[10]                            0.60    0.90   -0.30 (VIOLATED)
output144/X                             0.60    0.89   -0.29 (VIOLATED)
data_out[2]                             0.60    0.89   -0.29 (VIOLATED)
ANTENNA_56/DIODE                        0.60    0.89   -0.29 (VIOLATED)
ANTENNA_58/DIODE                        0.60    0.89   -0.29 (VIOLATED)
wire387/A                               0.60    0.89   -0.29 (VIOLATED)
ANTENNA_57/DIODE                        0.60    0.89   -0.29 (VIOLATED)
ANTENNA_59/DIODE                        0.60    0.89   -0.29 (VIOLATED)
output106/X                             0.60    0.88   -0.28 (VIOLATED)
wire444/A                               0.60    0.88   -0.28 (VIOLATED)
output85/X                              0.60    0.87   -0.27 (VIOLATED)
u_data/din[38]                          0.35    0.62   -0.27 (VIOLATED)
ANTENNA_876/DIODE                       0.60    0.87   -0.27 (VIOLATED)
ANTENNA_878/DIODE                       0.60    0.87   -0.27 (VIOLATED)
ANTENNA_880/DIODE                       0.60    0.87   -0.27 (VIOLATED)
wire396/A                               0.60    0.87   -0.27 (VIOLATED)
ANTENNA_873/DIODE                       0.60    0.87   -0.27 (VIOLATED)
ANTENNA_872/DIODE                       0.60    0.87   -0.27 (VIOLATED)
ANTENNA_874/DIODE                       0.60    0.87   -0.27 (VIOLATED)
ANTENNA_870/DIODE                       0.60    0.87   -0.27 (VIOLATED)
ANTENNA_871/DIODE                       0.60    0.87   -0.27 (VIOLATED)
ANTENNA_875/DIODE                       0.60    0.87   -0.27 (VIOLATED)
ANTENNA_877/DIODE                       0.60    0.87   -0.27 (VIOLATED)
ANTENNA_879/DIODE                       0.60    0.87   -0.27 (VIOLATED)
ANTENNA_504/DIODE                       0.60    0.86   -0.26 (VIOLATED)
ANTENNA_505/DIODE                       0.60    0.86   -0.26 (VIOLATED)
ANTENNA_1/DIODE                         0.60    0.86   -0.26 (VIOLATED)
ANTENNA_507/DIODE                       0.60    0.86   -0.26 (VIOLATED)
ANTENNA_509/DIODE                       0.60    0.86   -0.26 (VIOLATED)
ANTENNA_511/DIODE                       0.60    0.86   -0.26 (VIOLATED)
ANTENNA_513/DIODE                       0.60    0.86   -0.26 (VIOLATED)
wire448/A                               0.60    0.86   -0.26 (VIOLATED)
ANTENNA_512/DIODE                       0.60    0.86   -0.26 (VIOLATED)
ANTENNA_869/DIODE                       0.60    0.86   -0.26 (VIOLATED)
ANTENNA_506/DIODE                       0.60    0.86   -0.26 (VIOLATED)
ANTENNA_508/DIODE                       0.60    0.86   -0.26 (VIOLATED)
ANTENNA_510/DIODE                       0.60    0.86   -0.26 (VIOLATED)
ANTENNA_868/DIODE                       0.60    0.86   -0.26 (VIOLATED)
ANTENNA_514/DIODE                       0.60    0.86   -0.26 (VIOLATED)
u_data/dout[53]                         0.04    0.30   -0.26 (VIOLATED)
data_out[4]                             0.60    0.86   -0.26 (VIOLATED)
u_data/din[54]                          0.35    0.61   -0.26 (VIOLATED)
wire363/A                               0.60    0.86   -0.26 (VIOLATED)
output128/X                             0.60    0.86   -0.26 (VIOLATED)
data_out[51]                            0.60    0.85   -0.25 (VIOLATED)
output130/X                             0.60    0.85   -0.25 (VIOLATED)
u_data/wmask[3]                         0.35    0.59   -0.24 (VIOLATED)
u_data/din[52]                          0.35    0.59   -0.24 (VIOLATED)
ANTENNA_74/DIODE                        0.60    0.84   -0.24 (VIOLATED)
ANTENNA_76/DIODE                        0.60    0.84   -0.24 (VIOLATED)
ANTENNA_78/DIODE                        0.60    0.84   -0.24 (VIOLATED)
ANTENNA_71/DIODE                        0.60    0.84   -0.24 (VIOLATED)
ANTENNA_72/DIODE                        0.60    0.84   -0.24 (VIOLATED)
ANTENNA_73/DIODE                        0.60    0.84   -0.24 (VIOLATED)
output127/A                             0.60    0.84   -0.24 (VIOLATED)
ANTENNA_75/DIODE                        0.60    0.84   -0.24 (VIOLATED)
ANTENNA_77/DIODE                        0.60    0.84   -0.24 (VIOLATED)
ANTENNA_79/DIODE                        0.60    0.84   -0.24 (VIOLATED)
wire408/A                               0.60    0.84   -0.24 (VIOLATED)
u_data/din[4]                           0.35    0.56   -0.21 (VIOLATED)
u_data/din[39]                          0.35    0.54   -0.19 (VIOLATED)
wire428/A                               0.60    0.78   -0.18 (VIOLATED)
ANTENNA_14/DIODE                        0.60    0.78   -0.18 (VIOLATED)
ANTENNA_515/DIODE                       0.60    0.78   -0.18 (VIOLATED)
ANTENNA_522/DIODE                       0.60    0.78   -0.18 (VIOLATED)
ANTENNA_524/DIODE                       0.60    0.78   -0.18 (VIOLATED)
ANTENNA_516/DIODE                       0.60    0.78   -0.18 (VIOLATED)
ANTENNA_518/DIODE                       0.60    0.78   -0.18 (VIOLATED)
ANTENNA_520/DIODE                       0.60    0.78   -0.18 (VIOLATED)
ANTENNA_16/DIODE                        0.60    0.78   -0.18 (VIOLATED)
ANTENNA_20/DIODE                        0.60    0.78   -0.18 (VIOLATED)
ANTENNA_22/DIODE                        0.60    0.78   -0.18 (VIOLATED)
ANTENNA_517/DIODE                       0.60    0.78   -0.18 (VIOLATED)
ANTENNA_519/DIODE                       0.60    0.78   -0.18 (VIOLATED)
ANTENNA_521/DIODE                       0.60    0.78   -0.18 (VIOLATED)
ANTENNA_523/DIODE                       0.60    0.78   -0.18 (VIOLATED)
ANTENNA_15/DIODE                        0.60    0.78   -0.18 (VIOLATED)
ANTENNA_17/DIODE                        0.60    0.78   -0.18 (VIOLATED)
ANTENNA_19/DIODE                        0.60    0.78   -0.18 (VIOLATED)
ANTENNA_18/DIODE                        0.60    0.78   -0.18 (VIOLATED)
ANTENNA_21/DIODE                        0.60    0.78   -0.18 (VIOLATED)
u_data/din[16]                          0.35    0.52   -0.17 (VIOLATED)
wire402/A                               0.60    0.76   -0.16 (VIOLATED)
ANTENNA_543/DIODE                       0.60    0.76   -0.16 (VIOLATED)
ANTENNA_545/DIODE                       0.60    0.76   -0.16 (VIOLATED)
ANTENNA_55/DIODE                        0.60    0.76   -0.16 (VIOLATED)
ANTENNA_547/DIODE                       0.60    0.76   -0.16 (VIOLATED)
ANTENNA_549/DIODE                       0.60    0.76   -0.16 (VIOLATED)
ANTENNA_47/DIODE                        0.60    0.76   -0.16 (VIOLATED)
ANTENNA_51/DIODE                        0.60    0.76   -0.16 (VIOLATED)
ANTENNA_542/DIODE                       0.60    0.76   -0.16 (VIOLATED)
ANTENNA_544/DIODE                       0.60    0.76   -0.16 (VIOLATED)
ANTENNA_550/DIODE                       0.60    0.76   -0.16 (VIOLATED)
ANTENNA_46/DIODE                        0.60    0.76   -0.16 (VIOLATED)
ANTENNA_546/DIODE                       0.60    0.76   -0.16 (VIOLATED)
ANTENNA_548/DIODE                       0.60    0.76   -0.16 (VIOLATED)
ANTENNA_54/DIODE                        0.60    0.76   -0.16 (VIOLATED)
ANTENNA_52/DIODE                        0.60    0.76   -0.16 (VIOLATED)
ANTENNA_49/DIODE                        0.60    0.76   -0.16 (VIOLATED)
ANTENNA_53/DIODE                        0.60    0.76   -0.16 (VIOLATED)
ANTENNA_45/DIODE                        0.60    0.76   -0.16 (VIOLATED)
ANTENNA_48/DIODE                        0.60    0.76   -0.16 (VIOLATED)
ANTENNA_50/DIODE                        0.60    0.76   -0.16 (VIOLATED)
u_data/din[7]                           0.35    0.51   -0.16 (VIOLATED)
data_out[19]                            0.60    0.76   -0.16 (VIOLATED)
output94/X                              0.60    0.75   -0.15 (VIOLATED)
wire405/A                               0.60    0.75   -0.15 (VIOLATED)
u_data/din[15]                          0.35    0.50   -0.15 (VIOLATED)
wire361/A                               0.60    0.75   -0.15 (VIOLATED)
u_data/dout[55]                         0.04    0.18   -0.14 (VIOLATED)
u_data/din[53]                          0.35    0.49   -0.14 (VIOLATED)
wire390/A                               0.60    0.73   -0.13 (VIOLATED)
u_data/din[3]                           0.35    0.48   -0.13 (VIOLATED)
u_data/din[9]                           0.35    0.48   -0.13 (VIOLATED)
data_out[44]                            0.60    0.73   -0.13 (VIOLATED)
output122/X                             0.60    0.73   -0.13 (VIOLATED)
u_data/din[1]                           0.35    0.47   -0.12 (VIOLATED)
place517/X                              0.60    0.72   -0.12 (VIOLATED)
wire420/A                               0.60    0.71   -0.11 (VIOLATED)
u_data/dout[57]                         0.04    0.15   -0.11 (VIOLATED)
u_data/wmask[1]                         0.35    0.45   -0.10 (VIOLATED)
data_out[9]                             0.60    0.70   -0.10 (VIOLATED)
output147/X                             0.60    0.70   -0.10 (VIOLATED)
ANTENNA_361/DIODE                       0.60    0.70   -0.10 (VIOLATED)
ANTENNA_762/DIODE                       0.60    0.70   -0.10 (VIOLATED)
ANTENNA_767/DIODE                       0.60    0.70   -0.10 (VIOLATED)
ANTENNA_1014/DIODE                      0.60    0.70   -0.10 (VIOLATED)
ANTENNA_1141/DIODE                      0.60    0.70   -0.10 (VIOLATED)
ANTENNA_761/DIODE                       0.60    0.70   -0.10 (VIOLATED)
ANTENNA_760/DIODE                       0.60    0.70   -0.10 (VIOLATED)
ANTENNA_366/DIODE                       0.60    0.70   -0.10 (VIOLATED)
ANTENNA_358/DIODE                       0.60    0.70   -0.10 (VIOLATED)
ANTENNA_758/DIODE                       0.60    0.70   -0.10 (VIOLATED)
ANTENNA_1147/DIODE                      0.60    0.70   -0.10 (VIOLATED)
ANTENNA_1016/DIODE                      0.60    0.70   -0.10 (VIOLATED)
ANTENNA_363/DIODE                       0.60    0.70   -0.10 (VIOLATED)
ANTENNA_362/DIODE                       0.60    0.70   -0.10 (VIOLATED)
ANTENNA_764/DIODE                       0.60    0.70   -0.10 (VIOLATED)
ANTENNA_1143/DIODE                      0.60    0.70   -0.10 (VIOLATED)
ANTENNA_357/DIODE                       0.60    0.70   -0.10 (VIOLATED)
ANTENNA_359/DIODE                       0.60    0.70   -0.10 (VIOLATED)
ANTENNA_360/DIODE                       0.60    0.70   -0.10 (VIOLATED)
ANTENNA_1140/DIODE                      0.60    0.70   -0.10 (VIOLATED)
ANTENNA_1146/DIODE                      0.60    0.70   -0.10 (VIOLATED)
ANTENNA_367/DIODE                       0.60    0.70   -0.10 (VIOLATED)
ANTENNA_1015/DIODE                      0.60    0.70   -0.10 (VIOLATED)
ANTENNA_365/DIODE                       0.60    0.70   -0.10 (VIOLATED)
ANTENNA_763/DIODE                       0.60    0.70   -0.10 (VIOLATED)
ANTENNA_1145/DIODE                      0.60    0.70   -0.10 (VIOLATED)
ANTENNA_1142/DIODE                      0.60    0.70   -0.10 (VIOLATED)
ANTENNA_757/DIODE                       0.60    0.70   -0.10 (VIOLATED)
ANTENNA_1144/DIODE                      0.60    0.70   -0.10 (VIOLATED)
ANTENNA_765/DIODE                       0.60    0.70   -0.10 (VIOLATED)
ANTENNA_1139/DIODE                      0.60    0.70   -0.10 (VIOLATED)
ANTENNA_759/DIODE                       0.60    0.70   -0.10 (VIOLATED)
ANTENNA_1148/DIODE                      0.60    0.70   -0.10 (VIOLATED)
ANTENNA_364/DIODE                       0.60    0.70   -0.10 (VIOLATED)
ANTENNA_1138/DIODE                      0.60    0.70   -0.10 (VIOLATED)
ANTENNA_766/DIODE                       0.60    0.70   -0.10 (VIOLATED)
place518/X                              0.60    0.69   -0.09 (VIOLATED)
u_data/dout[54]                         0.04    0.13   -0.09 (VIOLATED)
input82/X                               0.60    0.69   -0.09 (VIOLATED)
u_data/dout[58]                         0.04    0.13   -0.09 (VIOLATED)
u_data/dout[61]                         0.04    0.13   -0.09 (VIOLATED)
u_data/dout[60]                         0.04    0.12   -0.08 (VIOLATED)
u_data/dout[62]                         0.04    0.12   -0.08 (VIOLATED)
data_out[38]                            0.60    0.68   -0.08 (VIOLATED)
output115/X                             0.60    0.68   -0.08 (VIOLATED)
u_data/wmask[5]                         0.35    0.43   -0.08 (VIOLATED)
u_data/din[21]                          0.35    0.42   -0.07 (VIOLATED)
u_data/din[19]                          0.35    0.42   -0.06 (VIOLATED)
u_data/din[8]                           0.35    0.41   -0.06 (VIOLATED)
wire450/A                               0.60    0.66   -0.06 (VIOLATED)
ANTENNA_376/DIODE                       0.60    0.66   -0.06 (VIOLATED)
ANTENNA_776/DIODE                       0.60    0.66   -0.06 (VIOLATED)
ANTENNA_1020/DIODE                      0.60    0.66   -0.06 (VIOLATED)
ANTENNA_1022/DIODE                      0.60    0.66   -0.06 (VIOLATED)
ANTENNA_1150/DIODE                      0.60    0.66   -0.06 (VIOLATED)
ANTENNA_771/DIODE                       0.60    0.66   -0.06 (VIOLATED)
ANTENNA_773/DIODE                       0.60    0.66   -0.06 (VIOLATED)
ANTENNA_774/DIODE                       0.60    0.66   -0.06 (VIOLATED)
ANTENNA_370/DIODE                       0.60    0.66   -0.06 (VIOLATED)
ANTENNA_375/DIODE                       0.60    0.66   -0.06 (VIOLATED)
ANTENNA_368/DIODE                       0.60    0.66   -0.06 (VIOLATED)
ANTENNA_1023/DIODE                      0.60    0.66   -0.06 (VIOLATED)
ANTENNA_378/DIODE                       0.60    0.66   -0.06 (VIOLATED)
ANTENNA_372/DIODE                       0.60    0.66   -0.06 (VIOLATED)
ANTENNA_369/DIODE                       0.60    0.66   -0.06 (VIOLATED)
ANTENNA_770/DIODE                       0.60    0.66   -0.06 (VIOLATED)
ANTENNA_374/DIODE                       0.60    0.66   -0.06 (VIOLATED)
ANTENNA_768/DIODE                       0.60    0.66   -0.06 (VIOLATED)
ANTENNA_1155/DIODE                      0.60    0.66   -0.06 (VIOLATED)
ANTENNA_1017/DIODE                      0.60    0.66   -0.06 (VIOLATED)
ANTENNA_1156/DIODE                      0.60    0.66   -0.06 (VIOLATED)
ANTENNA_1158/DIODE                      0.60    0.66   -0.06 (VIOLATED)
ANTENNA_1151/DIODE                      0.60    0.66   -0.06 (VIOLATED)
ANTENNA_1024/DIODE                      0.60    0.66   -0.06 (VIOLATED)
ANTENNA_1021/DIODE                      0.60    0.66   -0.06 (VIOLATED)
ANTENNA_1149/DIODE                      0.60    0.66   -0.06 (VIOLATED)
ANTENNA_1152/DIODE                      0.60    0.66   -0.06 (VIOLATED)
ANTENNA_1019/DIODE                      0.60    0.66   -0.06 (VIOLATED)
ANTENNA_1159/DIODE                      0.60    0.66   -0.06 (VIOLATED)
ANTENNA_1157/DIODE                      0.60    0.66   -0.06 (VIOLATED)
ANTENNA_778/DIODE                       0.60    0.66   -0.06 (VIOLATED)
ANTENNA_775/DIODE                       0.60    0.66   -0.06 (VIOLATED)
ANTENNA_1018/DIODE                      0.60    0.66   -0.06 (VIOLATED)
ANTENNA_1154/DIODE                      0.60    0.66   -0.06 (VIOLATED)
ANTENNA_377/DIODE                       0.60    0.66   -0.06 (VIOLATED)
ANTENNA_1153/DIODE                      0.60    0.66   -0.06 (VIOLATED)
ANTENNA_777/DIODE                       0.60    0.66   -0.06 (VIOLATED)
ANTENNA_373/DIODE                       0.60    0.66   -0.06 (VIOLATED)
ANTENNA_769/DIODE                       0.60    0.66   -0.06 (VIOLATED)
ANTENNA_772/DIODE                       0.60    0.66   -0.06 (VIOLATED)
ANTENNA_371/DIODE                       0.60    0.66   -0.06 (VIOLATED)
place522/X                              0.60    0.66   -0.06 (VIOLATED)
wire369/A                               0.60    0.65   -0.05 (VIOLATED)
ANTENNA_83/DIODE                        0.60    0.65   -0.05 (VIOLATED)
ANTENNA_81/DIODE                        0.60    0.65   -0.05 (VIOLATED)
ANTENNA_80/DIODE                        0.60    0.65   -0.05 (VIOLATED)
ANTENNA_86/DIODE                        0.60    0.65   -0.05 (VIOLATED)
ANTENNA_84/DIODE                        0.60    0.65   -0.05 (VIOLATED)
ANTENNA_82/DIODE                        0.60    0.65   -0.05 (VIOLATED)
ANTENNA_85/DIODE                        0.60    0.65   -0.05 (VIOLATED)
ANTENNA_87/DIODE                        0.60    0.65   -0.05 (VIOLATED)
u_data/din[29]                          0.35    0.40   -0.05 (VIOLATED)
wire412/A                               0.60    0.65   -0.05 (VIOLATED)
u_data/din[33]                          0.35    0.39   -0.04 (VIOLATED)
u_data/din[27]                          0.35    0.38   -0.03 (VIOLATED)
wire440/A                               0.60    0.63   -0.03 (VIOLATED)
data_out[39]                            0.60    0.63   -0.03 (VIOLATED)
u_data/din[43]                          0.35    0.37   -0.02 (VIOLATED)
u_data/din[41]                          0.35    0.37   -0.02 (VIOLATED)
u_data/din[37]                          0.35    0.37   -0.02 (VIOLATED)
u_data/din[20]                          0.35    0.37   -0.02 (VIOLATED)
data_out[13]                            0.60    0.61   -0.01 (VIOLATED)
data_out[22]                            0.60    0.61   -0.01 (VIOLATED)
u_data/din[11]                          0.35    0.36   -0.01 (VIOLATED)
u_data/din[13]                          0.35    0.35   -0.00 (VIOLATED)

max capacitance

Pin                                    Limit     Cap   Slack
------------------------------------------------------------
output123/X                             0.16    0.28   -0.12 (VIOLATED)

output131/X                             0.16    0.22   -0.06 (VIOLATED)

output129/X                             0.16    0.17   -0.01 (VIOLATED)


==========================================================================
global route max_slew_check_slack
--------------------------------------------------------------------------
-2.0877678394317627

==========================================================================
global route max_slew_check_limit
--------------------------------------------------------------------------
0.6000000238418579

==========================================================================
global route max_slew_check_slack_limit
--------------------------------------------------------------------------
-3.4796

==========================================================================
global route max_fanout_check_slack
--------------------------------------------------------------------------
1.0000000150474662e+30

==========================================================================
global route max_fanout_check_limit
--------------------------------------------------------------------------
1.0000000150474662e+30

==========================================================================
global route max_capacitance_check_slack
--------------------------------------------------------------------------
-0.120606429874897

==========================================================================
global route max_capacitance_check_limit
--------------------------------------------------------------------------
0.15656499564647675

==========================================================================
global route max_capacitance_check_slack_limit
--------------------------------------------------------------------------
-0.7703

==========================================================================
global route max_slew_violation_count
--------------------------------------------------------------------------
max slew violation count 441

==========================================================================
global route max_fanout_violation_count
--------------------------------------------------------------------------
max fanout violation count 0

==========================================================================
global route max_cap_violation_count
--------------------------------------------------------------------------
max cap violation count 3

==========================================================================
global route setup_violation_count
--------------------------------------------------------------------------
setup violation count 0

==========================================================================
global route hold_violation_count
--------------------------------------------------------------------------
hold violation count 0

==========================================================================
global route report_checks -path_delay max reg to reg
--------------------------------------------------------------------------
No paths found.

==========================================================================
global route report_checks -path_delay min reg to reg
--------------------------------------------------------------------------
No paths found.

==========================================================================
global route critical path target clock latency max path
--------------------------------------------------------------------------
0.0021

==========================================================================
global route critical path target clock latency min path
--------------------------------------------------------------------------
0.0111

==========================================================================
global route critical path source clock latency min path
--------------------------------------------------------------------------
0.0000

==========================================================================
global route critical path delay
--------------------------------------------------------------------------
6.5587

==========================================================================
global route critical path slack
--------------------------------------------------------------------------
2.8413

==========================================================================
global route slack div critical path delay
--------------------------------------------------------------------------
43.321085

==========================================================================
global route report_power
--------------------------------------------------------------------------
Group                  Internal  Switching    Leakage      Total
                          Power      Power      Power      Power (Watts)
----------------------------------------------------------------
Sequential             0.00e+00   0.00e+00   0.00e+00   0.00e+00   0.0%
Combinational          5.84e-05   1.86e-04   1.47e-09   2.45e-04  24.9%
Clock                 -1.29e-09   0.00e+00   7.45e-12  -1.28e-09  -0.0%
Macro                  7.40e-04   0.00e+00   6.42e-07   7.40e-04  75.1%
Pad                    0.00e+00   0.00e+00   0.00e+00   0.00e+00   0.0%
----------------------------------------------------------------
Total                  7.98e-04   1.86e-04   6.43e-07   9.85e-04 100.0%
                          81.0%      18.9%       0.1%
