violation type: Short
	srcs: net:net106 net:net543
	bbox = (428.1100, 76.3500) - (428.4100, 76.6500) on Layer met3
violation type: Short
	srcs: net:net106 net:net543
	bbox = (428.1100, 76.3500) - (429.3300, 76.6500) on Layer met3
violation type: Short
	srcs: net:net106 net:net543
	bbox = (429.0300, 76.3500) - (429.3300, 76.6500) on Layer met3
violation type: Short
	srcs: net:VSS net:net548
	bbox = (430.0000, 38.9500) - (431.5800, 38.9850) on Layer met3
violation type: Short
	srcs: net:net88 net:VSS
	bbox = (430.0000, 41.6700) - (431.5800, 41.7050) on Layer met3
violation type: Short
	srcs: net:VSS net:data_in[26]
	bbox = (430.0000, 48.4700) - (431.5800, 48.5050) on Layer met3
violation type: Short
	srcs: net:VSS net:net499
	bbox = (430.0000, 49.8300) - (431.5800, 49.8650) on Layer met3
violation type: Short
	srcs: net:VSS net:net498
	bbox = (430.0000, 60.7100) - (431.5800, 60.7450) on Layer met3
violation type: Short
	srcs: net:net115 net:VSS
	bbox = (430.0000, 74.3100) - (431.5800, 74.3450) on Layer met3
violation type: Short
	srcs: net:VSS net:net520
	bbox = (430.0000, 75.6700) - (431.5800, 75.7050) on Layer met3
violation type: Short
	srcs: net:net110 net:data_out[19]
	bbox = (441.8700, 78.3900) - (442.2500, 78.6900) on Layer met3
violation type: Short
	srcs: net:net110 net:data_out[19]
	bbox = (441.8700, 78.3900) - (448.6500, 78.6900) on Layer met3
violation type: Short
	srcs: net:net115 net:net499
	bbox = (442.8300, 74.3100) - (443.1300, 74.6100) on Layer met3
violation type: Short
	srcs: net:net115 net:net499
	bbox = (442.8300, 74.3100) - (445.8900, 74.6100) on Layer met3
violation type: Short
	srcs: net:VDD net:data_in[18]
	bbox = (443.5700, 50.5100) - (445.1500, 50.5450) on Layer met3
violation type: Short
	srcs: net:net101 net:VDD
	bbox = (443.5700, 68.1900) - (445.1500, 68.2250) on Layer met3
violation type: Short
	srcs: net:net127 net:VDD
	bbox = (443.5700, 72.2700) - (445.1500, 72.3050) on Layer met3
violation type: Short
	srcs: net:VDD net:net490
	bbox = (443.5700, 122.5900) - (445.1500, 122.6250) on Layer met3
violation type: Short
	srcs: net:net86 net:VDD
	bbox = (443.7300, 130.0700) - (444.9100, 130.3700) on Layer met3
violation type: Short
	srcs: net:net115 net:net499
	bbox = (445.5900, 74.3100) - (445.8900, 74.6100) on Layer met3
violation type: Short
	srcs: net:net110 net:data_out[19]
	bbox = (448.3500, 78.3900) - (448.6500, 78.6900) on Layer met3
violation type: Short
	srcs: net:net110 net:data_out[48]
	bbox = (451.1100, 81.1100) - (451.4100, 81.4100) on Layer met3
violation type: Short
	srcs: net:data_out[19] net:data_out[48]
	bbox = (455.7100, 79.7500) - (456.0100, 80.0500) on Layer met3
violation type: Short
	srcs: net:VSS net:net530
	bbox = (457.1400, 60.7100) - (458.7200, 60.7450) on Layer met3
violation type: Short
	srcs: net:VSS net:wmask[5]
	bbox = (457.1400, 66.1500) - (458.7200, 66.1850) on Layer met3
violation type: Short
	srcs: net:net101 net:net530
	bbox = (469.5100, 60.0300) - (469.8100, 60.3300) on Layer met3
violation type: Short
	srcs: net:net101 net:net530
	bbox = (469.5100, 60.0300) - (473.4900, 60.3300) on Layer met3
violation type: Short
	srcs: net:net101 net:net530
	bbox = (473.1500, 60.0300) - (473.4900, 60.3300) on Layer met3
violation type: Short
	srcs: net:net101 net:net530
	bbox = (473.1900, 60.0300) - (473.4900, 60.3300) on Layer met3
violation type: Short
	srcs: net:net101 net:net530
	bbox = (473.1900, 60.0300) - (473.4900, 60.3400) on Layer met3
violation type: Short
	srcs: net:net91 net:VSS
	bbox = (484.2800, 52.5500) - (485.8600, 52.5850) on Layer met3
violation type: Short
	srcs: net:VSS net:net549
	bbox = (484.2800, 63.4300) - (485.8600, 63.4650) on Layer met3
violation type: Short
	srcs: net:net115 net:VSS
	bbox = (484.2800, 70.2300) - (485.8600, 70.2650) on Layer met3
violation type: Short
	srcs: net:net106 net:VSS
	bbox = (484.2800, 77.0300) - (485.8600, 77.0650) on Layer met3
violation type: Short
	srcs: net:net110 net:VSS
	bbox = (484.2800, 81.1100) - (485.8600, 81.1450) on Layer met3
violation type: Short
	srcs: net:data_in[11] net:net530
	bbox = (487.9100, 55.2700) - (488.2100, 55.5700) on Layer met3
violation type: Short
	srcs: net:VDD net:net544
	bbox = (497.8500, 61.3900) - (499.4300, 61.4250) on Layer met3
violation type: Short
	srcs: net:VDD net:wmask[5]
	bbox = (497.8500, 65.4700) - (499.4300, 65.5050) on Layer met3
violation type: Short
	srcs: net:VDD net:data_out[48]
	bbox = (497.8500, 77.7100) - (499.4300, 77.7450) on Layer met3
violation type: Short
	srcs: net:VDD net:net520
	bbox = (497.8500, 80.4300) - (499.4300, 80.4650) on Layer met3
violation type: Short
	srcs: net:VDD net:net543
	bbox = (497.8500, 81.7900) - (499.4300, 81.8250) on Layer met3
violation type: Short
	srcs: net:VDD net:data_out[28]
	bbox = (497.8500, 144.3500) - (499.4300, 144.3850) on Layer met3
violation type: Short
	srcs: net:VSS net:net530
	bbox = (511.4200, 63.4300) - (513.0000, 63.4650) on Layer met3
violation type: Short
	srcs: net:net108 net:VSS
	bbox = (511.4200, 67.5100) - (513.0000, 67.5450) on Layer met3
violation type: Short
	srcs: net:VSS net:net526
	bbox = (511.4200, 147.7500) - (513.0000, 147.7850) on Layer met3
violation type: Short
	srcs: net:VSS net:net547
	bbox = (511.4200, 153.1900) - (513.0000, 153.2250) on Layer met3
violation type: Short
	srcs: net:VSS net:data_out[52]
	bbox = (511.4200, 158.6300) - (513.0000, 158.6650) on Layer met3
violation type: Short
	srcs: net:net128 net:VSS
	bbox = (511.4200, 161.3500) - (513.0000, 161.3850) on Layer met3
violation type: Short
	srcs: net:net90 net:wmask[5]
	bbox = (524.2500, 60.0300) - (524.5500, 60.3300) on Layer met3
violation type: Short
	srcs: net:net90 net:wmask[5]
	bbox = (524.2500, 60.0300) - (527.7700, 60.3300) on Layer met3
violation type: Short
	srcs: net:VDD net:net548
	bbox = (524.9900, 36.9100) - (526.5700, 36.9450) on Layer met3
violation type: Short
	srcs: net:net88 net:VDD
	bbox = (524.9900, 38.2700) - (526.5700, 38.3050) on Layer met3
violation type: Short
	srcs: net:VDD net:net501
	bbox = (524.9900, 49.1500) - (526.5700, 49.1850) on Layer met3
violation type: Short
	srcs: net:net115 net:VDD
	bbox = (524.9900, 69.5500) - (526.5700, 69.5850) on Layer met3
violation type: Short
	srcs: net:net113 net:VDD
	bbox = (524.9900, 72.2700) - (526.5700, 72.3050) on Layer met3
violation type: Short
	srcs: net:VDD net:net543
	bbox = (524.9900, 81.7900) - (526.5700, 81.8250) on Layer met3
violation type: Short
	srcs: net:net127 net:VDD
	bbox = (524.9900, 87.2300) - (526.5700, 87.2650) on Layer met3
violation type: Short
	srcs: net:VDD net:data_out[30]
	bbox = (524.9900, 102.1900) - (526.5700, 102.2250) on Layer met3
violation type: Short
	srcs: net:VDD net:data_in[32]
	bbox = (524.9900, 104.9100) - (526.5700, 104.9450) on Layer met3
violation type: Short
	srcs: net:VDD net:data_in[42]
	bbox = (524.9900, 114.4300) - (526.5700, 114.4650) on Layer met3
violation type: Short
	srcs: net:VDD net:data_in[9]
	bbox = (524.9900, 118.5100) - (526.5700, 118.5450) on Layer met3
violation type: Short
	srcs: net:net147 net:VDD
	bbox = (524.9900, 121.2300) - (526.5700, 121.2650) on Layer met3
violation type: Short
	srcs: net:VDD net:data_in[12]
	bbox = (524.9900, 134.8300) - (526.5700, 134.8650) on Layer met3
violation type: Short
	srcs: net:VDD net:data_out[36]
	bbox = (524.9900, 141.6300) - (526.5700, 141.6650) on Layer met3
violation type: Short
	srcs: net:VDD net:data_out[28]
	bbox = (524.9900, 149.7900) - (526.5700, 149.8250) on Layer met3
violation type: Short
	srcs: net:net109 net:addr[2]
	bbox = (527.4300, 138.2300) - (527.7700, 138.5300) on Layer met3
violation type: Short
	srcs: net:net90 net:wmask[5]
	bbox = (527.4700, 60.0300) - (527.7700, 60.3300) on Layer met3
violation type: Short
	srcs: net:net109 net:addr[2]
	bbox = (527.4700, 138.2200) - (527.7700, 138.5300) on Layer met3
violation type: Short
	srcs: net:net109 net:addr[2]
	bbox = (527.4700, 138.2300) - (527.7700, 138.5300) on Layer met3
violation type: Short
	srcs: net:net108 net:data_out[19]
	bbox = (537.5900, 86.5500) - (537.8900, 86.8500) on Layer met3
violation type: Short
	srcs: net:net108 net:data_out[19]
	bbox = (537.5900, 86.5500) - (541.5700, 86.8500) on Layer met3
violation type: Short
	srcs: net:net91 net:VSS
	bbox = (538.5600, 51.1900) - (540.1400, 51.2250) on Layer met3
violation type: Short
	srcs: net:VSS net:wmask[5]
	bbox = (538.5600, 60.7100) - (540.1400, 60.7450) on Layer met3
violation type: Short
	srcs: net:VSS net:net530
	bbox = (538.5600, 67.5100) - (540.1400, 67.5450) on Layer met3
violation type: Short
	srcs: net:net106 net:VSS
	bbox = (538.5600, 70.2300) - (540.1400, 70.2650) on Layer met3
violation type: Short
	srcs: net:VSS net:net520
	bbox = (538.5600, 75.6700) - (540.1400, 75.7050) on Layer met3
violation type: Short
	srcs: net:net124 net:VSS
	bbox = (538.5600, 82.4700) - (540.1400, 82.5050) on Layer met3
violation type: Short
	srcs: net:VSS net:data_in[1]
	bbox = (538.5600, 83.8300) - (540.1400, 83.8650) on Layer met3
violation type: Short
	srcs: net:VSS net:net494
	bbox = (538.5600, 91.9900) - (540.1400, 92.0250) on Layer met3
violation type: Short
	srcs: net:net139 net:VSS
	bbox = (538.5600, 96.0700) - (540.1400, 96.1050) on Layer met3
violation type: Short
	srcs: net:net110 net:VSS
	bbox = (538.5600, 101.5100) - (540.1400, 101.5450) on Layer met3
violation type: Short
	srcs: net:VSS net:net529
	bbox = (538.5600, 104.2300) - (540.1400, 104.2650) on Layer met3
violation type: Short
	srcs: net:net102 net:VSS
	bbox = (538.5600, 109.6700) - (540.1400, 109.7050) on Layer met3
violation type: Short
	srcs: net:VSS net:data_out[34]
	bbox = (538.5600, 113.7500) - (540.1400, 113.7850) on Layer met3
violation type: Short
	srcs: net:VSS net:net490
	bbox = (538.5600, 121.9100) - (540.1400, 121.9450) on Layer met3
violation type: Short
	srcs: net:VSS net:data_in[12]
	bbox = (538.5600, 130.0700) - (540.1400, 130.1050) on Layer met3
violation type: Short
	srcs: net:VSS net:addr[4]
	bbox = (538.5600, 134.1500) - (540.1400, 134.1850) on Layer met3
violation type: Short
	srcs: net:net109 net:VSS
	bbox = (538.5600, 136.8700) - (540.1400, 136.9050) on Layer met3
violation type: Short
	srcs: net:VSS net:addr[2]
	bbox = (538.5600, 138.2300) - (540.1400, 138.2650) on Layer met3
violation type: Short
	srcs: net:VSS net:data_out[36]
	bbox = (538.5600, 142.3100) - (540.1400, 142.3450) on Layer met3
violation type: Short
	srcs: net:VSS net:net499
	bbox = (538.5600, 143.6700) - (540.1400, 143.7050) on Layer met3
violation type: Short
	srcs: net:VSS net:net526
	bbox = (538.5600, 146.3900) - (540.1400, 146.4250) on Layer met3
violation type: Short
	srcs: net:net101 net:VSS
	bbox = (538.7350, 71.5900) - (539.9150, 71.6250) on Layer met3
violation type: Short
	srcs: net:net101 net:net113
	bbox = (541.2700, 72.2700) - (541.5700, 72.5700) on Layer met3
violation type: Short
	srcs: net:net108 net:data_out[19]
	bbox = (541.2700, 86.5500) - (541.5700, 86.8500) on Layer met3
violation type: Short
	srcs: net:net547 net:net540
	bbox = (551.3500, 164.0700) - (551.7300, 164.3700) on Layer met3
violation type: Short
	srcs: net:net547 net:net540
	bbox = (551.3500, 164.0700) - (554.4500, 164.3700) on Layer met3
violation type: Short
	srcs: net:data_in[32] net:net529
	bbox = (551.3900, 105.5900) - (551.6900, 105.8900) on Layer met3
violation type: Short
	srcs: net:data_in[32] net:net529
	bbox = (551.3900, 105.5900) - (554.4500, 105.8900) on Layer met3
violation type: Short
	srcs: net:VDD net:net501
	bbox = (552.1300, 49.1500) - (553.7100, 49.1850) on Layer met3
violation type: Short
	srcs: net:VDD net:data_in[9]
	bbox = (552.1300, 119.8700) - (553.7100, 119.9050) on Layer met3
violation type: Short
	srcs: net:VDD net:net490
	bbox = (552.1300, 125.3100) - (553.7100, 125.3450) on Layer met3
violation type: Short
	srcs: net:net86 net:VDD
	bbox = (552.1300, 129.3900) - (553.7100, 129.4250) on Layer met3
violation type: Short
	srcs: net:VDD net:addr[4]
	bbox = (552.1300, 134.8300) - (553.7100, 134.8650) on Layer met3
violation type: Short
	srcs: net:VDD net:data_in[8]
	bbox = (552.1300, 151.1500) - (553.7100, 151.1850) on Layer met3
violation type: Short
	srcs: net:VDD net:net534
	bbox = (552.8200, 136.1900) - (553.6000, 136.2250) on Layer met3
violation type: Short
	srcs: net:data_in[32] net:net529
	bbox = (554.1500, 105.5900) - (554.4500, 105.8900) on Layer met3
violation type: Short
	srcs: net:net547 net:net540
	bbox = (554.1500, 164.0700) - (554.4500, 164.3700) on Layer met3
violation type: Short
	srcs: net:net91 net:VSS
	bbox = (565.7000, 51.1900) - (567.2800, 51.2250) on Layer met3
violation type: Short
	srcs: net:VSS net:wmask[5]
	bbox = (565.7000, 55.2700) - (567.2800, 55.3050) on Layer met3
violation type: Short
	srcs: net:VSS net:net560
	bbox = (565.7000, 56.6300) - (567.2800, 56.6650) on Layer met3
violation type: Short
	srcs: net:VSS net:net530
	bbox = (565.7000, 67.5100) - (567.2800, 67.5450) on Layer met3
violation type: Short
	srcs: net:net106 net:VSS
	bbox = (565.7000, 70.2300) - (567.2800, 70.2650) on Layer met3
violation type: Short
	srcs: net:VSS net:net543
	bbox = (565.7000, 74.3100) - (567.2800, 74.3450) on Layer met3
violation type: Short
	srcs: net:net113 net:VSS
	bbox = (565.7000, 75.6700) - (567.2800, 75.7050) on Layer met3
violation type: Short
	srcs: net:VSS net:data_out[48]
	bbox = (565.7000, 81.1100) - (567.2800, 81.1450) on Layer met3
violation type: Short
	srcs: net:net139 net:VSS
	bbox = (565.7000, 82.4700) - (567.2800, 82.5050) on Layer met3
violation type: Short
	srcs: net:net110 net:VSS
	bbox = (565.7000, 98.7900) - (567.2800, 98.8250) on Layer met3
violation type: Short
	srcs: net:VSS net:net494
	bbox = (565.7000, 100.1500) - (567.2800, 100.1850) on Layer met3
violation type: Short
	srcs: net:VSS net:net498
	bbox = (565.7000, 104.2300) - (567.2800, 104.2650) on Layer met3
violation type: Short
	srcs: net:VDD net:net549
	bbox = (579.2700, 35.5500) - (580.8500, 35.5850) on Layer met3
violation type: Short
	srcs: net:VDD net:net509
	bbox = (579.2700, 36.9100) - (580.8500, 36.9450) on Layer met3
violation type: Short
	srcs: net:VDD net:net501
	bbox = (579.2700, 47.7900) - (580.8500, 47.8250) on Layer met3
violation type: Short
	srcs: net:net124 net:VDD
	bbox = (579.2700, 57.3100) - (580.8500, 57.3450) on Layer met3
violation type: Short
	srcs: net:VDD net:net520
	bbox = (579.2700, 61.3900) - (580.8500, 61.4250) on Layer met3
violation type: Short
	srcs: net:net115 net:VDD
	bbox = (579.2700, 66.8300) - (580.8500, 66.8650) on Layer met3
violation type: Short
	srcs: net:net106 net:VDD
	bbox = (579.2700, 68.1900) - (580.8500, 68.2250) on Layer met3
violation type: Short
	srcs: net:VDD net:net530
	bbox = (579.2700, 70.9100) - (580.8500, 70.9450) on Layer met3
violation type: Short
	srcs: net:net101 net:VDD
	bbox = (579.2700, 73.6300) - (580.8500, 73.6650) on Layer met3
violation type: Short
	srcs: net:VDD net:net543
	bbox = (579.2700, 74.9900) - (580.8500, 75.0250) on Layer met3
violation type: Short
	srcs: net:net113 net:VDD
	bbox = (579.2700, 79.0700) - (580.8500, 79.1050) on Layer met3
violation type: Short
	srcs: net:VDD net:data_in[32]
	bbox = (579.2700, 85.8700) - (580.8500, 85.9050) on Layer met3
violation type: Short
	srcs: net:net127 net:VDD
	bbox = (579.2700, 87.2300) - (579.7500, 87.2650) on Layer met3
violation type: Short
	srcs: net:net145 net:VDD
	bbox = (579.2700, 89.9500) - (580.8500, 89.9850) on Layer met3
violation type: Short
	srcs: net:net139 net:VDD
	bbox = (579.2700, 96.7500) - (580.8500, 96.7850) on Layer met3
violation type: Short
	srcs: net:VDD net:net498
	bbox = (579.2700, 98.1100) - (580.8500, 98.1450) on Layer met3
violation type: Short
	srcs: net:VDD net:net494
	bbox = (579.2700, 103.5500) - (580.8500, 103.5850) on Layer met3
violation type: Short
	srcs: net:VDD net:data_out[19]
	bbox = (579.2700, 106.2700) - (580.8500, 106.3050) on Layer met3
violation type: Short
	srcs: net:net102 net:VDD
	bbox = (579.2700, 108.9900) - (580.8500, 109.0250) on Layer met3
violation type: Short
	srcs: net:VDD net:net529
	bbox = (579.2700, 110.3500) - (580.8500, 110.3850) on Layer met3
violation type: Short
	srcs: net:VDD net:data_out[34]
	bbox = (579.2700, 113.0700) - (580.8500, 113.1050) on Layer met3
violation type: Short
	srcs: net:VDD net:data_in[42]
	bbox = (579.2700, 117.1500) - (580.8500, 117.1850) on Layer met3
violation type: Short
	srcs: net:net127 net:VDD
	bbox = (579.4500, 87.2300) - (579.7500, 87.2650) on Layer met3
violation type: Short
	srcs: net:VDD net:data_in[9]
	bbox = (579.9900, 119.8700) - (580.7700, 119.9050) on Layer met3
violation type: Short
	srcs: net:net147 net:VDD
	bbox = (579.9900, 121.2300) - (580.7700, 121.2650) on Layer met3
violation type: Short
	srcs: net:VDD net:net539
	bbox = (579.9900, 122.5900) - (580.7700, 122.6250) on Layer met3
violation type: Short
	srcs: net:VDD net:data_in[44]
	bbox = (579.9900, 132.1100) - (580.7700, 132.1450) on Layer met3
violation type: Short
	srcs: net:VDD net:data_out[36]
	bbox = (579.9900, 144.3500) - (580.7700, 144.3850) on Layer met3
violation type: Short
	srcs: net:net91 net:VSS
	bbox = (592.8400, 52.5500) - (594.4200, 52.5850) on Layer met3
violation type: Short
	srcs: net:VSS net:net560
	bbox = (592.8400, 53.9100) - (594.4200, 53.9450) on Layer met3
violation type: Short
	srcs: net:net90 net:VSS
	bbox = (592.8400, 60.7100) - (594.4200, 60.7450) on Layer met3
violation type: Short
	srcs: net:VSS net:wmask[5]
	bbox = (592.8400, 63.4300) - (594.4200, 63.4650) on Layer met3
violation type: Short
	srcs: net:net101 net:VSS
	bbox = (592.8400, 71.5900) - (594.4200, 71.6250) on Layer met3
violation type: Short
	srcs: net:VSS net:net544
	bbox = (592.8400, 75.6700) - (594.4200, 75.7050) on Layer met3
violation type: Short
	srcs: net:VSS net:net543
	bbox = (592.8400, 83.8300) - (594.4200, 83.8650) on Layer met3
violation type: Short
	srcs: net:net113 net:VSS
	bbox = (592.8400, 89.2700) - (594.4200, 89.3050) on Layer met3
violation type: Short
	srcs: net:VSS net:data_out[30]
	bbox = (592.8400, 93.3500) - (594.4200, 93.3850) on Layer met3
violation type: Short
	srcs: net:VSS net:net487
	bbox = (592.8400, 100.1500) - (594.4200, 100.1850) on Layer met3
violation type: Short
	srcs: net:net110 net:VSS
	bbox = (592.8400, 101.5100) - (594.4200, 101.5450) on Layer met3
violation type: Short
	srcs: net:VSS net:net529
	bbox = (592.8400, 113.7500) - (594.4200, 113.7850) on Layer met3
violation type: Short
	srcs: net:VSS net:data_in[9]
	bbox = (592.8400, 116.4700) - (594.4200, 116.5050) on Layer met3
violation type: Short
	srcs: net:VSS net:net539
	bbox = (592.8400, 121.9100) - (594.4200, 121.9450) on Layer met3
violation type: Short
	srcs: net:net86 net:VSS
	bbox = (592.8400, 125.9900) - (594.4200, 126.0250) on Layer met3
violation type: Short
	srcs: net:VDD net:net501
	bbox = (606.4100, 47.7900) - (607.9900, 47.8250) on Layer met3
violation type: Short
	srcs: net:VDD net:net520
	bbox = (606.4100, 61.3900) - (607.9900, 61.4250) on Layer met3
violation type: Short
	srcs: net:net115 net:VDD
	bbox = (606.4100, 68.1900) - (607.9900, 68.2250) on Layer met3
violation type: Short
	srcs: net:VDD net:net530
	bbox = (606.4100, 70.9100) - (607.9900, 70.9450) on Layer met3
violation type: Short
	srcs: net:net124 net:VDD
	bbox = (606.4100, 72.2700) - (607.9900, 72.3050) on Layer met3
violation type: Short
	srcs: net:VDD net:data_out[30]
	bbox = (606.4100, 77.7100) - (607.9900, 77.7450) on Layer met3
violation type: Short
	srcs: net:net106 net:VDD
	bbox = (606.4100, 84.5100) - (607.9900, 84.5450) on Layer met3
violation type: Short
	srcs: net:net145 net:VDD
	bbox = (606.4100, 91.3100) - (607.9900, 91.3450) on Layer met3
violation type: Short
	srcs: net:net139 net:VDD
	bbox = (606.4100, 95.3900) - (607.9900, 95.4250) on Layer met3
violation type: Short
	srcs: net:VDD net:net494
	bbox = (606.4100, 103.5500) - (607.9900, 103.5850) on Layer met3
violation type: Short
	srcs: net:VDD net:data_out[19]
	bbox = (606.4100, 106.2700) - (607.9900, 106.3050) on Layer met3
violation type: Short
	srcs: net:net102 net:VDD
	bbox = (606.4100, 108.9900) - (607.9900, 109.0250) on Layer met3
violation type: Short
	srcs: net:VDD net:data_out[34]
	bbox = (606.4100, 115.7900) - (607.9900, 115.8250) on Layer met3
violation type: Short
	srcs: net:net147 net:VDD
	bbox = (606.4100, 121.2300) - (607.9900, 121.2650) on Layer met3
violation type: Short
	srcs: net:net108 net:VDD
	bbox = (606.4100, 123.9500) - (607.9900, 123.9850) on Layer met3
violation type: Short
	srcs: net:VDD net:net490
	bbox = (606.4100, 126.6700) - (607.9900, 126.7050) on Layer met3
violation type: Short
	srcs: net:VDD net:data_out[36]
	bbox = (606.4100, 144.3500) - (607.9900, 144.3850) on Layer met3
violation type: Short
	srcs: net:VDD net:data_out[52]
	bbox = (606.4100, 159.3100) - (607.9900, 159.3450) on Layer met3
violation type: Short
	srcs: net:VSS net:net501
	bbox = (619.9800, 48.4700) - (621.5600, 48.5050) on Layer met3
violation type: Short
	srcs: net:net90 net:VSS
	bbox = (619.9800, 59.3500) - (621.5600, 59.3850) on Layer met3
violation type: Short
	srcs: net:VSS net:wmask[5]
	bbox = (619.9800, 63.4300) - (621.5600, 63.4650) on Layer met3
violation type: Short
	srcs: net:net101 net:VSS
	bbox = (619.9800, 71.5900) - (621.5600, 71.6250) on Layer met3
violation type: Short
	srcs: net:VSS net:data_out[30]
	bbox = (619.9800, 75.6700) - (621.5600, 75.7050) on Layer met3
violation type: Short
	srcs: net:net113 net:VSS
	bbox = (619.9800, 86.5500) - (621.1500, 86.5850) on Layer met3
violation type: Short
	srcs: net:net110 net:VSS
	bbox = (619.9800, 97.4300) - (621.5600, 97.4650) on Layer met3
violation type: Short
	srcs: net:VSS net:net498
	bbox = (619.9800, 101.5100) - (621.5600, 101.5450) on Layer met3
violation type: Short
	srcs: net:VSS net:data_out[19]
	bbox = (619.9800, 102.8700) - (621.5600, 102.9050) on Layer met3
violation type: Short
	srcs: net:net102 net:VSS
	bbox = (619.9800, 111.0300) - (621.1500, 111.0650) on Layer met3
violation type: Short
	srcs: net:VSS net:data_out[34]
	bbox = (619.9800, 112.3900) - (621.5600, 112.4250) on Layer met3
violation type: Short
	srcs: net:VSS net:net529
	bbox = (619.9800, 113.7500) - (621.5600, 113.7850) on Layer met3
violation type: Short
	srcs: net:VSS net:data_in[9]
	bbox = (619.9800, 116.4700) - (621.5600, 116.5050) on Layer met3
violation type: Short
	srcs: net:net108 net:VSS
	bbox = (619.9800, 120.5500) - (621.5600, 120.5850) on Layer met3
violation type: Short
	srcs: net:VSS net:net490
	bbox = (619.9800, 127.3500) - (621.5600, 127.3850) on Layer met3
violation type: Short
	srcs: net:net86 net:VSS
	bbox = (619.9800, 128.7100) - (621.5600, 128.7450) on Layer met3
violation type: Short
	srcs: net:VSS net:data_in[12]
	bbox = (619.9800, 131.4300) - (621.5600, 131.4650) on Layer met3
violation type: Short
	srcs: net:VSS net:data_in[44]
	bbox = (619.9800, 134.1500) - (621.5600, 134.1850) on Layer met3
violation type: Short
	srcs: net:net109 net:VSS
	bbox = (619.9800, 136.8700) - (621.1500, 136.9050) on Layer met3
violation type: Short
	srcs: net:VSS net:data_in[3]
	bbox = (619.9800, 139.5900) - (621.1500, 139.6250) on Layer met3
violation type: Short
	srcs: net:net128 net:VSS
	bbox = (619.9800, 145.0300) - (621.5600, 145.0650) on Layer met3
violation type: Short
	srcs: net:VSS net:data_out[52]
	bbox = (619.9800, 157.2700) - (621.5600, 157.3050) on Layer met3
violation type: Short
	srcs: net:VSS net:net540
	bbox = (619.9800, 168.1500) - (621.5600, 168.1850) on Layer met3
violation type: Short
	srcs: net:VSS net:data_in[20]
	bbox = (620.2050, 173.5900) - (621.3850, 173.6250) on Layer met3
violation type: Short
	srcs: net:net129 net:VSS
	bbox = (620.2050, 179.0300) - (621.3850, 179.0650) on Layer met3
violation type: Short
	srcs: net:VSS net:data_in[28]
	bbox = (620.2050, 202.1500) - (621.3850, 202.1850) on Layer met3
violation type: Short
	srcs: net:net113 net:VSS
	bbox = (620.8500, 86.5500) - (621.1500, 86.5850) on Layer met3
violation type: Short
	srcs: net:net102 net:VSS
	bbox = (620.8500, 111.0300) - (621.1500, 111.0650) on Layer met3
violation type: Short
	srcs: net:net109 net:VSS
	bbox = (620.8500, 136.8700) - (621.1500, 136.9050) on Layer met3
violation type: Short
	srcs: net:VSS net:data_in[3]
	bbox = (620.8500, 139.5900) - (621.1500, 139.6250) on Layer met3
violation type: Short
	srcs: net:VSS net:data_out[36]
	bbox = (620.8500, 140.9500) - (621.1500, 140.9850) on Layer met3
violation type: Short
	srcs: net:VSS net:data_out[36]
	bbox = (620.8500, 140.9500) - (621.5600, 140.9850) on Layer met3
violation type: Short
	srcs: net:VSS net:data_out[28]
	bbox = (620.8500, 146.3900) - (621.1500, 146.4250) on Layer met3
violation type: Short
	srcs: net:VSS net:data_out[28]
	bbox = (620.8500, 146.3900) - (621.5600, 146.4250) on Layer met3
violation type: Short
	srcs: net:VSS net:data_in[36]
	bbox = (621.3100, 158.6300) - (621.5600, 158.6650) on Layer met3
violation type: Short
	srcs: net:VDD net:net549
	bbox = (633.5500, 42.3500) - (635.1300, 42.3850) on Layer met3
violation type: Short
	srcs: net:VDD net:wmask[5]
	bbox = (633.5500, 54.5900) - (635.1300, 54.6250) on Layer met3
violation type: Short
	srcs: net:VDD net:net520
	bbox = (633.5500, 64.1100) - (635.1300, 64.1450) on Layer met3
violation type: Short
	srcs: net:VDD net:data_out[30]
	bbox = (633.5500, 69.5500) - (635.1300, 69.5850) on Layer met3
violation type: Short
	srcs: net:VDD net:net544
	bbox = (633.5500, 73.6300) - (635.1300, 73.6650) on Layer met3
violation type: Short
	srcs: net:VDD net:net543
	bbox = (633.5500, 77.7100) - (635.1300, 77.7450) on Layer met3
violation type: Short
	srcs: net:net91 net:VDD
	bbox = (633.5500, 85.8700) - (635.1300, 85.9050) on Layer met3
violation type: Short
	srcs: net:VDD net:data_in[1]
	bbox = (633.5500, 88.5900) - (635.1300, 88.6250) on Layer met3
violation type: Short
	srcs: net:net102 net:VDD
	bbox = (633.5500, 96.7500) - (635.1300, 96.7850) on Layer met3
violation type: Short
	srcs: net:net110 net:VDD
	bbox = (633.5500, 98.1100) - (635.1300, 98.1450) on Layer met3
violation type: Short
	srcs: net:VDD net:net487
	bbox = (633.5500, 102.1900) - (635.1300, 102.2250) on Layer met3
violation type: Short
	srcs: net:VDD net:net494
	bbox = (633.5500, 108.9900) - (635.1300, 109.0250) on Layer met3
violation type: Short
	srcs: net:VDD net:net498
	bbox = (633.5500, 111.7100) - (635.1300, 111.7450) on Layer met3
violation type: Short
	srcs: net:VDD net:net529
	bbox = (633.5500, 115.7900) - (635.1300, 115.8250) on Layer met3
violation type: Short
	srcs: net:VDD net:data_in[9]
	bbox = (633.5500, 117.1500) - (635.1300, 117.1850) on Layer met3
violation type: Short
	srcs: net:net108 net:VDD
	bbox = (633.5500, 119.8700) - (635.1300, 119.9050) on Layer met3
violation type: Short
	srcs: net:net86 net:VDD
	bbox = (633.5500, 130.7500) - (635.1300, 130.7850) on Layer met3
violation type: Short
	srcs: net:net109 net:VDD
	bbox = (633.5500, 137.5500) - (635.1300, 137.5850) on Layer met3
violation type: Short
	srcs: net:VDD net:data_in[3]
	bbox = (633.5500, 140.2700) - (635.1300, 140.3050) on Layer met3
violation type: Short
	srcs: net:VSS net:net501
	bbox = (647.1200, 49.8300) - (648.7000, 49.8650) on Layer met3
violation type: Short
	srcs: net:net115 net:VSS
	bbox = (647.1200, 55.2700) - (648.7000, 55.3050) on Layer met3
violation type: Short
	srcs: net:VSS net:net560
	bbox = (647.1200, 56.6300) - (648.7000, 56.6650) on Layer met3
violation type: Short
	srcs: net:net124 net:VSS
	bbox = (647.1200, 57.9900) - (648.7000, 58.0250) on Layer met3
violation type: Short
	srcs: net:net90 net:VSS
	bbox = (647.1200, 62.0700) - (648.7000, 62.1050) on Layer met3
violation type: Short
	srcs: net:net101 net:VSS
	bbox = (647.1200, 66.1500) - (648.7000, 66.1850) on Layer met3
violation type: Short
	srcs: net:VSS net:data_out[30]
	bbox = (647.1200, 68.8700) - (648.7000, 68.9050) on Layer met3
violation type: Short
	srcs: net:VSS net:net530
	bbox = (647.1200, 81.1100) - (648.7000, 81.1450) on Layer met3
violation type: Short
	srcs: net:net106 net:VSS
	bbox = (647.1200, 82.4700) - (648.7000, 82.5050) on Layer met3
violation type: Short
	srcs: net:net113 net:VSS
	bbox = (647.1200, 86.5500) - (648.7000, 86.5850) on Layer met3
violation type: Short
	srcs: net:net145 net:VSS
	bbox = (647.1200, 91.9900) - (648.7000, 92.0250) on Layer met3
violation type: Short
	srcs: net:net139 net:VSS
	bbox = (647.1200, 93.3500) - (648.7000, 93.3850) on Layer met3
violation type: Short
	srcs: net:VSS net:net539
	bbox = (647.1200, 100.1500) - (648.7000, 100.1850) on Layer met3
violation type: Short
	srcs: net:VSS net:data_out[19]
	bbox = (647.1200, 105.5900) - (648.7000, 105.6250) on Layer met3
violation type: Short
	srcs: net:VSS net:data_out[34]
	bbox = (647.1200, 115.1100) - (648.7000, 115.1450) on Layer met3
violation type: Short
	srcs: net:net147 net:VSS
	bbox = (647.1200, 117.8300) - (648.7000, 117.8650) on Layer met3
violation type: Short
	srcs: net:VSS net:net490
	bbox = (647.1200, 125.9900) - (648.7000, 126.0250) on Layer met3
violation type: Short
	srcs: net:net109 net:VSS
	bbox = (647.1200, 136.8700) - (648.7000, 136.9050) on Layer met3
violation type: Short
	srcs: net:VSS net:data_out[36]
	bbox = (647.1200, 140.9500) - (648.7000, 140.9850) on Layer met3
violation type: Short
	srcs: net:VSS net:data_out[28]
	bbox = (647.1200, 146.3900) - (648.7000, 146.4250) on Layer met3
violation type: Short
	srcs: net:net128 net:VSS
	bbox = (647.1200, 149.1100) - (648.7000, 149.1450) on Layer met3
violation type: Short
	srcs: net:VSS net:data_out[52]
	bbox = (647.1200, 153.1900) - (648.7000, 153.2250) on Layer met3
violation type: Short
	srcs: net:net129 net:VSS
	bbox = (647.1200, 168.1500) - (648.7000, 168.1850) on Layer met3
violation type: Short
	srcs: net:VSS net:net518
	bbox = (647.1200, 170.8700) - (648.7000, 170.9050) on Layer met3
violation type: Short
	srcs: net:VSS net:data_in[8]
	bbox = (647.1200, 174.9500) - (648.7000, 174.9850) on Layer met3
violation type: Short
	srcs: net:VSS net:net519
	bbox = (647.1200, 181.7500) - (648.7000, 181.7850) on Layer met3
violation type: Short
	srcs: net:VSS net:net526
	bbox = (647.1200, 195.3500) - (648.7000, 195.3850) on Layer met3
violation type: Short
	srcs: net:VSS net:data_in[28]
	bbox = (647.1200, 202.1500) - (648.7000, 202.1850) on Layer met3
violation type: Short
	srcs: net:data_in[8] net:net518
	bbox = (649.7900, 170.8700) - (650.1300, 171.1700) on Layer met3
violation type: Short
	srcs: net:data_in[8] net:net518
	bbox = (649.8300, 170.8600) - (650.1300, 171.1700) on Layer met3
violation type: Short
	srcs: net:data_in[8] net:net518
	bbox = (649.8300, 170.8700) - (650.1300, 171.1700) on Layer met3
violation type: Short
	srcs: net:data_in[0] net:net534
	bbox = (659.9500, 169.5100) - (660.2500, 169.8100) on Layer met3
violation type: Short
	srcs: net:data_in[0] net:net534
	bbox = (659.9500, 169.5100) - (663.0100, 169.8100) on Layer met3
violation type: Short
	srcs: net:VDD net:net549
	bbox = (660.6900, 42.3500) - (662.2700, 42.3850) on Layer met3
violation type: Short
	srcs: net:VDD net:data_in[11]
	bbox = (660.6900, 50.5100) - (662.2700, 50.5450) on Layer met3
violation type: Short
	srcs: net:VDD net:wmask[5]
	bbox = (660.6900, 54.5900) - (662.2700, 54.6250) on Layer met3
violation type: Short
	srcs: net:net90 net:VDD
	bbox = (660.6900, 61.3900) - (662.2700, 61.4250) on Layer met3
violation type: Short
	srcs: net:VDD net:net520
	bbox = (660.6900, 64.1100) - (662.2700, 64.1450) on Layer met3
violation type: Short
	srcs: net:VDD net:data_out[30]
	bbox = (660.6900, 69.5500) - (662.2700, 69.5850) on Layer met3
violation type: Short
	srcs: net:VDD net:net530
	bbox = (660.6900, 80.4300) - (662.2700, 80.4650) on Layer met3
violation type: Short
	srcs: net:net91 net:VDD
	bbox = (660.6900, 85.8700) - (662.2700, 85.9050) on Layer met3
violation type: Short
	srcs: net:VDD net:data_in[1]
	bbox = (660.6900, 88.5900) - (662.2700, 88.6250) on Layer met3
violation type: Short
	srcs: net:VDD net:net487
	bbox = (660.6900, 91.3100) - (662.2700, 91.3450) on Layer met3
violation type: Short
	srcs: net:net102 net:VDD
	bbox = (660.6900, 96.7500) - (662.2700, 96.7850) on Layer met3
violation type: Short
	srcs: net:net110 net:VDD
	bbox = (660.6900, 98.1100) - (662.2700, 98.1450) on Layer met3
violation type: Short
	srcs: net:VDD net:net498
	bbox = (660.6900, 102.1900) - (662.2700, 102.2250) on Layer met3
violation type: Short
	srcs: net:VDD net:data_in[9]
	bbox = (660.6900, 117.1500) - (662.2700, 117.1850) on Layer met3
violation type: Short
	srcs: net:net86 net:VDD
	bbox = (660.6900, 130.7500) - (662.2700, 130.7850) on Layer met3
violation type: Short
	srcs: net:VDD net:data_in[3]
	bbox = (660.6900, 140.2700) - (662.2700, 140.3050) on Layer met3
violation type: Short
	srcs: net:VDD net:net547
	bbox = (660.6900, 153.8700) - (662.2700, 153.9050) on Layer met3
violation type: Short
	srcs: net:VDD net:net540
	bbox = (660.6900, 163.3900) - (662.2700, 163.4250) on Layer met3
violation type: Short
	srcs: net:VDD net:net523
	bbox = (660.6900, 178.3500) - (662.2700, 178.3850) on Layer met3
violation type: Short
	srcs: net:data_in[0] net:net534
	bbox = (662.7100, 169.5100) - (663.0100, 169.8100) on Layer met3
violation type: Short
	srcs: net:VSS net:net548
	bbox = (674.2600, 34.5750) - (675.8400, 34.6500) on Layer met3
violation type: Short
	srcs: net:VSS net:net545
	bbox = (674.2600, 36.2300) - (675.8400, 36.2650) on Layer met3
violation type: Short
	srcs: net:VSS net:net549
	bbox = (674.2600, 44.3900) - (675.8400, 44.4250) on Layer met3
violation type: Short
	srcs: net:VSS net:net560
	bbox = (674.2600, 53.9100) - (675.8400, 53.9450) on Layer met3
violation type: Short
	srcs: net:VSS net:net530
	bbox = (674.2600, 59.3500) - (675.8400, 59.3850) on Layer met3
violation type: Short
	srcs: net:net90 net:VSS
	bbox = (674.2600, 63.4300) - (675.8400, 63.4650) on Layer met3
violation type: Short
	srcs: net:net124 net:VSS
	bbox = (674.2600, 66.1500) - (675.8400, 66.1850) on Layer met3
violation type: Short
	srcs: net:VSS net:net520
	bbox = (674.2600, 70.2300) - (675.8400, 70.2650) on Layer met3
violation type: Short
	srcs: net:net101 net:VSS
	bbox = (674.2600, 71.5900) - (675.8400, 71.6250) on Layer met3
violation type: Short
	srcs: net:net106 net:VSS
	bbox = (674.2600, 72.9500) - (675.8400, 72.9850) on Layer met3
violation type: Short
	srcs: net:VSS net:net543
	bbox = (674.2600, 77.0300) - (675.8400, 77.0650) on Layer met3
violation type: Short
	srcs: net:net91 net:VSS
	bbox = (674.2600, 81.1100) - (675.8400, 81.1450) on Layer met3
violation type: Short
	srcs: net:VSS net:net544
	bbox = (674.2600, 82.4700) - (675.8400, 82.5050) on Layer met3
violation type: Short
	srcs: net:VSS net:data_in[32]
	bbox = (674.2600, 87.9100) - (675.8400, 87.9450) on Layer met3
violation type: Short
	srcs: net:net139 net:VSS
	bbox = (674.2600, 93.3500) - (675.8400, 93.3850) on Layer met3
violation type: Short
	srcs: net:VSS net:net487
	bbox = (674.2600, 96.0700) - (675.8400, 96.1050) on Layer met3
violation type: Short
	srcs: net:VSS net:net494
	bbox = (674.2600, 100.1500) - (675.8400, 100.1850) on Layer met3
violation type: Short
	srcs: net:VSS net:net498
	bbox = (674.2600, 105.5900) - (675.8400, 105.6250) on Layer met3
violation type: Short
	srcs: net:net102 net:VSS
	bbox = (674.2600, 115.1100) - (675.8400, 115.1450) on Layer met3
violation type: Short
	srcs: net:net147 net:VSS
	bbox = (674.2600, 120.5500) - (675.8400, 120.5850) on Layer met3
violation type: Short
	srcs: net:net86 net:VSS
	bbox = (674.2600, 124.6300) - (675.8400, 124.6650) on Layer met3
violation type: Short
	srcs: net:net109 net:VSS
	bbox = (674.2600, 136.8700) - (675.8400, 136.9050) on Layer met3
violation type: Short
	srcs: net:VSS net:data_in[36]
	bbox = (674.2600, 138.2300) - (675.8400, 138.2650) on Layer met3
violation type: Short
	srcs: net:VSS net:data_out[36]
	bbox = (674.2600, 145.0300) - (675.8400, 145.0650) on Layer met3
violation type: Short
	srcs: net:VSS net:net547
	bbox = (674.2600, 149.1100) - (675.8400, 149.1450) on Layer met3
violation type: Short
	srcs: net:VSS net:data_out[52]
	bbox = (674.2600, 151.8300) - (675.8400, 151.8650) on Layer met3
violation type: Short
	srcs: net:VDD net:net545
	bbox = (687.8300, 35.5500) - (689.4100, 35.5850) on Layer met3
violation type: Short
	srcs: net:VDD net:data_in[33]
	bbox = (687.8300, 46.4300) - (689.4100, 46.4650) on Layer met3
violation type: Short
	srcs: net:VDD net:data_in[11]
	bbox = (687.8300, 50.5100) - (689.4100, 50.5450) on Layer met3
violation type: Short
	srcs: net:net115 net:VDD
	bbox = (687.8300, 66.8300) - (689.4100, 66.8650) on Layer met3
violation type: Short
	srcs: net:VDD net:wmask[5]
	bbox = (687.8300, 68.1900) - (689.4100, 68.2250) on Layer met3
violation type: Short
	srcs: net:net101 net:VDD
	bbox = (687.8300, 70.9100) - (689.4100, 70.9450) on Layer met3
violation type: Short
	srcs: net:net113 net:VDD
	bbox = (687.8300, 84.5100) - (689.4100, 84.5450) on Layer met3
violation type: Short
	srcs: net:net145 net:VDD
	bbox = (687.8300, 91.3100) - (689.4100, 91.3450) on Layer met3
violation type: Short
	srcs: net:net139 net:VDD
	bbox = (687.8300, 94.0300) - (689.4100, 94.0650) on Layer met3
violation type: Short
	srcs: net:VDD net:net487
	bbox = (687.8300, 96.7500) - (689.4100, 96.7850) on Layer met3
violation type: Short
	srcs: net:net108 net:VDD
	bbox = (687.8300, 108.9900) - (689.4100, 109.0250) on Layer met3
violation type: Short
	srcs: net:VDD net:net529
	bbox = (687.8300, 111.7100) - (689.4100, 111.7450) on Layer met3
violation type: Short
	srcs: net:net147 net:VDD
	bbox = (687.8300, 121.2300) - (689.4100, 121.2650) on Layer met3
violation type: Short
	srcs: net:VDD net:net490
	bbox = (687.8300, 125.3100) - (689.4100, 125.3450) on Layer met3
violation type: Short
	srcs: net:VDD net:data_in[12]
	bbox = (687.8300, 132.1100) - (689.4100, 132.1450) on Layer met3
violation type: Short
	srcs: net:VDD net:data_in[44]
	bbox = (687.8300, 136.1900) - (689.4100, 136.2250) on Layer met3
violation type: Short
	srcs: net:net98 net:VDD
	bbox = (687.8300, 137.5500) - (689.4100, 137.5850) on Layer met3
violation type: Short
	srcs: net:VDD net:data_out[36]
	bbox = (687.8300, 141.6300) - (689.4100, 141.6650) on Layer met3
violation type: Short
	srcs: net:net128 net:VDD
	bbox = (687.8300, 152.5100) - (689.4100, 152.5450) on Layer met3
violation type: Short
	srcs: net:VDD net:net519
	bbox = (687.8300, 155.2300) - (689.4100, 155.2650) on Layer met3
violation type: Short
	srcs: net:VDD net:data_in[8]
	bbox = (687.8300, 159.3100) - (689.4100, 159.3450) on Layer met3
violation type: Short
	srcs: net:VDD net:net540
	bbox = (687.8300, 160.6700) - (689.4100, 160.7050) on Layer met3
violation type: Short
	srcs: net:VDD net:net534
	bbox = (687.8300, 166.1100) - (689.4100, 166.1450) on Layer met3
violation type: Short
	srcs: net:VDD net:net518
	bbox = (687.8300, 167.4700) - (689.4100, 167.5050) on Layer met3
violation type: Short
	srcs: net:VDD net:addr[2]
	bbox = (687.8300, 183.7900) - (689.4100, 183.8250) on Layer met3
violation type: Metal Spacing
	srcs: net:net91 net:VSS
	bbox = (430.0000, 42.6500) - (431.5800, 42.7350) on Layer met3
violation type: Metal Spacing
	srcs: net:VSS net:data_in[33]
	bbox = (430.0000, 48.0900) - (431.5800, 48.1750) on Layer met3
violation type: Metal Spacing
	srcs: net:VSS net:data_in[42]
	bbox = (430.0000, 52.1700) - (431.5800, 52.2550) on Layer met3
violation type: Metal Spacing
	srcs: net:net90 net:VSS
	bbox = (430.0000, 57.6100) - (431.5800, 57.6950) on Layer met3
violation type: Metal Spacing
	srcs: net:VSS net:data_in[0]
	bbox = (430.0000, 58.9700) - (431.5800, 59.0550) on Layer met3
violation type: Metal Spacing
	srcs: net:VSS net:net530
	bbox = (430.0000, 63.0500) - (431.5800, 63.1350) on Layer met3
violation type: Metal Spacing
	srcs: net:VSS net:wmask[5]
	bbox = (430.0000, 65.7700) - (431.5800, 65.8550) on Layer met3
violation type: Metal Spacing
	srcs: net:VSS net:data_in[35]
	bbox = (430.0000, 68.4900) - (431.5800, 68.5750) on Layer met3
violation type: Metal Spacing
	srcs: net:net101 net:VSS
	bbox = (430.0000, 71.2100) - (431.5800, 71.2950) on Layer met3
violation type: Metal Spacing
	srcs: net:VSS net:data_out[30]
	bbox = (430.0000, 75.2900) - (431.5800, 75.3750) on Layer met3
violation type: Metal Spacing
	srcs: net:VSS net:data_in[0]
	bbox = (431.5800, 57.9900) - (431.7900, 58.0250) on Layer met3
violation type: Metal Spacing
	srcs: net:VSS net:data_in[0]
	bbox = (431.5800, 58.9700) - (431.7900, 59.0550) on Layer met3
violation type: Metal Spacing
	srcs: net:VDD net:data_in[42]
	bbox = (443.5700, 63.7300) - (445.1500, 63.8150) on Layer met3
violation type: Metal Spacing
	srcs: net:VDD net:wmask[5]
	bbox = (443.5700, 66.4500) - (445.1500, 66.5350) on Layer met3
violation type: Metal Spacing
	srcs: net:VDD net:wmask[5]
	bbox = (470.7100, 66.4500) - (472.2900, 66.5350) on Layer met3
violation type: Metal Spacing
	srcs: net:VSS net:wmask[5]
	bbox = (484.2800, 65.7700) - (485.8600, 65.8550) on Layer met3
violation type: Metal Spacing
	srcs: net:VSS net:net520
	bbox = (484.2800, 80.7300) - (485.8600, 80.8150) on Layer met3
violation type: Metal Spacing
	srcs: net:net91 net:VDD
	bbox = (497.8500, 52.8500) - (499.4300, 52.9350) on Layer met3
violation type: Metal Spacing
	srcs: net:net90 net:VDD
	bbox = (497.8500, 61.0100) - (499.4300, 61.0950) on Layer met3
violation type: Metal Spacing
	srcs: net:net115 net:VDD
	bbox = (497.8500, 70.5300) - (499.4300, 70.6150) on Layer met3
violation type: Metal Spacing
	srcs: net:net113 net:VDD
	bbox = (497.8500, 73.2500) - (499.4300, 73.3350) on Layer met3
violation type: Metal Spacing
	srcs: net:net90 net:VSS
	bbox = (511.2100, 60.3300) - (511.4200, 60.4150) on Layer met3
violation type: Metal Spacing
	srcs: net:VSS net:net520
	bbox = (511.2100, 80.7300) - (511.4200, 80.8150) on Layer met3
violation type: Metal Spacing
	srcs: net:VSS net:net501
	bbox = (511.4200, 49.4500) - (513.0000, 49.5350) on Layer met3
violation type: Metal Spacing
	srcs: net:VSS net:net544
	bbox = (511.4200, 61.6900) - (513.0000, 61.7750) on Layer met3
violation type: Metal Spacing
	srcs: net:VSS net:wmask[5]
	bbox = (511.4200, 65.7700) - (513.0000, 65.8550) on Layer met3
violation type: Metal Spacing
	srcs: net:net115 net:VSS
	bbox = (511.4200, 69.8500) - (513.0000, 69.9350) on Layer met3
violation type: Metal Spacing
	srcs: net:net113 net:VSS
	bbox = (511.4200, 72.5700) - (513.0000, 72.6550) on Layer met3
violation type: Metal Spacing
	srcs: net:VSS net:net543
	bbox = (511.4200, 82.0900) - (513.0000, 82.1750) on Layer met3
violation type: Metal Spacing
	srcs: net:VSS net:net523
	bbox = (511.4200, 141.9300) - (513.0000, 142.0150) on Layer met3
violation type: Metal Spacing
	srcs: net:VSS net:data_out[28]
	bbox = (511.4200, 144.6500) - (513.0000, 144.7350) on Layer met3
violation type: Metal Spacing
	srcs: net:VSS net:data_in[8]
	bbox = (511.4200, 147.3700) - (513.0000, 147.4550) on Layer met3
violation type: Metal Spacing
	srcs: net:VSS net:data_out[20]
	bbox = (511.4200, 152.8100) - (513.0000, 152.8950) on Layer met3
violation type: Metal Spacing
	srcs: net:VSS net:net540
	bbox = (511.4200, 154.1700) - (513.0000, 154.2550) on Layer met3
violation type: Metal Spacing
	srcs: net:net129 net:VSS
	bbox = (511.4200, 162.3300) - (513.0000, 162.4150) on Layer met3
violation type: Metal Spacing
	srcs: net:VDD net:net555
	bbox = (524.9900, 37.8900) - (526.5700, 37.9750) on Layer met3
violation type: Metal Spacing
	srcs: net:VDD net:net549
	bbox = (524.9900, 46.0500) - (526.5700, 46.1350) on Layer met3
violation type: Metal Spacing
	srcs: net:net91 net:VDD
	bbox = (524.9900, 51.4900) - (526.5700, 51.5750) on Layer met3
violation type: Metal Spacing
	srcs: net:net108 net:VDD
	bbox = (524.9900, 67.8100) - (526.5700, 67.8950) on Layer met3
violation type: Metal Spacing
	srcs: net:net101 net:VDD
	bbox = (524.9900, 71.8900) - (526.5700, 71.9750) on Layer met3
violation type: Metal Spacing
	srcs: net:VDD net:net520
	bbox = (524.9900, 75.9700) - (526.5700, 76.0550) on Layer met3
violation type: Metal Spacing
	srcs: net:net145 net:VDD
	bbox = (524.9900, 80.0500) - (526.5700, 80.1350) on Layer met3
violation type: Metal Spacing
	srcs: net:VDD net:data_out[48]
	bbox = (524.9900, 81.4100) - (526.5700, 81.4950) on Layer met3
violation type: Metal Spacing
	srcs: net:net124 net:VDD
	bbox = (524.9900, 82.7700) - (526.5700, 82.8550) on Layer met3
violation type: Metal Spacing
	srcs: net:VDD net:data_out[19]
	bbox = (524.9900, 86.8500) - (526.5700, 86.9350) on Layer met3
violation type: Metal Spacing
	srcs: net:VDD net:net487
	bbox = (524.9900, 89.5700) - (526.5700, 89.6550) on Layer met3
violation type: Metal Spacing
	srcs: net:VDD net:net494
	bbox = (524.9900, 92.2900) - (526.5700, 92.3750) on Layer met3
violation type: Metal Spacing
	srcs: net:net139 net:VDD
	bbox = (524.9900, 96.3700) - (526.5700, 96.4550) on Layer met3
violation type: Metal Spacing
	srcs: net:net98 net:VDD
	bbox = (524.9900, 99.0900) - (526.5700, 99.1750) on Layer met3
violation type: Metal Spacing
	srcs: net:VDD net:net534
	bbox = (524.9900, 100.4500) - (526.5700, 100.5350) on Layer met3
violation type: Metal Spacing
	srcs: net:VDD net:net529
	bbox = (524.9900, 104.5300) - (526.5700, 104.6150) on Layer met3
violation type: Metal Spacing
	srcs: net:VDD net:addr[2]
	bbox = (524.9900, 108.6100) - (526.5700, 108.6950) on Layer met3
violation type: Metal Spacing
	srcs: net:net102 net:VDD
	bbox = (524.9900, 109.9700) - (526.5700, 110.0550) on Layer met3
violation type: Metal Spacing
	srcs: net:VDD net:data_out[34]
	bbox = (524.9900, 114.0500) - (526.5700, 114.1350) on Layer met3
violation type: Metal Spacing
	srcs: net:VDD net:net490
	bbox = (524.9900, 122.2100) - (526.5700, 122.2950) on Layer met3
violation type: Metal Spacing
	srcs: net:net86 net:VDD
	bbox = (524.9900, 130.3700) - (526.5700, 130.4550) on Layer met3
violation type: Metal Spacing
	srcs: net:VDD net:addr[3]
	bbox = (524.9900, 133.0900) - (526.5700, 133.1750) on Layer met3
violation type: Metal Spacing
	srcs: net:net109 net:VDD
	bbox = (524.9900, 138.5300) - (526.5700, 138.6150) on Layer met3
violation type: Metal Spacing
	srcs: net:VSS net:net501
	bbox = (538.5600, 49.4500) - (540.1400, 49.5350) on Layer met3
violation type: Metal Spacing
	srcs: net:net115 net:VSS
	bbox = (538.5600, 68.4900) - (540.1400, 68.5750) on Layer met3
violation type: Metal Spacing
	srcs: net:net113 net:VSS
	bbox = (538.5600, 72.5700) - (540.1400, 72.6550) on Layer met3
violation type: Metal Spacing
	srcs: net:VSS net:net543
	bbox = (538.5600, 82.0900) - (540.1400, 82.1750) on Layer met3
violation type: Metal Spacing
	srcs: net:net98 net:VSS
	bbox = (538.5600, 98.4100) - (540.1400, 98.4950) on Layer met3
violation type: Metal Spacing
	srcs: net:VSS net:data_in[32]
	bbox = (538.5600, 105.2100) - (540.1400, 105.2950) on Layer met3
violation type: Metal Spacing
	srcs: net:VSS net:data_in[42]
	bbox = (538.5600, 114.7300) - (540.1400, 114.8150) on Layer met3
violation type: Metal Spacing
	srcs: net:net86 net:VSS
	bbox = (538.5600, 129.6900) - (540.1400, 129.7750) on Layer met3
violation type: Metal Spacing
	srcs: net:VSS net:net534
	bbox = (538.5600, 136.4900) - (540.1400, 136.5750) on Layer met3
violation type: Metal Spacing
	srcs: net:net145 net:VSS
	bbox = (538.7350, 94.3300) - (539.9150, 94.4150) on Layer met3
violation type: Metal Spacing
	srcs: net:VSS net:net492
	bbox = (538.7350, 126.9700) - (539.9150, 127.0550) on Layer met3
violation type: Metal Spacing
	srcs: net:net91 net:VDD
	bbox = (552.1300, 51.4900) - (553.7100, 51.5750) on Layer met3
violation type: Metal Spacing
	srcs: net:VDD net:data_in[12]
	bbox = (552.1300, 130.7850) - (553.7100, 130.9500) on Layer met3
violation type: Metal Spacing
	srcs: net:net109 net:VDD
	bbox = (552.1300, 137.1700) - (553.7100, 137.2550) on Layer met3
violation type: Metal Spacing
	srcs: net:VDD net:net499
	bbox = (552.1300, 143.9700) - (553.7100, 144.0550) on Layer met3
violation type: Metal Spacing
	srcs: net:VDD net:net526
	bbox = (552.1300, 146.6900) - (553.7100, 146.7750) on Layer met3
violation type: Metal Spacing
	srcs: net:VDD net:net498
	bbox = (552.1800, 97.7300) - (552.9600, 97.8150) on Layer met3
violation type: Metal Spacing
	srcs: net:VSS net:net501
	bbox = (565.7000, 50.8100) - (567.2800, 50.8950) on Layer met3
violation type: Metal Spacing
	srcs: net:VSS net:net544
	bbox = (565.7000, 54.8900) - (567.2800, 54.9750) on Layer met3
violation type: Metal Spacing
	srcs: net:net124 net:VSS
	bbox = (565.7000, 56.2500) - (567.2800, 56.3350) on Layer met3
violation type: Metal Spacing
	srcs: net:net115 net:VSS
	bbox = (565.7000, 64.4100) - (567.2800, 64.4950) on Layer met3
violation type: Metal Spacing
	srcs: net:net90 net:VSS
	bbox = (565.7000, 65.7700) - (567.2800, 65.8550) on Layer met3
violation type: Metal Spacing
	srcs: net:net127 net:VSS
	bbox = (565.7000, 69.8500) - (567.2800, 69.9350) on Layer met3
violation type: Metal Spacing
	srcs: net:net101 net:VSS
	bbox = (565.7000, 72.5700) - (567.2800, 72.6550) on Layer met3
violation type: Metal Spacing
	srcs: net:VSS net:data_in[32]
	bbox = (565.7000, 86.1700) - (567.2800, 86.2550) on Layer met3
violation type: Metal Spacing
	srcs: net:VSS net:data_out[19]
	bbox = (565.7000, 87.5300) - (567.2800, 87.6150) on Layer met3
violation type: Metal Spacing
	srcs: net:net145 net:VSS
	bbox = (565.7000, 90.2500) - (567.2800, 90.3350) on Layer met3
violation type: Metal Spacing
	srcs: net:VSS net:net520
	bbox = (565.7000, 91.6100) - (567.2800, 91.6950) on Layer met3
violation type: Metal Spacing
	srcs: net:VSS net:net487
	bbox = (565.7000, 95.6900) - (567.2800, 95.7750) on Layer met3
violation type: Metal Spacing
	srcs: net:VSS net:net529
	bbox = (565.7000, 110.6500) - (567.2800, 110.7350) on Layer met3
violation type: Metal Spacing
	srcs: net:net91 net:VDD
	bbox = (579.2700, 52.8500) - (580.8500, 52.9350) on Layer met3
violation type: Metal Spacing
	srcs: net:VDD net:net560
	bbox = (579.2700, 54.2100) - (580.8500, 54.2950) on Layer met3
violation type: Metal Spacing
	srcs: net:net90 net:VDD
	bbox = (579.2700, 61.0100) - (580.8500, 61.0950) on Layer met3
violation type: Metal Spacing
	srcs: net:VDD net:wmask[5]
	bbox = (579.2700, 63.7300) - (580.8500, 63.8150) on Layer met3
violation type: Metal Spacing
	srcs: net:VDD net:data_out[48]
	bbox = (579.2700, 80.0500) - (580.8500, 80.1350) on Layer met3
violation type: Metal Spacing
	srcs: net:VDD net:net544
	bbox = (579.2700, 84.1300) - (580.8500, 84.2150) on Layer met3
violation type: Metal Spacing
	srcs: net:VDD net:data_out[30]
	bbox = (579.2700, 93.6500) - (580.8500, 93.7350) on Layer met3
violation type: Metal Spacing
	srcs: net:VDD net:net487
	bbox = (579.2700, 95.0100) - (580.8500, 95.0950) on Layer met3
violation type: Metal Spacing
	srcs: net:net110 net:VDD
	bbox = (579.2700, 101.8100) - (580.8500, 101.8950) on Layer met3
violation type: Metal Spacing
	srcs: net:net127 net:VDD
	bbox = (579.4500, 88.2100) - (579.7500, 88.2950) on Layer met3
violation type: Metal Spacing
	srcs: net:net127 net:VDD
	bbox = (579.4500, 88.2100) - (580.8500, 88.2950) on Layer met3
violation type: Metal Spacing
	srcs: net:net108 net:VDD
	bbox = (579.9900, 124.9300) - (580.7700, 125.0150) on Layer met3
violation type: Metal Spacing
	srcs: net:net86 net:VDD
	bbox = (579.9900, 126.2900) - (580.7700, 126.3750) on Layer met3
violation type: Metal Spacing
	srcs: net:VDD net:net490
	bbox = (579.9900, 129.0100) - (580.7700, 129.0950) on Layer met3
violation type: Metal Spacing
	srcs: net:VSS net:net501
	bbox = (592.8400, 48.0900) - (594.4200, 48.1750) on Layer met3
violation type: Metal Spacing
	srcs: net:VSS net:net520
	bbox = (592.8400, 61.6900) - (594.4200, 61.7750) on Layer met3
violation type: Metal Spacing
	srcs: net:net115 net:VSS
	bbox = (592.8400, 67.1300) - (594.4200, 67.2150) on Layer met3
violation type: Metal Spacing
	srcs: net:net106 net:VSS
	bbox = (592.8400, 68.4900) - (594.4200, 68.5750) on Layer met3
violation type: Metal Spacing
	srcs: net:VSS net:net530
	bbox = (592.8400, 71.2100) - (594.4200, 71.2950) on Layer met3
violation type: Metal Spacing
	srcs: net:net124 net:VSS
	bbox = (592.8400, 72.5700) - (594.4200, 72.6550) on Layer met3
violation type: Metal Spacing
	srcs: net:VSS net:data_in[32]
	bbox = (592.8400, 86.1700) - (594.4200, 86.2550) on Layer met3
violation type: Metal Spacing
	srcs: net:net127 net:VSS
	bbox = (592.8400, 87.5300) - (594.4200, 87.6150) on Layer met3
violation type: Metal Spacing
	srcs: net:net139 net:VSS
	bbox = (592.8400, 95.6900) - (594.4200, 95.7750) on Layer met3
violation type: Metal Spacing
	srcs: net:net145 net:VSS
	bbox = (592.8400, 97.0500) - (594.4200, 97.1350) on Layer met3
violation type: Metal Spacing
	srcs: net:VSS net:net498
	bbox = (592.8400, 98.4100) - (594.4200, 98.4950) on Layer met3
violation type: Metal Spacing
	srcs: net:VSS net:net494
	bbox = (592.8400, 103.8500) - (594.4200, 103.9350) on Layer met3
violation type: Metal Spacing
	srcs: net:VSS net:data_out[19]
	bbox = (592.8400, 106.5700) - (594.4200, 106.6550) on Layer met3
violation type: Metal Spacing
	srcs: net:net102 net:VSS
	bbox = (592.8400, 109.2900) - (594.4200, 109.3750) on Layer met3
violation type: Metal Spacing
	srcs: net:VSS net:data_out[34]
	bbox = (592.8400, 116.0900) - (594.4200, 116.1750) on Layer met3
violation type: Metal Spacing
	srcs: net:net147 net:VSS
	bbox = (592.8400, 121.5300) - (594.4200, 121.6150) on Layer met3
violation type: Metal Spacing
	srcs: net:net108 net:VSS
	bbox = (592.8400, 124.2500) - (594.4200, 124.3350) on Layer met3
violation type: Metal Spacing
	srcs: net:VSS net:net490
	bbox = (592.8400, 126.9700) - (594.4200, 127.0550) on Layer met3
violation type: Metal Spacing
	srcs: net:VSS net:data_out[36]
	bbox = (592.8400, 144.6500) - (594.4200, 144.7350) on Layer met3
violation type: Metal Spacing
	srcs: net:net91 net:VDD
	bbox = (606.4100, 52.8500) - (607.9900, 52.9350) on Layer met3
violation type: Metal Spacing
	srcs: net:VDD net:net560
	bbox = (606.4100, 54.2100) - (607.9900, 54.2950) on Layer met3
violation type: Metal Spacing
	srcs: net:net90 net:VDD
	bbox = (606.4100, 61.0100) - (607.9900, 61.0950) on Layer met3
violation type: Metal Spacing
	srcs: net:VDD net:wmask[5]
	bbox = (606.4100, 63.7300) - (607.9900, 63.8150) on Layer met3
violation type: Metal Spacing
	srcs: net:net101 net:VDD
	bbox = (606.4100, 71.8900) - (607.9900, 71.9750) on Layer met3
violation type: Metal Spacing
	srcs: net:VDD net:net544
	bbox = (606.4100, 74.6100) - (607.9900, 74.6950) on Layer met3
violation type: Metal Spacing
	srcs: net:VDD net:net487
	bbox = (606.4100, 85.4900) - (607.9900, 85.5750) on Layer met3
violation type: Metal Spacing
	srcs: net:net113 net:VDD
	bbox = (606.4100, 86.8500) - (607.9900, 86.9350) on Layer met3
violation type: Metal Spacing
	srcs: net:VDD net:net543
	bbox = (606.4100, 88.2100) - (607.9900, 88.2950) on Layer met3
violation type: Metal Spacing
	srcs: net:net110 net:VDD
	bbox = (606.4100, 97.7300) - (607.9900, 97.8150) on Layer met3
violation type: Metal Spacing
	srcs: net:VDD net:net498
	bbox = (606.4100, 101.8100) - (607.9900, 101.8950) on Layer met3
violation type: Metal Spacing
	srcs: net:VDD net:net529
	bbox = (606.4100, 114.0500) - (607.9900, 114.1350) on Layer met3
violation type: Metal Spacing
	srcs: net:VDD net:data_in[9]
	bbox = (606.4100, 116.7700) - (607.9900, 116.8550) on Layer met3
violation type: Metal Spacing
	srcs: net:VDD net:net539
	bbox = (606.4100, 122.2100) - (607.9900, 122.2950) on Layer met3
violation type: Metal Spacing
	srcs: net:net86 net:VDD
	bbox = (606.4100, 126.2900) - (607.9900, 126.3750) on Layer met3
violation type: Metal Spacing
	srcs: net:VDD net:data_in[3]
	bbox = (606.4100, 160.2900) - (607.9900, 160.3750) on Layer met3
violation type: Metal Spacing
	srcs: net:net88 net:VSS
	bbox = (619.9800, 37.2100) - (621.5600, 37.2950) on Layer met3
violation type: Metal Spacing
	srcs: net:VSS net:net560
	bbox = (619.9800, 57.6100) - (621.5600, 57.6950) on Layer met3
violation type: Metal Spacing
	srcs: net:VSS net:net520
	bbox = (619.9800, 61.6900) - (621.5600, 61.7750) on Layer met3
violation type: Metal Spacing
	srcs: net:VSS net:net530
	bbox = (619.9800, 68.4900) - (621.5600, 68.5750) on Layer met3
violation type: Metal Spacing
	srcs: net:net115 net:VSS
	bbox = (619.9800, 69.8500) - (621.5600, 69.9350) on Layer met3
violation type: Metal Spacing
	srcs: net:net124 net:VSS
	bbox = (619.9800, 72.5700) - (621.5600, 72.6550) on Layer met3
violation type: Metal Spacing
	srcs: net:VSS net:net544
	bbox = (619.9800, 73.9300) - (621.5600, 74.0150) on Layer met3
violation type: Metal Spacing
	srcs: net:net106 net:VSS
	bbox = (619.9800, 76.6500) - (621.5600, 76.7350) on Layer met3
violation type: Metal Spacing
	srcs: net:net91 net:VSS
	bbox = (619.9800, 79.3700) - (621.5600, 79.4550) on Layer met3
violation type: Metal Spacing
	srcs: net:VSS net:net543
	bbox = (619.9800, 84.8100) - (621.5600, 84.8950) on Layer met3
violation type: Metal Spacing
	srcs: net:VSS net:net487
	bbox = (619.9800, 86.1700) - (621.5600, 86.2550) on Layer met3
violation type: Metal Spacing
	srcs: net:VSS net:data_in[1]
	bbox = (619.9800, 88.8900) - (621.5600, 88.9750) on Layer met3
violation type: Metal Spacing
	srcs: net:net145 net:VSS
	bbox = (619.9800, 91.6100) - (621.5600, 91.6950) on Layer met3
violation type: Metal Spacing
	srcs: net:net139 net:VSS
	bbox = (619.9800, 95.6900) - (621.5600, 95.7750) on Layer met3
violation type: Metal Spacing
	srcs: net:VSS net:net494
	bbox = (619.9800, 101.1300) - (621.5600, 101.2150) on Layer met3
violation type: Metal Spacing
	srcs: net:VSS net:addr[6]
	bbox = (619.9800, 107.9300) - (621.5600, 108.0150) on Layer met3
violation type: Metal Spacing
	srcs: net:VSS net:net539
	bbox = (619.9800, 109.2900) - (621.5600, 109.3750) on Layer met3
violation type: Metal Spacing
	srcs: net:VSS net:data_in[42]
	bbox = (619.9800, 114.7300) - (621.5600, 114.8150) on Layer met3
violation type: Metal Spacing
	srcs: net:net147 net:VSS
	bbox = (619.9800, 121.5300) - (621.5600, 121.6150) on Layer met3
violation type: Metal Spacing
	srcs: net:VSS net:data_out[36]
	bbox = (619.9800, 141.9300) - (621.1500, 142.0150) on Layer met3
violation type: Metal Spacing
	srcs: net:VSS net:data_out[28]
	bbox = (619.9800, 147.3700) - (621.1500, 147.4550) on Layer met3
violation type: Metal Spacing
	srcs: net:VSS net:data_in[0]
	bbox = (619.9800, 148.7300) - (621.5600, 148.8150) on Layer met3
violation type: Metal Spacing
	srcs: net:VSS net:data_in[36]
	bbox = (619.9800, 159.6100) - (621.5600, 159.6950) on Layer met3
violation type: Metal Spacing
	srcs: net:VSS net:net518
	bbox = (620.2050, 173.2100) - (621.3850, 173.2950) on Layer met3
violation type: Metal Spacing
	srcs: net:VSS net:net534
	bbox = (620.2050, 184.0900) - (621.3850, 184.1750) on Layer met3
violation type: Metal Spacing
	srcs: net:VSS net:net523
	bbox = (620.2050, 193.6100) - (621.3850, 193.6950) on Layer met3
violation type: Metal Spacing
	srcs: net:VSS net:net526
	bbox = (620.2050, 194.9700) - (621.3850, 195.0550) on Layer met3
violation type: Metal Spacing
	srcs: net:net116 net:VSS
	bbox = (620.2050, 203.1300) - (621.3850, 203.2150) on Layer met3
violation type: Metal Spacing
	srcs: net:VSS net:net499
	bbox = (620.2050, 205.8500) - (621.3850, 205.9350) on Layer met3
violation type: Metal Spacing
	srcs: net:VSS net:net524
	bbox = (620.2050, 284.7300) - (621.3850, 284.8150) on Layer met3
violation type: Metal Spacing
	srcs: net:net113 net:VSS
	bbox = (620.8500, 87.5300) - (621.1500, 87.6150) on Layer met3
violation type: Metal Spacing
	srcs: net:net113 net:VSS
	bbox = (620.8500, 87.5300) - (621.5600, 87.6150) on Layer met3
violation type: Metal Spacing
	srcs: net:net102 net:VSS
	bbox = (620.8500, 112.0100) - (621.1500, 112.0950) on Layer met3
violation type: Metal Spacing
	srcs: net:net102 net:VSS
	bbox = (620.8500, 112.0100) - (621.5600, 112.0950) on Layer met3
violation type: Metal Spacing
	srcs: net:net109 net:VSS
	bbox = (620.8500, 137.8500) - (621.1500, 137.9350) on Layer met3
violation type: Metal Spacing
	srcs: net:net109 net:VSS
	bbox = (620.8500, 137.8500) - (621.5600, 137.9350) on Layer met3
violation type: Metal Spacing
	srcs: net:VSS net:data_in[3]
	bbox = (620.8500, 140.5700) - (621.1500, 140.6550) on Layer met3
violation type: Metal Spacing
	srcs: net:VSS net:data_in[3]
	bbox = (620.8500, 140.5700) - (621.5600, 140.6550) on Layer met3
violation type: Metal Spacing
	srcs: net:VSS net:data_out[36]
	bbox = (620.8500, 141.9300) - (621.1500, 142.0150) on Layer met3
violation type: Metal Spacing
	srcs: net:VSS net:data_out[28]
	bbox = (620.8500, 147.3700) - (621.1500, 147.4550) on Layer met3
violation type: Metal Spacing
	srcs: net:VSS net:data_in[36]
	bbox = (621.3100, 159.6100) - (621.5600, 159.6950) on Layer met3
violation type: Metal Spacing
	srcs: net:VDD net:net501
	bbox = (633.5500, 50.1300) - (635.1300, 50.2150) on Layer met3
violation type: Metal Spacing
	srcs: net:net115 net:VDD
	bbox = (633.5500, 55.5700) - (635.1300, 55.6550) on Layer met3
violation type: Metal Spacing
	srcs: net:VDD net:net560
	bbox = (633.5500, 56.9300) - (635.1300, 57.0150) on Layer met3
violation type: Metal Spacing
	srcs: net:net124 net:VDD
	bbox = (633.5500, 58.2900) - (635.1300, 58.3750) on Layer met3
violation type: Metal Spacing
	srcs: net:net90 net:VDD
	bbox = (633.5500, 62.3700) - (635.1300, 62.4550) on Layer met3
violation type: Metal Spacing
	srcs: net:net101 net:VDD
	bbox = (633.5500, 70.5300) - (635.1300, 70.6150) on Layer met3
violation type: Metal Spacing
	srcs: net:VDD net:net530
	bbox = (633.5500, 81.4100) - (635.1300, 81.4950) on Layer met3
violation type: Metal Spacing
	srcs: net:net106 net:VDD
	bbox = (633.5500, 82.7700) - (635.1300, 82.8550) on Layer met3
violation type: Metal Spacing
	srcs: net:net113 net:VDD
	bbox = (633.5500, 86.8500) - (635.1300, 86.9350) on Layer met3
violation type: Metal Spacing
	srcs: net:net145 net:VDD
	bbox = (633.5500, 92.2900) - (635.1300, 92.3750) on Layer met3
violation type: Metal Spacing
	srcs: net:net139 net:VDD
	bbox = (633.5500, 93.6500) - (635.1300, 93.7350) on Layer met3
violation type: Metal Spacing
	srcs: net:VDD net:net539
	bbox = (633.5500, 100.4500) - (635.1300, 100.5350) on Layer met3
violation type: Metal Spacing
	srcs: net:VDD net:data_out[19]
	bbox = (633.5500, 105.8900) - (635.1300, 105.9750) on Layer met3
violation type: Metal Spacing
	srcs: net:net147 net:VDD
	bbox = (633.5500, 118.1300) - (635.1300, 118.2150) on Layer met3
violation type: Metal Spacing
	srcs: net:VDD net:net490
	bbox = (633.5500, 126.2900) - (635.1300, 126.3750) on Layer met3
violation type: Metal Spacing
	srcs: net:VDD net:data_out[36]
	bbox = (633.5500, 141.2500) - (635.1300, 141.3350) on Layer met3
violation type: Metal Spacing
	srcs: net:VDD net:data_out[28]
	bbox = (633.5500, 146.6900) - (635.1300, 146.7750) on Layer met3
violation type: Metal Spacing
	srcs: net:net128 net:VDD
	bbox = (633.5500, 149.4100) - (635.1300, 149.4950) on Layer met3
violation type: Metal Spacing
	srcs: net:VSS net:net549
	bbox = (647.1200, 42.6500) - (648.7000, 42.7350) on Layer met3
violation type: Metal Spacing
	srcs: net:VSS net:wmask[5]
	bbox = (647.1200, 54.8900) - (648.7000, 54.9750) on Layer met3
violation type: Metal Spacing
	srcs: net:VSS net:net520
	bbox = (647.1200, 64.4100) - (648.7000, 64.4950) on Layer met3
violation type: Metal Spacing
	srcs: net:VSS net:net544
	bbox = (647.1200, 75.2900) - (648.7000, 75.3750) on Layer met3
violation type: Metal Spacing
	srcs: net:VSS net:net543
	bbox = (647.1200, 78.0100) - (648.7000, 78.0950) on Layer met3
violation type: Metal Spacing
	srcs: net:net91 net:VSS
	bbox = (647.1200, 86.1700) - (648.7000, 86.2550) on Layer met3
violation type: Metal Spacing
	srcs: net:VSS net:data_in[1]
	bbox = (647.1200, 88.8900) - (648.7000, 88.9750) on Layer met3
violation type: Metal Spacing
	srcs: net:net102 net:VSS
	bbox = (647.1200, 97.0500) - (648.7000, 97.1350) on Layer met3
violation type: Metal Spacing
	srcs: net:net110 net:VSS
	bbox = (647.1200, 98.4100) - (648.7000, 98.4950) on Layer met3
violation type: Metal Spacing
	srcs: net:VSS net:net487
	bbox = (647.1200, 102.4900) - (648.7000, 102.5750) on Layer met3
violation type: Metal Spacing
	srcs: net:VSS net:net494
	bbox = (647.1200, 109.2900) - (648.7000, 109.3750) on Layer met3
violation type: Metal Spacing
	srcs: net:VSS net:net498
	bbox = (647.1200, 112.0100) - (648.7000, 112.0950) on Layer met3
violation type: Metal Spacing
	srcs: net:VSS net:data_in[9]
	bbox = (647.1200, 117.4500) - (648.7000, 117.5350) on Layer met3
violation type: Metal Spacing
	srcs: net:net108 net:VSS
	bbox = (647.1200, 120.1700) - (648.7000, 120.2550) on Layer met3
violation type: Metal Spacing
	srcs: net:net86 net:VSS
	bbox = (647.1200, 131.0500) - (648.7000, 131.1350) on Layer met3
violation type: Metal Spacing
	srcs: net:VSS net:data_in[3]
	bbox = (647.1200, 140.5700) - (648.7000, 140.6550) on Layer met3
violation type: Metal Spacing
	srcs: net:VSS net:net547
	bbox = (647.1200, 154.1700) - (648.7000, 154.2550) on Layer met3
violation type: Metal Spacing
	srcs: net:VSS net:data_in[20]
	bbox = (647.1200, 163.6900) - (648.7000, 163.7750) on Layer met3
violation type: Metal Spacing
	srcs: net:VSS net:net534
	bbox = (647.1200, 167.7700) - (648.7000, 167.8550) on Layer met3
violation type: Metal Spacing
	srcs: net:VSS net:data_in[0]
	bbox = (647.1200, 173.2100) - (648.7000, 173.2950) on Layer met3
violation type: Metal Spacing
	srcs: net:VSS net:net523
	bbox = (647.1200, 193.6100) - (648.7000, 193.6950) on Layer met3
violation type: Metal Spacing
	srcs: net:VSS net:net499
	bbox = (647.1200, 205.8500) - (648.7000, 205.9350) on Layer met3
violation type: Metal Spacing
	srcs: net:VDD net:net501
	bbox = (660.6900, 50.1300) - (662.2700, 50.2150) on Layer met3
violation type: Metal Spacing
	srcs: net:net115 net:VDD
	bbox = (660.6900, 55.5700) - (662.2700, 55.6550) on Layer met3
violation type: Metal Spacing
	srcs: net:VDD net:net560
	bbox = (660.6900, 56.9300) - (662.2700, 57.0150) on Layer met3
violation type: Metal Spacing
	srcs: net:VDD net:net539
	bbox = (660.6900, 62.3700) - (662.2700, 62.4550) on Layer met3
violation type: Metal Spacing
	srcs: net:net101 net:VDD
	bbox = (660.6900, 66.4500) - (662.2700, 66.5350) on Layer met3
violation type: Metal Spacing
	srcs: net:VDD net:net544
	bbox = (660.6900, 70.5300) - (662.2700, 70.6150) on Layer met3
violation type: Metal Spacing
	srcs: net:net113 net:VDD
	bbox = (660.6900, 77.3300) - (662.2700, 77.4150) on Layer met3
violation type: Metal Spacing
	srcs: net:VDD net:net543
	bbox = (660.6900, 81.4100) - (662.2700, 81.4950) on Layer met3
violation type: Metal Spacing
	srcs: net:net106 net:VDD
	bbox = (660.6900, 82.7700) - (662.2700, 82.8550) on Layer met3
violation type: Metal Spacing
	srcs: net:VDD net:data_in[32]
	bbox = (660.6900, 89.5700) - (662.2700, 89.6550) on Layer met3
violation type: Metal Spacing
	srcs: net:net145 net:VDD
	bbox = (660.6900, 92.2900) - (662.2700, 92.3750) on Layer met3
violation type: Metal Spacing
	srcs: net:net139 net:VDD
	bbox = (660.6900, 93.6500) - (662.2700, 93.7350) on Layer met3
violation type: Metal Spacing
	srcs: net:VDD net:net494
	bbox = (660.6900, 100.4500) - (662.2700, 100.5350) on Layer met3
violation type: Metal Spacing
	srcs: net:VDD net:data_out[19]
	bbox = (660.6900, 105.8900) - (662.2700, 105.9750) on Layer met3
violation type: Metal Spacing
	srcs: net:net108 net:VDD
	bbox = (660.6900, 111.3300) - (662.2700, 111.4150) on Layer met3
violation type: Metal Spacing
	srcs: net:VDD net:data_out[34]
	bbox = (660.6900, 115.4100) - (662.2700, 115.4950) on Layer met3
violation type: Metal Spacing
	srcs: net:net147 net:VDD
	bbox = (660.6900, 120.8500) - (662.2700, 120.9350) on Layer met3
violation type: Metal Spacing
	srcs: net:VDD net:net490
	bbox = (660.6900, 126.2900) - (662.2700, 126.3750) on Layer met3
violation type: Metal Spacing
	srcs: net:net109 net:VDD
	bbox = (660.6900, 137.1700) - (662.2700, 137.2550) on Layer met3
violation type: Metal Spacing
	srcs: net:VDD net:data_out[36]
	bbox = (660.6900, 141.2500) - (662.2700, 141.3350) on Layer met3
violation type: Metal Spacing
	srcs: net:VDD net:data_out[28]
	bbox = (660.6900, 146.6900) - (662.2700, 146.7750) on Layer met3
violation type: Metal Spacing
	srcs: net:net128 net:VDD
	bbox = (660.6900, 149.4100) - (662.2700, 149.4950) on Layer met3
violation type: Metal Spacing
	srcs: net:VDD net:data_out[52]
	bbox = (660.6900, 153.4900) - (662.2700, 153.5750) on Layer met3
violation type: Metal Spacing
	srcs: net:VDD net:net526
	bbox = (660.6900, 179.3300) - (662.2700, 179.4150) on Layer met3
violation type: Metal Spacing
	srcs: net:VDD net:data_in[28]
	bbox = (660.6900, 192.9300) - (662.2700, 193.0150) on Layer met3
violation type: Metal Spacing
	srcs: net:VSS net:net558
	bbox = (674.2600, 25.3050) - (675.8400, 25.3500) on Layer met3
violation type: Metal Spacing
	srcs: net:VSS net:data_in[33]
	bbox = (674.2600, 46.7300) - (675.8400, 46.8150) on Layer met3
violation type: Metal Spacing
	srcs: net:VSS net:net501
	bbox = (674.2600, 47.1450) - (675.8400, 47.2800) on Layer met3
violation type: Metal Spacing
	srcs: net:VSS net:data_in[11]
	bbox = (674.2600, 52.1700) - (675.8400, 52.2550) on Layer met3
violation type: Metal Spacing
	srcs: net:VSS net:net539
	bbox = (674.2600, 58.8000) - (675.8400, 59.0550) on Layer met3
violation type: Metal Spacing
	srcs: net:net115 net:VSS
	bbox = (674.2600, 67.1300) - (675.8400, 67.2150) on Layer met3
violation type: Metal Spacing
	srcs: net:VSS net:wmask[5]
	bbox = (674.2600, 68.4900) - (675.8400, 68.5750) on Layer met3
violation type: Metal Spacing
	srcs: net:net113 net:VSS
	bbox = (674.2600, 84.8100) - (675.8400, 84.8950) on Layer met3
violation type: Metal Spacing
	srcs: net:net145 net:VSS
	bbox = (674.2600, 89.3050) - (675.8400, 89.5500) on Layer met3
violation type: Metal Spacing
	srcs: net:net110 net:VSS
	bbox = (674.2600, 98.4100) - (675.8400, 98.4950) on Layer met3
violation type: Metal Spacing
	srcs: net:VSS net:data_out[19]
	bbox = (674.2600, 107.9300) - (675.8400, 108.0150) on Layer met3
violation type: Metal Spacing
	srcs: net:net108 net:VSS
	bbox = (674.2600, 110.5500) - (675.8400, 110.7350) on Layer met3
violation type: Metal Spacing
	srcs: net:VSS net:data_out[34]
	bbox = (674.2600, 112.0100) - (675.8400, 112.0950) on Layer met3
violation type: Metal Spacing
	srcs: net:VSS net:net490
	bbox = (674.2600, 125.6100) - (675.8400, 125.6950) on Layer met3
violation type: Metal Spacing
	srcs: net:VSS net:data_in[12]
	bbox = (674.2600, 132.4100) - (675.8400, 132.4950) on Layer met3
violation type: Metal Spacing
	srcs: net:VSS net:data_in[44]
	bbox = (674.2600, 133.7700) - (675.8400, 133.8550) on Layer met3
violation type: Metal Spacing
	srcs: net:VSS net:data_in[3]
	bbox = (674.2600, 141.9300) - (675.8400, 142.0150) on Layer met3
violation type: Metal Spacing
	srcs: net:VSS net:data_out[28]
	bbox = (674.2600, 148.7300) - (675.8400, 148.8150) on Layer met3
violation type: Metal Spacing
	srcs: net:net128 net:VSS
	bbox = (674.2600, 152.8100) - (675.8400, 152.8950) on Layer met3
violation type: Metal Spacing
	srcs: net:VSS net:net519
	bbox = (674.2600, 155.5300) - (675.8400, 155.6150) on Layer met3
violation type: Metal Spacing
	srcs: net:VSS net:data_in[8]
	bbox = (674.2600, 159.6100) - (675.8400, 159.6950) on Layer met3
violation type: Metal Spacing
	srcs: net:VSS net:net540
	bbox = (674.2600, 160.9700) - (675.8400, 161.0550) on Layer met3
violation type: Metal Spacing
	srcs: net:VSS net:net518
	bbox = (674.2600, 167.7700) - (675.8400, 167.8550) on Layer met3
violation type: Metal Spacing
	srcs: net:VSS net:data_in[20]
	bbox = (674.2600, 173.2100) - (675.8400, 173.2950) on Layer met3
violation type: Metal Spacing
	srcs: net:net116 net:VSS
	bbox = (674.2600, 197.6900) - (675.8400, 197.7750) on Layer met3
violation type: Metal Spacing
	srcs: net:VSS net:net499
	bbox = (674.2600, 204.4900) - (675.8400, 204.5750) on Layer met3
violation type: Metal Spacing
	srcs: net:VDD net:net548
	bbox = (687.8300, 34.2250) - (689.4100, 34.3500) on Layer met3
violation type: Metal Spacing
	srcs: net:VDD net:net549
	bbox = (687.8300, 44.6900) - (689.4100, 44.7750) on Layer met3
violation type: Metal Spacing
	srcs: net:VDD net:net560
	bbox = (687.8300, 54.2100) - (689.4100, 54.2950) on Layer met3
violation type: Metal Spacing
	srcs: net:VDD net:net539
	bbox = (687.8300, 58.2900) - (689.4100, 58.3750) on Layer met3
violation type: Metal Spacing
	srcs: net:VDD net:net530
	bbox = (687.8300, 59.6500) - (689.4100, 59.7350) on Layer met3
violation type: Metal Spacing
	srcs: net:net90 net:VDD
	bbox = (687.8300, 62.3700) - (689.4100, 62.4550) on Layer met3
violation type: Metal Spacing
	srcs: net:net124 net:VDD
	bbox = (687.8300, 66.4500) - (689.4100, 66.5350) on Layer met3
violation type: Metal Spacing
	srcs: net:VDD net:net520
	bbox = (687.8300, 70.5300) - (689.4100, 70.6150) on Layer met3
violation type: Metal Spacing
	srcs: net:net106 net:VDD
	bbox = (687.8300, 73.2500) - (689.4100, 73.3350) on Layer met3
violation type: Metal Spacing
	srcs: net:VDD net:net543
	bbox = (687.8300, 77.3300) - (689.4100, 77.4150) on Layer met3
violation type: Metal Spacing
	srcs: net:net91 net:VDD
	bbox = (687.8300, 81.4100) - (689.4100, 81.4950) on Layer met3
violation type: Metal Spacing
	srcs: net:VDD net:net544
	bbox = (687.8300, 82.7700) - (689.4100, 82.8550) on Layer met3
violation type: Metal Spacing
	srcs: net:VDD net:data_in[32]
	bbox = (687.8300, 88.2100) - (689.4100, 88.2950) on Layer met3
violation type: Metal Spacing
	srcs: net:VDD net:net494
	bbox = (687.8300, 100.4500) - (689.4100, 100.5350) on Layer met3
violation type: Metal Spacing
	srcs: net:VDD net:net498
	bbox = (687.8300, 105.8900) - (689.4100, 105.9750) on Layer met3
violation type: Metal Spacing
	srcs: net:VDD net:data_out[19]
	bbox = (687.8300, 107.2500) - (689.4100, 107.3350) on Layer met3
violation type: Metal Spacing
	srcs: net:net102 net:VDD
	bbox = (687.8300, 115.4100) - (689.4100, 115.4950) on Layer met3
violation type: Metal Spacing
	srcs: net:net86 net:VDD
	bbox = (687.8300, 124.9300) - (689.4100, 125.0150) on Layer met3
violation type: Metal Spacing
	srcs: net:VDD net:data_in[36]
	bbox = (687.8300, 138.5300) - (689.4100, 138.6150) on Layer met3
violation type: Metal Spacing
	srcs: net:VDD net:data_out[28]
	bbox = (687.8300, 148.0500) - (689.4100, 148.1350) on Layer met3
violation type: Metal Spacing
	srcs: net:VDD net:net547
	bbox = (687.8300, 149.4100) - (689.4100, 149.4950) on Layer met3
violation type: Metal Spacing
	srcs: net:VDD net:data_out[52]
	bbox = (687.8300, 150.7700) - (689.4100, 150.8550) on Layer met3
violation type: Metal Spacing
	srcs: net:net129 net:VDD
	bbox = (687.8300, 168.4500) - (689.4100, 168.5350) on Layer met3
violation type: Metal Spacing
	srcs: net:VDD net:data_in[20]
	bbox = (687.8300, 172.5300) - (689.4100, 172.6150) on Layer met3
