violation type: Short
	srcs: net:data_out[48] net:net530
	bbox = (524.5600, 1.6300) - (524.7000, 1.7700) on Layer met2
violation type: Short
	srcs: net:net145 net:net498
	bbox = (639.5600, 1.1200) - (639.7000, 1.2600) on Layer met2
violation type: Short
	srcs: net:data_out[49] net:net498
	bbox = (681.8800, 2.4800) - (682.0200, 2.6200) on Layer met2
violation type: Short
	srcs: net:VSS net:data_in[33]
	bbox = (430.0000, 44.3900) - (431.5800, 44.4250) on Layer met3
violation type: Short
	srcs: net:net86 net:VDD
	bbox = (443.7300, 129.3900) - (444.9100, 129.6900) on Layer met3
violation type: Short
	srcs: net:VDD net:net539
	bbox = (443.7300, 130.0700) - (444.9100, 130.3700) on Layer met3
violation type: Short
	srcs: net:VSS net:net490
	bbox = (511.4200, 154.5500) - (513.0000, 154.5850) on Layer met3
violation type: Short
	srcs: net:net116 net:VSS
	bbox = (511.4200, 159.9900) - (513.0000, 160.0250) on Layer met3
violation type: Short
	srcs: net:net129 net:VSS
	bbox = (511.4200, 161.3500) - (513.0000, 161.3850) on Layer met3
violation type: Short
	srcs: net:net116 net:net540
	bbox = (515.4700, 164.7500) - (515.8100, 165.0500) on Layer met3
violation type: Short
	srcs: net:net116 net:net540
	bbox = (515.5100, 164.7500) - (515.8100, 165.0500) on Layer met3
violation type: Short
	srcs: net:net116 net:net540
	bbox = (515.5100, 164.7500) - (515.8100, 165.0600) on Layer met3
violation type: Short
	srcs: net:net116 net:net547
	bbox = (515.5100, 165.4300) - (515.8100, 165.7300) on Layer met3
violation type: Short
	srcs: net:VDD net:net494
	bbox = (524.9900, 62.7500) - (526.5700, 62.7850) on Layer met3
violation type: Short
	srcs: net:net98 net:VDD
	bbox = (524.9900, 94.0300) - (526.5700, 94.0650) on Layer met3
violation type: Short
	srcs: net:VDD net:data_out[30]
	bbox = (524.9900, 98.1100) - (526.5700, 98.1450) on Layer met3
violation type: Short
	srcs: net:VDD net:net529
	bbox = (524.9900, 107.6300) - (526.5700, 107.6650) on Layer met3
violation type: Short
	srcs: net:VDD net:data_in[42]
	bbox = (524.9900, 111.7100) - (526.5700, 111.7450) on Layer met3
violation type: Short
	srcs: net:VDD net:addr[3]
	bbox = (524.9900, 123.9500) - (526.5700, 123.9850) on Layer met3
violation type: Short
	srcs: net:VSS net:net492
	bbox = (538.5600, 108.3100) - (540.1400, 108.3450) on Layer met3
violation type: Short
	srcs: net:net98 net:VSS
	bbox = (538.7350, 94.7100) - (539.9150, 94.7450) on Layer met3
violation type: Short
	srcs: net:VDD net:data_in[9]
	bbox = (552.1300, 160.6700) - (553.7100, 160.7050) on Layer met3
violation type: Short
	srcs: net:VDD net:net547
	bbox = (552.1300, 167.4700) - (553.7100, 167.5050) on Layer met3
violation type: Short
	srcs: net:net123 net:VDD
	bbox = (552.3100, 168.8300) - (552.6100, 168.8650) on Layer met3
violation type: Short
	srcs: net:net123 net:VDD
	bbox = (552.3100, 168.8300) - (553.7100, 168.8650) on Layer met3
violation type: Short
	srcs: net:VSS net:net498
	bbox = (592.8400, 26.7100) - (594.4200, 26.7450) on Layer met3
violation type: Short
	srcs: net:VSS net:data_out[30]
	bbox = (592.8400, 47.1100) - (594.4200, 47.1450) on Layer met3
violation type: Short
	srcs: net:VSS net:data_in[44]
	bbox = (619.9800, 127.3500) - (621.5600, 127.3850) on Layer met3
violation type: Short
	srcs: net:net109 net:VSS
	bbox = (619.9800, 164.0700) - (621.5600, 164.1050) on Layer met3
violation type: Short
	srcs: net:VSS net:data_in[3]
	bbox = (619.9800, 166.7900) - (621.5600, 166.8250) on Layer met3
violation type: Short
	srcs: net:VSS net:data_out[19]
	bbox = (620.2050, 177.6700) - (621.3850, 177.7050) on Layer met3
violation type: Short
	srcs: net:net102 net:VSS
	bbox = (620.2050, 179.0300) - (621.3850, 179.0650) on Layer met3
violation type: Short
	srcs: net:VSS net:net519
	bbox = (620.2050, 183.1100) - (621.3850, 183.1450) on Layer met3
violation type: Short
	srcs: net:VSS net:net540
	bbox = (620.2050, 187.1900) - (621.3850, 187.2250) on Layer met3
violation type: Short
	srcs: net:VSS net:data_in[20]
	bbox = (620.2050, 191.2700) - (621.3850, 191.3050) on Layer met3
violation type: Short
	srcs: net:VSS net:data_out[52]
	bbox = (620.2050, 192.6300) - (621.3850, 192.6650) on Layer met3
violation type: Short
	srcs: net:net116 net:VSS
	bbox = (620.2050, 193.9900) - (621.3850, 194.0250) on Layer met3
violation type: Short
	srcs: net:VSS net:data_in[9]
	bbox = (620.2050, 195.3500) - (621.3850, 195.3850) on Layer met3
violation type: Short
	srcs: net:net147 net:VSS
	bbox = (620.2050, 196.7100) - (621.3850, 196.7450) on Layer met3
violation type: Short
	srcs: net:VSS net:net547
	bbox = (620.2050, 198.0700) - (621.3850, 198.1050) on Layer met3
violation type: Short
	srcs: net:VSS net:data_in[28]
	bbox = (620.2050, 207.5900) - (621.3850, 207.6250) on Layer met3
violation type: Short
	srcs: net:VSS net:net534
	bbox = (620.2050, 208.9500) - (621.3850, 208.9850) on Layer met3
violation type: Short
	srcs: net:VSS net:data_out[34]
	bbox = (620.2050, 213.0300) - (621.3850, 213.0650) on Layer met3
violation type: Short
	srcs: net:net108 net:VSS
	bbox = (647.1200, 108.3100) - (648.7000, 108.3450) on Layer met3
violation type: Short
	srcs: net:net102 net:VSS
	bbox = (647.1200, 123.2700) - (648.7000, 123.3050) on Layer met3
violation type: Short
	srcs: net:VSS net:data_out[36]
	bbox = (647.1200, 145.0300) - (648.7000, 145.0500) on Layer met3
violation type: Short
	srcs: net:VSS net:data_out[36]
	bbox = (647.1200, 145.0300) - (648.7000, 145.0650) on Layer met3
violation type: Short
	srcs: net:VSS net:data_in[8]
	bbox = (647.1200, 172.2300) - (648.7000, 172.2650) on Layer met3
violation type: Short
	srcs: net:net129 net:VSS
	bbox = (647.1200, 173.5900) - (648.7000, 173.6250) on Layer met3
violation type: Short
	srcs: net:net86 net:VSS
	bbox = (647.1200, 174.9500) - (648.7000, 174.9850) on Layer met3
violation type: Short
	srcs: net:VSS net:data_out[28]
	bbox = (647.1200, 184.4700) - (648.7000, 184.5050) on Layer met3
violation type: Short
	srcs: net:VSS net:net540
	bbox = (647.1200, 187.1900) - (648.7000, 187.2250) on Layer met3
violation type: Short
	srcs: net:VSS net:data_in[20]
	bbox = (647.1200, 191.2700) - (648.7000, 191.3050) on Layer met3
violation type: Short
	srcs: net:VSS net:data_in[9]
	bbox = (647.1200, 195.3500) - (648.7000, 195.3850) on Layer met3
violation type: Short
	srcs: net:net147 net:VSS
	bbox = (647.1200, 196.7100) - (648.7000, 196.7450) on Layer met3
violation type: Short
	srcs: net:VSS net:net547
	bbox = (647.1200, 198.0700) - (648.7000, 198.1050) on Layer met3
violation type: Short
	srcs: net:VSS net:data_in[28]
	bbox = (647.1200, 208.9500) - (648.7000, 208.9850) on Layer met3
violation type: Short
	srcs: net:VSS net:data_out[34]
	bbox = (647.1200, 213.0300) - (648.7000, 213.0650) on Layer met3
violation type: Short
	srcs: net:VSS net:net490
	bbox = (647.1200, 242.9500) - (648.7000, 242.9850) on Layer met3
violation type: Short
	srcs: net:VDD net:data_out[19]
	bbox = (660.6900, 96.7500) - (662.2700, 96.7850) on Layer met3
violation type: Short
	srcs: net:net109 net:VDD
	bbox = (660.6900, 137.5500) - (662.2700, 137.5850) on Layer met3
violation type: Short
	srcs: net:VDD net:net519
	bbox = (660.6900, 164.7500) - (662.2700, 164.7850) on Layer met3
violation type: Short
	srcs: net:VDD net:data_in[3]
	bbox = (660.6900, 167.4700) - (662.2700, 167.5050) on Layer met3
violation type: Short
	srcs: net:net129 net:data_out[28]
	bbox = (673.7500, 171.5500) - (674.0500, 171.8500) on Layer met3
violation type: Short
	srcs: net:net129 net:data_out[28]
	bbox = (673.7500, 171.5500) - (675.8900, 171.8500) on Layer met3
violation type: Short
	srcs: net:VSS net:data_in[33]
	bbox = (674.2600, 48.4700) - (675.8400, 48.5050) on Layer met3
violation type: Short
	srcs: net:net108 net:VSS
	bbox = (674.2600, 108.3100) - (675.8400, 108.3450) on Layer met3
violation type: Short
	srcs: net:net102 net:VSS
	bbox = (674.2600, 123.2700) - (675.8400, 123.3050) on Layer met3
violation type: Short
	srcs: net:VSS net:data_out[52]
	bbox = (674.2600, 165.4300) - (675.8400, 165.4650) on Layer met3
violation type: Short
	srcs: net:VSS net:net540
	bbox = (674.2600, 187.1900) - (675.8400, 187.2250) on Layer met3
violation type: Short
	srcs: net:net147 net:VSS
	bbox = (674.2600, 198.0700) - (675.8400, 198.1050) on Layer met3
violation type: Short
	srcs: net:VSS net:net534
	bbox = (674.2600, 210.3100) - (675.8400, 210.3450) on Layer met3
violation type: Short
	srcs: net:net129 net:data_out[28]
	bbox = (675.5900, 171.5500) - (675.8900, 171.8500) on Layer met3
violation type: Short
	srcs: net:VDD net:data_in[44]
	bbox = (687.8300, 132.1100) - (689.4100, 132.1450) on Layer met3
violation type: Short
	srcs: net:VDD net:data_in[36]
	bbox = (687.8300, 142.9900) - (689.4100, 143.0250) on Layer met3
violation type: Short
	srcs: net:VDD net:net519
	bbox = (687.8300, 164.7500) - (689.4100, 164.7850) on Layer met3
violation type: Short
	srcs: net:net129 net:VDD
	bbox = (687.8300, 172.9100) - (689.4100, 172.9450) on Layer met3
violation type: Short
	srcs: net:net86 net:VDD
	bbox = (687.8300, 174.2700) - (689.4100, 174.3050) on Layer met3
violation type: Short
	srcs: net:VDD net:net526
	bbox = (687.8300, 178.3500) - (689.4100, 178.3850) on Layer met3
violation type: Short
	srcs: net:VDD net:net547
	bbox = (688.1300, 198.7500) - (689.3100, 198.7850) on Layer met3
violation type: Metal Spacing
	srcs: net:VDD net:data_out[34]
	bbox = (443.5700, 122.2100) - (445.1500, 122.2950) on Layer met3
violation type: Metal Spacing
	srcs: net:net109 net:VSS
	bbox = (511.4200, 162.3300) - (513.0000, 162.4150) on Layer met3
violation type: Metal Spacing
	srcs: net:VSS net:net547
	bbox = (511.4200, 165.0500) - (513.0000, 165.1350) on Layer met3
violation type: Metal Spacing
	srcs: net:net108 net:VDD
	bbox = (524.9900, 86.8500) - (526.5700, 86.9350) on Layer met3
violation type: Metal Spacing
	srcs: net:VDD net:net487
	bbox = (524.9900, 89.5700) - (526.5700, 89.6550) on Layer met3
violation type: Metal Spacing
	srcs: net:VDD net:net520
	bbox = (524.9900, 96.3700) - (526.5700, 96.4550) on Layer met3
violation type: Metal Spacing
	srcs: net:VDD net:net492
	bbox = (524.9900, 108.6100) - (526.5700, 108.6950) on Layer met3
violation type: Metal Spacing
	srcs: net:VDD net:data_out[34]
	bbox = (524.9900, 116.7700) - (526.5700, 116.8550) on Layer met3
violation type: Metal Spacing
	srcs: net:net147 net:VDD
	bbox = (524.9900, 120.8500) - (526.5700, 120.9350) on Layer met3
violation type: Metal Spacing
	srcs: net:net110 net:VSS
	bbox = (538.5600, 99.7700) - (540.1400, 99.8550) on Layer met3
violation type: Metal Spacing
	srcs: net:VSS net:net529
	bbox = (538.5600, 107.9300) - (540.1400, 108.0150) on Layer met3
violation type: Metal Spacing
	srcs: net:VSS net:data_in[42]
	bbox = (538.5600, 112.0100) - (540.1400, 112.0950) on Layer met3
violation type: Metal Spacing
	srcs: net:VSS net:data_in[12]
	bbox = (538.5600, 125.6100) - (540.1400, 125.6950) on Layer met3
violation type: Metal Spacing
	srcs: net:net86 net:VSS
	bbox = (538.5600, 128.3300) - (540.1400, 128.4150) on Layer met3
violation type: Metal Spacing
	srcs: net:VSS net:net498
	bbox = (538.7350, 71.2100) - (539.9150, 71.2950) on Layer met3
violation type: Metal Spacing
	srcs: net:net129 net:VDD
	bbox = (552.1300, 157.5700) - (553.7100, 157.6550) on Layer met3
violation type: Metal Spacing
	srcs: net:net128 net:VDD
	bbox = (552.1300, 158.9300) - (553.7100, 159.0150) on Layer met3
violation type: Metal Spacing
	srcs: net:VDD net:data_out[36]
	bbox = (552.1300, 163.0100) - (553.7100, 163.0950) on Layer met3
violation type: Metal Spacing
	srcs: net:net139 net:VSS
	bbox = (565.7000, 25.3050) - (567.2800, 25.3500) on Layer met3
violation type: Metal Spacing
	srcs: net:VDD net:data_in[42]
	bbox = (579.9900, 122.2100) - (580.7700, 122.2950) on Layer met3
violation type: Metal Spacing
	srcs: net:VSS net:data_out[30]
	bbox = (619.9800, 48.0900) - (621.5600, 48.1750) on Layer met3
violation type: Metal Spacing
	srcs: net:VSS net:data_out[36]
	bbox = (619.9800, 144.6500) - (621.5600, 144.7350) on Layer met3
violation type: Metal Spacing
	srcs: net:VSS net:net494
	bbox = (619.9800, 163.6900) - (621.5600, 163.7750) on Layer met3
violation type: Metal Spacing
	srcs: net:VSS net:data_in[36]
	bbox = (619.9800, 167.7700) - (621.5600, 167.8550) on Layer met3
violation type: Metal Spacing
	srcs: net:net128 net:VSS
	bbox = (620.2050, 173.2100) - (621.3850, 173.2950) on Layer met3
violation type: Metal Spacing
	srcs: net:net86 net:VSS
	bbox = (620.2050, 174.5700) - (621.3850, 174.6550) on Layer met3
violation type: Metal Spacing
	srcs: net:net129 net:VSS
	bbox = (620.2050, 175.9300) - (621.3850, 176.0150) on Layer met3
violation type: Metal Spacing
	srcs: net:VSS net:net523
	bbox = (620.2050, 178.6500) - (621.3850, 178.7350) on Layer met3
violation type: Metal Spacing
	srcs: net:VSS net:net518
	bbox = (620.2050, 182.7300) - (621.3850, 182.8150) on Layer met3
violation type: Metal Spacing
	srcs: net:VSS net:data_out[28]
	bbox = (620.2050, 185.4500) - (621.3850, 185.5350) on Layer met3
violation type: Metal Spacing
	srcs: net:net108 net:VSS
	bbox = (620.2050, 193.6100) - (621.3850, 193.6950) on Layer met3
violation type: Metal Spacing
	srcs: net:VSS net:net526
	bbox = (620.2050, 197.6900) - (621.3850, 197.7750) on Layer met3
violation type: Metal Spacing
	srcs: net:VSS net:data_out[30]
	bbox = (647.1200, 47.9200) - (648.7000, 48.1750) on Layer met3
violation type: Metal Spacing
	srcs: net:net109 net:VSS
	bbox = (647.1200, 137.8500) - (648.7000, 137.9350) on Layer met3
violation type: Metal Spacing
	srcs: net:VSS net:data_in[3]
	bbox = (647.1200, 167.7700) - (648.7000, 167.8550) on Layer met3
violation type: Metal Spacing
	srcs: net:VSS net:net523
	bbox = (647.1200, 170.4900) - (648.7000, 170.5750) on Layer met3
violation type: Metal Spacing
	srcs: net:VSS net:data_in[0]
	bbox = (647.1200, 173.2100) - (648.7000, 173.2950) on Layer met3
violation type: Metal Spacing
	srcs: net:net128 net:VSS
	bbox = (647.1200, 181.3700) - (648.7000, 181.4550) on Layer met3
violation type: Metal Spacing
	srcs: net:VSS net:net518
	bbox = (647.1200, 182.7300) - (648.7000, 182.8150) on Layer met3
violation type: Metal Spacing
	srcs: net:VSS net:net526
	bbox = (647.1200, 197.6900) - (648.7000, 197.7750) on Layer met3
violation type: Metal Spacing
	srcs: net:VSS net:net534
	bbox = (647.1200, 209.9300) - (648.7000, 210.0150) on Layer met3
violation type: Metal Spacing
	srcs: net:net108 net:VDD
	bbox = (660.6900, 108.6100) - (662.2700, 108.6950) on Layer met3
violation type: Metal Spacing
	srcs: net:net102 net:VDD
	bbox = (660.6900, 123.5700) - (662.2700, 123.6550) on Layer met3
violation type: Metal Spacing
	srcs: net:VDD net:data_out[52]
	bbox = (660.6900, 165.7300) - (662.2700, 165.8150) on Layer met3
violation type: Metal Spacing
	srcs: net:net86 net:VDD
	bbox = (660.6900, 175.2500) - (662.2700, 175.3350) on Layer met3
violation type: Metal Spacing
	srcs: net:net128 net:VDD
	bbox = (660.6900, 177.9700) - (662.2700, 178.0550) on Layer met3
violation type: Metal Spacing
	srcs: net:VDD net:data_out[28]
	bbox = (660.6900, 184.7700) - (662.2700, 184.8550) on Layer met3
violation type: Metal Spacing
	srcs: net:VDD net:net540
	bbox = (660.6900, 187.4900) - (662.2700, 187.5750) on Layer met3
violation type: Metal Spacing
	srcs: net:VDD net:data_in[9]
	bbox = (660.8600, 195.6500) - (661.6400, 195.7350) on Layer met3
violation type: Metal Spacing
	srcs: net:VSS net:data_in[44]
	bbox = (674.2600, 132.4100) - (675.8400, 132.4950) on Layer met3
violation type: Metal Spacing
	srcs: net:net109 net:VSS
	bbox = (674.2600, 137.8500) - (675.8400, 137.9350) on Layer met3
violation type: Metal Spacing
	srcs: net:VSS net:data_in[36]
	bbox = (674.2600, 143.2900) - (675.8400, 143.3750) on Layer met3
violation type: Metal Spacing
	srcs: net:VSS net:data_out[36]
	bbox = (674.2600, 144.6500) - (675.8400, 144.7350) on Layer met3
violation type: Metal Spacing
	srcs: net:VSS net:net519
	bbox = (674.2600, 165.0500) - (675.8400, 165.1350) on Layer met3
violation type: Metal Spacing
	srcs: net:net116 net:VSS
	bbox = (674.2600, 203.1300) - (675.8400, 203.2150) on Layer met3
violation type: Metal Spacing
	srcs: net:VSS net:net547
	bbox = (674.2600, 211.2900) - (675.8400, 211.3750) on Layer met3
violation type: Metal Spacing
	srcs: net:VSS net:data_out[34]
	bbox = (674.2600, 212.6500) - (675.8400, 212.7350) on Layer met3
violation type: Metal Spacing
	srcs: net:VSS net:data_in[8]
	bbox = (674.4100, 170.4900) - (675.1900, 170.7000) on Layer met3
violation type: Metal Spacing
	srcs: net:net108 net:VDD
	bbox = (687.8300, 108.6100) - (689.4100, 108.6950) on Layer met3
violation type: Metal Spacing
	srcs: net:VDD net:net529
	bbox = (687.8300, 114.0500) - (689.4100, 114.1350) on Layer met3
violation type: Metal Spacing
	srcs: net:net102 net:VDD
	bbox = (687.8300, 123.5700) - (689.4100, 123.6550) on Layer met3
violation type: Metal Spacing
	srcs: net:net98 net:VDD
	bbox = (687.8300, 135.8100) - (689.4100, 135.8950) on Layer met3
violation type: Metal Spacing
	srcs: net:VDD net:data_out[28]
	bbox = (687.8300, 149.4100) - (689.4100, 149.4950) on Layer met3
violation type: Metal Spacing
	srcs: net:VDD net:data_in[20]
	bbox = (687.8300, 156.2100) - (689.4100, 156.2950) on Layer met3
violation type: Metal Spacing
	srcs: net:VDD net:data_out[52]
	bbox = (687.8300, 165.7300) - (689.4100, 165.8150) on Layer met3
violation type: Metal Spacing
	srcs: net:VDD net:data_in[8]
	bbox = (687.8300, 171.1700) - (689.4100, 171.2550) on Layer met3
violation type: Metal Spacing
	srcs: net:VDD net:net518
	bbox = (687.8300, 176.6100) - (689.4100, 176.6950) on Layer met3
violation type: Metal Spacing
	srcs: net:net128 net:VDD
	bbox = (687.8300, 177.9700) - (689.4100, 178.0550) on Layer met3
violation type: Metal Spacing
	srcs: net:VDD net:net540
	bbox = (687.8300, 187.4900) - (689.4100, 187.5750) on Layer met3
violation type: Metal Spacing
	srcs: net:net147 net:VDD
	bbox = (688.1300, 198.3700) - (689.3100, 198.4550) on Layer met3
