violation type: Metal Spacing
	srcs: net:net88 net:VSS
	bbox = (430.0000, 38.5700) - (431.5800, 38.6550) on Layer met3
violation type: Metal Spacing
	srcs: net:VSS net:data_in[42]
	bbox = (430.0000, 50.8100) - (431.5800, 50.8950) on Layer met3
violation type: Metal Spacing
	srcs: net:VSS net:net530
	bbox = (430.0000, 61.6900) - (431.5800, 61.7750) on Layer met3
violation type: Metal Spacing
	srcs: net:net115 net:VSS
	bbox = (430.0000, 72.5700) - (431.5800, 72.6550) on Layer met3
violation type: Metal Spacing
	srcs: net:VSS net:data_out[36]
	bbox = (511.2100, 168.1500) - (511.4200, 168.1850) on Layer met3
violation type: Metal Spacing
	srcs: net:VSS net:data_in[8]
	bbox = (511.4200, 156.8900) - (513.0000, 156.9750) on Layer met3
violation type: Metal Spacing
	srcs: net:VSS net:net547
	bbox = (511.4200, 163.6900) - (513.0000, 163.7750) on Layer met3
violation type: Metal Spacing
	srcs: net:VSS net:net523
	bbox = (511.4200, 165.0500) - (513.0000, 165.1350) on Layer met3
violation type: Metal Spacing
	srcs: net:VSS net:data_out[20]
	bbox = (511.4200, 166.4100) - (513.0000, 166.4950) on Layer met3
violation type: Metal Spacing
	srcs: net:net116 net:VSS
	bbox = (511.4200, 167.7700) - (513.0000, 167.8550) on Layer met3
violation type: Metal Spacing
	srcs: net:net101 net:VDD
	bbox = (524.9900, 73.2500) - (526.5700, 73.3350) on Layer met3
violation type: Metal Spacing
	srcs: net:VDD net:data_out[48]
	bbox = (524.9900, 78.6900) - (526.5700, 78.7750) on Layer met3
violation type: Metal Spacing
	srcs: net:net127 net:VDD
	bbox = (524.9900, 88.2100) - (526.5700, 88.2950) on Layer met3
violation type: Metal Spacing
	srcs: net:net98 net:VDD
	bbox = (524.9900, 90.9300) - (526.5700, 91.0150) on Layer met3
violation type: Metal Spacing
	srcs: net:net108 net:VDD
	bbox = (524.9900, 93.6500) - (526.5700, 93.7350) on Layer met3
violation type: Metal Spacing
	srcs: net:VDD net:net520
	bbox = (524.9900, 99.0900) - (526.5700, 99.1750) on Layer met3
violation type: Metal Spacing
	srcs: net:VDD net:net494
	bbox = (524.9900, 101.8100) - (526.5700, 101.8950) on Layer met3
violation type: Metal Spacing
	srcs: net:VDD net:data_in[32]
	bbox = (524.9900, 103.1700) - (526.5700, 103.2550) on Layer met3
violation type: Metal Spacing
	srcs: net:VDD net:net529
	bbox = (524.9900, 107.2500) - (526.5700, 107.3350) on Layer met3
violation type: Metal Spacing
	srcs: net:net124 net:VDD
	bbox = (524.9900, 108.6100) - (526.5700, 108.6950) on Layer met3
violation type: Metal Spacing
	srcs: net:VDD net:net534
	bbox = (524.9900, 109.9700) - (526.5700, 110.0550) on Layer met3
violation type: Metal Spacing
	srcs: net:VDD net:addr[3]
	bbox = (524.9900, 111.3300) - (526.5700, 111.4150) on Layer met3
violation type: Metal Spacing
	srcs: net:VDD net:data_out[34]
	bbox = (524.9900, 115.4100) - (526.5700, 115.4950) on Layer met3
violation type: Metal Spacing
	srcs: net:net102 net:VDD
	bbox = (524.9900, 116.7700) - (526.5700, 116.8550) on Layer met3
violation type: Metal Spacing
	srcs: net:net147 net:VDD
	bbox = (524.9900, 120.8500) - (526.5700, 120.9350) on Layer met3
violation type: Metal Spacing
	srcs: net:VDD net:net492
	bbox = (524.9900, 126.2900) - (526.5700, 126.3750) on Layer met3
violation type: Metal Spacing
	srcs: net:VDD net:data_in[12]
	bbox = (524.9900, 131.7300) - (526.5700, 131.8150) on Layer met3
violation type: Metal Spacing
	srcs: net:net109 net:VDD
	bbox = (524.9900, 137.1700) - (526.5700, 137.2550) on Layer met3
violation type: Metal Spacing
	srcs: net:VSS net:net501
	bbox = (538.5600, 50.8100) - (540.1400, 50.8950) on Layer met3
violation type: Metal Spacing
	srcs: net:VSS net:net498
	bbox = (538.5600, 60.3300) - (540.1400, 60.4150) on Layer met3
violation type: Metal Spacing
	srcs: net:net115 net:VSS
	bbox = (538.5600, 68.4900) - (540.1400, 68.5750) on Layer met3
violation type: Metal Spacing
	srcs: net:net106 net:VSS
	bbox = (538.5600, 69.8500) - (540.1400, 69.9350) on Layer met3
violation type: Metal Spacing
	srcs: net:VSS net:net543
	bbox = (538.5600, 80.7300) - (540.1400, 80.8150) on Layer met3
violation type: Metal Spacing
	srcs: net:net145 net:VSS
	bbox = (538.5600, 82.0900) - (540.1400, 82.1750) on Layer met3
violation type: Metal Spacing
	srcs: net:net139 net:VSS
	bbox = (538.5600, 105.2100) - (540.1400, 105.2950) on Layer met3
violation type: Metal Spacing
	srcs: net:VSS net:net529
	bbox = (538.5600, 107.9300) - (540.1400, 108.0150) on Layer met3
violation type: Metal Spacing
	srcs: net:VSS net:data_in[42]
	bbox = (538.5600, 114.7300) - (540.1400, 114.8150) on Layer met3
violation type: Metal Spacing
	srcs: net:net86 net:VSS
	bbox = (538.5600, 129.6900) - (540.1400, 129.7750) on Layer met3
violation type: Metal Spacing
	srcs: net:VSS net:net534
	bbox = (538.5600, 136.4900) - (540.1400, 136.5750) on Layer met3
violation type: Metal Spacing
	srcs: net:VSS net:net492
	bbox = (538.7350, 126.9700) - (539.9150, 127.0550) on Layer met3
violation type: Metal Spacing
	srcs: net:VDD net:data_in[12]
	bbox = (552.1300, 130.7850) - (553.7100, 130.9500) on Layer met3
violation type: Metal Spacing
	srcs: net:net109 net:VDD
	bbox = (552.1300, 137.1700) - (553.7100, 137.2550) on Layer met3
violation type: Metal Spacing
	srcs: net:VDD net:net499
	bbox = (552.1300, 143.9700) - (553.7100, 144.0550) on Layer met3
violation type: Metal Spacing
	srcs: net:VDD net:net526
	bbox = (552.1300, 146.6900) - (553.7100, 146.7750) on Layer met3
violation type: Metal Spacing
	srcs: net:VDD net:net540
	bbox = (552.1300, 163.0100) - (553.7100, 163.0950) on Layer met3
violation type: Metal Spacing
	srcs: net:VDD net:net494
	bbox = (552.1800, 97.7300) - (552.9600, 97.8150) on Layer met3
violation type: Metal Spacing
	srcs: net:net145 net:VSS
	bbox = (565.7000, 90.2500) - (567.2800, 90.3350) on Layer met3
violation type: Metal Spacing
	srcs: net:VSS net:net520
	bbox = (565.7000, 91.6100) - (567.2800, 91.6950) on Layer met3
violation type: Metal Spacing
	srcs: net:VSS net:net487
	bbox = (565.7000, 95.6900) - (567.2800, 95.7750) on Layer met3
violation type: Metal Spacing
	srcs: net:VSS net:net529
	bbox = (565.7000, 110.6500) - (567.2800, 110.7350) on Layer met3
violation type: Metal Spacing
	srcs: net:VDD net:data_out[30]
	bbox = (579.2700, 93.6500) - (580.8500, 93.7350) on Layer met3
violation type: Metal Spacing
	srcs: net:VDD net:net487
	bbox = (579.2700, 95.0100) - (580.8500, 95.0950) on Layer met3
violation type: Metal Spacing
	srcs: net:net110 net:VDD
	bbox = (579.2700, 101.8100) - (580.8500, 101.8950) on Layer met3
violation type: Metal Spacing
	srcs: net:net108 net:VDD
	bbox = (579.9900, 124.9300) - (580.7700, 125.0150) on Layer met3
violation type: Metal Spacing
	srcs: net:net86 net:VDD
	bbox = (579.9900, 126.2900) - (580.7700, 126.3750) on Layer met3
violation type: Metal Spacing
	srcs: net:VDD net:net490
	bbox = (579.9900, 129.0100) - (580.7700, 129.0950) on Layer met3
violation type: Metal Spacing
	srcs: net:VSS net:net543
	bbox = (592.8400, 88.8900) - (594.4200, 88.9750) on Layer met3
violation type: Metal Spacing
	srcs: net:VSS net:net498
	bbox = (592.8400, 99.7700) - (594.4200, 99.8550) on Layer met3
violation type: Metal Spacing
	srcs: net:net110 net:VSS
	bbox = (592.8400, 103.8500) - (594.4200, 103.9350) on Layer met3
violation type: Metal Spacing
	srcs: net:net108 net:VSS
	bbox = (592.8400, 110.6500) - (594.4200, 110.7350) on Layer met3
violation type: Metal Spacing
	srcs: net:VSS net:net490
	bbox = (592.8400, 126.9700) - (594.4200, 127.0550) on Layer met3
violation type: Metal Spacing
	srcs: net:net86 net:VSS
	bbox = (592.8400, 129.6900) - (594.4200, 129.7750) on Layer met3
violation type: Metal Spacing
	srcs: net:VDD net:data_out[30]
	bbox = (606.4100, 75.9700) - (607.9900, 76.0550) on Layer met3
violation type: Metal Spacing
	srcs: net:net145 net:VDD
	bbox = (606.4100, 93.6500) - (607.9900, 93.7350) on Layer met3
violation type: Metal Spacing
	srcs: net:net139 net:VDD
	bbox = (606.4100, 99.0900) - (607.9900, 99.1750) on Layer met3
violation type: Metal Spacing
	srcs: net:VDD net:net498
	bbox = (606.4100, 100.4500) - (607.9900, 100.5350) on Layer met3
violation type: Metal Spacing
	srcs: net:VDD net:data_out[19]
	bbox = (606.4100, 107.2500) - (607.9900, 107.3350) on Layer met3
violation type: Metal Spacing
	srcs: net:VDD net:net529
	bbox = (606.4100, 112.6900) - (607.9900, 112.7750) on Layer met3
violation type: Metal Spacing
	srcs: net:net102 net:VDD
	bbox = (606.4100, 114.0500) - (607.9900, 114.1350) on Layer met3
violation type: Metal Spacing
	srcs: net:VDD net:data_out[34]
	bbox = (606.4100, 115.4100) - (607.9900, 115.4950) on Layer met3
violation type: Metal Spacing
	srcs: net:VDD net:net539
	bbox = (606.4100, 118.1300) - (607.9900, 118.2150) on Layer met3
violation type: Metal Spacing
	srcs: net:VDD net:data_in[9]
	bbox = (606.4100, 122.2100) - (607.9900, 122.2950) on Layer met3
violation type: Metal Spacing
	srcs: net:net147 net:VDD
	bbox = (606.4100, 123.5700) - (607.9900, 123.6550) on Layer met3
violation type: Metal Spacing
	srcs: net:VDD net:net490
	bbox = (606.4100, 126.2900) - (607.9900, 126.3750) on Layer met3
violation type: Metal Spacing
	srcs: net:VDD net:data_out[36]
	bbox = (606.4100, 145.3300) - (607.9900, 145.4150) on Layer met3
violation type: Metal Spacing
	srcs: net:VDD net:data_in[3]
	bbox = (606.4100, 163.0100) - (607.9900, 163.0950) on Layer met3
violation type: Metal Spacing
	srcs: net:VSS net:wmask[5]
	bbox = (619.9800, 57.6100) - (621.5600, 57.6950) on Layer met3
violation type: Metal Spacing
	srcs: net:VSS net:net520
	bbox = (619.9800, 65.7700) - (621.5600, 65.8550) on Layer met3
violation type: Metal Spacing
	srcs: net:net115 net:VSS
	bbox = (619.9800, 69.8500) - (621.5600, 69.9350) on Layer met3
violation type: Metal Spacing
	srcs: net:net124 net:VSS
	bbox = (619.9800, 72.5700) - (621.5600, 72.6550) on Layer met3
violation type: Metal Spacing
	srcs: net:net113 net:VSS
	bbox = (619.9800, 82.0900) - (621.5600, 82.1750) on Layer met3
violation type: Metal Spacing
	srcs: net:net106 net:VSS
	bbox = (619.9800, 83.4500) - (621.5600, 83.5350) on Layer met3
violation type: Metal Spacing
	srcs: net:net91 net:VSS
	bbox = (619.9800, 94.3300) - (621.5600, 94.4150) on Layer met3
violation type: Metal Spacing
	srcs: net:net110 net:VSS
	bbox = (619.9800, 98.4100) - (621.5600, 98.4950) on Layer met3
violation type: Metal Spacing
	srcs: net:net139 net:VSS
	bbox = (619.9800, 99.7700) - (621.5600, 99.8550) on Layer met3
violation type: Metal Spacing
	srcs: net:VSS net:net494
	bbox = (619.9800, 109.2900) - (621.5600, 109.3750) on Layer met3
violation type: Metal Spacing
	srcs: net:net108 net:VSS
	bbox = (619.9800, 110.6500) - (621.5600, 110.7350) on Layer met3
violation type: Metal Spacing
	srcs: net:VSS net:net529
	bbox = (619.9800, 114.7300) - (621.5600, 114.8150) on Layer met3
violation type: Metal Spacing
	srcs: net:VSS net:data_in[9]
	bbox = (619.9800, 120.1700) - (621.5600, 120.2550) on Layer met3
violation type: Metal Spacing
	srcs: net:net147 net:VSS
	bbox = (619.9800, 122.8900) - (621.5600, 122.9750) on Layer met3
violation type: Metal Spacing
	srcs: net:VSS net:net490
	bbox = (619.9800, 126.9700) - (621.5600, 127.0550) on Layer met3
violation type: Metal Spacing
	srcs: net:net86 net:VSS
	bbox = (619.9800, 129.6900) - (621.5600, 129.7750) on Layer met3
violation type: Metal Spacing
	srcs: net:VSS net:data_out[28]
	bbox = (619.9800, 147.3700) - (621.5600, 147.4550) on Layer met3
violation type: Metal Spacing
	srcs: net:VSS net:data_out[52]
	bbox = (619.9800, 158.2500) - (621.5600, 158.3350) on Layer met3
violation type: Metal Spacing
	srcs: net:VSS net:data_in[3]
	bbox = (619.9800, 162.3300) - (621.5600, 162.4150) on Layer met3
violation type: Metal Spacing
	srcs: net:VSS net:net540
	bbox = (619.9800, 167.7700) - (621.5600, 167.8550) on Layer met3
violation type: Metal Spacing
	srcs: net:VSS net:net547
	bbox = (620.2050, 170.4900) - (621.3850, 170.5750) on Layer met3
violation type: Metal Spacing
	srcs: net:VSS net:net519
	bbox = (620.2050, 171.8500) - (621.3850, 171.9350) on Layer met3
violation type: Metal Spacing
	srcs: net:VSS net:data_in[20]
	bbox = (620.2050, 174.5700) - (621.3850, 174.6550) on Layer met3
violation type: Metal Spacing
	srcs: net:net129 net:VSS
	bbox = (620.2050, 175.9300) - (621.3850, 176.0150) on Layer met3
violation type: Metal Spacing
	srcs: net:VSS net:net526
	bbox = (620.2050, 185.4500) - (621.3850, 185.5350) on Layer met3
violation type: Metal Spacing
	srcs: net:net116 net:VSS
	bbox = (620.2050, 204.4900) - (621.3850, 204.5750) on Layer met3
violation type: Metal Spacing
	srcs: net:VDD net:net549
	bbox = (633.5500, 33.6400) - (635.1300, 33.8950) on Layer met3
violation type: Metal Spacing
	srcs: net:VDD net:net539
	bbox = (633.5500, 58.1200) - (635.1300, 58.3750) on Layer met3
violation type: Metal Spacing
	srcs: net:VDD net:net543
	bbox = (633.5500, 62.2000) - (635.1300, 62.4550) on Layer met3
violation type: Metal Spacing
	srcs: net:VDD net:net530
	bbox = (633.5500, 65.0900) - (635.1300, 65.1750) on Layer met3
violation type: Metal Spacing
	srcs: net:VDD net:net520
	bbox = (633.5500, 66.4500) - (635.1300, 66.5350) on Layer met3
violation type: Metal Spacing
	srcs: net:net113 net:VDD
	bbox = (633.5500, 81.4100) - (635.1300, 81.4950) on Layer met3
violation type: Metal Spacing
	srcs: net:net145 net:VDD
	bbox = (633.5500, 92.2900) - (635.1300, 92.3750) on Layer met3
violation type: Metal Spacing
	srcs: net:VDD net:net487
	bbox = (633.5500, 101.8100) - (635.1300, 101.8950) on Layer met3
violation type: Metal Spacing
	srcs: net:VDD net:data_in[1]
	bbox = (633.5500, 109.9700) - (635.1300, 110.0550) on Layer met3
violation type: Metal Spacing
	srcs: net:VDD net:net498
	bbox = (633.5500, 111.3300) - (635.1300, 111.4150) on Layer met3
violation type: Metal Spacing
	srcs: net:VDD net:data_out[34]
	bbox = (633.5500, 112.6900) - (635.1300, 112.7750) on Layer met3
violation type: Metal Spacing
	srcs: net:net102 net:VDD
	bbox = (633.5500, 115.4100) - (635.1300, 115.4950) on Layer met3
violation type: Metal Spacing
	srcs: net:VDD net:net490
	bbox = (633.5500, 127.6500) - (635.1300, 127.7350) on Layer met3
violation type: Metal Spacing
	srcs: net:net86 net:VDD
	bbox = (633.5500, 130.3700) - (635.1300, 130.4550) on Layer met3
violation type: Metal Spacing
	srcs: net:net109 net:VDD
	bbox = (633.5500, 138.5300) - (635.1300, 138.6150) on Layer met3
violation type: Metal Spacing
	srcs: net:net90 net:VSS
	bbox = (647.1200, 49.4500) - (648.7000, 49.5350) on Layer met3
violation type: Metal Spacing
	srcs: net:VSS net:net560
	bbox = (647.1200, 50.8100) - (648.7000, 50.8950) on Layer met3
violation type: Metal Spacing
	srcs: net:VSS net:wmask[5]
	bbox = (647.1200, 56.2500) - (648.7000, 56.3350) on Layer met3
violation type: Metal Spacing
	srcs: net:VSS net:net544
	bbox = (647.1200, 73.9300) - (648.7000, 74.0150) on Layer met3
violation type: Metal Spacing
	srcs: net:VSS net:data_out[30]
	bbox = (647.1200, 76.6500) - (648.7000, 76.7350) on Layer met3
violation type: Metal Spacing
	srcs: net:net91 net:VSS
	bbox = (647.1200, 94.3300) - (648.7000, 94.4150) on Layer met3
violation type: Metal Spacing
	srcs: net:net139 net:VSS
	bbox = (647.1200, 95.6900) - (648.7000, 95.7750) on Layer met3
violation type: Metal Spacing
	srcs: net:net110 net:VSS
	bbox = (647.1200, 98.4100) - (648.7000, 98.4950) on Layer met3
violation type: Metal Spacing
	srcs: net:VSS net:net494
	bbox = (647.1200, 103.8500) - (648.7000, 103.9350) on Layer met3
violation type: Metal Spacing
	srcs: net:VSS net:data_out[19]
	bbox = (647.1200, 106.5700) - (648.7000, 106.6550) on Layer met3
violation type: Metal Spacing
	srcs: net:net108 net:VSS
	bbox = (647.1200, 109.2900) - (648.7000, 109.3750) on Layer met3
violation type: Metal Spacing
	srcs: net:net102 net:VSS
	bbox = (647.1200, 114.7300) - (648.7000, 114.8150) on Layer met3
violation type: Metal Spacing
	srcs: net:VSS net:data_in[9]
	bbox = (647.1200, 120.1700) - (648.7000, 120.2550) on Layer met3
violation type: Metal Spacing
	srcs: net:net147 net:VSS
	bbox = (647.1200, 122.8900) - (648.7000, 122.9750) on Layer met3
violation type: Metal Spacing
	srcs: net:VSS net:data_out[36]
	bbox = (647.1200, 144.6500) - (648.7000, 144.7350) on Layer met3
violation type: Metal Spacing
	srcs: net:VSS net:data_out[28]
	bbox = (647.1200, 147.3700) - (648.7000, 147.4550) on Layer met3
violation type: Metal Spacing
	srcs: net:net128 net:VSS
	bbox = (647.1200, 152.8100) - (648.7000, 152.8950) on Layer met3
violation type: Metal Spacing
	srcs: net:VSS net:net547
	bbox = (647.1200, 154.1700) - (648.7000, 154.2550) on Layer met3
violation type: Metal Spacing
	srcs: net:VSS net:net540
	bbox = (647.1200, 162.3300) - (648.7000, 162.4150) on Layer met3
violation type: Metal Spacing
	srcs: net:VSS net:data_in[8]
	bbox = (647.1200, 170.4900) - (648.7000, 170.5750) on Layer met3
violation type: Metal Spacing
	srcs: net:VSS net:data_in[0]
	bbox = (647.1200, 171.8500) - (648.7000, 171.9350) on Layer met3
violation type: Metal Spacing
	srcs: net:net129 net:VSS
	bbox = (647.1200, 175.9300) - (648.7000, 176.0150) on Layer met3
violation type: Metal Spacing
	srcs: net:VSS net:net534
	bbox = (647.1200, 178.6500) - (648.7000, 178.7350) on Layer met3
violation type: Metal Spacing
	srcs: net:VSS net:data_in[28]
	bbox = (647.1200, 192.2500) - (648.7000, 192.3350) on Layer met3
violation type: Metal Spacing
	srcs: net:VDD net:net487
	bbox = (660.6900, 89.5700) - (662.2700, 89.6550) on Layer met3
violation type: Metal Spacing
	srcs: net:net145 net:VDD
	bbox = (660.6900, 92.2900) - (662.2700, 92.3750) on Layer met3
violation type: Metal Spacing
	srcs: net:net108 net:VDD
	bbox = (660.6900, 107.2500) - (662.2700, 107.3350) on Layer met3
violation type: Metal Spacing
	srcs: net:VDD net:net498
	bbox = (660.6900, 111.3300) - (662.2700, 111.4150) on Layer met3
violation type: Metal Spacing
	srcs: net:VDD net:data_out[34]
	bbox = (660.6900, 112.6900) - (662.2700, 112.7750) on Layer met3
violation type: Metal Spacing
	srcs: net:VDD net:net490
	bbox = (660.6900, 127.6500) - (662.2700, 127.7350) on Layer met3
violation type: Metal Spacing
	srcs: net:net86 net:VDD
	bbox = (660.6900, 130.3700) - (662.2700, 130.4550) on Layer met3
violation type: Metal Spacing
	srcs: net:net109 net:VDD
	bbox = (660.6900, 138.5300) - (662.2700, 138.6150) on Layer met3
violation type: Metal Spacing
	srcs: net:VDD net:net519
	bbox = (660.6900, 157.5700) - (662.2700, 157.6550) on Layer met3
violation type: Metal Spacing
	srcs: net:VDD net:data_out[52]
	bbox = (660.6900, 164.3700) - (662.2700, 164.4550) on Layer met3
violation type: Metal Spacing
	srcs: net:VDD net:data_in[3]
	bbox = (660.6900, 167.0900) - (662.2700, 167.1750) on Layer met3
violation type: Metal Spacing
	srcs: net:net128 net:VDD
	bbox = (660.6900, 177.9700) - (662.2700, 178.0550) on Layer met3
violation type: Metal Spacing
	srcs: net:net90 net:VSS
	bbox = (674.2600, 49.4500) - (675.8400, 49.5350) on Layer met3
violation type: Metal Spacing
	srcs: net:VSS net:net487
	bbox = (674.2600, 90.2500) - (675.8400, 90.3350) on Layer met3
violation type: Metal Spacing
	srcs: net:VSS net:data_in[32]
	bbox = (674.2600, 92.9700) - (675.8400, 93.0550) on Layer met3
violation type: Metal Spacing
	srcs: net:net139 net:VSS
	bbox = (674.2600, 95.6900) - (675.8400, 95.7750) on Layer met3
violation type: Metal Spacing
	srcs: net:net110 net:VSS
	bbox = (674.2600, 98.4100) - (675.8400, 98.4950) on Layer met3
violation type: Metal Spacing
	srcs: net:VSS net:net494
	bbox = (674.2600, 103.8500) - (675.8400, 103.9350) on Layer met3
violation type: Metal Spacing
	srcs: net:VSS net:data_out[19]
	bbox = (674.2600, 106.5700) - (675.8400, 106.6550) on Layer met3
violation type: Metal Spacing
	srcs: net:net102 net:VSS
	bbox = (674.2600, 114.7300) - (675.8400, 114.8150) on Layer met3
violation type: Metal Spacing
	srcs: net:net147 net:VSS
	bbox = (674.2600, 122.8900) - (675.8400, 122.9750) on Layer met3
violation type: Metal Spacing
	srcs: net:VSS net:data_in[12]
	bbox = (674.2600, 131.0500) - (675.8400, 131.1350) on Layer met3
violation type: Metal Spacing
	srcs: net:VSS net:data_in[44]
	bbox = (674.2600, 132.4100) - (675.8400, 132.4950) on Layer met3
violation type: Metal Spacing
	srcs: net:VSS net:data_in[36]
	bbox = (674.2600, 143.2900) - (675.8400, 143.3750) on Layer met3
violation type: Metal Spacing
	srcs: net:VSS net:data_out[28]
	bbox = (674.2600, 147.3700) - (675.8400, 147.4550) on Layer met3
violation type: Metal Spacing
	srcs: net:VSS net:net547
	bbox = (674.2600, 154.1700) - (675.8400, 154.2550) on Layer met3
violation type: Metal Spacing
	srcs: net:VSS net:net540
	bbox = (674.2600, 162.3300) - (675.8400, 162.4150) on Layer met3
violation type: Metal Spacing
	srcs: net:net145 net:VDD
	bbox = (687.8300, 92.2900) - (689.4100, 92.3750) on Layer met3
violation type: Metal Spacing
	srcs: net:net108 net:VDD
	bbox = (687.8300, 107.2500) - (689.4100, 107.3350) on Layer met3
violation type: Metal Spacing
	srcs: net:VDD net:net498
	bbox = (687.8300, 111.3300) - (689.4100, 111.4150) on Layer met3
violation type: Metal Spacing
	srcs: net:VDD net:net529
	bbox = (687.8300, 112.6900) - (689.4100, 112.7750) on Layer met3
violation type: Metal Spacing
	srcs: net:VDD net:net490
	bbox = (687.8300, 127.6500) - (689.4100, 127.7350) on Layer met3
violation type: Metal Spacing
	srcs: net:net86 net:VDD
	bbox = (687.8300, 130.3700) - (689.4100, 130.4550) on Layer met3
violation type: Metal Spacing
	srcs: net:VDD net:net519
	bbox = (687.8300, 157.5700) - (689.4100, 157.6550) on Layer met3
violation type: Metal Spacing
	srcs: net:net128 net:VDD
	bbox = (687.8300, 158.9300) - (689.4100, 159.0150) on Layer met3
violation type: Metal Spacing
	srcs: net:VDD net:data_out[52]
	bbox = (687.8300, 164.3700) - (689.4100, 164.4550) on Layer met3
violation type: Metal Spacing
	srcs: net:VDD net:net518
	bbox = (687.8300, 169.8100) - (689.4100, 169.8950) on Layer met3
violation type: Metal Spacing
	srcs: net:addr[3]
	bbox = (631.7300, 167.7100) - (631.9100, 168.4500) on Layer met4
violation type: Short
	srcs: net:VSS net:data_in[33]
	bbox = (430.0000, 45.7500) - (431.5800, 45.7850) on Layer met3
violation type: Short
	srcs: net:net90 net:VSS
	bbox = (430.0000, 56.6300) - (431.5800, 56.6650) on Layer met3
violation type: Short
	srcs: net:VDD net:data_out[30]
	bbox = (443.5700, 66.8300) - (445.1500, 66.8650) on Layer met3
violation type: Short
	srcs: net:VDD net:data_out[34]
	bbox = (443.5700, 126.6700) - (445.1500, 126.7050) on Layer met3
violation type: Short
	srcs: net:net86 net:VDD
	bbox = (443.7300, 131.4300) - (444.9100, 131.7300) on Layer met3
violation type: Short
	srcs: net:net108 net:net127
	bbox = (445.5900, 85.1900) - (445.8900, 85.4900) on Layer met3
violation type: Short
	srcs: net:VSS net:data_out[52]
	bbox = (511.4200, 157.2700) - (513.0000, 157.3050) on Layer met3
violation type: Short
	srcs: net:VSS net:net540
	bbox = (511.4200, 164.0700) - (513.0000, 164.1050) on Layer met3
violation type: Short
	srcs: net:net523 net:net540
	bbox = (513.6700, 164.7500) - (513.9700, 165.0500) on Layer met3
violation type: Short
	srcs: net:net115 net:VDD
	bbox = (524.9900, 68.1900) - (526.5700, 68.2250) on Layer met3
violation type: Short
	srcs: net:VDD net:net543
	bbox = (524.9900, 87.2300) - (526.5700, 87.2650) on Layer met3
violation type: Short
	srcs: net:VDD net:data_out[19]
	bbox = (524.9900, 89.9500) - (526.5700, 89.9850) on Layer met3
violation type: Short
	srcs: net:VDD net:data_out[30]
	bbox = (524.9900, 94.0300) - (526.5700, 94.0650) on Layer met3
violation type: Short
	srcs: net:VDD net:net487
	bbox = (524.9900, 95.3900) - (526.5700, 95.4250) on Layer met3
violation type: Short
	srcs: net:VDD net:addr[2]
	bbox = (524.9900, 100.8300) - (526.5700, 100.8650) on Layer met3
violation type: Short
	srcs: net:net139 net:VDD
	bbox = (524.9900, 104.9100) - (526.5700, 104.9450) on Layer met3
violation type: Short
	srcs: net:VDD net:data_in[42]
	bbox = (524.9900, 114.4300) - (526.5700, 114.4650) on Layer met3
violation type: Short
	srcs: net:VDD net:data_in[9]
	bbox = (524.9900, 118.5100) - (526.5700, 118.5450) on Layer met3
violation type: Short
	srcs: net:VDD net:net490
	bbox = (524.9900, 122.5900) - (526.5700, 122.6250) on Layer met3
violation type: Short
	srcs: net:net91 net:VSS
	bbox = (538.5600, 41.6700) - (540.1400, 41.7050) on Layer met3
violation type: Short
	srcs: net:VSS net:net530
	bbox = (538.5600, 62.0700) - (540.1400, 62.1050) on Layer met3
violation type: Short
	srcs: net:VSS net:net544
	bbox = (538.5600, 64.7900) - (540.1400, 64.8250) on Layer met3
violation type: Short
	srcs: net:net101 net:VSS
	bbox = (538.5600, 72.9500) - (540.1400, 72.9850) on Layer met3
violation type: Short
	srcs: net:net113 net:VSS
	bbox = (538.5600, 75.6700) - (540.1400, 75.7050) on Layer met3
violation type: Short
	srcs: net:VSS net:data_out[48]
	bbox = (538.5600, 78.3900) - (540.1400, 78.4250) on Layer met3
violation type: Short
	srcs: net:VSS net:data_in[1]
	bbox = (538.5600, 83.8300) - (540.1400, 83.8650) on Layer met3
violation type: Short
	srcs: net:VSS net:net520
	bbox = (538.5600, 96.0700) - (540.1400, 96.1050) on Layer met3
violation type: Short
	srcs: net:net110 net:VSS
	bbox = (538.5600, 98.7900) - (540.1400, 98.8250) on Layer met3
violation type: Short
	srcs: net:VSS net:net494
	bbox = (538.5600, 101.5100) - (540.1400, 101.5450) on Layer met3
violation type: Short
	srcs: net:VSS net:data_in[32]
	bbox = (538.5600, 102.8700) - (540.1400, 102.9050) on Layer met3
violation type: Short
	srcs: net:VSS net:data_out[34]
	bbox = (538.5600, 113.7500) - (540.1400, 113.7850) on Layer met3
violation type: Short
	srcs: net:net102 net:VSS
	bbox = (538.5600, 116.4700) - (540.1400, 116.5050) on Layer met3
violation type: Short
	srcs: net:VSS net:net490
	bbox = (538.5600, 121.9100) - (540.1400, 121.9450) on Layer met3
violation type: Short
	srcs: net:VSS net:data_in[12]
	bbox = (538.5600, 130.0700) - (540.1400, 130.1050) on Layer met3
violation type: Short
	srcs: net:VSS net:addr[4]
	bbox = (538.5600, 134.1500) - (540.1400, 134.1850) on Layer met3
violation type: Short
	srcs: net:net109 net:VSS
	bbox = (538.5600, 136.8700) - (540.1400, 136.9050) on Layer met3
violation type: Short
	srcs: net:VSS net:addr[2]
	bbox = (538.5600, 138.2300) - (540.1400, 138.2650) on Layer met3
violation type: Short
	srcs: net:VSS net:data_out[36]
	bbox = (538.5600, 142.3100) - (540.1400, 142.3450) on Layer met3
violation type: Short
	srcs: net:VSS net:net499
	bbox = (538.5600, 143.6700) - (540.1400, 143.7050) on Layer met3
violation type: Short
	srcs: net:VSS net:net526
	bbox = (538.5600, 146.3900) - (540.1400, 146.4250) on Layer met3
violation type: Short
	srcs: net:net98 net:VSS
	bbox = (538.7350, 94.7100) - (539.9150, 94.7450) on Layer met3
violation type: Short
	srcs: net:net147 net:VDD
	bbox = (552.1300, 103.5500) - (553.7100, 103.5850) on Layer met3
violation type: Short
	srcs: net:VDD net:net539
	bbox = (552.1300, 104.9100) - (553.7100, 104.9450) on Layer met3
violation type: Short
	srcs: net:VDD net:data_in[9]
	bbox = (552.1300, 119.8700) - (553.7100, 119.9050) on Layer met3
violation type: Short
	srcs: net:VDD net:net490
	bbox = (552.1300, 125.3100) - (553.7100, 125.3450) on Layer met3
violation type: Short
	srcs: net:net86 net:VDD
	bbox = (552.1300, 129.3900) - (553.7100, 129.4250) on Layer met3
violation type: Short
	srcs: net:VDD net:addr[4]
	bbox = (552.1300, 134.8300) - (553.7100, 134.8650) on Layer met3
violation type: Short
	srcs: net:VDD net:data_in[8]
	bbox = (552.1300, 151.1500) - (553.7100, 151.1850) on Layer met3
violation type: Short
	srcs: net:VDD net:net519
	bbox = (552.3100, 168.8300) - (552.6100, 168.8650) on Layer met3
violation type: Short
	srcs: net:VDD net:net519
	bbox = (552.3100, 168.8300) - (553.7100, 168.8650) on Layer met3
violation type: Short
	srcs: net:VDD net:net534
	bbox = (552.8200, 136.1900) - (553.6000, 136.2250) on Layer met3
violation type: Short
	srcs: net:net498 net:net539
	bbox = (554.1500, 104.9100) - (554.4500, 105.2100) on Layer met3
violation type: Short
	srcs: net:VSS net:net543
	bbox = (565.7000, 78.3900) - (567.2800, 78.4250) on Layer met3
violation type: Short
	srcs: net:VSS net:data_out[19]
	bbox = (565.7000, 87.9100) - (567.2800, 87.9450) on Layer met3
violation type: Short
	srcs: net:net139 net:VSS
	bbox = (565.7000, 89.2700) - (567.2800, 89.3050) on Layer met3
violation type: Short
	srcs: net:net110 net:VSS
	bbox = (565.7000, 98.7900) - (567.2800, 98.8250) on Layer met3
violation type: Short
	srcs: net:VSS net:net494
	bbox = (565.7000, 100.1500) - (567.2800, 100.1850) on Layer met3
violation type: Short
	srcs: net:VSS net:net498
	bbox = (565.7000, 104.2300) - (567.2800, 104.2650) on Layer met3
violation type: Short
	srcs: net:net145 net:VDD
	bbox = (579.2700, 89.9500) - (580.8500, 89.9850) on Layer met3
violation type: Short
	srcs: net:net139 net:VDD
	bbox = (579.2700, 96.7500) - (580.8500, 96.7850) on Layer met3
violation type: Short
	srcs: net:VDD net:net498
	bbox = (579.2700, 98.1100) - (580.8500, 98.1450) on Layer met3
violation type: Short
	srcs: net:VDD net:net494
	bbox = (579.2700, 103.5500) - (580.8500, 103.5850) on Layer met3
violation type: Short
	srcs: net:VDD net:data_out[19]
	bbox = (579.2700, 106.2700) - (580.8500, 106.3050) on Layer met3
violation type: Short
	srcs: net:net102 net:VDD
	bbox = (579.2700, 108.9900) - (580.8500, 109.0250) on Layer met3
violation type: Short
	srcs: net:VDD net:net529
	bbox = (579.2700, 110.3500) - (580.8500, 110.3850) on Layer met3
violation type: Short
	srcs: net:VDD net:data_out[34]
	bbox = (579.2700, 113.0700) - (580.8500, 113.1050) on Layer met3
violation type: Short
	srcs: net:VDD net:data_in[42]
	bbox = (579.2700, 117.1500) - (580.8500, 117.1850) on Layer met3
violation type: Short
	srcs: net:VDD net:data_in[9]
	bbox = (579.9900, 119.8700) - (580.7700, 119.9050) on Layer met3
violation type: Short
	srcs: net:net147 net:VDD
	bbox = (579.9900, 121.2300) - (580.7700, 121.2650) on Layer met3
violation type: Short
	srcs: net:VDD net:net539
	bbox = (579.9900, 122.5900) - (580.7700, 122.6250) on Layer met3
violation type: Short
	srcs: net:VDD net:data_in[44]
	bbox = (579.9900, 132.1100) - (580.7700, 132.1450) on Layer met3
violation type: Short
	srcs: net:VDD net:data_out[36]
	bbox = (579.9900, 144.3500) - (580.7700, 144.3850) on Layer met3
violation type: Short
	srcs: net:VSS net:net487
	bbox = (592.8400, 90.6300) - (594.4200, 90.6650) on Layer met3
violation type: Short
	srcs: net:VSS net:data_out[30]
	bbox = (592.8400, 91.9900) - (594.4200, 92.0250) on Layer met3
violation type: Short
	srcs: net:net145 net:VSS
	bbox = (592.8400, 93.3500) - (594.4200, 93.3850) on Layer met3
violation type: Short
	srcs: net:net139 net:VSS
	bbox = (592.8400, 98.7900) - (594.4200, 98.8250) on Layer met3
violation type: Short
	srcs: net:VSS net:data_out[19]
	bbox = (592.8400, 106.9500) - (594.4200, 106.9850) on Layer met3
violation type: Short
	srcs: net:VSS net:net494
	bbox = (592.8400, 108.3100) - (594.4200, 108.3450) on Layer met3
violation type: Short
	srcs: net:VSS net:net529
	bbox = (592.8400, 112.3900) - (594.4200, 112.4250) on Layer met3
violation type: Short
	srcs: net:net102 net:VSS
	bbox = (592.8400, 113.7500) - (594.4200, 113.7850) on Layer met3
violation type: Short
	srcs: net:VSS net:data_out[34]
	bbox = (592.8400, 115.1100) - (594.4200, 115.1450) on Layer met3
violation type: Short
	srcs: net:VSS net:net539
	bbox = (592.8400, 117.8300) - (594.4200, 117.8650) on Layer met3
violation type: Short
	srcs: net:VSS net:data_in[9]
	bbox = (592.8400, 121.9100) - (594.4200, 121.9450) on Layer met3
violation type: Short
	srcs: net:net147 net:VSS
	bbox = (592.8400, 123.2700) - (594.4200, 123.3050) on Layer met3
violation type: Short
	srcs: net:VSS net:data_out[36]
	bbox = (592.8400, 145.0300) - (594.4200, 145.0650) on Layer met3
violation type: Short
	srcs: net:net91 net:VDD
	bbox = (606.4100, 46.4300) - (607.9900, 46.4650) on Layer met3
violation type: Short
	srcs: net:VDD net:wmask[5]
	bbox = (606.4100, 57.3100) - (607.9900, 57.3450) on Layer met3
violation type: Short
	srcs: net:VDD net:net487
	bbox = (606.4100, 87.2300) - (607.9900, 87.2650) on Layer met3
violation type: Short
	srcs: net:VDD net:net543
	bbox = (606.4100, 88.5900) - (607.9900, 88.6250) on Layer met3
violation type: Short
	srcs: net:net110 net:VDD
	bbox = (606.4100, 98.1100) - (607.9900, 98.1450) on Layer met3
violation type: Short
	srcs: net:VDD net:net494
	bbox = (606.4100, 108.9900) - (607.9900, 109.0250) on Layer met3
violation type: Short
	srcs: net:net108 net:VDD
	bbox = (606.4100, 110.3500) - (607.9900, 110.3850) on Layer met3
violation type: Short
	srcs: net:net86 net:VDD
	bbox = (606.4100, 129.3900) - (607.9900, 129.4250) on Layer met3
violation type: Short
	srcs: net:VDD net:data_out[52]
	bbox = (606.4100, 157.9500) - (607.9900, 157.9850) on Layer met3
violation type: Short
	srcs: net:net101 net:VSS
	bbox = (619.9800, 44.3900) - (621.5600, 44.4250) on Layer met3
violation type: Short
	srcs: net:VSS net:net560
	bbox = (619.9800, 49.8300) - (621.5600, 49.8650) on Layer met3
violation type: Short
	srcs: net:net90 net:VSS
	bbox = (619.9800, 59.3500) - (621.5600, 59.3850) on Layer met3
violation type: Short
	srcs: net:VSS net:net530
	bbox = (619.9800, 67.5100) - (621.5600, 67.5450) on Layer met3
violation type: Short
	srcs: net:VSS net:net544
	bbox = (619.9800, 72.9500) - (621.5600, 72.9850) on Layer met3
violation type: Short
	srcs: net:VSS net:data_out[30]
	bbox = (619.9800, 75.6700) - (621.5600, 75.7050) on Layer met3
violation type: Short
	srcs: net:VSS net:net539
	bbox = (619.9800, 86.5500) - (621.5600, 86.5850) on Layer met3
violation type: Short
	srcs: net:VSS net:net543
	bbox = (619.9800, 89.2700) - (621.5600, 89.3050) on Layer met3
violation type: Short
	srcs: net:VSS net:net487
	bbox = (619.9800, 91.9900) - (621.5600, 92.0250) on Layer met3
violation type: Short
	srcs: net:net145 net:VSS
	bbox = (619.9800, 93.3500) - (621.5600, 93.3850) on Layer met3
violation type: Short
	srcs: net:VSS net:data_out[19]
	bbox = (619.9800, 106.9500) - (621.5600, 106.9850) on Layer met3
violation type: Short
	srcs: net:net102 net:VSS
	bbox = (619.9800, 113.7500) - (621.5600, 113.7850) on Layer met3
violation type: Short
	srcs: net:VSS net:data_out[34]
	bbox = (619.9800, 115.1100) - (621.5600, 115.1450) on Layer met3
violation type: Short
	srcs: net:VSS net:data_in[44]
	bbox = (619.9800, 116.4700) - (621.5600, 116.5050) on Layer met3
violation type: Short
	srcs: net:VSS net:data_out[36]
	bbox = (619.9800, 145.0300) - (621.5600, 145.0650) on Layer met3
violation type: Short
	srcs: net:net128 net:VSS
	bbox = (619.9800, 151.8300) - (621.5600, 151.8650) on Layer met3
violation type: Short
	srcs: net:VSS net:data_in[36]
	bbox = (619.9800, 168.1500) - (621.5600, 168.1850) on Layer met3
violation type: Short
	srcs: net:VSS net:net518
	bbox = (620.2050, 177.6700) - (621.3850, 177.7050) on Layer met3
violation type: Short
	srcs: net:VSS net:net523
	bbox = (620.2050, 184.4700) - (621.3850, 184.5050) on Layer met3
violation type: Short
	srcs: net:VSS net:net499
	bbox = (620.2050, 187.1900) - (621.3850, 187.2250) on Layer met3
violation type: Short
	srcs: net:VSS net:data_in[28]
	bbox = (620.2050, 199.4300) - (621.3850, 199.4650) on Layer met3
violation type: Short
	srcs: net:VSS net:net534
	bbox = (620.2050, 204.8700) - (621.3850, 204.9050) on Layer met3
violation type: Short
	srcs: net:net518 net:net519
	bbox = (622.2300, 171.5500) - (622.5300, 171.8500) on Layer met3
violation type: Short
	srcs: net:net518 net:net519
	bbox = (623.1500, 170.8700) - (623.4500, 171.1700) on Layer met3
violation type: Short
	srcs: net:net85 net:wmask[2]
	bbox = (624.7600, 21.9500) - (625.0600, 22.2500) on Layer met3
violation type: Short
	srcs: net:net85 net:wmask[2]
	bbox = (630.5100, 22.6300) - (630.8100, 22.9300) on Layer met3
violation type: Short
	srcs: net:net90 net:VDD
	bbox = (633.5500, 49.1500) - (635.1300, 49.1850) on Layer met3
violation type: Short
	srcs: net:VDD net:net560
	bbox = (633.5500, 50.5100) - (635.1300, 50.5450) on Layer met3
violation type: Short
	srcs: net:VDD net:wmask[5]
	bbox = (633.5500, 55.9500) - (635.1300, 55.9850) on Layer met3
violation type: Short
	srcs: net:net115 net:VDD
	bbox = (633.5500, 68.1900) - (635.1300, 68.2250) on Layer met3
violation type: Short
	srcs: net:net124 net:VDD
	bbox = (633.5500, 72.2700) - (635.1300, 72.3050) on Layer met3
violation type: Short
	srcs: net:VDD net:net544
	bbox = (633.5500, 73.6300) - (635.1300, 73.6650) on Layer met3
violation type: Short
	srcs: net:VDD net:data_out[30]
	bbox = (633.5500, 76.3500) - (635.1300, 76.3850) on Layer met3
violation type: Short
	srcs: net:net91 net:VDD
	bbox = (633.5500, 94.0300) - (635.1300, 94.0650) on Layer met3
violation type: Short
	srcs: net:net139 net:VDD
	bbox = (633.5500, 95.3900) - (635.1300, 95.4250) on Layer met3
violation type: Short
	srcs: net:net110 net:VDD
	bbox = (633.5500, 98.1100) - (635.1300, 98.1450) on Layer met3
violation type: Short
	srcs: net:VDD net:data_out[19]
	bbox = (633.5500, 106.2700) - (635.1300, 106.3050) on Layer met3
violation type: Short
	srcs: net:net108 net:VDD
	bbox = (633.5500, 108.9900) - (635.1300, 109.0250) on Layer met3
violation type: Short
	srcs: net:VDD net:net529
	bbox = (633.5500, 111.7100) - (635.1300, 111.7450) on Layer met3
violation type: Short
	srcs: net:VDD net:data_in[9]
	bbox = (633.5500, 119.8700) - (635.1300, 119.9050) on Layer met3
violation type: Short
	srcs: net:net147 net:VDD
	bbox = (633.5500, 122.5900) - (635.1300, 122.6250) on Layer met3
violation type: Short
	srcs: net:VDD net:data_out[28]
	bbox = (633.5500, 147.0700) - (635.1300, 147.1050) on Layer met3
violation type: Short
	srcs: net:net128 net:VDD
	bbox = (633.5500, 152.5100) - (635.1300, 152.5450) on Layer met3
violation type: Short
	srcs: net:VSS net:net543
	bbox = (647.1200, 62.0700) - (648.7000, 62.1050) on Layer met3
violation type: Short
	srcs: net:net145 net:VSS
	bbox = (647.1200, 91.9900) - (648.7000, 92.0250) on Layer met3
violation type: Short
	srcs: net:VSS net:net487
	bbox = (647.1200, 101.5100) - (648.7000, 101.5450) on Layer met3
violation type: Short
	srcs: net:VSS net:data_in[1]
	bbox = (647.1200, 109.6700) - (648.7000, 109.7050) on Layer met3
violation type: Short
	srcs: net:VSS net:net498
	bbox = (647.1200, 111.0300) - (648.7000, 111.0650) on Layer met3
violation type: Short
	srcs: net:VSS net:data_out[34]
	bbox = (647.1200, 112.3900) - (648.7000, 112.4250) on Layer met3
violation type: Short
	srcs: net:VSS net:net490
	bbox = (647.1200, 127.3500) - (648.7000, 127.3850) on Layer met3
violation type: Short
	srcs: net:net86 net:VSS
	bbox = (647.1200, 130.0700) - (648.7000, 130.1050) on Layer met3
violation type: Short
	srcs: net:net109 net:VSS
	bbox = (647.1200, 138.2300) - (648.7000, 138.2650) on Layer met3
violation type: Short
	srcs: net:VSS net:data_in[3]
	bbox = (647.1200, 166.7900) - (648.7000, 166.8250) on Layer met3
violation type: Short
	srcs: net:VSS net:net518
	bbox = (647.1200, 168.1500) - (648.7000, 168.1850) on Layer met3
violation type: Short
	srcs: net:VSS net:data_in[20]
	bbox = (647.1200, 177.6700) - (648.7000, 177.7050) on Layer met3
violation type: Short
	srcs: net:VSS net:net523
	bbox = (647.1200, 187.1900) - (648.7000, 187.2250) on Layer met3
violation type: Short
	srcs: net:VSS net:net526
	bbox = (647.1200, 211.6700) - (648.7000, 211.7050) on Layer met3
violation type: Short
	srcs: net:VDD net:data_in[1]
	bbox = (660.6900, 89.9500) - (662.2700, 89.9850) on Layer met3
violation type: Short
	srcs: net:VDD net:data_in[32]
	bbox = (660.6900, 92.6700) - (662.2700, 92.7050) on Layer met3
violation type: Short
	srcs: net:net139 net:VDD
	bbox = (660.6900, 95.3900) - (662.2700, 95.4250) on Layer met3
violation type: Short
	srcs: net:net110 net:VDD
	bbox = (660.6900, 98.1100) - (662.2700, 98.1450) on Layer met3
violation type: Short
	srcs: net:VDD net:net494
	bbox = (660.6900, 103.5500) - (662.2700, 103.5850) on Layer met3
violation type: Short
	srcs: net:VDD net:data_out[19]
	bbox = (660.6900, 106.2700) - (662.2700, 106.3050) on Layer met3
violation type: Short
	srcs: net:net102 net:VDD
	bbox = (660.6900, 114.4300) - (662.2700, 114.4650) on Layer met3
violation type: Short
	srcs: net:VDD net:data_in[9]
	bbox = (660.6900, 119.8700) - (662.2700, 119.9050) on Layer met3
violation type: Short
	srcs: net:net147 net:VDD
	bbox = (660.6900, 122.5900) - (662.2700, 122.6250) on Layer met3
violation type: Short
	srcs: net:VDD net:data_out[28]
	bbox = (660.6900, 147.0700) - (662.2700, 147.1050) on Layer met3
violation type: Short
	srcs: net:VDD net:net547
	bbox = (660.6900, 153.8700) - (662.2700, 153.9050) on Layer met3
violation type: Short
	srcs: net:VDD net:net540
	bbox = (660.6900, 162.0300) - (662.2700, 162.0650) on Layer met3
violation type: Short
	srcs: net:VDD net:net534
	bbox = (660.6900, 176.9900) - (662.2700, 177.0250) on Layer met3
violation type: Short
	srcs: net:VSS net:data_in[33]
	bbox = (674.2600, 47.1100) - (675.8400, 47.1450) on Layer met3
violation type: Short
	srcs: net:net145 net:VSS
	bbox = (674.2600, 91.9900) - (675.8400, 92.0250) on Layer met3
violation type: Short
	srcs: net:net108 net:VSS
	bbox = (674.2600, 106.9500) - (675.8400, 106.9850) on Layer met3
violation type: Short
	srcs: net:VSS net:net498
	bbox = (674.2600, 111.0300) - (675.8400, 111.0650) on Layer met3
violation type: Short
	srcs: net:VSS net:data_out[34]
	bbox = (674.2600, 112.3900) - (675.8400, 112.4250) on Layer met3
violation type: Short
	srcs: net:VSS net:net490
	bbox = (674.2600, 127.3500) - (675.8400, 127.3850) on Layer met3
violation type: Short
	srcs: net:net86 net:VSS
	bbox = (674.2600, 130.0700) - (675.8400, 130.1050) on Layer met3
violation type: Short
	srcs: net:net109 net:VSS
	bbox = (674.2600, 138.2300) - (675.8400, 138.2650) on Layer met3
violation type: Short
	srcs: net:VSS net:data_out[36]
	bbox = (674.2600, 145.0300) - (675.8400, 145.0500) on Layer met3
violation type: Short
	srcs: net:VSS net:data_out[36]
	bbox = (674.2600, 145.0300) - (675.8400, 145.0650) on Layer met3
violation type: Short
	srcs: net:VSS net:net519
	bbox = (674.2600, 157.2700) - (675.8400, 157.3050) on Layer met3
violation type: Short
	srcs: net:VSS net:data_out[52]
	bbox = (674.2600, 164.0700) - (675.8400, 164.1050) on Layer met3
violation type: Short
	srcs: net:net129 net:VSS
	bbox = (674.2600, 169.5100) - (675.8400, 169.5450) on Layer met3
violation type: Short
	srcs: net:net116 net:VSS
	bbox = (674.2600, 195.3500) - (675.8400, 195.3850) on Layer met3
violation type: Short
	srcs: net:net129 net:VSS
	bbox = (675.5900, 169.5100) - (675.8400, 169.5450) on Layer met3
violation type: Short
	srcs: net:net90 net:VDD
	bbox = (687.8300, 49.1500) - (689.4100, 49.1850) on Layer met3
violation type: Short
	srcs: net:VDD net:net487
	bbox = (687.8300, 89.9500) - (689.4100, 89.9850) on Layer met3
violation type: Short
	srcs: net:VDD net:data_in[32]
	bbox = (687.8300, 92.6700) - (689.4100, 92.7050) on Layer met3
violation type: Short
	srcs: net:net139 net:VDD
	bbox = (687.8300, 95.3900) - (689.4100, 95.4250) on Layer met3
violation type: Short
	srcs: net:VDD net:net494
	bbox = (687.8300, 99.4700) - (689.4100, 99.5050) on Layer met3
violation type: Short
	srcs: net:VDD net:data_out[19]
	bbox = (687.8300, 106.2700) - (689.4100, 106.3050) on Layer met3
violation type: Short
	srcs: net:net102 net:VDD
	bbox = (687.8300, 114.4300) - (689.4100, 114.4650) on Layer met3
violation type: Short
	srcs: net:net147 net:VDD
	bbox = (687.8300, 122.5900) - (689.4100, 122.6250) on Layer met3
violation type: Short
	srcs: net:VDD net:data_in[12]
	bbox = (687.8300, 130.7500) - (689.4100, 130.7850) on Layer met3
violation type: Short
	srcs: net:VDD net:data_in[44]
	bbox = (687.8300, 132.1100) - (689.4100, 132.1450) on Layer met3
violation type: Short
	srcs: net:net98 net:VDD
	bbox = (687.8300, 134.8300) - (689.4100, 134.8650) on Layer met3
violation type: Short
	srcs: net:VDD net:data_in[36]
	bbox = (687.8300, 142.9900) - (689.4100, 143.0250) on Layer met3
violation type: Short
	srcs: net:VDD net:data_out[28]
	bbox = (687.8300, 147.0700) - (689.4100, 147.1050) on Layer met3
violation type: Short
	srcs: net:VDD net:net547
	bbox = (687.8300, 153.8700) - (689.4100, 153.9050) on Layer met3
violation type: Short
	srcs: net:VDD net:net540
	bbox = (687.8300, 162.0300) - (689.4100, 162.0650) on Layer met3
violation type: Short
	srcs: net:net129 net:VDD
	bbox = (687.8300, 170.1900) - (689.4100, 170.2250) on Layer met3
violation type: Short
	srcs: net:VDD net:data_in[8]
	bbox = (687.8300, 171.5500) - (689.4100, 171.5850) on Layer met3
violation type: Short
	srcs: net:VDD net:data_in[20]
	bbox = (687.8300, 172.9100) - (689.4100, 172.9450) on Layer met3
violation type: Short
	srcs: net:VDD net:net534
	bbox = (687.8300, 176.9900) - (689.4100, 177.0250) on Layer met3
violation type: Short
	srcs: net:VDD net:net526
	bbox = (687.8300, 178.3500) - (689.4100, 178.3850) on Layer met3
