violation type: Horizontal congestion
	srcs: net:addr[4] net:addr[6] net:ce net:data_in[10] net:data_in[14]
	comment: capacity:1 usage:5 congestion:4
	bbox = (552.0000, 269.1000) - (558.9000, 276.0000) on Layer -
violation type: Horizontal congestion
	srcs: net:net100 net:net146 net:net551
	comment: capacity:1 usage:3 congestion:2
	bbox = (510.6000, 220.8000) - (517.5000, 227.7000) on Layer -
violation type: Horizontal congestion
	srcs: net:addr[5] net:data_in[22] net:data_in[25] net:data_in[4] net:data_out[10]
	comment: capacity:1 usage:5 congestion:4
	bbox = (552.0000, 276.0000) - (558.9000, 282.9000) on Layer -
violation type: Horizontal congestion
	srcs: net:data_out[6] net:data_out[9]
	comment: capacity:1 usage:2 congestion:1
	bbox = (552.0000, 179.4000) - (558.9000, 186.3000) on Layer -
violation type: Horizontal congestion
	srcs: net:addr[0] net:data_in[17] net:data_in[29] net:data_out[12] net:data_out[39]
	comment: capacity:4 usage:5 congestion:1
	bbox = (655.5000, 282.9000) - (662.4000, 289.8000) on Layer -
violation type: Horizontal congestion
	srcs: net:data_in[27] net:data_in[39] net:data_out[15] net:data_out[21]
	comment: capacity:1 usage:4 congestion:3
	bbox = (552.0000, 241.5000) - (558.9000, 248.4000) on Layer -
violation type: Horizontal congestion
	srcs: net:net103 net:net114 net:net524
	comment: capacity:1 usage:3 congestion:2
	bbox = (510.6000, 227.7000) - (517.5000, 234.6000) on Layer -
violation type: Horizontal congestion
	srcs: net:addr[5] net:data_in[22] net:data_in[25] net:data_in[4] net:data_out[10]
	comment: capacity:4 usage:5 congestion:1
	bbox = (655.5000, 276.0000) - (662.4000, 282.9000) on Layer -
violation type: Horizontal congestion
	srcs: net:data_in[15] net:data_in[40] net:net534 net:net525
	comment: capacity:1 usage:4 congestion:3
	bbox = (510.6000, 234.6000) - (517.5000, 241.5000) on Layer -
violation type: Horizontal congestion
	srcs: net:data_in[30] net:data_out[38] net:data_out[18] net:data_out[22]
	comment: capacity:1 usage:4 congestion:3
	bbox = (552.0000, 248.4000) - (558.9000, 255.3000) on Layer -
violation type: Horizontal congestion
	srcs: net:net129 net:net512 net:net519 net:data_out[13]
	comment: capacity:1 usage:4 congestion:3
	bbox = (510.6000, 213.9000) - (517.5000, 220.8000) on Layer -
violation type: Horizontal congestion
	srcs: net:addr[5] net:data_in[22] net:data_in[25] net:data_in[4] net:data_out[10]
	comment: capacity:4 usage:5 congestion:1
	bbox = (683.1000, 276.0000) - (690.0000, 282.9000) on Layer -
violation type: Horizontal congestion
	srcs: net:addr[4] net:addr[6] net:data_in[10] net:data_in[14]
	comment: capacity:1 usage:4 congestion:3
	bbox = (510.6000, 269.1000) - (517.5000, 276.0000) on Layer -
violation type: Horizontal congestion
	srcs: net:data_out[6] net:data_out[9]
	comment: capacity:1 usage:2 congestion:1
	bbox = (510.6000, 179.4000) - (517.5000, 186.3000) on Layer -
violation type: Horizontal congestion
	srcs: net:net96 net:data_in[26] net:net543
	comment: capacity:1 usage:3 congestion:2
	bbox = (510.6000, 193.2000) - (517.5000, 200.1000) on Layer -
violation type: Horizontal congestion
	srcs: net:addr[0] net:data_in[17] net:data_in[29] net:data_out[12] net:data_out[39]
	comment: capacity:1 usage:5 congestion:4
	bbox = (510.6000, 282.9000) - (517.5000, 289.8000) on Layer -
violation type: Horizontal congestion
	srcs: net:net112 net:data_in[23] net:data_in[44] net:data_in[7]
	comment: capacity:1 usage:4 congestion:3
	bbox = (510.6000, 200.1000) - (517.5000, 207.0000) on Layer -
violation type: Horizontal congestion
	srcs: net:data_in[24] net:data_in[33] net:data_out[16]
	comment: capacity:1 usage:3 congestion:2
	bbox = (510.6000, 289.8000) - (517.5000, 296.7000) on Layer -
violation type: Horizontal congestion
	srcs: net:addr[0] net:data_in[17] net:data_in[29] net:data_out[12] net:data_out[39]
	comment: capacity:1 usage:5 congestion:4
	bbox = (552.0000, 282.9000) - (558.9000, 289.8000) on Layer -
violation type: Horizontal congestion
	srcs: net:data_in[37] net:data_out[17] net:net532 net:net490
	comment: capacity:1 usage:4 congestion:3
	bbox = (552.0000, 255.3000) - (558.9000, 262.2000) on Layer -
violation type: Horizontal congestion
	srcs: net:net96 net:data_in[26] net:net543
	comment: capacity:1 usage:3 congestion:2
	bbox = (552.0000, 193.2000) - (558.9000, 200.1000) on Layer -
violation type: Horizontal congestion
	srcs: net:net129 net:data_out[11] net:net512 net:data_out[13]
	comment: capacity:1 usage:4 congestion:3
	bbox = (552.0000, 213.9000) - (558.9000, 220.8000) on Layer -
violation type: Horizontal congestion
	srcs: net:data_in[18] net:net536 net:net550 net:net541 net:net531
	comment: capacity:4 usage:5 congestion:1
	bbox = (552.0000, 296.7000) - (558.9000, 303.6000) on Layer -
violation type: Horizontal congestion
	srcs: net:net100 net:net146 net:net551
	comment: capacity:1 usage:3 congestion:2
	bbox = (552.0000, 220.8000) - (558.9000, 227.7000) on Layer -
violation type: Horizontal congestion
	srcs: net:net112 net:data_in[23] net:data_in[44] net:data_in[7]
	comment: capacity:1 usage:4 congestion:3
	bbox = (552.0000, 200.1000) - (558.9000, 207.0000) on Layer -
violation type: Horizontal congestion
	srcs: net:data_in[24] net:data_in[33] net:data_out[16]
	comment: capacity:1 usage:3 congestion:2
	bbox = (552.0000, 289.8000) - (558.9000, 296.7000) on Layer -
violation type: Horizontal congestion
	srcs: net:net105 net:data_out[4]
	comment: capacity:1 usage:2 congestion:1
	bbox = (441.6000, 89.7000) - (448.5000, 96.6000) on Layer -
violation type: Horizontal congestion
	srcs: net:net108 net:data_in[12] net:data_out[11] net:net489 net:net530
	comment: capacity:4 usage:5 congestion:1
	bbox = (427.8000, 62.1000) - (434.7000, 69.0000) on Layer -
violation type: Horizontal congestion
	srcs: net:data_in[37] net:data_out[17] net:net532 net:net490
	comment: capacity:1 usage:4 congestion:3
	bbox = (510.6000, 255.3000) - (517.5000, 262.2000) on Layer -
violation type: Horizontal congestion
	srcs: net:addr[5] net:data_in[22] net:data_in[25] net:data_in[4] net:data_out[10]
	comment: capacity:1 usage:5 congestion:4
	bbox = (510.6000, 276.0000) - (517.5000, 282.9000) on Layer -
violation type: Horizontal congestion
	srcs: net:net128 net:data_out[34]
	comment: capacity:1 usage:2 congestion:1
	bbox = (441.6000, 110.4000) - (448.5000, 117.3000) on Layer -
violation type: Horizontal congestion
	srcs: net:net94 net:net97 net:net537
	comment: capacity:1 usage:3 congestion:2
	bbox = (510.6000, 262.2000) - (517.5000, 269.1000) on Layer -
violation type: Horizontal congestion
	srcs: net:data_in[2] net:data_out[19] net:data_out[45] net:data_out[14]
	comment: capacity:1 usage:4 congestion:3
	bbox = (510.6000, 207.0000) - (517.5000, 213.9000) on Layer -
violation type: Horizontal congestion
	srcs: net:data_in[2] net:data_out[19] net:data_out[45] net:data_out[14]
	comment: capacity:1 usage:4 congestion:3
	bbox = (552.0000, 207.0000) - (558.9000, 213.9000) on Layer -
violation type: Horizontal congestion
	srcs: net:data_in[27] net:data_in[39] net:data_out[15] net:data_out[21]
	comment: capacity:1 usage:4 congestion:3
	bbox = (510.6000, 241.5000) - (517.5000, 248.4000) on Layer -
violation type: Horizontal congestion
	srcs: net:net109 net:data_out[2] net:net494
	comment: capacity:1 usage:3 congestion:2
	bbox = (441.6000, 96.6000) - (448.5000, 103.5000) on Layer -
violation type: Horizontal congestion
	srcs: net:net145 net:net492
	comment: capacity:1 usage:2 congestion:1
	bbox = (441.6000, 103.5000) - (448.5000, 110.4000) on Layer -
violation type: Horizontal congestion
	srcs: net:net104 net:net119 net:net147 net:net505
	comment: capacity:3 usage:4 congestion:1
	bbox = (441.6000, 117.3000) - (448.5000, 124.2000) on Layer -
violation type: Horizontal congestion
	srcs: net:addr[0] net:data_in[17] net:data_in[29] net:data_out[12] net:data_out[39]
	comment: capacity:4 usage:5 congestion:1
	bbox = (683.1000, 282.9000) - (690.0000, 289.8000) on Layer -
violation type: Horizontal congestion
	srcs: net:net108 net:net117 net:data_in[12] net:net489 net:net530
	comment: capacity:4 usage:5 congestion:1
	bbox = (455.4000, 62.1000) - (462.3000, 69.0000) on Layer -
violation type: Horizontal congestion
	srcs: net:data_in[18] net:net536 net:net550 net:net541 net:net531
	comment: capacity:4 usage:5 congestion:1
	bbox = (510.6000, 296.7000) - (517.5000, 303.6000) on Layer -
violation type: Horizontal congestion
	srcs: net:net111 net:data_out[23] net:net499 net:net519 net:data_out[20] net:data_out[28]
	comment: capacity:5 usage:6 congestion:1
	bbox = (552.0000, 144.9000) - (558.9000, 151.8000) on Layer -
violation type: Horizontal congestion
	srcs: net:data_in[11] net:data_in[15] net:data_in[40] net:net534 net:net525
	comment: capacity:1 usage:5 congestion:4
	bbox = (552.0000, 234.6000) - (558.9000, 241.5000) on Layer -
violation type: Horizontal congestion
	srcs: net:net103 net:net114 net:net524
	comment: capacity:1 usage:3 congestion:2
	bbox = (552.0000, 227.7000) - (558.9000, 234.6000) on Layer -
violation type: Horizontal congestion
	srcs: net:net131 net:data_in[38]
	comment: capacity:1 usage:2 congestion:1
	bbox = (510.6000, 186.3000) - (517.5000, 193.2000) on Layer -
violation type: Horizontal congestion
	srcs: net:net107 net:net113 net:addr[7] net:we net:wmask[1] net:wmask[3] net:data_out[27] net:data_out[32] net:data_out[33] net:data_out[3] net:data_out[49] net:data_out[50] net:data_out[5] net:data_out[8] net:net501 net:data_out[42] net:data_out[40] net:data_out[37] net:data_out[35] net:net527 net:net491 net:data_out[25] net:data_out[24] net:data_out[31] net:data_out[29] net:data_out[26]
	comment: capacity:25 usage:26 congestion:1
	bbox = (614.1000, 0.0000) - (621.0000, 6.9000) on Layer -
violation type: Horizontal congestion
	srcs: net:net94 net:net97 net:net537
	comment: capacity:1 usage:3 congestion:2
	bbox = (552.0000, 262.2000) - (558.9000, 269.1000) on Layer -
violation type: Horizontal congestion
	srcs: net:data_in[30] net:data_out[38] net:data_out[18] net:data_out[22]
	comment: capacity:1 usage:4 congestion:3
	bbox = (510.6000, 248.4000) - (517.5000, 255.3000) on Layer -
