Net: net58
  Pin:   u_data/din[53] (sram22_256x64m4w8)
    Layer: met1
      Partial area ratio:   98.33
      Required ratio:    0.00 (Gate area) 
      Cumulative area ratio:   98.33
      Required ratio:    0.00 (Cumulative area) 
      Partial area ratio:  491.56
      Required ratio:  400.00 (Side area) (VIOLATED)
      Cumulative area ratio:  491.56
      Required ratio:    0.00 (Cumulative side area) 

    Layer: via
      Partial area ratio:    0.18
      Required ratio:    6.00 (Gate area) 
      Cumulative area ratio:    0.18
      Required ratio:    0.00 (Cumulative area) 

    Layer: met2
      Partial area ratio:   16.96
      Required ratio:    0.00 (Gate area) 
      Cumulative area ratio:  115.29
      Required ratio:    0.00 (Cumulative area) 
      Partial area ratio:   83.78
      Required ratio: 2801.64 (Side area) 
      Cumulative area ratio:  575.33
      Required ratio:    0.00 (Cumulative side area) 


Net: net132
  Pin:   output132/A (sky130_fd_sc_hd__clkdlybuf4s50_1)
    Layer: mcon
      Partial area ratio:    0.14
      Required ratio:    3.00 (Gate area) 
      Cumulative area ratio:    0.14
      Required ratio:    0.00 (Cumulative area) 

    Layer: met1
      Partial area ratio:  123.28
      Required ratio:    0.00 (Gate area) 
      Cumulative area ratio:  123.28
      Required ratio:    0.00 (Cumulative area) 
      Partial area ratio:  615.53
      Required ratio:  400.00 (Side area) (VIOLATED)
      Cumulative area ratio:  615.53
      Required ratio:    0.00 (Cumulative side area) 

    Layer: via
      Partial area ratio:    0.21
      Required ratio:    6.00 (Gate area) 
      Cumulative area ratio:    0.35
      Required ratio:    0.00 (Cumulative area) 

    Layer: met2
      Partial area ratio:    5.50
      Required ratio:    0.00 (Gate area) 
      Cumulative area ratio:  128.78
      Required ratio:    0.00 (Cumulative area) 
      Partial area ratio:   26.88
      Required ratio: 2779.20 (Side area) 
      Cumulative area ratio:  642.41
      Required ratio:    0.00 (Cumulative side area) 


Net: data_in[53]
  Pin:   input58/A (sky130_fd_sc_hd__clkdlybuf4s50_1)
    Layer: mcon
      Partial area ratio:    0.14
      Required ratio:    3.00 (Gate area) 
      Cumulative area ratio:    0.14
      Required ratio:    0.00 (Cumulative area) 

    Layer: met1
      Partial area ratio:   83.84
      Required ratio:    0.00 (Gate area) 
      Cumulative area ratio:   83.84
      Required ratio:    0.00 (Cumulative area) 
      Partial area ratio:  418.31
      Required ratio:  400.00 (Side area) (VIOLATED)
      Cumulative area ratio:  418.31
      Required ratio:    0.00 (Cumulative side area) 

    Layer: via
      Partial area ratio:    0.21
      Required ratio:    6.00 (Gate area) 
      Cumulative area ratio:    0.35
      Required ratio:    0.00 (Cumulative area) 

    Layer: met2
      Partial area ratio:    8.58
      Required ratio:    0.00 (Gate area) 
      Cumulative area ratio:   92.41
      Required ratio:    0.00 (Cumulative area) 
      Partial area ratio:   42.78
      Required ratio:  400.00 (Side area) 
      Cumulative area ratio:  461.10
      Required ratio:    0.00 (Cumulative side area) 


Net: data_in[54]
  Pin:   input59/A (sky130_fd_sc_hd__clkdlybuf4s50_1)
    Layer: mcon
      Partial area ratio:    0.14
      Required ratio:    3.00 (Gate area) 
      Cumulative area ratio:    0.14
      Required ratio:    0.00 (Cumulative area) 

    Layer: met1
      Partial area ratio:  128.78
      Required ratio:    0.00 (Gate area) 
      Cumulative area ratio:  128.78
      Required ratio:    0.00 (Cumulative area) 
      Partial area ratio:  643.00
      Required ratio:  400.00 (Side area) (VIOLATED)
      Cumulative area ratio:  643.00
      Required ratio:    0.00 (Cumulative side area) 

    Layer: via
      Partial area ratio:    0.21
      Required ratio:    6.00 (Gate area) 
      Cumulative area ratio:    0.35
      Required ratio:    0.00 (Cumulative area) 

    Layer: met2
      Partial area ratio:    8.27
      Required ratio:    0.00 (Gate area) 
      Cumulative area ratio:  137.05
      Required ratio:    0.00 (Cumulative area) 
      Partial area ratio:   41.27
      Required ratio:  400.00 (Side area) 
      Cumulative area ratio:  684.27
      Required ratio:    0.00 (Cumulative side area) 


Net: net522
  Pin:   u_data/din[40] (sram22_256x64m4w8)
    Layer: met1
      Partial area ratio:    4.70
      Required ratio:    0.00 (Gate area) 
      Cumulative area ratio:    4.70
      Required ratio:    0.00 (Cumulative area) 
      Partial area ratio:   23.44
      Required ratio:  400.00 (Side area) 
      Cumulative area ratio:   23.44
      Required ratio:    0.00 (Cumulative side area) 

    Layer: via
      Partial area ratio:    0.18
      Required ratio:    6.00 (Gate area) 
      Cumulative area ratio:    0.18
      Required ratio:    0.00 (Cumulative area) 

    Layer: met2
      Partial area ratio:   43.84
      Required ratio:    0.00 (Gate area) 
      Cumulative area ratio:   48.54
      Required ratio:    0.00 (Cumulative area) 
      Partial area ratio:  213.72
      Required ratio: 9729.08 (Side area) 
      Cumulative area ratio:  237.17
      Required ratio:    0.00 (Cumulative side area) 

    Layer: via2
      Partial area ratio:    0.32
      Required ratio:  647.62 (Gate area) 
      Cumulative area ratio:    0.50
      Required ratio:    0.00 (Cumulative area) 

    Layer: met3
      Partial area ratio:    0.99
      Required ratio:    0.00 (Gate area) 
      Cumulative area ratio:   49.53
      Required ratio:    0.00 (Cumulative area) 
      Partial area ratio:    9.02
      Required ratio: 9729.08 (Side area) 
      Cumulative area ratio:  246.18
      Required ratio:    0.00 (Cumulative side area) 

    Layer: via3
      Partial area ratio:    0.32
      Required ratio:  647.62 (Gate area) 
      Cumulative area ratio:    0.81
      Required ratio:    0.00 (Cumulative area) 

    Layer: met4
      Partial area ratio:  420.83
      Required ratio:    0.00 (Gate area) 
      Cumulative area ratio:  470.37
      Required ratio:    0.00 (Cumulative area) 
      Partial area ratio: 2215.43
      Required ratio: 9729.08 (Side area) 
      Cumulative area ratio: 2461.61
      Required ratio:    0.00 (Cumulative side area) 

    Layer: via4
      Partial area ratio:    5.08
      Required ratio:  647.62 (Gate area) 
      Cumulative area ratio:    5.89
      Required ratio:    0.00 (Cumulative area) 

    Layer: met5
      Partial area ratio: 7906.03
      Required ratio:    0.00 (Gate area) 
      Cumulative area ratio: 8376.40
      Required ratio:    0.00 (Cumulative area) 
      Partial area ratio: 11889.52
      Required ratio: 10085.48 (Side area) (VIOLATED)
      Cumulative area ratio: 14351.13
      Required ratio:    0.00 (Cumulative side area) 


Net: net528
  Pin:   u_data/din[36] (sram22_256x64m4w8)
    Layer: met1
      Partial area ratio:    6.10
      Required ratio:    0.00 (Gate area) 
      Cumulative area ratio:    6.10
      Required ratio:    0.00 (Cumulative area) 
      Partial area ratio:   30.44
      Required ratio:  400.00 (Side area) 
      Cumulative area ratio:   30.44
      Required ratio:    0.00 (Cumulative side area) 

    Layer: via
      Partial area ratio:    0.18
      Required ratio:    6.00 (Gate area) 
      Cumulative area ratio:    0.18
      Required ratio:    0.00 (Cumulative area) 

    Layer: met2
      Partial area ratio:   31.19
      Required ratio:    0.00 (Gate area) 
      Cumulative area ratio:   37.29
      Required ratio:    0.00 (Cumulative area) 
      Partial area ratio:  150.42
      Required ratio: 7120.88 (Side area) 
      Cumulative area ratio:  180.86
      Required ratio:    0.00 (Cumulative side area) 

    Layer: via2
      Partial area ratio:    0.32
      Required ratio:  412.88 (Gate area) 
      Cumulative area ratio:    0.50
      Required ratio:    0.00 (Cumulative area) 

    Layer: met3
      Partial area ratio:    0.99
      Required ratio:    0.00 (Gate area) 
      Cumulative area ratio:   38.28
      Required ratio:    0.00 (Cumulative area) 
      Partial area ratio:    9.02
      Required ratio: 7120.88 (Side area) 
      Cumulative area ratio:  189.88
      Required ratio:    0.00 (Cumulative side area) 

    Layer: via3
      Partial area ratio:    0.32
      Required ratio:  412.88 (Gate area) 
      Cumulative area ratio:    0.81
      Required ratio:    0.00 (Cumulative area) 

    Layer: met4
      Partial area ratio:   11.05
      Required ratio:    0.00 (Gate area) 
      Cumulative area ratio:   49.33
      Required ratio:    0.00 (Cumulative area) 
      Partial area ratio:   29.97
      Required ratio: 7120.88 (Side area) 
      Cumulative area ratio:  219.85
      Required ratio:    0.00 (Cumulative side area) 

    Layer: via4
      Partial area ratio:    5.08
      Required ratio:  412.88 (Gate area) 
      Cumulative area ratio:    5.89
      Required ratio:    0.00 (Cumulative area) 

    Layer: met5
      Partial area ratio: 7906.03
      Required ratio:    0.00 (Gate area) 
      Cumulative area ratio: 7955.37
      Required ratio:    0.00 (Cumulative area) 
      Partial area ratio: 11889.52
      Required ratio: 8190.08 (Side area) (VIOLATED)
      Cumulative area ratio: 12109.37
      Required ratio:    0.00 (Cumulative side area) 


Net: net542
  Pin:   u_data/din[24] (sram22_256x64m4w8)
    Layer: met1
      Partial area ratio:    5.82
      Required ratio:    0.00 (Gate area) 
      Cumulative area ratio:    5.82
      Required ratio:    0.00 (Cumulative area) 
      Partial area ratio:   29.00
      Required ratio:  400.00 (Side area) 
      Cumulative area ratio:   29.00
      Required ratio:    0.00 (Cumulative side area) 

    Layer: via
      Partial area ratio:    0.18
      Required ratio:    6.00 (Gate area) 
      Cumulative area ratio:    0.18
      Required ratio:    0.00 (Cumulative area) 

    Layer: met2
      Partial area ratio:    9.43
      Required ratio:    0.00 (Gate area) 
      Cumulative area ratio:   15.24
      Required ratio:    0.00 (Cumulative area) 
      Partial area ratio:   45.69
      Required ratio: 2773.88 (Side area) 
      Cumulative area ratio:   74.69
      Required ratio:    0.00 (Cumulative side area) 

    Layer: via2
      Partial area ratio:    0.32
      Required ratio:   21.65 (Gate area) 
      Cumulative area ratio:    0.50
      Required ratio:    0.00 (Cumulative area) 

    Layer: met3
      Partial area ratio:   83.21
      Required ratio:    0.00 (Gate area) 
      Cumulative area ratio:   98.45
      Required ratio:    0.00 (Cumulative area) 
      Partial area ratio:  447.43
      Required ratio: 2947.76 (Side area) 
      Cumulative area ratio:  522.12
      Required ratio:    0.00 (Cumulative side area) 

    Layer: via3
      Partial area ratio:    0.32
      Required ratio:   37.30 (Gate area) 
      Cumulative area ratio:    0.81
      Required ratio:    0.00 (Cumulative area) 

    Layer: met4
      Partial area ratio:  305.83
      Required ratio:    0.00 (Gate area) 
      Cumulative area ratio:  404.28
      Required ratio:    0.00 (Cumulative area) 
      Partial area ratio: 1602.10
      Required ratio: 2947.76 (Side area) 
      Cumulative area ratio: 2124.22
      Required ratio:    0.00 (Cumulative side area) 

    Layer: via4
      Partial area ratio:    5.08
      Required ratio:   37.30 (Gate area) 
      Cumulative area ratio:    5.89
      Required ratio:    0.00 (Cumulative area) 

    Layer: met5
      Partial area ratio: 5803.17
      Required ratio:    0.00 (Gate area) 
      Cumulative area ratio: 6207.45
      Required ratio:    0.00 (Cumulative area) 
      Partial area ratio: 8735.24
      Required ratio: 4016.96 (Side area) (VIOLATED)
      Cumulative area ratio: 10859.46
      Required ratio:    0.00 (Cumulative side area) 


Net: net541
  Pin:   u_data/din[25] (sram22_256x64m4w8)
    Layer: met1
      Partial area ratio:    6.70
      Required ratio:    0.00 (Gate area) 
      Cumulative area ratio:    6.70
      Required ratio:    0.00 (Cumulative area) 
      Partial area ratio:   33.44
      Required ratio:  400.00 (Side area) 
      Cumulative area ratio:   33.44
      Required ratio:    0.00 (Cumulative side area) 

    Layer: via
      Partial area ratio:    0.18
      Required ratio:    6.00 (Gate area) 
      Cumulative area ratio:    0.18
      Required ratio:    0.00 (Cumulative area) 

    Layer: met2
      Partial area ratio:   30.63
      Required ratio:    0.00 (Gate area) 
      Cumulative area ratio:   37.34
      Required ratio:    0.00 (Cumulative area) 
      Partial area ratio:  149.28
      Required ratio: 6773.12 (Side area) 
      Cumulative area ratio:  182.72
      Required ratio:    0.00 (Cumulative side area) 

    Layer: via2
      Partial area ratio:    0.32
      Required ratio:  381.58 (Gate area) 
      Cumulative area ratio:    0.50
      Required ratio:    0.00 (Cumulative area) 

    Layer: met3
      Partial area ratio:    0.99
      Required ratio:    0.00 (Gate area) 
      Cumulative area ratio:   38.33
      Required ratio:    0.00 (Cumulative area) 
      Partial area ratio:    9.02
      Required ratio: 6773.12 (Side area) 
      Cumulative area ratio:  191.74
      Required ratio:    0.00 (Cumulative side area) 

    Layer: via3
      Partial area ratio:    0.32
      Required ratio:  381.58 (Gate area) 
      Cumulative area ratio:    0.81
      Required ratio:    0.00 (Cumulative area) 

    Layer: met4
      Partial area ratio:  519.40
      Required ratio:    0.00 (Gate area) 
      Cumulative area ratio:  557.73
      Required ratio:    0.00 (Cumulative area) 
      Partial area ratio: 2741.14
      Required ratio: 6773.12 (Side area) 
      Cumulative area ratio: 2932.88
      Required ratio:    0.00 (Cumulative side area) 

    Layer: via4
      Partial area ratio:    5.08
      Required ratio:  381.58 (Gate area) 
      Cumulative area ratio:    5.89
      Required ratio:    0.00 (Cumulative area) 

    Layer: met5
      Partial area ratio: 6241.27
      Required ratio:    0.00 (Gate area) 
      Cumulative area ratio: 6799.00
      Required ratio:    0.00 (Cumulative area) 
      Partial area ratio: 9392.38
      Required ratio: 7842.32 (Side area) (VIOLATED)
      Cumulative area ratio: 12325.26
      Required ratio:    0.00 (Cumulative side area) 


