OpenROAD 26Q3-1080-gab6fd26351 
Features included (+) or not (-): +GPU +GUI +Python
This program is licensed under the BSD-3 license. See the LICENSE file for details.
Components of this program may be licensed under more restrictive licenses which must be honored.
[INFO ORD-0030] Using 4 thread(s).
read_liberty /OpenROAD-flow-scripts/flow/platforms/sky130hd/lib/sky130_fd_sc_hd__tt_025C_1v80.lib
read_liberty /work/campaigns/iscas_sustainability_extension/memory_compiler/gate3_attempt08_sram22_slew_provenance_and_drv_closure/source_checkout/sram22_256x64m4w8/sram22_256x64m4w8_tt_025C_1v80.lib
read_liberty /work/campaigns/iscas_sustainability_extension/memory_compiler/gate3_attempt08_sram22_slew_provenance_and_drv_closure/source_checkout/sram22_256x8m8w1/sram22_256x8m8w1_tt_025C_1v80.lib
read_db /work/campaigns/iscas_sustainability_extension/memory_compiler/gate3_attempt08_sram22_slew_provenance_and_drv_closure/raw/openroad/work/results/sky130hd/attempt08_e0/seed11/5_1_grt.odb
read_sdc /work/campaigns/iscas_sustainability_extension/memory_compiler/gate3_attempt08_sram22_slew_provenance_and_drv_closure/raw/openroad/work/results/sky130hd/attempt08_e0/seed11/5_1_grt.sdc
source /OpenROAD-flow-scripts/flow/platforms/sky130hd/setRC.tcl
detailed_route -output_drc /work/campaigns/iscas_sustainability_extension/memory_compiler/gate3_attempt08_sram22_slew_provenance_and_drv_closure/raw/openroad/work/reports/sky130hd/attempt08_e0/seed11/5_route_drc.rpt -output_maze /work/campaigns/iscas_sustainability_extension/memory_compiler/gate3_attempt08_sram22_slew_provenance_and_drv_closure/raw/openroad/work/results/sky130hd/attempt08_e0/seed11/maze.log -droute_end_iter 64 -verbose 1 -drc_report_iter_step 5
[INFO DRT-0149] Reading tech and libs.
[WARNING DRT-0349] LEF58_ENCLOSURE with no CUTCLASS is not supported. Skipping for layer mcon
[WARNING DRT-0349] LEF58_ENCLOSURE with no CUTCLASS is not supported. Skipping for layer mcon
[WARNING DRT-0349] LEF58_ENCLOSURE with no CUTCLASS is not supported. Skipping for layer via
[WARNING DRT-0349] LEF58_ENCLOSURE with no CUTCLASS is not supported. Skipping for layer via
[WARNING DRT-0349] LEF58_ENCLOSURE with no CUTCLASS is not supported. Skipping for layer via2
[WARNING DRT-0349] LEF58_ENCLOSURE with no CUTCLASS is not supported. Skipping for layer via2
[WARNING DRT-0349] LEF58_ENCLOSURE with no CUTCLASS is not supported. Skipping for layer via3
[WARNING DRT-0349] LEF58_ENCLOSURE with no CUTCLASS is not supported. Skipping for layer via3
[WARNING DRT-0349] LEF58_ENCLOSURE with no CUTCLASS is not supported. Skipping for layer via4
[WARNING DRT-0349] LEF58_ENCLOSURE with no CUTCLASS is not supported. Skipping for layer via4

Units:                1000
Number of layers:     13
Number of macros:     443
Number of vias:       130
Number of viarulegen: 25

[INFO DRT-0150] Reading design.

Design:                   e0_sram22_top
Die area:                 ( 0 0 ) ( 1000000 650000 )
Number of track patterns: 12
Number of DEF vias:       0
Number of components:     5856
Number of terminals:      144
Number of snets:          2
Number of nets:           1232

[WARNING DRT-0419] No routing tracks pass through the center of Term u_protected_memory.u_data/dout[0]
[WARNING DRT-0419] No routing tracks pass through the center of Term u_protected_memory.u_data/dout[1]
[WARNING DRT-0419] No routing tracks pass through the center of Term u_protected_memory.u_data/dout[2]
[WARNING DRT-0419] No routing tracks pass through the center of Term u_protected_memory.u_data/dout[3]
[WARNING DRT-0419] No routing tracks pass through the center of Term u_protected_memory.u_data/dout[4]
[WARNING DRT-0419] No routing tracks pass through the center of Term u_protected_memory.u_data/dout[5]
[WARNING DRT-0419] No routing tracks pass through the center of Term u_protected_memory.u_data/dout[6]
[WARNING DRT-0419] No routing tracks pass through the center of Term u_protected_memory.u_data/dout[7]
[WARNING DRT-0419] No routing tracks pass through the center of Term u_protected_memory.u_data/dout[8]
[WARNING DRT-0419] No routing tracks pass through the center of Term u_protected_memory.u_data/dout[9]
[WARNING DRT-0419] No routing tracks pass through the center of Term u_protected_memory.u_data/dout[10]
[WARNING DRT-0419] No routing tracks pass through the center of Term u_protected_memory.u_data/dout[11]
[WARNING DRT-0419] No routing tracks pass through the center of Term u_protected_memory.u_data/dout[12]
[WARNING DRT-0419] No routing tracks pass through the center of Term u_protected_memory.u_data/dout[13]
[WARNING DRT-0419] No routing tracks pass through the center of Term u_protected_memory.u_data/dout[14]
[WARNING DRT-0419] No routing tracks pass through the center of Term u_protected_memory.u_data/dout[15]
[WARNING DRT-0419] No routing tracks pass through the center of Term u_protected_memory.u_data/dout[16]
[WARNING DRT-0419] No routing tracks pass through the center of Term u_protected_memory.u_data/dout[17]
[WARNING DRT-0419] No routing tracks pass through the center of Term u_protected_memory.u_data/dout[18]
[WARNING DRT-0419] No routing tracks pass through the center of Term u_protected_memory.u_data/dout[19]
[WARNING DRT-0419] No routing tracks pass through the center of Term u_protected_memory.u_data/dout[20]
[WARNING DRT-0419] No routing tracks pass through the center of Term u_protected_memory.u_data/dout[21]
[WARNING DRT-0419] No routing tracks pass through the center of Term u_protected_memory.u_data/dout[22]
[WARNING DRT-0419] No routing tracks pass through the center of Term u_protected_memory.u_data/dout[23]
[WARNING DRT-0419] No routing tracks pass through the center of Term u_protected_memory.u_data/dout[24]
[WARNING DRT-0419] No routing tracks pass through the center of Term u_protected_memory.u_data/dout[25]
[WARNING DRT-0419] No routing tracks pass through the center of Term u_protected_memory.u_data/dout[26]
[WARNING DRT-0419] No routing tracks pass through the center of Term u_protected_memory.u_data/dout[27]
[WARNING DRT-0419] No routing tracks pass through the center of Term u_protected_memory.u_data/dout[28]
[WARNING DRT-0419] No routing tracks pass through the center of Term u_protected_memory.u_data/dout[29]
[WARNING DRT-0419] No routing tracks pass through the center of Term u_protected_memory.u_data/dout[30]
[WARNING DRT-0419] No routing tracks pass through the center of Term u_protected_memory.u_data/dout[31]
[WARNING DRT-0419] No routing tracks pass through the center of Term u_protected_memory.u_data/dout[32]
[WARNING DRT-0419] No routing tracks pass through the center of Term u_protected_memory.u_data/dout[33]
[WARNING DRT-0419] No routing tracks pass through the center of Term u_protected_memory.u_data/dout[34]
[WARNING DRT-0419] No routing tracks pass through the center of Term u_protected_memory.u_data/dout[35]
[WARNING DRT-0419] No routing tracks pass through the center of Term u_protected_memory.u_data/dout[36]
[WARNING DRT-0419] No routing tracks pass through the center of Term u_protected_memory.u_data/dout[37]
[WARNING DRT-0419] No routing tracks pass through the center of Term u_protected_memory.u_data/dout[38]
[WARNING DRT-0419] No routing tracks pass through the center of Term u_protected_memory.u_data/dout[39]
[WARNING DRT-0419] No routing tracks pass through the center of Term u_protected_memory.u_data/dout[40]
[WARNING DRT-0419] No routing tracks pass through the center of Term u_protected_memory.u_data/dout[41]
[WARNING DRT-0419] No routing tracks pass through the center of Term u_protected_memory.u_data/dout[42]
[WARNING DRT-0419] No routing tracks pass through the center of Term u_protected_memory.u_data/dout[43]
[WARNING DRT-0419] No routing tracks pass through the center of Term u_protected_memory.u_data/dout[44]
[WARNING DRT-0419] No routing tracks pass through the center of Term u_protected_memory.u_data/dout[45]
[WARNING DRT-0419] No routing tracks pass through the center of Term u_protected_memory.u_data/dout[46]
[WARNING DRT-0419] No routing tracks pass through the center of Term u_protected_memory.u_data/dout[47]
[WARNING DRT-0419] No routing tracks pass through the center of Term u_protected_memory.u_data/dout[48]
[WARNING DRT-0419] No routing tracks pass through the center of Term u_protected_memory.u_data/dout[49]
[WARNING DRT-0419] No routing tracks pass through the center of Term u_protected_memory.u_data/dout[50]
[WARNING DRT-0419] No routing tracks pass through the center of Term u_protected_memory.u_data/dout[51]
[WARNING DRT-0419] No routing tracks pass through the center of Term u_protected_memory.u_data/dout[52]
[WARNING DRT-0419] No routing tracks pass through the center of Term u_protected_memory.u_data/dout[53]
[WARNING DRT-0419] No routing tracks pass through the center of Term u_protected_memory.u_data/dout[54]
[WARNING DRT-0419] No routing tracks pass through the center of Term u_protected_memory.u_data/dout[55]
[WARNING DRT-0419] No routing tracks pass through the center of Term u_protected_memory.u_data/dout[56]
[WARNING DRT-0419] No routing tracks pass through the center of Term u_protected_memory.u_data/dout[57]
[WARNING DRT-0419] No routing tracks pass through the center of Term u_protected_memory.u_data/dout[58]
[WARNING DRT-0419] No routing tracks pass through the center of Term u_protected_memory.u_data/dout[59]
[WARNING DRT-0419] No routing tracks pass through the center of Term u_protected_memory.u_data/dout[60]
[WARNING DRT-0419] No routing tracks pass through the center of Term u_protected_memory.u_data/dout[61]
[WARNING DRT-0419] No routing tracks pass through the center of Term u_protected_memory.u_data/dout[62]
[WARNING DRT-0419] No routing tracks pass through the center of Term u_protected_memory.u_data/dout[63]
[WARNING DRT-0419] No routing tracks pass through the center of Term u_protected_memory.u_data/din[0]
[WARNING DRT-0419] No routing tracks pass through the center of Term u_protected_memory.u_data/din[1]
[WARNING DRT-0419] No routing tracks pass through the center of Term u_protected_memory.u_data/din[2]
[WARNING DRT-0419] No routing tracks pass through the center of Term u_protected_memory.u_data/din[3]
[WARNING DRT-0419] No routing tracks pass through the center of Term u_protected_memory.u_data/din[4]
[WARNING DRT-0419] No routing tracks pass through the center of Term u_protected_memory.u_data/din[5]
[WARNING DRT-0419] No routing tracks pass through the center of Term u_protected_memory.u_data/din[6]
[WARNING DRT-0419] No routing tracks pass through the center of Term u_protected_memory.u_data/din[7]
[WARNING DRT-0419] No routing tracks pass through the center of Term u_protected_memory.u_data/din[8]
[WARNING DRT-0419] No routing tracks pass through the center of Term u_protected_memory.u_data/din[9]
[WARNING DRT-0419] No routing tracks pass through the center of Term u_protected_memory.u_data/din[10]
[WARNING DRT-0419] No routing tracks pass through the center of Term u_protected_memory.u_data/din[11]
[WARNING DRT-0419] No routing tracks pass through the center of Term u_protected_memory.u_data/din[12]
[WARNING DRT-0419] No routing tracks pass through the center of Term u_protected_memory.u_data/din[13]
[WARNING DRT-0419] No routing tracks pass through the center of Term u_protected_memory.u_data/din[14]
[WARNING DRT-0419] No routing tracks pass through the center of Term u_protected_memory.u_data/din[15]
[WARNING DRT-0419] No routing tracks pass through the center of Term u_protected_memory.u_data/din[16]
[WARNING DRT-0419] No routing tracks pass through the center of Term u_protected_memory.u_data/din[17]
[WARNING DRT-0419] No routing tracks pass through the center of Term u_protected_memory.u_data/din[18]
[WARNING DRT-0419] No routing tracks pass through the center of Term u_protected_memory.u_data/din[19]
[WARNING DRT-0419] No routing tracks pass through the center of Term u_protected_memory.u_data/din[20]
[WARNING DRT-0419] No routing tracks pass through the center of Term u_protected_memory.u_data/din[21]
[WARNING DRT-0419] No routing tracks pass through the center of Term u_protected_memory.u_data/din[22]
[WARNING DRT-0419] No routing tracks pass through the center of Term u_protected_memory.u_data/din[23]
[WARNING DRT-0419] No routing tracks pass through the center of Term u_protected_memory.u_data/din[24]
[WARNING DRT-0419] No routing tracks pass through the center of Term u_protected_memory.u_data/din[25]
[WARNING DRT-0419] No routing tracks pass through the center of Term u_protected_memory.u_data/din[26]
[WARNING DRT-0419] No routing tracks pass through the center of Term u_protected_memory.u_data/din[27]
[WARNING DRT-0419] No routing tracks pass through the center of Term u_protected_memory.u_data/din[28]
[WARNING DRT-0419] No routing tracks pass through the center of Term u_protected_memory.u_data/din[29]
[WARNING DRT-0419] No routing tracks pass through the center of Term u_protected_memory.u_data/din[30]
[WARNING DRT-0419] No routing tracks pass through the center of Term u_protected_memory.u_data/din[31]
[WARNING DRT-0419] No routing tracks pass through the center of Term u_protected_memory.u_data/din[32]
[WARNING DRT-0419] No routing tracks pass through the center of Term u_protected_memory.u_data/din[33]
[WARNING DRT-0419] No routing tracks pass through the center of Term u_protected_memory.u_data/din[34]
[WARNING DRT-0419] No routing tracks pass through the center of Term u_protected_memory.u_data/din[35]
[WARNING DRT-0419] No routing tracks pass through the center of Term u_protected_memory.u_data/din[36]
[WARNING DRT-0419] No routing tracks pass through the center of Term u_protected_memory.u_data/din[37]
[WARNING DRT-0419] No routing tracks pass through the center of Term u_protected_memory.u_data/din[38]
[WARNING DRT-0419] No routing tracks pass through the center of Term u_protected_memory.u_data/din[39]
[WARNING DRT-0419] No routing tracks pass through the center of Term u_protected_memory.u_data/din[40]
[WARNING DRT-0419] No routing tracks pass through the center of Term u_protected_memory.u_data/din[41]
[WARNING DRT-0419] No routing tracks pass through the center of Term u_protected_memory.u_data/din[42]
[WARNING DRT-0419] No routing tracks pass through the center of Term u_protected_memory.u_data/din[43]
[WARNING DRT-0419] No routing tracks pass through the center of Term u_protected_memory.u_data/din[44]
[WARNING DRT-0419] No routing tracks pass through the center of Term u_protected_memory.u_data/din[45]
[WARNING DRT-0419] No routing tracks pass through the center of Term u_protected_memory.u_data/din[46]
[WARNING DRT-0419] No routing tracks pass through the center of Term u_protected_memory.u_data/din[47]
[WARNING DRT-0419] No routing tracks pass through the center of Term u_protected_memory.u_data/din[48]
[WARNING DRT-0419] No routing tracks pass through the center of Term u_protected_memory.u_data/din[49]
[WARNING DRT-0419] No routing tracks pass through the center of Term u_protected_memory.u_data/din[50]
[WARNING DRT-0419] No routing tracks pass through the center of Term u_protected_memory.u_data/din[51]
[WARNING DRT-0419] No routing tracks pass through the center of Term u_protected_memory.u_data/din[52]
[WARNING DRT-0419] No routing tracks pass through the center of Term u_protected_memory.u_data/din[53]
[WARNING DRT-0419] No routing tracks pass through the center of Term u_protected_memory.u_data/din[54]
[WARNING DRT-0419] No routing tracks pass through the center of Term u_protected_memory.u_data/din[55]
[WARNING DRT-0419] No routing tracks pass through the center of Term u_protected_memory.u_data/din[56]
[WARNING DRT-0419] No routing tracks pass through the center of Term u_protected_memory.u_data/din[57]
[WARNING DRT-0419] No routing tracks pass through the center of Term u_protected_memory.u_data/din[58]
[WARNING DRT-0419] No routing tracks pass through the center of Term u_protected_memory.u_data/din[59]
[WARNING DRT-0419] No routing tracks pass through the center of Term u_protected_memory.u_data/din[60]
[WARNING DRT-0419] No routing tracks pass through the center of Term u_protected_memory.u_data/din[61]
[WARNING DRT-0419] No routing tracks pass through the center of Term u_protected_memory.u_data/din[62]
[WARNING DRT-0419] No routing tracks pass through the center of Term u_protected_memory.u_data/din[63]
[WARNING DRT-0419] No routing tracks pass through the center of Term u_protected_memory.u_data/wmask[1]
[WARNING DRT-0419] No routing tracks pass through the center of Term u_protected_memory.u_data/wmask[2]
[WARNING DRT-0419] No routing tracks pass through the center of Term u_protected_memory.u_data/wmask[3]
[WARNING DRT-0419] No routing tracks pass through the center of Term u_protected_memory.u_data/wmask[4]
[WARNING DRT-0419] No routing tracks pass through the center of Term u_protected_memory.u_data/wmask[5]
[WARNING DRT-0419] No routing tracks pass through the center of Term u_protected_memory.u_data/wmask[6]
[WARNING DRT-0419] No routing tracks pass through the center of Term u_protected_memory.u_data/wmask[7]
[WARNING DRT-0418] Term u_protected_memory.u_ecc/dout[0] has no pins on routing grid
[WARNING DRT-0418] Term u_protected_memory.u_ecc/dout[1] has no pins on routing grid
[WARNING DRT-0418] Term u_protected_memory.u_ecc/dout[2] has no pins on routing grid
[WARNING DRT-0418] Term u_protected_memory.u_ecc/dout[3] has no pins on routing grid
[WARNING DRT-0418] Term u_protected_memory.u_ecc/dout[4] has no pins on routing grid
[WARNING DRT-0418] Term u_protected_memory.u_ecc/dout[5] has no pins on routing grid
[WARNING DRT-0418] Term u_protected_memory.u_ecc/dout[6] has no pins on routing grid
[WARNING DRT-0418] Term u_protected_memory.u_ecc/dout[7] has no pins on routing grid
[WARNING DRT-0419] No routing tracks pass through the center of Term u_protected_memory.u_ecc/din[0]
[WARNING DRT-0419] No routing tracks pass through the center of Term u_protected_memory.u_ecc/din[1]
[WARNING DRT-0419] No routing tracks pass through the center of Term u_protected_memory.u_ecc/din[2]
[WARNING DRT-0418] Term u_protected_memory.u_ecc/din[3] has no pins on routing grid
[WARNING DRT-0418] Term u_protected_memory.u_ecc/din[4] has no pins on routing grid
[WARNING DRT-0418] Term u_protected_memory.u_ecc/din[5] has no pins on routing grid
[WARNING DRT-0418] Term u_protected_memory.u_ecc/din[6] has no pins on routing grid
[WARNING DRT-0418] Term u_protected_memory.u_ecc/din[7] has no pins on routing grid
[WARNING DRT-0419] No routing tracks pass through the center of Term u_protected_memory.u_ecc/wmask[0]
[WARNING DRT-0419] No routing tracks pass through the center of Term u_protected_memory.u_ecc/wmask[1]
[WARNING DRT-0419] No routing tracks pass through the center of Term u_protected_memory.u_ecc/wmask[2]
[WARNING DRT-0418] Term u_protected_memory.u_ecc/wmask[3] has no pins on routing grid
[WARNING DRT-0418] Term u_protected_memory.u_ecc/wmask[4] has no pins on routing grid
[WARNING DRT-0418] Term u_protected_memory.u_ecc/wmask[5] has no pins on routing grid
[WARNING DRT-0418] Term u_protected_memory.u_ecc/wmask[6] has no pins on routing grid
[WARNING DRT-0418] Term u_protected_memory.u_ecc/wmask[7] has no pins on routing grid
[INFO DRT-0167] List of default vias:
  Layer via
    default via: M1M2_PR
  Layer via2
    default via: M2M3_PR
  Layer via3
    default via: M3M4_PR
  Layer via4
    default via: M4M5_PR
[INFO DRT-0162] Library cell analysis.
[INFO DRT-0163] Instance analysis.
[INFO DRT-0164] Number of unique instances = 101.
[INFO DRT-0168] Init region query.
[INFO DRT-0024]   Complete FR_MASTERSLICE.
[INFO DRT-0024]   Complete Fr_VIA.
[INFO DRT-0024]   Complete li1.
[INFO DRT-0024]   Complete mcon.
[INFO DRT-0024]   Complete met1.
[INFO DRT-0024]   Complete via.
[INFO DRT-0024]   Complete met2.
[INFO DRT-0024]   Complete via2.
[INFO DRT-0024]   Complete met3.
[INFO DRT-0024]   Complete via3.
[INFO DRT-0024]   Complete met4.
[INFO DRT-0024]   Complete via4.
[INFO DRT-0024]   Complete met5.
[INFO DRT-0033] FR_MASTERSLICE shape region query size = 0.
[INFO DRT-0033] FR_VIA shape region query size = 0.
[INFO DRT-0033] li1 shape region query size = 47446.
[INFO DRT-0033] mcon shape region query size = 25094.
[INFO DRT-0033] met1 shape region query size = 17844.
[INFO DRT-0033] via shape region query size = 24330.
[INFO DRT-0033] met2 shape region query size = 22048.
[INFO DRT-0033] via2 shape region query size = 45597.
[INFO DRT-0033] met3 shape region query size = 29027.
[INFO DRT-0033] via3 shape region query size = 45281.
[INFO DRT-0033] met4 shape region query size = 11428.
[INFO DRT-0033] via4 shape region query size = 1676.
[INFO DRT-0033] met5 shape region query size = 1768.
[INFO DRT-0165] Start pin access.
[INFO DRT-0078]   Complete 925 pins.
[INFO DRT-0081]   Complete 99 unique inst patterns.
[INFO DRT-0084]   Complete 908 groups.
#scanned instances     = 5856
#unique  instances     = 101
#stdCellGenAp          = 2903
#stdCellValidPlanarAp  = 37
#stdCellValidViaAp     = 2097
#stdCellPinNoAp        = 0
#stdCellPinCnt         = 2860
#instTermValidViaApCnt = 0
#macroGenAp            = 553
#macroValidPlanarAp    = 452
#macroValidViaAp       = 0
#macroNoAp             = 0
[INFO DRT-0166] Complete pin access.
[INFO DRT-0267] cpu time = 00:00:52, elapsed time = 00:00:13, memory = 267.69 (MB), peak = 267.11 (MB)

[INFO DRT-0157] Number of guides:     8368

[INFO DRT-0169] Post process guides.
[INFO DRT-0176] GCELLGRID X 0 DO 144 STEP 6900 ;
[INFO DRT-0177] GCELLGRID Y 0 DO 94 STEP 6900 ;
[INFO DRT-0028]   Complete FR_MASTERSLICE.
[INFO DRT-0028]   Complete Fr_VIA.
[INFO DRT-0028]   Complete li1.
[INFO DRT-0028]   Complete mcon.
[INFO DRT-0028]   Complete met1.
[INFO DRT-0028]   Complete via.
[INFO DRT-0028]   Complete met2.
[INFO DRT-0028]   Complete via2.
[INFO DRT-0028]   Complete met3.
[INFO DRT-0028]   Complete via3.
[INFO DRT-0028]   Complete met4.
[INFO DRT-0028]   Complete via4.
[INFO DRT-0028]   Complete met5.
[INFO DRT-0178] Init guide query.
[INFO DRT-0035]   Complete FR_MASTERSLICE (guide).
[INFO DRT-0035]   Complete Fr_VIA (guide).
[INFO DRT-0035]   Complete li1 (guide).
[INFO DRT-0035]   Complete mcon (guide).
[INFO DRT-0035]   Complete met1 (guide).
[INFO DRT-0035]   Complete via (guide).
[INFO DRT-0035]   Complete met2 (guide).
[INFO DRT-0035]   Complete via2 (guide).
[INFO DRT-0035]   Complete met3 (guide).
[INFO DRT-0035]   Complete via3 (guide).
[INFO DRT-0035]   Complete met4 (guide).
[INFO DRT-0035]   Complete via4 (guide).
[INFO DRT-0035]   Complete met5 (guide).
[INFO DRT-0036] FR_MASTERSLICE guide region query size = 0.
[INFO DRT-0036] FR_VIA guide region query size = 0.
[INFO DRT-0036] li1 guide region query size = 2575.
[INFO DRT-0036] mcon guide region query size = 0.
[INFO DRT-0036] met1 guide region query size = 2439.
[INFO DRT-0036] via guide region query size = 0.
[INFO DRT-0036] met2 guide region query size = 1385.
[INFO DRT-0036] via2 guide region query size = 0.
[INFO DRT-0036] met3 guide region query size = 309.
[INFO DRT-0036] via3 guide region query size = 0.
[INFO DRT-0036] met4 guide region query size = 160.
[INFO DRT-0036] via4 guide region query size = 0.
[INFO DRT-0036] met5 guide region query size = 8.
[INFO DRT-0179] Init gr pin query.
[INFO DRT-0267] cpu time = 00:00:00, elapsed time = 00:00:00, memory = 270.26 (MB), peak = 269.74 (MB)
[INFO DRT-0245] skipped writing guide updates to database.
[INFO DRT-0181] Start track assignment.
[INFO DRT-0184] Done with 4120 vertical wires in 3 frboxes and 2756 horizontal wires in 2 frboxes.
[INFO DRT-0186] Done with 536 vertical wires in 3 frboxes and 733 horizontal wires in 2 frboxes.
[INFO DRT-0182] Complete track assignment.
[INFO DRT-0267] cpu time = 00:00:02, elapsed time = 00:00:01, memory = 298.76 (MB), peak = 333.64 (MB)
[INFO DRT-0187] Start routing data preparation.
[INFO DRT-0267] cpu time = 00:00:00, elapsed time = 00:00:00, memory = 298.76 (MB), peak = 333.64 (MB)
[INFO DRT-0194] Start detail routing.
[INFO DRT-0195] Start 0th optimization iteration.
    Completing 10% with 0 violations.
    elapsed time = 00:00:00, memory = 320.55 (MB).
    Completing 20% with 0 violations.
    elapsed time = 00:00:00, memory = 362.26 (MB).
    Completing 30% with 202 violations.
    elapsed time = 00:00:05, memory = 346.68 (MB).
    Completing 40% with 202 violations.
    elapsed time = 00:00:06, memory = 373.89 (MB).
    Completing 50% with 202 violations.
    elapsed time = 00:00:06, memory = 388.02 (MB).
    Completing 60% with 360 violations.
    elapsed time = 00:00:08, memory = 391.97 (MB).
    Completing 70% with 360 violations.
    elapsed time = 00:00:08, memory = 414.64 (MB).
    Completing 80% with 544 violations.
    elapsed time = 00:00:11, memory = 401.35 (MB).
    Completing 90% with 544 violations.
    elapsed time = 00:00:12, memory = 417.84 (MB).
    Completing 100% with 698 violations.
    elapsed time = 00:00:14, memory = 420.41 (MB).
[INFO DRT-0199]   Number of violations = 772.
Viol/Layer        met1    via   met2   met3   met4
Cut Spacing          0      1      0      0      0
Metal Spacing      125      0     19      9      0
Recheck             44      0     21      1      8
Short              501      1     31      7      4
[INFO DRT-0267] cpu time = 00:00:30, elapsed time = 00:00:15, memory = 746.16 (MB), peak = 745.77 (MB)
Total wire length = 80242 um.
Total wire length on LAYER li1 = 0 um.
Total wire length on LAYER met1 = 23427 um.
Total wire length on LAYER met2 = 43860 um.
Total wire length on LAYER met3 = 5727 um.
Total wire length on LAYER met4 = 7153 um.
Total wire length on LAYER met5 = 74 um.
Total number of vias = 6662.
Up-via summary (total 6662):

-----------------------
 FR_MASTERSLICE       0
            li1    2911
           met1    3173
           met2     330
           met3     238
           met4      10
-----------------------
               6662


[INFO DRT-0195] Start 1st optimization iteration.
    Completing 10% with 772 violations.
    elapsed time = 00:00:00, memory = 746.16 (MB).
    Completing 20% with 772 violations.
    elapsed time = 00:00:00, memory = 748.17 (MB).
    Completing 30% with 668 violations.
    elapsed time = 00:00:01, memory = 748.17 (MB).
    Completing 40% with 668 violations.
    elapsed time = 00:00:01, memory = 748.17 (MB).
    Completing 50% with 668 violations.
    elapsed time = 00:00:02, memory = 752.38 (MB).
    Completing 60% with 578 violations.
    elapsed time = 00:00:03, memory = 752.38 (MB).
    Completing 70% with 578 violations.
    elapsed time = 00:00:04, memory = 763.24 (MB).
    Completing 80% with 486 violations.
    elapsed time = 00:00:05, memory = 763.24 (MB).
    Completing 90% with 486 violations.
    elapsed time = 00:00:05, memory = 785.39 (MB).
    Completing 100% with 407 violations.
    elapsed time = 00:00:12, memory = 763.24 (MB).
[INFO DRT-0199]   Number of violations = 407.
Viol/Layer        mcon   met1   met2   met3
Cut Spacing          4      0      0      0
Metal Spacing        0     99      6      4
Short                0    279     14      1
[INFO DRT-0267] cpu time = 00:00:27, elapsed time = 00:00:12, memory = 766.24 (MB), peak = 785.02 (MB)
Total wire length = 79940 um.
Total wire length on LAYER li1 = 0 um.
Total wire length on LAYER met1 = 23205 um.
Total wire length on LAYER met2 = 43758 um.
Total wire length on LAYER met3 = 5742 um.
Total wire length on LAYER met4 = 7153 um.
Total wire length on LAYER met5 = 81 um.
Total number of vias = 6627.
Up-via summary (total 6627):

-----------------------
 FR_MASTERSLICE       0
            li1    2911
           met1    3130
           met2     334
           met3     240
           met4      12
-----------------------
               6627


[INFO DRT-0195] Start 2nd optimization iteration.
    Completing 10% with 407 violations.
    elapsed time = 00:00:00, memory = 766.24 (MB).
    Completing 20% with 407 violations.
    elapsed time = 00:00:00, memory = 770.68 (MB).
    Completing 30% with 397 violations.
    elapsed time = 00:00:00, memory = 770.68 (MB).
    Completing 40% with 397 violations.
    elapsed time = 00:00:01, memory = 773.36 (MB).
    Completing 50% with 397 violations.
    elapsed time = 00:00:03, memory = 773.36 (MB).
    Completing 60% with 341 violations.
    elapsed time = 00:00:03, memory = 773.36 (MB).
    Completing 70% with 341 violations.
    elapsed time = 00:00:04, memory = 773.36 (MB).
    Completing 80% with 317 violations.
    elapsed time = 00:00:04, memory = 773.36 (MB).
    Completing 90% with 317 violations.
    elapsed time = 00:00:05, memory = 796.29 (MB).
    Completing 100% with 295 violations.
    elapsed time = 00:00:14, memory = 773.36 (MB).
[INFO DRT-0199]   Number of violations = 295.
Viol/Layer        met1   met2   met3
Metal Spacing       66      7      3
Short              211      8      0
[INFO DRT-0267] cpu time = 00:00:24, elapsed time = 00:00:15, memory = 773.36 (MB), peak = 795.95 (MB)
Total wire length = 79791 um.
Total wire length on LAYER li1 = 0 um.
Total wire length on LAYER met1 = 23112 um.
Total wire length on LAYER met2 = 43834 um.
Total wire length on LAYER met3 = 5764 um.
Total wire length on LAYER met4 = 7011 um.
Total wire length on LAYER met5 = 68 um.
Total number of vias = 6560.
Up-via summary (total 6560):

-----------------------
 FR_MASTERSLICE       0
            li1    2911
           met1    3081
           met2     332
           met3     226
           met4      10
-----------------------
               6560


[INFO DRT-0195] Start 3rd optimization iteration.
    Completing 10% with 295 violations.
    elapsed time = 00:00:00, memory = 773.36 (MB).
    Completing 20% with 295 violations.
    elapsed time = 00:00:00, memory = 781.31 (MB).
    Completing 30% with 270 violations.
    elapsed time = 00:00:11, memory = 790.82 (MB).
    Completing 40% with 270 violations.
    elapsed time = 00:00:11, memory = 790.82 (MB).
    Completing 50% with 270 violations.
    elapsed time = 00:00:11, memory = 790.82 (MB).
    Completing 60% with 220 violations.
    elapsed time = 00:00:15, memory = 790.82 (MB).
    Completing 70% with 220 violations.
    elapsed time = 00:00:16, memory = 790.82 (MB).
    Completing 80% with 162 violations.
    elapsed time = 00:00:20, memory = 790.82 (MB).
    Completing 90% with 162 violations.
    elapsed time = 00:00:20, memory = 790.82 (MB).
    Completing 100% with 92 violations.
    elapsed time = 00:00:22, memory = 790.82 (MB).
[INFO DRT-0199]   Number of violations = 92.
Viol/Layer        met1   met2   met3
Metal Spacing       11      4      1
Short               71      5      0
[INFO DRT-0267] cpu time = 00:00:33, elapsed time = 00:00:23, memory = 790.82 (MB), peak = 795.95 (MB)
Total wire length = 79860 um.
Total wire length on LAYER li1 = 0 um.
Total wire length on LAYER met1 = 22596 um.
Total wire length on LAYER met2 = 43901 um.
Total wire length on LAYER met3 = 6244 um.
Total wire length on LAYER met4 = 7050 um.
Total wire length on LAYER met5 = 68 um.
Total number of vias = 6695.
Up-via summary (total 6695):

-----------------------
 FR_MASTERSLICE       0
            li1    2913
           met1    3153
           met2     382
           met3     237
           met4      10
-----------------------
               6695


[INFO DRT-0195] Start 4th guides tiles iteration.
    Completing 10% with 92 violations.
    elapsed time = 00:00:00, memory = 819.21 (MB).
    Completing 20% with 92 violations.
    elapsed time = 00:00:02, memory = 819.95 (MB).
    Completing 40% with 92 violations.
    elapsed time = 00:00:03, memory = 790.82 (MB).
    Completing 50% with 19 violations.
    elapsed time = 00:00:03, memory = 790.82 (MB).
    Completing 70% with 19 violations.
    elapsed time = 00:00:03, memory = 790.82 (MB).
    Completing 80% with 19 violations.
    elapsed time = 00:00:03, memory = 790.82 (MB).
    Completing 100% with 17 violations.
    elapsed time = 00:00:04, memory = 790.82 (MB).
[INFO DRT-0199]   Number of violations = 17.
Viol/Layer        met1   met3
Metal Spacing        5      2
Short                6      4
[INFO DRT-0267] cpu time = 00:00:07, elapsed time = 00:00:04, memory = 790.82 (MB), peak = 819.75 (MB)
Total wire length = 79762 um.
Total wire length on LAYER li1 = 0 um.
Total wire length on LAYER met1 = 22508 um.
Total wire length on LAYER met2 = 43884 um.
Total wire length on LAYER met3 = 6276 um.
Total wire length on LAYER met4 = 7025 um.
Total wire length on LAYER met5 = 68 um.
Total number of vias = 6699.
Up-via summary (total 6699):

-----------------------
 FR_MASTERSLICE       0
            li1    2914
           met1    3151
           met2     391
           met3     233
           met4      10
-----------------------
               6699


[INFO DRT-0195] Start 5th guides tiles iteration.
    Completing 50% with 17 violations.
    elapsed time = 00:00:00, memory = 790.82 (MB).
    Completing 100% with 0 violations.
    elapsed time = 00:00:00, memory = 790.82 (MB).
[INFO DRT-0199]   Number of violations = 0.
[INFO DRT-0267] cpu time = 00:00:01, elapsed time = 00:00:01, memory = 790.88 (MB), peak = 819.75 (MB)
Total wire length = 79761 um.
Total wire length on LAYER li1 = 0 um.
Total wire length on LAYER met1 = 22439 um.
Total wire length on LAYER met2 = 43884 um.
Total wire length on LAYER met3 = 6341 um.
Total wire length on LAYER met4 = 7027 um.
Total wire length on LAYER met5 = 68 um.
Total number of vias = 6680.
Up-via summary (total 6680):

-----------------------
 FR_MASTERSLICE       0
            li1    2914
           met1    3143
           met2     381
           met3     232
           met4      10
-----------------------
               6680


[INFO DRT-0198] Complete detail routing.
Total wire length = 79761 um.
Total wire length on LAYER li1 = 0 um.
Total wire length on LAYER met1 = 22439 um.
Total wire length on LAYER met2 = 43884 um.
Total wire length on LAYER met3 = 6341 um.
Total wire length on LAYER met4 = 7027 um.
Total wire length on LAYER met5 = 68 um.
Total number of vias = 6680.
Up-via summary (total 6680):

-----------------------
 FR_MASTERSLICE       0
            li1    2914
           met1    3143
           met2     381
           met3     232
           met4      10
-----------------------
               6680


[INFO DRT-0267] cpu time = 00:02:04, elapsed time = 00:01:12, memory = 790.95 (MB), peak = 819.75 (MB)

[INFO DRT-0180] Post processing.
[INFO DRT-0501] Runtime: 89.43s
Took 87 seconds: detailed_route -output_drc /work/campaigns/iscas_sustainability_extension/memory_compiler/gate3_attempt08_sram22_slew_provenance_and_drv_closure/raw/openroad/work/reports/sky130hd/attempt08_e0/seed11/5_route_drc.rpt -output_maze /work/campaigns/iscas_sustainability_extension/memory_compiler/gate3_attempt08_sram22_slew_provenance_and_drv_closure/raw/openroad/work/results/sky130hd/attempt08_e0/seed11/maze.log -droute_end_iter 64 -verbose 1 -drc_report_iter_step 5
[INFO GRT-0012] Found 4 antenna violations.
[WARNING GRT-0243] Unable to repair antennas on net with diodes.
[INFO DPL-0006] Core area: 615627.94 um^2
[INFO DPL-0007] Movable instances area: 7.51 um^2
[INFO DPL-0008] Fixed instances area within core: 275762.62 um^2
[INFO DPL-0009] Utilization: 44.8%
[INFO DPL-0005] Diamond search max displacement: +/- 500 sites horizontally, +/- 100 rows vertically.
[INFO DPL-1102] Legalizing using negotiation legalizer.
[INFO DPL-1103] Negotiation base search window: +/-20 sites horizontally, +/-5 rows vertically 
	Automatic search window extension enabled.
	Search window extendable up to the max displacement cap of +/-500 sites, +/-100 rows near walls.
[INFO DPL-1104] NegotiationLegalizer DRC penalty: 5.
[INFO DPL-0392] Negotiation cell height distribution (3 unique row-count(s)):
[INFO DPL-0393]   height 1 row(s): 5859 cells
[INFO DPL-0393]   height 83 row(s): 1 cells
[INFO DPL-0393]   height 108 row(s): 1 cells
[INFO DPL-0500] Runtime: 0.05s
[INFO GRT-0015] Inserted 5 diodes.
[INFO DRT-0024]   Complete FR_MASTERSLICE.
[INFO DRT-0024]   Complete Fr_VIA.
[INFO DRT-0024]   Complete li1.
[INFO DRT-0024]   Complete mcon.
[INFO DRT-0024]   Complete met1.
[INFO DRT-0024]   Complete via.
[INFO DRT-0024]   Complete met2.
[INFO DRT-0024]   Complete via2.
[INFO DRT-0024]   Complete met3.
[INFO DRT-0024]   Complete via3.
[INFO DRT-0024]   Complete met4.
[INFO DRT-0024]   Complete via4.
[INFO DRT-0024]   Complete met5.
[INFO DRT-0165] Start pin access.
[INFO DRT-0078]   Complete 925 pins.
[INFO DRT-0081]   Complete 99 unique inst patterns.
[INFO DRT-0084]   Complete 911 groups.
#scanned instances     = 5861
#unique  instances     = 101
#stdCellGenAp          = 2903
#stdCellValidPlanarAp  = 37
#stdCellValidViaAp     = 2097
#stdCellPinNoAp        = 0
#stdCellPinCnt         = 2860
#instTermValidViaApCnt = 0
#macroGenAp            = 553
#macroValidPlanarAp    = 452
#macroValidViaAp       = 0
#macroNoAp             = 0
[INFO DRT-0166] Complete pin access.
[INFO DRT-0267] cpu time = 00:00:53, elapsed time = 00:00:12, memory = 699.07 (MB), peak = 819.75 (MB)

[INFO DRT-0157] Number of guides:     8359

[INFO DRT-0169] Post process guides.
[INFO DRT-0176] GCELLGRID X 0 DO 144 STEP 6900 ;
[INFO DRT-0177] GCELLGRID Y 0 DO 94 STEP 6900 ;
[INFO DRT-0028]   Complete FR_MASTERSLICE.
[INFO DRT-0028]   Complete Fr_VIA.
[INFO DRT-0028]   Complete li1.
[INFO DRT-0028]   Complete mcon.
[INFO DRT-0028]   Complete met1.
[INFO DRT-0028]   Complete via.
[INFO DRT-0028]   Complete met2.
[INFO DRT-0028]   Complete via2.
[INFO DRT-0028]   Complete met3.
[INFO DRT-0028]   Complete via3.
[INFO DRT-0028]   Complete met4.
[INFO DRT-0028]   Complete via4.
[INFO DRT-0028]   Complete met5.
[INFO DRT-0178] Init guide query.
[INFO DRT-0035]   Complete FR_MASTERSLICE (guide).
[INFO DRT-0035]   Complete Fr_VIA (guide).
[INFO DRT-0035]   Complete li1 (guide).
[INFO DRT-0035]   Complete mcon (guide).
[INFO DRT-0035]   Complete met1 (guide).
[INFO DRT-0035]   Complete via (guide).
[INFO DRT-0035]   Complete met2 (guide).
[INFO DRT-0035]   Complete via2 (guide).
[INFO DRT-0035]   Complete met3 (guide).
[INFO DRT-0035]   Complete via3 (guide).
[INFO DRT-0035]   Complete met4 (guide).
[INFO DRT-0035]   Complete via4 (guide).
[INFO DRT-0035]   Complete met5 (guide).
[INFO DRT-0036] FR_MASTERSLICE guide region query size = 0.
[INFO DRT-0036] FR_VIA guide region query size = 0.
[INFO DRT-0036] li1 guide region query size = 2579.
[INFO DRT-0036] mcon guide region query size = 0.
[INFO DRT-0036] met1 guide region query size = 2444.
[INFO DRT-0036] via guide region query size = 0.
[INFO DRT-0036] met2 guide region query size = 1383.
[INFO DRT-0036] via2 guide region query size = 0.
[INFO DRT-0036] met3 guide region query size = 302.
[INFO DRT-0036] via3 guide region query size = 0.
[INFO DRT-0036] met4 guide region query size = 155.
[INFO DRT-0036] via4 guide region query size = 0.
[INFO DRT-0036] met5 guide region query size = 7.
[INFO DRT-0179] Init gr pin query.
[INFO DRT-0267] cpu time = 00:00:00, elapsed time = 00:00:00, memory = 699.07 (MB), peak = 819.75 (MB)
[INFO DRT-0245] skipped writing guide updates to database.
[INFO DRT-0181] Start track assignment.
[INFO DRT-0184] Done with 4117 vertical wires in 3 frboxes and 2753 horizontal wires in 2 frboxes.
[INFO DRT-0186] Done with 541 vertical wires in 3 frboxes and 734 horizontal wires in 2 frboxes.
[INFO DRT-0182] Complete track assignment.
[INFO DRT-0267] cpu time = 00:00:02, elapsed time = 00:00:00, memory = 699.07 (MB), peak = 819.75 (MB)
[INFO DRT-0187] Start routing data preparation.
[INFO DRT-0267] cpu time = 00:00:00, elapsed time = 00:00:00, memory = 699.07 (MB), peak = 819.75 (MB)
[INFO DRT-0194] Start detail routing.
[INFO DRT-0195] Start 0th optimization iteration.
    Completing 10% with 0 violations.
    elapsed time = 00:00:00, memory = 699.07 (MB).
    Completing 20% with 0 violations.
    elapsed time = 00:00:00, memory = 699.07 (MB).
    Completing 30% with 1 violations.
    elapsed time = 00:00:00, memory = 699.07 (MB).
    Completing 40% with 1 violations.
    elapsed time = 00:00:01, memory = 699.07 (MB).
    Completing 50% with 1 violations.
    elapsed time = 00:00:01, memory = 699.07 (MB).
    Completing 60% with 5 violations.
    elapsed time = 00:00:01, memory = 699.07 (MB).
    Completing 70% with 5 violations.
    elapsed time = 00:00:01, memory = 702.72 (MB).
    Completing 80% with 5 violations.
    elapsed time = 00:00:02, memory = 702.72 (MB).
    Completing 90% with 5 violations.
    elapsed time = 00:00:02, memory = 702.72 (MB).
    Completing 100% with 9 violations.
    elapsed time = 00:00:02, memory = 702.72 (MB).
[INFO DRT-0199]   Number of violations = 13.
Viol/Layer        met1
Metal Spacing        1
Recheck              4
Short                8
[INFO DRT-0267] cpu time = 00:00:09, elapsed time = 00:00:03, memory = 823.21 (MB), peak = 822.97 (MB)
Total wire length = 79766 um.
Total wire length on LAYER li1 = 0 um.
Total wire length on LAYER met1 = 22868 um.
Total wire length on LAYER met2 = 44012 um.
Total wire length on LAYER met3 = 5913 um.
Total wire length on LAYER met4 = 6903 um.
Total wire length on LAYER met5 = 68 um.
Total number of vias = 6687.
Up-via summary (total 6687):

-----------------------
 FR_MASTERSLICE       0
            li1    2922
           met1    3152
           met2     376
           met3     227
           met4      10
-----------------------
               6687


[INFO DRT-0195] Start 1st optimization iteration.
    Completing 10% with 13 violations.
    elapsed time = 00:00:00, memory = 823.21 (MB).
    Completing 20% with 13 violations.
    elapsed time = 00:00:00, memory = 823.21 (MB).
    Completing 30% with 11 violations.
    elapsed time = 00:00:00, memory = 823.21 (MB).
    Completing 40% with 11 violations.
    elapsed time = 00:00:00, memory = 823.21 (MB).
    Completing 50% with 11 violations.
    elapsed time = 00:00:01, memory = 823.21 (MB).
    Completing 60% with 11 violations.
    elapsed time = 00:00:01, memory = 823.21 (MB).
    Completing 70% with 11 violations.
    elapsed time = 00:00:01, memory = 823.21 (MB).
    Completing 80% with 5 violations.
    elapsed time = 00:00:02, memory = 823.21 (MB).
    Completing 90% with 5 violations.
    elapsed time = 00:00:02, memory = 823.21 (MB).
    Completing 100% with 5 violations.
    elapsed time = 00:00:02, memory = 823.21 (MB).
[INFO DRT-0199]   Number of violations = 5.
Viol/Layer        met1
Short                5
[INFO DRT-0267] cpu time = 00:00:09, elapsed time = 00:00:03, memory = 823.21 (MB), peak = 822.97 (MB)
Total wire length = 79769 um.
Total wire length on LAYER li1 = 0 um.
Total wire length on LAYER met1 = 22870 um.
Total wire length on LAYER met2 = 44012 um.
Total wire length on LAYER met3 = 5913 um.
Total wire length on LAYER met4 = 6905 um.
Total wire length on LAYER met5 = 68 um.
Total number of vias = 6688.
Up-via summary (total 6688):

-----------------------
 FR_MASTERSLICE       0
            li1    2922
           met1    3153
           met2     376
           met3     227
           met4      10
-----------------------
               6688


[INFO DRT-0195] Start 2nd optimization iteration.
    Completing 10% with 5 violations.
    elapsed time = 00:00:00, memory = 823.21 (MB).
    Completing 20% with 5 violations.
    elapsed time = 00:00:00, memory = 823.21 (MB).
    Completing 30% with 3 violations.
    elapsed time = 00:00:00, memory = 823.21 (MB).
    Completing 40% with 3 violations.
    elapsed time = 00:00:00, memory = 823.21 (MB).
    Completing 50% with 3 violations.
    elapsed time = 00:00:00, memory = 823.21 (MB).
    Completing 60% with 3 violations.
    elapsed time = 00:00:00, memory = 699.85 (MB).
    Completing 70% with 3 violations.
    elapsed time = 00:00:00, memory = 699.85 (MB).
    Completing 80% with 0 violations.
    elapsed time = 00:00:00, memory = 699.85 (MB).
    Completing 90% with 0 violations.
    elapsed time = 00:00:00, memory = 699.85 (MB).
    Completing 100% with 0 violations.
    elapsed time = 00:00:00, memory = 699.85 (MB).
[INFO DRT-0199]   Number of violations = 0.
[INFO DRT-0267] cpu time = 00:00:00, elapsed time = 00:00:00, memory = 823.20 (MB), peak = 822.97 (MB)
Total wire length = 79769 um.
Total wire length on LAYER li1 = 0 um.
Total wire length on LAYER met1 = 22867 um.
Total wire length on LAYER met2 = 44015 um.
Total wire length on LAYER met3 = 5913 um.
Total wire length on LAYER met4 = 6905 um.
Total wire length on LAYER met5 = 68 um.
Total number of vias = 6690.
Up-via summary (total 6690):

-----------------------
 FR_MASTERSLICE       0
            li1    2922
           met1    3155
           met2     376
           met3     227
           met4      10
-----------------------
               6690


[INFO DRT-0198] Complete detail routing.
Total wire length = 79769 um.
Total wire length on LAYER li1 = 0 um.
Total wire length on LAYER met1 = 22867 um.
Total wire length on LAYER met2 = 44015 um.
Total wire length on LAYER met3 = 5913 um.
Total wire length on LAYER met4 = 6905 um.
Total wire length on LAYER met5 = 68 um.
Total number of vias = 6690.
Up-via summary (total 6690):

-----------------------
 FR_MASTERSLICE       0
            li1    2922
           met1    3155
           met2     376
           met3     227
           met4      10
-----------------------
               6690


[INFO DRT-0267] cpu time = 00:00:19, elapsed time = 00:00:06, memory = 823.20 (MB), peak = 822.97 (MB)

[INFO DRT-0180] Post processing.
[INFO DRT-0501] Runtime: 21.53s
[INFO ANT-0002] Found 0 net violations.
[INFO ANT-0001] Found 0 pin violations.
[INFO ANT-0002] Found 0 net violations.
[INFO ANT-0001] Found 0 pin violations.
Design area 275770 um^2 45% utilization.
write_db /work/campaigns/iscas_sustainability_extension/memory_compiler/gate3_attempt08_sram22_slew_provenance_and_drv_closure/raw/openroad/work/results/sky130hd/attempt08_e0/seed11/5_2_route.odb
Elapsed time: 1:54.59[h:]min:sec. CPU time: user 256.98 sys 2.35 (226%). Peak memory: 846964KB.
Log                       Ext     Elapsed/s Peak Memory/MB sha1sum result [0:20)
5_2_route                 .odb          114            827 c29eb941125f39c7f574
