OpenROAD 26Q3-1080-gab6fd26351 
Features included (+) or not (-): +GPU +GUI +Python
This program is licensed under the BSD-3 license. See the LICENSE file for details.
Components of this program may be licensed under more restrictive licenses which must be honored.
[INFO ORD-0030] Using 16 thread(s).
read_liberty /OpenROAD-flow-scripts/flow/platforms/sky130hd/lib/sky130_fd_sc_hd__tt_025C_1v80.lib
read_db -hier /gate03e-run-01/results/sky130hd/gcd/base/3_4_place_resized.odb
[WARNING ORD-0012] Hierarchical flow (-hier) is currently in development and may cause multiple issues. Do not use in production environments.
read_sdc /gate03e-run-01/results/sky130hd/gcd/base/2_floorplan.sdc
source /OpenROAD-flow-scripts/flow/platforms/sky130hd/setRC.tcl
detailed_placement
[INFO DPL-0006] Core area: 5885.64 um^2
[INFO DPL-0007] Movable instances area: 3976.31 um^2
[INFO DPL-0008] Fixed instances area within core: 93.84 um^2
[INFO DPL-0009] Utilization: 69.2%
[INFO DPL-0005] Diamond search max displacement: +/- 500 sites horizontally, +/- 100 rows vertically.
[INFO DPL-1102] Legalizing using negotiation legalizer.
[INFO DPL-1103] Negotiation base search window: +/-20 sites horizontally, +/-5 rows vertically 
	Automatic search window extension enabled.
	Search window extendable up to the max displacement cap of +/-500 sites, +/-100 rows near walls.
[INFO DPL-1104] NegotiationLegalizer DRC penalty: 5.
[INFO DPL-0392] Negotiation cell height distribution (1 unique row-count(s)):
[INFO DPL-0393]   height 1 row(s): 480 cells
          |      Total |  Illegal |  Illegal
Iteration | Violations |    Cells |    Sites
---------------------------------------------
        0 |         63 |        13 |        50
        1 |          0 |         0 |         0
Negotiation phase 1 converged at iteration 1.
[INFO DPL-0500] Runtime: 0.01s
Placement Analysis
---------------------------------
total displacement       1372.6 u
average displacement        2.9 u
max displacement           17.1 u
original HPWL            5223.3 u
legalized HPWL           6361.6 u
delta HPWL                   22 %

improve_placement -max_displacement "5 1"
Detailed placement improvement.
[INFO DPL-0401] Setting random seed to 1.
[INFO DPL-0402] Setting maximum displacement 5 1 to 13600 2720 units.
[INFO DPL-0320] Collected 129 fixed cells.
[INFO DPL-0318] Collected 405 single height cells.
[INFO DPL-0321] Collected 0 wide cells.
[INFO DPL-0322] Image (1380, 2720) - (78660, 78880)
[INFO DPL-0310] Assigned 405 cells into segments.  Movement in X-direction is 0.000000, movement in Y-direction is 0.000000.
[INFO DPL-0313] Found 0 cells in wrong regions.
[INFO DPL-0315] Found 0 row alignment problems.
[INFO DPL-0314] Found 0 site alignment problems.
[INFO DPL-0311] Found 0 overlaps between adjacent cells.
[INFO DPL-0312] Found 0 edge spacing violations and 0 padding violations.
[INFO DPL-0303] Running algorithm for independent set matching.
[INFO DPL-0300] Set matching objective is wirelength.
[INFO DPL-0301] Pass   1 of matching; objective is 6.362308e+06.
[INFO DPL-0302] End of matching; objective is 6.352808e+06, improvement is 0.15 percent.
[INFO DPL-0303] Running algorithm for global swaps.
[INFO DPL-0306] Pass   1 of global swaps; hpwl is 6.182270e+06.
[INFO DPL-0306] Pass   2 of global swaps; hpwl is 6.133706e+06.
[INFO DPL-0307] End of global swaps; objective is 6.133706e+06, improvement is 3.45 percent.
[INFO DPL-0303] Running algorithm for vertical swaps.
[INFO DPL-0308] Pass   1 of vertical swaps; hpwl is 6.090507e+06.
[INFO DPL-0309] End of vertical swaps; objective is 6.090507e+06, improvement is 0.70 percent.
[INFO DPL-0303] Running algorithm for reordering.
[INFO DPL-0304] Pass   1 of reordering; objective is 6.066400e+06.
[INFO DPL-0305] End of reordering; objective is 6.066400e+06, improvement is 0.40 percent.
[INFO DPL-0303] Running algorithm for random improvement.
[INFO DPL-0324] Random improver is using random generator.
[INFO DPL-0325] Random improver is using hpwl objective.
[INFO DPL-0326] Random improver cost string is (a).
[INFO DPL-0332] End of pass, Generator random called 8100 times.
[INFO DPL-0335] Generator random, Cumulative attempts 8100, swaps 1553, moves  1571 since last reset.
[INFO DPL-0333] End of pass, Objective hpwl, Initial cost 6.066400e+06, Scratch cost 5.921560e+06, Incremental cost 5.921560e+06, Mismatch? N
[INFO DPL-0338] End of pass, Total cost is 5.921560e+06.
[INFO DPL-0327] Pass   1 of random improver; improvement in cost is 2.39 percent.
[INFO DPL-0332] End of pass, Generator random called 8100 times.
[INFO DPL-0335] Generator random, Cumulative attempts 16200, swaps 3071, moves  3028 since last reset.
[INFO DPL-0333] End of pass, Objective hpwl, Initial cost 5.921560e+06, Scratch cost 5.898972e+06, Incremental cost 5.898972e+06, Mismatch? N
[INFO DPL-0338] End of pass, Total cost is 5.898972e+06.
[INFO DPL-0327] Pass   2 of random improver; improvement in cost is 0.38 percent.
[INFO DPL-0328] End of random improver; improvement is 2.759924 percent.
[INFO DPL-0380] Cell flipping.
[INFO DPL-0382] Changed 0 cell orientations for row compatibility.
[INFO DPL-0383] Performed 129 cell flips.
[INFO DPL-0384] End of flipping; objective is 5.638025e+06, improvement is 4.42 percent.
[INFO DPL-0313] Found 0 cells in wrong regions.
[INFO DPL-0315] Found 0 row alignment problems.
[INFO DPL-0314] Found 0 site alignment problems.
[INFO DPL-0311] Found 0 overlaps between adjacent cells.
[INFO DPL-0312] Found 0 edge spacing violations and 0 padding violations.
Detailed Improvement Results
------------------------------------------
Original HPWL             6361.6 u (    2727.7,     3633.9)
Final HPWL                5631.2 u (    2411.3,     3219.9)
Delta HPWL                 -11.5 % (     -11.6,      -11.4)

optimize_mirroring
[INFO DPL-0020] Mirrored 19 instances
[INFO DPL-0021] HPWL before            5631.2 u
[INFO DPL-0022] HPWL after             5625.9 u
[INFO DPL-0023] HPWL delta               -0.1 %
[INFO FLW-0012] Placement violations .
estimate_parasitics -placement
Report metrics stage 3, detailed place...

==========================================================================
detailed place report_design_area
--------------------------------------------------------------------------
Design area 4070 um^2 69% utilization.
write_db /gate03e-run-01/results/sky130hd/gcd/base/3_5_place_dp.odb
write_sdc -no_timestamp /gate03e-run-01/results/sky130hd/gcd/base/3_place.sdc
Elapsed time: 0:01.14[h:]min:sec. CPU time: user 1.03 sys 0.24 (111%). Peak memory: 131572KB.
Log                       Ext     Elapsed/s Peak Memory/MB sha1sum result [0:20)
3_5_place_dp              .odb            1            128 4ce2c771247a6bc95bbc
