OpenROAD 26Q3-1080-gab6fd26351 
Features included (+) or not (-): +GPU +GUI +Python
This program is licensed under the BSD-3 license. See the LICENSE file for details.
Components of this program may be licensed under more restrictive licenses which must be honored.
[INFO ORD-0030] Using 4 thread(s).
read_liberty /OpenROAD-flow-scripts/flow/platforms/sky130hd/lib/sky130_fd_sc_hd__tt_025C_1v80.lib
read_liberty /work/campaigns/iscas_sustainability_extension/memory_compiler/gate3_attempt09_sram22_residual_interface_drv_and_provenance_closure/source_checkout/sram22_256x64m4w8/sram22_256x64m4w8_tt_025C_1v80.lib
read_liberty /work/campaigns/iscas_sustainability_extension/memory_compiler/gate3_attempt09_sram22_residual_interface_drv_and_provenance_closure/source_checkout/sram22_256x8m8w1/sram22_256x8m8w1_tt_025C_1v80.lib
read_db /work/campaigns/iscas_sustainability_extension/memory_compiler/gate3_attempt09_sram22_residual_interface_drv_and_provenance_closure/raw/openroad/work/results/sky130hd/attempt09_e0/seed19/5_1_grt.odb
read_sdc /work/campaigns/iscas_sustainability_extension/memory_compiler/gate3_attempt09_sram22_residual_interface_drv_and_provenance_closure/raw/openroad/work/results/sky130hd/attempt09_e0/seed19/5_1_grt.sdc
source /OpenROAD-flow-scripts/flow/platforms/sky130hd/setRC.tcl
detailed_route -output_drc /work/campaigns/iscas_sustainability_extension/memory_compiler/gate3_attempt09_sram22_residual_interface_drv_and_provenance_closure/raw/openroad/work/reports/sky130hd/attempt09_e0/seed19/5_route_drc.rpt -output_maze /work/campaigns/iscas_sustainability_extension/memory_compiler/gate3_attempt09_sram22_residual_interface_drv_and_provenance_closure/raw/openroad/work/results/sky130hd/attempt09_e0/seed19/maze.log -droute_end_iter 64 -verbose 1 -drc_report_iter_step 5
[INFO DRT-0149] Reading tech and libs.
[WARNING DRT-0349] LEF58_ENCLOSURE with no CUTCLASS is not supported. Skipping for layer mcon
[WARNING DRT-0349] LEF58_ENCLOSURE with no CUTCLASS is not supported. Skipping for layer mcon
[WARNING DRT-0349] LEF58_ENCLOSURE with no CUTCLASS is not supported. Skipping for layer via
[WARNING DRT-0349] LEF58_ENCLOSURE with no CUTCLASS is not supported. Skipping for layer via
[WARNING DRT-0349] LEF58_ENCLOSURE with no CUTCLASS is not supported. Skipping for layer via2
[WARNING DRT-0349] LEF58_ENCLOSURE with no CUTCLASS is not supported. Skipping for layer via2
[WARNING DRT-0349] LEF58_ENCLOSURE with no CUTCLASS is not supported. Skipping for layer via3
[WARNING DRT-0349] LEF58_ENCLOSURE with no CUTCLASS is not supported. Skipping for layer via3
[WARNING DRT-0349] LEF58_ENCLOSURE with no CUTCLASS is not supported. Skipping for layer via4
[WARNING DRT-0349] LEF58_ENCLOSURE with no CUTCLASS is not supported. Skipping for layer via4

Units:                1000
Number of layers:     13
Number of macros:     443
Number of vias:       130
Number of viarulegen: 25

[INFO DRT-0150] Reading design.

Design:                   e0_sram22_top
Die area:                 ( 0 0 ) ( 1000000 650000 )
Number of track patterns: 12
Number of DEF vias:       0
Number of components:     5864
Number of terminals:      144
Number of snets:          2
Number of nets:           1248

[WARNING DRT-0419] No routing tracks pass through the center of Term u_protected_memory.u_data/dout[0]
[WARNING DRT-0419] No routing tracks pass through the center of Term u_protected_memory.u_data/dout[1]
[WARNING DRT-0419] No routing tracks pass through the center of Term u_protected_memory.u_data/dout[2]
[WARNING DRT-0419] No routing tracks pass through the center of Term u_protected_memory.u_data/dout[3]
[WARNING DRT-0419] No routing tracks pass through the center of Term u_protected_memory.u_data/dout[4]
[WARNING DRT-0419] No routing tracks pass through the center of Term u_protected_memory.u_data/dout[5]
[WARNING DRT-0419] No routing tracks pass through the center of Term u_protected_memory.u_data/dout[6]
[WARNING DRT-0419] No routing tracks pass through the center of Term u_protected_memory.u_data/dout[7]
[WARNING DRT-0419] No routing tracks pass through the center of Term u_protected_memory.u_data/dout[8]
[WARNING DRT-0419] No routing tracks pass through the center of Term u_protected_memory.u_data/dout[9]
[WARNING DRT-0419] No routing tracks pass through the center of Term u_protected_memory.u_data/dout[10]
[WARNING DRT-0419] No routing tracks pass through the center of Term u_protected_memory.u_data/dout[11]
[WARNING DRT-0419] No routing tracks pass through the center of Term u_protected_memory.u_data/dout[12]
[WARNING DRT-0419] No routing tracks pass through the center of Term u_protected_memory.u_data/dout[13]
[WARNING DRT-0419] No routing tracks pass through the center of Term u_protected_memory.u_data/dout[14]
[WARNING DRT-0419] No routing tracks pass through the center of Term u_protected_memory.u_data/dout[15]
[WARNING DRT-0419] No routing tracks pass through the center of Term u_protected_memory.u_data/dout[16]
[WARNING DRT-0419] No routing tracks pass through the center of Term u_protected_memory.u_data/dout[17]
[WARNING DRT-0419] No routing tracks pass through the center of Term u_protected_memory.u_data/dout[18]
[WARNING DRT-0419] No routing tracks pass through the center of Term u_protected_memory.u_data/dout[19]
[WARNING DRT-0419] No routing tracks pass through the center of Term u_protected_memory.u_data/dout[20]
[WARNING DRT-0419] No routing tracks pass through the center of Term u_protected_memory.u_data/dout[21]
[WARNING DRT-0419] No routing tracks pass through the center of Term u_protected_memory.u_data/dout[22]
[WARNING DRT-0419] No routing tracks pass through the center of Term u_protected_memory.u_data/dout[23]
[WARNING DRT-0419] No routing tracks pass through the center of Term u_protected_memory.u_data/dout[24]
[WARNING DRT-0419] No routing tracks pass through the center of Term u_protected_memory.u_data/dout[25]
[WARNING DRT-0419] No routing tracks pass through the center of Term u_protected_memory.u_data/dout[26]
[WARNING DRT-0419] No routing tracks pass through the center of Term u_protected_memory.u_data/dout[27]
[WARNING DRT-0419] No routing tracks pass through the center of Term u_protected_memory.u_data/dout[28]
[WARNING DRT-0419] No routing tracks pass through the center of Term u_protected_memory.u_data/dout[29]
[WARNING DRT-0419] No routing tracks pass through the center of Term u_protected_memory.u_data/dout[30]
[WARNING DRT-0419] No routing tracks pass through the center of Term u_protected_memory.u_data/dout[31]
[WARNING DRT-0419] No routing tracks pass through the center of Term u_protected_memory.u_data/dout[32]
[WARNING DRT-0419] No routing tracks pass through the center of Term u_protected_memory.u_data/dout[33]
[WARNING DRT-0419] No routing tracks pass through the center of Term u_protected_memory.u_data/dout[34]
[WARNING DRT-0419] No routing tracks pass through the center of Term u_protected_memory.u_data/dout[35]
[WARNING DRT-0419] No routing tracks pass through the center of Term u_protected_memory.u_data/dout[36]
[WARNING DRT-0419] No routing tracks pass through the center of Term u_protected_memory.u_data/dout[37]
[WARNING DRT-0419] No routing tracks pass through the center of Term u_protected_memory.u_data/dout[38]
[WARNING DRT-0419] No routing tracks pass through the center of Term u_protected_memory.u_data/dout[39]
[WARNING DRT-0419] No routing tracks pass through the center of Term u_protected_memory.u_data/dout[40]
[WARNING DRT-0419] No routing tracks pass through the center of Term u_protected_memory.u_data/dout[41]
[WARNING DRT-0419] No routing tracks pass through the center of Term u_protected_memory.u_data/dout[42]
[WARNING DRT-0419] No routing tracks pass through the center of Term u_protected_memory.u_data/dout[43]
[WARNING DRT-0419] No routing tracks pass through the center of Term u_protected_memory.u_data/dout[44]
[WARNING DRT-0419] No routing tracks pass through the center of Term u_protected_memory.u_data/dout[45]
[WARNING DRT-0419] No routing tracks pass through the center of Term u_protected_memory.u_data/dout[46]
[WARNING DRT-0419] No routing tracks pass through the center of Term u_protected_memory.u_data/dout[47]
[WARNING DRT-0419] No routing tracks pass through the center of Term u_protected_memory.u_data/dout[48]
[WARNING DRT-0419] No routing tracks pass through the center of Term u_protected_memory.u_data/dout[49]
[WARNING DRT-0419] No routing tracks pass through the center of Term u_protected_memory.u_data/dout[50]
[WARNING DRT-0419] No routing tracks pass through the center of Term u_protected_memory.u_data/dout[51]
[WARNING DRT-0419] No routing tracks pass through the center of Term u_protected_memory.u_data/dout[52]
[WARNING DRT-0419] No routing tracks pass through the center of Term u_protected_memory.u_data/dout[53]
[WARNING DRT-0419] No routing tracks pass through the center of Term u_protected_memory.u_data/dout[54]
[WARNING DRT-0419] No routing tracks pass through the center of Term u_protected_memory.u_data/dout[55]
[WARNING DRT-0419] No routing tracks pass through the center of Term u_protected_memory.u_data/dout[56]
[WARNING DRT-0419] No routing tracks pass through the center of Term u_protected_memory.u_data/dout[57]
[WARNING DRT-0419] No routing tracks pass through the center of Term u_protected_memory.u_data/dout[58]
[WARNING DRT-0419] No routing tracks pass through the center of Term u_protected_memory.u_data/dout[59]
[WARNING DRT-0419] No routing tracks pass through the center of Term u_protected_memory.u_data/dout[60]
[WARNING DRT-0419] No routing tracks pass through the center of Term u_protected_memory.u_data/dout[61]
[WARNING DRT-0419] No routing tracks pass through the center of Term u_protected_memory.u_data/dout[62]
[WARNING DRT-0419] No routing tracks pass through the center of Term u_protected_memory.u_data/dout[63]
[WARNING DRT-0419] No routing tracks pass through the center of Term u_protected_memory.u_data/din[0]
[WARNING DRT-0419] No routing tracks pass through the center of Term u_protected_memory.u_data/din[1]
[WARNING DRT-0419] No routing tracks pass through the center of Term u_protected_memory.u_data/din[2]
[WARNING DRT-0419] No routing tracks pass through the center of Term u_protected_memory.u_data/din[3]
[WARNING DRT-0419] No routing tracks pass through the center of Term u_protected_memory.u_data/din[4]
[WARNING DRT-0419] No routing tracks pass through the center of Term u_protected_memory.u_data/din[5]
[WARNING DRT-0419] No routing tracks pass through the center of Term u_protected_memory.u_data/din[6]
[WARNING DRT-0419] No routing tracks pass through the center of Term u_protected_memory.u_data/din[7]
[WARNING DRT-0419] No routing tracks pass through the center of Term u_protected_memory.u_data/din[8]
[WARNING DRT-0419] No routing tracks pass through the center of Term u_protected_memory.u_data/din[9]
[WARNING DRT-0419] No routing tracks pass through the center of Term u_protected_memory.u_data/din[10]
[WARNING DRT-0419] No routing tracks pass through the center of Term u_protected_memory.u_data/din[11]
[WARNING DRT-0419] No routing tracks pass through the center of Term u_protected_memory.u_data/din[12]
[WARNING DRT-0419] No routing tracks pass through the center of Term u_protected_memory.u_data/din[13]
[WARNING DRT-0419] No routing tracks pass through the center of Term u_protected_memory.u_data/din[14]
[WARNING DRT-0419] No routing tracks pass through the center of Term u_protected_memory.u_data/din[15]
[WARNING DRT-0419] No routing tracks pass through the center of Term u_protected_memory.u_data/din[16]
[WARNING DRT-0419] No routing tracks pass through the center of Term u_protected_memory.u_data/din[17]
[WARNING DRT-0419] No routing tracks pass through the center of Term u_protected_memory.u_data/din[18]
[WARNING DRT-0419] No routing tracks pass through the center of Term u_protected_memory.u_data/din[19]
[WARNING DRT-0419] No routing tracks pass through the center of Term u_protected_memory.u_data/din[20]
[WARNING DRT-0419] No routing tracks pass through the center of Term u_protected_memory.u_data/din[21]
[WARNING DRT-0419] No routing tracks pass through the center of Term u_protected_memory.u_data/din[22]
[WARNING DRT-0419] No routing tracks pass through the center of Term u_protected_memory.u_data/din[23]
[WARNING DRT-0419] No routing tracks pass through the center of Term u_protected_memory.u_data/din[24]
[WARNING DRT-0419] No routing tracks pass through the center of Term u_protected_memory.u_data/din[25]
[WARNING DRT-0419] No routing tracks pass through the center of Term u_protected_memory.u_data/din[26]
[WARNING DRT-0419] No routing tracks pass through the center of Term u_protected_memory.u_data/din[27]
[WARNING DRT-0419] No routing tracks pass through the center of Term u_protected_memory.u_data/din[28]
[WARNING DRT-0419] No routing tracks pass through the center of Term u_protected_memory.u_data/din[29]
[WARNING DRT-0419] No routing tracks pass through the center of Term u_protected_memory.u_data/din[30]
[WARNING DRT-0419] No routing tracks pass through the center of Term u_protected_memory.u_data/din[31]
[WARNING DRT-0419] No routing tracks pass through the center of Term u_protected_memory.u_data/din[32]
[WARNING DRT-0419] No routing tracks pass through the center of Term u_protected_memory.u_data/din[33]
[WARNING DRT-0419] No routing tracks pass through the center of Term u_protected_memory.u_data/din[34]
[WARNING DRT-0419] No routing tracks pass through the center of Term u_protected_memory.u_data/din[35]
[WARNING DRT-0419] No routing tracks pass through the center of Term u_protected_memory.u_data/din[36]
[WARNING DRT-0419] No routing tracks pass through the center of Term u_protected_memory.u_data/din[37]
[WARNING DRT-0419] No routing tracks pass through the center of Term u_protected_memory.u_data/din[38]
[WARNING DRT-0419] No routing tracks pass through the center of Term u_protected_memory.u_data/din[39]
[WARNING DRT-0419] No routing tracks pass through the center of Term u_protected_memory.u_data/din[40]
[WARNING DRT-0419] No routing tracks pass through the center of Term u_protected_memory.u_data/din[41]
[WARNING DRT-0419] No routing tracks pass through the center of Term u_protected_memory.u_data/din[42]
[WARNING DRT-0419] No routing tracks pass through the center of Term u_protected_memory.u_data/din[43]
[WARNING DRT-0419] No routing tracks pass through the center of Term u_protected_memory.u_data/din[44]
[WARNING DRT-0419] No routing tracks pass through the center of Term u_protected_memory.u_data/din[45]
[WARNING DRT-0419] No routing tracks pass through the center of Term u_protected_memory.u_data/din[46]
[WARNING DRT-0419] No routing tracks pass through the center of Term u_protected_memory.u_data/din[47]
[WARNING DRT-0419] No routing tracks pass through the center of Term u_protected_memory.u_data/din[48]
[WARNING DRT-0419] No routing tracks pass through the center of Term u_protected_memory.u_data/din[49]
[WARNING DRT-0419] No routing tracks pass through the center of Term u_protected_memory.u_data/din[50]
[WARNING DRT-0419] No routing tracks pass through the center of Term u_protected_memory.u_data/din[51]
[WARNING DRT-0419] No routing tracks pass through the center of Term u_protected_memory.u_data/din[52]
[WARNING DRT-0419] No routing tracks pass through the center of Term u_protected_memory.u_data/din[53]
[WARNING DRT-0419] No routing tracks pass through the center of Term u_protected_memory.u_data/din[54]
[WARNING DRT-0419] No routing tracks pass through the center of Term u_protected_memory.u_data/din[55]
[WARNING DRT-0419] No routing tracks pass through the center of Term u_protected_memory.u_data/din[56]
[WARNING DRT-0419] No routing tracks pass through the center of Term u_protected_memory.u_data/din[57]
[WARNING DRT-0419] No routing tracks pass through the center of Term u_protected_memory.u_data/din[58]
[WARNING DRT-0419] No routing tracks pass through the center of Term u_protected_memory.u_data/din[59]
[WARNING DRT-0419] No routing tracks pass through the center of Term u_protected_memory.u_data/din[60]
[WARNING DRT-0419] No routing tracks pass through the center of Term u_protected_memory.u_data/din[61]
[WARNING DRT-0419] No routing tracks pass through the center of Term u_protected_memory.u_data/din[62]
[WARNING DRT-0419] No routing tracks pass through the center of Term u_protected_memory.u_data/din[63]
[WARNING DRT-0419] No routing tracks pass through the center of Term u_protected_memory.u_data/wmask[1]
[WARNING DRT-0419] No routing tracks pass through the center of Term u_protected_memory.u_data/wmask[2]
[WARNING DRT-0419] No routing tracks pass through the center of Term u_protected_memory.u_data/wmask[3]
[WARNING DRT-0419] No routing tracks pass through the center of Term u_protected_memory.u_data/wmask[4]
[WARNING DRT-0419] No routing tracks pass through the center of Term u_protected_memory.u_data/wmask[5]
[WARNING DRT-0419] No routing tracks pass through the center of Term u_protected_memory.u_data/wmask[6]
[WARNING DRT-0419] No routing tracks pass through the center of Term u_protected_memory.u_data/wmask[7]
[WARNING DRT-0418] Term u_protected_memory.u_ecc/dout[0] has no pins on routing grid
[WARNING DRT-0418] Term u_protected_memory.u_ecc/dout[1] has no pins on routing grid
[WARNING DRT-0418] Term u_protected_memory.u_ecc/dout[2] has no pins on routing grid
[WARNING DRT-0418] Term u_protected_memory.u_ecc/dout[3] has no pins on routing grid
[WARNING DRT-0418] Term u_protected_memory.u_ecc/dout[4] has no pins on routing grid
[WARNING DRT-0418] Term u_protected_memory.u_ecc/dout[5] has no pins on routing grid
[WARNING DRT-0418] Term u_protected_memory.u_ecc/dout[6] has no pins on routing grid
[WARNING DRT-0418] Term u_protected_memory.u_ecc/dout[7] has no pins on routing grid
[WARNING DRT-0419] No routing tracks pass through the center of Term u_protected_memory.u_ecc/din[0]
[WARNING DRT-0419] No routing tracks pass through the center of Term u_protected_memory.u_ecc/din[1]
[WARNING DRT-0419] No routing tracks pass through the center of Term u_protected_memory.u_ecc/din[2]
[WARNING DRT-0418] Term u_protected_memory.u_ecc/din[3] has no pins on routing grid
[WARNING DRT-0418] Term u_protected_memory.u_ecc/din[4] has no pins on routing grid
[WARNING DRT-0418] Term u_protected_memory.u_ecc/din[5] has no pins on routing grid
[WARNING DRT-0418] Term u_protected_memory.u_ecc/din[6] has no pins on routing grid
[WARNING DRT-0418] Term u_protected_memory.u_ecc/din[7] has no pins on routing grid
[WARNING DRT-0419] No routing tracks pass through the center of Term u_protected_memory.u_ecc/wmask[0]
[WARNING DRT-0419] No routing tracks pass through the center of Term u_protected_memory.u_ecc/wmask[1]
[WARNING DRT-0419] No routing tracks pass through the center of Term u_protected_memory.u_ecc/wmask[2]
[WARNING DRT-0418] Term u_protected_memory.u_ecc/wmask[3] has no pins on routing grid
[WARNING DRT-0418] Term u_protected_memory.u_ecc/wmask[4] has no pins on routing grid
[WARNING DRT-0418] Term u_protected_memory.u_ecc/wmask[5] has no pins on routing grid
[WARNING DRT-0418] Term u_protected_memory.u_ecc/wmask[6] has no pins on routing grid
[WARNING DRT-0418] Term u_protected_memory.u_ecc/wmask[7] has no pins on routing grid
[INFO DRT-0167] List of default vias:
  Layer via
    default via: M1M2_PR
  Layer via2
    default via: M2M3_PR
  Layer via3
    default via: M3M4_PR
  Layer via4
    default via: M4M5_PR
[INFO DRT-0162] Library cell analysis.
[INFO DRT-0163] Instance analysis.
[INFO DRT-0164] Number of unique instances = 100.
[INFO DRT-0168] Init region query.
[INFO DRT-0024]   Complete FR_MASTERSLICE.
[INFO DRT-0024]   Complete Fr_VIA.
[INFO DRT-0024]   Complete li1.
[INFO DRT-0024]   Complete mcon.
[INFO DRT-0024]   Complete met1.
[INFO DRT-0024]   Complete via.
[INFO DRT-0024]   Complete met2.
[INFO DRT-0024]   Complete via2.
[INFO DRT-0024]   Complete met3.
[INFO DRT-0024]   Complete via3.
[INFO DRT-0024]   Complete met4.
[INFO DRT-0024]   Complete via4.
[INFO DRT-0024]   Complete met5.
[INFO DRT-0033] FR_MASTERSLICE shape region query size = 0.
[INFO DRT-0033] FR_VIA shape region query size = 0.
[INFO DRT-0033] li1 shape region query size = 47839.
[INFO DRT-0033] mcon shape region query size = 25462.
[INFO DRT-0033] met1 shape region query size = 17872.
[INFO DRT-0033] via shape region query size = 24330.
[INFO DRT-0033] met2 shape region query size = 22048.
[INFO DRT-0033] via2 shape region query size = 45597.
[INFO DRT-0033] met3 shape region query size = 29027.
[INFO DRT-0033] via3 shape region query size = 45281.
[INFO DRT-0033] met4 shape region query size = 11428.
[INFO DRT-0033] via4 shape region query size = 1676.
[INFO DRT-0033] met5 shape region query size = 1768.
[INFO DRT-0165] Start pin access.
[INFO DRT-0078]   Complete 919 pins.
[INFO DRT-0081]   Complete 98 unique inst patterns.
[INFO DRT-0084]   Complete 940 groups.
#scanned instances     = 5864
#unique  instances     = 100
#stdCellGenAp          = 3034
#stdCellValidPlanarAp  = 56
#stdCellValidViaAp     = 2178
#stdCellPinNoAp        = 0
#stdCellPinCnt         = 2892
#instTermValidViaApCnt = 0
#macroGenAp            = 553
#macroValidPlanarAp    = 452
#macroValidViaAp       = 0
#macroNoAp             = 0
[INFO DRT-0166] Complete pin access.
[INFO DRT-0267] cpu time = 00:01:01, elapsed time = 00:00:17, memory = 269.04 (MB), peak = 268.52 (MB)

[INFO DRT-0157] Number of guides:     8464

[INFO DRT-0169] Post process guides.
[INFO DRT-0176] GCELLGRID X 0 DO 144 STEP 6900 ;
[INFO DRT-0177] GCELLGRID Y 0 DO 94 STEP 6900 ;
[INFO DRT-0028]   Complete FR_MASTERSLICE.
[INFO DRT-0028]   Complete Fr_VIA.
[INFO DRT-0028]   Complete li1.
[INFO DRT-0028]   Complete mcon.
[INFO DRT-0028]   Complete met1.
[INFO DRT-0028]   Complete via.
[INFO DRT-0028]   Complete met2.
[INFO DRT-0028]   Complete via2.
[INFO DRT-0028]   Complete met3.
[INFO DRT-0028]   Complete via3.
[INFO DRT-0028]   Complete met4.
[INFO DRT-0028]   Complete via4.
[INFO DRT-0028]   Complete met5.
[INFO DRT-0178] Init guide query.
[INFO DRT-0035]   Complete FR_MASTERSLICE (guide).
[INFO DRT-0035]   Complete Fr_VIA (guide).
[INFO DRT-0035]   Complete li1 (guide).
[INFO DRT-0035]   Complete mcon (guide).
[INFO DRT-0035]   Complete met1 (guide).
[INFO DRT-0035]   Complete via (guide).
[INFO DRT-0035]   Complete met2 (guide).
[INFO DRT-0035]   Complete via2 (guide).
[INFO DRT-0035]   Complete met3 (guide).
[INFO DRT-0035]   Complete via3 (guide).
[INFO DRT-0035]   Complete met4 (guide).
[INFO DRT-0035]   Complete via4 (guide).
[INFO DRT-0035]   Complete met5 (guide).
[INFO DRT-0036] FR_MASTERSLICE guide region query size = 0.
[INFO DRT-0036] FR_VIA guide region query size = 0.
[INFO DRT-0036] li1 guide region query size = 2597.
[INFO DRT-0036] mcon guide region query size = 0.
[INFO DRT-0036] met1 guide region query size = 2472.
[INFO DRT-0036] via guide region query size = 0.
[INFO DRT-0036] met2 guide region query size = 1414.
[INFO DRT-0036] via2 guide region query size = 0.
[INFO DRT-0036] met3 guide region query size = 331.
[INFO DRT-0036] via3 guide region query size = 0.
[INFO DRT-0036] met4 guide region query size = 166.
[INFO DRT-0036] via4 guide region query size = 0.
[INFO DRT-0036] met5 guide region query size = 8.
[INFO DRT-0179] Init gr pin query.
[INFO DRT-0267] cpu time = 00:00:00, elapsed time = 00:00:00, memory = 271.51 (MB), peak = 271.02 (MB)
[INFO DRT-0245] skipped writing guide updates to database.
[INFO DRT-0181] Start track assignment.
[INFO DRT-0184] Done with 4177 vertical wires in 3 frboxes and 2811 horizontal wires in 2 frboxes.
[INFO DRT-0186] Done with 565 vertical wires in 3 frboxes and 720 horizontal wires in 2 frboxes.
[INFO DRT-0182] Complete track assignment.
[INFO DRT-0267] cpu time = 00:00:02, elapsed time = 00:00:01, memory = 312.70 (MB), peak = 330.53 (MB)
[INFO DRT-0187] Start routing data preparation.
[INFO DRT-0267] cpu time = 00:00:00, elapsed time = 00:00:00, memory = 312.70 (MB), peak = 330.53 (MB)
[INFO DRT-0194] Start detail routing.
[INFO DRT-0195] Start 0th optimization iteration.
    Completing 10% with 0 violations.
    elapsed time = 00:00:00, memory = 329.68 (MB).
    Completing 20% with 0 violations.
    elapsed time = 00:00:00, memory = 364.62 (MB).
    Completing 30% with 167 violations.
    elapsed time = 00:00:04, memory = 348.85 (MB).
    Completing 40% with 167 violations.
    elapsed time = 00:00:04, memory = 384.05 (MB).
    Completing 50% with 167 violations.
    elapsed time = 00:00:05, memory = 397.57 (MB).
    Completing 60% with 368 violations.
    elapsed time = 00:00:07, memory = 384.29 (MB).
    Completing 70% with 368 violations.
    elapsed time = 00:00:08, memory = 403.32 (MB).
    Completing 80% with 517 violations.
    elapsed time = 00:00:11, memory = 388.38 (MB).
    Completing 90% with 517 violations.
    elapsed time = 00:00:12, memory = 402.29 (MB).
    Completing 100% with 634 violations.
    elapsed time = 00:00:12, memory = 405.56 (MB).
[INFO DRT-0199]   Number of violations = 717.
Viol/Layer        mcon   met1   met2   met3   met4
Cut Spacing          2      0      0      0      0
Metal Spacing        0    133     33      8      0
Min Hole             0      1      0      0      0
Recheck              0     45     23     10      5
Short                0    417     38      1      1
[INFO DRT-0267] cpu time = 00:00:28, elapsed time = 00:00:13, memory = 731.52 (MB), peak = 731.11 (MB)
Total wire length = 80723 um.
Total wire length on LAYER li1 = 0 um.
Total wire length on LAYER met1 = 23287 um.
Total wire length on LAYER met2 = 44256 um.
Total wire length on LAYER met3 = 5895 um.
Total wire length on LAYER met4 = 7184 um.
Total wire length on LAYER met5 = 99 um.
Total number of vias = 6733.
Up-via summary (total 6733):

-----------------------
 FR_MASTERSLICE       0
            li1    2931
           met1    3200
           met2     341
           met3     245
           met4      16
-----------------------
               6733


[INFO DRT-0195] Start 1st optimization iteration.
    Completing 10% with 717 violations.
    elapsed time = 00:00:00, memory = 731.52 (MB).
    Completing 20% with 717 violations.
    elapsed time = 00:00:00, memory = 750.56 (MB).
    Completing 30% with 679 violations.
    elapsed time = 00:00:03, memory = 733.77 (MB).
    Completing 40% with 679 violations.
    elapsed time = 00:00:03, memory = 734.56 (MB).
    Completing 50% with 679 violations.
    elapsed time = 00:00:04, memory = 743.34 (MB).
    Completing 60% with 610 violations.
    elapsed time = 00:00:06, memory = 743.34 (MB).
    Completing 70% with 610 violations.
    elapsed time = 00:00:06, memory = 751.52 (MB).
    Completing 80% with 541 violations.
    elapsed time = 00:00:08, memory = 751.52 (MB).
    Completing 90% with 541 violations.
    elapsed time = 00:00:09, memory = 770.96 (MB).
    Completing 100% with 405 violations.
    elapsed time = 00:00:13, memory = 752.33 (MB).
[INFO DRT-0199]   Number of violations = 405.
Viol/Layer        mcon   met1   met2
Cut Spacing          3      0      0
Metal Spacing        0    108     12
Short                0    255     27
[INFO DRT-0267] cpu time = 00:00:27, elapsed time = 00:00:13, memory = 755.33 (MB), peak = 770.52 (MB)
Total wire length = 80499 um.
Total wire length on LAYER li1 = 0 um.
Total wire length on LAYER met1 = 23138 um.
Total wire length on LAYER met2 = 44152 um.
Total wire length on LAYER met3 = 5942 um.
Total wire length on LAYER met4 = 7164 um.
Total wire length on LAYER met5 = 102 um.
Total number of vias = 6723.
Up-via summary (total 6723):

-----------------------
 FR_MASTERSLICE       0
            li1    2930
           met1    3188
           met2     352
           met3     237
           met4      16
-----------------------
               6723


[INFO DRT-0195] Start 2nd optimization iteration.
    Completing 10% with 405 violations.
    elapsed time = 00:00:00, memory = 755.33 (MB).
    Completing 20% with 405 violations.
    elapsed time = 00:00:00, memory = 755.33 (MB).
    Completing 30% with 408 violations.
    elapsed time = 00:00:01, memory = 755.33 (MB).
    Completing 40% with 408 violations.
    elapsed time = 00:00:01, memory = 755.45 (MB).
    Completing 50% with 408 violations.
    elapsed time = 00:00:03, memory = 755.45 (MB).
    Completing 60% with 373 violations.
    elapsed time = 00:00:03, memory = 755.45 (MB).
    Completing 70% with 373 violations.
    elapsed time = 00:00:04, memory = 756.45 (MB).
    Completing 80% with 380 violations.
    elapsed time = 00:00:05, memory = 756.45 (MB).
    Completing 90% with 380 violations.
    elapsed time = 00:00:05, memory = 781.24 (MB).
    Completing 100% with 332 violations.
    elapsed time = 00:00:21, memory = 756.45 (MB).
[INFO DRT-0199]   Number of violations = 332.
Viol/Layer        mcon   met1   met2
Cut Spacing          3      0      0
Metal Spacing        0     81     16
Short                0    227      5
[INFO DRT-0267] cpu time = 00:00:30, elapsed time = 00:00:21, memory = 756.45 (MB), peak = 780.92 (MB)
Total wire length = 80382 um.
Total wire length on LAYER li1 = 0 um.
Total wire length on LAYER met1 = 23045 um.
Total wire length on LAYER met2 = 44255 um.
Total wire length on LAYER met3 = 5925 um.
Total wire length on LAYER met4 = 7058 um.
Total wire length on LAYER met5 = 97 um.
Total number of vias = 6667.
Up-via summary (total 6667):

-----------------------
 FR_MASTERSLICE       0
            li1    2931
           met1    3151
           met2     336
           met3     233
           met4      16
-----------------------
               6667


[INFO DRT-0195] Start 3rd optimization iteration.
    Completing 10% with 332 violations.
    elapsed time = 00:00:00, memory = 756.45 (MB).
    Completing 20% with 332 violations.
    elapsed time = 00:00:00, memory = 758.99 (MB).
    Completing 30% with 229 violations.
    elapsed time = 00:00:02, memory = 762.26 (MB).
    Completing 40% with 229 violations.
    elapsed time = 00:00:03, memory = 764.65 (MB).
    Completing 50% with 229 violations.
    elapsed time = 00:00:03, memory = 764.65 (MB).
    Completing 60% with 161 violations.
    elapsed time = 00:00:07, memory = 767.35 (MB).
    Completing 70% with 161 violations.
    elapsed time = 00:00:07, memory = 770.75 (MB).
    Completing 80% with 95 violations.
    elapsed time = 00:00:11, memory = 779.37 (MB).
    Completing 90% with 95 violations.
    elapsed time = 00:00:11, memory = 779.37 (MB).
    Completing 100% with 17 violations.
    elapsed time = 00:00:11, memory = 779.37 (MB).
[INFO DRT-0199]   Number of violations = 17.
Viol/Layer        met1   met2   met3
Metal Spacing        3      1      1
Short               12      0      0
[INFO DRT-0267] cpu time = 00:00:23, elapsed time = 00:00:12, memory = 779.37 (MB), peak = 780.92 (MB)
Total wire length = 80324 um.
Total wire length on LAYER li1 = 0 um.
Total wire length on LAYER met1 = 22343 um.
Total wire length on LAYER met2 = 44306 um.
Total wire length on LAYER met3 = 6602 um.
Total wire length on LAYER met4 = 7014 um.
Total wire length on LAYER met5 = 57 um.
Total number of vias = 6803.
Up-via summary (total 6803):

-----------------------
 FR_MASTERSLICE       0
            li1    2933
           met1    3232
           met2     398
           met3     230
           met4      10
-----------------------
               6803


[INFO DRT-0195] Start 4th guides tiles iteration.
    Completing 10% with 17 violations.
    elapsed time = 00:00:00, memory = 779.37 (MB).
    Completing 20% with 17 violations.
    elapsed time = 00:00:00, memory = 779.37 (MB).
    Completing 40% with 17 violations.
    elapsed time = 00:00:00, memory = 779.37 (MB).
    Completing 50% with 17 violations.
    elapsed time = 00:00:00, memory = 779.37 (MB).
    Completing 70% with 17 violations.
    elapsed time = 00:00:00, memory = 779.37 (MB).
    Completing 80% with 0 violations.
    elapsed time = 00:00:00, memory = 779.37 (MB).
    Completing 100% with 0 violations.
    elapsed time = 00:00:00, memory = 779.37 (MB).
[INFO DRT-0199]   Number of violations = 0.
[INFO DRT-0267] cpu time = 00:00:00, elapsed time = 00:00:00, memory = 779.37 (MB), peak = 780.92 (MB)
Total wire length = 80311 um.
Total wire length on LAYER li1 = 0 um.
Total wire length on LAYER met1 = 22294 um.
Total wire length on LAYER met2 = 44304 um.
Total wire length on LAYER met3 = 6642 um.
Total wire length on LAYER met4 = 7013 um.
Total wire length on LAYER met5 = 57 um.
Total number of vias = 6790.
Up-via summary (total 6790):

-----------------------
 FR_MASTERSLICE       0
            li1    2933
           met1    3225
           met2     394
           met3     228
           met4      10
-----------------------
               6790


[INFO DRT-0198] Complete detail routing.
Total wire length = 80311 um.
Total wire length on LAYER li1 = 0 um.
Total wire length on LAYER met1 = 22294 um.
Total wire length on LAYER met2 = 44304 um.
Total wire length on LAYER met3 = 6642 um.
Total wire length on LAYER met4 = 7013 um.
Total wire length on LAYER met5 = 57 um.
Total number of vias = 6790.
Up-via summary (total 6790):

-----------------------
 FR_MASTERSLICE       0
            li1    2933
           met1    3225
           met2     394
           met3     228
           met4      10
-----------------------
               6790


[INFO DRT-0267] cpu time = 00:01:50, elapsed time = 00:01:00, memory = 779.37 (MB), peak = 780.92 (MB)

[INFO DRT-0180] Post processing.
[INFO DRT-0501] Runtime: 81.54s
Took 80 seconds: detailed_route -output_drc /work/campaigns/iscas_sustainability_extension/memory_compiler/gate3_attempt09_sram22_residual_interface_drv_and_provenance_closure/raw/openroad/work/reports/sky130hd/attempt09_e0/seed19/5_route_drc.rpt -output_maze /work/campaigns/iscas_sustainability_extension/memory_compiler/gate3_attempt09_sram22_residual_interface_drv_and_provenance_closure/raw/openroad/work/results/sky130hd/attempt09_e0/seed19/maze.log -droute_end_iter 64 -verbose 1 -drc_report_iter_step 5
[INFO GRT-0012] Found 6 antenna violations.
[INFO DPL-0006] Core area: 615627.94 um^2
[INFO DPL-0007] Movable instances area: 12.51 um^2
[INFO DPL-0008] Fixed instances area within core: 275984.08 um^2
[INFO DPL-0009] Utilization: 44.8%
[INFO DPL-0005] Diamond search max displacement: +/- 500 sites horizontally, +/- 100 rows vertically.
[INFO DPL-1102] Legalizing using negotiation legalizer.
[INFO DPL-1103] Negotiation base search window: +/-20 sites horizontally, +/-5 rows vertically 
	Automatic search window extension enabled.
	Search window extendable up to the max displacement cap of +/-500 sites, +/-100 rows near walls.
[INFO DPL-1104] NegotiationLegalizer DRC penalty: 5.
[INFO DPL-0392] Negotiation cell height distribution (3 unique row-count(s)):
[INFO DPL-0393]   height 1 row(s): 5869 cells
[INFO DPL-0393]   height 83 row(s): 1 cells
[INFO DPL-0393]   height 108 row(s): 1 cells
          |      Total |  Illegal |  Illegal
Iteration | Violations |    Cells |    Sites
---------------------------------------------
        0 |          0 |         0 |         0
Negotiation phase 1 converged at iteration 0.
[INFO DPL-0500] Runtime: 0.06s
[INFO GRT-0015] Inserted 7 diodes.
[INFO DRT-0024]   Complete FR_MASTERSLICE.
[INFO DRT-0024]   Complete Fr_VIA.
[INFO DRT-0024]   Complete li1.
[INFO DRT-0024]   Complete mcon.
[INFO DRT-0024]   Complete met1.
[INFO DRT-0024]   Complete via.
[INFO DRT-0024]   Complete met2.
[INFO DRT-0024]   Complete via2.
[INFO DRT-0024]   Complete met3.
[INFO DRT-0024]   Complete via3.
[INFO DRT-0024]   Complete met4.
[INFO DRT-0024]   Complete via4.
[INFO DRT-0024]   Complete met5.
[INFO DRT-0165] Start pin access.
[INFO DRT-0078]   Complete 919 pins.
[INFO DRT-0081]   Complete 98 unique inst patterns.
[INFO DRT-0084]   Complete 945 groups.
#scanned instances     = 5871
#unique  instances     = 100
#stdCellGenAp          = 3034
#stdCellValidPlanarAp  = 56
#stdCellValidViaAp     = 2178
#stdCellPinNoAp        = 0
#stdCellPinCnt         = 2892
#instTermValidViaApCnt = 0
#macroGenAp            = 553
#macroValidPlanarAp    = 452
#macroValidViaAp       = 0
#macroNoAp             = 0
[INFO DRT-0166] Complete pin access.
[INFO DRT-0267] cpu time = 00:01:02, elapsed time = 00:00:17, memory = 687.32 (MB), peak = 780.92 (MB)

[INFO DRT-0157] Number of guides:     8443

[INFO DRT-0169] Post process guides.
[INFO DRT-0176] GCELLGRID X 0 DO 144 STEP 6900 ;
[INFO DRT-0177] GCELLGRID Y 0 DO 94 STEP 6900 ;
[INFO DRT-0028]   Complete FR_MASTERSLICE.
[INFO DRT-0028]   Complete Fr_VIA.
[INFO DRT-0028]   Complete li1.
[INFO DRT-0028]   Complete mcon.
[INFO DRT-0028]   Complete met1.
[INFO DRT-0028]   Complete via.
[INFO DRT-0028]   Complete met2.
[INFO DRT-0028]   Complete via2.
[INFO DRT-0028]   Complete met3.
[INFO DRT-0028]   Complete via3.
[INFO DRT-0028]   Complete met4.
[INFO DRT-0028]   Complete via4.
[INFO DRT-0028]   Complete met5.
[INFO DRT-0178] Init guide query.
[INFO DRT-0035]   Complete FR_MASTERSLICE (guide).
[INFO DRT-0035]   Complete Fr_VIA (guide).
[INFO DRT-0035]   Complete li1 (guide).
[INFO DRT-0035]   Complete mcon (guide).
[INFO DRT-0035]   Complete met1 (guide).
[INFO DRT-0035]   Complete via (guide).
[INFO DRT-0035]   Complete met2 (guide).
[INFO DRT-0035]   Complete via2 (guide).
[INFO DRT-0035]   Complete met3 (guide).
[INFO DRT-0035]   Complete via3 (guide).
[INFO DRT-0035]   Complete met4 (guide).
[INFO DRT-0035]   Complete via4 (guide).
[INFO DRT-0035]   Complete met5 (guide).
[INFO DRT-0036] FR_MASTERSLICE guide region query size = 0.
[INFO DRT-0036] FR_VIA guide region query size = 0.
[INFO DRT-0036] li1 guide region query size = 2602.
[INFO DRT-0036] mcon guide region query size = 0.
[INFO DRT-0036] met1 guide region query size = 2478.
[INFO DRT-0036] via guide region query size = 0.
[INFO DRT-0036] met2 guide region query size = 1412.
[INFO DRT-0036] via2 guide region query size = 0.
[INFO DRT-0036] met3 guide region query size = 322.
[INFO DRT-0036] via3 guide region query size = 0.
[INFO DRT-0036] met4 guide region query size = 160.
[INFO DRT-0036] via4 guide region query size = 0.
[INFO DRT-0036] met5 guide region query size = 6.
[INFO DRT-0179] Init gr pin query.
[INFO DRT-0267] cpu time = 00:00:00, elapsed time = 00:00:00, memory = 687.32 (MB), peak = 780.92 (MB)
[INFO DRT-0245] skipped writing guide updates to database.
[INFO DRT-0181] Start track assignment.
[INFO DRT-0184] Done with 4174 vertical wires in 3 frboxes and 2806 horizontal wires in 2 frboxes.
[INFO DRT-0186] Done with 559 vertical wires in 3 frboxes and 720 horizontal wires in 2 frboxes.
[INFO DRT-0182] Complete track assignment.
[INFO DRT-0267] cpu time = 00:00:02, elapsed time = 00:00:01, memory = 687.32 (MB), peak = 780.92 (MB)
[INFO DRT-0187] Start routing data preparation.
[INFO DRT-0267] cpu time = 00:00:00, elapsed time = 00:00:00, memory = 687.32 (MB), peak = 780.92 (MB)
[INFO DRT-0194] Start detail routing.
[INFO DRT-0195] Start 0th optimization iteration.
    Completing 10% with 0 violations.
    elapsed time = 00:00:00, memory = 687.32 (MB).
    Completing 20% with 0 violations.
    elapsed time = 00:00:00, memory = 687.32 (MB).
    Completing 30% with 5 violations.
    elapsed time = 00:00:00, memory = 687.32 (MB).
    Completing 40% with 5 violations.
    elapsed time = 00:00:01, memory = 687.68 (MB).
    Completing 50% with 5 violations.
    elapsed time = 00:00:01, memory = 687.68 (MB).
    Completing 60% with 17 violations.
    elapsed time = 00:00:01, memory = 687.68 (MB).
    Completing 70% with 17 violations.
    elapsed time = 00:00:02, memory = 687.68 (MB).
    Completing 80% with 32 violations.
    elapsed time = 00:00:02, memory = 687.68 (MB).
    Completing 90% with 32 violations.
    elapsed time = 00:00:02, memory = 687.68 (MB).
    Completing 100% with 40 violations.
    elapsed time = 00:00:03, memory = 687.68 (MB).
[INFO DRT-0199]   Number of violations = 50.
Viol/Layer        met1   met2   met3   met4
Metal Spacing        1      1      0      1
Recheck              2      2      2      4
Short               19      4      2     12
[INFO DRT-0267] cpu time = 00:00:10, elapsed time = 00:00:03, memory = 808.07 (MB), peak = 807.64 (MB)
Total wire length = 80289 um.
Total wire length on LAYER li1 = 0 um.
Total wire length on LAYER met1 = 22772 um.
Total wire length on LAYER met2 = 44328 um.
Total wire length on LAYER met3 = 6153 um.
Total wire length on LAYER met4 = 6987 um.
Total wire length on LAYER met5 = 46 um.
Total number of vias = 6799.
Up-via summary (total 6799):

-----------------------
 FR_MASTERSLICE       0
            li1    2944
           met1    3240
           met2     386
           met3     221
           met4       8
-----------------------
               6799


[INFO DRT-0195] Start 1st optimization iteration.
    Completing 10% with 50 violations.
    elapsed time = 00:00:00, memory = 808.07 (MB).
    Completing 20% with 50 violations.
    elapsed time = 00:00:00, memory = 808.07 (MB).
    Completing 30% with 44 violations.
    elapsed time = 00:00:00, memory = 808.07 (MB).
    Completing 40% with 44 violations.
    elapsed time = 00:00:01, memory = 808.39 (MB).
    Completing 50% with 44 violations.
    elapsed time = 00:00:01, memory = 808.39 (MB).
    Completing 60% with 42 violations.
    elapsed time = 00:00:01, memory = 808.39 (MB).
    Completing 70% with 42 violations.
    elapsed time = 00:00:01, memory = 808.39 (MB).
    Completing 80% with 28 violations.
    elapsed time = 00:00:02, memory = 808.39 (MB).
    Completing 90% with 28 violations.
    elapsed time = 00:00:02, memory = 808.39 (MB).
    Completing 100% with 14 violations.
    elapsed time = 00:00:02, memory = 808.39 (MB).
[INFO DRT-0199]   Number of violations = 14.
Viol/Layer        met1
Short               14
[INFO DRT-0267] cpu time = 00:00:09, elapsed time = 00:00:03, memory = 685.13 (MB), peak = 807.89 (MB)
Total wire length = 80279 um.
Total wire length on LAYER li1 = 0 um.
Total wire length on LAYER met1 = 22770 um.
Total wire length on LAYER met2 = 44333 um.
Total wire length on LAYER met3 = 6151 um.
Total wire length on LAYER met4 = 6977 um.
Total wire length on LAYER met5 = 46 um.
Total number of vias = 6795.
Up-via summary (total 6795):

-----------------------
 FR_MASTERSLICE       0
            li1    2944
           met1    3239
           met2     386
           met3     218
           met4       8
-----------------------
               6795


[INFO DRT-0195] Start 2nd optimization iteration.
    Completing 10% with 14 violations.
    elapsed time = 00:00:00, memory = 685.13 (MB).
    Completing 20% with 14 violations.
    elapsed time = 00:00:00, memory = 685.13 (MB).
    Completing 30% with 16 violations.
    elapsed time = 00:00:00, memory = 685.13 (MB).
    Completing 40% with 16 violations.
    elapsed time = 00:00:00, memory = 685.13 (MB).
    Completing 50% with 16 violations.
    elapsed time = 00:00:00, memory = 685.13 (MB).
    Completing 60% with 16 violations.
    elapsed time = 00:00:00, memory = 685.13 (MB).
    Completing 70% with 16 violations.
    elapsed time = 00:00:00, memory = 685.13 (MB).
    Completing 80% with 16 violations.
    elapsed time = 00:00:00, memory = 685.13 (MB).
    Completing 90% with 16 violations.
    elapsed time = 00:00:00, memory = 685.13 (MB).
    Completing 100% with 16 violations.
    elapsed time = 00:00:01, memory = 685.13 (MB).
[INFO DRT-0199]   Number of violations = 16.
Viol/Layer        met1
Metal Spacing        2
Short               14
[INFO DRT-0267] cpu time = 00:00:02, elapsed time = 00:00:01, memory = 808.39 (MB), peak = 807.96 (MB)
Total wire length = 80276 um.
Total wire length on LAYER li1 = 0 um.
Total wire length on LAYER met1 = 22768 um.
Total wire length on LAYER met2 = 44333 um.
Total wire length on LAYER met3 = 6151 um.
Total wire length on LAYER met4 = 6977 um.
Total wire length on LAYER met5 = 46 um.
Total number of vias = 6796.
Up-via summary (total 6796):

-----------------------
 FR_MASTERSLICE       0
            li1    2944
           met1    3240
           met2     386
           met3     218
           met4       8
-----------------------
               6796


[INFO DRT-0195] Start 3rd guides tiles iteration.
    Completing 10% with 16 violations.
    elapsed time = 00:00:00, memory = 825.29 (MB).
    Completing 20% with 16 violations.
    elapsed time = 00:00:00, memory = 827.72 (MB).
    Completing 30% with 16 violations.
    elapsed time = 00:00:00, memory = 833.50 (MB).
    Completing 50% with 16 violations.
    elapsed time = 00:00:00, memory = 808.39 (MB).
    Completing 60% with 0 violations.
    elapsed time = 00:00:00, memory = 808.39 (MB).
    Completing 70% with 0 violations.
    elapsed time = 00:00:00, memory = 808.39 (MB).
    Completing 80% with 0 violations.
    elapsed time = 00:00:00, memory = 808.39 (MB).
    Completing 100% with 0 violations.
    elapsed time = 00:00:00, memory = 685.13 (MB).
[INFO DRT-0199]   Number of violations = 0.
[INFO DRT-0267] cpu time = 00:00:01, elapsed time = 00:00:00, memory = 808.38 (MB), peak = 832.96 (MB)
Total wire length = 80273 um.
Total wire length on LAYER li1 = 0 um.
Total wire length on LAYER met1 = 22431 um.
Total wire length on LAYER met2 = 44338 um.
Total wire length on LAYER met3 = 6478 um.
Total wire length on LAYER met4 = 6978 um.
Total wire length on LAYER met5 = 46 um.
Total number of vias = 6801.
Up-via summary (total 6801):

-----------------------
 FR_MASTERSLICE       0
            li1    2945
           met1    3238
           met2     392
           met3     218
           met4       8
-----------------------
               6801


[INFO DRT-0198] Complete detail routing.
Total wire length = 80273 um.
Total wire length on LAYER li1 = 0 um.
Total wire length on LAYER met1 = 22431 um.
Total wire length on LAYER met2 = 44338 um.
Total wire length on LAYER met3 = 6478 um.
Total wire length on LAYER met4 = 6978 um.
Total wire length on LAYER met5 = 46 um.
Total number of vias = 6801.
Up-via summary (total 6801):

-----------------------
 FR_MASTERSLICE       0
            li1    2945
           met1    3238
           met2     392
           met3     218
           met4       8
-----------------------
               6801


[INFO DRT-0267] cpu time = 00:00:23, elapsed time = 00:00:08, memory = 808.38 (MB), peak = 832.96 (MB)

[INFO DRT-0180] Post processing.
[INFO DRT-0501] Runtime: 27.57s
[INFO ANT-0002] Found 0 net violations.
[INFO ANT-0001] Found 0 pin violations.
[INFO ANT-0002] Found 0 net violations.
[INFO ANT-0001] Found 0 pin violations.
Design area 275997 um^2 45% utilization.
write_db /work/campaigns/iscas_sustainability_extension/memory_compiler/gate3_attempt09_sram22_residual_interface_drv_and_provenance_closure/raw/openroad/work/results/sky130hd/attempt09_e0/seed19/5_2_route.odb
Elapsed time: 1:53.11[h:]min:sec. CPU time: user 266.35 sys 2.73 (237%). Peak memory: 852952KB.
Log                       Ext     Elapsed/s Peak Memory/MB sha1sum result [0:20)
5_2_route                 .odb          113            832 545a9e9c7f218de9fda1
