cp /work/campaigns/iscas_sustainability_extension/memory_compiler/gate3_attempt07_sram22_matched_physical_closure/openroad/u0/constraint.sdc /work/campaigns/iscas_sustainability_extension/memory_compiler/gate3_attempt07_sram22_matched_physical_closure/raw/openroad/work/results/sky130hd/attempt07_u0/seed11/1_2_yosys.sdc
touch -r /work/campaigns/iscas_sustainability_extension/memory_compiler/gate3_attempt07_sram22_matched_physical_closure/openroad/u0/constraint.sdc /work/campaigns/iscas_sustainability_extension/memory_compiler/gate3_attempt07_sram22_matched_physical_closure/raw/openroad/work/results/sky130hd/attempt07_u0/seed11/1_2_yosys.sdc
cp /work/campaigns/iscas_sustainability_extension/memory_compiler/gate3_attempt07_sram22_matched_physical_closure/openroad/u0/constraint.sdc /work/campaigns/iscas_sustainability_extension/memory_compiler/gate3_attempt07_sram22_matched_physical_closure/raw/openroad/work/results/sky130hd/attempt07_u0/seed11/1_2_yosys.sdc
touch -r /work/campaigns/iscas_sustainability_extension/memory_compiler/gate3_attempt07_sram22_matched_physical_closure/openroad/u0/constraint.sdc /work/campaigns/iscas_sustainability_extension/memory_compiler/gate3_attempt07_sram22_matched_physical_closure/raw/openroad/work/results/sky130hd/attempt07_u0/seed11/1_2_yosys.sdc
/OpenROAD-flow-scripts/flow/scripts/flow.sh 3_5_place_dp detail_place
Running detail_place.tcl, stage 3_5_place_dp
read_liberty /OpenROAD-flow-scripts/flow/platforms/sky130hd/lib/sky130_fd_sc_hd__tt_025C_1v80.lib
read_liberty /work/campaigns/iscas_sustainability_extension/memory_compiler/gate3_attempt07_sram22_matched_physical_closure/source_checkout/sram22_256x64m4w8/sram22_256x64m4w8_tt_025C_1v80.lib
read_db /work/campaigns/iscas_sustainability_extension/memory_compiler/gate3_attempt07_sram22_matched_physical_closure/raw/openroad/work/results/sky130hd/attempt07_u0/seed11/3_4_place_resized.odb
read_sdc /work/campaigns/iscas_sustainability_extension/memory_compiler/gate3_attempt07_sram22_matched_physical_closure/raw/openroad/work/results/sky130hd/attempt07_u0/seed11/2_floorplan.sdc
source /OpenROAD-flow-scripts/flow/platforms/sky130hd/setRC.tcl
detailed_placement
[INFO DPL-0006] Core area: 439734.24 um^2
[INFO DPL-0007] Movable instances area: 1508.95 um^2
[INFO DPL-0008] Fixed instances area within core: 205226.64 um^2
[INFO DPL-0009] Utilization: 47.0%
[INFO DPL-0005] Diamond search max displacement: +/- 500 sites horizontally, +/- 100 rows vertically.
[INFO DPL-1102] Legalizing using negotiation legalizer.
[INFO DPL-1103] Negotiation base search window: +/-20 sites horizontally, +/-5 rows vertically 
	Automatic search window extension enabled.
	Search window extendable up to the max displacement cap of +/-500 sites, +/-100 rows near walls.
[INFO DPL-1104] NegotiationLegalizer DRC penalty: 5.
[INFO DPL-0392] Negotiation cell height distribution (2 unique row-count(s)):
[INFO DPL-0393]   height 1 row(s): 3313 cells
[INFO DPL-0393]   height 108 row(s): 1 cells
          |      Total |  Illegal |  Illegal
Iteration | Violations |    Cells |    Sites
---------------------------------------------
        0 |          0 |         0 |         0
Negotiation phase 1 converged at iteration 0.
[INFO DPL-0500] Runtime: 0.06s
Placement Analysis
---------------------------------
total displacement        423.6 u
average displacement        0.1 u
max displacement           10.9 u
original HPWL           22176.0 u
legalized HPWL          22171.4 u
delta HPWL                    0 %

improve_placement -max_displacement "5 1"
Detailed placement improvement.
[INFO DPL-0401] Setting random seed to 1.
[INFO DPL-0402] Setting maximum displacement 5 1 to 13600 2720 units.
[INFO DPL-0320] Collected 3424 fixed cells.
[INFO DPL-0318] Collected 148 single height cells.
[INFO DPL-0321] Collected 0 wide cells.
[INFO DPL-0322] Image (10120, 10880) - (989920, 459680)
[INFO DPL-0310] Assigned 148 cells into segments.  Movement in X-direction is 0.000000, movement in Y-direction is 0.000000.
[INFO DPL-0313] Found 0 cells in wrong regions.
[INFO DPL-0315] Found 0 row alignment problems.
[INFO DPL-0314] Found 0 site alignment problems.
[INFO DPL-0311] Found 0 overlaps between adjacent cells.
[INFO DPL-0312] Found 0 edge spacing violations and 0 padding violations.
[INFO DPL-0303] Running algorithm for independent set matching.
[INFO DPL-0300] Set matching objective is wirelength.
[INFO DPL-0301] Pass   1 of matching; objective is 2.212068e+07.
[INFO DPL-0302] End of matching; objective is 2.212959e+07, improvement is -0.04 percent.
[INFO DPL-0303] Running algorithm for global swaps.
[INFO DPL-0306] Pass   1 of global swaps; hpwl is 2.212959e+07.
[INFO DPL-0307] End of global swaps; objective is 2.212959e+07, improvement is 0.00 percent.
[INFO DPL-0303] Running algorithm for vertical swaps.
[INFO DPL-0308] Pass   1 of vertical swaps; hpwl is 2.212959e+07.
[INFO DPL-0309] End of vertical swaps; objective is 2.212959e+07, improvement is 0.00 percent.
[INFO DPL-0303] Running algorithm for reordering.
[INFO DPL-0304] Pass   1 of reordering; objective is 2.212953e+07.
[INFO DPL-0305] End of reordering; objective is 2.212953e+07, improvement is 0.00 percent.
[INFO DPL-0303] Running algorithm for random improvement.
[INFO DPL-0324] Random improver is using random generator.
[INFO DPL-0325] Random improver is using hpwl objective.
[INFO DPL-0326] Random improver cost string is (a).
[INFO DPL-0332] End of pass, Generator random called 2960 times.
[INFO DPL-0335] Generator random, Cumulative attempts 2960, swaps 406, moves  1066 since last reset.
[INFO DPL-0333] End of pass, Objective hpwl, Initial cost 2.212953e+07, Scratch cost 2.211813e+07, Incremental cost 2.211813e+07, Mismatch? N
[INFO DPL-0338] End of pass, Total cost is 2.211813e+07.
[INFO DPL-0327] Pass   1 of random improver; improvement in cost is 0.05 percent.
[INFO DPL-0328] End of random improver; improvement is 0.051515 percent.
[INFO DPL-0380] Cell flipping.
[INFO DPL-0382] Changed 0 cell orientations for row compatibility.
[INFO DPL-0383] Performed 33 cell flips.
[INFO DPL-0384] End of flipping; objective is 2.211070e+07, improvement is 0.03 percent.
[INFO DPL-0313] Found 0 cells in wrong regions.
[INFO DPL-0315] Found 0 row alignment problems.
[INFO DPL-0314] Found 0 site alignment problems.
[INFO DPL-0311] Found 0 overlaps between adjacent cells.
[INFO DPL-0312] Found 0 edge spacing violations and 0 padding violations.
Detailed Improvement Results
------------------------------------------
Original HPWL            22171.4 u (     424.6,    21746.8)
Final HPWL               22164.3 u (     418.6,    21745.7)
Delta HPWL                  -0.0 % (      -1.4,       -0.0)

optimize_mirroring
[INFO FLW-0012] Placement violations .
estimate_parasitics -placement
Report metrics stage 3, detailed place...

==========================================================================
detailed place report_design_area
--------------------------------------------------------------------------
Design area 206736 um^2 47% utilization.
write_db /work/campaigns/iscas_sustainability_extension/memory_compiler/gate3_attempt07_sram22_matched_physical_closure/raw/openroad/work/results/sky130hd/attempt07_u0/seed11/3_5_place_dp.odb
write_sdc -no_timestamp /work/campaigns/iscas_sustainability_extension/memory_compiler/gate3_attempt07_sram22_matched_physical_closure/raw/openroad/work/results/sky130hd/attempt07_u0/seed11/3_place.sdc
Elapsed time: 0:05.22[h:]min:sec. CPU time: user 1.07 sys 0.44 (28%). Peak memory: 153088KB.
Log                       Ext     Elapsed/s Peak Memory/MB sha1sum result [0:20)
3_5_place_dp              .odb            5            149 fe423ab25df94e1acc5d
cp /work/campaigns/iscas_sustainability_extension/memory_compiler/gate3_attempt07_sram22_matched_physical_closure/raw/openroad/work/results/sky130hd/attempt07_u0/seed11/3_5_place_dp.odb /work/campaigns/iscas_sustainability_extension/memory_compiler/gate3_attempt07_sram22_matched_physical_closure/raw/openroad/work/results/sky130hd/attempt07_u0/seed11/3_place.odb
/OpenROAD-flow-scripts/flow/scripts/flow.sh 4_1_cts cts
Running cts.tcl, stage 4_1_cts
read_liberty /OpenROAD-flow-scripts/flow/platforms/sky130hd/lib/sky130_fd_sc_hd__tt_025C_1v80.lib
read_liberty /work/campaigns/iscas_sustainability_extension/memory_compiler/gate3_attempt07_sram22_matched_physical_closure/source_checkout/sram22_256x64m4w8/sram22_256x64m4w8_tt_025C_1v80.lib
read_db /work/campaigns/iscas_sustainability_extension/memory_compiler/gate3_attempt07_sram22_matched_physical_closure/raw/openroad/work/results/sky130hd/attempt07_u0/seed11/3_place.odb
read_sdc /work/campaigns/iscas_sustainability_extension/memory_compiler/gate3_attempt07_sram22_matched_physical_closure/raw/openroad/work/results/sky130hd/attempt07_u0/seed11/3_place.sdc
source /OpenROAD-flow-scripts/flow/platforms/sky130hd/setRC.tcl
clock_tree_synthesis -sink_clustering_enable -repair_clock_nets
[INFO CTS-0050] Root buffer is sky130_fd_sc_hd__clkbuf_16.
[INFO CTS-0051] Sink buffer is sky130_fd_sc_hd__clkbuf_16.
[INFO CTS-0052] The following clock buffers will be used for CTS:
                    sky130_fd_sc_hd__clkbuf_16
[INFO CTS-0049] Characterization buffer is sky130_fd_sc_hd__clkbuf_16.
[INFO CTS-0007] Net "clk" found for clock "core_clk".
[WARNING CTS-0041] Net "clk" has 1 sinks. Skipping...
[WARNING CTS-0083] No clock nets have been found.
[INFO CTS-0008] TritonCTS found 0 clock nets.
[WARNING CTS-0082] No valid clock nets in the design.
[INFO CTS-0500] Runtime: 1.46s
estimate_parasitics -placement
Report metrics stage 4, cts pre-repair-timing...

==========================================================================
cts pre-repair-timing report_design_area
--------------------------------------------------------------------------
Design area 206736 um^2 47% utilization.
detailed_placement
[INFO DPL-0006] Core area: 439734.24 um^2
[INFO DPL-0007] Movable instances area: 1508.95 um^2
[INFO DPL-0008] Fixed instances area within core: 205226.64 um^2
[INFO DPL-0009] Utilization: 47.0%
[INFO DPL-0005] Diamond search max displacement: +/- 500 sites horizontally, +/- 100 rows vertically.
[INFO DPL-1102] Legalizing using negotiation legalizer.
[INFO DPL-1103] Negotiation base search window: +/-20 sites horizontally, +/-5 rows vertically 
	Automatic search window extension enabled.
	Search window extendable up to the max displacement cap of +/-500 sites, +/-100 rows near walls.
[INFO DPL-1104] NegotiationLegalizer DRC penalty: 5.
[INFO DPL-0392] Negotiation cell height distribution (2 unique row-count(s)):
[INFO DPL-0393]   height 1 row(s): 3313 cells
[INFO DPL-0393]   height 108 row(s): 1 cells
[INFO DPL-0500] Runtime: 0.03s
Placement Analysis
---------------------------------
total displacement        121.4 u
average displacement        0.0 u
max displacement            3.7 u
original HPWL           22164.3 u
legalized HPWL          22171.8 u
delta HPWL                    0 %

estimate_parasitics -placement
repair_timing -setup_margin 0 -hold_margin 0 -repair_tns 100 -match_cell_footprint -verbose
[INFO RSZ-0100] Repair move sequence: UnbufferMove SizeUpMove SwapPinsMove BufferMove CloneMove SplitLoadMove 
[INFO RSZ-0098] No setup violations found
[INFO RSZ-0505] Runtime: 0.14s
[INFO RSZ-0046] Found 1 endpoints with hold violations.
Iteration | Resized | Buffers | Cloned Gates |   Area   |   WNS   |   TNS   | Endpoint
--------------------------------------------------------------------------------------
        0 |       0 |       0 |            0 |    +0.0% |  -4.206 |  -4.206 | u_data/rstb
    final |       1 |       8 |            0 |    +0.0% |   0.110 |   0.000 | u_data/rstb
--------------------------------------------------------------------------------------
[INFO RSZ-0132] Resized 1 instances.
[INFO RSZ-0032] Inserted 8 hold buffers.
[INFO RSZ-0506] Runtime: 0.02s
detailed_placement
[INFO DPL-0006] Core area: 439734.24 um^2
[INFO DPL-0007] Movable instances area: 1606.54 um^2
[INFO DPL-0008] Fixed instances area within core: 205226.64 um^2
[INFO DPL-0009] Utilization: 47.0%
[INFO DPL-0005] Diamond search max displacement: +/- 500 sites horizontally, +/- 100 rows vertically.
[INFO DPL-1102] Legalizing using negotiation legalizer.
[INFO DPL-1103] Negotiation base search window: +/-20 sites horizontally, +/-5 rows vertically 
	Automatic search window extension enabled.
	Search window extendable up to the max displacement cap of +/-500 sites, +/-100 rows near walls.
[INFO DPL-1104] NegotiationLegalizer DRC penalty: 5.
[INFO DPL-0392] Negotiation cell height distribution (2 unique row-count(s)):
[INFO DPL-0393]   height 1 row(s): 3321 cells
[INFO DPL-0393]   height 108 row(s): 1 cells
          |      Total |  Illegal |  Illegal
Iteration | Violations |    Cells |    Sites
---------------------------------------------
        0 |          0 |         0 |         0
Negotiation phase 1 converged at iteration 0.
[INFO DPL-0500] Runtime: 0.03s
Placement Analysis
---------------------------------
total displacement         32.5 u
average displacement        0.0 u
max displacement           11.0 u
original HPWL           22198.3 u
legalized HPWL          22209.6 u
delta HPWL                    0 %

Report metrics stage 4, cts final...

==========================================================================
cts final report_design_area
--------------------------------------------------------------------------
Design area 206833 um^2 47% utilization.
write_db /work/campaigns/iscas_sustainability_extension/memory_compiler/gate3_attempt07_sram22_matched_physical_closure/raw/openroad/work/results/sky130hd/attempt07_u0/seed11/4_1_cts.odb
write_sdc -no_timestamp /work/campaigns/iscas_sustainability_extension/memory_compiler/gate3_attempt07_sram22_matched_physical_closure/raw/openroad/work/results/sky130hd/attempt07_u0/seed11/4_cts.sdc
Elapsed time: 0:10.38[h:]min:sec. CPU time: user 2.57 sys 0.74 (31%). Peak memory: 169960KB.
Log                       Ext     Elapsed/s Peak Memory/MB sha1sum result [0:20)
4_1_cts                   .odb           10            165 5b847e01095497c2c573
cp /work/campaigns/iscas_sustainability_extension/memory_compiler/gate3_attempt07_sram22_matched_physical_closure/raw/openroad/work/results/sky130hd/attempt07_u0/seed11/4_1_cts.odb /work/campaigns/iscas_sustainability_extension/memory_compiler/gate3_attempt07_sram22_matched_physical_closure/raw/openroad/work/results/sky130hd/attempt07_u0/seed11/4_cts.odb
/OpenROAD-flow-scripts/flow/scripts/flow.sh 5_1_grt global_route
Running global_route.tcl, stage 5_1_grt
read_liberty /OpenROAD-flow-scripts/flow/platforms/sky130hd/lib/sky130_fd_sc_hd__tt_025C_1v80.lib
read_liberty /work/campaigns/iscas_sustainability_extension/memory_compiler/gate3_attempt07_sram22_matched_physical_closure/source_checkout/sram22_256x64m4w8/sram22_256x64m4w8_tt_025C_1v80.lib
read_db /work/campaigns/iscas_sustainability_extension/memory_compiler/gate3_attempt07_sram22_matched_physical_closure/raw/openroad/work/results/sky130hd/attempt07_u0/seed11/4_cts.odb
read_sdc /work/campaigns/iscas_sustainability_extension/memory_compiler/gate3_attempt07_sram22_matched_physical_closure/raw/openroad/work/results/sky130hd/attempt07_u0/seed11/4_cts.sdc
source /OpenROAD-flow-scripts/flow/platforms/sky130hd/setRC.tcl
pin_access
[INFO DRT-0149] Reading tech and libs.
[WARNING DRT-0349] LEF58_ENCLOSURE with no CUTCLASS is not supported. Skipping for layer mcon
[WARNING DRT-0349] LEF58_ENCLOSURE with no CUTCLASS is not supported. Skipping for layer mcon
[WARNING DRT-0349] LEF58_ENCLOSURE with no CUTCLASS is not supported. Skipping for layer via
[WARNING DRT-0349] LEF58_ENCLOSURE with no CUTCLASS is not supported. Skipping for layer via
[WARNING DRT-0349] LEF58_ENCLOSURE with no CUTCLASS is not supported. Skipping for layer via2
[WARNING DRT-0349] LEF58_ENCLOSURE with no CUTCLASS is not supported. Skipping for layer via2
[WARNING DRT-0349] LEF58_ENCLOSURE with no CUTCLASS is not supported. Skipping for layer via3
[WARNING DRT-0349] LEF58_ENCLOSURE with no CUTCLASS is not supported. Skipping for layer via3
[WARNING DRT-0349] LEF58_ENCLOSURE with no CUTCLASS is not supported. Skipping for layer via4
[WARNING DRT-0349] LEF58_ENCLOSURE with no CUTCLASS is not supported. Skipping for layer via4

Units:                1000
Number of layers:     13
Number of macros:     442
Number of vias:       94
Number of viarulegen: 25

[INFO DRT-0150] Reading design.

Design:                   u0_sram22_top
Die area:                 ( 0 0 ) ( 1000000 470000 )
Number of track patterns: 12
Number of DEF vias:       0
Number of components:     3322
Number of terminals:      150
Number of snets:          2
Number of nets:           304

[WARNING DRT-0419] No routing tracks pass through the center of Term u_data/dout[0]
[WARNING DRT-0419] No routing tracks pass through the center of Term u_data/dout[1]
[WARNING DRT-0419] No routing tracks pass through the center of Term u_data/dout[2]
[WARNING DRT-0419] No routing tracks pass through the center of Term u_data/dout[3]
[WARNING DRT-0419] No routing tracks pass through the center of Term u_data/dout[4]
[WARNING DRT-0419] No routing tracks pass through the center of Term u_data/dout[5]
[WARNING DRT-0419] No routing tracks pass through the center of Term u_data/dout[6]
[WARNING DRT-0419] No routing tracks pass through the center of Term u_data/dout[7]
[WARNING DRT-0419] No routing tracks pass through the center of Term u_data/dout[8]
[WARNING DRT-0419] No routing tracks pass through the center of Term u_data/dout[9]
[WARNING DRT-0419] No routing tracks pass through the center of Term u_data/dout[10]
[WARNING DRT-0419] No routing tracks pass through the center of Term u_data/dout[11]
[WARNING DRT-0419] No routing tracks pass through the center of Term u_data/dout[12]
[WARNING DRT-0419] No routing tracks pass through the center of Term u_data/dout[13]
[WARNING DRT-0419] No routing tracks pass through the center of Term u_data/dout[14]
[WARNING DRT-0419] No routing tracks pass through the center of Term u_data/dout[15]
[WARNING DRT-0419] No routing tracks pass through the center of Term u_data/dout[16]
[WARNING DRT-0419] No routing tracks pass through the center of Term u_data/dout[17]
[WARNING DRT-0419] No routing tracks pass through the center of Term u_data/dout[18]
[WARNING DRT-0419] No routing tracks pass through the center of Term u_data/dout[19]
[WARNING DRT-0419] No routing tracks pass through the center of Term u_data/dout[20]
[WARNING DRT-0419] No routing tracks pass through the center of Term u_data/dout[21]
[WARNING DRT-0419] No routing tracks pass through the center of Term u_data/dout[22]
[WARNING DRT-0419] No routing tracks pass through the center of Term u_data/dout[23]
[WARNING DRT-0419] No routing tracks pass through the center of Term u_data/dout[24]
[WARNING DRT-0419] No routing tracks pass through the center of Term u_data/dout[25]
[WARNING DRT-0419] No routing tracks pass through the center of Term u_data/dout[26]
[WARNING DRT-0419] No routing tracks pass through the center of Term u_data/dout[27]
[WARNING DRT-0419] No routing tracks pass through the center of Term u_data/dout[28]
[WARNING DRT-0419] No routing tracks pass through the center of Term u_data/dout[29]
[WARNING DRT-0419] No routing tracks pass through the center of Term u_data/dout[30]
[WARNING DRT-0419] No routing tracks pass through the center of Term u_data/dout[31]
[WARNING DRT-0419] No routing tracks pass through the center of Term u_data/dout[32]
[WARNING DRT-0419] No routing tracks pass through the center of Term u_data/dout[33]
[WARNING DRT-0419] No routing tracks pass through the center of Term u_data/dout[34]
[WARNING DRT-0419] No routing tracks pass through the center of Term u_data/dout[35]
[WARNING DRT-0419] No routing tracks pass through the center of Term u_data/dout[36]
[WARNING DRT-0419] No routing tracks pass through the center of Term u_data/dout[37]
[WARNING DRT-0419] No routing tracks pass through the center of Term u_data/dout[38]
[WARNING DRT-0419] No routing tracks pass through the center of Term u_data/dout[39]
[WARNING DRT-0419] No routing tracks pass through the center of Term u_data/dout[40]
[WARNING DRT-0419] No routing tracks pass through the center of Term u_data/dout[41]
[WARNING DRT-0419] No routing tracks pass through the center of Term u_data/dout[42]
[WARNING DRT-0419] No routing tracks pass through the center of Term u_data/dout[43]
[WARNING DRT-0419] No routing tracks pass through the center of Term u_data/dout[44]
[WARNING DRT-0419] No routing tracks pass through the center of Term u_data/dout[45]
[WARNING DRT-0419] No routing tracks pass through the center of Term u_data/dout[46]
[WARNING DRT-0419] No routing tracks pass through the center of Term u_data/dout[47]
[WARNING DRT-0419] No routing tracks pass through the center of Term u_data/dout[48]
[WARNING DRT-0419] No routing tracks pass through the center of Term u_data/dout[49]
[WARNING DRT-0419] No routing tracks pass through the center of Term u_data/dout[50]
[WARNING DRT-0419] No routing tracks pass through the center of Term u_data/dout[51]
[WARNING DRT-0419] No routing tracks pass through the center of Term u_data/dout[52]
[WARNING DRT-0419] No routing tracks pass through the center of Term u_data/dout[53]
[WARNING DRT-0419] No routing tracks pass through the center of Term u_data/dout[54]
[WARNING DRT-0419] No routing tracks pass through the center of Term u_data/dout[55]
[WARNING DRT-0419] No routing tracks pass through the center of Term u_data/dout[56]
[WARNING DRT-0419] No routing tracks pass through the center of Term u_data/dout[57]
[WARNING DRT-0419] No routing tracks pass through the center of Term u_data/dout[58]
[WARNING DRT-0419] No routing tracks pass through the center of Term u_data/dout[59]
[WARNING DRT-0419] No routing tracks pass through the center of Term u_data/dout[60]
[WARNING DRT-0419] No routing tracks pass through the center of Term u_data/dout[61]
[WARNING DRT-0419] No routing tracks pass through the center of Term u_data/dout[62]
[WARNING DRT-0419] No routing tracks pass through the center of Term u_data/dout[63]
[WARNING DRT-0419] No routing tracks pass through the center of Term u_data/din[0]
[WARNING DRT-0419] No routing tracks pass through the center of Term u_data/din[1]
[WARNING DRT-0419] No routing tracks pass through the center of Term u_data/din[2]
[WARNING DRT-0419] No routing tracks pass through the center of Term u_data/din[3]
[WARNING DRT-0419] No routing tracks pass through the center of Term u_data/din[4]
[WARNING DRT-0419] No routing tracks pass through the center of Term u_data/din[5]
[WARNING DRT-0419] No routing tracks pass through the center of Term u_data/din[6]
[WARNING DRT-0419] No routing tracks pass through the center of Term u_data/din[7]
[WARNING DRT-0419] No routing tracks pass through the center of Term u_data/din[8]
[WARNING DRT-0419] No routing tracks pass through the center of Term u_data/din[9]
[WARNING DRT-0419] No routing tracks pass through the center of Term u_data/din[10]
[WARNING DRT-0419] No routing tracks pass through the center of Term u_data/din[11]
[WARNING DRT-0419] No routing tracks pass through the center of Term u_data/din[12]
[WARNING DRT-0419] No routing tracks pass through the center of Term u_data/din[13]
[WARNING DRT-0419] No routing tracks pass through the center of Term u_data/din[14]
[WARNING DRT-0419] No routing tracks pass through the center of Term u_data/din[15]
[WARNING DRT-0419] No routing tracks pass through the center of Term u_data/din[16]
[WARNING DRT-0419] No routing tracks pass through the center of Term u_data/din[17]
[WARNING DRT-0419] No routing tracks pass through the center of Term u_data/din[18]
[WARNING DRT-0419] No routing tracks pass through the center of Term u_data/din[19]
[WARNING DRT-0419] No routing tracks pass through the center of Term u_data/din[20]
[WARNING DRT-0419] No routing tracks pass through the center of Term u_data/din[21]
[WARNING DRT-0419] No routing tracks pass through the center of Term u_data/din[22]
[WARNING DRT-0419] No routing tracks pass through the center of Term u_data/din[23]
[WARNING DRT-0419] No routing tracks pass through the center of Term u_data/din[24]
[WARNING DRT-0419] No routing tracks pass through the center of Term u_data/din[25]
[WARNING DRT-0419] No routing tracks pass through the center of Term u_data/din[26]
[WARNING DRT-0419] No routing tracks pass through the center of Term u_data/din[27]
[WARNING DRT-0419] No routing tracks pass through the center of Term u_data/din[28]
[WARNING DRT-0419] No routing tracks pass through the center of Term u_data/din[29]
[WARNING DRT-0419] No routing tracks pass through the center of Term u_data/din[30]
[WARNING DRT-0419] No routing tracks pass through the center of Term u_data/din[31]
[WARNING DRT-0419] No routing tracks pass through the center of Term u_data/din[32]
[WARNING DRT-0419] No routing tracks pass through the center of Term u_data/din[33]
[WARNING DRT-0419] No routing tracks pass through the center of Term u_data/din[34]
[WARNING DRT-0419] No routing tracks pass through the center of Term u_data/din[35]
[WARNING DRT-0419] No routing tracks pass through the center of Term u_data/din[36]
[WARNING DRT-0419] No routing tracks pass through the center of Term u_data/din[37]
[WARNING DRT-0419] No routing tracks pass through the center of Term u_data/din[38]
[WARNING DRT-0419] No routing tracks pass through the center of Term u_data/din[39]
[WARNING DRT-0419] No routing tracks pass through the center of Term u_data/din[40]
[WARNING DRT-0419] No routing tracks pass through the center of Term u_data/din[41]
[WARNING DRT-0419] No routing tracks pass through the center of Term u_data/din[42]
[WARNING DRT-0419] No routing tracks pass through the center of Term u_data/din[43]
[WARNING DRT-0419] No routing tracks pass through the center of Term u_data/din[44]
[WARNING DRT-0419] No routing tracks pass through the center of Term u_data/din[45]
[WARNING DRT-0419] No routing tracks pass through the center of Term u_data/din[46]
[WARNING DRT-0419] No routing tracks pass through the center of Term u_data/din[47]
[WARNING DRT-0419] No routing tracks pass through the center of Term u_data/din[48]
[WARNING DRT-0419] No routing tracks pass through the center of Term u_data/din[49]
[WARNING DRT-0419] No routing tracks pass through the center of Term u_data/din[50]
[WARNING DRT-0419] No routing tracks pass through the center of Term u_data/din[51]
[WARNING DRT-0419] No routing tracks pass through the center of Term u_data/din[52]
[WARNING DRT-0419] No routing tracks pass through the center of Term u_data/din[53]
[WARNING DRT-0419] No routing tracks pass through the center of Term u_data/din[54]
[WARNING DRT-0419] No routing tracks pass through the center of Term u_data/din[55]
[WARNING DRT-0419] No routing tracks pass through the center of Term u_data/din[56]
[WARNING DRT-0419] No routing tracks pass through the center of Term u_data/din[57]
[WARNING DRT-0419] No routing tracks pass through the center of Term u_data/din[58]
[WARNING DRT-0419] No routing tracks pass through the center of Term u_data/din[59]
[WARNING DRT-0419] No routing tracks pass through the center of Term u_data/din[60]
[WARNING DRT-0419] No routing tracks pass through the center of Term u_data/din[61]
[WARNING DRT-0419] No routing tracks pass through the center of Term u_data/din[62]
[WARNING DRT-0419] No routing tracks pass through the center of Term u_data/din[63]
[WARNING DRT-0419] No routing tracks pass through the center of Term u_data/wmask[1]
[WARNING DRT-0419] No routing tracks pass through the center of Term u_data/wmask[2]
[WARNING DRT-0419] No routing tracks pass through the center of Term u_data/wmask[3]
[WARNING DRT-0419] No routing tracks pass through the center of Term u_data/wmask[4]
[WARNING DRT-0419] No routing tracks pass through the center of Term u_data/wmask[5]
[WARNING DRT-0419] No routing tracks pass through the center of Term u_data/wmask[6]
[WARNING DRT-0419] No routing tracks pass through the center of Term u_data/wmask[7]
[INFO DRT-0167] List of default vias:
  Layer via
    default via: M1M2_PR
  Layer via2
    default via: M2M3_PR
  Layer via3
    default via: M3M4_PR
  Layer via4
    default via: M4M5_PR
[INFO DRT-0162] Library cell analysis.
[INFO DRT-0163] Instance analysis.
[INFO DRT-0164] Number of unique instances = 9.
[INFO DRT-0168] Init region query.
[INFO DRT-0024]   Complete FR_MASTERSLICE.
[INFO DRT-0024]   Complete Fr_VIA.
[INFO DRT-0024]   Complete li1.
[INFO DRT-0024]   Complete mcon.
[INFO DRT-0024]   Complete met1.
[INFO DRT-0024]   Complete via.
[INFO DRT-0024]   Complete met2.
[INFO DRT-0024]   Complete via2.
[INFO DRT-0024]   Complete met3.
[INFO DRT-0024]   Complete via3.
[INFO DRT-0024]   Complete met4.
[INFO DRT-0024]   Complete via4.
[INFO DRT-0024]   Complete met5.
[INFO DRT-0033] FR_MASTERSLICE shape region query size = 0.
[INFO DRT-0033] FR_VIA shape region query size = 0.
[INFO DRT-0033] li1 shape region query size = 16491.
[INFO DRT-0033] mcon shape region query size = 8898.
[INFO DRT-0033] met1 shape region query size = 10319.
[INFO DRT-0033] via shape region query size = 16265.
[INFO DRT-0033] met2 shape region query size = 14582.
[INFO DRT-0033] via2 shape region query size = 31755.
[INFO DRT-0033] met3 shape region query size = 19501.
[INFO DRT-0033] via3 shape region query size = 31436.
[INFO DRT-0033] met4 shape region query size = 7774.
[INFO DRT-0033] via4 shape region query size = 1199.
[INFO DRT-0033] met5 shape region query size = 1265.
[INFO DRT-0165] Start pin access.
[INFO DRT-0078]   Complete 190 pins.
[INFO DRT-0081]   Complete 8 unique inst patterns.
[INFO DRT-0084]   Complete 152 groups.
#scanned instances     = 3322
#unique  instances     = 9
#stdCellGenAp          = 128
#stdCellValidPlanarAp  = 0
#stdCellValidViaAp     = 91
#stdCellPinNoAp        = 0
#stdCellPinCnt         = 312
#instTermValidViaApCnt = 0
#macroGenAp            = 306
#macroValidPlanarAp    = 222
#macroValidViaAp       = 0
#macroNoAp             = 0
[INFO DRT-0166] Complete pin access.
[INFO DRT-0267] cpu time = 00:00:02, elapsed time = 00:00:01, memory = 142.74 (MB), peak = 142.32 (MB)
set_global_routing_random -seed 11
global_route -congestion_report_file /work/campaigns/iscas_sustainability_extension/memory_compiler/gate3_attempt07_sram22_matched_physical_closure/raw/openroad/work/reports/sky130hd/attempt07_u0/seed11/congestion.rpt -congestion_iterations 30 -congestion_report_iter_step 5 -verbose
[INFO GRT-0020] Min routing layer: met1
[INFO GRT-0021] Max routing layer: met5
[INFO GRT-0022] Global adjustment: 0%
[INFO GRT-0023] Grid origin: (0, 0)
[INFO GRT-0088] Layer li1     Track-Pitch = 0.4600  line-2-Via Pitch: 0.3400
[INFO GRT-0088] Layer met1    Track-Pitch = 0.3400  line-2-Via Pitch: 0.3400
[INFO GRT-0088] Layer met2    Track-Pitch = 0.4600  line-2-Via Pitch: 0.3500
[INFO GRT-0088] Layer met3    Track-Pitch = 0.6800  line-2-Via Pitch: 0.6150
[INFO GRT-0088] Layer met4    Track-Pitch = 0.9200  line-2-Via Pitch: 1.0400
[INFO GRT-0088] Layer met5    Track-Pitch = 3.4000  line-2-Via Pitch: 3.1100
[INFO GRT-0003] Macros: 1
[INFO GRT-0004] Blockages: 2
[INFO GRT-0019] Found 1 clock nets.
[INFO GRT-0001] Minimum degree: 2
[INFO GRT-0002] Maximum degree: 2

[INFO GRT-0053] Routing resources analysis:
          Routing      Original      Derated      Resource
Layer     Direction    Resources     Resources    Reduction (%)
---------------------------------------------------------------
li1        Vertical            0             0          0.00%
met1       Horizontal      85730         66699          22.20%
met2       Vertical        70198         53994          23.08%
met3       Horizontal      90639         70764          21.93%
met4       Vertical        62311         44907          27.93%
met5       Horizontal      13912          9868          29.07%
---------------------------------------------------------------

[INFO GRT-0197] Via related to pin nodes: 1210
[INFO GRT-0198] Via related Steiner nodes: 0
[INFO GRT-0199] Via filling finished.
[INFO GRT-0111] Final number of vias: 1861
[INFO GRT-0112] Final usage 3D: 8768

[INFO GRT-0096] Final congestion report:
Layer         Resource        Demand        Usage (%)    Max H / Max V / Total Congestion
---------------------------------------------------------------------------------------
li1                  0             0            0.00%             0 /  0 /  0
met1             66699            72            0.11%             0 /  0 /  0
met2             53994          2584            4.79%             0 /  0 /  0
met3             70764             6            0.01%             0 /  0 /  0
met4             44907           523            1.16%             0 /  0 /  0
met5              9868             0            0.00%             0 /  0 /  0
---------------------------------------------------------------------------------------
Total           246232          3185            1.29%             0 /  0 /  0

[INFO GRT-0018] Total wirelength: 25523 um
[INFO GRT-0014] Routed nets: 304
[INFO GRT-0303] Global routing runtime = 00:00:00
estimate_parasitics -global_routing
global_route -start_incremental
global_route -end_incremental -congestion_report_file /work/campaigns/iscas_sustainability_extension/memory_compiler/gate3_attempt07_sram22_matched_physical_closure/raw/openroad/work/reports/sky130hd/attempt07_u0/seed11/congestion_post_recover_power.rpt
Repair antennas...
[INFO GRT-0012] Found 0 antenna violations.
[INFO ANT-0002] Found 0 net violations.
[INFO ANT-0001] Found 0 pin violations.
Estimate parasitics...
estimate_parasitics -global_routing
Report metrics stage 5, global route...

==========================================================================
global route report_design_area
--------------------------------------------------------------------------
Design area 206833 um^2 47% utilization.
[INFO FLW-0007] clock core_clk period 10.000000
[INFO FLW-0008] Clock core_clk period 5.394
[INFO FLW-0009] Clock core_clk slack 4.322
write_sdc -no_timestamp /work/campaigns/iscas_sustainability_extension/memory_compiler/gate3_attempt07_sram22_matched_physical_closure/raw/openroad/work/results/sky130hd/attempt07_u0/seed11/updated_clks.sdc
[INFO FLW-0011] Path endpoint path count 147
write_db /work/campaigns/iscas_sustainability_extension/memory_compiler/gate3_attempt07_sram22_matched_physical_closure/raw/openroad/work/results/sky130hd/attempt07_u0/seed11/5_1_grt.odb
write_sdc -no_timestamp /work/campaigns/iscas_sustainability_extension/memory_compiler/gate3_attempt07_sram22_matched_physical_closure/raw/openroad/work/results/sky130hd/attempt07_u0/seed11/5_1_grt.sdc
Elapsed time: 0:07.01[h:]min:sec. CPU time: user 4.40 sys 0.73 (73%). Peak memory: 284484KB.
Log                       Ext     Elapsed/s Peak Memory/MB sha1sum result [0:20)
5_1_grt                   .odb            7            277 cab2be0570ab2740e325
5_1_grt                   .sdc                             a42be0ef2c48d0e04fec
/OpenROAD-flow-scripts/flow/scripts/flow.sh 5_2_route detail_route
Running detail_route.tcl, stage 5_2_route
read_liberty /OpenROAD-flow-scripts/flow/platforms/sky130hd/lib/sky130_fd_sc_hd__tt_025C_1v80.lib
read_liberty /work/campaigns/iscas_sustainability_extension/memory_compiler/gate3_attempt07_sram22_matched_physical_closure/source_checkout/sram22_256x64m4w8/sram22_256x64m4w8_tt_025C_1v80.lib
read_db /work/campaigns/iscas_sustainability_extension/memory_compiler/gate3_attempt07_sram22_matched_physical_closure/raw/openroad/work/results/sky130hd/attempt07_u0/seed11/5_1_grt.odb
read_sdc /work/campaigns/iscas_sustainability_extension/memory_compiler/gate3_attempt07_sram22_matched_physical_closure/raw/openroad/work/results/sky130hd/attempt07_u0/seed11/5_1_grt.sdc
source /OpenROAD-flow-scripts/flow/platforms/sky130hd/setRC.tcl
detailed_route -output_drc /work/campaigns/iscas_sustainability_extension/memory_compiler/gate3_attempt07_sram22_matched_physical_closure/raw/openroad/work/reports/sky130hd/attempt07_u0/seed11/5_route_drc.rpt -output_maze /work/campaigns/iscas_sustainability_extension/memory_compiler/gate3_attempt07_sram22_matched_physical_closure/raw/openroad/work/results/sky130hd/attempt07_u0/seed11/maze.log -droute_end_iter 64 -verbose 1 -drc_report_iter_step 5
[INFO DRT-0149] Reading tech and libs.
[WARNING DRT-0349] LEF58_ENCLOSURE with no CUTCLASS is not supported. Skipping for layer mcon
[WARNING DRT-0349] LEF58_ENCLOSURE with no CUTCLASS is not supported. Skipping for layer mcon
[WARNING DRT-0349] LEF58_ENCLOSURE with no CUTCLASS is not supported. Skipping for layer via
[WARNING DRT-0349] LEF58_ENCLOSURE with no CUTCLASS is not supported. Skipping for layer via
[WARNING DRT-0349] LEF58_ENCLOSURE with no CUTCLASS is not supported. Skipping for layer via2
[WARNING DRT-0349] LEF58_ENCLOSURE with no CUTCLASS is not supported. Skipping for layer via2
[WARNING DRT-0349] LEF58_ENCLOSURE with no CUTCLASS is not supported. Skipping for layer via3
[WARNING DRT-0349] LEF58_ENCLOSURE with no CUTCLASS is not supported. Skipping for layer via3
[WARNING DRT-0349] LEF58_ENCLOSURE with no CUTCLASS is not supported. Skipping for layer via4
[WARNING DRT-0349] LEF58_ENCLOSURE with no CUTCLASS is not supported. Skipping for layer via4

Units:                1000
Number of layers:     13
Number of macros:     442
Number of vias:       94
Number of viarulegen: 25

[INFO DRT-0150] Reading design.

Design:                   u0_sram22_top
Die area:                 ( 0 0 ) ( 1000000 470000 )
Number of track patterns: 12
Number of DEF vias:       0
Number of components:     3322
Number of terminals:      150
Number of snets:          2
Number of nets:           304

[WARNING DRT-0419] No routing tracks pass through the center of Term u_data/dout[0]
[WARNING DRT-0419] No routing tracks pass through the center of Term u_data/dout[1]
[WARNING DRT-0419] No routing tracks pass through the center of Term u_data/dout[2]
[WARNING DRT-0419] No routing tracks pass through the center of Term u_data/dout[3]
[WARNING DRT-0419] No routing tracks pass through the center of Term u_data/dout[4]
[WARNING DRT-0419] No routing tracks pass through the center of Term u_data/dout[5]
[WARNING DRT-0419] No routing tracks pass through the center of Term u_data/dout[6]
[WARNING DRT-0419] No routing tracks pass through the center of Term u_data/dout[7]
[WARNING DRT-0419] No routing tracks pass through the center of Term u_data/dout[8]
[WARNING DRT-0419] No routing tracks pass through the center of Term u_data/dout[9]
[WARNING DRT-0419] No routing tracks pass through the center of Term u_data/dout[10]
[WARNING DRT-0419] No routing tracks pass through the center of Term u_data/dout[11]
[WARNING DRT-0419] No routing tracks pass through the center of Term u_data/dout[12]
[WARNING DRT-0419] No routing tracks pass through the center of Term u_data/dout[13]
[WARNING DRT-0419] No routing tracks pass through the center of Term u_data/dout[14]
[WARNING DRT-0419] No routing tracks pass through the center of Term u_data/dout[15]
[WARNING DRT-0419] No routing tracks pass through the center of Term u_data/dout[16]
[WARNING DRT-0419] No routing tracks pass through the center of Term u_data/dout[17]
[WARNING DRT-0419] No routing tracks pass through the center of Term u_data/dout[18]
[WARNING DRT-0419] No routing tracks pass through the center of Term u_data/dout[19]
[WARNING DRT-0419] No routing tracks pass through the center of Term u_data/dout[20]
[WARNING DRT-0419] No routing tracks pass through the center of Term u_data/dout[21]
[WARNING DRT-0419] No routing tracks pass through the center of Term u_data/dout[22]
[WARNING DRT-0419] No routing tracks pass through the center of Term u_data/dout[23]
[WARNING DRT-0419] No routing tracks pass through the center of Term u_data/dout[24]
[WARNING DRT-0419] No routing tracks pass through the center of Term u_data/dout[25]
[WARNING DRT-0419] No routing tracks pass through the center of Term u_data/dout[26]
[WARNING DRT-0419] No routing tracks pass through the center of Term u_data/dout[27]
[WARNING DRT-0419] No routing tracks pass through the center of Term u_data/dout[28]
[WARNING DRT-0419] No routing tracks pass through the center of Term u_data/dout[29]
[WARNING DRT-0419] No routing tracks pass through the center of Term u_data/dout[30]
[WARNING DRT-0419] No routing tracks pass through the center of Term u_data/dout[31]
[WARNING DRT-0419] No routing tracks pass through the center of Term u_data/dout[32]
[WARNING DRT-0419] No routing tracks pass through the center of Term u_data/dout[33]
[WARNING DRT-0419] No routing tracks pass through the center of Term u_data/dout[34]
[WARNING DRT-0419] No routing tracks pass through the center of Term u_data/dout[35]
[WARNING DRT-0419] No routing tracks pass through the center of Term u_data/dout[36]
[WARNING DRT-0419] No routing tracks pass through the center of Term u_data/dout[37]
[WARNING DRT-0419] No routing tracks pass through the center of Term u_data/dout[38]
[WARNING DRT-0419] No routing tracks pass through the center of Term u_data/dout[39]
[WARNING DRT-0419] No routing tracks pass through the center of Term u_data/dout[40]
[WARNING DRT-0419] No routing tracks pass through the center of Term u_data/dout[41]
[WARNING DRT-0419] No routing tracks pass through the center of Term u_data/dout[42]
[WARNING DRT-0419] No routing tracks pass through the center of Term u_data/dout[43]
[WARNING DRT-0419] No routing tracks pass through the center of Term u_data/dout[44]
[WARNING DRT-0419] No routing tracks pass through the center of Term u_data/dout[45]
[WARNING DRT-0419] No routing tracks pass through the center of Term u_data/dout[46]
[WARNING DRT-0419] No routing tracks pass through the center of Term u_data/dout[47]
[WARNING DRT-0419] No routing tracks pass through the center of Term u_data/dout[48]
[WARNING DRT-0419] No routing tracks pass through the center of Term u_data/dout[49]
[WARNING DRT-0419] No routing tracks pass through the center of Term u_data/dout[50]
[WARNING DRT-0419] No routing tracks pass through the center of Term u_data/dout[51]
[WARNING DRT-0419] No routing tracks pass through the center of Term u_data/dout[52]
[WARNING DRT-0419] No routing tracks pass through the center of Term u_data/dout[53]
[WARNING DRT-0419] No routing tracks pass through the center of Term u_data/dout[54]
[WARNING DRT-0419] No routing tracks pass through the center of Term u_data/dout[55]
[WARNING DRT-0419] No routing tracks pass through the center of Term u_data/dout[56]
[WARNING DRT-0419] No routing tracks pass through the center of Term u_data/dout[57]
[WARNING DRT-0419] No routing tracks pass through the center of Term u_data/dout[58]
[WARNING DRT-0419] No routing tracks pass through the center of Term u_data/dout[59]
[WARNING DRT-0419] No routing tracks pass through the center of Term u_data/dout[60]
[WARNING DRT-0419] No routing tracks pass through the center of Term u_data/dout[61]
[WARNING DRT-0419] No routing tracks pass through the center of Term u_data/dout[62]
[WARNING DRT-0419] No routing tracks pass through the center of Term u_data/dout[63]
[WARNING DRT-0419] No routing tracks pass through the center of Term u_data/din[0]
[WARNING DRT-0419] No routing tracks pass through the center of Term u_data/din[1]
[WARNING DRT-0419] No routing tracks pass through the center of Term u_data/din[2]
[WARNING DRT-0419] No routing tracks pass through the center of Term u_data/din[3]
[WARNING DRT-0419] No routing tracks pass through the center of Term u_data/din[4]
[WARNING DRT-0419] No routing tracks pass through the center of Term u_data/din[5]
[WARNING DRT-0419] No routing tracks pass through the center of Term u_data/din[6]
[WARNING DRT-0419] No routing tracks pass through the center of Term u_data/din[7]
[WARNING DRT-0419] No routing tracks pass through the center of Term u_data/din[8]
[WARNING DRT-0419] No routing tracks pass through the center of Term u_data/din[9]
[WARNING DRT-0419] No routing tracks pass through the center of Term u_data/din[10]
[WARNING DRT-0419] No routing tracks pass through the center of Term u_data/din[11]
[WARNING DRT-0419] No routing tracks pass through the center of Term u_data/din[12]
[WARNING DRT-0419] No routing tracks pass through the center of Term u_data/din[13]
[WARNING DRT-0419] No routing tracks pass through the center of Term u_data/din[14]
[WARNING DRT-0419] No routing tracks pass through the center of Term u_data/din[15]
[WARNING DRT-0419] No routing tracks pass through the center of Term u_data/din[16]
[WARNING DRT-0419] No routing tracks pass through the center of Term u_data/din[17]
[WARNING DRT-0419] No routing tracks pass through the center of Term u_data/din[18]
[WARNING DRT-0419] No routing tracks pass through the center of Term u_data/din[19]
[WARNING DRT-0419] No routing tracks pass through the center of Term u_data/din[20]
[WARNING DRT-0419] No routing tracks pass through the center of Term u_data/din[21]
[WARNING DRT-0419] No routing tracks pass through the center of Term u_data/din[22]
[WARNING DRT-0419] No routing tracks pass through the center of Term u_data/din[23]
[WARNING DRT-0419] No routing tracks pass through the center of Term u_data/din[24]
[WARNING DRT-0419] No routing tracks pass through the center of Term u_data/din[25]
[WARNING DRT-0419] No routing tracks pass through the center of Term u_data/din[26]
[WARNING DRT-0419] No routing tracks pass through the center of Term u_data/din[27]
[WARNING DRT-0419] No routing tracks pass through the center of Term u_data/din[28]
[WARNING DRT-0419] No routing tracks pass through the center of Term u_data/din[29]
[WARNING DRT-0419] No routing tracks pass through the center of Term u_data/din[30]
[WARNING DRT-0419] No routing tracks pass through the center of Term u_data/din[31]
[WARNING DRT-0419] No routing tracks pass through the center of Term u_data/din[32]
[WARNING DRT-0419] No routing tracks pass through the center of Term u_data/din[33]
[WARNING DRT-0419] No routing tracks pass through the center of Term u_data/din[34]
[WARNING DRT-0419] No routing tracks pass through the center of Term u_data/din[35]
[WARNING DRT-0419] No routing tracks pass through the center of Term u_data/din[36]
[WARNING DRT-0419] No routing tracks pass through the center of Term u_data/din[37]
[WARNING DRT-0419] No routing tracks pass through the center of Term u_data/din[38]
[WARNING DRT-0419] No routing tracks pass through the center of Term u_data/din[39]
[WARNING DRT-0419] No routing tracks pass through the center of Term u_data/din[40]
[WARNING DRT-0419] No routing tracks pass through the center of Term u_data/din[41]
[WARNING DRT-0419] No routing tracks pass through the center of Term u_data/din[42]
[WARNING DRT-0419] No routing tracks pass through the center of Term u_data/din[43]
[WARNING DRT-0419] No routing tracks pass through the center of Term u_data/din[44]
[WARNING DRT-0419] No routing tracks pass through the center of Term u_data/din[45]
[WARNING DRT-0419] No routing tracks pass through the center of Term u_data/din[46]
[WARNING DRT-0419] No routing tracks pass through the center of Term u_data/din[47]
[WARNING DRT-0419] No routing tracks pass through the center of Term u_data/din[48]
[WARNING DRT-0419] No routing tracks pass through the center of Term u_data/din[49]
[WARNING DRT-0419] No routing tracks pass through the center of Term u_data/din[50]
[WARNING DRT-0419] No routing tracks pass through the center of Term u_data/din[51]
[WARNING DRT-0419] No routing tracks pass through the center of Term u_data/din[52]
[WARNING DRT-0419] No routing tracks pass through the center of Term u_data/din[53]
[WARNING DRT-0419] No routing tracks pass through the center of Term u_data/din[54]
[WARNING DRT-0419] No routing tracks pass through the center of Term u_data/din[55]
[WARNING DRT-0419] No routing tracks pass through the center of Term u_data/din[56]
[WARNING DRT-0419] No routing tracks pass through the center of Term u_data/din[57]
[WARNING DRT-0419] No routing tracks pass through the center of Term u_data/din[58]
[WARNING DRT-0419] No routing tracks pass through the center of Term u_data/din[59]
[WARNING DRT-0419] No routing tracks pass through the center of Term u_data/din[60]
[WARNING DRT-0419] No routing tracks pass through the center of Term u_data/din[61]
[WARNING DRT-0419] No routing tracks pass through the center of Term u_data/din[62]
[WARNING DRT-0419] No routing tracks pass through the center of Term u_data/din[63]
[WARNING DRT-0419] No routing tracks pass through the center of Term u_data/wmask[1]
[WARNING DRT-0419] No routing tracks pass through the center of Term u_data/wmask[2]
[WARNING DRT-0419] No routing tracks pass through the center of Term u_data/wmask[3]
[WARNING DRT-0419] No routing tracks pass through the center of Term u_data/wmask[4]
[WARNING DRT-0419] No routing tracks pass through the center of Term u_data/wmask[5]
[WARNING DRT-0419] No routing tracks pass through the center of Term u_data/wmask[6]
[WARNING DRT-0419] No routing tracks pass through the center of Term u_data/wmask[7]
[INFO DRT-0167] List of default vias:
  Layer via
    default via: M1M2_PR
  Layer via2
    default via: M2M3_PR
  Layer via3
    default via: M3M4_PR
  Layer via4
    default via: M4M5_PR
[INFO DRT-0162] Library cell analysis.
[INFO DRT-0163] Instance analysis.
[INFO DRT-0164] Number of unique instances = 9.
[INFO DRT-0168] Init region query.
[INFO DRT-0024]   Complete FR_MASTERSLICE.
[INFO DRT-0024]   Complete Fr_VIA.
[INFO DRT-0024]   Complete li1.
[INFO DRT-0024]   Complete mcon.
[INFO DRT-0024]   Complete met1.
[INFO DRT-0024]   Complete via.
[INFO DRT-0024]   Complete met2.
[INFO DRT-0024]   Complete via2.
[INFO DRT-0024]   Complete met3.
[INFO DRT-0024]   Complete via3.
[INFO DRT-0024]   Complete met4.
[INFO DRT-0024]   Complete via4.
[INFO DRT-0024]   Complete met5.
[INFO DRT-0033] FR_MASTERSLICE shape region query size = 0.
[INFO DRT-0033] FR_VIA shape region query size = 0.
[INFO DRT-0033] li1 shape region query size = 16491.
[INFO DRT-0033] mcon shape region query size = 8898.
[INFO DRT-0033] met1 shape region query size = 10319.
[INFO DRT-0033] via shape region query size = 16265.
[INFO DRT-0033] met2 shape region query size = 14582.
[INFO DRT-0033] via2 shape region query size = 31755.
[INFO DRT-0033] met3 shape region query size = 19501.
[INFO DRT-0033] via3 shape region query size = 31436.
[INFO DRT-0033] met4 shape region query size = 7774.
[INFO DRT-0033] via4 shape region query size = 1199.
[INFO DRT-0033] met5 shape region query size = 1265.
[INFO DRT-0165] Start pin access.
[INFO DRT-0078]   Complete 190 pins.
[INFO DRT-0081]   Complete 8 unique inst patterns.
[INFO DRT-0084]   Complete 152 groups.
#scanned instances     = 3322
#unique  instances     = 9
#stdCellGenAp          = 128
#stdCellValidPlanarAp  = 0
#stdCellValidViaAp     = 91
#stdCellPinNoAp        = 0
#stdCellPinCnt         = 312
#instTermValidViaApCnt = 0
#macroGenAp            = 306
#macroValidPlanarAp    = 222
#macroValidViaAp       = 0
#macroNoAp             = 0
[INFO DRT-0166] Complete pin access.
[INFO DRT-0267] cpu time = 00:00:02, elapsed time = 00:00:01, memory = 248.36 (MB), peak = 247.71 (MB)

[INFO DRT-0157] Number of guides:     1906

[INFO DRT-0169] Post process guides.
[INFO DRT-0176] GCELLGRID X 0 DO 144 STEP 6900 ;
[INFO DRT-0177] GCELLGRID Y 0 DO 68 STEP 6900 ;
[INFO DRT-0028]   Complete FR_MASTERSLICE.
[INFO DRT-0028]   Complete Fr_VIA.
[INFO DRT-0028]   Complete li1.
[INFO DRT-0028]   Complete mcon.
[INFO DRT-0028]   Complete met1.
[INFO DRT-0028]   Complete via.
[INFO DRT-0028]   Complete met2.
[INFO DRT-0028]   Complete via2.
[INFO DRT-0028]   Complete met3.
[INFO DRT-0028]   Complete via3.
[INFO DRT-0028]   Complete met4.
[INFO DRT-0028]   Complete via4.
[INFO DRT-0028]   Complete met5.
[INFO DRT-0178] Init guide query.
[INFO DRT-0035]   Complete FR_MASTERSLICE (guide).
[INFO DRT-0035]   Complete Fr_VIA (guide).
[INFO DRT-0035]   Complete li1 (guide).
[INFO DRT-0035]   Complete mcon (guide).
[INFO DRT-0035]   Complete met1 (guide).
[INFO DRT-0035]   Complete via (guide).
[INFO DRT-0035]   Complete met2 (guide).
[INFO DRT-0035]   Complete via2 (guide).
[INFO DRT-0035]   Complete met3 (guide).
[INFO DRT-0035]   Complete via3 (guide).
[INFO DRT-0035]   Complete met4 (guide).
[INFO DRT-0035]   Complete via4 (guide).
[INFO DRT-0035]   Complete met5 (guide).
[INFO DRT-0036] FR_MASTERSLICE guide region query size = 0.
[INFO DRT-0036] FR_VIA guide region query size = 0.
[INFO DRT-0036] li1 guide region query size = 311.
[INFO DRT-0036] mcon guide region query size = 0.
[INFO DRT-0036] met1 guide region query size = 467.
[INFO DRT-0036] via guide region query size = 0.
[INFO DRT-0036] met2 guide region query size = 395.
[INFO DRT-0036] via2 guide region query size = 0.
[INFO DRT-0036] met3 guide region query size = 166.
[INFO DRT-0036] via3 guide region query size = 0.
[INFO DRT-0036] met4 guide region query size = 83.
[INFO DRT-0036] via4 guide region query size = 0.
[INFO DRT-0036] met5 guide region query size = 0.
[INFO DRT-0179] Init gr pin query.
[INFO DRT-0267] cpu time = 00:00:00, elapsed time = 00:00:00, memory = 248.91 (MB), peak = 248.34 (MB)
[INFO DRT-0245] skipped writing guide updates to database.
[INFO DRT-0181] Start track assignment.
[INFO DRT-0184] Done with 789 vertical wires in 3 frboxes and 633 horizontal wires in 2 frboxes.
[INFO DRT-0186] Done with 167 vertical wires in 3 frboxes and 60 horizontal wires in 2 frboxes.
[INFO DRT-0182] Complete track assignment.
[INFO DRT-0267] cpu time = 00:00:01, elapsed time = 00:00:00, memory = 281.52 (MB), peak = 296.49 (MB)
[INFO DRT-0187] Start routing data preparation.
[INFO DRT-0267] cpu time = 00:00:00, elapsed time = 00:00:00, memory = 281.52 (MB), peak = 296.49 (MB)
[INFO DRT-0194] Start detail routing.
[INFO DRT-0195] Start 0th optimization iteration.
    Completing 10% with 0 violations.
    elapsed time = 00:00:00, memory = 281.77 (MB).
    Completing 20% with 0 violations.
    elapsed time = 00:00:00, memory = 293.77 (MB).
    Completing 30% with 37 violations.
    elapsed time = 00:00:00, memory = 279.25 (MB).
    Completing 40% with 37 violations.
    elapsed time = 00:00:00, memory = 294.61 (MB).
    Completing 50% with 37 violations.
    elapsed time = 00:00:00, memory = 291.59 (MB).
    Completing 60% with 37 violations.
    elapsed time = 00:00:00, memory = 286.77 (MB).
    Completing 70% with 37 violations.
    elapsed time = 00:00:00, memory = 298.72 (MB).
    Completing 80% with 69 violations.
    elapsed time = 00:00:00, memory = 298.72 (MB).
    Completing 90% with 69 violations.
    elapsed time = 00:00:00, memory = 309.18 (MB).
    Completing 100% with 69 violations.
    elapsed time = 00:00:00, memory = 300.00 (MB).
[INFO DRT-0199]   Number of violations = 70.
Viol/Layer        met1
Metal Spacing       52
Recheck              1
Short               17
[INFO DRT-0267] cpu time = 00:00:04, elapsed time = 00:00:01, memory = 639.88 (MB), peak = 651.51 (MB)
Total wire length = 22202 um.
Total wire length on LAYER li1 = 0 um.
Total wire length on LAYER met1 = 430 um.
Total wire length on LAYER met2 = 19006 um.
Total wire length on LAYER met3 = 151 um.
Total wire length on LAYER met4 = 2613 um.
Total wire length on LAYER met5 = 0 um.
Total number of vias = 1092.
Up-via summary (total 1092):

-----------------------
 FR_MASTERSLICE       0
            li1     312
           met1     472
           met2     154
           met3     154
           met4       0
-----------------------
               1092


[INFO DRT-0195] Start 1st optimization iteration.
    Completing 10% with 70 violations.
    elapsed time = 00:00:00, memory = 639.88 (MB).
    Completing 20% with 70 violations.
    elapsed time = 00:00:00, memory = 640.68 (MB).
    Completing 30% with 38 violations.
    elapsed time = 00:00:00, memory = 640.68 (MB).
    Completing 40% with 38 violations.
    elapsed time = 00:00:00, memory = 640.68 (MB).
    Completing 50% with 38 violations.
    elapsed time = 00:00:00, memory = 640.68 (MB).
    Completing 60% with 38 violations.
    elapsed time = 00:00:00, memory = 640.68 (MB).
    Completing 70% with 38 violations.
    elapsed time = 00:00:00, memory = 641.28 (MB).
    Completing 80% with 16 violations.
    elapsed time = 00:00:00, memory = 641.28 (MB).
    Completing 90% with 16 violations.
    elapsed time = 00:00:00, memory = 641.28 (MB).
    Completing 100% with 16 violations.
    elapsed time = 00:00:00, memory = 641.28 (MB).
[INFO DRT-0199]   Number of violations = 16.
Viol/Layer        met1
Metal Spacing       16
[INFO DRT-0267] cpu time = 00:00:03, elapsed time = 00:00:00, memory = 641.41 (MB), peak = 653.09 (MB)
Total wire length = 22207 um.
Total wire length on LAYER li1 = 0 um.
Total wire length on LAYER met1 = 432 um.
Total wire length on LAYER met2 = 18819 um.
Total wire length on LAYER met3 = 160 um.
Total wire length on LAYER met4 = 2795 um.
Total wire length on LAYER met5 = 0 um.
Total number of vias = 1090.
Up-via summary (total 1090):

-----------------------
 FR_MASTERSLICE       0
            li1     312
           met1     468
           met2     156
           met3     154
           met4       0
-----------------------
               1090


[INFO DRT-0195] Start 2nd optimization iteration.
    Completing 10% with 16 violations.
    elapsed time = 00:00:00, memory = 641.41 (MB).
    Completing 20% with 16 violations.
    elapsed time = 00:00:00, memory = 641.41 (MB).
    Completing 30% with 16 violations.
    elapsed time = 00:00:00, memory = 641.41 (MB).
    Completing 40% with 16 violations.
    elapsed time = 00:00:00, memory = 641.41 (MB).
    Completing 50% with 16 violations.
    elapsed time = 00:00:00, memory = 641.41 (MB).
    Completing 60% with 14 violations.
    elapsed time = 00:00:00, memory = 641.41 (MB).
    Completing 70% with 14 violations.
    elapsed time = 00:00:00, memory = 641.41 (MB).
    Completing 80% with 14 violations.
    elapsed time = 00:00:00, memory = 641.41 (MB).
    Completing 90% with 14 violations.
    elapsed time = 00:00:00, memory = 641.41 (MB).
    Completing 100% with 12 violations.
    elapsed time = 00:00:00, memory = 641.41 (MB).
[INFO DRT-0199]   Number of violations = 12.
Viol/Layer        met1
Metal Spacing       12
[INFO DRT-0267] cpu time = 00:00:01, elapsed time = 00:00:00, memory = 641.41 (MB), peak = 653.09 (MB)
Total wire length = 22186 um.
Total wire length on LAYER li1 = 0 um.
Total wire length on LAYER met1 = 436 um.
Total wire length on LAYER met2 = 18945 um.
Total wire length on LAYER met3 = 137 um.
Total wire length on LAYER met4 = 2667 um.
Total wire length on LAYER met5 = 0 um.
Total number of vias = 1084.
Up-via summary (total 1084):

-----------------------
 FR_MASTERSLICE       0
            li1     312
           met1     468
           met2     152
           met3     152
           met4       0
-----------------------
               1084


[INFO DRT-0195] Start 3rd guides tiles iteration.
    Completing 10% with 12 violations.
    elapsed time = 00:00:00, memory = 641.41 (MB).
    Completing 20% with 12 violations.
    elapsed time = 00:00:00, memory = 641.41 (MB).
    Completing 30% with 12 violations.
    elapsed time = 00:00:00, memory = 641.41 (MB).
    Completing 40% with 12 violations.
    elapsed time = 00:00:00, memory = 641.41 (MB).
    Completing 50% with 12 violations.
    elapsed time = 00:00:00, memory = 641.41 (MB).
    Completing 60% with 0 violations.
    elapsed time = 00:00:00, memory = 641.41 (MB).
    Completing 70% with 0 violations.
    elapsed time = 00:00:00, memory = 641.41 (MB).
    Completing 80% with 0 violations.
    elapsed time = 00:00:00, memory = 641.41 (MB).
    Completing 90% with 0 violations.
    elapsed time = 00:00:00, memory = 641.41 (MB).
    Completing 100% with 0 violations.
    elapsed time = 00:00:00, memory = 641.41 (MB).
[INFO DRT-0199]   Number of violations = 0.
[INFO DRT-0267] cpu time = 00:00:00, elapsed time = 00:00:00, memory = 641.40 (MB), peak = 653.09 (MB)
Total wire length = 22186 um.
Total wire length on LAYER li1 = 0 um.
Total wire length on LAYER met1 = 436 um.
Total wire length on LAYER met2 = 18944 um.
Total wire length on LAYER met3 = 137 um.
Total wire length on LAYER met4 = 2668 um.
Total wire length on LAYER met5 = 0 um.
Total number of vias = 1084.
Up-via summary (total 1084):

-----------------------
 FR_MASTERSLICE       0
            li1     312
           met1     468
           met2     152
           met3     152
           met4       0
-----------------------
               1084


[INFO DRT-0198] Complete detail routing.
Total wire length = 22186 um.
Total wire length on LAYER li1 = 0 um.
Total wire length on LAYER met1 = 436 um.
Total wire length on LAYER met2 = 18944 um.
Total wire length on LAYER met3 = 137 um.
Total wire length on LAYER met4 = 2668 um.
Total wire length on LAYER met5 = 0 um.
Total number of vias = 1084.
Up-via summary (total 1084):

-----------------------
 FR_MASTERSLICE       0
            li1     312
           met1     468
           met2     152
           met3     152
           met4       0
-----------------------
               1084


[INFO DRT-0267] cpu time = 00:00:09, elapsed time = 00:00:03, memory = 641.40 (MB), peak = 653.09 (MB)

[INFO DRT-0180] Post processing.
[INFO DRT-0501] Runtime: 5.88s
Took 6 seconds: detailed_route -output_drc /work/campaigns/iscas_sustainability_extension/memory_compiler/gate3_attempt07_sram22_matched_physical_closure/raw/openroad/work/reports/sky130hd/attempt07_u0/seed11/5_route_drc.rpt -output_maze /work/campaigns/iscas_sustainability_extension/memory_compiler/gate3_attempt07_sram22_matched_physical_closure/raw/openroad/work/results/sky130hd/attempt07_u0/seed11/maze.log -droute_end_iter 64 -verbose 1 -drc_report_iter_step 5
[INFO GRT-0012] Found 0 antenna violations.
[INFO ANT-0002] Found 0 net violations.
[INFO ANT-0001] Found 0 pin violations.
[INFO ANT-0002] Found 0 net violations.
[INFO ANT-0001] Found 0 pin violations.
Design area 206833 um^2 47% utilization.
write_db /work/campaigns/iscas_sustainability_extension/memory_compiler/gate3_attempt07_sram22_matched_physical_closure/raw/openroad/work/results/sky130hd/attempt07_u0/seed11/5_2_route.odb
Elapsed time: 0:08.22[h:]min:sec. CPU time: user 14.03 sys 1.59 (190%). Peak memory: 668764KB.
Log                       Ext     Elapsed/s Peak Memory/MB sha1sum result [0:20)
5_2_route                 .odb            8            653 96fb96318cb524930c88
/OpenROAD-flow-scripts/flow/scripts/flow.sh 5_3_fillcell fillcell
Running fillcell.tcl, stage 5_3_fillcell
read_liberty /OpenROAD-flow-scripts/flow/platforms/sky130hd/lib/sky130_fd_sc_hd__tt_025C_1v80.lib
read_liberty /work/campaigns/iscas_sustainability_extension/memory_compiler/gate3_attempt07_sram22_matched_physical_closure/source_checkout/sram22_256x64m4w8/sram22_256x64m4w8_tt_025C_1v80.lib
read_db /work/campaigns/iscas_sustainability_extension/memory_compiler/gate3_attempt07_sram22_matched_physical_closure/raw/openroad/work/results/sky130hd/attempt07_u0/seed11/5_2_route.odb
read_sdc /work/campaigns/iscas_sustainability_extension/memory_compiler/gate3_attempt07_sram22_matched_physical_closure/raw/openroad/work/results/sky130hd/attempt07_u0/seed11/5_1_grt.sdc
source /OpenROAD-flow-scripts/flow/platforms/sky130hd/setRC.tcl
filler_placement "sky130_fd_sc_hd__fill_1 sky130_fd_sc_hd__fill_2 sky130_fd_sc_hd__fill_4 sky130_fd_sc_hd__fill_8"
[INFO DPL-0001] Placed 27892 filler instances.
Design area 206833 um^2 47% utilization.
write_db /work/campaigns/iscas_sustainability_extension/memory_compiler/gate3_attempt07_sram22_matched_physical_closure/raw/openroad/work/results/sky130hd/attempt07_u0/seed11/5_3_fillcell.odb
Elapsed time: 0:02.94[h:]min:sec. CPU time: user 1.02 sys 0.37 (47%). Peak memory: 172184KB.
Log                       Ext     Elapsed/s Peak Memory/MB sha1sum result [0:20)
5_3_fillcell              .odb            2            168 dd091d05953cc1555c8b
cp /work/campaigns/iscas_sustainability_extension/memory_compiler/gate3_attempt07_sram22_matched_physical_closure/raw/openroad/work/results/sky130hd/attempt07_u0/seed11/5_3_fillcell.odb /work/campaigns/iscas_sustainability_extension/memory_compiler/gate3_attempt07_sram22_matched_physical_closure/raw/openroad/work/results/sky130hd/attempt07_u0/seed11/5_route.odb
cp /work/campaigns/iscas_sustainability_extension/memory_compiler/gate3_attempt07_sram22_matched_physical_closure/raw/openroad/work/results/sky130hd/attempt07_u0/seed11/5_1_grt.sdc /work/campaigns/iscas_sustainability_extension/memory_compiler/gate3_attempt07_sram22_matched_physical_closure/raw/openroad/work/results/sky130hd/attempt07_u0/seed11/5_route.sdc
/OpenROAD-flow-scripts/flow/scripts/flow.sh 6_1_fill density_fill
Running density_fill.tcl, stage 6_1_fill
read_liberty /OpenROAD-flow-scripts/flow/platforms/sky130hd/lib/sky130_fd_sc_hd__tt_025C_1v80.lib
read_liberty /work/campaigns/iscas_sustainability_extension/memory_compiler/gate3_attempt07_sram22_matched_physical_closure/source_checkout/sram22_256x64m4w8/sram22_256x64m4w8_tt_025C_1v80.lib
read_db /work/campaigns/iscas_sustainability_extension/memory_compiler/gate3_attempt07_sram22_matched_physical_closure/raw/openroad/work/results/sky130hd/attempt07_u0/seed11/5_route.odb
read_sdc /work/campaigns/iscas_sustainability_extension/memory_compiler/gate3_attempt07_sram22_matched_physical_closure/raw/openroad/work/results/sky130hd/attempt07_u0/seed11/5_route.sdc
source /OpenROAD-flow-scripts/flow/platforms/sky130hd/setRC.tcl
exec cp /work/campaigns/iscas_sustainability_extension/memory_compiler/gate3_attempt07_sram22_matched_physical_closure/raw/openroad/work/results/sky130hd/attempt07_u0/seed11/5_route.odb /work/campaigns/iscas_sustainability_extension/memory_compiler/gate3_attempt07_sram22_matched_physical_closure/raw/openroad/work/results/sky130hd/attempt07_u0/seed11/6_1_fill.odb
Elapsed time: 0:02.09[h:]min:sec. CPU time: user 0.84 sys 0.32 (55%). Peak memory: 146464KB.
Log                       Ext     Elapsed/s Peak Memory/MB sha1sum result [0:20)
6_1_fill                  .odb            2            143 dd091d05953cc1555c8b
cp /work/campaigns/iscas_sustainability_extension/memory_compiler/gate3_attempt07_sram22_matched_physical_closure/raw/openroad/work/results/sky130hd/attempt07_u0/seed11/5_route.sdc /work/campaigns/iscas_sustainability_extension/memory_compiler/gate3_attempt07_sram22_matched_physical_closure/raw/openroad/work/results/sky130hd/attempt07_u0/seed11/6_1_fill.sdc
/OpenROAD-flow-scripts/flow/scripts/flow.sh 6_report final_report
Running final_report.tcl, stage 6_report
read_liberty /OpenROAD-flow-scripts/flow/platforms/sky130hd/lib/sky130_fd_sc_hd__tt_025C_1v80.lib
read_liberty /work/campaigns/iscas_sustainability_extension/memory_compiler/gate3_attempt07_sram22_matched_physical_closure/source_checkout/sram22_256x64m4w8/sram22_256x64m4w8_tt_025C_1v80.lib
read_db /work/campaigns/iscas_sustainability_extension/memory_compiler/gate3_attempt07_sram22_matched_physical_closure/raw/openroad/work/results/sky130hd/attempt07_u0/seed11/6_1_fill.odb
read_sdc /work/campaigns/iscas_sustainability_extension/memory_compiler/gate3_attempt07_sram22_matched_physical_closure/raw/openroad/work/results/sky130hd/attempt07_u0/seed11/6_1_fill.sdc
source /OpenROAD-flow-scripts/flow/platforms/sky130hd/setRC.tcl
write_db /work/campaigns/iscas_sustainability_extension/memory_compiler/gate3_attempt07_sram22_matched_physical_closure/raw/openroad/work/results/sky130hd/attempt07_u0/seed11/6_final.odb
write_sdc -no_timestamp /work/campaigns/iscas_sustainability_extension/memory_compiler/gate3_attempt07_sram22_matched_physical_closure/raw/openroad/work/results/sky130hd/attempt07_u0/seed11/6_final.sdc
Deleted 0 routing obstructions
Warning: master sky130_ef_sc_hd__decap_12 has signal pins but no liberty cell
[INFO RCX-0431] Defined process_corner X with ext_model_index 0
[INFO RCX-0029] Defined extraction corner X
[WARNING RCX-0514] The ext_model_file option is deprecated. Use set_extraction_rules_file command instead.
[INFO RCX-0435] Reading extraction model file /OpenROAD-flow-scripts/flow/platforms/sky130hd/rcx_patterns.rules ...
[INFO RCX-0436] RC segment generation u0_sram22_top (max_merge_res 50.0) ...
[INFO RCX-0040] Final 834 rc segments
[INFO RCX-0439] Coupling Cap extraction u0_sram22_top ...
[INFO RCX-0440] Coupling threshhold is 0.1000 fF, coupling capacitance less than 0.1000 fF will be grounded.
[INFO RCX-0442] 92% of 11472 wires extracted
[INFO RCX-0442] 100% of 11472 wires extracted
[INFO RCX-0045] Extract 304 nets, 1138 rsegs, 1138 caps, 676 ccs
[INFO RCX-0443] 304 nets finished
[INFO PSM-0040] All shapes on net VDD are connected.
########## IR report #################
Net              : VDD
Corner           : default
Total power      : 8.05e-04 W
Supply voltage   : 1.80e+00 V
Worstcase voltage: 1.80e+00 V
Average voltage  : 1.80e+00 V
Average IR drop  : 1.26e-07 V
Worstcase IR drop: 1.54e-05 V
Percentage drop  : 0.00 %
######################################
[INFO PSM-0040] All shapes on net VSS are connected.
########## IR report #################
Net              : VSS
Corner           : default
Total power      : 8.05e-04 W
Supply voltage   : 0.00e+00 V
Worstcase voltage: 1.06e-05 V
Average voltage  : 1.51e-07 V
Average IR drop  : 1.51e-07 V
Worstcase IR drop: 1.06e-05 V
Percentage drop  : 0.00 %
######################################
Cell type report:                       Count       Area
  Macro                                     1  201266.60
  Fill cell                             27892  226343.33
  Tap cell                               3165    3960.05
  Timing Repair Buffer                    156    1606.54
  Total                                 31214  433176.52
Report metrics stage 6, finish...

==========================================================================
finish report_design_area
--------------------------------------------------------------------------
Design area 206833 um^2 47% utilization.
[WARNING GUI-0076] QStandardPaths: XDG_RUNTIME_DIR not set, defaulting to '/tmp/runtime-root'
Elapsed time: 0:15.74[h:]min:sec. CPU time: user 8.49 sys 1.11 (61%). Peak memory: 284964KB.
Log                       Ext     Elapsed/s Peak Memory/MB sha1sum result [0:20)
6_report                                 15            278                  N/A
cp /OpenROAD-flow-scripts/flow/platforms/sky130hd/lef/sky130_fd_sc_hd.tlef /work/campaigns/iscas_sustainability_extension/memory_compiler/gate3_attempt07_sram22_matched_physical_closure/raw/openroad/work/objects/sky130hd/attempt07_u0/seed11/klayout_tech.lef
/usr/bin/python3 /OpenROAD-flow-scripts/flow/util/generate_klayout_tech.py \
	--template /OpenROAD-flow-scripts/flow/platforms/sky130hd/sky130hd.lyt \
	--output /work/campaigns/iscas_sustainability_extension/memory_compiler/gate3_attempt07_sram22_matched_physical_closure/raw/openroad/work/objects/sky130hd/attempt07_u0/seed11/klayout.lyt \
	--lef-files /work/campaigns/iscas_sustainability_extension/memory_compiler/gate3_attempt07_sram22_matched_physical_closure/raw/openroad/work/objects/sky130hd/attempt07_u0/seed11/klayout_tech.lef /OpenROAD-flow-scripts/flow/platforms/sky130hd/lef/sky130_fd_sc_hd_merged.lef /work/campaigns/iscas_sustainability_extension/memory_compiler/gate3_attempt07_sram22_matched_physical_closure/source_checkout/sram22_256x64m4w8/sram22_256x64m4w8.lef   \
	--map-files 
/usr/bin/python3 /OpenROAD-flow-scripts/flow/scripts/run_command.py --log /work/campaigns/iscas_sustainability_extension/memory_compiler/gate3_attempt07_sram22_matched_physical_closure/raw/openroad/work/logs/sky130hd/attempt07_u0/seed11/6_1_merge.log --tee -- \
        /OpenROAD-flow-scripts/flow/scripts/klayout.sh -zz -rd design_name=u0_sram22_top \
        -rd in_def=/work/campaigns/iscas_sustainability_extension/memory_compiler/gate3_attempt07_sram22_matched_physical_closure/raw/openroad/work/results/sky130hd/attempt07_u0/seed11/6_final.def \
        -rd in_files="/OpenROAD-flow-scripts/flow/platforms/sky130hd/gds/sky130_fd_sc_hd.gds /work/campaigns/iscas_sustainability_extension/memory_compiler/gate3_attempt07_sram22_matched_physical_closure/raw/derived_gds/sram22_256x64m4w8.gds " \
        -rd seal_file="" \
        -rd out_file=/work/campaigns/iscas_sustainability_extension/memory_compiler/gate3_attempt07_sram22_matched_physical_closure/raw/openroad/work/results/sky130hd/attempt07_u0/seed11/6_1_merged.gds \
        -rd tech_file=/work/campaigns/iscas_sustainability_extension/memory_compiler/gate3_attempt07_sram22_matched_physical_closure/raw/openroad/work/objects/sky130hd/attempt07_u0/seed11/klayout.lyt \
        -rd layer_map= \
        -r /OpenROAD-flow-scripts/flow/util/def2stream.py
KLayout 0.30.7
[INFO] Reporting cells prior to loading DEF ...
	/OpenROAD-flow-scripts/flow/platforms/sky130hd/gds/sky130_fd_sc_hd.gds
	/work/campaigns/iscas_sustainability_extension/memory_compiler/gate3_attempt07_sram22_matched_physical_closure/raw/derived_gds/sram22_256x64m4w8.gds
[INFO] All LEF cells have matching GDS/OAS cells
[INFO] No orphan cells in the final layout
Elapsed time: 0:09.12[h:]min:sec. CPU time: user 4.43 sys 1.40 (63%). Peak memory: 581200KB.
cp /work/campaigns/iscas_sustainability_extension/memory_compiler/gate3_attempt07_sram22_matched_physical_closure/raw/openroad/work/results/sky130hd/attempt07_u0/seed11/6_1_merged.gds /work/campaigns/iscas_sustainability_extension/memory_compiler/gate3_attempt07_sram22_matched_physical_closure/raw/openroad/work/results/sky130hd/attempt07_u0/seed11/6_final.gds
/work/campaigns/iscas_sustainability_extension/memory_compiler/gate3_attempt07_sram22_matched_physical_closure/raw/openroad/work/logs/sky130hd/attempt07_u0/seed11
Log                       Ext     Elapsed/s Peak Memory/MB sha1sum result [0:20)
1_1_yosys_canonicalize    .rtlil          0             59 146abac7f1528e9f5773
1_2_yosys                 .v              2             61 8772a33532b297f6e8d6
1_2_yosys                 .sdc                             f2bc0b85bc714b81b99d
1_synth                   .odb            1            123 5d220c2656e8b04019d7
1_synth                   .sdc                             b6f9383ea778b3f433b7
2_1_floorplan             .odb            2            141 d34c20de5d0f0839120f
2_1_floorplan             .sdc                             b6f9383ea778b3f433b7
2_2_floorplan_macro       .odb            1            121 d86dda4580251982d584
2_3_floorplan_tapcell     .odb            1            122 c53bb03896b9fae1d57d
2_4_floorplan_pdn         .odb            2            136 cfbb17f2164306408325
3_1_place_gp_skip_io      .odb            1            125 cfbb17f2164306408325
3_2_place_iop             .odb            1            127 11ee3d2dae92e7c65003
3_3_place_gp              .odb            3            241 40033f056d5b94883058
3_4_place_resized         .odb            1            125 40033f056d5b94883058
3_5_place_dp              .odb            5            149 fe423ab25df94e1acc5d
4_1_cts                   .odb           10            165 5b847e01095497c2c573
5_1_grt                   .odb            7            277 cab2be0570ab2740e325
5_1_grt                   .sdc                             a42be0ef2c48d0e04fec
5_2_route                 .odb            8            653 96fb96318cb524930c88
5_3_fillcell              .odb            2            168 dd091d05953cc1555c8b
6_1_fill                  .odb            2            143 dd091d05953cc1555c8b
6_1_fill                  .sdc                             a42be0ef2c48d0e04fec
6_1_merge                                 9            567                  N/A
6_report                                 15            278                  N/A
Total                                    73            653                     
