OpenROAD 26Q3-1080-gab6fd26351 
Features included (+) or not (-): +GPU +GUI +Python
This program is licensed under the BSD-3 license. See the LICENSE file for details.
Components of this program may be licensed under more restrictive licenses which must be honored.
[INFO ORD-0030] Using 4 thread(s).
read_liberty /OpenROAD-flow-scripts/flow/platforms/sky130hd/lib/sky130_fd_sc_hd__tt_025C_1v80.lib
read_liberty /work/campaigns/iscas_sustainability_extension/memory_compiler/gate3_attempt09_sram22_residual_interface_drv_and_provenance_closure/source_checkout/sram22_256x64m4w8/sram22_256x64m4w8_tt_025C_1v80.lib
read_liberty /work/campaigns/iscas_sustainability_extension/memory_compiler/gate3_attempt09_sram22_residual_interface_drv_and_provenance_closure/source_checkout/sram22_256x8m8w1/sram22_256x8m8w1_tt_025C_1v80.lib
read_db /work/campaigns/iscas_sustainability_extension/memory_compiler/gate3_attempt09_sram22_residual_interface_drv_and_provenance_closure/raw/openroad/work/results/sky130hd/attempt09_e0/seed23/3_4_place_resized.odb
read_sdc /work/campaigns/iscas_sustainability_extension/memory_compiler/gate3_attempt09_sram22_residual_interface_drv_and_provenance_closure/raw/openroad/work/results/sky130hd/attempt09_e0/seed23/2_floorplan.sdc
source /OpenROAD-flow-scripts/flow/platforms/sky130hd/setRC.tcl
detailed_placement
[INFO DPL-0006] Core area: 615627.94 um^2
[INFO DPL-0007] Movable instances area: 9166.29 um^2
[INFO DPL-0008] Fixed instances area within core: 266259.75 um^2
[INFO DPL-0009] Utilization: 44.7%
[INFO DPL-0005] Diamond search max displacement: +/- 500 sites horizontally, +/- 100 rows vertically.
[INFO DPL-1102] Legalizing using negotiation legalizer.
[INFO DPL-1103] Negotiation base search window: +/-20 sites horizontally, +/-5 rows vertically 
	Automatic search window extension enabled.
	Search window extendable up to the max displacement cap of +/-500 sites, +/-100 rows near walls.
[INFO DPL-1104] NegotiationLegalizer DRC penalty: 5.
[INFO DPL-0392] Negotiation cell height distribution (3 unique row-count(s)):
[INFO DPL-0393]   height 1 row(s): 5815 cells
[INFO DPL-0393]   height 83 row(s): 1 cells
[INFO DPL-0393]   height 108 row(s): 1 cells
          |      Total |  Illegal |  Illegal
Iteration | Violations |    Cells |    Sites
---------------------------------------------
        0 |          0 |         0 |         0
Negotiation phase 1 converged at iteration 0.
[INFO DPL-0500] Runtime: 0.09s
Placement Analysis
---------------------------------
total displacement       2655.5 u
average displacement        0.5 u
max displacement           14.9 u
original HPWL           77692.0 u
legalized HPWL          78387.6 u
delta HPWL                    1 %

improve_placement -max_displacement "5 1"
Detailed placement improvement.
[INFO DPL-0401] Setting random seed to 1.
[INFO DPL-0402] Setting maximum displacement 5 1 to 13600 2720 units.
[INFO DPL-0320] Collected 5077 fixed cells.
[INFO DPL-0318] Collected 1077 single height cells.
[INFO DPL-0321] Collected 0 wide cells.
[INFO DPL-0322] Image (10120, 10880) - (989920, 639200)
[INFO DPL-0310] Assigned 1077 cells into segments.  Movement in X-direction is 0.000000, movement in Y-direction is 0.000000.
[INFO DPL-0313] Found 0 cells in wrong regions.
[INFO DPL-0315] Found 0 row alignment problems.
[INFO DPL-0314] Found 0 site alignment problems.
[INFO DPL-0311] Found 0 overlaps between adjacent cells.
[INFO DPL-0312] Found 0 edge spacing violations and 0 padding violations.
[INFO DPL-0303] Running algorithm for independent set matching.
[INFO DPL-0300] Set matching objective is wirelength.
[INFO DPL-0301] Pass   1 of matching; objective is 7.834032e+07.
[INFO DPL-0302] End of matching; objective is 7.832522e+07, improvement is 0.02 percent.
[INFO DPL-0303] Running algorithm for global swaps.
[INFO DPL-0306] Pass   1 of global swaps; hpwl is 7.743272e+07.
[INFO DPL-0306] Pass   2 of global swaps; hpwl is 7.728003e+07.
[INFO DPL-0307] End of global swaps; objective is 7.728003e+07, improvement is 1.33 percent.
[INFO DPL-0303] Running algorithm for vertical swaps.
[INFO DPL-0308] Pass   1 of vertical swaps; hpwl is 7.714972e+07.
[INFO DPL-0309] End of vertical swaps; objective is 7.714972e+07, improvement is 0.17 percent.
[INFO DPL-0303] Running algorithm for reordering.
[INFO DPL-0304] Pass   1 of reordering; objective is 7.714312e+07.
[INFO DPL-0305] End of reordering; objective is 7.714312e+07, improvement is 0.01 percent.
[INFO DPL-0303] Running algorithm for random improvement.
[INFO DPL-0324] Random improver is using random generator.
[INFO DPL-0325] Random improver is using hpwl objective.
[INFO DPL-0326] Random improver cost string is (a).
[INFO DPL-0332] End of pass, Generator random called 21540 times.
[INFO DPL-0335] Generator random, Cumulative attempts 21540, swaps 1223, moves  9961 since last reset.
[INFO DPL-0333] End of pass, Objective hpwl, Initial cost 7.714312e+07, Scratch cost 7.667093e+07, Incremental cost 7.667093e+07, Mismatch? N
[INFO DPL-0338] End of pass, Total cost is 7.667093e+07.
[INFO DPL-0327] Pass   1 of random improver; improvement in cost is 0.61 percent.
[INFO DPL-0328] End of random improver; improvement is 0.612100 percent.
[INFO DPL-0380] Cell flipping.
[INFO DPL-0382] Changed 0 cell orientations for row compatibility.
[INFO DPL-0383] Performed 333 cell flips.
[INFO DPL-0384] End of flipping; objective is 7.592683e+07, improvement is 0.97 percent.
[INFO DPL-0313] Found 0 cells in wrong regions.
[INFO DPL-0315] Found 0 row alignment problems.
[INFO DPL-0314] Found 0 site alignment problems.
[INFO DPL-0311] Found 0 overlaps between adjacent cells.
[INFO DPL-0312] Found 0 edge spacing violations and 0 padding violations.
Detailed Improvement Results
------------------------------------------
Original HPWL            78387.6 u (   27491.9,    50895.7)
Final HPWL               75990.1 u (   25984.7,    50005.4)
Delta HPWL                  -3.1 % (      -5.5,       -1.7)

optimize_mirroring
[INFO DPL-0020] Mirrored 45 instances
[INFO DPL-0021] HPWL before           75990.1 u
[INFO DPL-0022] HPWL after            75983.4 u
[INFO DPL-0023] HPWL delta               -0.0 %
[INFO FLW-0012] Placement violations .
estimate_parasitics -placement
Report metrics stage 3, detailed place...

==========================================================================
detailed place report_design_area
--------------------------------------------------------------------------
Design area 275426 um^2 45% utilization.
write_db /work/campaigns/iscas_sustainability_extension/memory_compiler/gate3_attempt09_sram22_residual_interface_drv_and_provenance_closure/raw/openroad/work/results/sky130hd/attempt09_e0/seed23/3_5_place_dp.odb
write_sdc -no_timestamp /work/campaigns/iscas_sustainability_extension/memory_compiler/gate3_attempt09_sram22_residual_interface_drv_and_provenance_closure/raw/openroad/work/results/sky130hd/attempt09_e0/seed23/3_place.sdc
Elapsed time: 0:06.14[h:]min:sec. CPU time: user 1.86 sys 0.52 (38%). Peak memory: 166724KB.
Log                       Ext     Elapsed/s Peak Memory/MB sha1sum result [0:20)
3_5_place_dp              .odb            6            162 7d7940f5aacfabf6c77f
