Collecting anyio==4.5.2
  Downloading anyio-4.5.2-py3-none-any.whl (89 kB)
Collecting certifi==2026.7.22
  Downloading certifi-2026.7.22-py3-none-any.whl (136 kB)
Collecting click==8.1.8
  Downloading click-8.1.8-py3-none-any.whl (98 kB)
Requirement already satisfied: coverage==4.5.2 in /usr/lib/python3/dist-packages (from -r /attempt/environment/python_requirements_attempt02.lock.txt (line 5)) (4.5.2)
Requirement already satisfied: cycler==0.10.0 in /usr/lib/python3/dist-packages (from -r /attempt/environment/python_requirements_attempt02.lock.txt (line 6)) (0.10.0)
Requirement already satisfied: decorator==4.4.2 in /usr/lib/python3/dist-packages (from -r /attempt/environment/python_requirements_attempt02.lock.txt (line 7)) (4.4.2)
Collecting exceptiongroup==1.3.1
  Downloading exceptiongroup-1.3.1-py3-none-any.whl (16 kB)
Requirement already satisfied: extras==1.0.0 in /usr/lib/python3/dist-packages (from -r /attempt/environment/python_requirements_attempt02.lock.txt (line 9)) (1.0.0)
Requirement already satisfied: fixtures==3.0.0 in /usr/lib/python3/dist-packages (from -r /attempt/environment/python_requirements_attempt02.lock.txt (line 10)) (3.0.0)
Collecting h11==0.16.0
  Downloading h11-0.16.0-py3-none-any.whl (37 kB)
Collecting httpcore==1.0.9
  Downloading httpcore-1.0.9-py3-none-any.whl (78 kB)
Collecting httpx==0.28.1
  Downloading httpx-0.28.1-py3-none-any.whl (73 kB)
Collecting idna==3.15
  Downloading idna-3.15-py3-none-any.whl (72 kB)
Requirement already satisfied: joblib==0.14.0 in /usr/lib/python3/dist-packages (from -r /attempt/environment/python_requirements_attempt02.lock.txt (line 15)) (0.14.0)
Requirement already satisfied: kiwisolver==1.0.1 in /usr/lib/python3/dist-packages (from -r /attempt/environment/python_requirements_attempt02.lock.txt (line 16)) (1.0.1)
Requirement already satisfied: linecache2==1.0.0 in /usr/lib/python3/dist-packages (from -r /attempt/environment/python_requirements_attempt02.lock.txt (line 17)) (1.0.0)
Collecting markdown-it-py==3.0.0
  Downloading markdown_it_py-3.0.0-py3-none-any.whl (87 kB)
Requirement already satisfied: matplotlib==3.1.2 in /usr/lib/python3/dist-packages (from -r /attempt/environment/python_requirements_attempt02.lock.txt (line 19)) (3.1.2)
Collecting mdurl==0.1.2
  Downloading mdurl-0.1.2-py3-none-any.whl (10.0 kB)
Requirement already satisfied: numpy==1.17.4 in /usr/lib/python3/dist-packages (from -r /attempt/environment/python_requirements_attempt02.lock.txt (line 21)) (1.17.4)
Requirement already satisfied: pbr==5.4.5 in /usr/lib/python3/dist-packages (from -r /attempt/environment/python_requirements_attempt02.lock.txt (line 22)) (5.4.5)
Collecting pcpp==1.30
  Downloading pcpp-1.30-py2.py3-none-any.whl (91 kB)
Collecting Pygments==2.19.2
  Downloading pygments-2.19.2-py3-none-any.whl (1.2 MB)
Requirement already satisfied: pyparsing==2.4.6 in /usr/lib/python3/dist-packages (from -r /attempt/environment/python_requirements_attempt02.lock.txt (line 25)) (2.4.6)
Requirement already satisfied: python-dateutil==2.7.3 in /usr/lib/python3/dist-packages (from -r /attempt/environment/python_requirements_attempt02.lock.txt (line 26)) (2.7.3)
Requirement already satisfied: python-mimeparse==1.6.0 in /usr/lib/python3/dist-packages (from -r /attempt/environment/python_requirements_attempt02.lock.txt (line 27)) (1.6.0)
Requirement already satisfied: python-subunit==1.4.0 in /usr/lib/python3/dist-packages (from -r /attempt/environment/python_requirements_attempt02.lock.txt (line 28)) (1.4.0)
Collecting PyYAML==6.0.3
  Downloading PyYAML-6.0.3-cp38-cp38-manylinux2014_x86_64.manylinux_2_17_x86_64.manylinux_2_28_x86_64.whl (806 kB)
Collecting rich==13.9.4
  Downloading rich-13.9.4-py3-none-any.whl (242 kB)
Requirement already satisfied: scikit-learn==0.22.2.post1 in /usr/lib/python3/dist-packages (from -r /attempt/environment/python_requirements_attempt02.lock.txt (line 31)) (0.22.2.post1)
Requirement already satisfied: scipy==1.3.3 in /usr/lib/python3/dist-packages (from -r /attempt/environment/python_requirements_attempt02.lock.txt (line 32)) (1.3.3)
Requirement already satisfied: six==1.14.0 in /usr/lib/python3/dist-packages (from -r /attempt/environment/python_requirements_attempt02.lock.txt (line 33)) (1.14.0)
Collecting sniffio==1.3.1
  Downloading sniffio-1.3.1-py3-none-any.whl (10 kB)
Requirement already satisfied: testtools==2.4.0 in /usr/lib/python3/dist-packages (from -r /attempt/environment/python_requirements_attempt02.lock.txt (line 35)) (2.4.0)
Requirement already satisfied: traceback2==1.4.0 in /usr/lib/python3/dist-packages (from -r /attempt/environment/python_requirements_attempt02.lock.txt (line 36)) (1.4.0)
Collecting typing-extensions==4.13.2
  Downloading typing_extensions-4.13.2-py3-none-any.whl (45 kB)
Requirement already satisfied: unittest2==1.1.0 in /usr/lib/python3/dist-packages (from -r /attempt/environment/python_requirements_attempt02.lock.txt (line 38)) (1.1.0)
Collecting volare==0.15.2
  Downloading volare-0.15.2-py3-none-any.whl (35 kB)
Collecting zstandard==0.23.0
  Downloading zstandard-0.23.0-cp38-cp38-manylinux_2_17_x86_64.manylinux2014_x86_64.whl (5.4 MB)
Installing collected packages: idna, typing-extensions, exceptiongroup, sniffio, anyio, certifi, click, h11, httpcore, httpx, mdurl, markdown-it-py, pcpp, Pygments, PyYAML, rich, zstandard, volare
Successfully installed PyYAML-6.0.3 Pygments-2.19.2 anyio-4.5.2 certifi-2026.7.22 click-8.1.8 exceptiongroup-1.3.1 h11-0.16.0 httpcore-1.0.9 httpx-0.28.1 idna-3.15 markdown-it-py-3.0.0 mdurl-0.1.2 pcpp-1.30 rich-13.9.4 sniffio-1.3.1 typing-extensions-4.13.2 volare-0.15.2 zstandard-0.23.0
PyYAML==6.0.3
anyio==4.5.2
certifi==2026.7.22
click==8.1.8
coverage==4.5.2
cycler==0.10.0
decorator==4.4.2
exceptiongroup==1.3.1
extras==1.0.0
fixtures==3.0.0
h11==0.16.0
httpcore==1.0.9
httpx==0.28.1
idna==3.15
joblib==0.14.0
kiwisolver==1.0.1
linecache2==1.0.0
markdown-it-py==3.0.0
matplotlib==3.1.2
mdurl==0.1.2
numpy==1.17.4
pbr==5.4.5
pcpp==1.30
pygments==2.19.2
pyparsing==2.4.6
python-dateutil==2.7.3
python-mimeparse==1.6.0
python-subunit==1.4.0
rich==13.9.4
scikit-learn==0.22.2.post1
scipy==1.3.3
six==1.14.0
sniffio==1.3.1
testtools==2.4.0
traceback2==1.4.0
typing-extensions==4.13.2
unittest2==1.1.0
volare==0.15.2
zstandard==0.23.0
