OpenROAD 26Q3-1080-gab6fd26351 
Features included (+) or not (-): +GPU +GUI +Python
This program is licensed under the BSD-3 license. See the LICENSE file for details.
Components of this program may be licensed under more restrictive licenses which must be honored.
[INFO ORD-0030] Using 16 thread(s).
read_liberty /OpenROAD-flow-scripts/flow/platforms/sky130hd/lib/sky130_fd_sc_hd__tt_025C_1v80.lib
[INFO ODB-0227] LEF file: /OpenROAD-flow-scripts/flow/platforms/sky130hd/lef/sky130_fd_sc_hd.tlef, created 13 layers, 25 vias
[INFO ODB-0227] LEF file: /OpenROAD-flow-scripts/flow/platforms/sky130hd/lef/sky130_fd_sc_hd_merged.lef, created 441 library cells
link_design gate03e_secded_pipelined_boundary
read_sdc /mapping-work/results/sky130hd/gate03e_secded_pipelined_boundary/base/1_2_yosys.sdc
source /OpenROAD-flow-scripts/flow/platforms/sky130hd/setRC.tcl
eliminate_dead_logic
Removed 0 unused instances and 0 unused nets.
Design area 10903 um^2 100% utilization.
write_db /mapping-work/results/sky130hd/gate03e_secded_pipelined_boundary/base/1_synth.odb
write_sdc -no_timestamp /mapping-work/results/sky130hd/gate03e_secded_pipelined_boundary/base/1_synth.sdc
Elapsed time: 0:00.85[h:]min:sec. CPU time: user 0.74 sys 0.10 (99%). Peak memory: 128068KB.
Log                       Ext     Elapsed/s Peak Memory/MB sha1sum result [0:20)
1_synth                   .odb            0            125 9e2d3cf21defd8d7829b
1_synth                   .sdc                             b2587cbda643eab8c9ff
