OpenROAD 26Q3-1080-gab6fd26351 
Features included (+) or not (-): +GPU +GUI +Python
This program is licensed under the BSD-3 license. See the LICENSE file for details.
Components of this program may be licensed under more restrictive licenses which must be honored.
[INFO ORD-0030] Using 4 thread(s).
read_liberty /OpenROAD-flow-scripts/flow/platforms/sky130hd/lib/sky130_fd_sc_hd__tt_025C_1v80.lib
read_liberty /work/campaigns/iscas_sustainability_extension/memory_compiler/gate3_attempt09_sram22_residual_interface_drv_and_provenance_closure/source_checkout/sram22_256x64m4w8/sram22_256x64m4w8_tt_025C_1v80.lib
read_liberty /work/campaigns/iscas_sustainability_extension/memory_compiler/gate3_attempt09_sram22_residual_interface_drv_and_provenance_closure/source_checkout/sram22_256x8m8w1/sram22_256x8m8w1_tt_025C_1v80.lib
read_db /work/campaigns/iscas_sustainability_extension/memory_compiler/gate3_attempt09_sram22_residual_interface_drv_and_provenance_closure/raw/openroad/work/results/sky130hd/attempt09_e0/seed17/5_1_grt.odb
read_sdc /work/campaigns/iscas_sustainability_extension/memory_compiler/gate3_attempt09_sram22_residual_interface_drv_and_provenance_closure/raw/openroad/work/results/sky130hd/attempt09_e0/seed17/5_1_grt.sdc
source /OpenROAD-flow-scripts/flow/platforms/sky130hd/setRC.tcl
detailed_route -output_drc /work/campaigns/iscas_sustainability_extension/memory_compiler/gate3_attempt09_sram22_residual_interface_drv_and_provenance_closure/raw/openroad/work/reports/sky130hd/attempt09_e0/seed17/5_route_drc.rpt -output_maze /work/campaigns/iscas_sustainability_extension/memory_compiler/gate3_attempt09_sram22_residual_interface_drv_and_provenance_closure/raw/openroad/work/results/sky130hd/attempt09_e0/seed17/maze.log -droute_end_iter 64 -verbose 1 -drc_report_iter_step 5
[INFO DRT-0149] Reading tech and libs.
[WARNING DRT-0349] LEF58_ENCLOSURE with no CUTCLASS is not supported. Skipping for layer mcon
[WARNING DRT-0349] LEF58_ENCLOSURE with no CUTCLASS is not supported. Skipping for layer mcon
[WARNING DRT-0349] LEF58_ENCLOSURE with no CUTCLASS is not supported. Skipping for layer via
[WARNING DRT-0349] LEF58_ENCLOSURE with no CUTCLASS is not supported. Skipping for layer via
[WARNING DRT-0349] LEF58_ENCLOSURE with no CUTCLASS is not supported. Skipping for layer via2
[WARNING DRT-0349] LEF58_ENCLOSURE with no CUTCLASS is not supported. Skipping for layer via2
[WARNING DRT-0349] LEF58_ENCLOSURE with no CUTCLASS is not supported. Skipping for layer via3
[WARNING DRT-0349] LEF58_ENCLOSURE with no CUTCLASS is not supported. Skipping for layer via3
[WARNING DRT-0349] LEF58_ENCLOSURE with no CUTCLASS is not supported. Skipping for layer via4
[WARNING DRT-0349] LEF58_ENCLOSURE with no CUTCLASS is not supported. Skipping for layer via4

Units:                1000
Number of layers:     13
Number of macros:     443
Number of vias:       130
Number of viarulegen: 25

[INFO DRT-0150] Reading design.

Design:                   e0_sram22_top
Die area:                 ( 0 0 ) ( 1000000 650000 )
Number of track patterns: 12
Number of DEF vias:       0
Number of components:     5870
Number of terminals:      144
Number of snets:          2
Number of nets:           1254

[WARNING DRT-0419] No routing tracks pass through the center of Term u_protected_memory.u_data/dout[0]
[WARNING DRT-0419] No routing tracks pass through the center of Term u_protected_memory.u_data/dout[1]
[WARNING DRT-0419] No routing tracks pass through the center of Term u_protected_memory.u_data/dout[2]
[WARNING DRT-0419] No routing tracks pass through the center of Term u_protected_memory.u_data/dout[3]
[WARNING DRT-0419] No routing tracks pass through the center of Term u_protected_memory.u_data/dout[4]
[WARNING DRT-0419] No routing tracks pass through the center of Term u_protected_memory.u_data/dout[5]
[WARNING DRT-0419] No routing tracks pass through the center of Term u_protected_memory.u_data/dout[6]
[WARNING DRT-0419] No routing tracks pass through the center of Term u_protected_memory.u_data/dout[7]
[WARNING DRT-0419] No routing tracks pass through the center of Term u_protected_memory.u_data/dout[8]
[WARNING DRT-0419] No routing tracks pass through the center of Term u_protected_memory.u_data/dout[9]
[WARNING DRT-0419] No routing tracks pass through the center of Term u_protected_memory.u_data/dout[10]
[WARNING DRT-0419] No routing tracks pass through the center of Term u_protected_memory.u_data/dout[11]
[WARNING DRT-0419] No routing tracks pass through the center of Term u_protected_memory.u_data/dout[12]
[WARNING DRT-0419] No routing tracks pass through the center of Term u_protected_memory.u_data/dout[13]
[WARNING DRT-0419] No routing tracks pass through the center of Term u_protected_memory.u_data/dout[14]
[WARNING DRT-0419] No routing tracks pass through the center of Term u_protected_memory.u_data/dout[15]
[WARNING DRT-0419] No routing tracks pass through the center of Term u_protected_memory.u_data/dout[16]
[WARNING DRT-0419] No routing tracks pass through the center of Term u_protected_memory.u_data/dout[17]
[WARNING DRT-0419] No routing tracks pass through the center of Term u_protected_memory.u_data/dout[18]
[WARNING DRT-0419] No routing tracks pass through the center of Term u_protected_memory.u_data/dout[19]
[WARNING DRT-0419] No routing tracks pass through the center of Term u_protected_memory.u_data/dout[20]
[WARNING DRT-0419] No routing tracks pass through the center of Term u_protected_memory.u_data/dout[21]
[WARNING DRT-0419] No routing tracks pass through the center of Term u_protected_memory.u_data/dout[22]
[WARNING DRT-0419] No routing tracks pass through the center of Term u_protected_memory.u_data/dout[23]
[WARNING DRT-0419] No routing tracks pass through the center of Term u_protected_memory.u_data/dout[24]
[WARNING DRT-0419] No routing tracks pass through the center of Term u_protected_memory.u_data/dout[25]
[WARNING DRT-0419] No routing tracks pass through the center of Term u_protected_memory.u_data/dout[26]
[WARNING DRT-0419] No routing tracks pass through the center of Term u_protected_memory.u_data/dout[27]
[WARNING DRT-0419] No routing tracks pass through the center of Term u_protected_memory.u_data/dout[28]
[WARNING DRT-0419] No routing tracks pass through the center of Term u_protected_memory.u_data/dout[29]
[WARNING DRT-0419] No routing tracks pass through the center of Term u_protected_memory.u_data/dout[30]
[WARNING DRT-0419] No routing tracks pass through the center of Term u_protected_memory.u_data/dout[31]
[WARNING DRT-0419] No routing tracks pass through the center of Term u_protected_memory.u_data/dout[32]
[WARNING DRT-0419] No routing tracks pass through the center of Term u_protected_memory.u_data/dout[33]
[WARNING DRT-0419] No routing tracks pass through the center of Term u_protected_memory.u_data/dout[34]
[WARNING DRT-0419] No routing tracks pass through the center of Term u_protected_memory.u_data/dout[35]
[WARNING DRT-0419] No routing tracks pass through the center of Term u_protected_memory.u_data/dout[36]
[WARNING DRT-0419] No routing tracks pass through the center of Term u_protected_memory.u_data/dout[37]
[WARNING DRT-0419] No routing tracks pass through the center of Term u_protected_memory.u_data/dout[38]
[WARNING DRT-0419] No routing tracks pass through the center of Term u_protected_memory.u_data/dout[39]
[WARNING DRT-0419] No routing tracks pass through the center of Term u_protected_memory.u_data/dout[40]
[WARNING DRT-0419] No routing tracks pass through the center of Term u_protected_memory.u_data/dout[41]
[WARNING DRT-0419] No routing tracks pass through the center of Term u_protected_memory.u_data/dout[42]
[WARNING DRT-0419] No routing tracks pass through the center of Term u_protected_memory.u_data/dout[43]
[WARNING DRT-0419] No routing tracks pass through the center of Term u_protected_memory.u_data/dout[44]
[WARNING DRT-0419] No routing tracks pass through the center of Term u_protected_memory.u_data/dout[45]
[WARNING DRT-0419] No routing tracks pass through the center of Term u_protected_memory.u_data/dout[46]
[WARNING DRT-0419] No routing tracks pass through the center of Term u_protected_memory.u_data/dout[47]
[WARNING DRT-0419] No routing tracks pass through the center of Term u_protected_memory.u_data/dout[48]
[WARNING DRT-0419] No routing tracks pass through the center of Term u_protected_memory.u_data/dout[49]
[WARNING DRT-0419] No routing tracks pass through the center of Term u_protected_memory.u_data/dout[50]
[WARNING DRT-0419] No routing tracks pass through the center of Term u_protected_memory.u_data/dout[51]
[WARNING DRT-0419] No routing tracks pass through the center of Term u_protected_memory.u_data/dout[52]
[WARNING DRT-0419] No routing tracks pass through the center of Term u_protected_memory.u_data/dout[53]
[WARNING DRT-0419] No routing tracks pass through the center of Term u_protected_memory.u_data/dout[54]
[WARNING DRT-0419] No routing tracks pass through the center of Term u_protected_memory.u_data/dout[55]
[WARNING DRT-0419] No routing tracks pass through the center of Term u_protected_memory.u_data/dout[56]
[WARNING DRT-0419] No routing tracks pass through the center of Term u_protected_memory.u_data/dout[57]
[WARNING DRT-0419] No routing tracks pass through the center of Term u_protected_memory.u_data/dout[58]
[WARNING DRT-0419] No routing tracks pass through the center of Term u_protected_memory.u_data/dout[59]
[WARNING DRT-0419] No routing tracks pass through the center of Term u_protected_memory.u_data/dout[60]
[WARNING DRT-0419] No routing tracks pass through the center of Term u_protected_memory.u_data/dout[61]
[WARNING DRT-0419] No routing tracks pass through the center of Term u_protected_memory.u_data/dout[62]
[WARNING DRT-0419] No routing tracks pass through the center of Term u_protected_memory.u_data/dout[63]
[WARNING DRT-0419] No routing tracks pass through the center of Term u_protected_memory.u_data/din[0]
[WARNING DRT-0419] No routing tracks pass through the center of Term u_protected_memory.u_data/din[1]
[WARNING DRT-0419] No routing tracks pass through the center of Term u_protected_memory.u_data/din[2]
[WARNING DRT-0419] No routing tracks pass through the center of Term u_protected_memory.u_data/din[3]
[WARNING DRT-0419] No routing tracks pass through the center of Term u_protected_memory.u_data/din[4]
[WARNING DRT-0419] No routing tracks pass through the center of Term u_protected_memory.u_data/din[5]
[WARNING DRT-0419] No routing tracks pass through the center of Term u_protected_memory.u_data/din[6]
[WARNING DRT-0419] No routing tracks pass through the center of Term u_protected_memory.u_data/din[7]
[WARNING DRT-0419] No routing tracks pass through the center of Term u_protected_memory.u_data/din[8]
[WARNING DRT-0419] No routing tracks pass through the center of Term u_protected_memory.u_data/din[9]
[WARNING DRT-0419] No routing tracks pass through the center of Term u_protected_memory.u_data/din[10]
[WARNING DRT-0419] No routing tracks pass through the center of Term u_protected_memory.u_data/din[11]
[WARNING DRT-0419] No routing tracks pass through the center of Term u_protected_memory.u_data/din[12]
[WARNING DRT-0419] No routing tracks pass through the center of Term u_protected_memory.u_data/din[13]
[WARNING DRT-0419] No routing tracks pass through the center of Term u_protected_memory.u_data/din[14]
[WARNING DRT-0419] No routing tracks pass through the center of Term u_protected_memory.u_data/din[15]
[WARNING DRT-0419] No routing tracks pass through the center of Term u_protected_memory.u_data/din[16]
[WARNING DRT-0419] No routing tracks pass through the center of Term u_protected_memory.u_data/din[17]
[WARNING DRT-0419] No routing tracks pass through the center of Term u_protected_memory.u_data/din[18]
[WARNING DRT-0419] No routing tracks pass through the center of Term u_protected_memory.u_data/din[19]
[WARNING DRT-0419] No routing tracks pass through the center of Term u_protected_memory.u_data/din[20]
[WARNING DRT-0419] No routing tracks pass through the center of Term u_protected_memory.u_data/din[21]
[WARNING DRT-0419] No routing tracks pass through the center of Term u_protected_memory.u_data/din[22]
[WARNING DRT-0419] No routing tracks pass through the center of Term u_protected_memory.u_data/din[23]
[WARNING DRT-0419] No routing tracks pass through the center of Term u_protected_memory.u_data/din[24]
[WARNING DRT-0419] No routing tracks pass through the center of Term u_protected_memory.u_data/din[25]
[WARNING DRT-0419] No routing tracks pass through the center of Term u_protected_memory.u_data/din[26]
[WARNING DRT-0419] No routing tracks pass through the center of Term u_protected_memory.u_data/din[27]
[WARNING DRT-0419] No routing tracks pass through the center of Term u_protected_memory.u_data/din[28]
[WARNING DRT-0419] No routing tracks pass through the center of Term u_protected_memory.u_data/din[29]
[WARNING DRT-0419] No routing tracks pass through the center of Term u_protected_memory.u_data/din[30]
[WARNING DRT-0419] No routing tracks pass through the center of Term u_protected_memory.u_data/din[31]
[WARNING DRT-0419] No routing tracks pass through the center of Term u_protected_memory.u_data/din[32]
[WARNING DRT-0419] No routing tracks pass through the center of Term u_protected_memory.u_data/din[33]
[WARNING DRT-0419] No routing tracks pass through the center of Term u_protected_memory.u_data/din[34]
[WARNING DRT-0419] No routing tracks pass through the center of Term u_protected_memory.u_data/din[35]
[WARNING DRT-0419] No routing tracks pass through the center of Term u_protected_memory.u_data/din[36]
[WARNING DRT-0419] No routing tracks pass through the center of Term u_protected_memory.u_data/din[37]
[WARNING DRT-0419] No routing tracks pass through the center of Term u_protected_memory.u_data/din[38]
[WARNING DRT-0419] No routing tracks pass through the center of Term u_protected_memory.u_data/din[39]
[WARNING DRT-0419] No routing tracks pass through the center of Term u_protected_memory.u_data/din[40]
[WARNING DRT-0419] No routing tracks pass through the center of Term u_protected_memory.u_data/din[41]
[WARNING DRT-0419] No routing tracks pass through the center of Term u_protected_memory.u_data/din[42]
[WARNING DRT-0419] No routing tracks pass through the center of Term u_protected_memory.u_data/din[43]
[WARNING DRT-0419] No routing tracks pass through the center of Term u_protected_memory.u_data/din[44]
[WARNING DRT-0419] No routing tracks pass through the center of Term u_protected_memory.u_data/din[45]
[WARNING DRT-0419] No routing tracks pass through the center of Term u_protected_memory.u_data/din[46]
[WARNING DRT-0419] No routing tracks pass through the center of Term u_protected_memory.u_data/din[47]
[WARNING DRT-0419] No routing tracks pass through the center of Term u_protected_memory.u_data/din[48]
[WARNING DRT-0419] No routing tracks pass through the center of Term u_protected_memory.u_data/din[49]
[WARNING DRT-0419] No routing tracks pass through the center of Term u_protected_memory.u_data/din[50]
[WARNING DRT-0419] No routing tracks pass through the center of Term u_protected_memory.u_data/din[51]
[WARNING DRT-0419] No routing tracks pass through the center of Term u_protected_memory.u_data/din[52]
[WARNING DRT-0419] No routing tracks pass through the center of Term u_protected_memory.u_data/din[53]
[WARNING DRT-0419] No routing tracks pass through the center of Term u_protected_memory.u_data/din[54]
[WARNING DRT-0419] No routing tracks pass through the center of Term u_protected_memory.u_data/din[55]
[WARNING DRT-0419] No routing tracks pass through the center of Term u_protected_memory.u_data/din[56]
[WARNING DRT-0419] No routing tracks pass through the center of Term u_protected_memory.u_data/din[57]
[WARNING DRT-0419] No routing tracks pass through the center of Term u_protected_memory.u_data/din[58]
[WARNING DRT-0419] No routing tracks pass through the center of Term u_protected_memory.u_data/din[59]
[WARNING DRT-0419] No routing tracks pass through the center of Term u_protected_memory.u_data/din[60]
[WARNING DRT-0419] No routing tracks pass through the center of Term u_protected_memory.u_data/din[61]
[WARNING DRT-0419] No routing tracks pass through the center of Term u_protected_memory.u_data/din[62]
[WARNING DRT-0419] No routing tracks pass through the center of Term u_protected_memory.u_data/din[63]
[WARNING DRT-0419] No routing tracks pass through the center of Term u_protected_memory.u_data/wmask[1]
[WARNING DRT-0419] No routing tracks pass through the center of Term u_protected_memory.u_data/wmask[2]
[WARNING DRT-0419] No routing tracks pass through the center of Term u_protected_memory.u_data/wmask[3]
[WARNING DRT-0419] No routing tracks pass through the center of Term u_protected_memory.u_data/wmask[4]
[WARNING DRT-0419] No routing tracks pass through the center of Term u_protected_memory.u_data/wmask[5]
[WARNING DRT-0419] No routing tracks pass through the center of Term u_protected_memory.u_data/wmask[6]
[WARNING DRT-0419] No routing tracks pass through the center of Term u_protected_memory.u_data/wmask[7]
[WARNING DRT-0418] Term u_protected_memory.u_ecc/dout[0] has no pins on routing grid
[WARNING DRT-0418] Term u_protected_memory.u_ecc/dout[1] has no pins on routing grid
[WARNING DRT-0418] Term u_protected_memory.u_ecc/dout[2] has no pins on routing grid
[WARNING DRT-0418] Term u_protected_memory.u_ecc/dout[3] has no pins on routing grid
[WARNING DRT-0418] Term u_protected_memory.u_ecc/dout[4] has no pins on routing grid
[WARNING DRT-0418] Term u_protected_memory.u_ecc/dout[5] has no pins on routing grid
[WARNING DRT-0418] Term u_protected_memory.u_ecc/dout[6] has no pins on routing grid
[WARNING DRT-0418] Term u_protected_memory.u_ecc/dout[7] has no pins on routing grid
[WARNING DRT-0419] No routing tracks pass through the center of Term u_protected_memory.u_ecc/din[0]
[WARNING DRT-0419] No routing tracks pass through the center of Term u_protected_memory.u_ecc/din[1]
[WARNING DRT-0419] No routing tracks pass through the center of Term u_protected_memory.u_ecc/din[2]
[WARNING DRT-0418] Term u_protected_memory.u_ecc/din[3] has no pins on routing grid
[WARNING DRT-0418] Term u_protected_memory.u_ecc/din[4] has no pins on routing grid
[WARNING DRT-0418] Term u_protected_memory.u_ecc/din[5] has no pins on routing grid
[WARNING DRT-0418] Term u_protected_memory.u_ecc/din[6] has no pins on routing grid
[WARNING DRT-0418] Term u_protected_memory.u_ecc/din[7] has no pins on routing grid
[WARNING DRT-0419] No routing tracks pass through the center of Term u_protected_memory.u_ecc/wmask[0]
[WARNING DRT-0419] No routing tracks pass through the center of Term u_protected_memory.u_ecc/wmask[1]
[WARNING DRT-0419] No routing tracks pass through the center of Term u_protected_memory.u_ecc/wmask[2]
[WARNING DRT-0418] Term u_protected_memory.u_ecc/wmask[3] has no pins on routing grid
[WARNING DRT-0418] Term u_protected_memory.u_ecc/wmask[4] has no pins on routing grid
[WARNING DRT-0418] Term u_protected_memory.u_ecc/wmask[5] has no pins on routing grid
[WARNING DRT-0418] Term u_protected_memory.u_ecc/wmask[6] has no pins on routing grid
[WARNING DRT-0418] Term u_protected_memory.u_ecc/wmask[7] has no pins on routing grid
[INFO DRT-0167] List of default vias:
  Layer via
    default via: M1M2_PR
  Layer via2
    default via: M2M3_PR
  Layer via3
    default via: M3M4_PR
  Layer via4
    default via: M4M5_PR
[INFO DRT-0162] Library cell analysis.
[INFO DRT-0163] Instance analysis.
[INFO DRT-0164] Number of unique instances = 100.
[INFO DRT-0168] Init region query.
[INFO DRT-0024]   Complete FR_MASTERSLICE.
[INFO DRT-0024]   Complete Fr_VIA.
[INFO DRT-0024]   Complete li1.
[INFO DRT-0024]   Complete mcon.
[INFO DRT-0024]   Complete met1.
[INFO DRT-0024]   Complete via.
[INFO DRT-0024]   Complete met2.
[INFO DRT-0024]   Complete via2.
[INFO DRT-0024]   Complete met3.
[INFO DRT-0024]   Complete via3.
[INFO DRT-0024]   Complete met4.
[INFO DRT-0024]   Complete via4.
[INFO DRT-0024]   Complete met5.
[INFO DRT-0033] FR_MASTERSLICE shape region query size = 0.
[INFO DRT-0033] FR_VIA shape region query size = 0.
[INFO DRT-0033] li1 shape region query size = 47889.
[INFO DRT-0033] mcon shape region query size = 25458.
[INFO DRT-0033] met1 shape region query size = 17869.
[INFO DRT-0033] via shape region query size = 24330.
[INFO DRT-0033] met2 shape region query size = 22048.
[INFO DRT-0033] via2 shape region query size = 45597.
[INFO DRT-0033] met3 shape region query size = 29027.
[INFO DRT-0033] via3 shape region query size = 45281.
[INFO DRT-0033] met4 shape region query size = 11428.
[INFO DRT-0033] via4 shape region query size = 1676.
[INFO DRT-0033] met5 shape region query size = 1768.
[INFO DRT-0165] Start pin access.
[INFO DRT-0078]   Complete 916 pins.
[INFO DRT-0081]   Complete 98 unique inst patterns.
[INFO DRT-0084]   Complete 944 groups.
#scanned instances     = 5870
#unique  instances     = 100
#stdCellGenAp          = 3032
#stdCellValidPlanarAp  = 61
#stdCellValidViaAp     = 2161
#stdCellPinNoAp        = 0
#stdCellPinCnt         = 2904
#instTermValidViaApCnt = 0
#macroGenAp            = 553
#macroValidPlanarAp    = 452
#macroValidViaAp       = 0
#macroNoAp             = 0
[INFO DRT-0166] Complete pin access.
[INFO DRT-0267] cpu time = 00:00:59, elapsed time = 00:00:16, memory = 267.57 (MB), peak = 267.19 (MB)

[INFO DRT-0157] Number of guides:     8380

[INFO DRT-0169] Post process guides.
[INFO DRT-0176] GCELLGRID X 0 DO 144 STEP 6900 ;
[INFO DRT-0177] GCELLGRID Y 0 DO 94 STEP 6900 ;
[INFO DRT-0028]   Complete FR_MASTERSLICE.
[INFO DRT-0028]   Complete Fr_VIA.
[INFO DRT-0028]   Complete li1.
[INFO DRT-0028]   Complete mcon.
[INFO DRT-0028]   Complete met1.
[INFO DRT-0028]   Complete via.
[INFO DRT-0028]   Complete met2.
[INFO DRT-0028]   Complete via2.
[INFO DRT-0028]   Complete met3.
[INFO DRT-0028]   Complete via3.
[INFO DRT-0028]   Complete met4.
[INFO DRT-0028]   Complete via4.
[INFO DRT-0028]   Complete met5.
[INFO DRT-0178] Init guide query.
[INFO DRT-0035]   Complete FR_MASTERSLICE (guide).
[INFO DRT-0035]   Complete Fr_VIA (guide).
[INFO DRT-0035]   Complete li1 (guide).
[INFO DRT-0035]   Complete mcon (guide).
[INFO DRT-0035]   Complete met1 (guide).
[INFO DRT-0035]   Complete via (guide).
[INFO DRT-0035]   Complete met2 (guide).
[INFO DRT-0035]   Complete via2 (guide).
[INFO DRT-0035]   Complete met3 (guide).
[INFO DRT-0035]   Complete via3 (guide).
[INFO DRT-0035]   Complete met4 (guide).
[INFO DRT-0035]   Complete via4 (guide).
[INFO DRT-0035]   Complete met5 (guide).
[INFO DRT-0036] FR_MASTERSLICE guide region query size = 0.
[INFO DRT-0036] FR_VIA guide region query size = 0.
[INFO DRT-0036] li1 guide region query size = 2616.
[INFO DRT-0036] mcon guide region query size = 0.
[INFO DRT-0036] met1 guide region query size = 2445.
[INFO DRT-0036] via guide region query size = 0.
[INFO DRT-0036] met2 guide region query size = 1378.
[INFO DRT-0036] via2 guide region query size = 0.
[INFO DRT-0036] met3 guide region query size = 306.
[INFO DRT-0036] via3 guide region query size = 0.
[INFO DRT-0036] met4 guide region query size = 158.
[INFO DRT-0036] via4 guide region query size = 0.
[INFO DRT-0036] met5 guide region query size = 7.
[INFO DRT-0179] Init gr pin query.
[INFO DRT-0267] cpu time = 00:00:00, elapsed time = 00:00:00, memory = 270.20 (MB), peak = 269.82 (MB)
[INFO DRT-0245] skipped writing guide updates to database.
[INFO DRT-0181] Start track assignment.
[INFO DRT-0184] Done with 4152 vertical wires in 3 frboxes and 2758 horizontal wires in 2 frboxes.
[INFO DRT-0186] Done with 534 vertical wires in 3 frboxes and 682 horizontal wires in 2 frboxes.
[INFO DRT-0182] Complete track assignment.
[INFO DRT-0267] cpu time = 00:00:02, elapsed time = 00:00:01, memory = 309.72 (MB), peak = 334.12 (MB)
[INFO DRT-0187] Start routing data preparation.
[INFO DRT-0267] cpu time = 00:00:00, elapsed time = 00:00:00, memory = 309.72 (MB), peak = 334.12 (MB)
[INFO DRT-0194] Start detail routing.
[INFO DRT-0195] Start 0th optimization iteration.
    Completing 10% with 0 violations.
    elapsed time = 00:00:00, memory = 323.14 (MB).
    Completing 20% with 0 violations.
    elapsed time = 00:00:00, memory = 349.91 (MB).
    Completing 30% with 123 violations.
    elapsed time = 00:00:03, memory = 342.41 (MB).
    Completing 40% with 123 violations.
    elapsed time = 00:00:03, memory = 381.88 (MB).
    Completing 50% with 123 violations.
    elapsed time = 00:00:04, memory = 391.12 (MB).
    Completing 60% with 305 violations.
    elapsed time = 00:00:07, memory = 377.76 (MB).
    Completing 70% with 305 violations.
    elapsed time = 00:00:07, memory = 393.08 (MB).
    Completing 80% with 427 violations.
    elapsed time = 00:00:10, memory = 397.98 (MB).
    Completing 90% with 427 violations.
    elapsed time = 00:00:11, memory = 406.10 (MB).
    Completing 100% with 559 violations.
    elapsed time = 00:00:12, memory = 407.46 (MB).
[INFO DRT-0199]   Number of violations = 638.
Viol/Layer        mcon   met1   met2   met3   met4
Cut Spacing          2      0      0      0      0
Metal Spacing        0     93     27      8      0
Recheck              0     47     20      7      5
Short                0    373     48      8      0
[INFO DRT-0267] cpu time = 00:00:28, elapsed time = 00:00:13, memory = 742.80 (MB), peak = 742.55 (MB)
Total wire length = 80096 um.
Total wire length on LAYER li1 = 0 um.
Total wire length on LAYER met1 = 23357 um.
Total wire length on LAYER met2 = 43987 um.
Total wire length on LAYER met3 = 5540 um.
Total wire length on LAYER met4 = 7125 um.
Total wire length on LAYER met5 = 85 um.
Total number of vias = 6737.
Up-via summary (total 6737):

-----------------------
 FR_MASTERSLICE       0
            li1    2923
           met1    3242
           met2     328
           met3     232
           met4      12
-----------------------
               6737


[INFO DRT-0195] Start 1st optimization iteration.
    Completing 10% with 638 violations.
    elapsed time = 00:00:00, memory = 742.80 (MB).
    Completing 20% with 638 violations.
    elapsed time = 00:00:00, memory = 745.88 (MB).
    Completing 30% with 600 violations.
    elapsed time = 00:00:01, memory = 745.88 (MB).
    Completing 40% with 600 violations.
    elapsed time = 00:00:01, memory = 745.88 (MB).
    Completing 50% with 600 violations.
    elapsed time = 00:00:02, memory = 745.88 (MB).
    Completing 60% with 553 violations.
    elapsed time = 00:00:05, memory = 745.88 (MB).
    Completing 70% with 553 violations.
    elapsed time = 00:00:05, memory = 745.88 (MB).
    Completing 80% with 457 violations.
    elapsed time = 00:00:06, memory = 745.88 (MB).
    Completing 90% with 457 violations.
    elapsed time = 00:00:07, memory = 771.84 (MB).
    Completing 100% with 278 violations.
    elapsed time = 00:00:14, memory = 749.91 (MB).
[INFO DRT-0199]   Number of violations = 278.
Viol/Layer        mcon   met1   met2
Cut Spacing          5      0      0
Metal Spacing        0     76      8
Short                0    173     16
[INFO DRT-0267] cpu time = 00:00:27, elapsed time = 00:00:14, memory = 752.91 (MB), peak = 771.55 (MB)
Total wire length = 79834 um.
Total wire length on LAYER li1 = 0 um.
Total wire length on LAYER met1 = 23147 um.
Total wire length on LAYER met2 = 43891 um.
Total wire length on LAYER met3 = 5579 um.
Total wire length on LAYER met4 = 7131 um.
Total wire length on LAYER met5 = 85 um.
Total number of vias = 6714.
Up-via summary (total 6714):

-----------------------
 FR_MASTERSLICE       0
            li1    2938
           met1    3198
           met2     338
           met3     228
           met4      12
-----------------------
               6714


[INFO DRT-0195] Start 2nd optimization iteration.
    Completing 10% with 278 violations.
    elapsed time = 00:00:00, memory = 752.91 (MB).
    Completing 20% with 278 violations.
    elapsed time = 00:00:00, memory = 753.86 (MB).
    Completing 30% with 268 violations.
    elapsed time = 00:00:01, memory = 753.86 (MB).
    Completing 40% with 268 violations.
    elapsed time = 00:00:02, memory = 755.73 (MB).
    Completing 50% with 268 violations.
    elapsed time = 00:00:02, memory = 755.73 (MB).
    Completing 60% with 270 violations.
    elapsed time = 00:00:02, memory = 755.73 (MB).
    Completing 70% with 270 violations.
    elapsed time = 00:00:03, memory = 755.73 (MB).
    Completing 80% with 261 violations.
    elapsed time = 00:00:03, memory = 755.73 (MB).
    Completing 90% with 261 violations.
    elapsed time = 00:00:04, memory = 755.73 (MB).
    Completing 100% with 245 violations.
    elapsed time = 00:00:14, memory = 755.73 (MB).
[INFO DRT-0199]   Number of violations = 245.
Viol/Layer        mcon   met1   met2
Cut Spacing          1      0      0
Metal Spacing        0     55      6
Short                0    169     14
[INFO DRT-0267] cpu time = 00:00:25, elapsed time = 00:00:14, memory = 755.73 (MB), peak = 771.55 (MB)
Total wire length = 79851 um.
Total wire length on LAYER li1 = 0 um.
Total wire length on LAYER met1 = 23210 um.
Total wire length on LAYER met2 = 44008 um.
Total wire length on LAYER met3 = 5491 um.
Total wire length on LAYER met4 = 7043 um.
Total wire length on LAYER met5 = 96 um.
Total number of vias = 6658.
Up-via summary (total 6658):

-----------------------
 FR_MASTERSLICE       0
            li1    2934
           met1    3185
           met2     304
           met3     223
           met4      12
-----------------------
               6658


[INFO DRT-0195] Start 3rd optimization iteration.
    Completing 10% with 245 violations.
    elapsed time = 00:00:00, memory = 755.73 (MB).
    Completing 20% with 245 violations.
    elapsed time = 00:00:00, memory = 755.73 (MB).
    Completing 30% with 194 violations.
    elapsed time = 00:00:03, memory = 761.54 (MB).
    Completing 40% with 194 violations.
    elapsed time = 00:00:03, memory = 761.54 (MB).
    Completing 50% with 194 violations.
    elapsed time = 00:00:03, memory = 761.54 (MB).
    Completing 60% with 140 violations.
    elapsed time = 00:00:08, memory = 761.54 (MB).
    Completing 70% with 140 violations.
    elapsed time = 00:00:09, memory = 763.77 (MB).
    Completing 80% with 62 violations.
    elapsed time = 00:00:13, memory = 768.21 (MB).
    Completing 90% with 62 violations.
    elapsed time = 00:00:13, memory = 768.21 (MB).
    Completing 100% with 19 violations.
    elapsed time = 00:00:14, memory = 768.21 (MB).
[INFO DRT-0199]   Number of violations = 19.
Viol/Layer        met1
Metal Spacing       11
Short                8
[INFO DRT-0267] cpu time = 00:00:23, elapsed time = 00:00:14, memory = 768.21 (MB), peak = 771.55 (MB)
Total wire length = 79820 um.
Total wire length on LAYER li1 = 0 um.
Total wire length on LAYER met1 = 22673 um.
Total wire length on LAYER met2 = 44072 um.
Total wire length on LAYER met3 = 5990 um.
Total wire length on LAYER met4 = 7006 um.
Total wire length on LAYER met5 = 77 um.
Total number of vias = 6775.
Up-via summary (total 6775):

-----------------------
 FR_MASTERSLICE       0
            li1    2935
           met1    3248
           met2     365
           met3     217
           met4      10
-----------------------
               6775


[INFO DRT-0195] Start 4th guides tiles iteration.
    Completing 20% with 19 violations.
    elapsed time = 00:00:00, memory = 768.21 (MB).
    Completing 50% with 19 violations.
    elapsed time = 00:00:00, memory = 768.21 (MB).
    Completing 70% with 3 violations.
    elapsed time = 00:00:00, memory = 768.21 (MB).
    Completing 100% with 0 violations.
    elapsed time = 00:00:00, memory = 768.21 (MB).
[INFO DRT-0199]   Number of violations = 0.
[INFO DRT-0267] cpu time = 00:00:00, elapsed time = 00:00:00, memory = 768.21 (MB), peak = 771.55 (MB)
Total wire length = 79822 um.
Total wire length on LAYER li1 = 0 um.
Total wire length on LAYER met1 = 22672 um.
Total wire length on LAYER met2 = 44075 um.
Total wire length on LAYER met3 = 5991 um.
Total wire length on LAYER met4 = 7006 um.
Total wire length on LAYER met5 = 77 um.
Total number of vias = 6781.
Up-via summary (total 6781):

-----------------------
 FR_MASTERSLICE       0
            li1    2935
           met1    3254
           met2     365
           met3     217
           met4      10
-----------------------
               6781


[INFO DRT-0198] Complete detail routing.
Total wire length = 79822 um.
Total wire length on LAYER li1 = 0 um.
Total wire length on LAYER met1 = 22672 um.
Total wire length on LAYER met2 = 44075 um.
Total wire length on LAYER met3 = 5991 um.
Total wire length on LAYER met4 = 7006 um.
Total wire length on LAYER met5 = 77 um.
Total number of vias = 6781.
Up-via summary (total 6781):

-----------------------
 FR_MASTERSLICE       0
            li1    2935
           met1    3254
           met2     365
           met3     217
           met4      10
-----------------------
               6781


[INFO DRT-0267] cpu time = 00:01:45, elapsed time = 00:00:57, memory = 768.34 (MB), peak = 771.55 (MB)

[INFO DRT-0180] Post processing.
[INFO DRT-0501] Runtime: 77.72s
Took 76 seconds: detailed_route -output_drc /work/campaigns/iscas_sustainability_extension/memory_compiler/gate3_attempt09_sram22_residual_interface_drv_and_provenance_closure/raw/openroad/work/reports/sky130hd/attempt09_e0/seed17/5_route_drc.rpt -output_maze /work/campaigns/iscas_sustainability_extension/memory_compiler/gate3_attempt09_sram22_residual_interface_drv_and_provenance_closure/raw/openroad/work/results/sky130hd/attempt09_e0/seed17/maze.log -droute_end_iter 64 -verbose 1 -drc_report_iter_step 5
[INFO GRT-0012] Found 7 antenna violations.
[INFO DPL-0006] Core area: 615627.94 um^2
[INFO DPL-0007] Movable instances area: 10.01 um^2
[INFO DPL-0008] Fixed instances area within core: 275994.09 um^2
[INFO DPL-0009] Utilization: 44.8%
[INFO DPL-0005] Diamond search max displacement: +/- 500 sites horizontally, +/- 100 rows vertically.
[INFO DPL-1102] Legalizing using negotiation legalizer.
[INFO DPL-1103] Negotiation base search window: +/-20 sites horizontally, +/-5 rows vertically 
	Automatic search window extension enabled.
	Search window extendable up to the max displacement cap of +/-500 sites, +/-100 rows near walls.
[INFO DPL-1104] NegotiationLegalizer DRC penalty: 5.
[INFO DPL-0392] Negotiation cell height distribution (3 unique row-count(s)):
[INFO DPL-0393]   height 1 row(s): 5876 cells
[INFO DPL-0393]   height 83 row(s): 1 cells
[INFO DPL-0393]   height 108 row(s): 1 cells
[INFO DPL-0500] Runtime: 0.05s
[INFO GRT-0015] Inserted 8 diodes.
[INFO DRT-0024]   Complete FR_MASTERSLICE.
[INFO DRT-0024]   Complete Fr_VIA.
[INFO DRT-0024]   Complete li1.
[INFO DRT-0024]   Complete mcon.
[INFO DRT-0024]   Complete met1.
[INFO DRT-0024]   Complete via.
[INFO DRT-0024]   Complete met2.
[INFO DRT-0024]   Complete via2.
[INFO DRT-0024]   Complete met3.
[INFO DRT-0024]   Complete via3.
[INFO DRT-0024]   Complete met4.
[INFO DRT-0024]   Complete via4.
[INFO DRT-0024]   Complete met5.
[INFO DRT-0165] Start pin access.
[INFO DRT-0078]   Complete 916 pins.
[INFO DRT-0081]   Complete 98 unique inst patterns.
[INFO DRT-0084]   Complete 948 groups.
#scanned instances     = 5878
#unique  instances     = 100
#stdCellGenAp          = 3032
#stdCellValidPlanarAp  = 61
#stdCellValidViaAp     = 2161
#stdCellPinNoAp        = 0
#stdCellPinCnt         = 2904
#instTermValidViaApCnt = 0
#macroGenAp            = 553
#macroValidPlanarAp    = 452
#macroValidViaAp       = 0
#macroNoAp             = 0
[INFO DRT-0166] Complete pin access.
[INFO DRT-0267] cpu time = 00:01:03, elapsed time = 00:00:17, memory = 676.52 (MB), peak = 771.55 (MB)

[INFO DRT-0157] Number of guides:     8352

[INFO DRT-0169] Post process guides.
[INFO DRT-0176] GCELLGRID X 0 DO 144 STEP 6900 ;
[INFO DRT-0177] GCELLGRID Y 0 DO 94 STEP 6900 ;
[INFO DRT-0028]   Complete FR_MASTERSLICE.
[INFO DRT-0028]   Complete Fr_VIA.
[INFO DRT-0028]   Complete li1.
[INFO DRT-0028]   Complete mcon.
[INFO DRT-0028]   Complete met1.
[INFO DRT-0028]   Complete via.
[INFO DRT-0028]   Complete met2.
[INFO DRT-0028]   Complete via2.
[INFO DRT-0028]   Complete met3.
[INFO DRT-0028]   Complete via3.
[INFO DRT-0028]   Complete met4.
[INFO DRT-0028]   Complete via4.
[INFO DRT-0028]   Complete met5.
[INFO DRT-0178] Init guide query.
[INFO DRT-0035]   Complete FR_MASTERSLICE (guide).
[INFO DRT-0035]   Complete Fr_VIA (guide).
[INFO DRT-0035]   Complete li1 (guide).
[INFO DRT-0035]   Complete mcon (guide).
[INFO DRT-0035]   Complete met1 (guide).
[INFO DRT-0035]   Complete via (guide).
[INFO DRT-0035]   Complete met2 (guide).
[INFO DRT-0035]   Complete via2 (guide).
[INFO DRT-0035]   Complete met3 (guide).
[INFO DRT-0035]   Complete via3 (guide).
[INFO DRT-0035]   Complete met4 (guide).
[INFO DRT-0035]   Complete via4 (guide).
[INFO DRT-0035]   Complete met5 (guide).
[INFO DRT-0036] FR_MASTERSLICE guide region query size = 0.
[INFO DRT-0036] FR_VIA guide region query size = 0.
[INFO DRT-0036] li1 guide region query size = 2621.
[INFO DRT-0036] mcon guide region query size = 0.
[INFO DRT-0036] met1 guide region query size = 2449.
[INFO DRT-0036] via guide region query size = 0.
[INFO DRT-0036] met2 guide region query size = 1372.
[INFO DRT-0036] via2 guide region query size = 0.
[INFO DRT-0036] met3 guide region query size = 295.
[INFO DRT-0036] via3 guide region query size = 0.
[INFO DRT-0036] met4 guide region query size = 150.
[INFO DRT-0036] via4 guide region query size = 0.
[INFO DRT-0036] met5 guide region query size = 5.
[INFO DRT-0179] Init gr pin query.
[INFO DRT-0267] cpu time = 00:00:00, elapsed time = 00:00:00, memory = 676.52 (MB), peak = 771.55 (MB)
[INFO DRT-0245] skipped writing guide updates to database.
[INFO DRT-0181] Start track assignment.
[INFO DRT-0184] Done with 4143 vertical wires in 3 frboxes and 2749 horizontal wires in 2 frboxes.
[INFO DRT-0186] Done with 533 vertical wires in 3 frboxes and 704 horizontal wires in 2 frboxes.
[INFO DRT-0182] Complete track assignment.
[INFO DRT-0267] cpu time = 00:00:02, elapsed time = 00:00:01, memory = 676.52 (MB), peak = 771.55 (MB)
[INFO DRT-0187] Start routing data preparation.
[INFO DRT-0267] cpu time = 00:00:00, elapsed time = 00:00:00, memory = 676.52 (MB), peak = 771.55 (MB)
[INFO DRT-0194] Start detail routing.
[INFO DRT-0195] Start 0th optimization iteration.
    Completing 10% with 0 violations.
    elapsed time = 00:00:00, memory = 676.52 (MB).
    Completing 20% with 0 violations.
    elapsed time = 00:00:00, memory = 676.52 (MB).
    Completing 30% with 2 violations.
    elapsed time = 00:00:00, memory = 676.52 (MB).
    Completing 40% with 2 violations.
    elapsed time = 00:00:01, memory = 676.52 (MB).
    Completing 50% with 2 violations.
    elapsed time = 00:00:01, memory = 676.52 (MB).
    Completing 60% with 14 violations.
    elapsed time = 00:00:01, memory = 676.52 (MB).
    Completing 70% with 14 violations.
    elapsed time = 00:00:01, memory = 678.38 (MB).
    Completing 80% with 20 violations.
    elapsed time = 00:00:02, memory = 678.38 (MB).
    Completing 90% with 20 violations.
    elapsed time = 00:00:02, memory = 678.38 (MB).
    Completing 100% with 32 violations.
    elapsed time = 00:00:03, memory = 678.38 (MB).
[INFO DRT-0199]   Number of violations = 38.
Viol/Layer        met1   met2   met3
Metal Spacing        3      0      1
Recheck              3      1      2
Short               22      1      5
[INFO DRT-0267] cpu time = 00:00:10, elapsed time = 00:00:03, memory = 799.01 (MB), peak = 798.67 (MB)
Total wire length = 79837 um.
Total wire length on LAYER li1 = 0 um.
Total wire length on LAYER met1 = 22766 um.
Total wire length on LAYER met2 = 44193 um.
Total wire length on LAYER met3 = 5913 um.
Total wire length on LAYER met4 = 6886 um.
Total wire length on LAYER met5 = 77 um.
Total number of vias = 6780.
Up-via summary (total 6780):

-----------------------
 FR_MASTERSLICE       0
            li1    2945
           met1    3254
           met2     359
           met3     212
           met4      10
-----------------------
               6780


[INFO DRT-0195] Start 1st optimization iteration.
    Completing 10% with 38 violations.
    elapsed time = 00:00:00, memory = 799.01 (MB).
    Completing 20% with 38 violations.
    elapsed time = 00:00:00, memory = 799.01 (MB).
    Completing 30% with 37 violations.
    elapsed time = 00:00:00, memory = 799.01 (MB).
    Completing 40% with 37 violations.
    elapsed time = 00:00:01, memory = 799.01 (MB).
    Completing 50% with 37 violations.
    elapsed time = 00:00:01, memory = 799.01 (MB).
    Completing 60% with 32 violations.
    elapsed time = 00:00:01, memory = 799.01 (MB).
    Completing 70% with 32 violations.
    elapsed time = 00:00:01, memory = 799.01 (MB).
    Completing 80% with 23 violations.
    elapsed time = 00:00:02, memory = 799.01 (MB).
    Completing 90% with 23 violations.
    elapsed time = 00:00:02, memory = 799.01 (MB).
    Completing 100% with 23 violations.
    elapsed time = 00:00:03, memory = 799.01 (MB).
[INFO DRT-0199]   Number of violations = 23.
Viol/Layer        met1
Metal Spacing        3
Short               20
[INFO DRT-0267] cpu time = 00:00:09, elapsed time = 00:00:03, memory = 799.13 (MB), peak = 798.79 (MB)
Total wire length = 79833 um.
Total wire length on LAYER li1 = 0 um.
Total wire length on LAYER met1 = 22777 um.
Total wire length on LAYER met2 = 44203 um.
Total wire length on LAYER met3 = 5896 um.
Total wire length on LAYER met4 = 6878 um.
Total wire length on LAYER met5 = 77 um.
Total number of vias = 6781.
Up-via summary (total 6781):

-----------------------
 FR_MASTERSLICE       0
            li1    2946
           met1    3254
           met2     360
           met3     211
           met4      10
-----------------------
               6781


[INFO DRT-0195] Start 2nd optimization iteration.
    Completing 10% with 23 violations.
    elapsed time = 00:00:00, memory = 799.13 (MB).
    Completing 20% with 23 violations.
    elapsed time = 00:00:00, memory = 799.13 (MB).
    Completing 30% with 23 violations.
    elapsed time = 00:00:00, memory = 799.13 (MB).
    Completing 40% with 23 violations.
    elapsed time = 00:00:00, memory = 799.13 (MB).
    Completing 50% with 23 violations.
    elapsed time = 00:00:00, memory = 799.13 (MB).
    Completing 60% with 17 violations.
    elapsed time = 00:00:00, memory = 675.50 (MB).
    Completing 70% with 17 violations.
    elapsed time = 00:00:00, memory = 675.50 (MB).
    Completing 80% with 25 violations.
    elapsed time = 00:00:00, memory = 675.50 (MB).
    Completing 90% with 25 violations.
    elapsed time = 00:00:00, memory = 675.50 (MB).
    Completing 100% with 25 violations.
    elapsed time = 00:00:00, memory = 675.50 (MB).
[INFO DRT-0199]   Number of violations = 25.
Viol/Layer        met1
Metal Spacing        4
Short               21
[INFO DRT-0267] cpu time = 00:00:01, elapsed time = 00:00:00, memory = 799.04 (MB), peak = 798.79 (MB)
Total wire length = 79831 um.
Total wire length on LAYER li1 = 0 um.
Total wire length on LAYER met1 = 22774 um.
Total wire length on LAYER met2 = 44203 um.
Total wire length on LAYER met3 = 5896 um.
Total wire length on LAYER met4 = 6879 um.
Total wire length on LAYER met5 = 77 um.
Total number of vias = 6782.
Up-via summary (total 6782):

-----------------------
 FR_MASTERSLICE       0
            li1    2946
           met1    3255
           met2     360
           met3     211
           met4      10
-----------------------
               6782


[INFO DRT-0195] Start 3rd guides tiles iteration.
    Completing 20% with 25 violations.
    elapsed time = 00:00:00, memory = 799.04 (MB).
    Completing 50% with 25 violations.
    elapsed time = 00:00:00, memory = 799.04 (MB).
    Completing 70% with 0 violations.
    elapsed time = 00:00:00, memory = 799.04 (MB).
    Completing 100% with 0 violations.
    elapsed time = 00:00:00, memory = 799.04 (MB).
[INFO DRT-0199]   Number of violations = 0.
[INFO DRT-0267] cpu time = 00:00:00, elapsed time = 00:00:00, memory = 696.49 (MB), peak = 798.79 (MB)
Total wire length = 79820 um.
Total wire length on LAYER li1 = 0 um.
Total wire length on LAYER met1 = 22623 um.
Total wire length on LAYER met2 = 44196 um.
Total wire length on LAYER met3 = 6043 um.
Total wire length on LAYER met4 = 6879 um.
Total wire length on LAYER met5 = 77 um.
Total number of vias = 6789.
Up-via summary (total 6789):

-----------------------
 FR_MASTERSLICE       0
            li1    2944
           met1    3256
           met2     368
           met3     211
           met4      10
-----------------------
               6789


[INFO DRT-0198] Complete detail routing.
Total wire length = 79820 um.
Total wire length on LAYER li1 = 0 um.
Total wire length on LAYER met1 = 22623 um.
Total wire length on LAYER met2 = 44196 um.
Total wire length on LAYER met3 = 6043 um.
Total wire length on LAYER met4 = 6879 um.
Total wire length on LAYER met5 = 77 um.
Total number of vias = 6789.
Up-via summary (total 6789):

-----------------------
 FR_MASTERSLICE       0
            li1    2944
           met1    3256
           met2     368
           met3     211
           met4      10
-----------------------
               6789


[INFO DRT-0267] cpu time = 00:00:21, elapsed time = 00:00:07, memory = 696.49 (MB), peak = 798.79 (MB)

[INFO DRT-0180] Post processing.
[INFO DRT-0501] Runtime: 27.05s
[INFO ANT-0002] Found 0 net violations.
[INFO ANT-0001] Found 0 pin violations.
[INFO ANT-0002] Found 0 net violations.
[INFO ANT-0001] Found 0 pin violations.
Design area 276004 um^2 45% utilization.
write_db /work/campaigns/iscas_sustainability_extension/memory_compiler/gate3_attempt09_sram22_residual_interface_drv_and_provenance_closure/raw/openroad/work/results/sky130hd/attempt09_e0/seed17/5_2_route.odb
Elapsed time: 1:48.43[h:]min:sec. CPU time: user 258.49 sys 2.37 (240%). Peak memory: 817964KB.
Log                       Ext     Elapsed/s Peak Memory/MB sha1sum result [0:20)
5_2_route                 .odb          108            798 17d976693eb1d0df2a1e
