OpenROAD 26Q3-1080-gab6fd26351 
Features included (+) or not (-): +GPU +GUI +Python
This program is licensed under the BSD-3 license. See the LICENSE file for details.
Components of this program may be licensed under more restrictive licenses which must be honored.
[INFO ORD-0030] Using 4 thread(s).
read_liberty /OpenROAD-flow-scripts/flow/platforms/sky130hd/lib/sky130_fd_sc_hd__tt_025C_1v80.lib
read_liberty /work/campaigns/iscas_sustainability_extension/memory_compiler/gate3_attempt06_replacement_sram_backend_qualification/source_checkout/sram22_256x64m4w8/sram22_256x64m4w8_tt_025C_1v80.lib
read_liberty /work/campaigns/iscas_sustainability_extension/memory_compiler/gate3_attempt06_replacement_sram_backend_qualification/source_checkout/sram22_256x8m8w1/sram22_256x8m8w1_tt_025C_1v80.lib
read_db /work/campaigns/iscas_sustainability_extension/memory_compiler/gate3_attempt06_replacement_sram_backend_qualification/raw/openroad/work/results/sky130hd/attempt06_e0/base/2_1_floorplan.odb
read_sdc /work/campaigns/iscas_sustainability_extension/memory_compiler/gate3_attempt06_replacement_sram_backend_qualification/raw/openroad/work/results/sky130hd/attempt06_e0/base/2_1_floorplan.sdc
source /OpenROAD-flow-scripts/flow/platforms/sky130hd/setRC.tcl
rtl_macro_placer -max_num_level 2 -halo_width 10 -halo_height 10 -min_ar 0.33 -area_weight 0.1 -wirelength_weight 100.0 -outline_weight 100.0 -boundary_weight 50.0 -notch_weight 50.0 -report_directory /work/campaigns/iscas_sustainability_extension/memory_compiler/gate3_attempt06_replacement_sram_backend_qualification/raw/openroad/work/objects/sky130hd/attempt06_e0/base/rtlmp -fence_lx 0.0 -fence_ly 0.0 -fence_ux 0.0 -fence_uy 0.0 -target_util 0.35
[WARNING MPL-0074] -halo_width/-halo_height are deprecated, use the set_macro_base_halo command instead.
Die Area: (0.00, 0.00) (1300.00, 600.00),  Floorplan Area: (10.12, 10.88) (1289.84, 587.52)
	Number of std cell instances: 547
	Area of std cell instances: 4767.07
	Number of macros: 2
	Macros to be placed: 2
	Area of macros: 260331.57
	Base halo (L, B, R, T): (10.00, 10.00, 10.00, 10.00)
	Area of macros with halos: 270133.75
	Area of std cell instances + Area of macros: 265098.64
	Floorplan area: 737937.74
	Design Utilization: 0.36
	Floorplan Utilization: 0.01
	Manufacturing Grid: 5

[WARNING MPL-0002] Could not align all pins of the macro u_protected_memory.u_data to the track-grid. 11 out of 147 pins were aligned.
[WARNING MPL-0002] Could not align all pins of the macro u_protected_memory.u_ecc to the track-grid. 24 out of 35 pins were aligned.
[INFO MPL-0500] Runtime: 3.55s
Design area 265099 um^2 36% utilization.
write_db /work/campaigns/iscas_sustainability_extension/memory_compiler/gate3_attempt06_replacement_sram_backend_qualification/raw/openroad/work/results/sky130hd/attempt06_e0/base/2_2_floorplan_macro.odb
Elapsed time: 0:04.90[h:]min:sec. CPU time: user 14.14 sys 0.19 (292%). Peak memory: 127044KB.
Log                       Ext     Elapsed/s Peak Memory/MB sha1sum result [0:20)
2_2_floorplan_macro       .odb            4            124 19ab0e147e6c6536c513
