OpenROAD 26Q3-1080-gab6fd26351 
Features included (+) or not (-): +GPU +GUI +Python
This program is licensed under the BSD-3 license. See the LICENSE file for details.
Components of this program may be licensed under more restrictive licenses which must be honored.
[INFO ORD-0030] Using 4 thread(s).
read_liberty /OpenROAD-flow-scripts/flow/platforms/sky130hd/lib/sky130_fd_sc_hd__tt_025C_1v80.lib
read_liberty /work/campaigns/iscas_sustainability_extension/memory_compiler/gate3_attempt06_replacement_sram_backend_qualification/source_checkout/sram22_256x64m4w8/sram22_256x64m4w8_tt_025C_1v80.lib
read_liberty /work/campaigns/iscas_sustainability_extension/memory_compiler/gate3_attempt06_replacement_sram_backend_qualification/source_checkout/sram22_256x8m8w1/sram22_256x8m8w1_tt_025C_1v80.lib
read_db /work/campaigns/iscas_sustainability_extension/memory_compiler/gate3_attempt06_replacement_sram_backend_qualification/raw/openroad/work/results/sky130hd/attempt06_e0/base/2_floorplan.odb
read_sdc /work/campaigns/iscas_sustainability_extension/memory_compiler/gate3_attempt06_replacement_sram_backend_qualification/raw/openroad/work/results/sky130hd/attempt06_e0/base/2_floorplan.sdc
source /OpenROAD-flow-scripts/flow/platforms/sky130hd/setRC.tcl
global_placement -skip_io -density 0.35 -pad_left 0 -pad_right 0 -random_seed 1
[INFO GPL-0001] ---- Initialize GPL Main Data Structures
[INFO GPL-0002] DBU: 1000
[INFO GPL-0003] SiteSize: (  0.460  2.720 ) um
[INFO GPL-0004] CoreBBox: ( 10.120 10.880 ) ( 1289.840 587.520 ) um
[INFO GPL-0016] Core area:                  737937.741 um^2
[INFO GPL-0036] Movable instances area:       4767.072 um^2
[INFO GPL-0037] Total instances area:       275485.462 um^2
[INFO GPL-0035] Pin density area adjust:        33.528 um^2
[INFO GPL-0032] ---- Initialize Region: Top-level
[INFO GPL-0006] Number of instances:              7261
[INFO GPL-0007] Movable instances:                 547
[INFO GPL-0008] Fixed instances:                  6381
[INFO GPL-0009] Dummy instances:                   333
[INFO GPL-0010] Number of nets:                    695
[INFO GPL-0011] Number of pins:                   1969
[INFO GPL-0012] Die BBox:       (  0.000  0.000 ) ( 1300.000 600.000 ) um
[INFO GPL-0013] Placement BBox: ( 10.120 10.880 ) ( 1289.840 587.520 ) um
[INFO GPL-0014] Region name: top-level.
[INFO GPL-0015] Region area:                737937.741 um^2
[INFO GPL-0017] Fixed instances area:       281165.910 um^2
[INFO GPL-0018] Movable instances area:       4800.600 um^2
[INFO GPL-0019] Utilization:                     1.051 %
[INFO GPL-0020] Standard cells area:          4800.600 um^2
[INFO GPL-0021] Large instances area:            0.000 um^2
[INFO GPL-0005] ---- Execute Conjugate Gradient Initial Placement.
[INFO GPL-0051] Source of initial instance position counters:
	Odb location = 547	Core center = 0	Region center = 0
[INFO GPL-0033] ---- Initialize Nesterov Region: Top-level
[INFO GPL-0023] Placement target density:       0.3500
[INFO GPL-0024] Movable insts average area:      8.776 um^2
[INFO GPL-0025] Ideal bin area:                 25.075 um^2
[INFO GPL-0026] Ideal bin count:                 29429
[INFO GPL-0027] Total bin area:             737937.741 um^2
[INFO GPL-0028] Bin count (X, Y):         128 ,     64
[INFO GPL-0029] Bin size (W * H):       9.998 *  9.010 um
[INFO GPL-0030] Number of bins:                   8192
[INFO GPL-0084] ---- Execute Nesterov Global Placement.
[INFO GPL-0031] HPWL: Half-Perimeter Wirelength
Iteration | Overflow |     HPWL (um) |  HPWL(%) |   Penalty | Group
---------------------------------------------------------------
        0 |   0.7037 |  7.744653e+04 |   +0.00% |  5.10e-15 |      
       10 |   0.5198 |  4.511447e+04 |  -41.75% |  7.91e-15 |      
       20 |   0.6577 |  3.439159e+04 |  -23.77% |  1.16e-14 |      
       30 |   0.9074 |  2.864516e+04 |  -16.71% |  1.72e-14 |      
       40 |   0.9140 |  2.867957e+04 |   +0.12% |  2.53e-14 |      
       50 |   0.9072 |  2.805408e+04 |   -2.18% |  3.72e-14 |      
       60 |   0.8746 |  2.831002e+04 |   +0.91% |  5.48e-14 |      
       70 |   0.8735 |  2.823947e+04 |   -0.25% |  8.08e-14 |      
       80 |   0.9062 |  2.792841e+04 |   -1.10% |  1.19e-13 |      
       90 |   0.9091 |  2.784370e+04 |   -0.30% |  1.75e-13 |      
      100 |   0.9069 |  2.788789e+04 |   +0.16% |  2.58e-13 |      
      110 |   0.9012 |  2.804093e+04 |   +0.55% |  3.80e-13 |      
      120 |   0.8986 |  2.814630e+04 |   +0.38% |  5.60e-13 |      
      130 |   0.9010 |  2.820089e+04 |   +0.19% |  8.26e-13 |      
      140 |   0.9005 |  2.837387e+04 |   +0.61% |  1.22e-12 |      
      150 |   0.8974 |  2.875464e+04 |   +1.34% |  1.79e-12 |      
      160 |   0.8911 |  2.938243e+04 |   +2.18% |  2.64e-12 |      
      170 |   0.8792 |  3.028678e+04 |   +3.08% |  3.89e-12 |      
      180 |   0.8684 |  3.160510e+04 |   +4.35% |  5.73e-12 |      
      190 |   0.8595 |  3.342776e+04 |   +5.77% |  8.43e-12 |      
      200 |   0.8463 |  3.535217e+04 |   +5.76% |  1.24e-11 |      
      210 |   0.8394 |  3.617181e+04 |   +2.32% |  1.83e-11 |      
      220 |   0.8362 |  3.524762e+04 |   -2.55% |  2.70e-11 |      
      230 |   0.8070 |  3.486997e+04 |   -1.07% |  3.97e-11 |      
      240 |   0.7674 |  3.698996e+04 |   +6.08% |  5.85e-11 |      
      250 |   0.7227 |  3.685294e+04 |   -0.37% |  8.62e-11 |      
      260 |   0.7000 |  3.640097e+04 |   -1.23% |  1.27e-10 |      
      270 |   0.7162 |  3.536336e+04 |   -2.85% |  1.87e-10 |      
      280 |   0.6590 |  3.606253e+04 |   +1.98% |  2.75e-10 |      
      290 |   0.6104 |  3.699684e+04 |   +2.59% |  4.06e-10 |      
      300 |   0.6099 |  3.601247e+04 |   -2.66% |  5.97e-10 |      
      310 |   0.5913 |  3.584107e+04 |   -0.48% |  8.80e-10 |      
      320 |   0.5479 |  3.544058e+04 |   -1.12% |  1.30e-09 |      
      330 |   0.5152 |  3.578301e+04 |   +0.97% |  1.91e-09 |      
      340 |   0.4894 |  3.565406e+04 |   -0.36% |  2.81e-09 |      
      350 |   0.4559 |  3.559700e+04 |   -0.16% |  4.14e-09 |      
      360 |   0.4258 |  3.550047e+04 |   -0.27% |  6.10e-09 |      
      370 |   0.3948 |  3.540240e+04 |   -0.28% |  8.99e-09 |      
      380 |   0.3612 |  3.532433e+04 |   -0.22% |  1.32e-08 |      
      390 |   0.3331 |  3.530190e+04 |   -0.06% |  1.95e-08 |      
      400 |   0.2941 |  3.525221e+04 |   -0.14% |  2.87e-08 |      
      410 |   0.2577 |  3.521004e+04 |   -0.12% |  4.24e-08 |      
      420 |   0.2220 |  3.521934e+04 |   +0.03% |  6.24e-08 |      
      430 |   0.1799 |  3.395325e+04 |   -3.59% |  9.19e-08 |      
      440 |   0.1486 |  3.406116e+04 |   +0.32% |  1.35e-07 |      
      450 |   0.1241 |  3.416907e+04 |   +0.32% |  1.99e-07 |      
      460 |   0.1015 |  3.423740e+04 |   +0.20% |  2.94e-07 |      
      461 |   0.0992 |  3.423852e+04 |          |  3.17e-07 |      
---------------------------------------------------------------
[INFO GPL-1001] Global placement finished at iteration 461
[INFO GPL-1002] Placed Cell Area             4800.5996
[INFO GPL-1003] Available Free Area         456771.8304
[INFO GPL-1004] Minimum Feasible Density        0.0200 (cell_area / free_area)
[INFO GPL-1006]   Suggested Target Densities:
[INFO GPL-1007]     - For 90% usage of free space: 0.0117
[INFO GPL-1008]     - For 80% usage of free space: 0.0131
[INFO GPL-1009]     - For 50% usage of free space: 0.0210
[INFO GPL-1014] Final placement area: 4800.60 (+0.00%)
Design area 273080 um^2 37% utilization.
write_db /work/campaigns/iscas_sustainability_extension/memory_compiler/gate3_attempt06_replacement_sram_backend_qualification/raw/openroad/work/results/sky130hd/attempt06_e0/base/3_1_place_gp_skip_io.odb
Elapsed time: 0:04.67[h:]min:sec. CPU time: user 10.92 sys 0.34 (241%). Peak memory: 139592KB.
Log                       Ext     Elapsed/s Peak Memory/MB sha1sum result [0:20)
3_1_place_gp_skip_io      .odb            4            136 65986e9fbc101c5f1274
