
==========================================================================
finish report_tns
--------------------------------------------------------------------------
tns max 0.00

==========================================================================
finish report_wns
--------------------------------------------------------------------------
wns max 0.00

==========================================================================
finish report_worst_slack
--------------------------------------------------------------------------
worst slack max 4.46

==========================================================================
finish report_clock_min_period
--------------------------------------------------------------------------
core_clk period_min = 5.54 fmax = 180.56

==========================================================================
finish report_clock_skew
--------------------------------------------------------------------------
Clock core_clk
No launch/capture paths found.


==========================================================================
finish report_checks -path_delay min
--------------------------------------------------------------------------
Startpoint: rstb (input port clocked by core_clk)
Endpoint: u_data (rising edge-triggered flip-flop clocked by core_clk)
Path Group: core_clk
Path Type: min

Fanout     Cap    Slew   Delay    Time   Description
-----------------------------------------------------------------------------
                          0.00    0.00   clock core_clk (rise edge)
                          0.00    0.00   clock network delay (propagated)
                          0.50    0.50 v input external delay
     1    0.00    0.00    0.00    0.50 v rstb (in)
                                         rstb (net)
                  0.00    0.00    0.50 v hold152/A (sky130_fd_sc_hd__dlygate4sd3_1)
     1    0.00    0.06    0.54    1.04 v hold152/X (sky130_fd_sc_hd__dlygate4sd3_1)
                                         net152 (net)
                  0.06    0.00    1.04 v hold149/A (sky130_fd_sc_hd__dlygate4sd3_1)
     1    0.00    0.06    0.56    1.60 v hold149/X (sky130_fd_sc_hd__dlygate4sd3_1)
                                         net149 (net)
                  0.06    0.00    1.60 v hold153/A (sky130_fd_sc_hd__dlygate4sd3_1)
     1    0.01    0.10    0.61    2.22 v hold153/X (sky130_fd_sc_hd__dlygate4sd3_1)
                                         net153 (net)
                  0.10    0.00    2.22 v input74/A (sky130_fd_sc_hd__buf_12)
     1    0.00    0.02    0.14    2.35 v input74/X (sky130_fd_sc_hd__buf_12)
                                         net74 (net)
                  0.02    0.00    2.35 v hold154/A (sky130_fd_sc_hd__dlygate4sd3_1)
     1    0.00    0.06    0.54    2.90 v hold154/X (sky130_fd_sc_hd__dlygate4sd3_1)
                                         net154 (net)
                  0.06    0.00    2.90 v hold150/A (sky130_fd_sc_hd__dlygate4sd3_1)
     1    0.00    0.05    0.56    3.45 v hold150/X (sky130_fd_sc_hd__dlygate4sd3_1)
                                         net150 (net)
                  0.05    0.00    3.45 v hold155/A (sky130_fd_sc_hd__dlygate4sd3_1)
     1    0.02    0.11    0.62    4.07 v hold155/X (sky130_fd_sc_hd__dlygate4sd3_1)
                                         net155 (net)
                  0.11    0.00    4.08 v wire148/A (sky130_fd_sc_hd__buf_16)
     1    0.00    0.02    0.14    4.22 v wire148/X (sky130_fd_sc_hd__buf_16)
                                         net148 (net)
                  0.02    0.00    4.22 v hold156/A (sky130_fd_sc_hd__dlygate4sd3_1)
     1    0.01    0.10    0.60    4.82 v hold156/X (sky130_fd_sc_hd__dlygate4sd3_1)
                                         net156 (net)
                  0.10    0.00    4.82 v hold151/A (sky130_fd_sc_hd__buf_16)
     1    0.08    0.06    0.18    5.01 v hold151/X (sky130_fd_sc_hd__buf_16)
                                         net151 (net)
                  0.08    0.00    5.01 v u_data/rstb (sram22_256x64m4w8)
                                  5.01   data arrival time

                          0.00    0.00   clock core_clk (rise edge)
                          0.00    0.00   clock source latency
     1    0.38    0.00    0.00    0.00 ^ clk (in)
                                         clk (net)
                  0.04    0.01    0.01 ^ u_data/clk (sram22_256x64m4w8)
                          0.10    0.11   clock uncertainty
                          0.00    0.11   clock reconvergence pessimism
                          4.87    4.98   library hold time
                                  4.98   data required time
-----------------------------------------------------------------------------
                                  4.98   data required time
                                 -5.01   data arrival time
-----------------------------------------------------------------------------
                                  0.02   slack (MET)



==========================================================================
finish report_checks -path_delay max
--------------------------------------------------------------------------
Startpoint: rstb (input port clocked by core_clk)
Endpoint: u_data (rising edge-triggered flip-flop clocked by core_clk)
Path Group: core_clk
Path Type: max

Fanout     Cap    Slew   Delay    Time   Description
-----------------------------------------------------------------------------
                          0.00    0.00   clock core_clk (rise edge)
                          0.00    0.00   clock network delay (propagated)
                          0.50    0.50 ^ input external delay
     1    0.00    0.00    0.00    0.50 ^ rstb (in)
                                         rstb (net)
                  0.00    0.00    0.50 ^ hold152/A (sky130_fd_sc_hd__dlygate4sd3_1)
     1    0.00    0.07    0.53    1.03 ^ hold152/X (sky130_fd_sc_hd__dlygate4sd3_1)
                                         net152 (net)
                  0.07    0.00    1.03 ^ hold149/A (sky130_fd_sc_hd__dlygate4sd3_1)
     1    0.00    0.06    0.55    1.58 ^ hold149/X (sky130_fd_sc_hd__dlygate4sd3_1)
                                         net149 (net)
                  0.06    0.00    1.58 ^ hold153/A (sky130_fd_sc_hd__dlygate4sd3_1)
     1    0.01    0.15    0.62    2.20 ^ hold153/X (sky130_fd_sc_hd__dlygate4sd3_1)
                                         net153 (net)
                  0.15    0.00    2.20 ^ input74/A (sky130_fd_sc_hd__buf_12)
     1    0.00    0.02    0.11    2.31 ^ input74/X (sky130_fd_sc_hd__buf_12)
                                         net74 (net)
                  0.02    0.00    2.31 ^ hold154/A (sky130_fd_sc_hd__dlygate4sd3_1)
     1    0.00    0.06    0.54    2.85 ^ hold154/X (sky130_fd_sc_hd__dlygate4sd3_1)
                                         net154 (net)
                  0.06    0.00    2.85 ^ hold150/A (sky130_fd_sc_hd__dlygate4sd3_1)
     1    0.00    0.06    0.54    3.39 ^ hold150/X (sky130_fd_sc_hd__dlygate4sd3_1)
                                         net150 (net)
                  0.06    0.00    3.39 ^ hold155/A (sky130_fd_sc_hd__dlygate4sd3_1)
     1    0.02    0.18    0.64    4.03 ^ hold155/X (sky130_fd_sc_hd__dlygate4sd3_1)
                                         net155 (net)
                  0.18    0.00    4.03 ^ wire148/A (sky130_fd_sc_hd__buf_16)
     1    0.00    0.03    0.12    4.15 ^ wire148/X (sky130_fd_sc_hd__buf_16)
                                         net148 (net)
                  0.03    0.00    4.15 ^ hold156/A (sky130_fd_sc_hd__dlygate4sd3_1)
     1    0.02    0.16    0.62    4.77 ^ hold156/X (sky130_fd_sc_hd__dlygate4sd3_1)
                                         net156 (net)
                  0.16    0.00    4.77 ^ hold151/A (sky130_fd_sc_hd__buf_16)
     1    0.45    0.46    0.42    5.18 ^ hold151/X (sky130_fd_sc_hd__buf_16)
                                         net151 (net)
                  0.62    0.02    5.20 ^ u_data/rstb (sram22_256x64m4w8)
                                  5.20   data arrival time

                         10.00   10.00   clock core_clk (rise edge)
                          0.00   10.00   clock source latency
     1    0.08    0.00    0.00   10.00 ^ clk (in)
                                         clk (net)
                  0.01    0.00   10.00 ^ u_data/clk (sram22_256x64m4w8)
                         -0.10    9.90   clock uncertainty
                          0.00    9.90   clock reconvergence pessimism
                         -0.24    9.66   library setup time
                                  9.66   data required time
-----------------------------------------------------------------------------
                                  9.66   data required time
                                 -5.20   data arrival time
-----------------------------------------------------------------------------
                                  4.46   slack (MET)



==========================================================================
finish report_checks -unconstrained
--------------------------------------------------------------------------
Startpoint: rstb (input port clocked by core_clk)
Endpoint: u_data (rising edge-triggered flip-flop clocked by core_clk)
Path Group: core_clk
Path Type: max

Fanout     Cap    Slew   Delay    Time   Description
-----------------------------------------------------------------------------
                          0.00    0.00   clock core_clk (rise edge)
                          0.00    0.00   clock network delay (propagated)
                          0.50    0.50 ^ input external delay
     1    0.00    0.00    0.00    0.50 ^ rstb (in)
                                         rstb (net)
                  0.00    0.00    0.50 ^ hold152/A (sky130_fd_sc_hd__dlygate4sd3_1)
     1    0.00    0.07    0.53    1.03 ^ hold152/X (sky130_fd_sc_hd__dlygate4sd3_1)
                                         net152 (net)
                  0.07    0.00    1.03 ^ hold149/A (sky130_fd_sc_hd__dlygate4sd3_1)
     1    0.00    0.06    0.55    1.58 ^ hold149/X (sky130_fd_sc_hd__dlygate4sd3_1)
                                         net149 (net)
                  0.06    0.00    1.58 ^ hold153/A (sky130_fd_sc_hd__dlygate4sd3_1)
     1    0.01    0.15    0.62    2.20 ^ hold153/X (sky130_fd_sc_hd__dlygate4sd3_1)
                                         net153 (net)
                  0.15    0.00    2.20 ^ input74/A (sky130_fd_sc_hd__buf_12)
     1    0.00    0.02    0.11    2.31 ^ input74/X (sky130_fd_sc_hd__buf_12)
                                         net74 (net)
                  0.02    0.00    2.31 ^ hold154/A (sky130_fd_sc_hd__dlygate4sd3_1)
     1    0.00    0.06    0.54    2.85 ^ hold154/X (sky130_fd_sc_hd__dlygate4sd3_1)
                                         net154 (net)
                  0.06    0.00    2.85 ^ hold150/A (sky130_fd_sc_hd__dlygate4sd3_1)
     1    0.00    0.06    0.54    3.39 ^ hold150/X (sky130_fd_sc_hd__dlygate4sd3_1)
                                         net150 (net)
                  0.06    0.00    3.39 ^ hold155/A (sky130_fd_sc_hd__dlygate4sd3_1)
     1    0.02    0.18    0.64    4.03 ^ hold155/X (sky130_fd_sc_hd__dlygate4sd3_1)
                                         net155 (net)
                  0.18    0.00    4.03 ^ wire148/A (sky130_fd_sc_hd__buf_16)
     1    0.00    0.03    0.12    4.15 ^ wire148/X (sky130_fd_sc_hd__buf_16)
                                         net148 (net)
                  0.03    0.00    4.15 ^ hold156/A (sky130_fd_sc_hd__dlygate4sd3_1)
     1    0.02    0.16    0.62    4.77 ^ hold156/X (sky130_fd_sc_hd__dlygate4sd3_1)
                                         net156 (net)
                  0.16    0.00    4.77 ^ hold151/A (sky130_fd_sc_hd__buf_16)
     1    0.45    0.46    0.42    5.18 ^ hold151/X (sky130_fd_sc_hd__buf_16)
                                         net151 (net)
                  0.62    0.02    5.20 ^ u_data/rstb (sram22_256x64m4w8)
                                  5.20   data arrival time

                         10.00   10.00   clock core_clk (rise edge)
                          0.00   10.00   clock source latency
     1    0.08    0.00    0.00   10.00 ^ clk (in)
                                         clk (net)
                  0.01    0.00   10.00 ^ u_data/clk (sram22_256x64m4w8)
                         -0.10    9.90   clock uncertainty
                          0.00    9.90   clock reconvergence pessimism
                         -0.24    9.66   library setup time
                                  9.66   data required time
-----------------------------------------------------------------------------
                                  9.66   data required time
                                 -5.20   data arrival time
-----------------------------------------------------------------------------
                                  4.46   slack (MET)



==========================================================================
finish report_check_types -max_slew -max_cap -max_fanout -violators
--------------------------------------------------------------------------
max slew

Pin                                    Limit    Slew   Slack
------------------------------------------------------------
u_data/rstb                             0.35    0.62   -0.27 (VIOLATED)
u_data/dout[52]                         0.04    0.17   -0.13 (VIOLATED)
u_data/dout[25]                         0.04    0.16   -0.12 (VIOLATED)
u_data/dout[56]                         0.04    0.16   -0.12 (VIOLATED)
u_data/dout[27]                         0.04    0.16   -0.12 (VIOLATED)
u_data/dout[61]                         0.04    0.16   -0.12 (VIOLATED)
u_data/dout[41]                         0.04    0.16   -0.12 (VIOLATED)
u_data/dout[0]                          0.04    0.16   -0.12 (VIOLATED)
u_data/dout[17]                         0.04    0.16   -0.12 (VIOLATED)
u_data/dout[5]                          0.04    0.16   -0.12 (VIOLATED)
u_data/dout[21]                         0.04    0.16   -0.12 (VIOLATED)
u_data/dout[14]                         0.04    0.16   -0.12 (VIOLATED)
u_data/dout[39]                         0.04    0.16   -0.12 (VIOLATED)
u_data/dout[32]                         0.04    0.16   -0.12 (VIOLATED)
u_data/dout[36]                         0.04    0.16   -0.12 (VIOLATED)
u_data/dout[9]                          0.04    0.16   -0.12 (VIOLATED)
u_data/dout[24]                         0.04    0.16   -0.12 (VIOLATED)
u_data/dout[43]                         0.04    0.15   -0.11 (VIOLATED)
u_data/dout[12]                         0.04    0.15   -0.11 (VIOLATED)
u_data/dout[30]                         0.04    0.15   -0.11 (VIOLATED)
u_data/dout[10]                         0.04    0.15   -0.11 (VIOLATED)
u_data/dout[3]                          0.04    0.15   -0.11 (VIOLATED)
u_data/dout[23]                         0.04    0.15   -0.11 (VIOLATED)
u_data/dout[28]                         0.04    0.15   -0.11 (VIOLATED)
u_data/dout[57]                         0.04    0.15   -0.11 (VIOLATED)
u_data/dout[48]                         0.04    0.15   -0.11 (VIOLATED)
u_data/dout[55]                         0.04    0.15   -0.11 (VIOLATED)
u_data/dout[46]                         0.04    0.15   -0.11 (VIOLATED)
u_data/dout[26]                         0.04    0.15   -0.11 (VIOLATED)
u_data/dout[53]                         0.04    0.15   -0.11 (VIOLATED)
u_data/dout[18]                         0.04    0.15   -0.11 (VIOLATED)
u_data/dout[1]                          0.04    0.15   -0.11 (VIOLATED)
u_data/dout[29]                         0.04    0.15   -0.11 (VIOLATED)
u_data/dout[62]                         0.04    0.15   -0.11 (VIOLATED)
u_data/dout[4]                          0.04    0.15   -0.11 (VIOLATED)
u_data/dout[11]                         0.04    0.15   -0.11 (VIOLATED)
u_data/dout[8]                          0.04    0.15   -0.11 (VIOLATED)
u_data/dout[47]                         0.04    0.15   -0.11 (VIOLATED)
u_data/dout[40]                         0.04    0.15   -0.11 (VIOLATED)
u_data/dout[19]                         0.04    0.15   -0.11 (VIOLATED)
u_data/dout[38]                         0.04    0.15   -0.11 (VIOLATED)
u_data/dout[2]                          0.04    0.15   -0.11 (VIOLATED)
u_data/dout[31]                         0.04    0.15   -0.11 (VIOLATED)
u_data/dout[22]                         0.04    0.15   -0.11 (VIOLATED)
u_data/dout[13]                         0.04    0.15   -0.11 (VIOLATED)
u_data/dout[63]                         0.04    0.15   -0.11 (VIOLATED)
u_data/dout[45]                         0.04    0.15   -0.11 (VIOLATED)
u_data/dout[54]                         0.04    0.15   -0.11 (VIOLATED)
u_data/dout[35]                         0.04    0.15   -0.11 (VIOLATED)
u_data/dout[37]                         0.04    0.15   -0.11 (VIOLATED)
u_data/dout[44]                         0.04    0.15   -0.11 (VIOLATED)
u_data/dout[42]                         0.04    0.15   -0.11 (VIOLATED)
u_data/dout[33]                         0.04    0.15   -0.11 (VIOLATED)
u_data/dout[60]                         0.04    0.15   -0.11 (VIOLATED)
u_data/dout[58]                         0.04    0.15   -0.11 (VIOLATED)
u_data/dout[7]                          0.04    0.14   -0.10 (VIOLATED)
u_data/dout[20]                         0.04    0.14   -0.10 (VIOLATED)
u_data/dout[59]                         0.04    0.14   -0.10 (VIOLATED)
u_data/dout[50]                         0.04    0.14   -0.10 (VIOLATED)
u_data/dout[16]                         0.04    0.14   -0.10 (VIOLATED)
u_data/dout[34]                         0.04    0.14   -0.10 (VIOLATED)
u_data/dout[15]                         0.04    0.14   -0.10 (VIOLATED)
u_data/dout[51]                         0.04    0.14   -0.10 (VIOLATED)
u_data/dout[6]                          0.04    0.14   -0.10 (VIOLATED)
u_data/dout[49]                         0.04    0.14   -0.10 (VIOLATED)


==========================================================================
finish max_slew_check_slack
--------------------------------------------------------------------------
-0.26796022057533264

==========================================================================
finish max_slew_check_limit
--------------------------------------------------------------------------
0.35100001096725464

==========================================================================
finish max_slew_check_slack_limit
--------------------------------------------------------------------------
-0.7634

==========================================================================
finish max_fanout_check_slack
--------------------------------------------------------------------------
1.0000000150474662e+30

==========================================================================
finish max_fanout_check_limit
--------------------------------------------------------------------------
1.0000000150474662e+30

==========================================================================
finish max_capacitance_check_slack
--------------------------------------------------------------------------
0.12561187148094177

==========================================================================
finish max_capacitance_check_limit
--------------------------------------------------------------------------
0.15656499564647675

==========================================================================
finish max_capacitance_check_slack_limit
--------------------------------------------------------------------------
0.8023

==========================================================================
finish max_slew_violation_count
--------------------------------------------------------------------------
max slew violation count 65

==========================================================================
finish max_fanout_violation_count
--------------------------------------------------------------------------
max fanout violation count 0

==========================================================================
finish max_cap_violation_count
--------------------------------------------------------------------------
max cap violation count 0

==========================================================================
finish setup_violation_count
--------------------------------------------------------------------------
setup violation count 0

==========================================================================
finish hold_violation_count
--------------------------------------------------------------------------
hold violation count 0

==========================================================================
finish report_checks -path_delay max reg to reg
--------------------------------------------------------------------------
No paths found.

==========================================================================
finish report_checks -path_delay min reg to reg
--------------------------------------------------------------------------
No paths found.

==========================================================================
finish critical path target clock latency max path
--------------------------------------------------------------------------
0.0021

==========================================================================
finish critical path target clock latency min path
--------------------------------------------------------------------------
0.0101

==========================================================================
finish critical path source clock latency min path
--------------------------------------------------------------------------
0.0000

==========================================================================
finish critical path delay
--------------------------------------------------------------------------
5.2024

==========================================================================
finish critical path slack
--------------------------------------------------------------------------
4.4618

==========================================================================
finish slack div critical path delay
--------------------------------------------------------------------------
85.764263

==========================================================================
finish report_power
--------------------------------------------------------------------------
Group                  Internal  Switching    Leakage      Total
                          Power      Power      Power      Power (Watts)
----------------------------------------------------------------
Sequential             0.00e+00   0.00e+00   0.00e+00   0.00e+00   0.0%
Combinational          3.31e-05   3.13e-05   6.02e-10   6.44e-05   8.0%
Clock                  0.00e+00   0.00e+00   0.00e+00   0.00e+00   0.0%
Macro                  7.40e-04   0.00e+00   6.42e-07   7.40e-04  92.0%
Pad                    0.00e+00   0.00e+00   0.00e+00   0.00e+00   0.0%
----------------------------------------------------------------
Total                  7.73e-04   3.13e-05   6.43e-07   8.05e-04 100.0%
                          96.0%       3.9%       0.1%
