vcd           142
unannotated  2667
Annotated pins:
  vcd addr[0]
  vcd addr[1]
  vcd addr[2]
  vcd addr[3]
  vcd addr[4]
  vcd addr[5]
  vcd addr[6]
  vcd addr[7]
  vcd ce
  vcd clk
  vcd correction_applied
  vcd detected_uncorrectable
  vcd payload_in[0]
  vcd payload_in[10]
  vcd payload_in[11]
  vcd payload_in[12]
  vcd payload_in[13]
  vcd payload_in[14]
  vcd payload_in[15]
  vcd payload_in[16]
  vcd payload_in[17]
  vcd payload_in[18]
  vcd payload_in[19]
  vcd payload_in[1]
  vcd payload_in[20]
  vcd payload_in[21]
  vcd payload_in[22]
  vcd payload_in[23]
  vcd payload_in[24]
  vcd payload_in[25]
  vcd payload_in[26]
  vcd payload_in[27]
  vcd payload_in[28]
  vcd payload_in[29]
  vcd payload_in[2]
  vcd payload_in[30]
  vcd payload_in[31]
  vcd payload_in[32]
  vcd payload_in[33]
  vcd payload_in[34]
  vcd payload_in[35]
  vcd payload_in[36]
  vcd payload_in[37]
  vcd payload_in[38]
  vcd payload_in[39]
  vcd payload_in[3]
  vcd payload_in[40]
  vcd payload_in[41]
  vcd payload_in[42]
  vcd payload_in[43]
  vcd payload_in[44]
  vcd payload_in[45]
  vcd payload_in[46]
  vcd payload_in[47]
  vcd payload_in[48]
  vcd payload_in[49]
  vcd payload_in[4]
  vcd payload_in[50]
  vcd payload_in[51]
  vcd payload_in[52]
  vcd payload_in[53]
  vcd payload_in[54]
  vcd payload_in[55]
  vcd payload_in[56]
  vcd payload_in[57]
  vcd payload_in[58]
  vcd payload_in[59]
  vcd payload_in[5]
  vcd payload_in[60]
  vcd payload_in[61]
  vcd payload_in[62]
  vcd payload_in[63]
  vcd payload_in[6]
  vcd payload_in[7]
  vcd payload_in[8]
  vcd payload_in[9]
  vcd payload_out[0]
  vcd payload_out[10]
  vcd payload_out[11]
  vcd payload_out[12]
  vcd payload_out[13]
  vcd payload_out[14]
  vcd payload_out[15]
  vcd payload_out[16]
  vcd payload_out[17]
  vcd payload_out[18]
  vcd payload_out[19]
  vcd payload_out[1]
  vcd payload_out[20]
  vcd payload_out[21]
  vcd payload_out[22]
  vcd payload_out[23]
  vcd payload_out[24]
  vcd payload_out[25]
  vcd payload_out[26]
  vcd payload_out[27]
  vcd payload_out[28]
  vcd payload_out[29]
  vcd payload_out[2]
  vcd payload_out[30]
  vcd payload_out[31]
  vcd payload_out[32]
  vcd payload_out[33]
  vcd payload_out[34]
  vcd payload_out[35]
  vcd payload_out[36]
  vcd payload_out[37]
  vcd payload_out[38]
  vcd payload_out[39]
  vcd payload_out[3]
  vcd payload_out[40]
  vcd payload_out[41]
  vcd payload_out[42]
  vcd payload_out[43]
  vcd payload_out[44]
  vcd payload_out[45]
  vcd payload_out[46]
  vcd payload_out[47]
  vcd payload_out[48]
  vcd payload_out[49]
  vcd payload_out[4]
  vcd payload_out[50]
  vcd payload_out[51]
  vcd payload_out[52]
  vcd payload_out[53]
  vcd payload_out[54]
  vcd payload_out[55]
  vcd payload_out[56]
  vcd payload_out[57]
  vcd payload_out[58]
  vcd payload_out[59]
  vcd payload_out[5]
  vcd payload_out[60]
  vcd payload_out[61]
  vcd payload_out[62]
  vcd payload_out[63]
  vcd payload_out[6]
  vcd payload_out[7]
  vcd payload_out[8]
  vcd payload_out[9]
  vcd rstb
  vcd we
