vcd           142
input        2483
unannotated   379
Unannotated pins:
 ANTENNA_2/DIODE
 ANTENNA_26/DIODE
 ANTENNA_27/DIODE
 ANTENNA_28/DIODE
 ANTENNA_29/DIODE
 ANTENNA_3/DIODE
 ANTENNA_30/DIODE
 ANTENNA_31/DIODE
 ANTENNA_32/DIODE
 ANTENNA_33/DIODE
 ANTENNA_34/DIODE
 ANTENNA_35/DIODE
 ANTENNA_36/DIODE
 _411_/B
 _412_/A
 _414_/A
 _423_/A
 _425_/B
 _432_/B
 _434_/A
 _434_/B
 _435_/A
 _437_/A
 _437_/B
 _446_/A
 _446_/B
 _449_/B
 _469_/A
 _469_/B
 _484_/B
 _488_/A
 _489_/B
 _494_/B
 _526_/A
 _526_/B
 _527_/A
 _536_/B
 _537_/A
 _779_/Y
 _801_/Y
 _825_/Y
 _844_/Y
 _857_/X
 _864_/Y
 _878_/Y
 _886_/X
 clkload0/Y
 input17/A
 input18/A
 input19/A
 input20/A
 input21/A
 input22/A
 input23/A
 input24/A
 input26/A
 input27/A
 input28/A
 input29/A
 input30/A
 input31/A
 input32/A
 input33/A
 input34/A
 input35/A
 input36/A
 input37/A
 input38/A
 input39/A
 input40/A
 input41/A
 input42/A
 input43/A
 input44/A
 input45/A
 input46/A
 input47/A
 input48/A
 input49/A
 input50/A
 input51/A
 input52/A
 input53/A
 input54/A
 input55/A
 input56/A
 input57/A
 input58/A
 input59/A
 input60/A
 input61/A
 input62/A
 input63/A
 input64/A
 input65/A
 input66/A
 input67/A
 input68/A
 input69/A
 input70/A
 input71/A
 input72/A
 input73/A
 input74/A
 input75/A
 input76/A
 input77/A
 input78/A
 input79/A
 input80/A
 input81/A
 input82/A
 input83/A
 input84/A
 input85/A
 input86/A
 input87/A
 input88/A
 input89/A
 max_cap185/A
 max_cap188/A
 max_cap191/A
 max_cap199/A
 max_cap200/A
 max_cap202/A
 max_cap204/A
 max_cap208/A
 max_cap209/A
 max_cap213/A
 max_cap217/A
 max_cap219/A
 max_cap222/A
 max_cap223/A
 max_cap242/A
 max_cap244/A
 max_cap246/A
 max_cap251/A
 max_cap253/A
 max_cap255/A
 max_cap257/A
 max_cap265/A
 max_cap267/A
 max_cap269/A
 max_cap274/A
 max_cap276/A
 max_cap278/A
 max_cap280/A
 max_cap283/A
 max_cap562/A
 max_cap565/A
 max_cap589/A
 max_cap591/A
 max_cap593/A
 max_cap595/A
 max_cap597/A
 max_cap599/A
 max_cap601/A
 max_cap603/A
 max_cap605/A
 max_cap607/A
 max_cap609/A
 max_cap615/A
 max_cap617/A
 max_cap619/A
 max_cap621/A
 max_cap623/A
 max_cap625/A
 max_cap626/A
 max_cap627/A
 max_cap628/A
 max_cap630/A
 max_cap632/A
 max_cap637/A
 max_cap638/A
 max_cap639/A
 max_cap640/A
 max_cap641/A
 max_cap642/A
 max_cap643/A
 max_cap644/A
 max_cap645/A
 max_cap646/A
 max_cap651/A
 max_cap653/A
 max_cap654/A
 max_cap655/A
 max_cap656/A
 max_cap657/A
 max_cap658/A
 max_cap659/A
 max_cap661/A
 max_cap663/A
 max_cap664/A
 max_cap669/A
 max_cap670/A
 max_cap671/A
 max_cap672/A
 max_cap676/A
 max_cap677/A
 max_cap682/A
 max_cap683/A
 output106/X
 output111/X
 output115/X
 output120/X
 output122/X
 output125/X
 output149/X
 output152/X
 output153/X
 output154/X
 output95/X
 place388/X
 place389/X
 place390/X
 place391/X
 place392/X
 place395/X
 place396/X
 place397/X
 place398/X
 place399/X
 place400/X
 place401/X
 place402/X
 place403/X
 place404/X
 place405/X
 place406/X
 place407/X
 place408/X
 place409/X
 place410/X
 place411/X
 place412/X
 place413/X
 place414/X
 place415/X
 place416/X
 place417/X
 place418/X
 place419/X
 place420/X
 place421/X
 place422/X
 place423/X
 place424/X
 place425/X
 place426/X
 place427/X
 place428/X
 place429/X
 place430/X
 place431/X
 place444/X
 place445/X
 place446/X
 place447/X
 place448/X
 place449/X
 place450/X
 place451/X
 place452/X
 place453/X
 place454/X
 place699/A
 place700/A
 place701/A
 place702/A
 place703/A
 place704/A
 place705/A
 place709/A
 u_data/dout[0]
 u_data/dout[10]
 u_data/dout[11]
 u_data/dout[12]
 u_data/dout[13]
 u_data/dout[14]
 u_data/dout[15]
 u_data/dout[16]
 u_data/dout[17]
 u_data/dout[18]
 u_data/dout[19]
 u_data/dout[1]
 u_data/dout[20]
 u_data/dout[21]
 u_data/dout[22]
 u_data/dout[23]
 u_data/dout[24]
 u_data/dout[25]
 u_data/dout[26]
 u_data/dout[27]
 u_data/dout[28]
 u_data/dout[29]
 u_data/dout[2]
 u_data/dout[30]
 u_data/dout[31]
 u_data/dout[32]
 u_data/dout[33]
 u_data/dout[34]
 u_data/dout[35]
 u_data/dout[36]
 u_data/dout[37]
 u_data/dout[38]
 u_data/dout[39]
 u_data/dout[3]
 u_data/dout[40]
 u_data/dout[41]
 u_data/dout[42]
 u_data/dout[43]
 u_data/dout[44]
 u_data/dout[45]
 u_data/dout[46]
 u_data/dout[47]
 u_data/dout[48]
 u_data/dout[49]
 u_data/dout[4]
 u_data/dout[50]
 u_data/dout[51]
 u_data/dout[52]
 u_data/dout[53]
 u_data/dout[54]
 u_data/dout[55]
 u_data/dout[56]
 u_data/dout[57]
 u_data/dout[58]
 u_data/dout[59]
 u_data/dout[5]
 u_data/dout[60]
 u_data/dout[61]
 u_data/dout[62]
 u_data/dout[63]
 u_data/dout[6]
 u_data/dout[7]
 u_data/dout[8]
 u_data/dout[9]
 u_data_1/LO
 u_data_2/LO
 u_data_3/LO
 u_data_4/LO
 u_data_5/LO
 u_data_6/LO
 u_data_7/LO
 u_data_8/LO
 u_ecc0/dout[0]
 u_ecc0/dout[1]
 u_ecc0/dout[2]
 u_ecc0/dout[3]
 u_ecc0/dout[4]
 u_ecc0/dout[5]
 u_ecc0/dout[6]
 u_ecc0/dout[7]
 u_ecc0_10/LO
 u_ecc0_11/LO
 u_ecc0_12/LO
 u_ecc0_13/LO
 u_ecc0_14/LO
 u_ecc0_15/LO
 u_ecc0_16/LO
 u_ecc0_9/LO
 wire552/A
 wire555/A
 wire558/A
 wire561/A
 wire564/A
 wire569/A
 wire575/A
 wire580/A
 wire584/A
 wire588/A
 wire614/A
 wire636/A
 wire650/A
 wire668/A
 wire675/A
 wire680/A
 wire686/A
 wire690/A
