OpenROAD 26Q3-1080-gab6fd26351 
Features included (+) or not (-): +GPU +GUI +Python
This program is licensed under the BSD-3 license. See the LICENSE file for details.
Components of this program may be licensed under more restrictive licenses which must be honored.
[INFO ORD-0030] Using 4 thread(s).
read_liberty /OpenROAD-flow-scripts/flow/platforms/sky130hd/lib/sky130_fd_sc_hd__tt_025C_1v80.lib
read_liberty /work/campaigns/iscas_sustainability_extension/memory_compiler/gate3_attempt09_sram22_residual_interface_drv_and_provenance_closure/source_checkout/sram22_256x64m4w8/sram22_256x64m4w8_tt_025C_1v80.lib
read_liberty /work/campaigns/iscas_sustainability_extension/memory_compiler/gate3_attempt09_sram22_residual_interface_drv_and_provenance_closure/source_checkout/sram22_256x8m8w1/sram22_256x8m8w1_tt_025C_1v80.lib
read_db /work/campaigns/iscas_sustainability_extension/memory_compiler/gate3_attempt09_sram22_residual_interface_drv_and_provenance_closure/raw/openroad/work/results/sky130hd/attempt09_e0/seed11/5_1_grt.odb
read_sdc /work/campaigns/iscas_sustainability_extension/memory_compiler/gate3_attempt09_sram22_residual_interface_drv_and_provenance_closure/raw/openroad/work/results/sky130hd/attempt09_e0/seed11/5_1_grt.sdc
source /OpenROAD-flow-scripts/flow/platforms/sky130hd/setRC.tcl
detailed_route -output_drc /work/campaigns/iscas_sustainability_extension/memory_compiler/gate3_attempt09_sram22_residual_interface_drv_and_provenance_closure/raw/openroad/work/reports/sky130hd/attempt09_e0/seed11/5_route_drc.rpt -output_maze /work/campaigns/iscas_sustainability_extension/memory_compiler/gate3_attempt09_sram22_residual_interface_drv_and_provenance_closure/raw/openroad/work/results/sky130hd/attempt09_e0/seed11/maze.log -droute_end_iter 64 -verbose 1 -drc_report_iter_step 5
[INFO DRT-0149] Reading tech and libs.
[WARNING DRT-0349] LEF58_ENCLOSURE with no CUTCLASS is not supported. Skipping for layer mcon
[WARNING DRT-0349] LEF58_ENCLOSURE with no CUTCLASS is not supported. Skipping for layer mcon
[WARNING DRT-0349] LEF58_ENCLOSURE with no CUTCLASS is not supported. Skipping for layer via
[WARNING DRT-0349] LEF58_ENCLOSURE with no CUTCLASS is not supported. Skipping for layer via
[WARNING DRT-0349] LEF58_ENCLOSURE with no CUTCLASS is not supported. Skipping for layer via2
[WARNING DRT-0349] LEF58_ENCLOSURE with no CUTCLASS is not supported. Skipping for layer via2
[WARNING DRT-0349] LEF58_ENCLOSURE with no CUTCLASS is not supported. Skipping for layer via3
[WARNING DRT-0349] LEF58_ENCLOSURE with no CUTCLASS is not supported. Skipping for layer via3
[WARNING DRT-0349] LEF58_ENCLOSURE with no CUTCLASS is not supported. Skipping for layer via4
[WARNING DRT-0349] LEF58_ENCLOSURE with no CUTCLASS is not supported. Skipping for layer via4

Units:                1000
Number of layers:     13
Number of macros:     443
Number of vias:       130
Number of viarulegen: 25

[INFO DRT-0150] Reading design.

Design:                   e0_sram22_top
Die area:                 ( 0 0 ) ( 1000000 650000 )
Number of track patterns: 12
Number of DEF vias:       0
Number of components:     5861
Number of terminals:      144
Number of snets:          2
Number of nets:           1238

[WARNING DRT-0419] No routing tracks pass through the center of Term u_protected_memory.u_data/dout[0]
[WARNING DRT-0419] No routing tracks pass through the center of Term u_protected_memory.u_data/dout[1]
[WARNING DRT-0419] No routing tracks pass through the center of Term u_protected_memory.u_data/dout[2]
[WARNING DRT-0419] No routing tracks pass through the center of Term u_protected_memory.u_data/dout[3]
[WARNING DRT-0419] No routing tracks pass through the center of Term u_protected_memory.u_data/dout[4]
[WARNING DRT-0419] No routing tracks pass through the center of Term u_protected_memory.u_data/dout[5]
[WARNING DRT-0419] No routing tracks pass through the center of Term u_protected_memory.u_data/dout[6]
[WARNING DRT-0419] No routing tracks pass through the center of Term u_protected_memory.u_data/dout[7]
[WARNING DRT-0419] No routing tracks pass through the center of Term u_protected_memory.u_data/dout[8]
[WARNING DRT-0419] No routing tracks pass through the center of Term u_protected_memory.u_data/dout[9]
[WARNING DRT-0419] No routing tracks pass through the center of Term u_protected_memory.u_data/dout[10]
[WARNING DRT-0419] No routing tracks pass through the center of Term u_protected_memory.u_data/dout[11]
[WARNING DRT-0419] No routing tracks pass through the center of Term u_protected_memory.u_data/dout[12]
[WARNING DRT-0419] No routing tracks pass through the center of Term u_protected_memory.u_data/dout[13]
[WARNING DRT-0419] No routing tracks pass through the center of Term u_protected_memory.u_data/dout[14]
[WARNING DRT-0419] No routing tracks pass through the center of Term u_protected_memory.u_data/dout[15]
[WARNING DRT-0419] No routing tracks pass through the center of Term u_protected_memory.u_data/dout[16]
[WARNING DRT-0419] No routing tracks pass through the center of Term u_protected_memory.u_data/dout[17]
[WARNING DRT-0419] No routing tracks pass through the center of Term u_protected_memory.u_data/dout[18]
[WARNING DRT-0419] No routing tracks pass through the center of Term u_protected_memory.u_data/dout[19]
[WARNING DRT-0419] No routing tracks pass through the center of Term u_protected_memory.u_data/dout[20]
[WARNING DRT-0419] No routing tracks pass through the center of Term u_protected_memory.u_data/dout[21]
[WARNING DRT-0419] No routing tracks pass through the center of Term u_protected_memory.u_data/dout[22]
[WARNING DRT-0419] No routing tracks pass through the center of Term u_protected_memory.u_data/dout[23]
[WARNING DRT-0419] No routing tracks pass through the center of Term u_protected_memory.u_data/dout[24]
[WARNING DRT-0419] No routing tracks pass through the center of Term u_protected_memory.u_data/dout[25]
[WARNING DRT-0419] No routing tracks pass through the center of Term u_protected_memory.u_data/dout[26]
[WARNING DRT-0419] No routing tracks pass through the center of Term u_protected_memory.u_data/dout[27]
[WARNING DRT-0419] No routing tracks pass through the center of Term u_protected_memory.u_data/dout[28]
[WARNING DRT-0419] No routing tracks pass through the center of Term u_protected_memory.u_data/dout[29]
[WARNING DRT-0419] No routing tracks pass through the center of Term u_protected_memory.u_data/dout[30]
[WARNING DRT-0419] No routing tracks pass through the center of Term u_protected_memory.u_data/dout[31]
[WARNING DRT-0419] No routing tracks pass through the center of Term u_protected_memory.u_data/dout[32]
[WARNING DRT-0419] No routing tracks pass through the center of Term u_protected_memory.u_data/dout[33]
[WARNING DRT-0419] No routing tracks pass through the center of Term u_protected_memory.u_data/dout[34]
[WARNING DRT-0419] No routing tracks pass through the center of Term u_protected_memory.u_data/dout[35]
[WARNING DRT-0419] No routing tracks pass through the center of Term u_protected_memory.u_data/dout[36]
[WARNING DRT-0419] No routing tracks pass through the center of Term u_protected_memory.u_data/dout[37]
[WARNING DRT-0419] No routing tracks pass through the center of Term u_protected_memory.u_data/dout[38]
[WARNING DRT-0419] No routing tracks pass through the center of Term u_protected_memory.u_data/dout[39]
[WARNING DRT-0419] No routing tracks pass through the center of Term u_protected_memory.u_data/dout[40]
[WARNING DRT-0419] No routing tracks pass through the center of Term u_protected_memory.u_data/dout[41]
[WARNING DRT-0419] No routing tracks pass through the center of Term u_protected_memory.u_data/dout[42]
[WARNING DRT-0419] No routing tracks pass through the center of Term u_protected_memory.u_data/dout[43]
[WARNING DRT-0419] No routing tracks pass through the center of Term u_protected_memory.u_data/dout[44]
[WARNING DRT-0419] No routing tracks pass through the center of Term u_protected_memory.u_data/dout[45]
[WARNING DRT-0419] No routing tracks pass through the center of Term u_protected_memory.u_data/dout[46]
[WARNING DRT-0419] No routing tracks pass through the center of Term u_protected_memory.u_data/dout[47]
[WARNING DRT-0419] No routing tracks pass through the center of Term u_protected_memory.u_data/dout[48]
[WARNING DRT-0419] No routing tracks pass through the center of Term u_protected_memory.u_data/dout[49]
[WARNING DRT-0419] No routing tracks pass through the center of Term u_protected_memory.u_data/dout[50]
[WARNING DRT-0419] No routing tracks pass through the center of Term u_protected_memory.u_data/dout[51]
[WARNING DRT-0419] No routing tracks pass through the center of Term u_protected_memory.u_data/dout[52]
[WARNING DRT-0419] No routing tracks pass through the center of Term u_protected_memory.u_data/dout[53]
[WARNING DRT-0419] No routing tracks pass through the center of Term u_protected_memory.u_data/dout[54]
[WARNING DRT-0419] No routing tracks pass through the center of Term u_protected_memory.u_data/dout[55]
[WARNING DRT-0419] No routing tracks pass through the center of Term u_protected_memory.u_data/dout[56]
[WARNING DRT-0419] No routing tracks pass through the center of Term u_protected_memory.u_data/dout[57]
[WARNING DRT-0419] No routing tracks pass through the center of Term u_protected_memory.u_data/dout[58]
[WARNING DRT-0419] No routing tracks pass through the center of Term u_protected_memory.u_data/dout[59]
[WARNING DRT-0419] No routing tracks pass through the center of Term u_protected_memory.u_data/dout[60]
[WARNING DRT-0419] No routing tracks pass through the center of Term u_protected_memory.u_data/dout[61]
[WARNING DRT-0419] No routing tracks pass through the center of Term u_protected_memory.u_data/dout[62]
[WARNING DRT-0419] No routing tracks pass through the center of Term u_protected_memory.u_data/dout[63]
[WARNING DRT-0419] No routing tracks pass through the center of Term u_protected_memory.u_data/din[0]
[WARNING DRT-0419] No routing tracks pass through the center of Term u_protected_memory.u_data/din[1]
[WARNING DRT-0419] No routing tracks pass through the center of Term u_protected_memory.u_data/din[2]
[WARNING DRT-0419] No routing tracks pass through the center of Term u_protected_memory.u_data/din[3]
[WARNING DRT-0419] No routing tracks pass through the center of Term u_protected_memory.u_data/din[4]
[WARNING DRT-0419] No routing tracks pass through the center of Term u_protected_memory.u_data/din[5]
[WARNING DRT-0419] No routing tracks pass through the center of Term u_protected_memory.u_data/din[6]
[WARNING DRT-0419] No routing tracks pass through the center of Term u_protected_memory.u_data/din[7]
[WARNING DRT-0419] No routing tracks pass through the center of Term u_protected_memory.u_data/din[8]
[WARNING DRT-0419] No routing tracks pass through the center of Term u_protected_memory.u_data/din[9]
[WARNING DRT-0419] No routing tracks pass through the center of Term u_protected_memory.u_data/din[10]
[WARNING DRT-0419] No routing tracks pass through the center of Term u_protected_memory.u_data/din[11]
[WARNING DRT-0419] No routing tracks pass through the center of Term u_protected_memory.u_data/din[12]
[WARNING DRT-0419] No routing tracks pass through the center of Term u_protected_memory.u_data/din[13]
[WARNING DRT-0419] No routing tracks pass through the center of Term u_protected_memory.u_data/din[14]
[WARNING DRT-0419] No routing tracks pass through the center of Term u_protected_memory.u_data/din[15]
[WARNING DRT-0419] No routing tracks pass through the center of Term u_protected_memory.u_data/din[16]
[WARNING DRT-0419] No routing tracks pass through the center of Term u_protected_memory.u_data/din[17]
[WARNING DRT-0419] No routing tracks pass through the center of Term u_protected_memory.u_data/din[18]
[WARNING DRT-0419] No routing tracks pass through the center of Term u_protected_memory.u_data/din[19]
[WARNING DRT-0419] No routing tracks pass through the center of Term u_protected_memory.u_data/din[20]
[WARNING DRT-0419] No routing tracks pass through the center of Term u_protected_memory.u_data/din[21]
[WARNING DRT-0419] No routing tracks pass through the center of Term u_protected_memory.u_data/din[22]
[WARNING DRT-0419] No routing tracks pass through the center of Term u_protected_memory.u_data/din[23]
[WARNING DRT-0419] No routing tracks pass through the center of Term u_protected_memory.u_data/din[24]
[WARNING DRT-0419] No routing tracks pass through the center of Term u_protected_memory.u_data/din[25]
[WARNING DRT-0419] No routing tracks pass through the center of Term u_protected_memory.u_data/din[26]
[WARNING DRT-0419] No routing tracks pass through the center of Term u_protected_memory.u_data/din[27]
[WARNING DRT-0419] No routing tracks pass through the center of Term u_protected_memory.u_data/din[28]
[WARNING DRT-0419] No routing tracks pass through the center of Term u_protected_memory.u_data/din[29]
[WARNING DRT-0419] No routing tracks pass through the center of Term u_protected_memory.u_data/din[30]
[WARNING DRT-0419] No routing tracks pass through the center of Term u_protected_memory.u_data/din[31]
[WARNING DRT-0419] No routing tracks pass through the center of Term u_protected_memory.u_data/din[32]
[WARNING DRT-0419] No routing tracks pass through the center of Term u_protected_memory.u_data/din[33]
[WARNING DRT-0419] No routing tracks pass through the center of Term u_protected_memory.u_data/din[34]
[WARNING DRT-0419] No routing tracks pass through the center of Term u_protected_memory.u_data/din[35]
[WARNING DRT-0419] No routing tracks pass through the center of Term u_protected_memory.u_data/din[36]
[WARNING DRT-0419] No routing tracks pass through the center of Term u_protected_memory.u_data/din[37]
[WARNING DRT-0419] No routing tracks pass through the center of Term u_protected_memory.u_data/din[38]
[WARNING DRT-0419] No routing tracks pass through the center of Term u_protected_memory.u_data/din[39]
[WARNING DRT-0419] No routing tracks pass through the center of Term u_protected_memory.u_data/din[40]
[WARNING DRT-0419] No routing tracks pass through the center of Term u_protected_memory.u_data/din[41]
[WARNING DRT-0419] No routing tracks pass through the center of Term u_protected_memory.u_data/din[42]
[WARNING DRT-0419] No routing tracks pass through the center of Term u_protected_memory.u_data/din[43]
[WARNING DRT-0419] No routing tracks pass through the center of Term u_protected_memory.u_data/din[44]
[WARNING DRT-0419] No routing tracks pass through the center of Term u_protected_memory.u_data/din[45]
[WARNING DRT-0419] No routing tracks pass through the center of Term u_protected_memory.u_data/din[46]
[WARNING DRT-0419] No routing tracks pass through the center of Term u_protected_memory.u_data/din[47]
[WARNING DRT-0419] No routing tracks pass through the center of Term u_protected_memory.u_data/din[48]
[WARNING DRT-0419] No routing tracks pass through the center of Term u_protected_memory.u_data/din[49]
[WARNING DRT-0419] No routing tracks pass through the center of Term u_protected_memory.u_data/din[50]
[WARNING DRT-0419] No routing tracks pass through the center of Term u_protected_memory.u_data/din[51]
[WARNING DRT-0419] No routing tracks pass through the center of Term u_protected_memory.u_data/din[52]
[WARNING DRT-0419] No routing tracks pass through the center of Term u_protected_memory.u_data/din[53]
[WARNING DRT-0419] No routing tracks pass through the center of Term u_protected_memory.u_data/din[54]
[WARNING DRT-0419] No routing tracks pass through the center of Term u_protected_memory.u_data/din[55]
[WARNING DRT-0419] No routing tracks pass through the center of Term u_protected_memory.u_data/din[56]
[WARNING DRT-0419] No routing tracks pass through the center of Term u_protected_memory.u_data/din[57]
[WARNING DRT-0419] No routing tracks pass through the center of Term u_protected_memory.u_data/din[58]
[WARNING DRT-0419] No routing tracks pass through the center of Term u_protected_memory.u_data/din[59]
[WARNING DRT-0419] No routing tracks pass through the center of Term u_protected_memory.u_data/din[60]
[WARNING DRT-0419] No routing tracks pass through the center of Term u_protected_memory.u_data/din[61]
[WARNING DRT-0419] No routing tracks pass through the center of Term u_protected_memory.u_data/din[62]
[WARNING DRT-0419] No routing tracks pass through the center of Term u_protected_memory.u_data/din[63]
[WARNING DRT-0419] No routing tracks pass through the center of Term u_protected_memory.u_data/wmask[1]
[WARNING DRT-0419] No routing tracks pass through the center of Term u_protected_memory.u_data/wmask[2]
[WARNING DRT-0419] No routing tracks pass through the center of Term u_protected_memory.u_data/wmask[3]
[WARNING DRT-0419] No routing tracks pass through the center of Term u_protected_memory.u_data/wmask[4]
[WARNING DRT-0419] No routing tracks pass through the center of Term u_protected_memory.u_data/wmask[5]
[WARNING DRT-0419] No routing tracks pass through the center of Term u_protected_memory.u_data/wmask[6]
[WARNING DRT-0419] No routing tracks pass through the center of Term u_protected_memory.u_data/wmask[7]
[WARNING DRT-0418] Term u_protected_memory.u_ecc/dout[0] has no pins on routing grid
[WARNING DRT-0418] Term u_protected_memory.u_ecc/dout[1] has no pins on routing grid
[WARNING DRT-0418] Term u_protected_memory.u_ecc/dout[2] has no pins on routing grid
[WARNING DRT-0418] Term u_protected_memory.u_ecc/dout[3] has no pins on routing grid
[WARNING DRT-0418] Term u_protected_memory.u_ecc/dout[4] has no pins on routing grid
[WARNING DRT-0418] Term u_protected_memory.u_ecc/dout[5] has no pins on routing grid
[WARNING DRT-0418] Term u_protected_memory.u_ecc/dout[6] has no pins on routing grid
[WARNING DRT-0418] Term u_protected_memory.u_ecc/dout[7] has no pins on routing grid
[WARNING DRT-0419] No routing tracks pass through the center of Term u_protected_memory.u_ecc/din[0]
[WARNING DRT-0419] No routing tracks pass through the center of Term u_protected_memory.u_ecc/din[1]
[WARNING DRT-0419] No routing tracks pass through the center of Term u_protected_memory.u_ecc/din[2]
[WARNING DRT-0418] Term u_protected_memory.u_ecc/din[3] has no pins on routing grid
[WARNING DRT-0418] Term u_protected_memory.u_ecc/din[4] has no pins on routing grid
[WARNING DRT-0418] Term u_protected_memory.u_ecc/din[5] has no pins on routing grid
[WARNING DRT-0418] Term u_protected_memory.u_ecc/din[6] has no pins on routing grid
[WARNING DRT-0418] Term u_protected_memory.u_ecc/din[7] has no pins on routing grid
[WARNING DRT-0419] No routing tracks pass through the center of Term u_protected_memory.u_ecc/wmask[0]
[WARNING DRT-0419] No routing tracks pass through the center of Term u_protected_memory.u_ecc/wmask[1]
[WARNING DRT-0419] No routing tracks pass through the center of Term u_protected_memory.u_ecc/wmask[2]
[WARNING DRT-0418] Term u_protected_memory.u_ecc/wmask[3] has no pins on routing grid
[WARNING DRT-0418] Term u_protected_memory.u_ecc/wmask[4] has no pins on routing grid
[WARNING DRT-0418] Term u_protected_memory.u_ecc/wmask[5] has no pins on routing grid
[WARNING DRT-0418] Term u_protected_memory.u_ecc/wmask[6] has no pins on routing grid
[WARNING DRT-0418] Term u_protected_memory.u_ecc/wmask[7] has no pins on routing grid
[INFO DRT-0167] List of default vias:
  Layer via
    default via: M1M2_PR
  Layer via2
    default via: M2M3_PR
  Layer via3
    default via: M3M4_PR
  Layer via4
    default via: M4M5_PR
[INFO DRT-0162] Library cell analysis.
[INFO DRT-0163] Instance analysis.
[INFO DRT-0164] Number of unique instances = 104.
[INFO DRT-0168] Init region query.
[INFO DRT-0024]   Complete FR_MASTERSLICE.
[INFO DRT-0024]   Complete Fr_VIA.
[INFO DRT-0024]   Complete li1.
[INFO DRT-0024]   Complete mcon.
[INFO DRT-0024]   Complete met1.
[INFO DRT-0024]   Complete via.
[INFO DRT-0024]   Complete met2.
[INFO DRT-0024]   Complete via2.
[INFO DRT-0024]   Complete met3.
[INFO DRT-0024]   Complete via3.
[INFO DRT-0024]   Complete met4.
[INFO DRT-0024]   Complete via4.
[INFO DRT-0024]   Complete met5.
[INFO DRT-0033] FR_MASTERSLICE shape region query size = 0.
[INFO DRT-0033] FR_VIA shape region query size = 0.
[INFO DRT-0033] li1 shape region query size = 47719.
[INFO DRT-0033] mcon shape region query size = 25362.
[INFO DRT-0033] met1 shape region query size = 17874.
[INFO DRT-0033] via shape region query size = 24330.
[INFO DRT-0033] met2 shape region query size = 22048.
[INFO DRT-0033] via2 shape region query size = 45597.
[INFO DRT-0033] met3 shape region query size = 29027.
[INFO DRT-0033] via3 shape region query size = 45281.
[INFO DRT-0033] met4 shape region query size = 11428.
[INFO DRT-0033] via4 shape region query size = 1676.
[INFO DRT-0033] met5 shape region query size = 1768.
[INFO DRT-0165] Start pin access.
[INFO DRT-0078]   Complete 943 pins.
[INFO DRT-0079]   Complete 100 unique inst patterns.
[INFO DRT-0081]   Complete 102 unique inst patterns.
[INFO DRT-0084]   Complete 913 groups.
#scanned instances     = 5861
#unique  instances     = 104
#stdCellGenAp          = 3128
#stdCellValidPlanarAp  = 56
#stdCellValidViaAp     = 2229
#stdCellPinNoAp        = 0
#stdCellPinCnt         = 2872
#instTermValidViaApCnt = 0
#macroGenAp            = 553
#macroValidPlanarAp    = 452
#macroValidViaAp       = 0
#macroNoAp             = 0
[INFO DRT-0166] Complete pin access.
[INFO DRT-0267] cpu time = 00:01:02, elapsed time = 00:00:17, memory = 268.28 (MB), peak = 267.77 (MB)

[INFO DRT-0157] Number of guides:     8374

[INFO DRT-0169] Post process guides.
[INFO DRT-0176] GCELLGRID X 0 DO 144 STEP 6900 ;
[INFO DRT-0177] GCELLGRID Y 0 DO 94 STEP 6900 ;
[INFO DRT-0028]   Complete FR_MASTERSLICE.
[INFO DRT-0028]   Complete Fr_VIA.
[INFO DRT-0028]   Complete li1.
[INFO DRT-0028]   Complete mcon.
[INFO DRT-0028]   Complete met1.
[INFO DRT-0028]   Complete via.
[INFO DRT-0028]   Complete met2.
[INFO DRT-0028]   Complete via2.
[INFO DRT-0028]   Complete met3.
[INFO DRT-0028]   Complete via3.
[INFO DRT-0028]   Complete met4.
[INFO DRT-0028]   Complete via4.
[INFO DRT-0028]   Complete met5.
[INFO DRT-0178] Init guide query.
[INFO DRT-0035]   Complete FR_MASTERSLICE (guide).
[INFO DRT-0035]   Complete Fr_VIA (guide).
[INFO DRT-0035]   Complete li1 (guide).
[INFO DRT-0035]   Complete mcon (guide).
[INFO DRT-0035]   Complete met1 (guide).
[INFO DRT-0035]   Complete via (guide).
[INFO DRT-0035]   Complete met2 (guide).
[INFO DRT-0035]   Complete via2 (guide).
[INFO DRT-0035]   Complete met3 (guide).
[INFO DRT-0035]   Complete via3 (guide).
[INFO DRT-0035]   Complete met4 (guide).
[INFO DRT-0035]   Complete via4 (guide).
[INFO DRT-0035]   Complete met5 (guide).
[INFO DRT-0036] FR_MASTERSLICE guide region query size = 0.
[INFO DRT-0036] FR_VIA guide region query size = 0.
[INFO DRT-0036] li1 guide region query size = 2582.
[INFO DRT-0036] mcon guide region query size = 0.
[INFO DRT-0036] met1 guide region query size = 2444.
[INFO DRT-0036] via guide region query size = 0.
[INFO DRT-0036] met2 guide region query size = 1392.
[INFO DRT-0036] via2 guide region query size = 0.
[INFO DRT-0036] met3 guide region query size = 319.
[INFO DRT-0036] via3 guide region query size = 0.
[INFO DRT-0036] met4 guide region query size = 160.
[INFO DRT-0036] via4 guide region query size = 0.
[INFO DRT-0036] met5 guide region query size = 5.
[INFO DRT-0179] Init gr pin query.
[INFO DRT-0267] cpu time = 00:00:00, elapsed time = 00:00:00, memory = 270.82 (MB), peak = 270.39 (MB)
[INFO DRT-0245] skipped writing guide updates to database.
[INFO DRT-0181] Start track assignment.
[INFO DRT-0184] Done with 4134 vertical wires in 3 frboxes and 2768 horizontal wires in 2 frboxes.
[INFO DRT-0186] Done with 533 vertical wires in 3 frboxes and 723 horizontal wires in 2 frboxes.
[INFO DRT-0182] Complete track assignment.
[INFO DRT-0267] cpu time = 00:00:02, elapsed time = 00:00:01, memory = 309.70 (MB), peak = 339.08 (MB)
[INFO DRT-0187] Start routing data preparation.
[INFO DRT-0267] cpu time = 00:00:00, elapsed time = 00:00:00, memory = 309.70 (MB), peak = 339.08 (MB)
[INFO DRT-0194] Start detail routing.
[INFO DRT-0195] Start 0th optimization iteration.
    Completing 10% with 0 violations.
    elapsed time = 00:00:00, memory = 331.83 (MB).
    Completing 20% with 0 violations.
    elapsed time = 00:00:00, memory = 365.21 (MB).
    Completing 30% with 216 violations.
    elapsed time = 00:00:04, memory = 347.14 (MB).
    Completing 40% with 216 violations.
    elapsed time = 00:00:05, memory = 375.96 (MB).
    Completing 50% with 216 violations.
    elapsed time = 00:00:05, memory = 381.89 (MB).
    Completing 60% with 358 violations.
    elapsed time = 00:00:07, memory = 384.36 (MB).
    Completing 70% with 358 violations.
    elapsed time = 00:00:08, memory = 414.14 (MB).
    Completing 80% with 565 violations.
    elapsed time = 00:00:12, memory = 398.73 (MB).
    Completing 90% with 565 violations.
    elapsed time = 00:00:12, memory = 411.11 (MB).
    Completing 100% with 729 violations.
    elapsed time = 00:00:15, memory = 414.74 (MB).
[INFO DRT-0199]   Number of violations = 815.
Viol/Layer        met1    via   met2   met3   met4
Metal Spacing      128      0     31      8      0
Recheck             57      0     21      2      6
Short              500      1     51      8      2
[INFO DRT-0267] cpu time = 00:00:30, elapsed time = 00:00:15, memory = 742.80 (MB), peak = 742.32 (MB)
Total wire length = 80327 um.
Total wire length on LAYER li1 = 0 um.
Total wire length on LAYER met1 = 23538 um.
Total wire length on LAYER met2 = 43759 um.
Total wire length on LAYER met3 = 5740 um.
Total wire length on LAYER met4 = 7242 um.
Total wire length on LAYER met5 = 46 um.
Total number of vias = 6688.
Up-via summary (total 6688):

-----------------------
 FR_MASTERSLICE       0
            li1    2919
           met1    3190
           met2     340
           met3     231
           met4       8
-----------------------
               6688


[INFO DRT-0195] Start 1st optimization iteration.
    Completing 10% with 815 violations.
    elapsed time = 00:00:00, memory = 742.85 (MB).
    Completing 20% with 815 violations.
    elapsed time = 00:00:00, memory = 742.85 (MB).
    Completing 30% with 726 violations.
    elapsed time = 00:00:02, memory = 742.85 (MB).
    Completing 40% with 726 violations.
    elapsed time = 00:00:02, memory = 742.85 (MB).
    Completing 50% with 726 violations.
    elapsed time = 00:00:03, memory = 742.85 (MB).
    Completing 60% with 622 violations.
    elapsed time = 00:00:04, memory = 742.85 (MB).
    Completing 70% with 622 violations.
    elapsed time = 00:00:05, memory = 759.61 (MB).
    Completing 80% with 541 violations.
    elapsed time = 00:00:07, memory = 742.85 (MB).
    Completing 90% with 541 violations.
    elapsed time = 00:00:07, memory = 772.03 (MB).
    Completing 100% with 413 violations.
    elapsed time = 00:00:14, memory = 750.41 (MB).
[INFO DRT-0199]   Number of violations = 413.
Viol/Layer        mcon   met1   met2   met3
Cut Spacing          4      0      0      0
Metal Spacing        0     95      6      3
Short                0    292     12      1
[INFO DRT-0267] cpu time = 00:00:28, elapsed time = 00:00:15, memory = 753.41 (MB), peak = 771.66 (MB)
Total wire length = 80071 um.
Total wire length on LAYER li1 = 0 um.
Total wire length on LAYER met1 = 23270 um.
Total wire length on LAYER met2 = 43717 um.
Total wire length on LAYER met3 = 5811 um.
Total wire length on LAYER met4 = 7216 um.
Total wire length on LAYER met5 = 56 um.
Total number of vias = 6672.
Up-via summary (total 6672):

-----------------------
 FR_MASTERSLICE       0
            li1    2923
           met1    3159
           met2     353
           met3     229
           met4       8
-----------------------
               6672


[INFO DRT-0195] Start 2nd optimization iteration.
    Completing 10% with 413 violations.
    elapsed time = 00:00:00, memory = 753.41 (MB).
    Completing 20% with 413 violations.
    elapsed time = 00:00:00, memory = 760.59 (MB).
    Completing 30% with 410 violations.
    elapsed time = 00:00:01, memory = 760.59 (MB).
    Completing 40% with 410 violations.
    elapsed time = 00:00:01, memory = 765.00 (MB).
    Completing 50% with 410 violations.
    elapsed time = 00:00:04, memory = 767.10 (MB).
    Completing 60% with 403 violations.
    elapsed time = 00:00:04, memory = 767.10 (MB).
    Completing 70% with 403 violations.
    elapsed time = 00:00:04, memory = 767.10 (MB).
    Completing 80% with 374 violations.
    elapsed time = 00:00:05, memory = 767.10 (MB).
    Completing 90% with 374 violations.
    elapsed time = 00:00:06, memory = 790.16 (MB).
    Completing 100% with 377 violations.
    elapsed time = 00:00:13, memory = 767.10 (MB).
[INFO DRT-0199]   Number of violations = 377.
Viol/Layer        mcon   met1   met2   met3
Cut Spacing          3      0      0      0
Metal Spacing        0    106      2      3
Short                0    254      9      0
[INFO DRT-0267] cpu time = 00:00:24, elapsed time = 00:00:13, memory = 767.10 (MB), peak = 789.75 (MB)
Total wire length = 79990 um.
Total wire length on LAYER li1 = 0 um.
Total wire length on LAYER met1 = 23242 um.
Total wire length on LAYER met2 = 43849 um.
Total wire length on LAYER met3 = 5770 um.
Total wire length on LAYER met4 = 7066 um.
Total wire length on LAYER met5 = 60 um.
Total number of vias = 6621.
Up-via summary (total 6621):

-----------------------
 FR_MASTERSLICE       0
            li1    2930
           met1    3123
           met2     338
           met3     222
           met4       8
-----------------------
               6621


[INFO DRT-0195] Start 3rd optimization iteration.
    Completing 10% with 377 violations.
    elapsed time = 00:00:00, memory = 767.10 (MB).
    Completing 20% with 377 violations.
    elapsed time = 00:00:00, memory = 773.92 (MB).
    Completing 30% with 312 violations.
    elapsed time = 00:00:10, memory = 782.62 (MB).
    Completing 40% with 312 violations.
    elapsed time = 00:00:11, memory = 782.62 (MB).
    Completing 50% with 312 violations.
    elapsed time = 00:00:11, memory = 782.62 (MB).
    Completing 60% with 219 violations.
    elapsed time = 00:00:16, memory = 782.62 (MB).
    Completing 70% with 219 violations.
    elapsed time = 00:00:17, memory = 782.62 (MB).
    Completing 80% with 164 violations.
    elapsed time = 00:00:22, memory = 784.63 (MB).
    Completing 90% with 164 violations.
    elapsed time = 00:00:23, memory = 784.63 (MB).
    Completing 100% with 97 violations.
    elapsed time = 00:00:25, memory = 784.63 (MB).
[INFO DRT-0199]   Number of violations = 97.
Viol/Layer        met1   met2   met3
Metal Spacing       25     14      1
Short               38     16      3
[INFO DRT-0267] cpu time = 00:00:37, elapsed time = 00:00:25, memory = 784.63 (MB), peak = 789.75 (MB)
Total wire length = 79995 um.
Total wire length on LAYER li1 = 0 um.
Total wire length on LAYER met1 = 22486 um.
Total wire length on LAYER met2 = 43825 um.
Total wire length on LAYER met3 = 6410 um.
Total wire length on LAYER met4 = 7212 um.
Total wire length on LAYER met5 = 60 um.
Total number of vias = 6794.
Up-via summary (total 6794):

-----------------------
 FR_MASTERSLICE       0
            li1    2928
           met1    3202
           met2     412
           met3     244
           met4       8
-----------------------
               6794


[INFO DRT-0195] Start 4th guides tiles iteration.
    Completing 10% with 97 violations.
    elapsed time = 00:00:00, memory = 813.73 (MB).
    Completing 20% with 97 violations.
    elapsed time = 00:00:00, memory = 813.73 (MB).
    Completing 40% with 97 violations.
    elapsed time = 00:00:03, memory = 784.63 (MB).
    Completing 50% with 8 violations.
    elapsed time = 00:00:03, memory = 784.63 (MB).
    Completing 70% with 8 violations.
    elapsed time = 00:00:03, memory = 784.63 (MB).
    Completing 80% with 8 violations.
    elapsed time = 00:00:03, memory = 790.09 (MB).
    Completing 100% with 0 violations.
    elapsed time = 00:00:04, memory = 790.09 (MB).
[INFO DRT-0199]   Number of violations = 0.
[INFO DRT-0267] cpu time = 00:00:05, elapsed time = 00:00:05, memory = 790.09 (MB), peak = 834.70 (MB)
Total wire length = 79949 um.
Total wire length on LAYER li1 = 0 um.
Total wire length on LAYER met1 = 22309 um.
Total wire length on LAYER met2 = 43798 um.
Total wire length on LAYER met3 = 6562 um.
Total wire length on LAYER met4 = 7218 um.
Total wire length on LAYER met5 = 60 um.
Total number of vias = 6774.
Up-via summary (total 6774):

-----------------------
 FR_MASTERSLICE       0
            li1    2930
           met1    3177
           met2     414
           met3     245
           met4       8
-----------------------
               6774


[INFO DRT-0198] Complete detail routing.
Total wire length = 79949 um.
Total wire length on LAYER li1 = 0 um.
Total wire length on LAYER met1 = 22309 um.
Total wire length on LAYER met2 = 43798 um.
Total wire length on LAYER met3 = 6562 um.
Total wire length on LAYER met4 = 7218 um.
Total wire length on LAYER met5 = 60 um.
Total number of vias = 6774.
Up-via summary (total 6774):

-----------------------
 FR_MASTERSLICE       0
            li1    2930
           met1    3177
           met2     414
           met3     245
           met4       8
-----------------------
               6774


[INFO DRT-0267] cpu time = 00:02:07, elapsed time = 00:01:15, memory = 790.15 (MB), peak = 834.70 (MB)

[INFO DRT-0180] Post processing.
[INFO DRT-0501] Runtime: 95.54s
Took 94 seconds: detailed_route -output_drc /work/campaigns/iscas_sustainability_extension/memory_compiler/gate3_attempt09_sram22_residual_interface_drv_and_provenance_closure/raw/openroad/work/reports/sky130hd/attempt09_e0/seed11/5_route_drc.rpt -output_maze /work/campaigns/iscas_sustainability_extension/memory_compiler/gate3_attempt09_sram22_residual_interface_drv_and_provenance_closure/raw/openroad/work/results/sky130hd/attempt09_e0/seed11/maze.log -droute_end_iter 64 -verbose 1 -drc_report_iter_step 5
[INFO GRT-0012] Found 6 antenna violations.
[INFO DPL-0006] Core area: 615627.94 um^2
[INFO DPL-0007] Movable instances area: 10.01 um^2
[INFO DPL-0008] Fixed instances area within core: 275922.77 um^2
[INFO DPL-0009] Utilization: 44.8%
[INFO DPL-0005] Diamond search max displacement: +/- 500 sites horizontally, +/- 100 rows vertically.
[INFO DPL-1102] Legalizing using negotiation legalizer.
[INFO DPL-1103] Negotiation base search window: +/-20 sites horizontally, +/-5 rows vertically 
	Automatic search window extension enabled.
	Search window extendable up to the max displacement cap of +/-500 sites, +/-100 rows near walls.
[INFO DPL-1104] NegotiationLegalizer DRC penalty: 5.
[INFO DPL-0392] Negotiation cell height distribution (3 unique row-count(s)):
[INFO DPL-0393]   height 1 row(s): 5866 cells
[INFO DPL-0393]   height 83 row(s): 1 cells
[INFO DPL-0393]   height 108 row(s): 1 cells
[INFO DPL-0500] Runtime: 0.04s
[INFO GRT-0015] Inserted 7 diodes.
[INFO DRT-0024]   Complete FR_MASTERSLICE.
[INFO DRT-0024]   Complete Fr_VIA.
[INFO DRT-0024]   Complete li1.
[INFO DRT-0024]   Complete mcon.
[INFO DRT-0024]   Complete met1.
[INFO DRT-0024]   Complete via.
[INFO DRT-0024]   Complete met2.
[INFO DRT-0024]   Complete via2.
[INFO DRT-0024]   Complete met3.
[INFO DRT-0024]   Complete via3.
[INFO DRT-0024]   Complete met4.
[INFO DRT-0024]   Complete via4.
[INFO DRT-0024]   Complete met5.
[INFO DRT-0165] Start pin access.
[INFO DRT-0078]   Complete 943 pins.
[INFO DRT-0079]   Complete 100 unique inst patterns.
[INFO DRT-0081]   Complete 102 unique inst patterns.
[INFO DRT-0084]   Complete 917 groups.
#scanned instances     = 5868
#unique  instances     = 104
#stdCellGenAp          = 3128
#stdCellValidPlanarAp  = 56
#stdCellValidViaAp     = 2229
#stdCellPinNoAp        = 0
#stdCellPinCnt         = 2872
#instTermValidViaApCnt = 0
#macroGenAp            = 553
#macroValidPlanarAp    = 452
#macroValidViaAp       = 0
#macroNoAp             = 0
[INFO DRT-0166] Complete pin access.
[INFO DRT-0267] cpu time = 00:01:02, elapsed time = 00:00:17, memory = 698.06 (MB), peak = 834.70 (MB)

[INFO DRT-0157] Number of guides:     8360

[INFO DRT-0169] Post process guides.
[INFO DRT-0176] GCELLGRID X 0 DO 144 STEP 6900 ;
[INFO DRT-0177] GCELLGRID Y 0 DO 94 STEP 6900 ;
[INFO DRT-0028]   Complete FR_MASTERSLICE.
[INFO DRT-0028]   Complete Fr_VIA.
[INFO DRT-0028]   Complete li1.
[INFO DRT-0028]   Complete mcon.
[INFO DRT-0028]   Complete met1.
[INFO DRT-0028]   Complete via.
[INFO DRT-0028]   Complete met2.
[INFO DRT-0028]   Complete via2.
[INFO DRT-0028]   Complete met3.
[INFO DRT-0028]   Complete via3.
[INFO DRT-0028]   Complete met4.
[INFO DRT-0028]   Complete via4.
[INFO DRT-0028]   Complete met5.
[INFO DRT-0178] Init guide query.
[INFO DRT-0035]   Complete FR_MASTERSLICE (guide).
[INFO DRT-0035]   Complete Fr_VIA (guide).
[INFO DRT-0035]   Complete li1 (guide).
[INFO DRT-0035]   Complete mcon (guide).
[INFO DRT-0035]   Complete met1 (guide).
[INFO DRT-0035]   Complete via (guide).
[INFO DRT-0035]   Complete met2 (guide).
[INFO DRT-0035]   Complete via2 (guide).
[INFO DRT-0035]   Complete met3 (guide).
[INFO DRT-0035]   Complete via3 (guide).
[INFO DRT-0035]   Complete met4 (guide).
[INFO DRT-0035]   Complete via4 (guide).
[INFO DRT-0035]   Complete met5 (guide).
[INFO DRT-0036] FR_MASTERSLICE guide region query size = 0.
[INFO DRT-0036] FR_VIA guide region query size = 0.
[INFO DRT-0036] li1 guide region query size = 2588.
[INFO DRT-0036] mcon guide region query size = 0.
[INFO DRT-0036] met1 guide region query size = 2449.
[INFO DRT-0036] via guide region query size = 0.
[INFO DRT-0036] met2 guide region query size = 1389.
[INFO DRT-0036] via2 guide region query size = 0.
[INFO DRT-0036] met3 guide region query size = 310.
[INFO DRT-0036] via3 guide region query size = 0.
[INFO DRT-0036] met4 guide region query size = 154.
[INFO DRT-0036] via4 guide region query size = 0.
[INFO DRT-0036] met5 guide region query size = 4.
[INFO DRT-0179] Init gr pin query.
[INFO DRT-0267] cpu time = 00:00:00, elapsed time = 00:00:00, memory = 698.06 (MB), peak = 834.70 (MB)
[INFO DRT-0245] skipped writing guide updates to database.
[INFO DRT-0181] Start track assignment.
[INFO DRT-0184] Done with 4131 vertical wires in 3 frboxes and 2763 horizontal wires in 2 frboxes.
[INFO DRT-0186] Done with 537 vertical wires in 3 frboxes and 728 horizontal wires in 2 frboxes.
[INFO DRT-0182] Complete track assignment.
[INFO DRT-0267] cpu time = 00:00:02, elapsed time = 00:00:00, memory = 698.06 (MB), peak = 834.70 (MB)
[INFO DRT-0187] Start routing data preparation.
[INFO DRT-0267] cpu time = 00:00:00, elapsed time = 00:00:00, memory = 698.06 (MB), peak = 834.70 (MB)
[INFO DRT-0194] Start detail routing.
[INFO DRT-0195] Start 0th optimization iteration.
    Completing 10% with 0 violations.
    elapsed time = 00:00:00, memory = 698.06 (MB).
    Completing 20% with 0 violations.
    elapsed time = 00:00:00, memory = 698.06 (MB).
    Completing 30% with 6 violations.
    elapsed time = 00:00:00, memory = 698.06 (MB).
    Completing 40% with 6 violations.
    elapsed time = 00:00:01, memory = 698.06 (MB).
    Completing 50% with 6 violations.
    elapsed time = 00:00:01, memory = 698.06 (MB).
    Completing 60% with 25 violations.
    elapsed time = 00:00:01, memory = 698.06 (MB).
    Completing 70% with 25 violations.
    elapsed time = 00:00:02, memory = 698.06 (MB).
    Completing 80% with 29 violations.
    elapsed time = 00:00:02, memory = 698.06 (MB).
    Completing 90% with 29 violations.
    elapsed time = 00:00:03, memory = 698.06 (MB).
    Completing 100% with 38 violations.
    elapsed time = 00:00:03, memory = 698.06 (MB).
[INFO DRT-0199]   Number of violations = 53.
Viol/Layer        met1   met2   via2   met3
Metal Spacing        3      0      0      3
Recheck              9      4      0      2
Short               21      4      1      6
[INFO DRT-0267] cpu time = 00:00:11, elapsed time = 00:00:03, memory = 818.57 (MB), peak = 834.70 (MB)
Total wire length = 79909 um.
Total wire length on LAYER li1 = 0 um.
Total wire length on LAYER met1 = 22866 um.
Total wire length on LAYER met2 = 43951 um.
Total wire length on LAYER met3 = 6028 um.
Total wire length on LAYER met4 = 7003 um.
Total wire length on LAYER met5 = 60 um.
Total number of vias = 6762.
Up-via summary (total 6762):

-----------------------
 FR_MASTERSLICE       0
            li1    2939
           met1    3178
           met2     408
           met3     229
           met4       8
-----------------------
               6762


[INFO DRT-0195] Start 1st optimization iteration.
    Completing 10% with 53 violations.
    elapsed time = 00:00:00, memory = 818.57 (MB).
    Completing 20% with 53 violations.
    elapsed time = 00:00:00, memory = 818.57 (MB).
    Completing 30% with 41 violations.
    elapsed time = 00:00:00, memory = 818.57 (MB).
    Completing 40% with 41 violations.
    elapsed time = 00:00:00, memory = 818.57 (MB).
    Completing 50% with 41 violations.
    elapsed time = 00:00:01, memory = 818.57 (MB).
    Completing 60% with 41 violations.
    elapsed time = 00:00:01, memory = 695.18 (MB).
    Completing 70% with 41 violations.
    elapsed time = 00:00:01, memory = 695.18 (MB).
    Completing 80% with 23 violations.
    elapsed time = 00:00:01, memory = 695.18 (MB).
    Completing 90% with 23 violations.
    elapsed time = 00:00:02, memory = 699.95 (MB).
    Completing 100% with 23 violations.
    elapsed time = 00:00:02, memory = 699.95 (MB).
[INFO DRT-0199]   Number of violations = 23.
Viol/Layer        met1   met3
Metal Spacing        2      0
Short               17      4
[INFO DRT-0267] cpu time = 00:00:09, elapsed time = 00:00:03, memory = 823.31 (MB), peak = 834.70 (MB)
Total wire length = 79904 um.
Total wire length on LAYER li1 = 0 um.
Total wire length on LAYER met1 = 22862 um.
Total wire length on LAYER met2 = 43943 um.
Total wire length on LAYER met3 = 6025 um.
Total wire length on LAYER met4 = 7013 um.
Total wire length on LAYER met5 = 60 um.
Total number of vias = 6763.
Up-via summary (total 6763):

-----------------------
 FR_MASTERSLICE       0
            li1    2941
           met1    3177
           met2     408
           met3     229
           met4       8
-----------------------
               6763


[INFO DRT-0195] Start 2nd optimization iteration.
    Completing 10% with 23 violations.
    elapsed time = 00:00:00, memory = 823.31 (MB).
    Completing 20% with 23 violations.
    elapsed time = 00:00:00, memory = 823.31 (MB).
    Completing 30% with 22 violations.
    elapsed time = 00:00:00, memory = 823.31 (MB).
    Completing 40% with 22 violations.
    elapsed time = 00:00:00, memory = 823.31 (MB).
    Completing 50% with 22 violations.
    elapsed time = 00:00:00, memory = 823.31 (MB).
    Completing 60% with 22 violations.
    elapsed time = 00:00:00, memory = 823.31 (MB).
    Completing 70% with 22 violations.
    elapsed time = 00:00:00, memory = 823.31 (MB).
    Completing 80% with 21 violations.
    elapsed time = 00:00:00, memory = 823.31 (MB).
    Completing 90% with 21 violations.
    elapsed time = 00:00:00, memory = 823.31 (MB).
    Completing 100% with 21 violations.
    elapsed time = 00:00:00, memory = 823.31 (MB).
[INFO DRT-0199]   Number of violations = 21.
Viol/Layer        met1   met3
Metal Spacing        2      0
Short               15      4
[INFO DRT-0267] cpu time = 00:00:01, elapsed time = 00:00:00, memory = 699.95 (MB), peak = 834.70 (MB)
Total wire length = 79903 um.
Total wire length on LAYER li1 = 0 um.
Total wire length on LAYER met1 = 22862 um.
Total wire length on LAYER met2 = 43940 um.
Total wire length on LAYER met3 = 6026 um.
Total wire length on LAYER met4 = 7013 um.
Total wire length on LAYER met5 = 60 um.
Total number of vias = 6757.
Up-via summary (total 6757):

-----------------------
 FR_MASTERSLICE       0
            li1    2940
           met1    3178
           met2     402
           met3     229
           met4       8
-----------------------
               6757


[INFO DRT-0195] Start 3rd guides tiles iteration.
    Completing 20% with 21 violations.
    elapsed time = 00:00:02, memory = 699.95 (MB).
    Completing 50% with 0 violations.
    elapsed time = 00:00:02, memory = 699.95 (MB).
    Completing 70% with 0 violations.
    elapsed time = 00:00:02, memory = 699.95 (MB).
    Completing 100% with 0 violations.
    elapsed time = 00:00:02, memory = 699.95 (MB).
[INFO DRT-0199]   Number of violations = 0.
[INFO DRT-0267] cpu time = 00:00:02, elapsed time = 00:00:02, memory = 823.32 (MB), peak = 834.70 (MB)
Total wire length = 79893 um.
Total wire length on LAYER li1 = 0 um.
Total wire length on LAYER met1 = 22796 um.
Total wire length on LAYER met2 = 43925 um.
Total wire length on LAYER met3 = 6073 um.
Total wire length on LAYER met4 = 7037 um.
Total wire length on LAYER met5 = 60 um.
Total number of vias = 6754.
Up-via summary (total 6754):

-----------------------
 FR_MASTERSLICE       0
            li1    2940
           met1    3174
           met2     402
           met3     230
           met4       8
-----------------------
               6754


[INFO DRT-0198] Complete detail routing.
Total wire length = 79893 um.
Total wire length on LAYER li1 = 0 um.
Total wire length on LAYER met1 = 22796 um.
Total wire length on LAYER met2 = 43925 um.
Total wire length on LAYER met3 = 6073 um.
Total wire length on LAYER met4 = 7037 um.
Total wire length on LAYER met5 = 60 um.
Total number of vias = 6754.
Up-via summary (total 6754):

-----------------------
 FR_MASTERSLICE       0
            li1    2940
           met1    3174
           met2     402
           met3     230
           met4       8
-----------------------
               6754


[INFO DRT-0267] cpu time = 00:00:25, elapsed time = 00:00:10, memory = 823.32 (MB), peak = 834.70 (MB)

[INFO DRT-0180] Post processing.
[INFO DRT-0501] Runtime: 29.00s
[INFO ANT-0002] Found 0 net violations.
[INFO ANT-0001] Found 0 pin violations.
[INFO ANT-0002] Found 0 net violations.
[INFO ANT-0001] Found 0 pin violations.
Design area 275933 um^2 45% utilization.
write_db /work/campaigns/iscas_sustainability_extension/memory_compiler/gate3_attempt09_sram22_residual_interface_drv_and_provenance_closure/raw/openroad/work/results/sky130hd/attempt09_e0/seed11/5_2_route.odb
Elapsed time: 2:08.35[h:]min:sec. CPU time: user 284.55 sys 2.72 (223%). Peak memory: 854736KB.
Log                       Ext     Elapsed/s Peak Memory/MB sha1sum result [0:20)
5_2_route                 .odb          128            834 6abeca07e5cd3e707f0e
