vcd           142
unannotated  2667
Unannotated pins:
 ANTENNA_1/DIODE
 ANTENNA_10/DIODE
 ANTENNA_11/DIODE
 ANTENNA_12/DIODE
 ANTENNA_13/DIODE
 ANTENNA_14/DIODE
 ANTENNA_15/DIODE
 ANTENNA_16/DIODE
 ANTENNA_17/DIODE
 ANTENNA_18/DIODE
 ANTENNA_19/DIODE
 ANTENNA_2/DIODE
 ANTENNA_20/DIODE
 ANTENNA_21/DIODE
 ANTENNA_22/DIODE
 ANTENNA_23/DIODE
 ANTENNA_24/DIODE
 ANTENNA_25/DIODE
 ANTENNA_26/DIODE
 ANTENNA_27/DIODE
 ANTENNA_28/DIODE
 ANTENNA_29/DIODE
 ANTENNA_3/DIODE
 ANTENNA_30/DIODE
 ANTENNA_31/DIODE
 ANTENNA_32/DIODE
 ANTENNA_33/DIODE
 ANTENNA_34/DIODE
 ANTENNA_35/DIODE
 ANTENNA_36/DIODE
 ANTENNA_37/DIODE
 ANTENNA_38/DIODE
 ANTENNA_39/DIODE
 ANTENNA_4/DIODE
 ANTENNA_40/DIODE
 ANTENNA_41/DIODE
 ANTENNA_42/DIODE
 ANTENNA_43/DIODE
 ANTENNA_44/DIODE
 ANTENNA_45/DIODE
 ANTENNA_46/DIODE
 ANTENNA_47/DIODE
 ANTENNA_48/DIODE
 ANTENNA_49/DIODE
 ANTENNA_5/DIODE
 ANTENNA_50/DIODE
 ANTENNA_51/DIODE
 ANTENNA_52/DIODE
 ANTENNA_53/DIODE
 ANTENNA_54/DIODE
 ANTENNA_6/DIODE
 ANTENNA_7/DIODE
 ANTENNA_8/DIODE
 ANTENNA_9/DIODE
 _393_/A
 _393_/B
 _393_/Y
 _394_/A
 _394_/B
 _394_/Y
 _395_/A
 _395_/B
 _395_/Y
 _396_/A
 _396_/B
 _396_/X
 _397_/A
 _397_/B
 _397_/Y
 _398_/A
 _398_/B
 _398_/Y
 _399_/A
 _399_/B
 _399_/Y
 _400_/A
 _400_/B
 _400_/Y
 _401_/A
 _401_/B
 _401_/C
 _401_/X
 _402_/A
 _402_/B
 _402_/Y
 _403_/A
 _403_/B
 _403_/C
 _403_/X
 _404_/A
 _404_/B
 _404_/Y
 _405_/A
 _405_/B
 _405_/X
 _406_/A
 _406_/B
 _406_/Y
 _407_/A
 _407_/B
 _407_/Y
 _408_/A
 _408_/B
 _408_/Y
 _409_/A
 _409_/B
 _409_/Y
 _410_/A
 _410_/B
 _410_/C
 _410_/X
 _411_/A
 _411_/B
 _411_/Y
 _412_/A
 _412_/B
 _412_/C
 _412_/X
 _413_/A
 _413_/B
 _413_/Y
 _414_/A
 _414_/B
 _414_/Y
 _415_/A
 _415_/B
 _415_/Y
 _416_/A
 _416_/B
 _416_/C
 _416_/X
 _417_/A
 _417_/B
 _417_/Y
 _418_/A
 _418_/B
 _418_/X
 _419_/A
 _419_/B
 _419_/Y
 _420_/A
 _420_/B
 _420_/Y
 _421_/A
 _421_/B
 _421_/C
 _421_/X
 _422_/A
 _422_/B
 _422_/Y
 _423_/A
 _423_/B
 _423_/Y
 _424_/A
 _424_/B
 _424_/Y
 _425_/A
 _425_/B
 _425_/Y
 _426_/A
 _426_/B
 _426_/Y
 _427_/A
 _427_/B
 _427_/C
 _427_/X
 _428_/A
 _428_/B
 _428_/C
 _428_/X
 _429_/A
 _429_/B
 _429_/Y
 _430_/A
 _430_/B
 _430_/Y
 _431_/A
 _431_/B
 _431_/X
 _432_/A
 _432_/B
 _432_/Y
 _433_/A
 _433_/B
 _433_/Y
 _434_/A
 _434_/B
 _434_/C
 _434_/X
 _435_/A
 _435_/B
 _435_/Y
 _436_/A
 _436_/B
 _436_/Y
 _437_/A
 _437_/B
 _437_/X
 _438_/A
 _438_/B
 _438_/Y
 _439_/A
 _439_/B
 _439_/Y
 _440_/A
 _440_/B
 _440_/C
 _440_/X
 _441_/A
 _441_/B
 _441_/Y
 _442_/A
 _442_/B
 _442_/C
 _442_/X
 _443_/A
 _443_/B
 _443_/Y
 _444_/A
 _444_/B
 _444_/C
 _444_/X
 _445_/A
 _445_/B
 _445_/X
 _446_/A
 _446_/B
 _446_/X
 _447_/A
 _447_/B
 _447_/X
 _448_/A
 _448_/B
 _448_/Y
 _449_/A
 _449_/B
 _449_/Y
 _450_/A
 _450_/B
 _450_/X
 _451_/A
 _451_/B
 _451_/Y
 _452_/A
 _452_/B
 _452_/Y
 _453_/A
 _453_/B
 _453_/Y
 _454_/A
 _454_/B
 _454_/X
 _455_/A
 _455_/B
 _455_/Y
 _456_/A
 _456_/B
 _456_/Y
 _457_/A
 _457_/B
 _457_/Y
 _458_/A
 _458_/B
 _458_/Y
 _459_/A
 _459_/B
 _459_/Y
 _460_/A
 _460_/B
 _460_/Y
 _461_/A
 _461_/B
 _461_/Y
 _462_/A
 _462_/B
 _462_/Y
 _463_/A
 _463_/B
 _463_/C
 _463_/X
 _464_/A
 _464_/B
 _464_/X
 _465_/A
 _465_/B
 _465_/Y
 _466_/A
 _466_/B
 _466_/Y
 _467_/A
 _467_/B
 _467_/Y
 _468_/A
 _468_/B
 _468_/Y
 _469_/A
 _469_/B
 _469_/Y
 _470_/A
 _470_/B
 _470_/Y
 _471_/A
 _471_/B
 _471_/X
 _472_/A
 _472_/B
 _472_/Y
 _473_/A
 _473_/B
 _473_/X
 _474_/A
 _474_/B
 _474_/C
 _474_/X
 _475_/A
 _475_/B
 _475_/C
 _475_/Y
 _476_/A
 _476_/B
 _476_/Y
 _477_/A
 _477_/B
 _477_/Y
 _478_/A
 _478_/B
 _478_/C
 _478_/X
 _479_/A
 _479_/B
 _479_/C
 _479_/Y
 _480_/A
 _480_/B
 _480_/Y
 _481_/A
 _481_/B
 _481_/Y
 _482_/A
 _482_/B
 _482_/C
 _482_/X
 _483_/A
 _483_/B
 _483_/Y
 _484_/A
 _484_/B
 _484_/C
 _484_/X
 _485_/A
 _485_/B
 _485_/Y
 _486_/A
 _486_/B
 _486_/X
 _487_/A
 _487_/B
 _487_/Y
 _488_/A
 _488_/B
 _488_/Y
 _489_/A
 _489_/B
 _489_/Y
 _490_/A
 _490_/B
 _490_/Y
 _491_/A1
 _491_/A2
 _491_/B1
 _491_/Y
 _492_/A0
 _492_/A1
 _492_/S
 _492_/Y
 _493_/A
 _493_/B
 _493_/X
 _495_/A
 _495_/B
 _495_/Y
 _496_/A
 _496_/B
 _496_/C
 _496_/Y
 _497_/A1
 _497_/A2
 _497_/B1
 _497_/Y
 _498_/A
 _498_/B
 _498_/X
 _499_/A
 _499_/B
 _499_/Y
 _500_/A
 _500_/B
 _500_/Y
 _501_/A
 _501_/B
 _501_/Y
 _502_/A
 _502_/B
 _502_/Y
 _503_/A
 _503_/B
 _503_/Y
 _505_/A_N
 _505_/B
 _505_/C
 _505_/Y
 _506_/A
 _506_/B
 _506_/X
 _507_/A_N
 _507_/B
 _507_/C
 _507_/Y
 _508_/A1
 _508_/A2
 _508_/B1
 _508_/Y
 _509_/A
 _509_/B
 _509_/X
 _510_/A
 _510_/B
 _510_/Y
 _511_/A
 _511_/B
 _511_/Y
 _512_/A
 _512_/B
 _512_/Y
 _513_/A
 _513_/B
 _513_/C
 _513_/X
 _514_/A
 _514_/B
 _514_/Y
 _515_/A
 _515_/B
 _515_/Y
 _516_/A
 _516_/B
 _516_/X
 _517_/A
 _517_/B
 _517_/Y
 _518_/A1
 _518_/A2
 _518_/B1
 _518_/X
 _520_/A
 _520_/B
 _520_/X
 _522_/A
 _522_/B
 _522_/X
 _523_/A
 _523_/B
 _523_/C
 _523_/X
 _524_/A
 _524_/B
 _524_/X
 _525_/A
 _525_/B
 _525_/Y
 _526_/A
 _526_/B
 _526_/Y
 _527_/A
 _527_/B
 _527_/Y
 _528_/A
 _528_/B
 _528_/Y
 _529_/A
 _529_/B
 _529_/Y
 _530_/A
 _530_/B
 _530_/Y
 _531_/A
 _531_/B
 _531_/C
 _531_/X
 _532_/A
 _532_/B
 _532_/Y
 _533_/A
 _533_/B
 _533_/Y
 _534_/A_N
 _534_/B
 _534_/Y
 _535_/A
 _535_/B
 _535_/X
 _537_/A
 _537_/B
 _537_/Y
 _538_/A
 _538_/B
 _538_/Y
 _539_/A
 _539_/B_N
 _539_/Y
 _540_/A
 _540_/B
 _540_/C
 _540_/Y
 _541_/A
 _541_/B
 _541_/Y
 _542_/A
 _542_/B
 _542_/Y
 _543_/A
 _543_/B
 _543_/Y
 _544_/A_N
 _544_/B
 _544_/X
 _546_/A
 _546_/B
 _546_/C
 _546_/Y
 _547_/A
 _547_/B
 _547_/Y
 _549_/A
 _549_/B_N
 _549_/X
 _550_/A
 _550_/B
 _550_/Y
 _551_/A
 _551_/B
 _551_/Y
 _552_/A
 _552_/B
 _552_/X
 _553_/A_N
 _553_/B
 _553_/C
 _553_/D
 _553_/Y
 _554_/A
 _554_/B
 _554_/Y
 _555_/A
 _555_/B
 _555_/C
 _555_/Y
 _556_/A1
 _556_/A2
 _556_/B1
 _556_/Y
 _557_/A
 _557_/B
 _557_/C
 _557_/X
 _559_/A
 _559_/B
 _559_/Y
 _560_/A
 _560_/B
 _560_/C
 _560_/Y
 _561_/A
 _561_/B
 _561_/Y
 _562_/A
 _562_/B
 _562_/Y
 _563_/A
 _563_/B
 _563_/X
 _564_/A
 _564_/B
 _564_/C
 _564_/X
 _566_/A
 _566_/B
 _566_/C
 _566_/Y
 _567_/A
 _567_/B
 _567_/C
 _567_/X
 _568_/A
 _568_/B
 _568_/X
 _569_/A
 _569_/B
 _569_/Y
 _570_/A
 _570_/B
 _570_/Y
 _571_/A
 _571_/B
 _571_/Y
 _572_/A_N
 _572_/B
 _572_/C
 _572_/Y
 _573_/A
 _573_/B
 _573_/C
 _573_/Y
 _574_/A
 _574_/B
 _574_/Y
 _575_/A
 _575_/B
 _575_/Y
 _576_/A
 _576_/B
 _576_/X
 _578_/A
 _578_/B
 _578_/C
 _578_/Y
 _579_/A
 _579_/B
 _579_/Y
 _581_/A
 _581_/B
 _581_/X
 _582_/A_N
 _582_/B
 _582_/C
 _582_/X
 _583_/A
 _583_/B
 _583_/Y
 _584_/A_N
 _584_/B
 _584_/C
 _584_/Y
 _585_/A
 _585_/B
 _585_/Y
 _586_/A
 _586_/B
 _586_/C
 _586_/Y
 _587_/A
 _587_/B
 _587_/Y
 _588_/A
 _588_/B
 _588_/Y
 _589_/A
 _589_/B
 _589_/Y
 _590_/A1
 _590_/A2
 _590_/B1
 _590_/B2
 _590_/Y
 _591_/A
 _591_/B
 _591_/C
 _591_/X
 _593_/A_N
 _593_/B
 _593_/C
 _593_/Y
 _594_/A
 _594_/B
 _594_/Y
 _596_/A
 _596_/B
 _596_/C
 _596_/Y
 _597_/A
 _597_/B
 _597_/X
 _598_/A
 _598_/B
 _598_/Y
 _599_/A
 _599_/B
 _599_/C
 _599_/D
 _599_/Y
 _600_/A
 _600_/B
 _600_/Y
 _601_/A
 _601_/B
 _601_/X
 _602_/A
 _602_/B
 _602_/C
 _602_/Y
 _603_/A
 _603_/B
 _603_/Y
 _604_/A
 _604_/B
 _604_/C
 _604_/X
 _606_/A
 _606_/B
 _606_/Y
 _607_/A
 _607_/B
 _607_/Y
 _608_/A
 _608_/B
 _608_/X
 _609_/A
 _609_/B
 _609_/C
 _609_/Y
 _610_/A
 _610_/B
 _610_/Y
 _611_/A
 _611_/B
 _611_/Y
 _612_/A
 _612_/B
 _612_/Y
 _613_/A
 _613_/B
 _613_/Y
 _614_/A
 _614_/B
 _614_/X
 _615_/A
 _615_/B
 _615_/Y
 _616_/A
 _616_/B
 _616_/Y
 _617_/A
 _617_/B
 _617_/C
 _617_/Y
 _618_/A
 _618_/B
 _618_/Y
 _619_/A_N
 _619_/B
 _619_/Y
 _620_/A_N
 _620_/B
 _620_/C
 _620_/D
 _620_/Y
 _621_/A
 _621_/B
 _621_/Y
 _622_/A
 _622_/B
 _622_/Y
 _623_/A
 _623_/B
 _623_/C
 _623_/Y
 _624_/A
 _624_/B
 _624_/Y
 _625_/A_N
 _625_/B
 _625_/C
 _625_/D
 _625_/Y
 _626_/A
 _626_/B
 _626_/Y
 _627_/A
 _627_/B
 _627_/C
 _627_/D
 _627_/Y
 _628_/A
 _628_/B
 _628_/Y
 _629_/A
 _629_/B
 _629_/C
 _629_/Y
 _630_/A
 _630_/B
 _630_/Y
 _631_/A
 _631_/B
 _631_/C
 _631_/Y
 _632_/A
 _632_/B
 _632_/Y
 _633_/A
 _633_/B
 _633_/Y
 _634_/A
 _634_/B
 _634_/Y
 _635_/A
 _635_/B
 _635_/C
 _635_/D
 _635_/Y
 _636_/A
 _636_/B
 _636_/Y
 _637_/A
 _637_/B
 _637_/C
 _637_/Y
 _638_/A
 _638_/B
 _638_/Y
 _639_/A
 _639_/B
 _639_/C
 _639_/D
 _639_/Y
 _640_/A
 _640_/B
 _640_/Y
 _641_/A_N
 _641_/B
 _641_/C
 _641_/Y
 _642_/A
 _642_/B
 _642_/Y
 _643_/A
 _643_/B
 _643_/C
 _643_/Y
 _644_/A
 _644_/B
 _644_/Y
 _645_/A_N
 _645_/B
 _645_/C
 _645_/Y
 _646_/A
 _646_/B
 _646_/Y
 _648_/A
 _648_/B
 _648_/X
 _649_/A
 _649_/B
 _649_/C
 _649_/Y
 _650_/A
 _650_/B
 _650_/Y
 _651_/A_N
 _651_/B
 _651_/C
 _651_/Y
 _652_/A
 _652_/B
 _652_/Y
 _653_/A
 _653_/B
 _653_/C
 _653_/Y
 _654_/A
 _654_/B
 _654_/Y
 _655_/A
 _655_/B
 _655_/Y
 _656_/A
 _656_/B
 _656_/X
 _657_/A_N
 _657_/B
 _657_/C
 _657_/Y
 _658_/A
 _658_/B
 _658_/Y
 _659_/A
 _659_/B
 _659_/C
 _659_/Y
 _660_/A
 _660_/B
 _660_/Y
 _661_/A
 _661_/B
 _661_/C
 _661_/Y
 _662_/A
 _662_/B
 _662_/Y
 _663_/A
 _663_/B
 _663_/Y
 _664_/A
 _664_/B
 _664_/Y
 _665_/A
 _665_/B
 _665_/C
 _665_/Y
 _666_/A
 _666_/B
 _666_/Y
 _667_/A
 _667_/B
 _667_/Y
 _668_/A_N
 _668_/B
 _668_/C
 _668_/Y
 _669_/A
 _669_/B
 _669_/Y
 _670_/A
 _670_/B
 _670_/C
 _670_/Y
 _671_/A
 _671_/B
 _671_/Y
 _672_/A
 _672_/B
 _672_/C
 _672_/Y
 _673_/A
 _673_/B
 _673_/Y
 _674_/A
 _674_/B
 _674_/C
 _674_/Y
 _675_/A
 _675_/B
 _675_/Y
 _676_/A
 _676_/B
 _676_/Y
 _677_/A
 _677_/B
 _677_/Y
 _678_/A_N
 _678_/B
 _678_/C
 _678_/D
 _678_/Y
 _679_/A
 _679_/B
 _679_/Y
 _680_/A_N
 _680_/B
 _680_/C
 _680_/Y
 _681_/A
 _681_/B
 _681_/Y
 _682_/A
 _682_/B
 _682_/C
 _682_/Y
 _683_/A
 _683_/B
 _683_/Y
 _684_/A
 _684_/B
 _684_/Y
 _685_/A
 _685_/B
 _685_/Y
 _686_/A_N
 _686_/B
 _686_/C
 _686_/Y
 _687_/A
 _687_/B
 _687_/Y
 _688_/A
 _688_/B
 _688_/C
 _688_/Y
 _689_/A
 _689_/B
 _689_/Y
 _690_/A
 _690_/B
 _690_/C
 _690_/Y
 _691_/A
 _691_/B
 _691_/Y
 _692_/A
 _692_/B
 _692_/C
 _692_/Y
 _693_/A
 _693_/B
 _693_/Y
 _694_/A
 _694_/B
 _694_/Y
 _695_/A
 _695_/B
 _695_/Y
 _696_/A
 _696_/B
 _696_/C
 _696_/Y
 _697_/A
 _697_/B
 _697_/Y
 _698_/A_N
 _698_/B
 _698_/C
 _698_/Y
 _699_/A
 _699_/B
 _699_/Y
 _700_/A
 _700_/B
 _700_/C
 _700_/Y
 _701_/A
 _701_/B
 _701_/Y
 _702_/A_N
 _702_/B
 _702_/C
 _702_/Y
 _703_/A
 _703_/B
 _703_/Y
 _704_/A
 _704_/B
 _704_/Y
 _705_/A
 _705_/B
 _705_/Y
 _706_/A
 _706_/B
 _706_/X
 _707_/A
 _707_/B
 _707_/Y
 _708_/A
 _708_/B
 _708_/Y
 _709_/A
 _709_/B
 _709_/X
 _710_/A
 _710_/B
 _710_/Y
 _711_/A
 _711_/B
 _711_/Y
 _712_/A
 _712_/B
 _712_/X
 _713_/A
 _713_/B
 _713_/Y
 _714_/A
 _714_/B
 _714_/X
 _715_/A
 _715_/B
 _715_/Y
 _716_/A
 _716_/B
 _716_/Y
 _717_/A
 _717_/B
 _717_/Y
 _718_/A
 _718_/B
 _718_/Y
 _719_/A
 _719_/B
 _719_/Y
 _720_/A
 _720_/B
 _720_/X
 _721_/A
 _721_/B
 _721_/Y
 _722_/A
 _722_/B
 _722_/Y
 _723_/A
 _723_/B
 _723_/X
 _724_/A
 _724_/B
 _724_/Y
 _725_/A
 _725_/B
 _725_/Y
 _726_/A
 _726_/B
 _726_/Y
 _727_/A
 _727_/B
 _727_/X
 _728_/A
 _728_/B
 _728_/Y
 _729_/A
 _729_/B
 _729_/Y
 _730_/A
 _730_/B
 _730_/Y
 _731_/A
 _731_/B
 _731_/Y
 _732_/A
 _732_/B
 _732_/X
 _733_/A
 _733_/B
 _733_/Y
 _734_/A
 _734_/B
 _734_/Y
 _735_/A
 _735_/B
 _735_/Y
 _736_/A
 _736_/B
 _736_/Y
 _737_/A
 _737_/B
 _737_/Y
 _738_/A
 _738_/B
 _738_/Y
 _739_/A
 _739_/B
 _739_/Y
 _740_/A
 _740_/B
 _740_/Y
 _741_/A
 _741_/B
 _741_/Y
 _742_/A
 _742_/B
 _742_/Y
 _743_/A
 _743_/B
 _743_/Y
 _744_/A
 _744_/B
 _744_/Y
 _745_/A
 _745_/B
 _745_/Y
 _746_/A
 _746_/B
 _746_/Y
 _747_/A
 _747_/B
 _747_/Y
 _748_/A
 _748_/B
 _748_/Y
 _749_/A
 _749_/B
 _749_/Y
 _750_/A
 _750_/B
 _750_/X
 _751_/A
 _751_/B
 _751_/Y
 _752_/A
 _752_/B
 _752_/X
 _753_/A
 _753_/B
 _753_/Y
 _754_/A
 _754_/B
 _754_/Y
 _755_/A
 _755_/B
 _755_/Y
 _756_/A
 _756_/B
 _756_/Y
 _757_/A
 _757_/B
 _757_/Y
 _758_/A
 _758_/B
 _758_/X
 _759_/A
 _759_/B
 _759_/X
 _760_/A
 _760_/B
 _760_/Y
 _761_/A
 _761_/B
 _761_/Y
 _762_/A
 _762_/B
 _762_/X
 _763_/A
 _763_/B
 _763_/Y
 _764_/A
 _764_/B
 _764_/Y
 _765_/A
 _765_/B
 _765_/Y
 _766_/A
 _766_/B
 _766_/Y
 _767_/A
 _767_/B
 _767_/Y
 _768_/A
 _768_/B
 _768_/Y
 _769_/A
 _769_/B
 _769_/X
 _770_/A
 _770_/B
 _770_/Y
 _771_/A
 _771_/B
 _771_/Y
 _772_/A
 _772_/B
 _772_/Y
 _773_/A
 _773_/B
 _773_/Y
 _774_/A
 _774_/B
 _774_/Y
 _775_/A
 _775_/B
 _775_/Y
 _776_/A
 _776_/B
 _776_/X
 _777_/A
 _777_/B
 _777_/Y
 _778_/A
 _778_/B
 _778_/Y
 _779_/A
 _779_/B
 _779_/Y
 _780_/A
 _780_/B
 _780_/Y
 _781_/A
 _781_/B
 _781_/Y
 _782_/A
 _782_/B
 _782_/Y
 _783_/A
 _783_/B
 _783_/X
 _784_/A
 _784_/B
 _784_/Y
 _785_/A
 _785_/B
 _785_/Y
 _786_/A
 _786_/B
 _786_/Y
 _787_/A
 _787_/B
 _787_/X
 _788_/A
 _788_/B
 _788_/Y
 _789_/A
 _789_/B
 _789_/X
 _790_/A
 _790_/B
 _790_/Y
 _791_/A
 _791_/B
 _791_/Y
 _792_/A
 _792_/B
 _792_/Y
 _793_/A
 _793_/B
 _793_/Y
 _794_/A
 _794_/B
 _794_/Y
 _795_/A
 _795_/B
 _795_/Y
 _796_/A
 _796_/B
 _796_/Y
 _797_/A
 _797_/B
 _797_/Y
 _798_/A
 _798_/B
 _798_/Y
 _799_/A
 _799_/B
 _799_/X
 _800_/A
 _800_/B
 _800_/Y
 _801_/A
 _801_/B
 _801_/Y
 _802_/A
 _802_/B
 _802_/Y
 _803_/A
 _803_/B
 _803_/Y
 _804_/A
 _804_/B
 _804_/X
 _805_/A
 _805_/B
 _805_/Y
 _806_/A
 _806_/B
 _806_/Y
 _807_/A
 _807_/B
 _807_/Y
 _808_/A
 _808_/B
 _808_/Y
 _809_/A
 _809_/B
 _809_/Y
 _810_/A
 _810_/B
 _810_/Y
 _811_/A
 _811_/B
 _811_/Y
 _812_/A
 _812_/B
 _812_/Y
 _813_/A
 _813_/B
 _813_/Y
 _814_/A
 _814_/B
 _814_/X
 _815_/A
 _815_/B
 _815_/Y
 _816_/A
 _816_/B
 _816_/Y
 _817_/A
 _817_/B
 _817_/Y
 _818_/A
 _818_/B
 _818_/Y
 _819_/A
 _819_/B
 _819_/Y
 _820_/A
 _820_/B
 _820_/Y
 _821_/A
 _821_/B
 _821_/Y
 _822_/A
 _822_/B
 _822_/Y
 _823_/A
 _823_/B
 _823_/X
 _824_/A
 _824_/B
 _824_/Y
 _825_/A
 _825_/B
 _825_/Y
 _826_/A
 _826_/B
 _826_/Y
 _827_/A
 _827_/B
 _827_/Y
 _828_/A
 _828_/B
 _828_/Y
 _829_/A
 _829_/B
 _829_/Y
 _830_/A
 _830_/B
 _830_/Y
 _831_/A
 _831_/B
 _831_/Y
 _832_/A
 _832_/B
 _832_/X
 _833_/A
 _833_/B
 _833_/C
 _833_/Y
 _834_/A
 _834_/B
 _834_/Y
 _835_/A_N
 _835_/B
 _835_/C
 _835_/Y
 _836_/A
 _836_/B
 _836_/Y
 _837_/A
 _837_/B
 _837_/C
 _837_/Y
 _838_/A
 _838_/B
 _838_/Y
 _839_/A
 _839_/B
 _839_/C
 _839_/Y
 _840_/A
 _840_/B
 _840_/Y
 _841_/A_N
 _841_/B
 _841_/C
 _841_/Y
 _842_/A
 _842_/B
 _842_/Y
 _843_/A
 _843_/B
 _843_/C
 _843_/D
 _843_/Y
 _844_/A
 _844_/B
 _844_/Y
 _845_/A
 _845_/B
 _845_/Y
 _846_/A
 _846_/B
 _846_/Y
 _847_/A
 _847_/B
 _847_/X
 _848_/A
 _848_/B
 _848_/Y
 _849_/A
 _849_/B
 _849_/Y
 _850_/A
 _850_/B
 _850_/Y
 _851_/A
 _851_/B
 _851_/C
 _851_/X
 _852_/A
 _852_/B
 _852_/Y
 _853_/A
 _853_/B
 _853_/Y
 _854_/A
 _854_/B
 _854_/X
 _855_/A
 _855_/B
 _855_/Y
 _856_/A
 _856_/B
 _856_/Y
 _857_/A
 _857_/B
 _857_/Y
 _858_/A
 _858_/B
 _858_/X
 clkbuf_0_clk/A
 clkbuf_0_clk/X
 clkbuf_1_0__f_clk/A
 clkbuf_1_0__f_clk/X
 clkbuf_1_1__f_clk/A
 clkbuf_1_1__f_clk/X
 clkload0/A
 clkload0/Y
 hold774/A
 hold774/X
 hold775/A
 hold775/X
 hold776/A
 hold776/X
 hold777/A
 hold777/X
 hold778/A
 hold778/X
 hold779/A
 hold779/X
 hold780/A
 hold780/X
 hold781/A
 hold781/X
 input17/A
 input17/X
 input18/A
 input18/X
 input19/A
 input19/X
 input20/A
 input20/X
 input21/A
 input21/X
 input22/A
 input22/X
 input23/A
 input23/X
 input24/A
 input24/X
 input25/A
 input25/X
 input26/A
 input26/X
 input27/A
 input27/X
 input28/A
 input28/X
 input29/A
 input29/X
 input30/A
 input30/X
 input31/A
 input31/X
 input32/A
 input32/X
 input33/A
 input33/X
 input34/A
 input34/X
 input35/A
 input35/X
 input36/A
 input36/X
 input37/A
 input37/X
 input38/A
 input38/X
 input39/A
 input39/X
 input40/A
 input40/X
 input41/A
 input41/X
 input42/A
 input42/X
 input43/A
 input43/X
 input44/A
 input44/X
 input45/A
 input45/X
 input46/A
 input46/X
 input47/A
 input47/X
 input48/A
 input48/X
 input49/A
 input49/X
 input50/A
 input50/X
 input51/A
 input51/X
 input52/A
 input52/X
 input53/A
 input53/X
 input54/A
 input54/X
 input55/A
 input55/X
 input56/A
 input56/X
 input57/A
 input57/X
 input58/A
 input58/X
 input59/A
 input59/X
 input60/A
 input60/X
 input61/A
 input61/X
 input62/A
 input62/X
 input63/A
 input63/X
 input64/A
 input64/X
 input65/A
 input65/X
 input66/A
 input66/X
 input67/A
 input67/X
 input68/A
 input68/X
 input69/A
 input69/X
 input70/A
 input70/X
 input71/A
 input71/X
 input72/A
 input72/X
 input73/A
 input73/X
 input74/A
 input74/X
 input75/A
 input75/X
 input76/A
 input76/X
 input77/A
 input77/X
 input78/A
 input78/X
 input79/A
 input79/X
 input80/A
 input80/X
 input81/A
 input81/X
 input82/A
 input82/X
 input83/A
 input83/X
 input84/A
 input84/X
 input85/A
 input85/X
 input86/A
 input86/X
 input87/A
 input87/X
 input88/A
 input88/X
 input89/A
 input89/X
 input90/A
 input90/X
 input91/A
 input91/X
 max_cap168/A
 max_cap168/X
 max_cap169/A
 max_cap169/X
 max_cap170/A
 max_cap170/X
 max_cap171/A
 max_cap171/X
 max_cap172/A
 max_cap172/X
 max_cap173/A
 max_cap173/X
 max_cap174/A
 max_cap174/X
 max_cap175/A
 max_cap175/X
 max_cap176/A
 max_cap176/X
 max_cap177/A
 max_cap177/X
 max_cap178/A
 max_cap178/X
 max_cap179/A
 max_cap179/X
 max_cap180/A
 max_cap180/X
 max_cap181/A
 max_cap181/X
 max_cap182/A
 max_cap182/X
 max_cap183/A
 max_cap183/X
 max_cap184/A
 max_cap184/X
 max_cap185/A
 max_cap185/X
 max_cap186/A
 max_cap186/X
 max_cap187/A
 max_cap187/X
 max_cap188/A
 max_cap188/X
 max_cap189/A
 max_cap189/X
 max_cap190/A
 max_cap190/X
 max_cap191/A
 max_cap191/X
 max_cap192/A
 max_cap192/X
 max_cap193/A
 max_cap193/X
 max_cap194/A
 max_cap194/X
 max_cap195/A
 max_cap195/X
 max_cap196/A
 max_cap196/X
 max_cap197/A
 max_cap197/X
 max_cap198/A
 max_cap198/X
 max_cap199/A
 max_cap199/X
 max_cap200/A
 max_cap200/X
 max_cap201/A
 max_cap201/X
 max_cap202/A
 max_cap202/X
 max_cap203/A
 max_cap203/X
 max_cap204/A
 max_cap204/X
 max_cap205/A
 max_cap205/X
 max_cap206/A
 max_cap206/X
 max_cap207/A
 max_cap207/X
 max_cap208/A
 max_cap208/X
 max_cap209/A
 max_cap209/X
 max_cap210/A
 max_cap210/X
 max_cap211/A
 max_cap211/X
 max_cap212/A
 max_cap212/X
 max_cap213/A
 max_cap213/X
 max_cap214/A
 max_cap214/X
 max_cap215/A
 max_cap215/X
 max_cap216/A
 max_cap216/X
 max_cap217/A
 max_cap217/X
 max_cap218/A
 max_cap218/X
 max_cap219/A
 max_cap219/X
 max_cap220/A
 max_cap220/X
 max_cap221/A
 max_cap221/X
 max_cap222/A
 max_cap222/X
 max_cap223/A
 max_cap223/X
 max_cap224/A
 max_cap224/X
 max_cap225/A
 max_cap225/X
 max_cap226/A
 max_cap226/X
 max_cap227/A
 max_cap227/X
 max_cap228/A
 max_cap228/X
 max_cap229/A
 max_cap229/X
 max_cap230/A
 max_cap230/X
 max_cap231/A
 max_cap231/X
 max_cap232/A
 max_cap232/X
 max_cap233/A
 max_cap233/X
 max_cap234/A
 max_cap234/X
 max_cap235/A
 max_cap235/X
 max_cap236/A
 max_cap236/X
 max_cap237/A
 max_cap237/X
 max_cap238/A
 max_cap238/X
 max_cap239/A
 max_cap239/X
 max_cap240/A
 max_cap240/X
 max_cap241/A
 max_cap241/X
 max_cap242/A
 max_cap242/X
 max_cap243/A
 max_cap243/X
 max_cap244/A
 max_cap244/X
 max_cap245/A
 max_cap245/X
 max_cap246/A
 max_cap246/X
 max_cap247/A
 max_cap247/X
 max_cap248/A
 max_cap248/X
 max_cap249/A
 max_cap249/X
 max_cap250/A
 max_cap250/X
 max_cap251/A
 max_cap251/X
 max_cap252/A
 max_cap252/X
 max_cap253/A
 max_cap253/X
 max_cap254/A
 max_cap254/X
 max_cap255/A
 max_cap255/X
 max_cap256/A
 max_cap256/X
 max_cap257/A
 max_cap257/X
 max_cap258/A
 max_cap258/X
 max_cap259/A
 max_cap259/X
 max_cap260/A
 max_cap260/X
 max_cap261/A
 max_cap261/X
 max_cap262/A
 max_cap262/X
 max_cap263/A
 max_cap263/X
 max_cap264/A
 max_cap264/X
 max_cap265/A
 max_cap265/X
 max_cap266/A
 max_cap266/X
 max_cap267/A
 max_cap267/X
 max_cap268/A
 max_cap268/X
 max_cap269/A
 max_cap269/X
 max_cap270/A
 max_cap270/X
 max_cap271/A
 max_cap271/X
 max_cap272/A
 max_cap272/X
 max_cap273/A
 max_cap273/X
 max_cap274/A
 max_cap274/X
 max_cap275/A
 max_cap275/X
 max_cap276/A
 max_cap276/X
 max_cap277/A
 max_cap277/X
 max_cap278/A
 max_cap278/X
 max_cap279/A
 max_cap279/X
 max_cap280/A
 max_cap280/X
 max_cap281/A
 max_cap281/X
 max_cap282/A
 max_cap282/X
 max_cap283/A
 max_cap283/X
 max_cap284/A
 max_cap284/X
 max_cap285/A
 max_cap285/X
 max_cap559/A
 max_cap559/X
 max_cap560/A
 max_cap560/X
 max_cap561/A
 max_cap561/X
 max_cap562/A
 max_cap562/X
 max_cap563/A
 max_cap563/X
 max_cap564/A
 max_cap564/X
 max_cap565/A
 max_cap565/X
 max_cap566/A
 max_cap566/X
 max_cap567/A
 max_cap567/X
 max_cap568/A
 max_cap568/X
 max_cap569/A
 max_cap569/X
 max_cap570/A
 max_cap570/X
 max_cap571/A
 max_cap571/X
 max_cap572/A
 max_cap572/X
 max_cap573/A
 max_cap573/X
 max_cap574/A
 max_cap574/X
 max_cap575/A
 max_cap575/X
 max_cap576/A
 max_cap576/X
 max_cap577/A
 max_cap577/X
 max_cap578/A
 max_cap578/X
 max_cap579/A
 max_cap579/X
 max_cap580/A
 max_cap580/X
 max_cap581/A
 max_cap581/X
 max_cap582/A
 max_cap582/X
 max_cap583/A
 max_cap583/X
 max_cap584/A
 max_cap584/X
 max_cap585/A
 max_cap585/X
 max_cap586/A
 max_cap586/X
 max_cap587/A
 max_cap587/X
 max_cap588/A
 max_cap588/X
 max_cap589/A
 max_cap589/X
 max_cap590/A
 max_cap590/X
 max_cap591/A
 max_cap591/X
 max_cap592/A
 max_cap592/X
 max_cap593/A
 max_cap593/X
 max_cap594/A
 max_cap594/X
 max_cap595/A
 max_cap595/X
 max_cap596/A
 max_cap596/X
 max_cap597/A
 max_cap597/X
 max_cap598/A
 max_cap598/X
 max_cap599/A
 max_cap599/X
 max_cap600/A
 max_cap600/X
 max_cap601/A
 max_cap601/X
 max_cap602/A
 max_cap602/X
 max_cap603/A
 max_cap603/X
 max_cap604/A
 max_cap604/X
 max_cap605/A
 max_cap605/X
 max_cap606/A
 max_cap606/X
 max_cap607/A
 max_cap607/X
 max_cap608/A
 max_cap608/X
 max_cap609/A
 max_cap609/X
 max_cap610/A
 max_cap610/X
 max_cap611/A
 max_cap611/X
 max_cap612/A
 max_cap612/X
 max_cap613/A
 max_cap613/X
 max_cap614/A
 max_cap614/X
 max_cap615/A
 max_cap615/X
 max_cap616/A
 max_cap616/X
 max_cap617/A
 max_cap617/X
 max_cap618/A
 max_cap618/X
 max_cap619/A
 max_cap619/X
 max_cap620/A
 max_cap620/X
 max_cap621/A
 max_cap621/X
 max_cap622/A
 max_cap622/X
 max_cap623/A
 max_cap623/X
 max_cap624/A
 max_cap624/X
 max_cap625/A
 max_cap625/X
 max_cap626/A
 max_cap626/X
 max_cap627/A
 max_cap627/X
 max_cap628/A
 max_cap628/X
 max_cap629/A
 max_cap629/X
 max_cap630/A
 max_cap630/X
 max_cap631/A
 max_cap631/X
 max_cap632/A
 max_cap632/X
 max_cap633/A
 max_cap633/X
 output117/A
 output117/X
 output136/A
 output136/X
 place375/A
 place375/X
 place376/A
 place376/X
 place377/A
 place377/X
 place378/A
 place378/X
 place379/A
 place379/X
 place380/A
 place380/X
 place381/A
 place381/X
 place382/A
 place382/X
 place383/A
 place383/X
 place384/A
 place384/X
 place385/A
 place385/X
 place386/A
 place386/X
 place387/A
 place387/X
 place388/A
 place388/X
 place389/A
 place389/X
 place390/A
 place390/X
 place391/A
 place391/X
 place392/A
 place392/X
 place393/A
 place393/X
 place394/A
 place394/X
 place395/A
 place395/X
 place396/A
 place396/X
 place397/A
 place397/X
 place398/A
 place398/X
 place399/A
 place399/X
 place400/A
 place400/X
 place401/A
 place401/X
 place402/A
 place402/X
 place403/A
 place403/X
 place404/A
 place404/X
 place405/A
 place405/X
 place406/A
 place406/X
 place407/A
 place407/X
 place408/A
 place408/X
 place409/A
 place409/X
 place410/A
 place410/X
 place411/A
 place411/X
 place412/A
 place412/X
 place413/A
 place413/X
 place414/A
 place414/X
 place415/A
 place415/X
 place416/A
 place416/X
 place459/A
 place459/X
 place460/A
 place460/X
 place461/A
 place461/X
 place636/A
 place636/X
 place637/A
 place637/X
 place638/A
 place638/X
 place639/A
 place639/X
 place640/A
 place640/X
 place641/A
 place641/X
 place642/A
 place642/X
 place643/A
 place643/X
 place644/A
 place644/X
 place645/A
 place645/X
 place646/A
 place646/X
 place647/A
 place647/X
 place648/A
 place648/X
 place649/A
 place649/X
 place650/A
 place650/X
 place651/A
 place651/X
 place652/A
 place652/X
 place653/A
 place653/X
 place654/A
 place654/X
 place655/A
 place655/X
 place656/A
 place656/X
 place657/A
 place657/X
 place658/A
 place658/X
 place659/A
 place659/X
 place660/A
 place660/X
 place661/A
 place661/X
 place662/A
 place662/X
 place663/A
 place663/X
 place664/A
 place664/X
 place665/A
 place665/X
 place666/A
 place666/X
 place667/A
 place667/X
 place668/A
 place668/X
 place669/A
 place669/X
 place670/A
 place670/X
 place671/A
 place671/X
 place672/A
 place672/X
 place673/A
 place673/X
 place674/A
 place674/X
 place675/A
 place675/X
 place676/A
 place676/X
 place677/A
 place677/X
 place678/A
 place678/X
 place679/A
 place679/X
 place680/A
 place680/X
 place681/A
 place681/X
 place682/A
 place682/X
 place683/A
 place683/X
 place684/A
 place684/X
 place685/A
 place685/X
 place686/A
 place686/X
 place687/A
 place687/X
 place688/A
 place688/X
 place689/A
 place689/X
 place690/A
 place690/X
 place691/A
 place691/X
 place692/A
 place692/X
 place693/A
 place693/X
 place694/A
 place694/X
 place695/A
 place695/X
 place696/A
 place696/X
 place697/A
 place697/X
 place698/A
 place698/X
 place699/A
 place699/X
 place700/A
 place700/X
 place701/A
 place701/X
 place702/A
 place702/X
 place703/A
 place703/X
 place704/A
 place704/X
 place705/A
 place705/X
 place706/A
 place706/X
 place707/A
 place707/X
 place708/A
 place708/X
 place709/A
 place709/X
 place710/A
 place710/X
 place711/A
 place711/X
 place712/A
 place712/X
 place713/A
 place713/X
 place714/A
 place714/X
 place715/A
 place715/X
 place716/A
 place716/X
 place717/A
 place717/X
 place718/A
 place718/X
 place719/A
 place719/X
 place720/A
 place720/X
 place721/A
 place721/X
 place722/A
 place722/X
 place723/A
 place723/X
 place724/A
 place724/X
 place725/A
 place725/X
 place726/A
 place726/X
 place727/A
 place727/X
 place728/A
 place728/X
 place729/A
 place729/X
 place730/A
 place730/X
 place731/A
 place731/X
 place732/A
 place732/X
 place733/A
 place733/X
 place734/A
 place734/X
 place735/A
 place735/X
 place736/A
 place736/X
 place737/A
 place737/X
 place738/A
 place738/X
 place739/A
 place739/X
 place740/A
 place740/X
 place741/A
 place741/X
 place742/A
 place742/X
 place743/A
 place743/X
 place744/A
 place744/X
 place745/A
 place745/X
 place746/A
 place746/X
 place747/A
 place747/X
 place748/A
 place748/X
 place749/A
 place749/X
 place750/A
 place750/X
 place751/A
 place751/X
 place752/A
 place752/X
 place753/A
 place753/X
 place754/A
 place754/X
 place755/A
 place755/X
 place756/A
 place756/X
 place757/A
 place757/X
 place758/A
 place758/X
 place759/A
 place759/X
 place760/A
 place760/X
 place761/A
 place761/X
 place762/A
 place762/X
 place763/A
 place763/X
 place764/A
 place764/X
 place765/A
 place765/X
 place766/A
 place766/X
 place767/A
 place767/X
 place768/A
 place768/X
 place769/A
 place769/X
 place770/A
 place770/X
 place771/A
 place771/X
 place772/A
 place772/X
 place773/A
 place773/X
 u_data/addr[0]
 u_data/addr[1]
 u_data/addr[2]
 u_data/addr[3]
 u_data/addr[4]
 u_data/addr[5]
 u_data/addr[6]
 u_data/addr[7]
 u_data/ce
 u_data/clk
 u_data/din[0]
 u_data/din[10]
 u_data/din[11]
 u_data/din[12]
 u_data/din[13]
 u_data/din[14]
 u_data/din[15]
 u_data/din[16]
 u_data/din[17]
 u_data/din[18]
 u_data/din[19]
 u_data/din[1]
 u_data/din[20]
 u_data/din[21]
 u_data/din[22]
 u_data/din[23]
 u_data/din[24]
 u_data/din[25]
 u_data/din[26]
 u_data/din[27]
 u_data/din[28]
 u_data/din[29]
 u_data/din[2]
 u_data/din[30]
 u_data/din[31]
 u_data/din[32]
 u_data/din[33]
 u_data/din[34]
 u_data/din[35]
 u_data/din[36]
 u_data/din[37]
 u_data/din[38]
 u_data/din[39]
 u_data/din[3]
 u_data/din[40]
 u_data/din[41]
 u_data/din[42]
 u_data/din[43]
 u_data/din[44]
 u_data/din[45]
 u_data/din[46]
 u_data/din[47]
 u_data/din[48]
 u_data/din[49]
 u_data/din[4]
 u_data/din[50]
 u_data/din[51]
 u_data/din[52]
 u_data/din[53]
 u_data/din[54]
 u_data/din[55]
 u_data/din[56]
 u_data/din[57]
 u_data/din[58]
 u_data/din[59]
 u_data/din[5]
 u_data/din[60]
 u_data/din[61]
 u_data/din[62]
 u_data/din[63]
 u_data/din[6]
 u_data/din[7]
 u_data/din[8]
 u_data/din[9]
 u_data/dout[0]
 u_data/dout[10]
 u_data/dout[11]
 u_data/dout[12]
 u_data/dout[13]
 u_data/dout[14]
 u_data/dout[15]
 u_data/dout[16]
 u_data/dout[17]
 u_data/dout[18]
 u_data/dout[19]
 u_data/dout[1]
 u_data/dout[20]
 u_data/dout[21]
 u_data/dout[22]
 u_data/dout[23]
 u_data/dout[24]
 u_data/dout[25]
 u_data/dout[26]
 u_data/dout[27]
 u_data/dout[28]
 u_data/dout[29]
 u_data/dout[2]
 u_data/dout[30]
 u_data/dout[31]
 u_data/dout[32]
 u_data/dout[33]
 u_data/dout[34]
 u_data/dout[35]
 u_data/dout[36]
 u_data/dout[37]
 u_data/dout[38]
 u_data/dout[39]
 u_data/dout[3]
 u_data/dout[40]
 u_data/dout[41]
 u_data/dout[42]
 u_data/dout[43]
 u_data/dout[44]
 u_data/dout[45]
 u_data/dout[46]
 u_data/dout[47]
 u_data/dout[48]
 u_data/dout[49]
 u_data/dout[4]
 u_data/dout[50]
 u_data/dout[51]
 u_data/dout[52]
 u_data/dout[53]
 u_data/dout[54]
 u_data/dout[55]
 u_data/dout[56]
 u_data/dout[57]
 u_data/dout[58]
 u_data/dout[59]
 u_data/dout[5]
 u_data/dout[60]
 u_data/dout[61]
 u_data/dout[62]
 u_data/dout[63]
 u_data/dout[6]
 u_data/dout[7]
 u_data/dout[8]
 u_data/dout[9]
 u_data/rstb
 u_data/we
 u_data/wmask[0]
 u_data/wmask[1]
 u_data/wmask[2]
 u_data/wmask[3]
 u_data/wmask[4]
 u_data/wmask[5]
 u_data/wmask[6]
 u_data/wmask[7]
 u_data_1/HI
 u_data_1/LO
 u_data_2/HI
 u_data_2/LO
 u_data_3/HI
 u_data_3/LO
 u_data_4/HI
 u_data_4/LO
 u_data_5/HI
 u_data_5/LO
 u_data_6/HI
 u_data_6/LO
 u_data_7/HI
 u_data_7/LO
 u_data_8/HI
 u_data_8/LO
 u_ecc0/addr[0]
 u_ecc0/addr[1]
 u_ecc0/addr[2]
 u_ecc0/addr[3]
 u_ecc0/addr[4]
 u_ecc0/addr[5]
 u_ecc0/addr[6]
 u_ecc0/addr[7]
 u_ecc0/ce
 u_ecc0/clk
 u_ecc0/din[0]
 u_ecc0/din[1]
 u_ecc0/din[2]
 u_ecc0/din[3]
 u_ecc0/din[4]
 u_ecc0/din[5]
 u_ecc0/din[6]
 u_ecc0/din[7]
 u_ecc0/dout[0]
 u_ecc0/dout[1]
 u_ecc0/dout[2]
 u_ecc0/dout[3]
 u_ecc0/dout[4]
 u_ecc0/dout[5]
 u_ecc0/dout[6]
 u_ecc0/dout[7]
 u_ecc0/rstb
 u_ecc0/we
 u_ecc0/wmask[0]
 u_ecc0/wmask[1]
 u_ecc0/wmask[2]
 u_ecc0/wmask[3]
 u_ecc0/wmask[4]
 u_ecc0/wmask[5]
 u_ecc0/wmask[6]
 u_ecc0/wmask[7]
 u_ecc0_10/HI
 u_ecc0_10/LO
 u_ecc0_11/HI
 u_ecc0_11/LO
 u_ecc0_12/HI
 u_ecc0_12/LO
 u_ecc0_13/HI
 u_ecc0_13/LO
 u_ecc0_14/HI
 u_ecc0_14/LO
 u_ecc0_15/HI
 u_ecc0_15/LO
 u_ecc0_16/HI
 u_ecc0_16/LO
 u_ecc0_9/HI
 u_ecc0_9/LO
 wire289/A
 wire289/X
 wire290/A
 wire290/X
 wire634/A
 wire634/X
 wire635/A
 wire635/X
