
==========================================================================
global place report_tns
--------------------------------------------------------------------------
tns max 0.00

==========================================================================
global place report_wns
--------------------------------------------------------------------------
wns max 0.00

==========================================================================
global place report_worst_slack
--------------------------------------------------------------------------
worst slack max 0.53

==========================================================================
global place report_clock_min_period
--------------------------------------------------------------------------
core_clk period_min = 9.47 fmax = 105.55

==========================================================================
global place report_checks -path_delay min
--------------------------------------------------------------------------
Startpoint: rstb (input port clocked by core_clk)
Endpoint: u_protected_memory.u_data
          (rising edge-triggered flip-flop clocked by core_clk)
Path Group: core_clk
Path Type: min

Fanout     Cap    Slew   Delay    Time   Description
-----------------------------------------------------------------------------
                  0.00    0.00    0.00   clock core_clk (rise edge)
                          0.00    0.00   clock network delay (ideal)
                          0.50    0.50 v input external delay
     1    0.05    0.00    0.00    0.50 v rstb (in)
                                         rstb (net)
                  0.01    0.01    0.51 v input90/A (sky130_fd_sc_hd__clkbuf_16)
     2    0.04    0.05    0.15    0.66 v input90/X (sky130_fd_sc_hd__clkbuf_16)
                                         net89 (net)
                  0.05    0.00    0.66 v wire304/A (sky130_fd_sc_hd__buf_16)
     1    0.02    0.03    0.13    0.79 v wire304/X (sky130_fd_sc_hd__buf_16)
                                         net303 (net)
                  0.03    0.00    0.79 v wire630/A (sky130_fd_sc_hd__buf_16)
     1    0.08    0.06    0.15    0.94 v wire630/X (sky130_fd_sc_hd__buf_16)
                                         net629 (net)
                  0.08    0.00    0.94 v u_protected_memory.u_data/rstb (sram22_256x64m4w8)
                                  0.94   data arrival time

                  0.00    0.00    0.00   clock core_clk (rise edge)
                          0.00    0.00   clock network delay (ideal)
                          0.10    0.10   clock uncertainty
                          0.00    0.10   clock reconvergence pessimism
                                  0.10 ^ u_protected_memory.u_data/clk (sram22_256x64m4w8)
                          4.87    4.97   library hold time
                                  4.97   data required time
-----------------------------------------------------------------------------
                                  4.97   data required time
                                 -0.94   data arrival time
-----------------------------------------------------------------------------
                                 -4.03   slack (VIOLATED)



==========================================================================
global place report_checks -path_delay max
--------------------------------------------------------------------------
Startpoint: u_protected_memory.u_data
            (rising edge-triggered flip-flop clocked by core_clk)
Endpoint: detected_uncorrectable (output port clocked by core_clk)
Path Group: core_clk
Path Type: max

Fanout     Cap    Slew   Delay    Time   Description
-----------------------------------------------------------------------------
                  0.00    0.00    0.00   clock core_clk (rise edge)
                          0.00    0.00   clock network delay (ideal)
                  0.00    0.00    0.00 ^ u_protected_memory.u_data/clk (sram22_256x64m4w8)
     2    0.03    0.28    3.46    3.46 ^ u_protected_memory.u_data/dout[56] (sram22_256x64m4w8)
                                         u_protected_memory.data_dout[56] (net)
                  0.21    0.00    3.46 ^ max_cap560/A (sky130_fd_sc_hd__clkdlybuf4s50_1)
     2    0.01    0.11    0.57    4.03 ^ max_cap560/X (sky130_fd_sc_hd__clkdlybuf4s50_1)
                                         net559 (net)
                  0.11    0.00    4.03 ^ max_cap559/A (sky130_fd_sc_hd__clkdlybuf4s50_1)
     1    0.00    0.05    0.50    4.53 ^ max_cap559/X (sky130_fd_sc_hd__clkdlybuf4s50_1)
                                         net558 (net)
                  0.05    0.00    4.53 ^ max_cap202/A (sky130_fd_sc_hd__clkdlybuf4s50_1)
     1    0.01    0.08    0.50    5.03 ^ max_cap202/X (sky130_fd_sc_hd__clkdlybuf4s50_1)
                                         net201 (net)
                  0.08    0.00    5.03 ^ _496_/C (sky130_fd_sc_hd__xnor3_1)
     3    0.02    0.13    0.29    5.32 v _496_/X (sky130_fd_sc_hd__xnor3_1)
                                         _038_ (net)
                  0.13    0.00    5.32 v _567_/A (sky130_fd_sc_hd__xnor2_1)
     1    0.01    0.19    0.24    5.55 ^ _567_/Y (sky130_fd_sc_hd__xnor2_1)
                                         _109_ (net)
                  0.19    0.00    5.55 ^ _570_/B (sky130_fd_sc_hd__xnor3_1)
     2    0.04    0.21    0.50    6.06 v _570_/X (sky130_fd_sc_hd__xnor3_1)
                                         _112_ (net)
                  0.21    0.00    6.06 v _575_/A (sky130_fd_sc_hd__xnor2_4)
     7    0.04    0.34    0.39    6.45 ^ _575_/Y (sky130_fd_sc_hd__xnor2_4)
                                         _117_ (net)
                  0.34    0.00    6.45 ^ place719/A (sky130_fd_sc_hd__buf_4)
     6    0.04    0.12    0.25    6.70 ^ place719/X (sky130_fd_sc_hd__buf_4)
                                         net718 (net)
                  0.12    0.00    6.70 ^ _835_/B (sky130_fd_sc_hd__xnor2_1)
     1    0.00    0.08    0.08    6.78 v _835_/Y (sky130_fd_sc_hd__xnor2_1)
                                         _314_ (net)
                  0.08    0.00    6.78 v _836_/A3 (sky130_fd_sc_hd__a32oi_1)
     1    0.00    0.18    0.22    7.00 ^ _836_/Y (sky130_fd_sc_hd__a32oi_1)
                                         _315_ (net)
                  0.18    0.00    7.00 ^ _839_/A2 (sky130_fd_sc_hd__o32ai_1)
     1    0.01    0.08    0.13    7.13 v _839_/Y (sky130_fd_sc_hd__o32ai_1)
                                         _318_ (net)
                  0.08    0.00    7.13 v place669/A (sky130_fd_sc_hd__buf_4)
     1    0.01    0.04    0.16    7.29 v place669/X (sky130_fd_sc_hd__buf_4)
                                         net668 (net)
                  0.04    0.00    7.29 v _848_/B (sky130_fd_sc_hd__nor4_1)
     1    0.01    0.45    0.43    7.72 ^ _848_/Y (sky130_fd_sc_hd__nor4_1)
                                         _327_ (net)
                  0.45    0.00    7.72 ^ _849_/B1 (sky130_fd_sc_hd__o21ai_2)
     2    0.01    0.12    0.15    7.87 v _849_/Y (sky130_fd_sc_hd__o21ai_2)
                                         _328_ (net)
                  0.12    0.00    7.87 v _851_/C1 (sky130_fd_sc_hd__a211oi_4)
     1    0.01    0.23    0.23    8.10 ^ _851_/Y (sky130_fd_sc_hd__a211oi_4)
                                         net92 (net)
                  0.23    0.00    8.10 ^ place632/A (sky130_fd_sc_hd__buf_12)
     1    0.03    0.05    0.16    8.26 ^ place632/X (sky130_fd_sc_hd__buf_12)
                                         net631 (net)
                  0.05    0.00    8.26 ^ output93/A (sky130_fd_sc_hd__clkdlybuf4s50_1)
     1    0.02    0.24    0.61    8.87 ^ output93/X (sky130_fd_sc_hd__clkdlybuf4s50_1)
                                         detected_uncorrectable (net)
                  0.24    0.00    8.87 ^ detected_uncorrectable (out)
                                  8.87   data arrival time

                  0.00   10.00   10.00   clock core_clk (rise edge)
                          0.00   10.00   clock network delay (ideal)
                         -0.10    9.90   clock uncertainty
                          0.00    9.90   clock reconvergence pessimism
                         -0.50    9.40   output external delay
                                  9.40   data required time
-----------------------------------------------------------------------------
                                  9.40   data required time
                                 -8.87   data arrival time
-----------------------------------------------------------------------------
                                  0.53   slack (MET)



==========================================================================
global place report_checks -unconstrained
--------------------------------------------------------------------------
Startpoint: u_protected_memory.u_data
            (rising edge-triggered flip-flop clocked by core_clk)
Endpoint: detected_uncorrectable (output port clocked by core_clk)
Path Group: core_clk
Path Type: max

Fanout     Cap    Slew   Delay    Time   Description
-----------------------------------------------------------------------------
                  0.00    0.00    0.00   clock core_clk (rise edge)
                          0.00    0.00   clock network delay (ideal)
                  0.00    0.00    0.00 ^ u_protected_memory.u_data/clk (sram22_256x64m4w8)
     2    0.03    0.28    3.46    3.46 ^ u_protected_memory.u_data/dout[56] (sram22_256x64m4w8)
                                         u_protected_memory.data_dout[56] (net)
                  0.21    0.00    3.46 ^ max_cap560/A (sky130_fd_sc_hd__clkdlybuf4s50_1)
     2    0.01    0.11    0.57    4.03 ^ max_cap560/X (sky130_fd_sc_hd__clkdlybuf4s50_1)
                                         net559 (net)
                  0.11    0.00    4.03 ^ max_cap559/A (sky130_fd_sc_hd__clkdlybuf4s50_1)
     1    0.00    0.05    0.50    4.53 ^ max_cap559/X (sky130_fd_sc_hd__clkdlybuf4s50_1)
                                         net558 (net)
                  0.05    0.00    4.53 ^ max_cap202/A (sky130_fd_sc_hd__clkdlybuf4s50_1)
     1    0.01    0.08    0.50    5.03 ^ max_cap202/X (sky130_fd_sc_hd__clkdlybuf4s50_1)
                                         net201 (net)
                  0.08    0.00    5.03 ^ _496_/C (sky130_fd_sc_hd__xnor3_1)
     3    0.02    0.13    0.29    5.32 v _496_/X (sky130_fd_sc_hd__xnor3_1)
                                         _038_ (net)
                  0.13    0.00    5.32 v _567_/A (sky130_fd_sc_hd__xnor2_1)
     1    0.01    0.19    0.24    5.55 ^ _567_/Y (sky130_fd_sc_hd__xnor2_1)
                                         _109_ (net)
                  0.19    0.00    5.55 ^ _570_/B (sky130_fd_sc_hd__xnor3_1)
     2    0.04    0.21    0.50    6.06 v _570_/X (sky130_fd_sc_hd__xnor3_1)
                                         _112_ (net)
                  0.21    0.00    6.06 v _575_/A (sky130_fd_sc_hd__xnor2_4)
     7    0.04    0.34    0.39    6.45 ^ _575_/Y (sky130_fd_sc_hd__xnor2_4)
                                         _117_ (net)
                  0.34    0.00    6.45 ^ place719/A (sky130_fd_sc_hd__buf_4)
     6    0.04    0.12    0.25    6.70 ^ place719/X (sky130_fd_sc_hd__buf_4)
                                         net718 (net)
                  0.12    0.00    6.70 ^ _835_/B (sky130_fd_sc_hd__xnor2_1)
     1    0.00    0.08    0.08    6.78 v _835_/Y (sky130_fd_sc_hd__xnor2_1)
                                         _314_ (net)
                  0.08    0.00    6.78 v _836_/A3 (sky130_fd_sc_hd__a32oi_1)
     1    0.00    0.18    0.22    7.00 ^ _836_/Y (sky130_fd_sc_hd__a32oi_1)
                                         _315_ (net)
                  0.18    0.00    7.00 ^ _839_/A2 (sky130_fd_sc_hd__o32ai_1)
     1    0.01    0.08    0.13    7.13 v _839_/Y (sky130_fd_sc_hd__o32ai_1)
                                         _318_ (net)
                  0.08    0.00    7.13 v place669/A (sky130_fd_sc_hd__buf_4)
     1    0.01    0.04    0.16    7.29 v place669/X (sky130_fd_sc_hd__buf_4)
                                         net668 (net)
                  0.04    0.00    7.29 v _848_/B (sky130_fd_sc_hd__nor4_1)
     1    0.01    0.45    0.43    7.72 ^ _848_/Y (sky130_fd_sc_hd__nor4_1)
                                         _327_ (net)
                  0.45    0.00    7.72 ^ _849_/B1 (sky130_fd_sc_hd__o21ai_2)
     2    0.01    0.12    0.15    7.87 v _849_/Y (sky130_fd_sc_hd__o21ai_2)
                                         _328_ (net)
                  0.12    0.00    7.87 v _851_/C1 (sky130_fd_sc_hd__a211oi_4)
     1    0.01    0.23    0.23    8.10 ^ _851_/Y (sky130_fd_sc_hd__a211oi_4)
                                         net92 (net)
                  0.23    0.00    8.10 ^ place632/A (sky130_fd_sc_hd__buf_12)
     1    0.03    0.05    0.16    8.26 ^ place632/X (sky130_fd_sc_hd__buf_12)
                                         net631 (net)
                  0.05    0.00    8.26 ^ output93/A (sky130_fd_sc_hd__clkdlybuf4s50_1)
     1    0.02    0.24    0.61    8.87 ^ output93/X (sky130_fd_sc_hd__clkdlybuf4s50_1)
                                         detected_uncorrectable (net)
                  0.24    0.00    8.87 ^ detected_uncorrectable (out)
                                  8.87   data arrival time

                  0.00   10.00   10.00   clock core_clk (rise edge)
                          0.00   10.00   clock network delay (ideal)
                         -0.10    9.90   clock uncertainty
                          0.00    9.90   clock reconvergence pessimism
                         -0.50    9.40   output external delay
                                  9.40   data required time
-----------------------------------------------------------------------------
                                  9.40   data required time
                                 -8.87   data arrival time
-----------------------------------------------------------------------------
                                  0.53   slack (MET)



==========================================================================
global place report_power
--------------------------------------------------------------------------
Group                  Internal  Switching    Leakage      Total
                          Power      Power      Power      Power (Watts)
----------------------------------------------------------------
Sequential             0.00e+00   0.00e+00   0.00e+00   0.00e+00   0.0%
Combinational          2.41e-04   4.19e-04   3.63e-09   6.60e-04  37.7%
Clock                  0.00e+00   0.00e+00   0.00e+00   0.00e+00   0.0%
Macro                  1.09e-03   0.00e+00   7.31e-07   1.09e-03  62.3%
Pad                    0.00e+00   0.00e+00   0.00e+00   0.00e+00   0.0%
----------------------------------------------------------------
Total                  1.33e-03   4.19e-04   7.34e-07   1.75e-03 100.0%
                          76.0%      24.0%       0.0%
