Yosys 0.68+post (git sha1 UNKNOWN, Release, GNU /usr/local/bin/wrapped-cc/g++ 11.4.0)
Using ABC speed script.
Extracting clock period from SDC file: /mapping-work/results/sky130hd/bch_78_64_t2_v1_decoder/base/clock_period.txt
Setting clock period to 10.0
1. Executing Liberty frontend: /OpenROAD-flow-scripts/flow/platforms/sky130hd/lib/sky130_fd_sc_hd__tt_025C_1v80.lib
2. Executing Liberty frontend: /OpenROAD-flow-scripts/flow/platforms/sky130hd/lib/sky130_fd_sc_hd__tt_025C_1v80.lib
3. Executing Verilog-2005 frontend: /gate03e-repo/asic/rtl/bch/bch_78_64_t2_v1.sv
4. Executing Verilog-2005 frontend: /OpenROAD-flow-scripts/flow/platforms/sky130hd/cells_clkgate_hd.v
5. Executing HIERARCHY pass (managing design hierarchy).
6. Executing AST frontend in derive mode using pre-parsed AST for module `\bch_78_64_t2_v1_decoder'.
6.1. Analyzing design hierarchy..
6.2. Analyzing design hierarchy..
7. Executing OPT_CLEAN pass (remove unused cells and wires).
Warning: Ignoring module bch_78_64_t2_v1_decoder because it contains processes (run 'proc' command first).
8. Executing RTLIL backend.
Warnings: 1 unique messages, 1 total
End of script. Logfile hash: 4889442cb0, time: 7.05s, user: 6.91s, system: 0.16s, MEM: 101.18 MB peak
Yosys 0.68+post (git sha1 UNKNOWN, Release, GNU /usr/local/bin/wrapped-cc/g++ 11.4.0)
Time spent: 95% 1x hierarchy (6 sec), 2% 4x read_liberty (0 sec), ...
Elapsed time: 0:07.11[h:]min:sec. CPU time: user 6.97 sys 0.18 (100%). Peak memory: 106296KB.
Log                       Ext     Elapsed/s Peak Memory/MB sha1sum result [0:20)
1_1_yosys_canonicalize    .rtlil          7            103 ae211f36ae97e8e40238
