OpenROAD 26Q3-1080-gab6fd26351 
Features included (+) or not (-): +GPU +GUI +Python
This program is licensed under the BSD-3 license. See the LICENSE file for details.
Components of this program may be licensed under more restrictive licenses which must be honored.
ATTEMPT09_FINAL_SLEW_DETAIL_BEGIN design=u0 seed=11
ATTEMPT09_PATTERN u_data/dout[*]
u_data/dout[63] ^ 0.149212271:0.149204835 v 0.088673286:0.088683687
u_data/dout[62] ^ 0.151214659:0.151207387 v 0.089746445:0.089753293
u_data/dout[61] ^ 0.153065279:0.153057531 v 0.090736426:0.090739958
u_data/dout[60] ^ 0.146129280:0.146121666 v 0.087029152:0.087045580
u_data/dout[59] ^ 0.144530848:0.144523099 v 0.086172171:0.086191386
u_data/dout[58] ^ 0.145191044:0.145183355 v 0.086525768:0.086544320
u_data/dout[57] ^ 0.155050665:0.155043066 v 0.091799639:0.091800876
u_data/dout[56] ^ 0.156522542:0.156515688 v 0.092593439:0.092592143
u_data/dout[55] ^ 0.149120614:0.149113178 v 0.088627279:0.088637874
u_data/dout[54] ^ 0.150692835:0.150684953 v 0.089467384:0.089475155
u_data/dout[53] ^ 0.146690831:0.146683246 v 0.087323576:0.087338962
u_data/dout[52] ^ 0.156710237:0.156703398 v 0.092692263:0.092689976
u_data/dout[51] ^ 0.150538579:0.150531292 v 0.089395694:0.089404449
u_data/dout[50] ^ 0.144120470:0.144112691 v 0.085952215:0.085971668
u_data/dout[49] ^ 0.146472067:0.146464452 v 0.087207422:0.087222695
u_data/dout[48] ^ 0.155163512:0.155155927 v 0.091866635:0.091867141
u_data/dout[47] ^ 0.144667834:0.144659594 v 0.086239636:0.086258568
u_data/dout[46] ^ 0.147571161:0.147563636 v 0.087796152:0.087809995
u_data/dout[45] ^ 0.149351269:0.149343878 v 0.088749237:0.088759407
u_data/dout[44] ^ 0.146565124:0.146557495 v 0.087256193:0.087271273
u_data/dout[43] ^ 0.152492732:0.152485549 v 0.090431541:0.090436116
u_data/dout[42] ^ 0.142093554:0.142085627 v 0.084865183:0.084888637
u_data/dout[41] ^ 0.144694015:0.144686297 v 0.086259402:0.086278334
u_data/dout[40] ^ 0.155325159:0.155318201 v 0.091953166:0.091953367
u_data/dout[39] ^ 0.158518627:0.158511922 v 0.093658030:0.093653135
u_data/dout[38] ^ 0.149529204:0.149521247 v 0.088842116:0.088852488
u_data/dout[37] ^ 0.146428719:0.146421090 v 0.087183438:0.087199286
u_data/dout[36] ^ 0.152570412:0.152563259 v 0.090473510:0.090478547
u_data/dout[35] ^ 0.147093847:0.147086263 v 0.087538086:0.087552227
u_data/dout[34] ^ 0.142096564:0.142088637 v 0.084866986:0.084890895
u_data/dout[33] ^ 0.145310774:0.145303100 v 0.086592548:0.086610913
u_data/dout[32] ^ 0.158281550:0.158274159 v 0.093532734:0.093527623
u_data/dout[31] ^ 0.152975991:0.152968854 v 0.090688854:0.090693139
u_data/dout[30] ^ 0.156940281:0.156933442 v 0.092812300:0.092808917
u_data/dout[29] ^ 0.149322227:0.149314806 v 0.088731743:0.088742480
u_data/dout[28] ^ 0.151310354:0.151303083 v 0.089798264:0.089804947
u_data/dout[27] ^ 0.154540285:0.154533252 v 0.091525763:0.091527887
u_data/dout[26] ^ 0.155552179:0.155545235 v 0.092069678:0.092069410
u_data/dout[25] ^ 0.143366307:0.143358484 v 0.085547373:0.085568607
u_data/dout[24] ^ 0.144893229:0.144885510 v 0.086369194:0.086387806
u_data/dout[23] ^ 0.145146236:0.145138025 v 0.086502165:0.086520307
u_data/dout[22] ^ 0.153203070:0.153195947 v 0.090811670:0.090816177
u_data/dout[21] ^ 0.152088046:0.152080804 v 0.090213090:0.090218365
u_data/dout[20] ^ 0.144955948:0.144948214 v 0.086394772:0.086413205
u_data/dout[19] ^ 0.153427333:0.153420240 v 0.090930857:0.090934344
u_data/dout[18] ^ 0.157301381:0.157294586 v 0.093011290:0.093008637
u_data/dout[17] ^ 0.154619619:0.154612601 v 0.091572300:0.091573112
u_data/dout[16] ^ 0.154725388:0.154717773 v 0.091629319:0.091630556
u_data/dout[15] ^ 0.143398568:0.143390745 v 0.085567228:0.085588425
u_data/dout[14] ^ 0.149513930:0.149506539 v 0.088835098:0.088845506
u_data/dout[13] ^ 0.151369438:0.151362181 v 0.089828961:0.089836098
u_data/dout[12] ^ 0.155758351:0.155751437 v 0.092181429:0.092180200
u_data/dout[11] ^ 0.150322407:0.150314495 v 0.089269012:0.089278005
u_data/dout[10] ^ 0.155007750:0.155000761 v 0.091777347:0.091777422
u_data/dout[9] ^ 0.157975614:0.157968193 v 0.093373075:0.093368590
u_data/dout[8] ^ 0.144890681:0.144882977 v 0.086366601:0.086385205
u_data/dout[7] ^ 0.144940540:0.144932330 v 0.086394258:0.086413272
u_data/dout[6] ^ 0.142180100:0.142172188 v 0.084911801:0.084935106
u_data/dout[5] ^ 0.158671081:0.158664376 v 0.093740426:0.093734615
u_data/dout[4] ^ 0.150762513:0.150755197 v 0.089503832:0.089511484
u_data/dout[3] ^ 0.159002692:0.158996031 v 0.093921386:0.093914382
u_data/dout[2] ^ 0.147821367:0.147813320 v 0.087931149:0.087944053
u_data/dout[1] ^ 0.151726380:0.151719153 v 0.090021119:0.090027057
u_data/dout[0] ^ 0.155505329:0.155497789 v 0.092047758:0.092047006
ATTEMPT09_PATTERN u_data/rstb
u_data/rstb ^ 0.130894080:0.619147718 v 0.079395398:0.315126836
ATTEMPT09_PATTERN u_data/clk
u_data/clk ^ 0.008755483:0.042701319 v 0.008758387:0.041777581
ATTEMPT09_FINAL_SLEW_DETAIL_END design=u0 seed=11
