OpenROAD 26Q3-1080-gab6fd26351 
Features included (+) or not (-): +GPU +GUI +Python
This program is licensed under the BSD-3 license. See the LICENSE file for details.
Components of this program may be licensed under more restrictive licenses which must be honored.
ATTEMPT09_FINAL_SLEW_DETAIL_BEGIN design=e0 seed=11
ATTEMPT09_PATTERN u_protected_memory.u_data/dout[*]
u_protected_memory.u_data/dout[63] ^ 0.316236883:0.316234291 v 0.181609973:0.181603447
u_protected_memory.u_data/dout[62] ^ 0.304106027:0.304101110 v 0.174541250:0.174534783
u_protected_memory.u_data/dout[61] ^ 0.279650599:0.279650480 v 0.163049906:0.163032725
u_protected_memory.u_data/dout[60] ^ 0.271900117:0.271905929 v 0.158848599:0.158826977
u_protected_memory.u_data/dout[59] ^ 0.265157133:0.265160680 v 0.154535666:0.154515460
u_protected_memory.u_data/dout[58] ^ 0.277339250:0.277339160 v 0.161342308:0.161322802
u_protected_memory.u_data/dout[57] ^ 0.215635002:0.215631872 v 0.125305697:0.125294760
u_protected_memory.u_data/dout[56] ^ 0.293593526:0.293591201 v 0.168888122:0.168884277
u_protected_memory.u_data/dout[55] ^ 0.215853095:0.215848699 v 0.125264212:0.125252038
u_protected_memory.u_data/dout[54] ^ 0.271348000:0.271351725 v 0.157757506:0.157736599
u_protected_memory.u_data/dout[53] ^ 0.219054475:0.219051316 v 0.128646508:0.128632843
u_protected_memory.u_data/dout[52] ^ 0.223635241:0.223630697 v 0.129560173:0.129548028
u_protected_memory.u_data/dout[51] ^ 0.207135633:0.207132593 v 0.120102264:0.120091468
u_protected_memory.u_data/dout[50] ^ 0.186150149:0.186147362 v 0.108228579:0.108233929
u_protected_memory.u_data/dout[49] ^ 0.194487303:0.194484428 v 0.112718455:0.112723209
u_protected_memory.u_data/dout[48] ^ 0.167309165:0.167306647 v 0.097842105:0.097833298
u_protected_memory.u_data/dout[47] ^ 0.213685974:0.213682875 v 0.123856515:0.123845786
u_protected_memory.u_data/dout[46] ^ 0.179220214:0.179217488 v 0.104334168:0.104338378
u_protected_memory.u_data/dout[45] ^ 0.156008050:0.156016231 v 0.091519848:0.091482334
u_protected_memory.u_data/dout[44] ^ 0.168270841:0.168268278 v 0.098410286:0.098407440
u_protected_memory.u_data/dout[43] ^ 0.191980347:0.191977516 v 0.110903211:0.110907875
u_protected_memory.u_data/dout[42] ^ 0.194990426:0.194987550 v 0.112834267:0.112839028
u_protected_memory.u_data/dout[41] ^ 0.169274986:0.169271663 v 0.098812424:0.098813452
u_protected_memory.u_data/dout[40] ^ 0.183897868:0.183895111 v 0.107015111:0.107019529
u_protected_memory.u_data/dout[39] ^ 0.231550455:0.231555179 v 0.134861678:0.134847701
u_protected_memory.u_data/dout[38] ^ 0.173786461:0.173783019 v 0.101561658:0.101565652
u_protected_memory.u_data/dout[37] ^ 0.178596884:0.178594187 v 0.104155101:0.104160145
u_protected_memory.u_data/dout[36] ^ 0.216972858:0.216969728 v 0.126289442:0.126278147
u_protected_memory.u_data/dout[35] ^ 0.235859722:0.235862032 v 0.137494460:0.137479633
u_protected_memory.u_data/dout[34] ^ 0.223676383:0.223673165 v 0.130716190:0.130703554
u_protected_memory.u_data/dout[33] ^ 0.297817916:0.297815591 v 0.171347335:0.171340689
u_protected_memory.u_data/dout[32] ^ 0.200835600:0.200832635 v 0.115991659:0.115997747
u_protected_memory.u_data/dout[31] ^ 0.213681191:0.213678092 v 0.124758013:0.124745637
u_protected_memory.u_data/dout[30] ^ 0.205488041:0.205485031 v 0.118676186:0.118655391
u_protected_memory.u_data/dout[29] ^ 0.228030428:0.228043288 v 0.132989064:0.132975936
u_protected_memory.u_data/dout[28] ^ 0.154122174:0.154129431 v 0.090841226:0.090802297
u_protected_memory.u_data/dout[27] ^ 0.178856984:0.178854302 v 0.104142502:0.104146697
u_protected_memory.u_data/dout[26] ^ 0.214244530:0.214241415 v 0.124123156:0.124112554
u_protected_memory.u_data/dout[25] ^ 0.215385064:0.215381935 v 0.125442058:0.125429824
u_protected_memory.u_data/dout[24] ^ 0.195543706:0.195540816 v 0.113127314:0.113132156
u_protected_memory.u_data/dout[23] ^ 0.206456408:0.206453398 v 0.119417101:0.119406529
u_protected_memory.u_data/dout[22] ^ 0.176297843:0.176295191 v 0.102923438:0.102928281
u_protected_memory.u_data/dout[21] ^ 0.184961602:0.184958845 v 0.107586034:0.107590489
u_protected_memory.u_data/dout[20] ^ 0.165501162:0.165500939 v 0.096783757:0.096763581
u_protected_memory.u_data/dout[19] ^ 0.270495921:0.270499766 v 0.158043861:0.158022061
u_protected_memory.u_data/dout[18] ^ 0.223533586:0.223554850 v 0.130987778:0.130974770
u_protected_memory.u_data/dout[17] ^ 0.288664520:0.288662225 v 0.165851295:0.165841982
u_protected_memory.u_data/dout[16] ^ 0.323980808:0.323972315 v 0.185702160:0.185695708
u_protected_memory.u_data/dout[15] ^ 0.197563216:0.197559208 v 0.114222296:0.114228226
u_protected_memory.u_data/dout[14] ^ 0.218606353:0.218603194 v 0.127484053:0.127469897
u_protected_memory.u_data/dout[13] ^ 0.211537719:0.211534634 v 0.122513354:0.122501999
u_protected_memory.u_data/dout[12] ^ 0.218682960:0.218679786 v 0.127301753:0.127290174
u_protected_memory.u_data/dout[11] ^ 0.182329744:0.182326987 v 0.106167205:0.106173322
u_protected_memory.u_data/dout[10] ^ 0.256706119:0.256709248 v 0.149290651:0.149270386
u_protected_memory.u_data/dout[9] ^ 0.223697588:0.223694384 v 0.130693257:0.130677849
u_protected_memory.u_data/dout[8] ^ 0.257461756:0.257464945 v 0.149937823:0.149919093
u_protected_memory.u_data/dout[7] ^ 0.215703651:0.215699285 v 0.125383601:0.125371411
u_protected_memory.u_data/dout[6] ^ 0.358085960:0.358082950 v 0.205512837:0.205506429
u_protected_memory.u_data/dout[5] ^ 0.262536973:0.262540400 v 0.152965322:0.152943283
u_protected_memory.u_data/dout[4] ^ 0.171287790:0.171284392 v 0.099763684:0.099768288
u_protected_memory.u_data/dout[3] ^ 0.354698688:0.354688644 v 0.203544050:0.203537598
u_protected_memory.u_data/dout[2] ^ 0.335085511:0.335082680 v 0.192366987:0.192356706
u_protected_memory.u_data/dout[1] ^ 0.204020336:0.204017341 v 0.118350595:0.118333086
u_protected_memory.u_data/dout[0] ^ 0.201946333:0.201942235 v 0.116236746:0.116241775
ATTEMPT09_PATTERN u_protected_memory.u_ecc/dout[*]
u_protected_memory.u_ecc/dout[7] ^ 0.428877860:0.428883314 v 0.249232858:0.249222651
u_protected_memory.u_ecc/dout[6] ^ 0.347053677:0.347049624 v 0.202215612:0.202213883
u_protected_memory.u_ecc/dout[5] ^ 0.371354371:0.371354192 v 0.213895530:0.213896573
u_protected_memory.u_ecc/dout[4] ^ 0.389901996:0.389897645 v 0.223882571:0.223876998
u_protected_memory.u_ecc/dout[3] ^ 0.330741763:0.330737710 v 0.193053365:0.193053260
u_protected_memory.u_ecc/dout[2] ^ 0.387286097:0.387281746 v 0.223163769:0.223158270
u_protected_memory.u_ecc/dout[1] ^ 0.346464604:0.346464097 v 0.201790869:0.201789200
u_protected_memory.u_ecc/dout[0] ^ 0.205188438:0.205191344 v 0.121221326:0.121224962
ATTEMPT09_PATTERN u_protected_memory.u_data/rstb
u_protected_memory.u_data/rstb ^ 0.128012031:0.615635812 v 0.078381017:0.313051611
ATTEMPT09_PATTERN u_protected_memory.u_data/clk
u_protected_memory.u_data/clk ^ 0.072625421:0.325266629 v 0.071099281:0.315284520
ATTEMPT09_PATTERN u_protected_memory.u_ecc/rstb
u_protected_memory.u_ecc/rstb ^ 0.110846750:0.307288498 v 0.051558197:0.136523083
ATTEMPT09_PATTERN u_protected_memory.u_ecc/clk
u_protected_memory.u_ecc/clk ^ 0.067243189:0.135259956 v 0.065388873:0.131921217
ATTEMPT09_FINAL_SLEW_DETAIL_END design=e0 seed=11
