EXECUTED_COMMAND_JSON=["docker", "run", "--rm", "--network", "none", "--platform", "linux/amd64", "--name", "green_v33_remediate_hsiao_secded_s11_read_single_bit_error_correct_06", "--cpus", "1", "--memory", "3g", "--volume", "/var/lib/green-ecc-v33-activity-complete-e5/fresh_runs/hsiao_secded_clk10p0ns_seed11/attempt01:/campaign-run", "--volume", "/mnt/c/Users/Abhinav/OneDrive/Desktop/ECC/Error-Code-Correction:/repo:ro", "--workdir", "/OpenROAD-flow-scripts/flow", "openroad/orfs@sha256:f05cee3219a02f26289f02f00e11a3fc986ab51a482a0000a2da810cda219a6e", "/OpenROAD-flow-scripts/tools/install/OpenROAD/bin/openroad", "-exit", "/campaign-run/power_explicit_activity/remediation06/READ_SINGLE_BIT_ERROR_CORRECT/power.tcl"]
OpenROAD 26Q3-1080-gab6fd26351 
Features included (+) or not (-): +GPU +GUI +Python
This program is licensed under the BSD-3 license. See the LICENSE file for details.
Components of this program may be licensed under more restrictive licenses which must be honored.
GREEN_V33_MACRO_OUTPUT_ACTIVITY_ROOTS count=72
[WARNING STA-1651] /campaign-run/results/sky130hd/hsiao_matched_sram_top/clk10p0ns_seed11/6_final.spef line 58491, u_data not connected to net data_dout[0].
[WARNING STA-1651] /campaign-run/results/sky130hd/hsiao_matched_sram_top/clk10p0ns_seed11/6_final.spef line 58497, u_data not connected to net data_dout[0].
[WARNING STA-1651] /campaign-run/results/sky130hd/hsiao_matched_sram_top/clk10p0ns_seed11/6_final.spef line 58507, u_data not connected to net data_dout[10].
[WARNING STA-1651] /campaign-run/results/sky130hd/hsiao_matched_sram_top/clk10p0ns_seed11/6_final.spef line 58517, u_data not connected to net data_dout[10].
[WARNING STA-1651] /campaign-run/results/sky130hd/hsiao_matched_sram_top/clk10p0ns_seed11/6_final.spef line 58529, u_data not connected to net data_dout[11].
[WARNING STA-1651] /campaign-run/results/sky130hd/hsiao_matched_sram_top/clk10p0ns_seed11/6_final.spef line 58567, u_data not connected to net data_dout[11].
[WARNING STA-1651] /campaign-run/results/sky130hd/hsiao_matched_sram_top/clk10p0ns_seed11/6_final.spef line 58582, u_data not connected to net data_dout[12].
[WARNING STA-1651] /campaign-run/results/sky130hd/hsiao_matched_sram_top/clk10p0ns_seed11/6_final.spef line 58630, u_data not connected to net data_dout[12].
[WARNING STA-1651] /campaign-run/results/sky130hd/hsiao_matched_sram_top/clk10p0ns_seed11/6_final.spef line 58644, u_data not connected to net data_dout[13].
[WARNING STA-1651] /campaign-run/results/sky130hd/hsiao_matched_sram_top/clk10p0ns_seed11/6_final.spef line 58671, u_data not connected to net data_dout[13].
[WARNING STA-1651] /campaign-run/results/sky130hd/hsiao_matched_sram_top/clk10p0ns_seed11/6_final.spef line 58685, u_data not connected to net data_dout[14].
[WARNING STA-1651] /campaign-run/results/sky130hd/hsiao_matched_sram_top/clk10p0ns_seed11/6_final.spef line 58717, u_data not connected to net data_dout[14].
[WARNING STA-1651] /campaign-run/results/sky130hd/hsiao_matched_sram_top/clk10p0ns_seed11/6_final.spef line 58734, u_data not connected to net data_dout[15].
[WARNING STA-1651] /campaign-run/results/sky130hd/hsiao_matched_sram_top/clk10p0ns_seed11/6_final.spef line 58765, u_data not connected to net data_dout[15].
[WARNING STA-1651] /campaign-run/results/sky130hd/hsiao_matched_sram_top/clk10p0ns_seed11/6_final.spef line 58782, u_data not connected to net data_dout[16].
[WARNING STA-1651] /campaign-run/results/sky130hd/hsiao_matched_sram_top/clk10p0ns_seed11/6_final.spef line 58819, u_data not connected to net data_dout[16].
[WARNING STA-1651] /campaign-run/results/sky130hd/hsiao_matched_sram_top/clk10p0ns_seed11/6_final.spef line 58846, u_data not connected to net data_dout[17].
[WARNING STA-1651] /campaign-run/results/sky130hd/hsiao_matched_sram_top/clk10p0ns_seed11/6_final.spef line 58888, u_data not connected to net data_dout[17].
[WARNING STA-1651] /campaign-run/results/sky130hd/hsiao_matched_sram_top/clk10p0ns_seed11/6_final.spef line 58909, u_data not connected to net data_dout[18].
[WARNING STA-1651] /campaign-run/results/sky130hd/hsiao_matched_sram_top/clk10p0ns_seed11/6_final.spef line 58943, u_data not connected to net data_dout[18].
[WARNING STA-1651] /campaign-run/results/sky130hd/hsiao_matched_sram_top/clk10p0ns_seed11/6_final.spef line 58959, u_data not connected to net data_dout[19].
[WARNING STA-1651] /campaign-run/results/sky130hd/hsiao_matched_sram_top/clk10p0ns_seed11/6_final.spef line 58981, u_data not connected to net data_dout[19].
[WARNING STA-1651] /campaign-run/results/sky130hd/hsiao_matched_sram_top/clk10p0ns_seed11/6_final.spef line 58994, u_data not connected to net data_dout[1].
[WARNING STA-1651] /campaign-run/results/sky130hd/hsiao_matched_sram_top/clk10p0ns_seed11/6_final.spef line 59002, u_data not connected to net data_dout[1].
[WARNING STA-1651] /campaign-run/results/sky130hd/hsiao_matched_sram_top/clk10p0ns_seed11/6_final.spef line 59015, u_data not connected to net data_dout[20].
[WARNING STA-1651] /campaign-run/results/sky130hd/hsiao_matched_sram_top/clk10p0ns_seed11/6_final.spef line 59035, u_data not connected to net data_dout[20].
[WARNING STA-1651] /campaign-run/results/sky130hd/hsiao_matched_sram_top/clk10p0ns_seed11/6_final.spef line 59050, u_data not connected to net data_dout[21].
[WARNING STA-1651] /campaign-run/results/sky130hd/hsiao_matched_sram_top/clk10p0ns_seed11/6_final.spef line 59088, u_data not connected to net data_dout[21].
[WARNING STA-1651] /campaign-run/results/sky130hd/hsiao_matched_sram_top/clk10p0ns_seed11/6_final.spef line 59105, u_data not connected to net data_dout[22].
[WARNING STA-1651] /campaign-run/results/sky130hd/hsiao_matched_sram_top/clk10p0ns_seed11/6_final.spef line 59125, u_data not connected to net data_dout[22].
[WARNING STA-1651] /campaign-run/results/sky130hd/hsiao_matched_sram_top/clk10p0ns_seed11/6_final.spef line 59139, u_data not connected to net data_dout[23].
[WARNING STA-1651] /campaign-run/results/sky130hd/hsiao_matched_sram_top/clk10p0ns_seed11/6_final.spef line 59155, u_data not connected to net data_dout[23].
[WARNING STA-1651] /campaign-run/results/sky130hd/hsiao_matched_sram_top/clk10p0ns_seed11/6_final.spef line 59170, u_data not connected to net data_dout[24].
[WARNING STA-1651] /campaign-run/results/sky130hd/hsiao_matched_sram_top/clk10p0ns_seed11/6_final.spef line 59200, u_data not connected to net data_dout[24].
[WARNING STA-1651] /campaign-run/results/sky130hd/hsiao_matched_sram_top/clk10p0ns_seed11/6_final.spef line 59218, u_data not connected to net data_dout[25].
[WARNING STA-1651] /campaign-run/results/sky130hd/hsiao_matched_sram_top/clk10p0ns_seed11/6_final.spef line 59242, u_data not connected to net data_dout[25].
[WARNING STA-1651] /campaign-run/results/sky130hd/hsiao_matched_sram_top/clk10p0ns_seed11/6_final.spef line 59257, u_data not connected to net data_dout[26].
[WARNING STA-1651] /campaign-run/results/sky130hd/hsiao_matched_sram_top/clk10p0ns_seed11/6_final.spef line 59298, u_data not connected to net data_dout[26].
[WARNING STA-1651] /campaign-run/results/sky130hd/hsiao_matched_sram_top/clk10p0ns_seed11/6_final.spef line 59314, u_data not connected to net data_dout[27].
[WARNING STA-1651] /campaign-run/results/sky130hd/hsiao_matched_sram_top/clk10p0ns_seed11/6_final.spef line 59337, u_data not connected to net data_dout[27].
[WARNING STA-1651] /campaign-run/results/sky130hd/hsiao_matched_sram_top/clk10p0ns_seed11/6_final.spef line 59351, u_data not connected to net data_dout[28].
[WARNING STA-1651] /campaign-run/results/sky130hd/hsiao_matched_sram_top/clk10p0ns_seed11/6_final.spef line 59365, u_data not connected to net data_dout[28].
[WARNING STA-1651] /campaign-run/results/sky130hd/hsiao_matched_sram_top/clk10p0ns_seed11/6_final.spef line 59378, u_data not connected to net data_dout[29].
[WARNING STA-1651] /campaign-run/results/sky130hd/hsiao_matched_sram_top/clk10p0ns_seed11/6_final.spef line 59413, u_data not connected to net data_dout[29].
[WARNING STA-1651] /campaign-run/results/sky130hd/hsiao_matched_sram_top/clk10p0ns_seed11/6_final.spef line 59427, u_data not connected to net data_dout[2].
[WARNING STA-1651] /campaign-run/results/sky130hd/hsiao_matched_sram_top/clk10p0ns_seed11/6_final.spef line 59463, u_data not connected to net data_dout[2].
[WARNING STA-1651] /campaign-run/results/sky130hd/hsiao_matched_sram_top/clk10p0ns_seed11/6_final.spef line 59479, u_data not connected to net data_dout[30].
[WARNING STA-1651] /campaign-run/results/sky130hd/hsiao_matched_sram_top/clk10p0ns_seed11/6_final.spef line 59505, u_data not connected to net data_dout[30].
[WARNING STA-1651] /campaign-run/results/sky130hd/hsiao_matched_sram_top/clk10p0ns_seed11/6_final.spef line 59520, u_data not connected to net data_dout[31].
[WARNING STA-1651] /campaign-run/results/sky130hd/hsiao_matched_sram_top/clk10p0ns_seed11/6_final.spef line 59541, u_data not connected to net data_dout[31].
[WARNING STA-1651] /campaign-run/results/sky130hd/hsiao_matched_sram_top/clk10p0ns_seed11/6_final.spef line 59555, u_data not connected to net data_dout[32].
[WARNING STA-1651] /campaign-run/results/sky130hd/hsiao_matched_sram_top/clk10p0ns_seed11/6_final.spef line 59576, u_data not connected to net data_dout[32].
[WARNING STA-1651] /campaign-run/results/sky130hd/hsiao_matched_sram_top/clk10p0ns_seed11/6_final.spef line 59590, u_data not connected to net data_dout[33].
[WARNING STA-1651] /campaign-run/results/sky130hd/hsiao_matched_sram_top/clk10p0ns_seed11/6_final.spef line 59619, u_data not connected to net data_dout[33].
[WARNING STA-1651] /campaign-run/results/sky130hd/hsiao_matched_sram_top/clk10p0ns_seed11/6_final.spef line 59633, u_data not connected to net data_dout[34].
[WARNING STA-1651] /campaign-run/results/sky130hd/hsiao_matched_sram_top/clk10p0ns_seed11/6_final.spef line 59661, u_data not connected to net data_dout[34].
[WARNING STA-1651] /campaign-run/results/sky130hd/hsiao_matched_sram_top/clk10p0ns_seed11/6_final.spef line 59675, u_data not connected to net data_dout[35].
[WARNING STA-1651] /campaign-run/results/sky130hd/hsiao_matched_sram_top/clk10p0ns_seed11/6_final.spef line 59700, u_data not connected to net data_dout[35].
[WARNING STA-1651] /campaign-run/results/sky130hd/hsiao_matched_sram_top/clk10p0ns_seed11/6_final.spef line 59717, u_data not connected to net data_dout[36].
[WARNING STA-1651] /campaign-run/results/sky130hd/hsiao_matched_sram_top/clk10p0ns_seed11/6_final.spef line 59738, u_data not connected to net data_dout[36].
[WARNING STA-1651] /campaign-run/results/sky130hd/hsiao_matched_sram_top/clk10p0ns_seed11/6_final.spef line 59753, u_data not connected to net data_dout[37].
[WARNING STA-1651] /campaign-run/results/sky130hd/hsiao_matched_sram_top/clk10p0ns_seed11/6_final.spef line 59782, u_data not connected to net data_dout[37].
[WARNING STA-1651] /campaign-run/results/sky130hd/hsiao_matched_sram_top/clk10p0ns_seed11/6_final.spef line 59797, u_data not connected to net data_dout[38].
[WARNING STA-1651] /campaign-run/results/sky130hd/hsiao_matched_sram_top/clk10p0ns_seed11/6_final.spef line 59812, u_data not connected to net data_dout[38].
[WARNING STA-1651] /campaign-run/results/sky130hd/hsiao_matched_sram_top/clk10p0ns_seed11/6_final.spef line 59826, u_data not connected to net data_dout[39].
[WARNING STA-1651] /campaign-run/results/sky130hd/hsiao_matched_sram_top/clk10p0ns_seed11/6_final.spef line 59851, u_data not connected to net data_dout[39].
[WARNING STA-1651] /campaign-run/results/sky130hd/hsiao_matched_sram_top/clk10p0ns_seed11/6_final.spef line 59864, u_data not connected to net data_dout[3].
[WARNING STA-1651] /campaign-run/results/sky130hd/hsiao_matched_sram_top/clk10p0ns_seed11/6_final.spef line 59877, u_data not connected to net data_dout[3].
[WARNING STA-1651] /campaign-run/results/sky130hd/hsiao_matched_sram_top/clk10p0ns_seed11/6_final.spef line 59892, u_data not connected to net data_dout[40].
[WARNING STA-1651] /campaign-run/results/sky130hd/hsiao_matched_sram_top/clk10p0ns_seed11/6_final.spef line 59928, u_data not connected to net data_dout[40].
[WARNING STA-1651] /campaign-run/results/sky130hd/hsiao_matched_sram_top/clk10p0ns_seed11/6_final.spef line 59945, u_data not connected to net data_dout[41].
[WARNING STA-1651] /campaign-run/results/sky130hd/hsiao_matched_sram_top/clk10p0ns_seed11/6_final.spef line 59963, u_data not connected to net data_dout[41].
[WARNING STA-1651] /campaign-run/results/sky130hd/hsiao_matched_sram_top/clk10p0ns_seed11/6_final.spef line 59977, u_data not connected to net data_dout[42].
[WARNING STA-1651] /campaign-run/results/sky130hd/hsiao_matched_sram_top/clk10p0ns_seed11/6_final.spef line 59994, u_data not connected to net data_dout[42].
[WARNING STA-1651] /campaign-run/results/sky130hd/hsiao_matched_sram_top/clk10p0ns_seed11/6_final.spef line 60009, u_data not connected to net data_dout[43].
[WARNING STA-1651] /campaign-run/results/sky130hd/hsiao_matched_sram_top/clk10p0ns_seed11/6_final.spef line 60039, u_data not connected to net data_dout[43].
[WARNING STA-1651] /campaign-run/results/sky130hd/hsiao_matched_sram_top/clk10p0ns_seed11/6_final.spef line 60056, u_data not connected to net data_dout[44].
[WARNING STA-1651] /campaign-run/results/sky130hd/hsiao_matched_sram_top/clk10p0ns_seed11/6_final.spef line 60079, u_data not connected to net data_dout[44].
[WARNING STA-1651] /campaign-run/results/sky130hd/hsiao_matched_sram_top/clk10p0ns_seed11/6_final.spef line 60096, u_data not connected to net data_dout[45].
[WARNING STA-1651] /campaign-run/results/sky130hd/hsiao_matched_sram_top/clk10p0ns_seed11/6_final.spef line 60111, u_data not connected to net data_dout[45].
[WARNING STA-1651] /campaign-run/results/sky130hd/hsiao_matched_sram_top/clk10p0ns_seed11/6_final.spef line 60125, u_data not connected to net data_dout[46].
[WARNING STA-1651] /campaign-run/results/sky130hd/hsiao_matched_sram_top/clk10p0ns_seed11/6_final.spef line 60145, u_data not connected to net data_dout[46].
[WARNING STA-1651] /campaign-run/results/sky130hd/hsiao_matched_sram_top/clk10p0ns_seed11/6_final.spef line 60159, u_data not connected to net data_dout[47].
[WARNING STA-1651] /campaign-run/results/sky130hd/hsiao_matched_sram_top/clk10p0ns_seed11/6_final.spef line 60185, u_data not connected to net data_dout[47].
[WARNING STA-1651] /campaign-run/results/sky130hd/hsiao_matched_sram_top/clk10p0ns_seed11/6_final.spef line 60200, u_data not connected to net data_dout[48].
[WARNING STA-1651] /campaign-run/results/sky130hd/hsiao_matched_sram_top/clk10p0ns_seed11/6_final.spef line 60215, u_data not connected to net data_dout[48].
[WARNING STA-1651] /campaign-run/results/sky130hd/hsiao_matched_sram_top/clk10p0ns_seed11/6_final.spef line 60230, u_data not connected to net data_dout[49].
[WARNING STA-1651] /campaign-run/results/sky130hd/hsiao_matched_sram_top/clk10p0ns_seed11/6_final.spef line 60255, u_data not connected to net data_dout[49].
[WARNING STA-1651] /campaign-run/results/sky130hd/hsiao_matched_sram_top/clk10p0ns_seed11/6_final.spef line 60267, u_data not connected to net data_dout[4].
[WARNING STA-1651] /campaign-run/results/sky130hd/hsiao_matched_sram_top/clk10p0ns_seed11/6_final.spef line 60289, u_data not connected to net data_dout[4].
[WARNING STA-1651] /campaign-run/results/sky130hd/hsiao_matched_sram_top/clk10p0ns_seed11/6_final.spef line 60301, u_data not connected to net data_dout[50].
[WARNING STA-1651] /campaign-run/results/sky130hd/hsiao_matched_sram_top/clk10p0ns_seed11/6_final.spef line 60322, u_data not connected to net data_dout[50].
[WARNING STA-1651] /campaign-run/results/sky130hd/hsiao_matched_sram_top/clk10p0ns_seed11/6_final.spef line 60336, u_data not connected to net data_dout[51].
[WARNING STA-1651] /campaign-run/results/sky130hd/hsiao_matched_sram_top/clk10p0ns_seed11/6_final.spef line 60358, u_data not connected to net data_dout[51].
[WARNING STA-1651] /campaign-run/results/sky130hd/hsiao_matched_sram_top/clk10p0ns_seed11/6_final.spef line 60372, u_data not connected to net data_dout[52].
[WARNING STA-1651] /campaign-run/results/sky130hd/hsiao_matched_sram_top/clk10p0ns_seed11/6_final.spef line 60396, u_data not connected to net data_dout[52].
[WARNING STA-1651] /campaign-run/results/sky130hd/hsiao_matched_sram_top/clk10p0ns_seed11/6_final.spef line 60410, u_data not connected to net data_dout[53].
[WARNING STA-1651] /campaign-run/results/sky130hd/hsiao_matched_sram_top/clk10p0ns_seed11/6_final.spef line 60441, u_data not connected to net data_dout[53].
[WARNING STA-1651] /campaign-run/results/sky130hd/hsiao_matched_sram_top/clk10p0ns_seed11/6_final.spef line 60456, u_data not connected to net data_dout[54].
[WARNING STA-1651] /campaign-run/results/sky130hd/hsiao_matched_sram_top/clk10p0ns_seed11/6_final.spef line 60470, u_data not connected to net data_dout[54].
[WARNING STA-1651] /campaign-run/results/sky130hd/hsiao_matched_sram_top/clk10p0ns_seed11/6_final.spef line 60485, u_data not connected to net data_dout[55].
[WARNING STA-1651] /campaign-run/results/sky130hd/hsiao_matched_sram_top/clk10p0ns_seed11/6_final.spef line 60510, u_data not connected to net data_dout[55].
[WARNING STA-1651] /campaign-run/results/sky130hd/hsiao_matched_sram_top/clk10p0ns_seed11/6_final.spef line 60528, u_data not connected to net data_dout[56].
[WARNING STA-1651] /campaign-run/results/sky130hd/hsiao_matched_sram_top/clk10p0ns_seed11/6_final.spef line 60569, u_data not connected to net data_dout[56].
[WARNING STA-1651] /campaign-run/results/sky130hd/hsiao_matched_sram_top/clk10p0ns_seed11/6_final.spef line 60587, u_data not connected to net data_dout[57].
[WARNING STA-1651] /campaign-run/results/sky130hd/hsiao_matched_sram_top/clk10p0ns_seed11/6_final.spef line 60601, u_data not connected to net data_dout[57].
[WARNING STA-1651] /campaign-run/results/sky130hd/hsiao_matched_sram_top/clk10p0ns_seed11/6_final.spef line 60615, u_data not connected to net data_dout[58].
[WARNING STA-1651] /campaign-run/results/sky130hd/hsiao_matched_sram_top/clk10p0ns_seed11/6_final.spef line 60657, u_data not connected to net data_dout[58].
[WARNING STA-1651] /campaign-run/results/sky130hd/hsiao_matched_sram_top/clk10p0ns_seed11/6_final.spef line 60677, u_data not connected to net data_dout[59].
[WARNING STA-1651] /campaign-run/results/sky130hd/hsiao_matched_sram_top/clk10p0ns_seed11/6_final.spef line 60698, u_data not connected to net data_dout[59].
[WARNING STA-1651] /campaign-run/results/sky130hd/hsiao_matched_sram_top/clk10p0ns_seed11/6_final.spef line 60719, u_data not connected to net data_dout[5].
[WARNING STA-1651] /campaign-run/results/sky130hd/hsiao_matched_sram_top/clk10p0ns_seed11/6_final.spef line 60727, u_data not connected to net data_dout[5].
[WARNING STA-1651] /campaign-run/results/sky130hd/hsiao_matched_sram_top/clk10p0ns_seed11/6_final.spef line 60738, u_data not connected to net data_dout[60].
[WARNING STA-1651] /campaign-run/results/sky130hd/hsiao_matched_sram_top/clk10p0ns_seed11/6_final.spef line 60742, u_data not connected to net data_dout[60].
[WARNING STA-1651] /campaign-run/results/sky130hd/hsiao_matched_sram_top/clk10p0ns_seed11/6_final.spef line 60752, u_data not connected to net data_dout[61].
[WARNING STA-1651] /campaign-run/results/sky130hd/hsiao_matched_sram_top/clk10p0ns_seed11/6_final.spef line 60760, u_data not connected to net data_dout[61].
[WARNING STA-1651] /campaign-run/results/sky130hd/hsiao_matched_sram_top/clk10p0ns_seed11/6_final.spef line 60769, u_data not connected to net data_dout[62].
[WARNING STA-1651] /campaign-run/results/sky130hd/hsiao_matched_sram_top/clk10p0ns_seed11/6_final.spef line 60776, u_data not connected to net data_dout[62].
[WARNING STA-1651] /campaign-run/results/sky130hd/hsiao_matched_sram_top/clk10p0ns_seed11/6_final.spef line 60786, u_data not connected to net data_dout[63].
[WARNING STA-1651] /campaign-run/results/sky130hd/hsiao_matched_sram_top/clk10p0ns_seed11/6_final.spef line 60791, u_data not connected to net data_dout[63].
[WARNING STA-1651] /campaign-run/results/sky130hd/hsiao_matched_sram_top/clk10p0ns_seed11/6_final.spef line 60801, u_data not connected to net data_dout[6].
[WARNING STA-1651] /campaign-run/results/sky130hd/hsiao_matched_sram_top/clk10p0ns_seed11/6_final.spef line 60817, u_data not connected to net data_dout[6].
[WARNING STA-1651] /campaign-run/results/sky130hd/hsiao_matched_sram_top/clk10p0ns_seed11/6_final.spef line 60829, u_data not connected to net data_dout[7].
[WARNING STA-1651] /campaign-run/results/sky130hd/hsiao_matched_sram_top/clk10p0ns_seed11/6_final.spef line 60849, u_data not connected to net data_dout[7].
[WARNING STA-1651] /campaign-run/results/sky130hd/hsiao_matched_sram_top/clk10p0ns_seed11/6_final.spef line 60862, u_data not connected to net data_dout[8].
[WARNING STA-1651] /campaign-run/results/sky130hd/hsiao_matched_sram_top/clk10p0ns_seed11/6_final.spef line 60872, u_data not connected to net data_dout[8].
[WARNING STA-1651] /campaign-run/results/sky130hd/hsiao_matched_sram_top/clk10p0ns_seed11/6_final.spef line 60883, u_data not connected to net data_dout[9].
[WARNING STA-1651] /campaign-run/results/sky130hd/hsiao_matched_sram_top/clk10p0ns_seed11/6_final.spef line 60904, u_data not connected to net data_dout[9].
[WARNING STA-1651] /campaign-run/results/sky130hd/hsiao_matched_sram_top/clk10p0ns_seed11/6_final.spef line 60941, u_ecc0 not connected to net ecc_dout[0].
[WARNING STA-1651] /campaign-run/results/sky130hd/hsiao_matched_sram_top/clk10p0ns_seed11/6_final.spef line 60952, u_ecc0 not connected to net ecc_dout[0].
[WARNING STA-1651] /campaign-run/results/sky130hd/hsiao_matched_sram_top/clk10p0ns_seed11/6_final.spef line 60966, u_ecc0 not connected to net ecc_dout[1].
[WARNING STA-1651] /campaign-run/results/sky130hd/hsiao_matched_sram_top/clk10p0ns_seed11/6_final.spef line 60996, u_ecc0 not connected to net ecc_dout[1].
[WARNING STA-1651] /campaign-run/results/sky130hd/hsiao_matched_sram_top/clk10p0ns_seed11/6_final.spef line 61014, u_ecc0 not connected to net ecc_dout[2].
[WARNING STA-1651] /campaign-run/results/sky130hd/hsiao_matched_sram_top/clk10p0ns_seed11/6_final.spef line 61030, u_ecc0 not connected to net ecc_dout[2].
[WARNING STA-1651] /campaign-run/results/sky130hd/hsiao_matched_sram_top/clk10p0ns_seed11/6_final.spef line 61042, u_ecc0 not connected to net ecc_dout[3].
[WARNING STA-1651] /campaign-run/results/sky130hd/hsiao_matched_sram_top/clk10p0ns_seed11/6_final.spef line 61067, u_ecc0 not connected to net ecc_dout[3].
[WARNING STA-1651] /campaign-run/results/sky130hd/hsiao_matched_sram_top/clk10p0ns_seed11/6_final.spef line 61078, u_ecc0 not connected to net ecc_dout[4].
[WARNING STA-1651] /campaign-run/results/sky130hd/hsiao_matched_sram_top/clk10p0ns_seed11/6_final.spef line 61095, u_ecc0 not connected to net ecc_dout[4].
[WARNING STA-1651] /campaign-run/results/sky130hd/hsiao_matched_sram_top/clk10p0ns_seed11/6_final.spef line 61109, u_ecc0 not connected to net ecc_dout[5].
[WARNING STA-1651] /campaign-run/results/sky130hd/hsiao_matched_sram_top/clk10p0ns_seed11/6_final.spef line 61138, u_ecc0 not connected to net ecc_dout[5].
[WARNING STA-1651] /campaign-run/results/sky130hd/hsiao_matched_sram_top/clk10p0ns_seed11/6_final.spef line 61151, u_ecc0 not connected to net ecc_dout[6].
[WARNING STA-1651] /campaign-run/results/sky130hd/hsiao_matched_sram_top/clk10p0ns_seed11/6_final.spef line 61164, u_ecc0 not connected to net ecc_dout[6].
[WARNING STA-1651] /campaign-run/results/sky130hd/hsiao_matched_sram_top/clk10p0ns_seed11/6_final.spef line 61177, u_ecc0 not connected to net ecc_dout[7].
[WARNING STA-1651] /campaign-run/results/sky130hd/hsiao_matched_sram_top/clk10p0ns_seed11/6_final.spef line 61192, u_ecc0 not connected to net ecc_dout[7].
Annotated 142 pin activities.
GREEN_V33_EXPLICIT_ROUTED_NET_ACTIVITY nets=1178
GREEN_V33_MACRO_OUTPUT_ACTIVITY_ROOT_ANNOTATIONS count=0
GREEN_V33_POWER_COMPLETE architecture=hsiao_matched_sram_top operation=READ_SINGLE_BIT_ERROR_CORRECT
