
==========================================================================
detailed place report_tns
--------------------------------------------------------------------------
tns max 0.00

==========================================================================
detailed place report_wns
--------------------------------------------------------------------------
wns max 0.00

==========================================================================
detailed place report_worst_slack
--------------------------------------------------------------------------
worst slack max 1.15

==========================================================================
detailed place report_clock_min_period
--------------------------------------------------------------------------
core_clk period_min = 8.85 fmax = 113.02

==========================================================================
detailed place report_checks -path_delay min
--------------------------------------------------------------------------
Startpoint: rstb (input port clocked by core_clk)
Endpoint: u_protected_memory.u_data
          (rising edge-triggered flip-flop clocked by core_clk)
Path Group: core_clk
Path Type: min

Fanout     Cap    Slew   Delay    Time   Description
-----------------------------------------------------------------------------
                  0.00    0.00    0.00   clock core_clk (rise edge)
                          0.00    0.00   clock network delay (ideal)
                          0.50    0.50 v input external delay
     1    0.05    0.00    0.00    0.50 v rstb (in)
                                         rstb (net)
                  0.01    0.01    0.51 v input90/A (sky130_fd_sc_hd__clkbuf_16)
     2    0.04    0.05    0.15    0.65 v input90/X (sky130_fd_sc_hd__clkbuf_16)
                                         net89 (net)
                  0.05    0.00    0.65 v wire304/A (sky130_fd_sc_hd__buf_16)
     1    0.02    0.03    0.13    0.78 v wire304/X (sky130_fd_sc_hd__buf_16)
                                         net303 (net)
                  0.03    0.00    0.78 v wire633/A (sky130_fd_sc_hd__buf_16)
     1    0.08    0.06    0.15    0.93 v wire633/X (sky130_fd_sc_hd__buf_16)
                                         net632 (net)
                  0.08    0.00    0.94 v u_protected_memory.u_data/rstb (sram22_256x64m4w8)
                                  0.94   data arrival time

                  0.00    0.00    0.00   clock core_clk (rise edge)
                          0.00    0.00   clock network delay (ideal)
                          0.10    0.10   clock uncertainty
                          0.00    0.10   clock reconvergence pessimism
                                  0.10 ^ u_protected_memory.u_data/clk (sram22_256x64m4w8)
                          4.87    4.97   library hold time
                                  4.97   data required time
-----------------------------------------------------------------------------
                                  4.97   data required time
                                 -0.94   data arrival time
-----------------------------------------------------------------------------
                                 -4.03   slack (VIOLATED)



==========================================================================
detailed place report_checks -path_delay max
--------------------------------------------------------------------------
Startpoint: u_protected_memory.u_data
            (rising edge-triggered flip-flop clocked by core_clk)
Endpoint: detected_uncorrectable (output port clocked by core_clk)
Path Group: core_clk
Path Type: max

Fanout     Cap    Slew   Delay    Time   Description
-----------------------------------------------------------------------------
                  0.00    0.00    0.00   clock core_clk (rise edge)
                          0.00    0.00   clock network delay (ideal)
                  0.00    0.00    0.00 ^ u_protected_memory.u_data/clk (sram22_256x64m4w8)
     2    0.04    0.30    3.47    3.47 ^ u_protected_memory.u_data/dout[59] (sram22_256x64m4w8)
                                         u_protected_memory.data_dout[59] (net)
                  0.23    0.00    3.47 ^ max_cap557/A (sky130_fd_sc_hd__clkdlybuf4s50_1)
     2    0.01    0.08    0.55    4.02 ^ max_cap557/X (sky130_fd_sc_hd__clkdlybuf4s50_1)
                                         net556 (net)
                  0.08    0.00    4.02 ^ max_cap556/A (sky130_fd_sc_hd__clkdlybuf4s50_1)
     1    0.01    0.07    0.50    4.52 ^ max_cap556/X (sky130_fd_sc_hd__clkdlybuf4s50_1)
                                         net555 (net)
                  0.07    0.00    4.52 ^ _493_/B (sky130_fd_sc_hd__xnor2_1)
     1    0.01    0.20    0.14    4.66 ^ _493_/Y (sky130_fd_sc_hd__xnor2_1)
                                         _035_ (net)
                  0.20    0.00    4.66 ^ _495_/B (sky130_fd_sc_hd__xnor3_1)
     2    0.01    0.10    0.39    5.05 v _495_/X (sky130_fd_sc_hd__xnor3_1)
                                         _037_ (net)
                  0.10    0.00    5.05 v _500_/A (sky130_fd_sc_hd__xnor3_1)
     2    0.04    0.37    0.63    5.68 ^ _500_/X (sky130_fd_sc_hd__xnor3_1)
                                         _042_ (net)
                  0.37    0.00    5.68 ^ _587_/B (sky130_fd_sc_hd__xnor2_4)
     2    0.01    0.13    0.16    5.84 ^ _587_/Y (sky130_fd_sc_hd__xnor2_4)
                                         _128_ (net)
                  0.13    0.00    5.84 ^ place718/A (sky130_fd_sc_hd__buf_4)
    15    0.08    0.22    0.27    6.11 ^ place718/X (sky130_fd_sc_hd__buf_4)
                                         net717 (net)
                  0.22    0.00    6.11 ^ _627_/B (sky130_fd_sc_hd__nor4_2)
     1    0.00    0.08    0.08    6.19 v _627_/Y (sky130_fd_sc_hd__nor4_2)
                                         _159_ (net)
                  0.08    0.00    6.19 v place702/A (sky130_fd_sc_hd__buf_4)
     4    0.03    0.05    0.17    6.37 v place702/X (sky130_fd_sc_hd__buf_4)
                                         net701 (net)
                  0.05    0.00    6.37 v _628_/B (sky130_fd_sc_hd__nand2_1)
     3    0.02    0.22    0.19    6.56 ^ _628_/Y (sky130_fd_sc_hd__nand2_1)
                                         _160_ (net)
                  0.22    0.00    6.56 ^ _834_/B2 (sky130_fd_sc_hd__o22ai_1)
     1    0.00    0.07    0.10    6.66 v _834_/Y (sky130_fd_sc_hd__o22ai_1)
                                         _313_ (net)
                  0.07    0.00    6.66 v _848_/A (sky130_fd_sc_hd__nor4_1)
     1    0.01    0.44    0.44    7.10 ^ _848_/Y (sky130_fd_sc_hd__nor4_1)
                                         _327_ (net)
                  0.44    0.00    7.10 ^ _849_/B1 (sky130_fd_sc_hd__o21ai_2)
     2    0.01    0.12    0.15    7.25 v _849_/Y (sky130_fd_sc_hd__o21ai_2)
                                         _328_ (net)
                  0.12    0.00    7.25 v _851_/C1 (sky130_fd_sc_hd__a211oi_4)
     1    0.01    0.17    0.18    7.43 ^ _851_/Y (sky130_fd_sc_hd__a211oi_4)
                                         net92 (net)
                  0.17    0.00    7.43 ^ place635/A (sky130_fd_sc_hd__buf_4)
     1    0.03    0.10    0.19    7.62 ^ place635/X (sky130_fd_sc_hd__buf_4)
                                         net634 (net)
                  0.10    0.00    7.62 ^ output93/A (sky130_fd_sc_hd__clkdlybuf4s50_1)
     1    0.02    0.23    0.63    8.25 ^ output93/X (sky130_fd_sc_hd__clkdlybuf4s50_1)
                                         detected_uncorrectable (net)
                  0.23    0.00    8.25 ^ detected_uncorrectable (out)
                                  8.25   data arrival time

                  0.00   10.00   10.00   clock core_clk (rise edge)
                          0.00   10.00   clock network delay (ideal)
                         -0.10    9.90   clock uncertainty
                          0.00    9.90   clock reconvergence pessimism
                         -0.50    9.40   output external delay
                                  9.40   data required time
-----------------------------------------------------------------------------
                                  9.40   data required time
                                 -8.25   data arrival time
-----------------------------------------------------------------------------
                                  1.15   slack (MET)



==========================================================================
detailed place report_checks -unconstrained
--------------------------------------------------------------------------
Startpoint: u_protected_memory.u_data
            (rising edge-triggered flip-flop clocked by core_clk)
Endpoint: detected_uncorrectable (output port clocked by core_clk)
Path Group: core_clk
Path Type: max

Fanout     Cap    Slew   Delay    Time   Description
-----------------------------------------------------------------------------
                  0.00    0.00    0.00   clock core_clk (rise edge)
                          0.00    0.00   clock network delay (ideal)
                  0.00    0.00    0.00 ^ u_protected_memory.u_data/clk (sram22_256x64m4w8)
     2    0.04    0.30    3.47    3.47 ^ u_protected_memory.u_data/dout[59] (sram22_256x64m4w8)
                                         u_protected_memory.data_dout[59] (net)
                  0.23    0.00    3.47 ^ max_cap557/A (sky130_fd_sc_hd__clkdlybuf4s50_1)
     2    0.01    0.08    0.55    4.02 ^ max_cap557/X (sky130_fd_sc_hd__clkdlybuf4s50_1)
                                         net556 (net)
                  0.08    0.00    4.02 ^ max_cap556/A (sky130_fd_sc_hd__clkdlybuf4s50_1)
     1    0.01    0.07    0.50    4.52 ^ max_cap556/X (sky130_fd_sc_hd__clkdlybuf4s50_1)
                                         net555 (net)
                  0.07    0.00    4.52 ^ _493_/B (sky130_fd_sc_hd__xnor2_1)
     1    0.01    0.20    0.14    4.66 ^ _493_/Y (sky130_fd_sc_hd__xnor2_1)
                                         _035_ (net)
                  0.20    0.00    4.66 ^ _495_/B (sky130_fd_sc_hd__xnor3_1)
     2    0.01    0.10    0.39    5.05 v _495_/X (sky130_fd_sc_hd__xnor3_1)
                                         _037_ (net)
                  0.10    0.00    5.05 v _500_/A (sky130_fd_sc_hd__xnor3_1)
     2    0.04    0.37    0.63    5.68 ^ _500_/X (sky130_fd_sc_hd__xnor3_1)
                                         _042_ (net)
                  0.37    0.00    5.68 ^ _587_/B (sky130_fd_sc_hd__xnor2_4)
     2    0.01    0.13    0.16    5.84 ^ _587_/Y (sky130_fd_sc_hd__xnor2_4)
                                         _128_ (net)
                  0.13    0.00    5.84 ^ place718/A (sky130_fd_sc_hd__buf_4)
    15    0.08    0.22    0.27    6.11 ^ place718/X (sky130_fd_sc_hd__buf_4)
                                         net717 (net)
                  0.22    0.00    6.11 ^ _627_/B (sky130_fd_sc_hd__nor4_2)
     1    0.00    0.08    0.08    6.19 v _627_/Y (sky130_fd_sc_hd__nor4_2)
                                         _159_ (net)
                  0.08    0.00    6.19 v place702/A (sky130_fd_sc_hd__buf_4)
     4    0.03    0.05    0.17    6.37 v place702/X (sky130_fd_sc_hd__buf_4)
                                         net701 (net)
                  0.05    0.00    6.37 v _628_/B (sky130_fd_sc_hd__nand2_1)
     3    0.02    0.22    0.19    6.56 ^ _628_/Y (sky130_fd_sc_hd__nand2_1)
                                         _160_ (net)
                  0.22    0.00    6.56 ^ _834_/B2 (sky130_fd_sc_hd__o22ai_1)
     1    0.00    0.07    0.10    6.66 v _834_/Y (sky130_fd_sc_hd__o22ai_1)
                                         _313_ (net)
                  0.07    0.00    6.66 v _848_/A (sky130_fd_sc_hd__nor4_1)
     1    0.01    0.44    0.44    7.10 ^ _848_/Y (sky130_fd_sc_hd__nor4_1)
                                         _327_ (net)
                  0.44    0.00    7.10 ^ _849_/B1 (sky130_fd_sc_hd__o21ai_2)
     2    0.01    0.12    0.15    7.25 v _849_/Y (sky130_fd_sc_hd__o21ai_2)
                                         _328_ (net)
                  0.12    0.00    7.25 v _851_/C1 (sky130_fd_sc_hd__a211oi_4)
     1    0.01    0.17    0.18    7.43 ^ _851_/Y (sky130_fd_sc_hd__a211oi_4)
                                         net92 (net)
                  0.17    0.00    7.43 ^ place635/A (sky130_fd_sc_hd__buf_4)
     1    0.03    0.10    0.19    7.62 ^ place635/X (sky130_fd_sc_hd__buf_4)
                                         net634 (net)
                  0.10    0.00    7.62 ^ output93/A (sky130_fd_sc_hd__clkdlybuf4s50_1)
     1    0.02    0.23    0.63    8.25 ^ output93/X (sky130_fd_sc_hd__clkdlybuf4s50_1)
                                         detected_uncorrectable (net)
                  0.23    0.00    8.25 ^ detected_uncorrectable (out)
                                  8.25   data arrival time

                  0.00   10.00   10.00   clock core_clk (rise edge)
                          0.00   10.00   clock network delay (ideal)
                         -0.10    9.90   clock uncertainty
                          0.00    9.90   clock reconvergence pessimism
                         -0.50    9.40   output external delay
                                  9.40   data required time
-----------------------------------------------------------------------------
                                  9.40   data required time
                                 -8.25   data arrival time
-----------------------------------------------------------------------------
                                  1.15   slack (MET)



==========================================================================
detailed place report_check_types -max_slew -max_cap -max_fanout -violators
--------------------------------------------------------------------------
max slew

Pin                                    Limit    Slew   Slack
------------------------------------------------------------
u_protected_memory.u_ecc/dout[1]        0.04    0.41   -0.37 (VIOLATED)
u_protected_memory.u_ecc/dout[4]        0.04    0.41   -0.37 (VIOLATED)
u_protected_memory.u_ecc/dout[2]        0.04    0.41   -0.37 (VIOLATED)
u_protected_memory.u_ecc/dout[7]        0.04    0.40   -0.36 (VIOLATED)
u_protected_memory.u_ecc/dout[5]        0.04    0.40   -0.36 (VIOLATED)
u_protected_memory.u_data/dout[6]       0.04    0.36   -0.32 (VIOLATED)
u_protected_memory.u_data/dout[3]       0.04    0.34   -0.30 (VIOLATED)
u_protected_memory.u_ecc/dout[6]        0.04    0.34   -0.30 (VIOLATED)
u_protected_memory.u_data/dout[63]      0.04    0.34   -0.30 (VIOLATED)
u_protected_memory.u_data/dout[2]       0.04    0.33   -0.29 (VIOLATED)
u_protected_memory.u_data/dout[62]      0.04    0.33   -0.29 (VIOLATED)
u_protected_memory.u_data/dout[61]      0.04    0.31   -0.27 (VIOLATED)
u_protected_memory.u_data/dout[16]      0.04    0.31   -0.27 (VIOLATED)
u_protected_memory.u_ecc/dout[3]        0.04    0.31   -0.27 (VIOLATED)
u_protected_memory.u_data/rstb          0.35    0.62   -0.27 (VIOLATED)
u_protected_memory.u_data/dout[60]      0.04    0.30   -0.26 (VIOLATED)
u_protected_memory.u_data/dout[59]      0.04    0.30   -0.26 (VIOLATED)
u_protected_memory.u_data/dout[58]      0.04    0.29   -0.25 (VIOLATED)
u_protected_memory.u_data/dout[19]      0.04    0.29   -0.25 (VIOLATED)
u_protected_memory.u_data/dout[17]      0.04    0.29   -0.25 (VIOLATED)
u_protected_memory.u_data/dout[5]       0.04    0.29   -0.25 (VIOLATED)
u_protected_memory.u_data/dout[54]      0.04    0.28   -0.24 (VIOLATED)
u_protected_memory.u_data/dout[56]      0.04    0.28   -0.24 (VIOLATED)
u_protected_memory.u_data/dout[8]       0.04    0.27   -0.23 (VIOLATED)
u_protected_memory.u_data/dout[33]      0.04    0.26   -0.22 (VIOLATED)
u_protected_memory.u_ecc/dout[0]        0.04    0.26   -0.22 (VIOLATED)
u_protected_memory.u_data/dout[10]      0.04    0.26   -0.22 (VIOLATED)
u_protected_memory.u_data/dout[39]      0.04    0.24   -0.20 (VIOLATED)
u_protected_memory.u_data/dout[12]      0.04    0.24   -0.20 (VIOLATED)
u_protected_memory.u_data/dout[7]       0.04    0.24   -0.20 (VIOLATED)
u_protected_memory.u_data/dout[18]      0.04    0.23   -0.19 (VIOLATED)
u_protected_memory.u_data/dout[53]      0.04    0.23   -0.19 (VIOLATED)
u_protected_memory.u_data/dout[35]      0.04    0.23   -0.19 (VIOLATED)
u_protected_memory.u_data/dout[52]      0.04    0.23   -0.19 (VIOLATED)
u_protected_memory.u_data/dout[47]      0.04    0.23   -0.19 (VIOLATED)
u_protected_memory.u_data/dout[14]      0.04    0.23   -0.19 (VIOLATED)
u_protected_memory.u_data/dout[57]      0.04    0.23   -0.19 (VIOLATED)
u_protected_memory.u_data/dout[31]      0.04    0.23   -0.19 (VIOLATED)
u_protected_memory.u_data/dout[29]      0.04    0.22   -0.18 (VIOLATED)
u_protected_memory.u_data/dout[9]       0.04    0.22   -0.18 (VIOLATED)
u_protected_memory.u_data/dout[26]      0.04    0.22   -0.18 (VIOLATED)
u_protected_memory.u_data/dout[55]      0.04    0.22   -0.18 (VIOLATED)
u_protected_memory.u_data/dout[1]       0.04    0.22   -0.18 (VIOLATED)
u_protected_memory.u_data/dout[34]      0.04    0.21   -0.17 (VIOLATED)
u_protected_memory.u_data/dout[51]      0.04    0.21   -0.17 (VIOLATED)
u_protected_memory.u_data/dout[25]      0.04    0.21   -0.17 (VIOLATED)
u_protected_memory.u_data/dout[36]      0.04    0.21   -0.17 (VIOLATED)
u_protected_memory.u_data/dout[23]      0.04    0.21   -0.17 (VIOLATED)
u_protected_memory.u_data/dout[0]       0.04    0.21   -0.17 (VIOLATED)
u_protected_memory.u_data/dout[32]      0.04    0.21   -0.17 (VIOLATED)
u_protected_memory.u_data/dout[30]      0.04    0.21   -0.17 (VIOLATED)
u_protected_memory.u_data/dout[13]      0.04    0.20   -0.16 (VIOLATED)
u_protected_memory.u_data/dout[42]      0.04    0.20   -0.16 (VIOLATED)
u_protected_memory.u_data/dout[15]      0.04    0.20   -0.16 (VIOLATED)
u_protected_memory.u_data/dout[43]      0.04    0.20   -0.16 (VIOLATED)
u_protected_memory.u_data/dout[50]      0.04    0.20   -0.16 (VIOLATED)
u_protected_memory.u_data/dout[49]      0.04    0.19   -0.15 (VIOLATED)
u_protected_memory.u_data/dout[22]      0.04    0.19   -0.15 (VIOLATED)
u_protected_memory.u_data/dout[11]      0.04    0.19   -0.15 (VIOLATED)
u_protected_memory.u_data/dout[24]      0.04    0.19   -0.15 (VIOLATED)
u_protected_memory.u_data/dout[27]      0.04    0.19   -0.15 (VIOLATED)
u_protected_memory.u_data/dout[21]      0.04    0.19   -0.15 (VIOLATED)
u_protected_memory.u_data/dout[46]      0.04    0.19   -0.15 (VIOLATED)
u_protected_memory.u_data/dout[44]      0.04    0.19   -0.15 (VIOLATED)
u_protected_memory.u_data/dout[41]      0.04    0.18   -0.14 (VIOLATED)
u_protected_memory.u_data/dout[4]       0.04    0.18   -0.14 (VIOLATED)
u_protected_memory.u_data/dout[40]      0.04    0.18   -0.14 (VIOLATED)
u_protected_memory.u_data/dout[48]      0.04    0.18   -0.14 (VIOLATED)
u_protected_memory.u_data/dout[37]      0.04    0.17   -0.13 (VIOLATED)
u_protected_memory.u_data/dout[38]      0.04    0.17   -0.13 (VIOLATED)
u_protected_memory.u_data/dout[20]      0.04    0.17   -0.13 (VIOLATED)
u_protected_memory.u_data/dout[45]      0.04    0.16   -0.12 (VIOLATED)
u_protected_memory.u_data/dout[28]      0.04    0.16   -0.12 (VIOLATED)
u_protected_memory.u_data/din[57]       0.35    0.43   -0.08 (VIOLATED)
u_protected_memory.u_data/din[56]       0.35    0.42   -0.07 (VIOLATED)
place682/A                              0.60    0.67   -0.07 (VIOLATED)
_697_/Y                                 0.60    0.67   -0.07 (VIOLATED)
_540_/A                                 0.60    0.64   -0.04 (VIOLATED)
_513_/Y                                 0.60    0.64   -0.04 (VIOLATED)
_518_/A                                 0.60    0.64   -0.04 (VIOLATED)
u_protected_memory.u_data/din[12]       0.35    0.36   -0.01 (VIOLATED)
u_protected_memory.u_ecc/rstb           0.35    0.36   -0.01 (VIOLATED)
place648/A                              0.60    0.60   -0.00 (VIOLATED)
_733_/Y                                 0.60    0.60   -0.00 (VIOLATED)


==========================================================================
detailed place max_slew_check_slack
--------------------------------------------------------------------------
-0.37139973044395447

==========================================================================
detailed place max_slew_check_limit
--------------------------------------------------------------------------
0.03999999910593033

==========================================================================
detailed place max_slew_check_slack_limit
--------------------------------------------------------------------------
-9.2850

==========================================================================
detailed place max_fanout_check_slack
--------------------------------------------------------------------------
1.0000000150474662e+30

==========================================================================
detailed place max_fanout_check_limit
--------------------------------------------------------------------------
1.0000000150474662e+30

==========================================================================
detailed place max_capacitance_check_slack
--------------------------------------------------------------------------
0.02270863577723503

==========================================================================
detailed place max_capacitance_check_limit
--------------------------------------------------------------------------
0.02930700220167637

==========================================================================
detailed place max_capacitance_check_slack_limit
--------------------------------------------------------------------------
0.7749

==========================================================================
detailed place max_slew_violation_count
--------------------------------------------------------------------------
max slew violation count 84

==========================================================================
detailed place max_fanout_violation_count
--------------------------------------------------------------------------
max fanout violation count 0

==========================================================================
detailed place max_cap_violation_count
--------------------------------------------------------------------------
max cap violation count 0

==========================================================================
detailed place setup_violation_count
--------------------------------------------------------------------------
setup violation count 0

==========================================================================
detailed place hold_violation_count
--------------------------------------------------------------------------
hold violation count 2

==========================================================================
detailed place report_checks -path_delay max reg to reg
--------------------------------------------------------------------------
No paths found.

==========================================================================
detailed place report_checks -path_delay min reg to reg
--------------------------------------------------------------------------
No paths found.

==========================================================================
detailed place critical path target clock latency max path
--------------------------------------------------------------------------
0.0000

==========================================================================
detailed place critical path target clock latency min path
--------------------------------------------------------------------------
0.0000

==========================================================================
detailed place critical path source clock latency min path
--------------------------------------------------------------------------
0.0000

==========================================================================
detailed place critical path delay
--------------------------------------------------------------------------
8.2480

==========================================================================
detailed place critical path slack
--------------------------------------------------------------------------
1.1520

==========================================================================
detailed place slack div critical path delay
--------------------------------------------------------------------------
13.967022

==========================================================================
detailed place report_power
--------------------------------------------------------------------------
Group                  Internal  Switching    Leakage      Total
                          Power      Power      Power      Power (Watts)
----------------------------------------------------------------
Sequential             0.00e+00   0.00e+00   0.00e+00   0.00e+00   0.0%
Combinational          2.40e-04   4.08e-04   3.63e-09   6.48e-04  37.3%
Clock                  0.00e+00   0.00e+00   0.00e+00   0.00e+00   0.0%
Macro                  1.09e-03   0.00e+00   7.31e-07   1.09e-03  62.7%
Pad                    0.00e+00   0.00e+00   0.00e+00   0.00e+00   0.0%
----------------------------------------------------------------
Total                  1.33e-03   4.08e-04   7.34e-07   1.74e-03 100.0%
                          76.5%      23.5%       0.0%
