
==========================================================================
global route report_tns
--------------------------------------------------------------------------
tns max 0.00

==========================================================================
global route report_wns
--------------------------------------------------------------------------
wns max 0.00

==========================================================================
global route report_worst_slack
--------------------------------------------------------------------------
worst slack max 0.45

==========================================================================
global route report_clock_min_period
--------------------------------------------------------------------------
core_clk period_min = 9.55 fmax = 104.72

==========================================================================
global route report_clock_skew
--------------------------------------------------------------------------
Clock core_clk
No launch/capture paths found.


==========================================================================
global route report_checks -path_delay min
--------------------------------------------------------------------------
Startpoint: payload_in[50] (input port clocked by core_clk)
Endpoint: u_data (rising edge-triggered flip-flop clocked by core_clk)
Path Group: core_clk
Path Type: min

Fanout     Cap    Slew   Delay    Time   Description
-----------------------------------------------------------------------------
                          0.00    0.00   clock core_clk (rise edge)
                          0.00    0.00   clock network delay (propagated)
                          1.00    1.00 v input external delay
     1    0.04    0.00    0.00    1.00 v payload_in[50] (in)
                                         payload_in[50] (net)
                  0.01    0.01    1.01 v input71/A (sky130_fd_sc_hd__buf_2)
     3    0.06    0.14    0.20    1.21 v input71/X (sky130_fd_sc_hd__buf_2)
                                         net70 (net)
                  0.19    0.00    1.21 v u_data/din[50] (sram22_256x64m4w8)
                                  1.21   data arrival time

                          0.00    0.00   clock core_clk (rise edge)
                          0.00    0.00   clock source latency
     2    0.06    0.00    0.00    0.00 ^ clk (in)
                                         clk (net)
                  0.00    0.00    0.00 ^ clkbuf_0_clk/A (sky130_fd_sc_hd__clkbuf_16)
     2    0.03    0.05    0.12    0.12 ^ clkbuf_0_clk/X (sky130_fd_sc_hd__clkbuf_16)
                                         clknet_0_clk (net)
                  0.05    0.00    0.12 ^ clkbuf_1_1__f_clk/A (sky130_fd_sc_hd__clkbuf_16)
     1    0.38    0.39    0.34    0.46 ^ clkbuf_1_1__f_clk/X (sky130_fd_sc_hd__clkbuf_16)
                                         clknet_1_1__leaf_clk (net)
                  0.52    0.04    0.51 ^ u_data/clk (sram22_256x64m4w8)
                          0.10    0.61   clock uncertainty
                          0.00    0.61   clock reconvergence pessimism
                          0.17    0.77   library hold time
                                  0.77   data required time
-----------------------------------------------------------------------------
                                  0.77   data required time
                                 -1.21   data arrival time
-----------------------------------------------------------------------------
                                  0.44   slack (MET)



==========================================================================
global route report_checks -path_delay max
--------------------------------------------------------------------------
Startpoint: u_data (rising edge-triggered flip-flop clocked by core_clk)
Endpoint: payload_out[20] (output port clocked by core_clk)
Path Group: core_clk
Path Type: max

Fanout     Cap    Slew   Delay    Time   Description
-----------------------------------------------------------------------------
                          0.00    0.00   clock core_clk (rise edge)
                          0.00    0.00   clock source latency
     2    0.06    0.00    0.00    0.00 ^ clk (in)
                                         clk (net)
                  0.00    0.00    0.00 ^ clkbuf_0_clk/A (sky130_fd_sc_hd__clkbuf_16)
     2    0.03    0.05    0.12    0.12 ^ clkbuf_0_clk/X (sky130_fd_sc_hd__clkbuf_16)
                                         clknet_0_clk (net)
                  0.05    0.00    0.12 ^ clkbuf_1_1__f_clk/A (sky130_fd_sc_hd__clkbuf_16)
     1    0.38    0.39    0.34    0.46 ^ clkbuf_1_1__f_clk/X (sky130_fd_sc_hd__clkbuf_16)
                                         clknet_1_1__leaf_clk (net)
                  0.52    0.04    0.51 ^ u_data/clk (sram22_256x64m4w8)
     1    0.02    0.23    3.46    3.97 ^ u_data/dout[6] (sram22_256x64m4w8)
                                         data_dout[6] (net)
                  0.17    0.00    3.97 ^ wire567/A (sky130_fd_sc_hd__clkbuf_1)
     1    0.01    0.07    0.13    4.10 ^ wire567/X (sky130_fd_sc_hd__clkbuf_1)
                                         net566 (net)
                  0.07    0.00    4.10 ^ wire566/A (sky130_fd_sc_hd__clkbuf_1)
     1    0.00    0.06    0.10    4.20 ^ wire566/X (sky130_fd_sc_hd__clkbuf_1)
                                         net565 (net)
                  0.06    0.00    4.20 ^ wire565/A (sky130_fd_sc_hd__clkbuf_1)
     2    0.04    0.42    0.35    4.55 ^ wire565/X (sky130_fd_sc_hd__clkbuf_1)
                                         net564 (net)
                  0.42    0.01    4.55 ^ max_cap564/A (sky130_fd_sc_hd__clkdlybuf4s50_1)
     1    0.01    0.08    0.59    5.14 ^ max_cap564/X (sky130_fd_sc_hd__clkdlybuf4s50_1)
                                         net563 (net)
                  0.08    0.00    5.14 ^ _499_/A (sky130_fd_sc_hd__xnor2_1)
     1    0.01    0.07    0.10    5.24 v _499_/Y (sky130_fd_sc_hd__xnor2_1)
                                         _088_ (net)
                  0.07    0.00    5.24 v _501_/A (sky130_fd_sc_hd__xnor2_1)
     2    0.02    0.45    0.41    5.64 ^ _501_/Y (sky130_fd_sc_hd__xnor2_1)
                                         _090_ (net)
                  0.45    0.00    5.65 ^ _538_/A (sky130_fd_sc_hd__xnor3_2)
     1    0.02    0.11    0.57    6.21 v _538_/X (sky130_fd_sc_hd__xnor3_2)
                                         _127_ (net)
                  0.11    0.00    6.21 v _543_/A (sky130_fd_sc_hd__xnor2_4)
     6    0.04    0.14    0.22    6.43 v _543_/Y (sky130_fd_sc_hd__xnor2_4)
                                         _132_ (net)
                  0.14    0.00    6.43 v _576_/C (sky130_fd_sc_hd__or3_2)
     5    0.02    0.13    0.52    6.95 v _576_/X (sky130_fd_sc_hd__or3_2)
                                         _159_ (net)
                  0.13    0.00    6.95 v _578_/A (sky130_fd_sc_hd__nand2_1)
    11    0.05    0.48    0.40    7.36 ^ _578_/Y (sky130_fd_sc_hd__nand2_1)
                                         _161_ (net)
                  0.48    0.00    7.36 ^ _644_/C (sky130_fd_sc_hd__nand4_1)
     1    0.01    0.17    0.22    7.58 v _644_/Y (sky130_fd_sc_hd__nand4_1)
                                         _207_ (net)
                  0.17    0.00    7.58 v _645_/B (sky130_fd_sc_hd__xnor2_1)
     1    0.01    0.17    0.22    7.80 ^ _645_/Y (sky130_fd_sc_hd__xnor2_1)
                                         net105 (net)
                  0.17    0.00    7.80 ^ output106/A (sky130_fd_sc_hd__clkdlybuf4s50_1)
     1    0.02    0.23    0.65    8.45 ^ output106/X (sky130_fd_sc_hd__clkdlybuf4s50_1)
                                         payload_out[20] (net)
                  0.23    0.00    8.45 ^ payload_out[20] (out)
                                  8.45   data arrival time

                         10.00   10.00   clock core_clk (rise edge)
                          0.00   10.00   clock network delay (propagated)
                         -0.10    9.90   clock uncertainty
                          0.00    9.90   clock reconvergence pessimism
                         -1.00    8.90   output external delay
                                  8.90   data required time
-----------------------------------------------------------------------------
                                  8.90   data required time
                                 -8.45   data arrival time
-----------------------------------------------------------------------------
                                  0.45   slack (MET)



==========================================================================
global route report_checks -unconstrained
--------------------------------------------------------------------------
Startpoint: u_data (rising edge-triggered flip-flop clocked by core_clk)
Endpoint: payload_out[20] (output port clocked by core_clk)
Path Group: core_clk
Path Type: max

Fanout     Cap    Slew   Delay    Time   Description
-----------------------------------------------------------------------------
                          0.00    0.00   clock core_clk (rise edge)
                          0.00    0.00   clock source latency
     2    0.06    0.00    0.00    0.00 ^ clk (in)
                                         clk (net)
                  0.00    0.00    0.00 ^ clkbuf_0_clk/A (sky130_fd_sc_hd__clkbuf_16)
     2    0.03    0.05    0.12    0.12 ^ clkbuf_0_clk/X (sky130_fd_sc_hd__clkbuf_16)
                                         clknet_0_clk (net)
                  0.05    0.00    0.12 ^ clkbuf_1_1__f_clk/A (sky130_fd_sc_hd__clkbuf_16)
     1    0.38    0.39    0.34    0.46 ^ clkbuf_1_1__f_clk/X (sky130_fd_sc_hd__clkbuf_16)
                                         clknet_1_1__leaf_clk (net)
                  0.52    0.04    0.51 ^ u_data/clk (sram22_256x64m4w8)
     1    0.02    0.23    3.46    3.97 ^ u_data/dout[6] (sram22_256x64m4w8)
                                         data_dout[6] (net)
                  0.17    0.00    3.97 ^ wire567/A (sky130_fd_sc_hd__clkbuf_1)
     1    0.01    0.07    0.13    4.10 ^ wire567/X (sky130_fd_sc_hd__clkbuf_1)
                                         net566 (net)
                  0.07    0.00    4.10 ^ wire566/A (sky130_fd_sc_hd__clkbuf_1)
     1    0.00    0.06    0.10    4.20 ^ wire566/X (sky130_fd_sc_hd__clkbuf_1)
                                         net565 (net)
                  0.06    0.00    4.20 ^ wire565/A (sky130_fd_sc_hd__clkbuf_1)
     2    0.04    0.42    0.35    4.55 ^ wire565/X (sky130_fd_sc_hd__clkbuf_1)
                                         net564 (net)
                  0.42    0.01    4.55 ^ max_cap564/A (sky130_fd_sc_hd__clkdlybuf4s50_1)
     1    0.01    0.08    0.59    5.14 ^ max_cap564/X (sky130_fd_sc_hd__clkdlybuf4s50_1)
                                         net563 (net)
                  0.08    0.00    5.14 ^ _499_/A (sky130_fd_sc_hd__xnor2_1)
     1    0.01    0.07    0.10    5.24 v _499_/Y (sky130_fd_sc_hd__xnor2_1)
                                         _088_ (net)
                  0.07    0.00    5.24 v _501_/A (sky130_fd_sc_hd__xnor2_1)
     2    0.02    0.45    0.41    5.64 ^ _501_/Y (sky130_fd_sc_hd__xnor2_1)
                                         _090_ (net)
                  0.45    0.00    5.65 ^ _538_/A (sky130_fd_sc_hd__xnor3_2)
     1    0.02    0.11    0.57    6.21 v _538_/X (sky130_fd_sc_hd__xnor3_2)
                                         _127_ (net)
                  0.11    0.00    6.21 v _543_/A (sky130_fd_sc_hd__xnor2_4)
     6    0.04    0.14    0.22    6.43 v _543_/Y (sky130_fd_sc_hd__xnor2_4)
                                         _132_ (net)
                  0.14    0.00    6.43 v _576_/C (sky130_fd_sc_hd__or3_2)
     5    0.02    0.13    0.52    6.95 v _576_/X (sky130_fd_sc_hd__or3_2)
                                         _159_ (net)
                  0.13    0.00    6.95 v _578_/A (sky130_fd_sc_hd__nand2_1)
    11    0.05    0.48    0.40    7.36 ^ _578_/Y (sky130_fd_sc_hd__nand2_1)
                                         _161_ (net)
                  0.48    0.00    7.36 ^ _644_/C (sky130_fd_sc_hd__nand4_1)
     1    0.01    0.17    0.22    7.58 v _644_/Y (sky130_fd_sc_hd__nand4_1)
                                         _207_ (net)
                  0.17    0.00    7.58 v _645_/B (sky130_fd_sc_hd__xnor2_1)
     1    0.01    0.17    0.22    7.80 ^ _645_/Y (sky130_fd_sc_hd__xnor2_1)
                                         net105 (net)
                  0.17    0.00    7.80 ^ output106/A (sky130_fd_sc_hd__clkdlybuf4s50_1)
     1    0.02    0.23    0.65    8.45 ^ output106/X (sky130_fd_sc_hd__clkdlybuf4s50_1)
                                         payload_out[20] (net)
                  0.23    0.00    8.45 ^ payload_out[20] (out)
                                  8.45   data arrival time

                         10.00   10.00   clock core_clk (rise edge)
                          0.00   10.00   clock network delay (propagated)
                         -0.10    9.90   clock uncertainty
                          0.00    9.90   clock reconvergence pessimism
                         -1.00    8.90   output external delay
                                  8.90   data required time
-----------------------------------------------------------------------------
                                  8.90   data required time
                                 -8.45   data arrival time
-----------------------------------------------------------------------------
                                  0.45   slack (MET)



==========================================================================
global route report_check_types -max_slew -max_cap -max_fanout -violators
--------------------------------------------------------------------------
max slew

Pin                                    Limit    Slew   Slack
------------------------------------------------------------
u_data/dout[3]                          0.04    0.57   -0.53 (VIOLATED)
u_data/dout[58]                         0.04    0.51   -0.47 (VIOLATED)
u_data/dout[2]                          0.04    0.50   -0.46 (VIOLATED)
u_data/dout[10]                         0.04    0.49   -0.45 (VIOLATED)
u_data/dout[15]                         0.04    0.48   -0.44 (VIOLATED)
u_ecc0/dout[5]                          0.04    0.48   -0.44 (VIOLATED)
u_ecc0/dout[2]                          0.04    0.46   -0.42 (VIOLATED)
u_data/dout[59]                         0.04    0.44   -0.40 (VIOLATED)
u_data/dout[16]                         0.04    0.43   -0.39 (VIOLATED)
u_data/dout[11]                         0.04    0.43   -0.39 (VIOLATED)
u_data/dout[17]                         0.04    0.43   -0.39 (VIOLATED)
u_data/dout[19]                         0.04    0.43   -0.39 (VIOLATED)
u_data/dout[60]                         0.04    0.43   -0.39 (VIOLATED)
u_data/dout[12]                         0.04    0.43   -0.39 (VIOLATED)
u_data/dout[18]                         0.04    0.42   -0.38 (VIOLATED)
u_data/dout[56]                         0.04    0.41   -0.37 (VIOLATED)
u_ecc0/dout[1]                          0.04    0.41   -0.37 (VIOLATED)
u_data/dout[13]                         0.04    0.41   -0.37 (VIOLATED)
u_data/dout[14]                         0.04    0.41   -0.37 (VIOLATED)
u_data/dout[61]                         0.04    0.41   -0.37 (VIOLATED)
u_ecc0/dout[3]                          0.04    0.39   -0.35 (VIOLATED)
u_data/dout[24]                         0.04    0.39   -0.35 (VIOLATED)
u_data/dout[20]                         0.04    0.39   -0.35 (VIOLATED)
u_data/dout[43]                         0.04    0.39   -0.35 (VIOLATED)
u_data/dout[54]                         0.04    0.39   -0.35 (VIOLATED)
u_data/dout[57]                         0.04    0.38   -0.34 (VIOLATED)
u_data/dout[55]                         0.04    0.38   -0.34 (VIOLATED)
u_data/dout[21]                         0.04    0.38   -0.34 (VIOLATED)
u_data/dout[7]                          0.04    0.37   -0.33 (VIOLATED)
u_data/dout[26]                         0.04    0.37   -0.33 (VIOLATED)
u_data/dout[52]                         0.04    0.36   -0.32 (VIOLATED)
u_data/dout[35]                         0.04    0.36   -0.32 (VIOLATED)
u_data/dout[25]                         0.04    0.36   -0.32 (VIOLATED)
u_data/dout[39]                         0.04    0.34   -0.30 (VIOLATED)
u_data/dout[63]                         0.04    0.34   -0.30 (VIOLATED)
u_data/dout[27]                         0.04    0.34   -0.30 (VIOLATED)
u_ecc0/dout[6]                          0.04    0.34   -0.30 (VIOLATED)
u_data/dout[9]                          0.04    0.33   -0.29 (VIOLATED)
u_data/dout[51]                         0.04    0.33   -0.29 (VIOLATED)
u_data/dout[62]                         0.04    0.33   -0.29 (VIOLATED)
u_data/dout[37]                         0.04    0.33   -0.29 (VIOLATED)
u_data/dout[50]                         0.04    0.32   -0.28 (VIOLATED)
u_data/dout[33]                         0.04    0.32   -0.28 (VIOLATED)
u_ecc0/dout[0]                          0.04    0.32   -0.28 (VIOLATED)
u_data/dout[47]                         0.04    0.32   -0.28 (VIOLATED)
u_data/dout[41]                         0.04    0.32   -0.28 (VIOLATED)
u_data/dout[34]                         0.04    0.32   -0.28 (VIOLATED)
u_data/dout[49]                         0.04    0.32   -0.28 (VIOLATED)
u_data/rstb                             0.35    0.62   -0.27 (VIOLATED)
u_data/dout[30]                         0.04    0.31   -0.27 (VIOLATED)
u_data/dout[32]                         0.04    0.31   -0.27 (VIOLATED)
u_data/dout[40]                         0.04    0.30   -0.26 (VIOLATED)
u_data/dout[29]                         0.04    0.30   -0.26 (VIOLATED)
u_data/dout[31]                         0.04    0.30   -0.26 (VIOLATED)
u_data/dout[36]                         0.04    0.30   -0.26 (VIOLATED)
u_ecc0/dout[4]                          0.04    0.30   -0.26 (VIOLATED)
u_data/dout[42]                         0.04    0.30   -0.26 (VIOLATED)
u_data/dout[45]                         0.04    0.30   -0.26 (VIOLATED)
u_data/dout[46]                         0.04    0.30   -0.26 (VIOLATED)
u_data/dout[48]                         0.04    0.29   -0.25 (VIOLATED)
u_data/dout[44]                         0.04    0.29   -0.25 (VIOLATED)
u_ecc0/dout[7]                          0.04    0.29   -0.25 (VIOLATED)
u_data/dout[53]                         0.04    0.29   -0.25 (VIOLATED)
u_data/dout[8]                          0.04    0.28   -0.24 (VIOLATED)
u_data/dout[38]                         0.04    0.28   -0.24 (VIOLATED)
u_data/dout[23]                         0.04    0.24   -0.20 (VIOLATED)
u_data/dout[6]                          0.04    0.23   -0.19 (VIOLATED)
u_data/dout[1]                          0.04    0.23   -0.19 (VIOLATED)
u_data/dout[0]                          0.04    0.22   -0.18 (VIOLATED)
u_data/dout[4]                          0.04    0.22   -0.18 (VIOLATED)
u_data/clk                              0.35    0.52   -0.17 (VIOLATED)
u_data/dout[28]                         0.04    0.20   -0.16 (VIOLATED)
u_data/dout[5]                          0.04    0.20   -0.16 (VIOLATED)
u_data/dout[22]                         0.04    0.19   -0.15 (VIOLATED)
max_cap678/A                            0.60    0.71   -0.11 (VIOLATED)
_479_/A                                 0.60    0.71   -0.11 (VIOLATED)
wire679/X                               0.60    0.71   -0.11 (VIOLATED)
u_data/din[50]                          0.35    0.39   -0.04 (VIOLATED)
u_ecc0/rstb                             0.35    0.38   -0.03 (VIOLATED)
max_cap659/A                            0.60    0.61   -0.01 (VIOLATED)
_529_/A                                 0.60    0.61   -0.01 (VIOLATED)
wire660/X                               0.60    0.61   -0.01 (VIOLATED)


==========================================================================
global route max_slew_check_slack
--------------------------------------------------------------------------
-0.5274586081504822

==========================================================================
global route max_slew_check_limit
--------------------------------------------------------------------------
0.03999999910593033

==========================================================================
global route max_slew_check_slack_limit
--------------------------------------------------------------------------
-13.1865

==========================================================================
global route max_fanout_check_slack
--------------------------------------------------------------------------
1.0000000150474662e+30

==========================================================================
global route max_fanout_check_limit
--------------------------------------------------------------------------
1.0000000150474662e+30

==========================================================================
global route max_capacitance_check_slack
--------------------------------------------------------------------------
0.028687765821814537

==========================================================================
global route max_capacitance_check_limit
--------------------------------------------------------------------------
0.03663099929690361

==========================================================================
global route max_capacitance_check_slack_limit
--------------------------------------------------------------------------
0.7832

==========================================================================
global route max_slew_violation_count
--------------------------------------------------------------------------
max slew violation count 82

==========================================================================
global route max_fanout_violation_count
--------------------------------------------------------------------------
max fanout violation count 0

==========================================================================
global route max_cap_violation_count
--------------------------------------------------------------------------
max cap violation count 0

==========================================================================
global route setup_violation_count
--------------------------------------------------------------------------
setup violation count 0

==========================================================================
global route hold_violation_count
--------------------------------------------------------------------------
hold violation count 0

==========================================================================
global route report_checks -path_delay max reg to reg
--------------------------------------------------------------------------
No paths found.

==========================================================================
global route report_checks -path_delay min reg to reg
--------------------------------------------------------------------------
No paths found.

==========================================================================
global route critical path target clock latency max path
--------------------------------------------------------------------------
0.2971

==========================================================================
global route critical path target clock latency min path
--------------------------------------------------------------------------
0.5067

==========================================================================
global route critical path source clock latency min path
--------------------------------------------------------------------------
0.0000

==========================================================================
global route critical path delay
--------------------------------------------------------------------------
8.4491

==========================================================================
global route critical path slack
--------------------------------------------------------------------------
0.4509

==========================================================================
global route slack div critical path delay
--------------------------------------------------------------------------
5.336663

==========================================================================
global route report_power
--------------------------------------------------------------------------
Group                  Internal  Switching    Leakage      Total
                          Power      Power      Power      Power (Watts)
----------------------------------------------------------------
Sequential             0.00e+00   0.00e+00   0.00e+00   0.00e+00   0.0%
Combinational          2.36e-04   4.28e-04   3.32e-09   6.64e-04  33.0%
Clock                  6.13e-05   1.95e-04   4.85e-11   2.57e-04  12.8%
Macro                  1.09e-03   0.00e+00   7.31e-07   1.09e-03  54.2%
Pad                    0.00e+00   0.00e+00   0.00e+00   0.00e+00   0.0%
----------------------------------------------------------------
Total                  1.38e-03   6.23e-04   7.34e-07   2.01e-03 100.0%
                          68.9%      31.0%       0.0%
