
==========================================================================
detailed place report_tns
--------------------------------------------------------------------------
tns max 0.00

==========================================================================
detailed place report_wns
--------------------------------------------------------------------------
wns max 0.00

==========================================================================
detailed place report_worst_slack
--------------------------------------------------------------------------
worst slack max 0.93

==========================================================================
detailed place report_clock_min_period
--------------------------------------------------------------------------
core_clk period_min = 9.07 fmax = 110.22

==========================================================================
detailed place report_checks -path_delay min
--------------------------------------------------------------------------
Startpoint: rstb (input port clocked by core_clk)
Endpoint: u_protected_memory.u_data
          (rising edge-triggered flip-flop clocked by core_clk)
Path Group: core_clk
Path Type: min

Fanout     Cap    Slew   Delay    Time   Description
-----------------------------------------------------------------------------
                  0.00    0.00    0.00   clock core_clk (rise edge)
                          0.00    0.00   clock network delay (ideal)
                          0.50    0.50 v input external delay
     1    0.05    0.00    0.00    0.50 v rstb (in)
                                         rstb (net)
                  0.01    0.01    0.51 v input90/A (sky130_fd_sc_hd__clkbuf_16)
     2    0.04    0.05    0.15    0.65 v input90/X (sky130_fd_sc_hd__clkbuf_16)
                                         net89 (net)
                  0.05    0.00    0.65 v wire304/A (sky130_fd_sc_hd__buf_16)
     1    0.02    0.03    0.13    0.78 v wire304/X (sky130_fd_sc_hd__buf_16)
                                         net303 (net)
                  0.03    0.00    0.78 v wire637/A (sky130_fd_sc_hd__buf_16)
     1    0.08    0.06    0.15    0.93 v wire637/X (sky130_fd_sc_hd__buf_16)
                                         net636 (net)
                  0.08    0.00    0.94 v u_protected_memory.u_data/rstb (sram22_256x64m4w8)
                                  0.94   data arrival time

                  0.00    0.00    0.00   clock core_clk (rise edge)
                          0.00    0.00   clock network delay (ideal)
                          0.10    0.10   clock uncertainty
                          0.00    0.10   clock reconvergence pessimism
                                  0.10 ^ u_protected_memory.u_data/clk (sram22_256x64m4w8)
                          4.87    4.97   library hold time
                                  4.97   data required time
-----------------------------------------------------------------------------
                                  4.97   data required time
                                 -0.94   data arrival time
-----------------------------------------------------------------------------
                                 -4.03   slack (VIOLATED)



==========================================================================
detailed place report_checks -path_delay max
--------------------------------------------------------------------------
Startpoint: u_protected_memory.u_data
            (rising edge-triggered flip-flop clocked by core_clk)
Endpoint: detected_uncorrectable (output port clocked by core_clk)
Path Group: core_clk
Path Type: max

Fanout     Cap    Slew   Delay    Time   Description
-----------------------------------------------------------------------------
                  0.00    0.00    0.00   clock core_clk (rise edge)
                          0.00    0.00   clock network delay (ideal)
                  0.00    0.00    0.00 ^ u_protected_memory.u_data/clk (sram22_256x64m4w8)
     2    0.04    0.32    3.47    3.47 ^ u_protected_memory.u_data/dout[61] (sram22_256x64m4w8)
                                         u_protected_memory.data_dout[61] (net)
                  0.24    0.01    3.48 ^ max_cap557/A (sky130_fd_sc_hd__clkdlybuf4s50_1)
     2    0.01    0.09    0.57    4.04 ^ max_cap557/X (sky130_fd_sc_hd__clkdlybuf4s50_1)
                                         net556 (net)
                  0.09    0.00    4.04 ^ max_cap556/A (sky130_fd_sc_hd__clkdlybuf4s50_1)
     1    0.01    0.07    0.50    4.55 ^ max_cap556/X (sky130_fd_sc_hd__clkdlybuf4s50_1)
                                         net555 (net)
                  0.07    0.00    4.55 ^ max_cap190/A (sky130_fd_sc_hd__clkbuf_2)
     1    0.01    0.05    0.11    4.66 ^ max_cap190/X (sky130_fd_sc_hd__clkbuf_2)
                                         net189 (net)
                  0.05    0.00    4.66 ^ _492_/B (sky130_fd_sc_hd__xnor2_1)
     2    0.01    0.21    0.14    4.80 ^ _492_/Y (sky130_fd_sc_hd__xnor2_1)
                                         _034_ (net)
                  0.21    0.00    4.80 ^ _495_/A (sky130_fd_sc_hd__xnor3_1)
     2    0.01    0.10    0.47    5.28 v _495_/X (sky130_fd_sc_hd__xnor3_1)
                                         _037_ (net)
                  0.10    0.00    5.28 v _500_/A (sky130_fd_sc_hd__xnor3_1)
     2    0.03    0.17    0.50    5.77 v _500_/X (sky130_fd_sc_hd__xnor3_1)
                                         _042_ (net)
                  0.17    0.00    5.78 v _587_/B (sky130_fd_sc_hd__xnor2_4)
    10    0.05    0.41    0.39    6.17 ^ _587_/Y (sky130_fd_sc_hd__xnor2_4)
                                         _128_ (net)
                  0.41    0.00    6.17 ^ place712/A (sky130_fd_sc_hd__buf_4)
     2    0.01    0.05    0.20    6.36 ^ place712/X (sky130_fd_sc_hd__buf_4)
                                         net711 (net)
                  0.05    0.00    6.36 ^ _683_/B (sky130_fd_sc_hd__nor4_2)
     1    0.00    0.07    0.04    6.41 v _683_/Y (sky130_fd_sc_hd__nor4_2)
                                         _199_ (net)
                  0.07    0.00    6.41 v place690/A (sky130_fd_sc_hd__buf_4)
     5    0.03    0.05    0.17    6.57 v place690/X (sky130_fd_sc_hd__buf_4)
                                         net689 (net)
                  0.05    0.00    6.58 v _768_/A2 (sky130_fd_sc_hd__a32o_1)
     1    0.00    0.05    0.25    6.82 v _768_/X (sky130_fd_sc_hd__a32o_1)
                                         _247_ (net)
                  0.05    0.00    6.82 v _780_/A2 (sky130_fd_sc_hd__a211oi_1)
     1    0.01    0.25    0.28    7.10 ^ _780_/Y (sky130_fd_sc_hd__a211oi_1)
                                         _259_ (net)
                  0.25    0.00    7.10 ^ _814_/A (sky130_fd_sc_hd__nand4_1)
     2    0.01    0.18    0.21    7.31 v _814_/Y (sky130_fd_sc_hd__nand4_1)
                                         _293_ (net)
                  0.18    0.00    7.31 v _851_/B1 (sky130_fd_sc_hd__a211oi_4)
     1    0.03    0.43    0.46    7.77 ^ _851_/Y (sky130_fd_sc_hd__a211oi_4)
                                         net92 (net)
                  0.43    0.00    7.77 ^ output93/A (sky130_fd_sc_hd__clkdlybuf4s50_1)
     1    0.02    0.23    0.70    8.47 ^ output93/X (sky130_fd_sc_hd__clkdlybuf4s50_1)
                                         detected_uncorrectable (net)
                  0.23    0.00    8.47 ^ detected_uncorrectable (out)
                                  8.47   data arrival time

                  0.00   10.00   10.00   clock core_clk (rise edge)
                          0.00   10.00   clock network delay (ideal)
                         -0.10    9.90   clock uncertainty
                          0.00    9.90   clock reconvergence pessimism
                         -0.50    9.40   output external delay
                                  9.40   data required time
-----------------------------------------------------------------------------
                                  9.40   data required time
                                 -8.47   data arrival time
-----------------------------------------------------------------------------
                                  0.93   slack (MET)



==========================================================================
detailed place report_checks -unconstrained
--------------------------------------------------------------------------
Startpoint: u_protected_memory.u_data
            (rising edge-triggered flip-flop clocked by core_clk)
Endpoint: detected_uncorrectable (output port clocked by core_clk)
Path Group: core_clk
Path Type: max

Fanout     Cap    Slew   Delay    Time   Description
-----------------------------------------------------------------------------
                  0.00    0.00    0.00   clock core_clk (rise edge)
                          0.00    0.00   clock network delay (ideal)
                  0.00    0.00    0.00 ^ u_protected_memory.u_data/clk (sram22_256x64m4w8)
     2    0.04    0.32    3.47    3.47 ^ u_protected_memory.u_data/dout[61] (sram22_256x64m4w8)
                                         u_protected_memory.data_dout[61] (net)
                  0.24    0.01    3.48 ^ max_cap557/A (sky130_fd_sc_hd__clkdlybuf4s50_1)
     2    0.01    0.09    0.57    4.04 ^ max_cap557/X (sky130_fd_sc_hd__clkdlybuf4s50_1)
                                         net556 (net)
                  0.09    0.00    4.04 ^ max_cap556/A (sky130_fd_sc_hd__clkdlybuf4s50_1)
     1    0.01    0.07    0.50    4.55 ^ max_cap556/X (sky130_fd_sc_hd__clkdlybuf4s50_1)
                                         net555 (net)
                  0.07    0.00    4.55 ^ max_cap190/A (sky130_fd_sc_hd__clkbuf_2)
     1    0.01    0.05    0.11    4.66 ^ max_cap190/X (sky130_fd_sc_hd__clkbuf_2)
                                         net189 (net)
                  0.05    0.00    4.66 ^ _492_/B (sky130_fd_sc_hd__xnor2_1)
     2    0.01    0.21    0.14    4.80 ^ _492_/Y (sky130_fd_sc_hd__xnor2_1)
                                         _034_ (net)
                  0.21    0.00    4.80 ^ _495_/A (sky130_fd_sc_hd__xnor3_1)
     2    0.01    0.10    0.47    5.28 v _495_/X (sky130_fd_sc_hd__xnor3_1)
                                         _037_ (net)
                  0.10    0.00    5.28 v _500_/A (sky130_fd_sc_hd__xnor3_1)
     2    0.03    0.17    0.50    5.77 v _500_/X (sky130_fd_sc_hd__xnor3_1)
                                         _042_ (net)
                  0.17    0.00    5.78 v _587_/B (sky130_fd_sc_hd__xnor2_4)
    10    0.05    0.41    0.39    6.17 ^ _587_/Y (sky130_fd_sc_hd__xnor2_4)
                                         _128_ (net)
                  0.41    0.00    6.17 ^ place712/A (sky130_fd_sc_hd__buf_4)
     2    0.01    0.05    0.20    6.36 ^ place712/X (sky130_fd_sc_hd__buf_4)
                                         net711 (net)
                  0.05    0.00    6.36 ^ _683_/B (sky130_fd_sc_hd__nor4_2)
     1    0.00    0.07    0.04    6.41 v _683_/Y (sky130_fd_sc_hd__nor4_2)
                                         _199_ (net)
                  0.07    0.00    6.41 v place690/A (sky130_fd_sc_hd__buf_4)
     5    0.03    0.05    0.17    6.57 v place690/X (sky130_fd_sc_hd__buf_4)
                                         net689 (net)
                  0.05    0.00    6.58 v _768_/A2 (sky130_fd_sc_hd__a32o_1)
     1    0.00    0.05    0.25    6.82 v _768_/X (sky130_fd_sc_hd__a32o_1)
                                         _247_ (net)
                  0.05    0.00    6.82 v _780_/A2 (sky130_fd_sc_hd__a211oi_1)
     1    0.01    0.25    0.28    7.10 ^ _780_/Y (sky130_fd_sc_hd__a211oi_1)
                                         _259_ (net)
                  0.25    0.00    7.10 ^ _814_/A (sky130_fd_sc_hd__nand4_1)
     2    0.01    0.18    0.21    7.31 v _814_/Y (sky130_fd_sc_hd__nand4_1)
                                         _293_ (net)
                  0.18    0.00    7.31 v _851_/B1 (sky130_fd_sc_hd__a211oi_4)
     1    0.03    0.43    0.46    7.77 ^ _851_/Y (sky130_fd_sc_hd__a211oi_4)
                                         net92 (net)
                  0.43    0.00    7.77 ^ output93/A (sky130_fd_sc_hd__clkdlybuf4s50_1)
     1    0.02    0.23    0.70    8.47 ^ output93/X (sky130_fd_sc_hd__clkdlybuf4s50_1)
                                         detected_uncorrectable (net)
                  0.23    0.00    8.47 ^ detected_uncorrectable (out)
                                  8.47   data arrival time

                  0.00   10.00   10.00   clock core_clk (rise edge)
                          0.00   10.00   clock network delay (ideal)
                         -0.10    9.90   clock uncertainty
                          0.00    9.90   clock reconvergence pessimism
                         -0.50    9.40   output external delay
                                  9.40   data required time
-----------------------------------------------------------------------------
                                  9.40   data required time
                                 -8.47   data arrival time
-----------------------------------------------------------------------------
                                  0.93   slack (MET)



==========================================================================
detailed place report_check_types -max_slew -max_cap -max_fanout -violators
--------------------------------------------------------------------------
max slew

Pin                                    Limit    Slew   Slack
------------------------------------------------------------
u_protected_memory.u_ecc/dout[5]        0.04    0.45   -0.41 (VIOLATED)
u_protected_memory.u_data/dout[3]       0.04    0.45   -0.41 (VIOLATED)
u_protected_memory.u_ecc/dout[7]        0.04    0.41   -0.37 (VIOLATED)
u_protected_memory.u_ecc/dout[1]        0.04    0.41   -0.37 (VIOLATED)
u_protected_memory.u_ecc/dout[4]        0.04    0.41   -0.37 (VIOLATED)
u_protected_memory.u_ecc/dout[2]        0.04    0.39   -0.35 (VIOLATED)
u_protected_memory.u_data/dout[16]      0.04    0.36   -0.32 (VIOLATED)
u_protected_memory.u_data/dout[6]       0.04    0.36   -0.32 (VIOLATED)
u_protected_memory.u_data/dout[62]      0.04    0.35   -0.31 (VIOLATED)
u_protected_memory.u_data/dout[2]       0.04    0.34   -0.30 (VIOLATED)
u_protected_memory.u_data/dout[63]      0.04    0.34   -0.30 (VIOLATED)
u_protected_memory.u_ecc/dout[6]        0.04    0.32   -0.28 (VIOLATED)
u_protected_memory.u_data/dout[61]      0.04    0.32   -0.28 (VIOLATED)
u_protected_memory.u_data/dout[10]      0.04    0.31   -0.27 (VIOLATED)
u_protected_memory.u_data/rstb          0.35    0.62   -0.27 (VIOLATED)
u_protected_memory.u_data/dout[5]       0.04    0.31   -0.27 (VIOLATED)
u_protected_memory.u_data/dout[59]      0.04    0.31   -0.27 (VIOLATED)
u_protected_memory.u_ecc/dout[3]        0.04    0.30   -0.26 (VIOLATED)
u_protected_memory.u_data/dout[54]      0.04    0.30   -0.26 (VIOLATED)
u_protected_memory.u_data/dout[19]      0.04    0.29   -0.25 (VIOLATED)
u_protected_memory.u_data/dout[13]      0.04    0.28   -0.24 (VIOLATED)
u_protected_memory.u_data/dout[56]      0.04    0.28   -0.24 (VIOLATED)
u_protected_memory.u_data/dout[17]      0.04    0.28   -0.24 (VIOLATED)
u_protected_memory.u_data/dout[58]      0.04    0.27   -0.23 (VIOLATED)
u_protected_memory.u_data/dout[8]       0.04    0.27   -0.23 (VIOLATED)
u_protected_memory.u_data/dout[60]      0.04    0.26   -0.22 (VIOLATED)
u_protected_memory.u_data/dout[33]      0.04    0.26   -0.22 (VIOLATED)
u_protected_memory.u_ecc/dout[0]        0.04    0.25   -0.21 (VIOLATED)
u_protected_memory.u_data/dout[7]       0.04    0.25   -0.21 (VIOLATED)
u_protected_memory.u_data/dout[12]      0.04    0.24   -0.20 (VIOLATED)
u_protected_memory.u_data/dout[31]      0.04    0.23   -0.19 (VIOLATED)
u_protected_memory.u_data/dout[40]      0.04    0.23   -0.19 (VIOLATED)
u_protected_memory.u_data/dout[9]       0.04    0.23   -0.19 (VIOLATED)
u_protected_memory.u_data/dout[14]      0.04    0.23   -0.19 (VIOLATED)
u_protected_memory.u_data/dout[32]      0.04    0.23   -0.19 (VIOLATED)
u_protected_memory.u_data/dout[35]      0.04    0.23   -0.19 (VIOLATED)
u_protected_memory.u_data/dout[57]      0.04    0.23   -0.19 (VIOLATED)
u_protected_memory.u_data/dout[18]      0.04    0.22   -0.18 (VIOLATED)
u_protected_memory.u_data/dout[36]      0.04    0.22   -0.18 (VIOLATED)
u_protected_memory.u_data/dout[26]      0.04    0.21   -0.17 (VIOLATED)
u_protected_memory.u_data/dout[30]      0.04    0.21   -0.17 (VIOLATED)
u_protected_memory.u_data/dout[52]      0.04    0.21   -0.17 (VIOLATED)
u_protected_memory.u_data/dout[23]      0.04    0.21   -0.17 (VIOLATED)
u_protected_memory.u_data/dout[55]      0.04    0.21   -0.17 (VIOLATED)
u_protected_memory.u_data/dout[1]       0.04    0.21   -0.17 (VIOLATED)
u_protected_memory.u_data/dout[43]      0.04    0.20   -0.16 (VIOLATED)
u_protected_memory.u_data/dout[15]      0.04    0.20   -0.16 (VIOLATED)
u_protected_memory.u_data/dout[24]      0.04    0.20   -0.16 (VIOLATED)
u_protected_memory.u_data/dout[25]      0.04    0.20   -0.16 (VIOLATED)
u_protected_memory.u_data/dout[0]       0.04    0.20   -0.16 (VIOLATED)
u_protected_memory.u_data/dout[29]      0.04    0.20   -0.16 (VIOLATED)
u_protected_memory.u_data/dout[11]      0.04    0.20   -0.16 (VIOLATED)
u_protected_memory.u_data/dout[50]      0.04    0.20   -0.16 (VIOLATED)
u_protected_memory.u_data/dout[53]      0.04    0.19   -0.15 (VIOLATED)
u_protected_memory.u_data/dout[42]      0.04    0.19   -0.15 (VIOLATED)
u_protected_memory.u_data/dout[49]      0.04    0.19   -0.15 (VIOLATED)
u_protected_memory.u_data/dout[48]      0.04    0.19   -0.15 (VIOLATED)
u_protected_memory.u_data/dout[44]      0.04    0.19   -0.15 (VIOLATED)
u_protected_memory.u_data/dout[47]      0.04    0.19   -0.15 (VIOLATED)
u_protected_memory.u_data/dout[39]      0.04    0.19   -0.15 (VIOLATED)
u_protected_memory.u_data/dout[22]      0.04    0.19   -0.15 (VIOLATED)
u_protected_memory.u_data/dout[4]       0.04    0.19   -0.15 (VIOLATED)
u_protected_memory.u_data/dout[38]      0.04    0.18   -0.14 (VIOLATED)
u_protected_memory.u_data/dout[34]      0.04    0.18   -0.14 (VIOLATED)
u_protected_memory.u_data/dout[21]      0.04    0.18   -0.14 (VIOLATED)
u_protected_memory.u_data/dout[51]      0.04    0.18   -0.14 (VIOLATED)
u_protected_memory.u_data/dout[27]      0.04    0.18   -0.14 (VIOLATED)
u_protected_memory.u_data/dout[46]      0.04    0.17   -0.13 (VIOLATED)
u_protected_memory.u_data/dout[45]      0.04    0.17   -0.13 (VIOLATED)
u_protected_memory.u_data/dout[41]      0.04    0.17   -0.13 (VIOLATED)
u_protected_memory.u_data/dout[20]      0.04    0.17   -0.13 (VIOLATED)
u_protected_memory.u_data/dout[37]      0.04    0.16   -0.12 (VIOLATED)
u_protected_memory.u_data/dout[28]      0.04    0.16   -0.12 (VIOLATED)
u_protected_memory.u_data/din[57]       0.35    0.43   -0.08 (VIOLATED)
u_protected_memory.u_data/din[56]       0.35    0.42   -0.07 (VIOLATED)
place679/A                              0.60    0.62   -0.02 (VIOLATED)
_697_/Y                                 0.60    0.62   -0.02 (VIOLATED)
u_protected_memory.u_ecc/rstb           0.35    0.36   -0.01 (VIOLATED)


==========================================================================
detailed place max_slew_check_slack
--------------------------------------------------------------------------
-0.41276490688323975

==========================================================================
detailed place max_slew_check_limit
--------------------------------------------------------------------------
0.03999999910593033

==========================================================================
detailed place max_slew_check_slack_limit
--------------------------------------------------------------------------
-10.3191

==========================================================================
detailed place max_fanout_check_slack
--------------------------------------------------------------------------
1.0000000150474662e+30

==========================================================================
detailed place max_fanout_check_limit
--------------------------------------------------------------------------
1.0000000150474662e+30

==========================================================================
detailed place max_capacitance_check_slack
--------------------------------------------------------------------------
0.02572203241288662

==========================================================================
detailed place max_capacitance_check_limit
--------------------------------------------------------------------------
0.02930700220167637

==========================================================================
detailed place max_capacitance_check_slack_limit
--------------------------------------------------------------------------
0.8777

==========================================================================
detailed place max_slew_violation_count
--------------------------------------------------------------------------
max slew violation count 78

==========================================================================
detailed place max_fanout_violation_count
--------------------------------------------------------------------------
max fanout violation count 0

==========================================================================
detailed place max_cap_violation_count
--------------------------------------------------------------------------
max cap violation count 0

==========================================================================
detailed place setup_violation_count
--------------------------------------------------------------------------
setup violation count 0

==========================================================================
detailed place hold_violation_count
--------------------------------------------------------------------------
hold violation count 2

==========================================================================
detailed place report_checks -path_delay max reg to reg
--------------------------------------------------------------------------
No paths found.

==========================================================================
detailed place report_checks -path_delay min reg to reg
--------------------------------------------------------------------------
No paths found.

==========================================================================
detailed place critical path target clock latency max path
--------------------------------------------------------------------------
0.0000

==========================================================================
detailed place critical path target clock latency min path
--------------------------------------------------------------------------
0.0000

==========================================================================
detailed place critical path source clock latency min path
--------------------------------------------------------------------------
0.0000

==========================================================================
detailed place critical path delay
--------------------------------------------------------------------------
8.4726

==========================================================================
detailed place critical path slack
--------------------------------------------------------------------------
0.9274

==========================================================================
detailed place slack div critical path delay
--------------------------------------------------------------------------
10.945873

==========================================================================
detailed place report_power
--------------------------------------------------------------------------
Group                  Internal  Switching    Leakage      Total
                          Power      Power      Power      Power (Watts)
----------------------------------------------------------------
Sequential             0.00e+00   0.00e+00   0.00e+00   0.00e+00   0.0%
Combinational          2.40e-04   4.09e-04   3.55e-09   6.48e-04  37.3%
Clock                  0.00e+00   0.00e+00   0.00e+00   0.00e+00   0.0%
Macro                  1.09e-03   0.00e+00   7.31e-07   1.09e-03  62.7%
Pad                    0.00e+00   0.00e+00   0.00e+00   0.00e+00   0.0%
----------------------------------------------------------------
Total                  1.33e-03   4.09e-04   7.34e-07   1.74e-03 100.0%
                          76.4%      23.5%       0.0%
