
==========================================================================
finish report_tns
--------------------------------------------------------------------------
tns max 0.00

==========================================================================
finish report_wns
--------------------------------------------------------------------------
wns max 0.00

==========================================================================
finish report_worst_slack
--------------------------------------------------------------------------
worst slack max 0.43

==========================================================================
finish report_clock_min_period
--------------------------------------------------------------------------
core_clk period_min = 9.57 fmax = 104.53

==========================================================================
finish report_clock_skew
--------------------------------------------------------------------------
Clock core_clk
No launch/capture paths found.


==========================================================================
finish report_checks -path_delay min
--------------------------------------------------------------------------
Startpoint: payload_in[58] (input port clocked by core_clk)
Endpoint: u_protected_memory.u_data
          (rising edge-triggered flip-flop clocked by core_clk)
Path Group: core_clk
Path Type: min

Fanout     Cap    Slew   Delay    Time   Description
-----------------------------------------------------------------------------
                          0.00    0.00   clock core_clk (rise edge)
                          0.00    0.00   clock network delay (propagated)
                          0.50    0.50 ^ input external delay
     1    0.00    0.00    0.00    0.50 ^ payload_in[58] (in)
                                         payload_in[58] (net)
                  0.00    0.00    0.50 ^ input79/A (sky130_fd_sc_hd__buf_2)
     1    0.00    0.03    0.08    0.58 ^ input79/X (sky130_fd_sc_hd__buf_2)
                                         net78 (net)
                  0.03    0.00    0.58 ^ place746/A (sky130_fd_sc_hd__buf_4)
     2    0.05    0.15    0.18    0.76 ^ place746/X (sky130_fd_sc_hd__buf_4)
                                         net745 (net)
                  0.21    0.01    0.77 ^ u_protected_memory.u_data/din[58] (sram22_256x64m4w8)
                                  0.77   data arrival time

                          0.00    0.00   clock core_clk (rise edge)
                          0.00    0.00   clock source latency
     2    0.05    0.00    0.00    0.00 ^ clk (in)
                                         clk (net)
                  0.00    0.00    0.00 ^ clkbuf_0_clk/A (sky130_fd_sc_hd__clkbuf_16)
     2    0.02    0.04    0.11    0.11 ^ clkbuf_0_clk/X (sky130_fd_sc_hd__clkbuf_16)
                                         clknet_0_clk (net)
                  0.04    0.00    0.11 ^ clkbuf_1_1__f_clk/A (sky130_fd_sc_hd__clkbuf_16)
     1    0.04    0.06    0.14    0.26 ^ clkbuf_1_1__f_clk/X (sky130_fd_sc_hd__clkbuf_16)
                                         clknet_1_1__leaf_clk (net)
                  0.06    0.00    0.26 ^ attempt09_data_clk_stage1/A (sky130_fd_sc_hd__clkinv_16)
     1    0.04    0.03    0.06    0.32 v attempt09_data_clk_stage1/Y (sky130_fd_sc_hd__clkinv_16)
                                         attempt09_data_clk_mid (net)
                  0.03    0.00    0.32 v attempt09_data_clk_stage2/A (sky130_fd_sc_hd__clkinv_16)
     1    0.37    0.24    0.18    0.50 ^ attempt09_data_clk_stage2/Y (sky130_fd_sc_hd__clkinv_16)
                                         attempt09_data_clk_out (net)
                  0.33    0.02    0.52 ^ u_protected_memory.u_data/clk (sram22_256x64m4w8)
                          0.10    0.62   clock uncertainty
                          0.00    0.62   clock reconvergence pessimism
                          0.15    0.77   library hold time
                                  0.77   data required time
-----------------------------------------------------------------------------
                                  0.77   data required time
                                 -0.77   data arrival time
-----------------------------------------------------------------------------
                                  0.00   slack (MET)



==========================================================================
finish report_checks -path_delay max
--------------------------------------------------------------------------
Startpoint: u_protected_memory.u_data
            (rising edge-triggered flip-flop clocked by core_clk)
Endpoint: detected_uncorrectable (output port clocked by core_clk)
Path Group: core_clk
Path Type: max

Fanout     Cap    Slew   Delay    Time   Description
-----------------------------------------------------------------------------
                          0.00    0.00   clock core_clk (rise edge)
                          0.00    0.00   clock source latency
     2    0.05    0.00    0.00    0.00 ^ clk (in)
                                         clk (net)
                  0.00    0.00    0.00 ^ clkbuf_0_clk/A (sky130_fd_sc_hd__clkbuf_16)
     2    0.02    0.04    0.11    0.11 ^ clkbuf_0_clk/X (sky130_fd_sc_hd__clkbuf_16)
                                         clknet_0_clk (net)
                  0.04    0.00    0.11 ^ clkbuf_1_1__f_clk/A (sky130_fd_sc_hd__clkbuf_16)
     1    0.04    0.06    0.14    0.26 ^ clkbuf_1_1__f_clk/X (sky130_fd_sc_hd__clkbuf_16)
                                         clknet_1_1__leaf_clk (net)
                  0.06    0.00    0.26 ^ attempt09_data_clk_stage1/A (sky130_fd_sc_hd__clkinv_16)
     1    0.04    0.03    0.06    0.32 v attempt09_data_clk_stage1/Y (sky130_fd_sc_hd__clkinv_16)
                                         attempt09_data_clk_mid (net)
                  0.03    0.00    0.32 v attempt09_data_clk_stage2/A (sky130_fd_sc_hd__clkinv_16)
     1    0.37    0.24    0.18    0.50 ^ attempt09_data_clk_stage2/Y (sky130_fd_sc_hd__clkinv_16)
                                         attempt09_data_clk_out (net)
                  0.33    0.02    0.52 ^ u_protected_memory.u_data/clk (sram22_256x64m4w8)
     2    0.04    0.32    3.50    4.02 ^ u_protected_memory.u_data/dout[61] (sram22_256x64m4w8)
                                         u_protected_memory.data_dout[61] (net)
                  0.24    0.01    4.02 ^ max_cap557/A (sky130_fd_sc_hd__clkdlybuf4s50_1)
     2    0.01    0.08    0.56    4.58 ^ max_cap557/X (sky130_fd_sc_hd__clkdlybuf4s50_1)
                                         net556 (net)
                  0.08    0.00    4.58 ^ max_cap556/A (sky130_fd_sc_hd__clkdlybuf4s50_1)
     1    0.00    0.07    0.50    5.07 ^ max_cap556/X (sky130_fd_sc_hd__clkdlybuf4s50_1)
                                         net555 (net)
                  0.07    0.00    5.07 ^ max_cap190/A (sky130_fd_sc_hd__clkbuf_2)
     1    0.01    0.05    0.11    5.19 ^ max_cap190/X (sky130_fd_sc_hd__clkbuf_2)
                                         net189 (net)
                  0.05    0.00    5.19 ^ _492_/B (sky130_fd_sc_hd__xnor2_1)
     2    0.01    0.21    0.14    5.33 ^ _492_/Y (sky130_fd_sc_hd__xnor2_1)
                                         _034_ (net)
                  0.21    0.00    5.33 ^ _495_/A (sky130_fd_sc_hd__xnor3_1)
     2    0.01    0.09    0.47    5.80 v _495_/X (sky130_fd_sc_hd__xnor3_1)
                                         _037_ (net)
                  0.09    0.00    5.80 v _500_/A (sky130_fd_sc_hd__xnor3_1)
     2    0.02    0.16    0.49    6.29 v _500_/X (sky130_fd_sc_hd__xnor3_1)
                                         _042_ (net)
                  0.16    0.00    6.29 v _587_/B (sky130_fd_sc_hd__xnor2_4)
    10    0.06    0.44    0.41    6.71 ^ _587_/Y (sky130_fd_sc_hd__xnor2_4)
                                         _128_ (net)
                  0.44    0.00    6.71 ^ _661_/B (sky130_fd_sc_hd__nor2_1)
     5    0.02    0.15    0.19    6.90 v _661_/Y (sky130_fd_sc_hd__nor2_1)
                                         _184_ (net)
                  0.15    0.00    6.91 v _796_/C (sky130_fd_sc_hd__and3_1)
     1    0.00    0.04    0.22    7.13 v _796_/X (sky130_fd_sc_hd__and3_1)
                                         _275_ (net)
                  0.04    0.00    7.13 v _797_/B1 (sky130_fd_sc_hd__a311o_1)
     1    0.00    0.06    0.31    7.44 v _797_/X (sky130_fd_sc_hd__a311o_1)
                                         _276_ (net)
                  0.06    0.00    7.44 v _806_/A1 (sky130_fd_sc_hd__a22oi_1)
     1    0.01    0.22    0.22    7.67 ^ _806_/Y (sky130_fd_sc_hd__a22oi_1)
                                         _285_ (net)
                  0.22    0.00    7.67 ^ _814_/C (sky130_fd_sc_hd__nand4_1)
     2    0.01    0.18    0.20    7.87 v _814_/Y (sky130_fd_sc_hd__nand4_1)
                                         _293_ (net)
                  0.18    0.00    7.87 v _851_/B1 (sky130_fd_sc_hd__a211oi_4)
     1    0.03    0.37    0.41    8.28 ^ _851_/Y (sky130_fd_sc_hd__a211oi_4)
                                         net92 (net)
                  0.37    0.01    8.28 ^ output93/A (sky130_fd_sc_hd__clkdlybuf4s50_1)
     1    0.02    0.22    0.68    8.97 ^ output93/X (sky130_fd_sc_hd__clkdlybuf4s50_1)
                                         detected_uncorrectable (net)
                  0.22    0.00    8.97 ^ detected_uncorrectable (out)
                                  8.97   data arrival time

                         10.00   10.00   clock core_clk (rise edge)
                          0.00   10.00   clock network delay (propagated)
                         -0.10    9.90   clock uncertainty
                          0.00    9.90   clock reconvergence pessimism
                         -0.50    9.40   output external delay
                                  9.40   data required time
-----------------------------------------------------------------------------
                                  9.40   data required time
                                 -8.97   data arrival time
-----------------------------------------------------------------------------
                                  0.43   slack (MET)



==========================================================================
finish report_checks -unconstrained
--------------------------------------------------------------------------
Startpoint: u_protected_memory.u_data
            (rising edge-triggered flip-flop clocked by core_clk)
Endpoint: detected_uncorrectable (output port clocked by core_clk)
Path Group: core_clk
Path Type: max

Fanout     Cap    Slew   Delay    Time   Description
-----------------------------------------------------------------------------
                          0.00    0.00   clock core_clk (rise edge)
                          0.00    0.00   clock source latency
     2    0.05    0.00    0.00    0.00 ^ clk (in)
                                         clk (net)
                  0.00    0.00    0.00 ^ clkbuf_0_clk/A (sky130_fd_sc_hd__clkbuf_16)
     2    0.02    0.04    0.11    0.11 ^ clkbuf_0_clk/X (sky130_fd_sc_hd__clkbuf_16)
                                         clknet_0_clk (net)
                  0.04    0.00    0.11 ^ clkbuf_1_1__f_clk/A (sky130_fd_sc_hd__clkbuf_16)
     1    0.04    0.06    0.14    0.26 ^ clkbuf_1_1__f_clk/X (sky130_fd_sc_hd__clkbuf_16)
                                         clknet_1_1__leaf_clk (net)
                  0.06    0.00    0.26 ^ attempt09_data_clk_stage1/A (sky130_fd_sc_hd__clkinv_16)
     1    0.04    0.03    0.06    0.32 v attempt09_data_clk_stage1/Y (sky130_fd_sc_hd__clkinv_16)
                                         attempt09_data_clk_mid (net)
                  0.03    0.00    0.32 v attempt09_data_clk_stage2/A (sky130_fd_sc_hd__clkinv_16)
     1    0.37    0.24    0.18    0.50 ^ attempt09_data_clk_stage2/Y (sky130_fd_sc_hd__clkinv_16)
                                         attempt09_data_clk_out (net)
                  0.33    0.02    0.52 ^ u_protected_memory.u_data/clk (sram22_256x64m4w8)
     2    0.04    0.32    3.50    4.02 ^ u_protected_memory.u_data/dout[61] (sram22_256x64m4w8)
                                         u_protected_memory.data_dout[61] (net)
                  0.24    0.01    4.02 ^ max_cap557/A (sky130_fd_sc_hd__clkdlybuf4s50_1)
     2    0.01    0.08    0.56    4.58 ^ max_cap557/X (sky130_fd_sc_hd__clkdlybuf4s50_1)
                                         net556 (net)
                  0.08    0.00    4.58 ^ max_cap556/A (sky130_fd_sc_hd__clkdlybuf4s50_1)
     1    0.00    0.07    0.50    5.07 ^ max_cap556/X (sky130_fd_sc_hd__clkdlybuf4s50_1)
                                         net555 (net)
                  0.07    0.00    5.07 ^ max_cap190/A (sky130_fd_sc_hd__clkbuf_2)
     1    0.01    0.05    0.11    5.19 ^ max_cap190/X (sky130_fd_sc_hd__clkbuf_2)
                                         net189 (net)
                  0.05    0.00    5.19 ^ _492_/B (sky130_fd_sc_hd__xnor2_1)
     2    0.01    0.21    0.14    5.33 ^ _492_/Y (sky130_fd_sc_hd__xnor2_1)
                                         _034_ (net)
                  0.21    0.00    5.33 ^ _495_/A (sky130_fd_sc_hd__xnor3_1)
     2    0.01    0.09    0.47    5.80 v _495_/X (sky130_fd_sc_hd__xnor3_1)
                                         _037_ (net)
                  0.09    0.00    5.80 v _500_/A (sky130_fd_sc_hd__xnor3_1)
     2    0.02    0.16    0.49    6.29 v _500_/X (sky130_fd_sc_hd__xnor3_1)
                                         _042_ (net)
                  0.16    0.00    6.29 v _587_/B (sky130_fd_sc_hd__xnor2_4)
    10    0.06    0.44    0.41    6.71 ^ _587_/Y (sky130_fd_sc_hd__xnor2_4)
                                         _128_ (net)
                  0.44    0.00    6.71 ^ _661_/B (sky130_fd_sc_hd__nor2_1)
     5    0.02    0.15    0.19    6.90 v _661_/Y (sky130_fd_sc_hd__nor2_1)
                                         _184_ (net)
                  0.15    0.00    6.91 v _796_/C (sky130_fd_sc_hd__and3_1)
     1    0.00    0.04    0.22    7.13 v _796_/X (sky130_fd_sc_hd__and3_1)
                                         _275_ (net)
                  0.04    0.00    7.13 v _797_/B1 (sky130_fd_sc_hd__a311o_1)
     1    0.00    0.06    0.31    7.44 v _797_/X (sky130_fd_sc_hd__a311o_1)
                                         _276_ (net)
                  0.06    0.00    7.44 v _806_/A1 (sky130_fd_sc_hd__a22oi_1)
     1    0.01    0.22    0.22    7.67 ^ _806_/Y (sky130_fd_sc_hd__a22oi_1)
                                         _285_ (net)
                  0.22    0.00    7.67 ^ _814_/C (sky130_fd_sc_hd__nand4_1)
     2    0.01    0.18    0.20    7.87 v _814_/Y (sky130_fd_sc_hd__nand4_1)
                                         _293_ (net)
                  0.18    0.00    7.87 v _851_/B1 (sky130_fd_sc_hd__a211oi_4)
     1    0.03    0.37    0.41    8.28 ^ _851_/Y (sky130_fd_sc_hd__a211oi_4)
                                         net92 (net)
                  0.37    0.01    8.28 ^ output93/A (sky130_fd_sc_hd__clkdlybuf4s50_1)
     1    0.02    0.22    0.68    8.97 ^ output93/X (sky130_fd_sc_hd__clkdlybuf4s50_1)
                                         detected_uncorrectable (net)
                  0.22    0.00    8.97 ^ detected_uncorrectable (out)
                                  8.97   data arrival time

                         10.00   10.00   clock core_clk (rise edge)
                          0.00   10.00   clock network delay (propagated)
                         -0.10    9.90   clock uncertainty
                          0.00    9.90   clock reconvergence pessimism
                         -0.50    9.40   output external delay
                                  9.40   data required time
-----------------------------------------------------------------------------
                                  9.40   data required time
                                 -8.97   data arrival time
-----------------------------------------------------------------------------
                                  0.43   slack (MET)



==========================================================================
finish report_check_types -max_slew -max_cap -max_fanout -violators
--------------------------------------------------------------------------
max slew

Pin                                    Limit    Slew   Slack
------------------------------------------------------------
u_protected_memory.u_ecc/dout[5]        0.04    0.51   -0.47 (VIOLATED)
u_protected_memory.u_ecc/dout[7]        0.04    0.46   -0.42 (VIOLATED)
u_protected_memory.u_ecc/dout[2]        0.04    0.43   -0.39 (VIOLATED)
u_protected_memory.u_ecc/dout[4]        0.04    0.42   -0.38 (VIOLATED)
u_protected_memory.u_ecc/dout[1]        0.04    0.42   -0.38 (VIOLATED)
u_protected_memory.u_data/dout[16]      0.04    0.39   -0.35 (VIOLATED)
u_protected_memory.u_data/dout[3]       0.04    0.39   -0.35 (VIOLATED)
u_protected_memory.u_data/dout[62]      0.04    0.38   -0.34 (VIOLATED)
u_protected_memory.u_data/dout[6]       0.04    0.35   -0.31 (VIOLATED)
u_protected_memory.u_data/dout[61]      0.04    0.32   -0.28 (VIOLATED)
u_protected_memory.u_data/rstb          0.35    0.63   -0.27 (VIOLATED)
u_protected_memory.u_ecc/dout[6]        0.04    0.30   -0.26 (VIOLATED)
u_protected_memory.u_data/dout[2]       0.04    0.30   -0.26 (VIOLATED)
u_protected_memory.u_data/dout[54]      0.04    0.29   -0.25 (VIOLATED)
u_protected_memory.u_data/dout[5]       0.04    0.29   -0.25 (VIOLATED)
u_protected_memory.u_data/dout[56]      0.04    0.28   -0.24 (VIOLATED)
u_protected_memory.u_data/dout[13]      0.04    0.28   -0.24 (VIOLATED)
u_protected_memory.u_ecc/dout[3]        0.04    0.28   -0.24 (VIOLATED)
u_protected_memory.u_data/dout[59]      0.04    0.28   -0.24 (VIOLATED)
u_protected_memory.u_data/dout[19]      0.04    0.28   -0.24 (VIOLATED)
u_protected_memory.u_data/dout[63]      0.04    0.27   -0.23 (VIOLATED)
u_protected_memory.u_data/dout[10]      0.04    0.27   -0.23 (VIOLATED)
u_protected_memory.u_data/dout[17]      0.04    0.27   -0.23 (VIOLATED)
u_protected_memory.u_data/dout[58]      0.04    0.27   -0.23 (VIOLATED)
u_protected_memory.u_data/dout[33]      0.04    0.26   -0.22 (VIOLATED)
u_protected_memory.u_data/dout[8]       0.04    0.25   -0.21 (VIOLATED)
u_protected_memory.u_data/dout[40]      0.04    0.24   -0.20 (VIOLATED)
u_protected_memory.u_ecc/dout[0]        0.04    0.24   -0.20 (VIOLATED)
u_protected_memory.u_data/dout[35]      0.04    0.24   -0.20 (VIOLATED)
u_protected_memory.u_data/dout[31]      0.04    0.23   -0.19 (VIOLATED)
u_protected_memory.u_data/dout[60]      0.04    0.23   -0.19 (VIOLATED)
u_protected_memory.u_data/dout[32]      0.04    0.23   -0.19 (VIOLATED)
u_protected_memory.u_data/dout[7]       0.04    0.22   -0.18 (VIOLATED)
u_protected_memory.u_data/dout[18]      0.04    0.22   -0.18 (VIOLATED)
u_protected_memory.u_data/dout[36]      0.04    0.22   -0.18 (VIOLATED)
u_protected_memory.u_data/dout[26]      0.04    0.22   -0.18 (VIOLATED)
u_protected_memory.u_data/dout[9]       0.04    0.22   -0.18 (VIOLATED)
u_protected_memory.u_data/dout[57]      0.04    0.22   -0.18 (VIOLATED)
u_protected_memory.u_data/dout[14]      0.04    0.22   -0.18 (VIOLATED)
u_protected_memory.u_data/dout[12]      0.04    0.21   -0.17 (VIOLATED)
u_protected_memory.u_data/dout[34]      0.04    0.20   -0.16 (VIOLATED)
u_protected_memory.u_data/dout[30]      0.04    0.20   -0.16 (VIOLATED)
u_protected_memory.u_data/dout[23]      0.04    0.20   -0.16 (VIOLATED)
u_protected_memory.u_data/dout[11]      0.04    0.20   -0.16 (VIOLATED)
u_protected_memory.u_data/dout[52]      0.04    0.20   -0.16 (VIOLATED)
u_protected_memory.u_data/dout[53]      0.04    0.20   -0.16 (VIOLATED)
u_protected_memory.u_data/dout[29]      0.04    0.20   -0.16 (VIOLATED)
u_protected_memory.u_data/dout[15]      0.04    0.20   -0.16 (VIOLATED)
u_protected_memory.u_data/dout[55]      0.04    0.19   -0.15 (VIOLATED)
u_protected_memory.u_data/dout[43]      0.04    0.19   -0.15 (VIOLATED)
u_protected_memory.u_data/dout[49]      0.04    0.19   -0.15 (VIOLATED)
u_protected_memory.u_data/dout[42]      0.04    0.19   -0.15 (VIOLATED)
u_protected_memory.u_data/dout[1]       0.04    0.19   -0.15 (VIOLATED)
u_protected_memory.u_data/dout[50]      0.04    0.19   -0.15 (VIOLATED)
u_protected_memory.u_data/dout[24]      0.04    0.19   -0.15 (VIOLATED)
u_protected_memory.u_data/dout[38]      0.04    0.18   -0.14 (VIOLATED)
u_protected_memory.u_data/dout[25]      0.04    0.18   -0.14 (VIOLATED)
u_protected_memory.u_data/dout[0]       0.04    0.18   -0.14 (VIOLATED)
u_protected_memory.u_data/dout[44]      0.04    0.18   -0.14 (VIOLATED)
u_protected_memory.u_data/dout[47]      0.04    0.18   -0.14 (VIOLATED)
u_protected_memory.u_data/dout[39]      0.04    0.18   -0.14 (VIOLATED)
u_protected_memory.u_data/dout[48]      0.04    0.18   -0.14 (VIOLATED)
u_protected_memory.u_data/dout[4]       0.04    0.18   -0.14 (VIOLATED)
u_protected_memory.u_data/dout[51]      0.04    0.17   -0.13 (VIOLATED)
u_protected_memory.u_data/dout[22]      0.04    0.17   -0.13 (VIOLATED)
u_protected_memory.u_data/dout[21]      0.04    0.17   -0.13 (VIOLATED)
u_protected_memory.u_data/dout[28]      0.04    0.17   -0.13 (VIOLATED)
u_protected_memory.u_data/dout[27]      0.04    0.17   -0.13 (VIOLATED)
u_protected_memory.u_data/dout[46]      0.04    0.17   -0.13 (VIOLATED)
u_protected_memory.u_data/dout[20]      0.04    0.16   -0.12 (VIOLATED)
u_protected_memory.u_data/dout[37]      0.04    0.16   -0.12 (VIOLATED)
u_protected_memory.u_data/dout[41]      0.04    0.16   -0.12 (VIOLATED)
u_protected_memory.u_data/dout[45]      0.04    0.16   -0.12 (VIOLATED)


==========================================================================
finish max_slew_check_slack
--------------------------------------------------------------------------
-0.47170501947402954

==========================================================================
finish max_slew_check_limit
--------------------------------------------------------------------------
0.03999999910593033

==========================================================================
finish max_slew_check_slack_limit
--------------------------------------------------------------------------
-11.7926

==========================================================================
finish max_fanout_check_slack
--------------------------------------------------------------------------
1.0000000150474662e+30

==========================================================================
finish max_fanout_check_limit
--------------------------------------------------------------------------
1.0000000150474662e+30

==========================================================================
finish max_capacitance_check_slack
--------------------------------------------------------------------------
0.0256847832351923

==========================================================================
finish max_capacitance_check_limit
--------------------------------------------------------------------------
0.02930700220167637

==========================================================================
finish max_capacitance_check_slack_limit
--------------------------------------------------------------------------
0.8764

==========================================================================
finish max_slew_violation_count
--------------------------------------------------------------------------
max slew violation count 73

==========================================================================
finish max_fanout_violation_count
--------------------------------------------------------------------------
max fanout violation count 0

==========================================================================
finish max_cap_violation_count
--------------------------------------------------------------------------
max cap violation count 0

==========================================================================
finish setup_violation_count
--------------------------------------------------------------------------
setup violation count 0

==========================================================================
finish hold_violation_count
--------------------------------------------------------------------------
hold violation count 0

==========================================================================
finish report_checks -path_delay max reg to reg
--------------------------------------------------------------------------
No paths found.

==========================================================================
finish report_checks -path_delay min reg to reg
--------------------------------------------------------------------------
No paths found.

==========================================================================
finish critical path target clock latency max path
--------------------------------------------------------------------------
0.3832

==========================================================================
finish critical path target clock latency min path
--------------------------------------------------------------------------
0.5170

==========================================================================
finish critical path source clock latency min path
--------------------------------------------------------------------------
0.0000

==========================================================================
finish critical path delay
--------------------------------------------------------------------------
8.9668

==========================================================================
finish critical path slack
--------------------------------------------------------------------------
0.4332

==========================================================================
finish slack div critical path delay
--------------------------------------------------------------------------
4.831155

==========================================================================
finish report_power
--------------------------------------------------------------------------
Group                  Internal  Switching    Leakage      Total
                          Power      Power      Power      Power (Watts)
----------------------------------------------------------------
Sequential             0.00e+00   0.00e+00   0.00e+00   0.00e+00   0.0%
Combinational          2.47e-04   4.00e-04   3.67e-09   6.47e-04  31.2%
Clock                  9.23e-05   2.42e-04   9.43e-11   3.35e-04  16.2%
Macro                  1.09e-03   0.00e+00   7.31e-07   1.09e-03  52.6%
Pad                    0.00e+00   0.00e+00   0.00e+00   0.00e+00   0.0%
----------------------------------------------------------------
Total                  1.43e-03   6.42e-04   7.34e-07   2.07e-03 100.0%
                          68.9%      31.0%       0.0%
