OpenROAD 26Q3-1080-gab6fd26351 
Features included (+) or not (-): +GPU +GUI +Python
This program is licensed under the BSD-3 license. See the LICENSE file for details.
Components of this program may be licensed under more restrictive licenses which must be honored.
[INFO ORD-0030] Using 4 thread(s).
read_liberty /OpenROAD-flow-scripts/flow/platforms/sky130hd/lib/sky130_fd_sc_hd__tt_025C_1v80.lib
read_liberty /work/campaigns/iscas_sustainability_extension/memory_compiler/gate3_attempt07_sram22_matched_physical_closure/source_checkout/sram22_256x64m4w8/sram22_256x64m4w8_tt_025C_1v80.lib
read_liberty /work/campaigns/iscas_sustainability_extension/memory_compiler/gate3_attempt07_sram22_matched_physical_closure/source_checkout/sram22_256x8m8w1/sram22_256x8m8w1_tt_025C_1v80.lib
read_db /work/campaigns/iscas_sustainability_extension/memory_compiler/gate3_attempt07_sram22_matched_physical_closure/raw/openroad/work/results/sky130hd/attempt07_e0/seed13/5_1_grt.odb
read_sdc /work/campaigns/iscas_sustainability_extension/memory_compiler/gate3_attempt07_sram22_matched_physical_closure/raw/openroad/work/results/sky130hd/attempt07_e0/seed13/5_1_grt.sdc
source /OpenROAD-flow-scripts/flow/platforms/sky130hd/setRC.tcl
detailed_route -output_drc /work/campaigns/iscas_sustainability_extension/memory_compiler/gate3_attempt07_sram22_matched_physical_closure/raw/openroad/work/reports/sky130hd/attempt07_e0/seed13/5_route_drc.rpt -output_maze /work/campaigns/iscas_sustainability_extension/memory_compiler/gate3_attempt07_sram22_matched_physical_closure/raw/openroad/work/results/sky130hd/attempt07_e0/seed13/maze.log -droute_end_iter 64 -verbose 1 -drc_report_iter_step 5
[INFO DRT-0149] Reading tech and libs.
[WARNING DRT-0349] LEF58_ENCLOSURE with no CUTCLASS is not supported. Skipping for layer mcon
[WARNING DRT-0349] LEF58_ENCLOSURE with no CUTCLASS is not supported. Skipping for layer mcon
[WARNING DRT-0349] LEF58_ENCLOSURE with no CUTCLASS is not supported. Skipping for layer via
[WARNING DRT-0349] LEF58_ENCLOSURE with no CUTCLASS is not supported. Skipping for layer via
[WARNING DRT-0349] LEF58_ENCLOSURE with no CUTCLASS is not supported. Skipping for layer via2
[WARNING DRT-0349] LEF58_ENCLOSURE with no CUTCLASS is not supported. Skipping for layer via2
[WARNING DRT-0349] LEF58_ENCLOSURE with no CUTCLASS is not supported. Skipping for layer via3
[WARNING DRT-0349] LEF58_ENCLOSURE with no CUTCLASS is not supported. Skipping for layer via3
[WARNING DRT-0349] LEF58_ENCLOSURE with no CUTCLASS is not supported. Skipping for layer via4
[WARNING DRT-0349] LEF58_ENCLOSURE with no CUTCLASS is not supported. Skipping for layer via4

Units:                1000
Number of layers:     13
Number of macros:     443
Number of vias:       130
Number of viarulegen: 25

[INFO DRT-0150] Reading design.

Design:                   e0_sram22_top
Die area:                 ( 0 0 ) ( 1000000 650000 )
Number of track patterns: 12
Number of DEF vias:       0
Number of components:     5848
Number of terminals:      144
Number of snets:          2
Number of nets:           1221

[WARNING DRT-0419] No routing tracks pass through the center of Term u_protected_memory.u_data/dout[0]
[WARNING DRT-0419] No routing tracks pass through the center of Term u_protected_memory.u_data/dout[1]
[WARNING DRT-0419] No routing tracks pass through the center of Term u_protected_memory.u_data/dout[2]
[WARNING DRT-0419] No routing tracks pass through the center of Term u_protected_memory.u_data/dout[3]
[WARNING DRT-0419] No routing tracks pass through the center of Term u_protected_memory.u_data/dout[4]
[WARNING DRT-0419] No routing tracks pass through the center of Term u_protected_memory.u_data/dout[5]
[WARNING DRT-0419] No routing tracks pass through the center of Term u_protected_memory.u_data/dout[6]
[WARNING DRT-0419] No routing tracks pass through the center of Term u_protected_memory.u_data/dout[7]
[WARNING DRT-0419] No routing tracks pass through the center of Term u_protected_memory.u_data/dout[8]
[WARNING DRT-0419] No routing tracks pass through the center of Term u_protected_memory.u_data/dout[9]
[WARNING DRT-0419] No routing tracks pass through the center of Term u_protected_memory.u_data/dout[10]
[WARNING DRT-0419] No routing tracks pass through the center of Term u_protected_memory.u_data/dout[11]
[WARNING DRT-0419] No routing tracks pass through the center of Term u_protected_memory.u_data/dout[12]
[WARNING DRT-0419] No routing tracks pass through the center of Term u_protected_memory.u_data/dout[13]
[WARNING DRT-0419] No routing tracks pass through the center of Term u_protected_memory.u_data/dout[14]
[WARNING DRT-0419] No routing tracks pass through the center of Term u_protected_memory.u_data/dout[15]
[WARNING DRT-0419] No routing tracks pass through the center of Term u_protected_memory.u_data/dout[16]
[WARNING DRT-0419] No routing tracks pass through the center of Term u_protected_memory.u_data/dout[17]
[WARNING DRT-0419] No routing tracks pass through the center of Term u_protected_memory.u_data/dout[18]
[WARNING DRT-0419] No routing tracks pass through the center of Term u_protected_memory.u_data/dout[19]
[WARNING DRT-0419] No routing tracks pass through the center of Term u_protected_memory.u_data/dout[20]
[WARNING DRT-0419] No routing tracks pass through the center of Term u_protected_memory.u_data/dout[21]
[WARNING DRT-0419] No routing tracks pass through the center of Term u_protected_memory.u_data/dout[22]
[WARNING DRT-0419] No routing tracks pass through the center of Term u_protected_memory.u_data/dout[23]
[WARNING DRT-0419] No routing tracks pass through the center of Term u_protected_memory.u_data/dout[24]
[WARNING DRT-0419] No routing tracks pass through the center of Term u_protected_memory.u_data/dout[25]
[WARNING DRT-0419] No routing tracks pass through the center of Term u_protected_memory.u_data/dout[26]
[WARNING DRT-0419] No routing tracks pass through the center of Term u_protected_memory.u_data/dout[27]
[WARNING DRT-0419] No routing tracks pass through the center of Term u_protected_memory.u_data/dout[28]
[WARNING DRT-0419] No routing tracks pass through the center of Term u_protected_memory.u_data/dout[29]
[WARNING DRT-0419] No routing tracks pass through the center of Term u_protected_memory.u_data/dout[30]
[WARNING DRT-0419] No routing tracks pass through the center of Term u_protected_memory.u_data/dout[31]
[WARNING DRT-0419] No routing tracks pass through the center of Term u_protected_memory.u_data/dout[32]
[WARNING DRT-0419] No routing tracks pass through the center of Term u_protected_memory.u_data/dout[33]
[WARNING DRT-0419] No routing tracks pass through the center of Term u_protected_memory.u_data/dout[34]
[WARNING DRT-0419] No routing tracks pass through the center of Term u_protected_memory.u_data/dout[35]
[WARNING DRT-0419] No routing tracks pass through the center of Term u_protected_memory.u_data/dout[36]
[WARNING DRT-0419] No routing tracks pass through the center of Term u_protected_memory.u_data/dout[37]
[WARNING DRT-0419] No routing tracks pass through the center of Term u_protected_memory.u_data/dout[38]
[WARNING DRT-0419] No routing tracks pass through the center of Term u_protected_memory.u_data/dout[39]
[WARNING DRT-0419] No routing tracks pass through the center of Term u_protected_memory.u_data/dout[40]
[WARNING DRT-0419] No routing tracks pass through the center of Term u_protected_memory.u_data/dout[41]
[WARNING DRT-0419] No routing tracks pass through the center of Term u_protected_memory.u_data/dout[42]
[WARNING DRT-0419] No routing tracks pass through the center of Term u_protected_memory.u_data/dout[43]
[WARNING DRT-0419] No routing tracks pass through the center of Term u_protected_memory.u_data/dout[44]
[WARNING DRT-0419] No routing tracks pass through the center of Term u_protected_memory.u_data/dout[45]
[WARNING DRT-0419] No routing tracks pass through the center of Term u_protected_memory.u_data/dout[46]
[WARNING DRT-0419] No routing tracks pass through the center of Term u_protected_memory.u_data/dout[47]
[WARNING DRT-0419] No routing tracks pass through the center of Term u_protected_memory.u_data/dout[48]
[WARNING DRT-0419] No routing tracks pass through the center of Term u_protected_memory.u_data/dout[49]
[WARNING DRT-0419] No routing tracks pass through the center of Term u_protected_memory.u_data/dout[50]
[WARNING DRT-0419] No routing tracks pass through the center of Term u_protected_memory.u_data/dout[51]
[WARNING DRT-0419] No routing tracks pass through the center of Term u_protected_memory.u_data/dout[52]
[WARNING DRT-0419] No routing tracks pass through the center of Term u_protected_memory.u_data/dout[53]
[WARNING DRT-0419] No routing tracks pass through the center of Term u_protected_memory.u_data/dout[54]
[WARNING DRT-0419] No routing tracks pass through the center of Term u_protected_memory.u_data/dout[55]
[WARNING DRT-0419] No routing tracks pass through the center of Term u_protected_memory.u_data/dout[56]
[WARNING DRT-0419] No routing tracks pass through the center of Term u_protected_memory.u_data/dout[57]
[WARNING DRT-0419] No routing tracks pass through the center of Term u_protected_memory.u_data/dout[58]
[WARNING DRT-0419] No routing tracks pass through the center of Term u_protected_memory.u_data/dout[59]
[WARNING DRT-0419] No routing tracks pass through the center of Term u_protected_memory.u_data/dout[60]
[WARNING DRT-0419] No routing tracks pass through the center of Term u_protected_memory.u_data/dout[61]
[WARNING DRT-0419] No routing tracks pass through the center of Term u_protected_memory.u_data/dout[62]
[WARNING DRT-0419] No routing tracks pass through the center of Term u_protected_memory.u_data/dout[63]
[WARNING DRT-0419] No routing tracks pass through the center of Term u_protected_memory.u_data/din[0]
[WARNING DRT-0419] No routing tracks pass through the center of Term u_protected_memory.u_data/din[1]
[WARNING DRT-0419] No routing tracks pass through the center of Term u_protected_memory.u_data/din[2]
[WARNING DRT-0419] No routing tracks pass through the center of Term u_protected_memory.u_data/din[3]
[WARNING DRT-0419] No routing tracks pass through the center of Term u_protected_memory.u_data/din[4]
[WARNING DRT-0419] No routing tracks pass through the center of Term u_protected_memory.u_data/din[5]
[WARNING DRT-0419] No routing tracks pass through the center of Term u_protected_memory.u_data/din[6]
[WARNING DRT-0419] No routing tracks pass through the center of Term u_protected_memory.u_data/din[7]
[WARNING DRT-0419] No routing tracks pass through the center of Term u_protected_memory.u_data/din[8]
[WARNING DRT-0419] No routing tracks pass through the center of Term u_protected_memory.u_data/din[9]
[WARNING DRT-0419] No routing tracks pass through the center of Term u_protected_memory.u_data/din[10]
[WARNING DRT-0419] No routing tracks pass through the center of Term u_protected_memory.u_data/din[11]
[WARNING DRT-0419] No routing tracks pass through the center of Term u_protected_memory.u_data/din[12]
[WARNING DRT-0419] No routing tracks pass through the center of Term u_protected_memory.u_data/din[13]
[WARNING DRT-0419] No routing tracks pass through the center of Term u_protected_memory.u_data/din[14]
[WARNING DRT-0419] No routing tracks pass through the center of Term u_protected_memory.u_data/din[15]
[WARNING DRT-0419] No routing tracks pass through the center of Term u_protected_memory.u_data/din[16]
[WARNING DRT-0419] No routing tracks pass through the center of Term u_protected_memory.u_data/din[17]
[WARNING DRT-0419] No routing tracks pass through the center of Term u_protected_memory.u_data/din[18]
[WARNING DRT-0419] No routing tracks pass through the center of Term u_protected_memory.u_data/din[19]
[WARNING DRT-0419] No routing tracks pass through the center of Term u_protected_memory.u_data/din[20]
[WARNING DRT-0419] No routing tracks pass through the center of Term u_protected_memory.u_data/din[21]
[WARNING DRT-0419] No routing tracks pass through the center of Term u_protected_memory.u_data/din[22]
[WARNING DRT-0419] No routing tracks pass through the center of Term u_protected_memory.u_data/din[23]
[WARNING DRT-0419] No routing tracks pass through the center of Term u_protected_memory.u_data/din[24]
[WARNING DRT-0419] No routing tracks pass through the center of Term u_protected_memory.u_data/din[25]
[WARNING DRT-0419] No routing tracks pass through the center of Term u_protected_memory.u_data/din[26]
[WARNING DRT-0419] No routing tracks pass through the center of Term u_protected_memory.u_data/din[27]
[WARNING DRT-0419] No routing tracks pass through the center of Term u_protected_memory.u_data/din[28]
[WARNING DRT-0419] No routing tracks pass through the center of Term u_protected_memory.u_data/din[29]
[WARNING DRT-0419] No routing tracks pass through the center of Term u_protected_memory.u_data/din[30]
[WARNING DRT-0419] No routing tracks pass through the center of Term u_protected_memory.u_data/din[31]
[WARNING DRT-0419] No routing tracks pass through the center of Term u_protected_memory.u_data/din[32]
[WARNING DRT-0419] No routing tracks pass through the center of Term u_protected_memory.u_data/din[33]
[WARNING DRT-0419] No routing tracks pass through the center of Term u_protected_memory.u_data/din[34]
[WARNING DRT-0419] No routing tracks pass through the center of Term u_protected_memory.u_data/din[35]
[WARNING DRT-0419] No routing tracks pass through the center of Term u_protected_memory.u_data/din[36]
[WARNING DRT-0419] No routing tracks pass through the center of Term u_protected_memory.u_data/din[37]
[WARNING DRT-0419] No routing tracks pass through the center of Term u_protected_memory.u_data/din[38]
[WARNING DRT-0419] No routing tracks pass through the center of Term u_protected_memory.u_data/din[39]
[WARNING DRT-0419] No routing tracks pass through the center of Term u_protected_memory.u_data/din[40]
[WARNING DRT-0419] No routing tracks pass through the center of Term u_protected_memory.u_data/din[41]
[WARNING DRT-0419] No routing tracks pass through the center of Term u_protected_memory.u_data/din[42]
[WARNING DRT-0419] No routing tracks pass through the center of Term u_protected_memory.u_data/din[43]
[WARNING DRT-0419] No routing tracks pass through the center of Term u_protected_memory.u_data/din[44]
[WARNING DRT-0419] No routing tracks pass through the center of Term u_protected_memory.u_data/din[45]
[WARNING DRT-0419] No routing tracks pass through the center of Term u_protected_memory.u_data/din[46]
[WARNING DRT-0419] No routing tracks pass through the center of Term u_protected_memory.u_data/din[47]
[WARNING DRT-0419] No routing tracks pass through the center of Term u_protected_memory.u_data/din[48]
[WARNING DRT-0419] No routing tracks pass through the center of Term u_protected_memory.u_data/din[49]
[WARNING DRT-0419] No routing tracks pass through the center of Term u_protected_memory.u_data/din[50]
[WARNING DRT-0419] No routing tracks pass through the center of Term u_protected_memory.u_data/din[51]
[WARNING DRT-0419] No routing tracks pass through the center of Term u_protected_memory.u_data/din[52]
[WARNING DRT-0419] No routing tracks pass through the center of Term u_protected_memory.u_data/din[53]
[WARNING DRT-0419] No routing tracks pass through the center of Term u_protected_memory.u_data/din[54]
[WARNING DRT-0419] No routing tracks pass through the center of Term u_protected_memory.u_data/din[55]
[WARNING DRT-0419] No routing tracks pass through the center of Term u_protected_memory.u_data/din[56]
[WARNING DRT-0419] No routing tracks pass through the center of Term u_protected_memory.u_data/din[57]
[WARNING DRT-0419] No routing tracks pass through the center of Term u_protected_memory.u_data/din[58]
[WARNING DRT-0419] No routing tracks pass through the center of Term u_protected_memory.u_data/din[59]
[WARNING DRT-0419] No routing tracks pass through the center of Term u_protected_memory.u_data/din[60]
[WARNING DRT-0419] No routing tracks pass through the center of Term u_protected_memory.u_data/din[61]
[WARNING DRT-0419] No routing tracks pass through the center of Term u_protected_memory.u_data/din[62]
[WARNING DRT-0419] No routing tracks pass through the center of Term u_protected_memory.u_data/din[63]
[WARNING DRT-0419] No routing tracks pass through the center of Term u_protected_memory.u_data/wmask[1]
[WARNING DRT-0419] No routing tracks pass through the center of Term u_protected_memory.u_data/wmask[2]
[WARNING DRT-0419] No routing tracks pass through the center of Term u_protected_memory.u_data/wmask[3]
[WARNING DRT-0419] No routing tracks pass through the center of Term u_protected_memory.u_data/wmask[4]
[WARNING DRT-0419] No routing tracks pass through the center of Term u_protected_memory.u_data/wmask[5]
[WARNING DRT-0419] No routing tracks pass through the center of Term u_protected_memory.u_data/wmask[6]
[WARNING DRT-0419] No routing tracks pass through the center of Term u_protected_memory.u_data/wmask[7]
[WARNING DRT-0418] Term u_protected_memory.u_ecc/dout[0] has no pins on routing grid
[WARNING DRT-0418] Term u_protected_memory.u_ecc/dout[1] has no pins on routing grid
[WARNING DRT-0418] Term u_protected_memory.u_ecc/dout[2] has no pins on routing grid
[WARNING DRT-0418] Term u_protected_memory.u_ecc/dout[3] has no pins on routing grid
[WARNING DRT-0418] Term u_protected_memory.u_ecc/dout[4] has no pins on routing grid
[WARNING DRT-0418] Term u_protected_memory.u_ecc/dout[5] has no pins on routing grid
[WARNING DRT-0418] Term u_protected_memory.u_ecc/dout[6] has no pins on routing grid
[WARNING DRT-0418] Term u_protected_memory.u_ecc/dout[7] has no pins on routing grid
[WARNING DRT-0419] No routing tracks pass through the center of Term u_protected_memory.u_ecc/din[0]
[WARNING DRT-0419] No routing tracks pass through the center of Term u_protected_memory.u_ecc/din[1]
[WARNING DRT-0419] No routing tracks pass through the center of Term u_protected_memory.u_ecc/din[2]
[WARNING DRT-0418] Term u_protected_memory.u_ecc/din[3] has no pins on routing grid
[WARNING DRT-0418] Term u_protected_memory.u_ecc/din[4] has no pins on routing grid
[WARNING DRT-0418] Term u_protected_memory.u_ecc/din[5] has no pins on routing grid
[WARNING DRT-0418] Term u_protected_memory.u_ecc/din[6] has no pins on routing grid
[WARNING DRT-0418] Term u_protected_memory.u_ecc/din[7] has no pins on routing grid
[WARNING DRT-0419] No routing tracks pass through the center of Term u_protected_memory.u_ecc/wmask[0]
[WARNING DRT-0419] No routing tracks pass through the center of Term u_protected_memory.u_ecc/wmask[1]
[WARNING DRT-0419] No routing tracks pass through the center of Term u_protected_memory.u_ecc/wmask[2]
[WARNING DRT-0418] Term u_protected_memory.u_ecc/wmask[3] has no pins on routing grid
[WARNING DRT-0418] Term u_protected_memory.u_ecc/wmask[4] has no pins on routing grid
[WARNING DRT-0418] Term u_protected_memory.u_ecc/wmask[5] has no pins on routing grid
[WARNING DRT-0418] Term u_protected_memory.u_ecc/wmask[6] has no pins on routing grid
[WARNING DRT-0418] Term u_protected_memory.u_ecc/wmask[7] has no pins on routing grid
[INFO DRT-0167] List of default vias:
  Layer via
    default via: M1M2_PR
  Layer via2
    default via: M2M3_PR
  Layer via3
    default via: M3M4_PR
  Layer via4
    default via: M4M5_PR
[INFO DRT-0162] Library cell analysis.
[INFO DRT-0163] Instance analysis.
[INFO DRT-0164] Number of unique instances = 97.
[INFO DRT-0168] Init region query.
[INFO DRT-0024]   Complete FR_MASTERSLICE.
[INFO DRT-0024]   Complete Fr_VIA.
[INFO DRT-0024]   Complete li1.
[INFO DRT-0024]   Complete mcon.
[INFO DRT-0024]   Complete met1.
[INFO DRT-0024]   Complete via.
[INFO DRT-0024]   Complete met2.
[INFO DRT-0024]   Complete via2.
[INFO DRT-0024]   Complete met3.
[INFO DRT-0024]   Complete via3.
[INFO DRT-0024]   Complete met4.
[INFO DRT-0024]   Complete via4.
[INFO DRT-0024]   Complete met5.
[INFO DRT-0033] FR_MASTERSLICE shape region query size = 0.
[INFO DRT-0033] FR_VIA shape region query size = 0.
[INFO DRT-0033] li1 shape region query size = 47303.
[INFO DRT-0033] mcon shape region query size = 25054.
[INFO DRT-0033] met1 shape region query size = 17855.
[INFO DRT-0033] via shape region query size = 24330.
[INFO DRT-0033] met2 shape region query size = 22048.
[INFO DRT-0033] via2 shape region query size = 45597.
[INFO DRT-0033] met3 shape region query size = 29027.
[INFO DRT-0033] via3 shape region query size = 45281.
[INFO DRT-0033] met4 shape region query size = 11428.
[INFO DRT-0033] via4 shape region query size = 1676.
[INFO DRT-0033] met5 shape region query size = 1768.
[INFO DRT-0165] Start pin access.
[INFO DRT-0078]   Complete 896 pins.
[INFO DRT-0081]   Complete 95 unique inst patterns.
[INFO DRT-0084]   Complete 908 groups.
#scanned instances     = 5848
#unique  instances     = 97
#stdCellGenAp          = 2838
#stdCellValidPlanarAp  = 44
#stdCellValidViaAp     = 2038
#stdCellPinNoAp        = 0
#stdCellPinCnt         = 2838
#instTermValidViaApCnt = 0
#macroGenAp            = 553
#macroValidPlanarAp    = 452
#macroValidViaAp       = 0
#macroNoAp             = 0
[INFO DRT-0166] Complete pin access.
[INFO DRT-0267] cpu time = 00:00:57, elapsed time = 00:00:56, memory = 268.44 (MB), peak = 268.05 (MB)

[INFO DRT-0157] Number of guides:     8242

[INFO DRT-0169] Post process guides.
[INFO DRT-0176] GCELLGRID X 0 DO 144 STEP 6900 ;
[INFO DRT-0177] GCELLGRID Y 0 DO 94 STEP 6900 ;
[INFO DRT-0028]   Complete FR_MASTERSLICE.
[INFO DRT-0028]   Complete Fr_VIA.
[INFO DRT-0028]   Complete li1.
[INFO DRT-0028]   Complete mcon.
[INFO DRT-0028]   Complete met1.
[INFO DRT-0028]   Complete via.
[INFO DRT-0028]   Complete met2.
[INFO DRT-0028]   Complete via2.
[INFO DRT-0028]   Complete met3.
[INFO DRT-0028]   Complete via3.
[INFO DRT-0028]   Complete met4.
[INFO DRT-0028]   Complete via4.
[INFO DRT-0028]   Complete met5.
[INFO DRT-0178] Init guide query.
[INFO DRT-0035]   Complete FR_MASTERSLICE (guide).
[INFO DRT-0035]   Complete Fr_VIA (guide).
[INFO DRT-0035]   Complete li1 (guide).
[INFO DRT-0035]   Complete mcon (guide).
[INFO DRT-0035]   Complete met1 (guide).
[INFO DRT-0035]   Complete via (guide).
[INFO DRT-0035]   Complete met2 (guide).
[INFO DRT-0035]   Complete via2 (guide).
[INFO DRT-0035]   Complete met3 (guide).
[INFO DRT-0035]   Complete via3 (guide).
[INFO DRT-0035]   Complete met4 (guide).
[INFO DRT-0035]   Complete via4 (guide).
[INFO DRT-0035]   Complete met5 (guide).
[INFO DRT-0036] FR_MASTERSLICE guide region query size = 0.
[INFO DRT-0036] FR_VIA guide region query size = 0.
[INFO DRT-0036] li1 guide region query size = 2569.
[INFO DRT-0036] mcon guide region query size = 0.
[INFO DRT-0036] met1 guide region query size = 2426.
[INFO DRT-0036] via guide region query size = 0.
[INFO DRT-0036] met2 guide region query size = 1369.
[INFO DRT-0036] via2 guide region query size = 0.
[INFO DRT-0036] met3 guide region query size = 296.
[INFO DRT-0036] via3 guide region query size = 0.
[INFO DRT-0036] met4 guide region query size = 145.
[INFO DRT-0036] via4 guide region query size = 0.
[INFO DRT-0036] met5 guide region query size = 3.
[INFO DRT-0179] Init gr pin query.
[INFO DRT-0267] cpu time = 00:00:00, elapsed time = 00:00:00, memory = 270.85 (MB), peak = 270.42 (MB)
[INFO DRT-0245] skipped writing guide updates to database.
[INFO DRT-0181] Start track assignment.
[INFO DRT-0184] Done with 4083 vertical wires in 3 frboxes and 2725 horizontal wires in 2 frboxes.
[INFO DRT-0186] Done with 521 vertical wires in 3 frboxes and 733 horizontal wires in 2 frboxes.
[INFO DRT-0182] Complete track assignment.
[INFO DRT-0267] cpu time = 00:00:02, elapsed time = 00:00:02, memory = 306.92 (MB), peak = 331.04 (MB)
[INFO DRT-0187] Start routing data preparation.
[INFO DRT-0267] cpu time = 00:00:00, elapsed time = 00:00:00, memory = 306.92 (MB), peak = 331.04 (MB)
[INFO DRT-0194] Start detail routing.
[INFO DRT-0195] Start 0th optimization iteration.
    Completing 10% with 0 violations.
    elapsed time = 00:00:00, memory = 322.68 (MB).
    Completing 20% with 0 violations.
    elapsed time = 00:00:03, memory = 365.85 (MB).
    Completing 30% with 171 violations.
    elapsed time = 00:00:08, memory = 348.62 (MB).
    Completing 40% with 171 violations.
    elapsed time = 00:00:11, memory = 374.56 (MB).
    Completing 50% with 171 violations.
    elapsed time = 00:00:12, memory = 383.81 (MB).
    Completing 60% with 315 violations.
    elapsed time = 00:00:15, memory = 385.73 (MB).
    Completing 70% with 315 violations.
    elapsed time = 00:00:18, memory = 396.03 (MB).
    Completing 80% with 434 violations.
    elapsed time = 00:00:20, memory = 400.47 (MB).
    Completing 90% with 434 violations.
    elapsed time = 00:00:23, memory = 417.47 (MB).
    Completing 100% with 538 violations.
    elapsed time = 00:00:26, memory = 417.94 (MB).
[INFO DRT-0199]   Number of violations = 627.
Viol/Layer        met1    via   met2   via2   met3   met4
Metal Spacing      107      0     32      0      2      1
Recheck             60      0     25      0      3      1
Short              351      1     35      1      8      0
[INFO DRT-0267] cpu time = 00:00:27, elapsed time = 00:00:27, memory = 742.87 (MB), peak = 742.56 (MB)
Total wire length = 79975 um.
Total wire length on LAYER li1 = 0 um.
Total wire length on LAYER met1 = 23729 um.
Total wire length on LAYER met2 = 45429 um.
Total wire length on LAYER met3 = 5004 um.
Total wire length on LAYER met4 = 5760 um.
Total wire length on LAYER met5 = 52 um.
Total number of vias = 6600.
Up-via summary (total 6600):

-----------------------
 FR_MASTERSLICE       0
            li1    2893
           met1    3177
           met2     316
           met3     208
           met4       6
-----------------------
               6600


[INFO DRT-0195] Start 1st optimization iteration.
    Completing 10% with 627 violations.
    elapsed time = 00:00:00, memory = 742.87 (MB).
    Completing 20% with 627 violations.
    elapsed time = 00:00:02, memory = 738.89 (MB).
    Completing 30% with 560 violations.
    elapsed time = 00:00:03, memory = 738.32 (MB).
    Completing 40% with 560 violations.
    elapsed time = 00:00:05, memory = 737.40 (MB).
    Completing 50% with 560 violations.
    elapsed time = 00:00:10, memory = 737.01 (MB).
    Completing 60% with 503 violations.
    elapsed time = 00:00:12, memory = 737.65 (MB).
    Completing 70% with 503 violations.
    elapsed time = 00:00:14, memory = 737.65 (MB).
    Completing 80% with 414 violations.
    elapsed time = 00:00:16, memory = 737.65 (MB).
    Completing 90% with 414 violations.
    elapsed time = 00:00:19, memory = 757.86 (MB).
    Completing 100% with 318 violations.
    elapsed time = 00:00:25, memory = 737.65 (MB).
[INFO DRT-0199]   Number of violations = 318.
Viol/Layer        mcon   met1   met2   met3
Cut Spacing          4      0      0      0
Metal Spacing        0     78     16      0
Short                0    203     16      1
[INFO DRT-0267] cpu time = 00:00:25, elapsed time = 00:00:25, memory = 740.65 (MB), peak = 757.81 (MB)
Total wire length = 79718 um.
Total wire length on LAYER li1 = 0 um.
Total wire length on LAYER met1 = 23586 um.
Total wire length on LAYER met2 = 45302 um.
Total wire length on LAYER met3 = 5009 um.
Total wire length on LAYER met4 = 5787 um.
Total wire length on LAYER met5 = 33 um.
Total number of vias = 6524.
Up-via summary (total 6524):

-----------------------
 FR_MASTERSLICE       0
            li1    2883
           met1    3116
           met2     310
           met3     209
           met4       6
-----------------------
               6524


[INFO DRT-0195] Start 2nd optimization iteration.
    Completing 10% with 318 violations.
    elapsed time = 00:00:00, memory = 740.65 (MB).
    Completing 20% with 318 violations.
    elapsed time = 00:00:00, memory = 740.65 (MB).
    Completing 30% with 312 violations.
    elapsed time = 00:00:02, memory = 740.65 (MB).
    Completing 40% with 312 violations.
    elapsed time = 00:00:04, memory = 740.65 (MB).
    Completing 50% with 312 violations.
    elapsed time = 00:00:07, memory = 740.65 (MB).
    Completing 60% with 348 violations.
    elapsed time = 00:00:08, memory = 740.65 (MB).
    Completing 70% with 348 violations.
    elapsed time = 00:00:09, memory = 740.65 (MB).
    Completing 80% with 322 violations.
    elapsed time = 00:00:10, memory = 741.31 (MB).
    Completing 90% with 322 violations.
    elapsed time = 00:00:14, memory = 766.68 (MB).
    Completing 100% with 296 violations.
    elapsed time = 00:00:22, memory = 741.29 (MB).
[INFO DRT-0199]   Number of violations = 296.
Viol/Layer        mcon   met1   met2   met3
Cut Spacing          4      0      0      0
Metal Spacing        0     74     10      1
Short                0    203      4      0
[INFO DRT-0267] cpu time = 00:00:22, elapsed time = 00:00:23, memory = 741.29 (MB), peak = 766.63 (MB)
Total wire length = 79664 um.
Total wire length on LAYER li1 = 0 um.
Total wire length on LAYER met1 = 23626 um.
Total wire length on LAYER met2 = 45358 um.
Total wire length on LAYER met3 = 4994 um.
Total wire length on LAYER met4 = 5656 um.
Total wire length on LAYER met5 = 27 um.
Total number of vias = 6434.
Up-via summary (total 6434):

-----------------------
 FR_MASTERSLICE       0
            li1    2884
           met1    3066
           met2     288
           met3     192
           met4       4
-----------------------
               6434


[INFO DRT-0195] Start 3rd optimization iteration.
    Completing 10% with 296 violations.
    elapsed time = 00:00:00, memory = 741.29 (MB).
    Completing 20% with 296 violations.
    elapsed time = 00:00:04, memory = 753.70 (MB).
    Completing 30% with 207 violations.
    elapsed time = 00:00:07, memory = 754.09 (MB).
    Completing 40% with 207 violations.
    elapsed time = 00:00:11, memory = 754.09 (MB).
    Completing 50% with 207 violations.
    elapsed time = 00:00:12, memory = 754.09 (MB).
    Completing 60% with 145 violations.
    elapsed time = 00:00:18, memory = 754.09 (MB).
    Completing 70% with 145 violations.
    elapsed time = 00:00:19, memory = 754.09 (MB).
    Completing 80% with 105 violations.
    elapsed time = 00:00:21, memory = 754.09 (MB).
    Completing 90% with 105 violations.
    elapsed time = 00:00:22, memory = 767.10 (MB).
    Completing 100% with 25 violations.
    elapsed time = 00:00:24, memory = 767.10 (MB).
[INFO DRT-0199]   Number of violations = 25.
Viol/Layer        met1   met2
Metal Spacing        7      3
Short               11      4
[INFO DRT-0267] cpu time = 00:00:25, elapsed time = 00:00:24, memory = 767.10 (MB), peak = 767.02 (MB)
Total wire length = 79678 um.
Total wire length on LAYER li1 = 0 um.
Total wire length on LAYER met1 = 22948 um.
Total wire length on LAYER met2 = 45416 um.
Total wire length on LAYER met3 = 5610 um.
Total wire length on LAYER met4 = 5649 um.
Total wire length on LAYER met5 = 53 um.
Total number of vias = 6589.
Up-via summary (total 6589):

-----------------------
 FR_MASTERSLICE       0
            li1    2889
           met1    3154
           met2     350
           met3     192
           met4       4
-----------------------
               6589


[INFO DRT-0195] Start 4th guides tiles iteration.
    Completing 10% with 25 violations.
    elapsed time = 00:00:00, memory = 767.10 (MB).
    Completing 20% with 25 violations.
    elapsed time = 00:00:00, memory = 767.10 (MB).
    Completing 30% with 25 violations.
    elapsed time = 00:00:00, memory = 767.10 (MB).
    Completing 50% with 25 violations.
    elapsed time = 00:00:00, memory = 767.10 (MB).
    Completing 60% with 25 violations.
    elapsed time = 00:00:00, memory = 767.10 (MB).
    Completing 70% with 0 violations.
    elapsed time = 00:00:00, memory = 767.10 (MB).
    Completing 80% with 0 violations.
    elapsed time = 00:00:00, memory = 767.10 (MB).
    Completing 100% with 0 violations.
    elapsed time = 00:00:00, memory = 767.10 (MB).
[INFO DRT-0199]   Number of violations = 0.
[INFO DRT-0267] cpu time = 00:00:01, elapsed time = 00:00:01, memory = 767.10 (MB), peak = 767.02 (MB)
Total wire length = 79685 um.
Total wire length on LAYER li1 = 0 um.
Total wire length on LAYER met1 = 22838 um.
Total wire length on LAYER met2 = 45417 um.
Total wire length on LAYER met3 = 5726 um.
Total wire length on LAYER met4 = 5649 um.
Total wire length on LAYER met5 = 53 um.
Total number of vias = 6580.
Up-via summary (total 6580):

-----------------------
 FR_MASTERSLICE       0
            li1    2889
           met1    3147
           met2     348
           met3     192
           met4       4
-----------------------
               6580


[INFO DRT-0198] Complete detail routing.
Total wire length = 79685 um.
Total wire length on LAYER li1 = 0 um.
Total wire length on LAYER met1 = 22838 um.
Total wire length on LAYER met2 = 45417 um.
Total wire length on LAYER met3 = 5726 um.
Total wire length on LAYER met4 = 5649 um.
Total wire length on LAYER met5 = 53 um.
Total number of vias = 6580.
Up-via summary (total 6580):

-----------------------
 FR_MASTERSLICE       0
            li1    2889
           met1    3147
           met2     348
           met3     192
           met4       4
-----------------------
               6580


[INFO DRT-0267] cpu time = 00:01:42, elapsed time = 00:01:42, memory = 767.22 (MB), peak = 767.20 (MB)

[INFO DRT-0180] Post processing.
[INFO DRT-0501] Runtime: 162.56s
Took 163 seconds: detailed_route -output_drc /work/campaigns/iscas_sustainability_extension/memory_compiler/gate3_attempt07_sram22_matched_physical_closure/raw/openroad/work/reports/sky130hd/attempt07_e0/seed13/5_route_drc.rpt -output_maze /work/campaigns/iscas_sustainability_extension/memory_compiler/gate3_attempt07_sram22_matched_physical_closure/raw/openroad/work/results/sky130hd/attempt07_e0/seed13/maze.log -droute_end_iter 64 -verbose 1 -drc_report_iter_step 5
[INFO GRT-0012] Found 4 antenna violations.
[INFO DPL-0006] Core area: 615627.94 um^2
[INFO DPL-0007] Movable instances area: 7.51 um^2
[INFO DPL-0008] Fixed instances area within core: 275727.58 um^2
[INFO DPL-0009] Utilization: 44.8%
[INFO DPL-0005] Diamond search max displacement: +/- 500 sites horizontally, +/- 100 rows vertically.
[INFO DPL-1102] Legalizing using negotiation legalizer.
[INFO DPL-1103] Negotiation base search window: +/-20 sites horizontally, +/-5 rows vertically 
	Automatic search window extension enabled.
	Search window extendable up to the max displacement cap of +/-500 sites, +/-100 rows near walls.
[INFO DPL-1104] NegotiationLegalizer DRC penalty: 5.
[INFO DPL-0392] Negotiation cell height distribution (3 unique row-count(s)):
[INFO DPL-0393]   height 1 row(s): 5851 cells
[INFO DPL-0393]   height 83 row(s): 1 cells
[INFO DPL-0393]   height 108 row(s): 1 cells
[INFO DPL-0500] Runtime: 0.08s
[INFO GRT-0015] Inserted 5 diodes.
[INFO DRT-0024]   Complete FR_MASTERSLICE.
[INFO DRT-0024]   Complete Fr_VIA.
[INFO DRT-0024]   Complete li1.
[INFO DRT-0024]   Complete mcon.
[INFO DRT-0024]   Complete met1.
[INFO DRT-0024]   Complete via.
[INFO DRT-0024]   Complete met2.
[INFO DRT-0024]   Complete via2.
[INFO DRT-0024]   Complete met3.
[INFO DRT-0024]   Complete via3.
[INFO DRT-0024]   Complete met4.
[INFO DRT-0024]   Complete via4.
[INFO DRT-0024]   Complete met5.
[INFO DRT-0165] Start pin access.
[INFO DRT-0078]   Complete 896 pins.
[INFO DRT-0081]   Complete 95 unique inst patterns.
[INFO DRT-0084]   Complete 911 groups.
#scanned instances     = 5853
#unique  instances     = 97
#stdCellGenAp          = 2838
#stdCellValidPlanarAp  = 44
#stdCellValidViaAp     = 2038
#stdCellPinNoAp        = 0
#stdCellPinCnt         = 2838
#instTermValidViaApCnt = 0
#macroGenAp            = 553
#macroValidPlanarAp    = 452
#macroValidViaAp       = 0
#macroNoAp             = 0
[INFO DRT-0166] Complete pin access.
[INFO DRT-0267] cpu time = 00:00:58, elapsed time = 00:00:57, memory = 676.09 (MB), peak = 767.70 (MB)

[INFO DRT-0157] Number of guides:     8227

[INFO DRT-0169] Post process guides.
[INFO DRT-0176] GCELLGRID X 0 DO 144 STEP 6900 ;
[INFO DRT-0177] GCELLGRID Y 0 DO 94 STEP 6900 ;
[INFO DRT-0028]   Complete FR_MASTERSLICE.
[INFO DRT-0028]   Complete Fr_VIA.
[INFO DRT-0028]   Complete li1.
[INFO DRT-0028]   Complete mcon.
[INFO DRT-0028]   Complete met1.
[INFO DRT-0028]   Complete via.
[INFO DRT-0028]   Complete met2.
[INFO DRT-0028]   Complete via2.
[INFO DRT-0028]   Complete met3.
[INFO DRT-0028]   Complete via3.
[INFO DRT-0028]   Complete met4.
[INFO DRT-0028]   Complete via4.
[INFO DRT-0028]   Complete met5.
[INFO DRT-0178] Init guide query.
[INFO DRT-0035]   Complete FR_MASTERSLICE (guide).
[INFO DRT-0035]   Complete Fr_VIA (guide).
[INFO DRT-0035]   Complete li1 (guide).
[INFO DRT-0035]   Complete mcon (guide).
[INFO DRT-0035]   Complete met1 (guide).
[INFO DRT-0035]   Complete via (guide).
[INFO DRT-0035]   Complete met2 (guide).
[INFO DRT-0035]   Complete via2 (guide).
[INFO DRT-0035]   Complete met3 (guide).
[INFO DRT-0035]   Complete via3 (guide).
[INFO DRT-0035]   Complete met4 (guide).
[INFO DRT-0035]   Complete via4 (guide).
[INFO DRT-0035]   Complete met5 (guide).
[INFO DRT-0036] FR_MASTERSLICE guide region query size = 0.
[INFO DRT-0036] FR_VIA guide region query size = 0.
[INFO DRT-0036] li1 guide region query size = 2572.
[INFO DRT-0036] mcon guide region query size = 0.
[INFO DRT-0036] met1 guide region query size = 2430.
[INFO DRT-0036] via guide region query size = 0.
[INFO DRT-0036] met2 guide region query size = 1365.
[INFO DRT-0036] via2 guide region query size = 0.
[INFO DRT-0036] met3 guide region query size = 289.
[INFO DRT-0036] via3 guide region query size = 0.
[INFO DRT-0036] met4 guide region query size = 140.
[INFO DRT-0036] via4 guide region query size = 0.
[INFO DRT-0036] met5 guide region query size = 2.
[INFO DRT-0179] Init gr pin query.
[INFO DRT-0267] cpu time = 00:00:00, elapsed time = 00:00:00, memory = 676.09 (MB), peak = 767.70 (MB)
[INFO DRT-0245] skipped writing guide updates to database.
[INFO DRT-0181] Start track assignment.
[INFO DRT-0184] Done with 4077 vertical wires in 3 frboxes and 2721 horizontal wires in 2 frboxes.
[INFO DRT-0186] Done with 508 vertical wires in 3 frboxes and 732 horizontal wires in 2 frboxes.
[INFO DRT-0182] Complete track assignment.
[INFO DRT-0267] cpu time = 00:00:02, elapsed time = 00:00:02, memory = 676.09 (MB), peak = 767.70 (MB)
[INFO DRT-0187] Start routing data preparation.
[INFO DRT-0267] cpu time = 00:00:00, elapsed time = 00:00:00, memory = 676.09 (MB), peak = 767.70 (MB)
[INFO DRT-0194] Start detail routing.
[INFO DRT-0195] Start 0th optimization iteration.
    Completing 10% with 0 violations.
    elapsed time = 00:00:00, memory = 676.09 (MB).
    Completing 20% with 0 violations.
    elapsed time = 00:00:02, memory = 676.09 (MB).
    Completing 30% with 15 violations.
    elapsed time = 00:00:02, memory = 676.09 (MB).
    Completing 40% with 15 violations.
    elapsed time = 00:00:04, memory = 676.09 (MB).
    Completing 50% with 15 violations.
    elapsed time = 00:00:04, memory = 676.09 (MB).
    Completing 60% with 19 violations.
    elapsed time = 00:00:05, memory = 676.09 (MB).
    Completing 70% with 19 violations.
    elapsed time = 00:00:06, memory = 676.09 (MB).
    Completing 80% with 22 violations.
    elapsed time = 00:00:07, memory = 676.09 (MB).
    Completing 90% with 22 violations.
    elapsed time = 00:00:09, memory = 676.10 (MB).
    Completing 100% with 25 violations.
    elapsed time = 00:00:09, memory = 676.10 (MB).
[INFO DRT-0199]   Number of violations = 26.
Viol/Layer        met1   met3
Metal Spacing        2      2
Recheck              1      0
Short               18      3
[INFO DRT-0267] cpu time = 00:00:09, elapsed time = 00:00:10, memory = 796.50 (MB), peak = 796.38 (MB)
Total wire length = 79708 um.
Total wire length on LAYER li1 = 0 um.
Total wire length on LAYER met1 = 23196 um.
Total wire length on LAYER met2 = 45563 um.
Total wire length on LAYER met3 = 5381 um.
Total wire length on LAYER met4 = 5513 um.
Total wire length on LAYER met5 = 53 um.
Total number of vias = 6587.
Up-via summary (total 6587):

-----------------------
 FR_MASTERSLICE       0
            li1    2896
           met1    3160
           met2     340
           met3     187
           met4       4
-----------------------
               6587


[INFO DRT-0195] Start 1st optimization iteration.
    Completing 10% with 26 violations.
    elapsed time = 00:00:00, memory = 796.50 (MB).
    Completing 20% with 26 violations.
    elapsed time = 00:00:01, memory = 796.50 (MB).
    Completing 30% with 13 violations.
    elapsed time = 00:00:02, memory = 796.50 (MB).
    Completing 40% with 13 violations.
    elapsed time = 00:00:03, memory = 798.43 (MB).
    Completing 50% with 13 violations.
    elapsed time = 00:00:04, memory = 798.43 (MB).
    Completing 60% with 10 violations.
    elapsed time = 00:00:05, memory = 798.43 (MB).
    Completing 70% with 10 violations.
    elapsed time = 00:00:06, memory = 798.43 (MB).
    Completing 80% with 6 violations.
    elapsed time = 00:00:06, memory = 798.43 (MB).
    Completing 90% with 6 violations.
    elapsed time = 00:00:08, memory = 803.18 (MB).
    Completing 100% with 3 violations.
    elapsed time = 00:00:09, memory = 803.36 (MB).
[INFO DRT-0199]   Number of violations = 3.
Viol/Layer        met1
Short                3
[INFO DRT-0267] cpu time = 00:00:09, elapsed time = 00:00:09, memory = 803.36 (MB), peak = 803.13 (MB)
Total wire length = 79702 um.
Total wire length on LAYER li1 = 0 um.
Total wire length on LAYER met1 = 23167 um.
Total wire length on LAYER met2 = 45564 um.
Total wire length on LAYER met3 = 5409 um.
Total wire length on LAYER met4 = 5506 um.
Total wire length on LAYER met5 = 53 um.
Total number of vias = 6587.
Up-via summary (total 6587):

-----------------------
 FR_MASTERSLICE       0
            li1    2896
           met1    3157
           met2     342
           met3     188
           met4       4
-----------------------
               6587


[INFO DRT-0195] Start 2nd optimization iteration.
    Completing 10% with 3 violations.
    elapsed time = 00:00:00, memory = 803.36 (MB).
    Completing 20% with 3 violations.
    elapsed time = 00:00:00, memory = 803.36 (MB).
    Completing 30% with 4 violations.
    elapsed time = 00:00:00, memory = 803.36 (MB).
    Completing 40% with 4 violations.
    elapsed time = 00:00:00, memory = 803.36 (MB).
    Completing 50% with 4 violations.
    elapsed time = 00:00:00, memory = 803.36 (MB).
    Completing 60% with 4 violations.
    elapsed time = 00:00:00, memory = 680.08 (MB).
    Completing 70% with 4 violations.
    elapsed time = 00:00:00, memory = 680.08 (MB).
    Completing 80% with 4 violations.
    elapsed time = 00:00:00, memory = 680.08 (MB).
    Completing 90% with 4 violations.
    elapsed time = 00:00:00, memory = 680.08 (MB).
    Completing 100% with 4 violations.
    elapsed time = 00:00:00, memory = 680.08 (MB).
[INFO DRT-0199]   Number of violations = 4.
Viol/Layer        met1
Short                4
[INFO DRT-0267] cpu time = 00:00:01, elapsed time = 00:00:01, memory = 803.34 (MB), peak = 803.16 (MB)
Total wire length = 79703 um.
Total wire length on LAYER li1 = 0 um.
Total wire length on LAYER met1 = 23169 um.
Total wire length on LAYER met2 = 45564 um.
Total wire length on LAYER met3 = 5409 um.
Total wire length on LAYER met4 = 5506 um.
Total wire length on LAYER met5 = 53 um.
Total number of vias = 6587.
Up-via summary (total 6587):

-----------------------
 FR_MASTERSLICE       0
            li1    2896
           met1    3157
           met2     342
           met3     188
           met4       4
-----------------------
               6587


[INFO DRT-0195] Start 3rd guides tiles iteration.
    Completing 100% with 0 violations.
    elapsed time = 00:00:00, memory = 803.34 (MB).
[INFO DRT-0199]   Number of violations = 0.
[INFO DRT-0267] cpu time = 00:00:00, elapsed time = 00:00:00, memory = 742.35 (MB), peak = 803.16 (MB)
Total wire length = 79700 um.
Total wire length on LAYER li1 = 0 um.
Total wire length on LAYER met1 = 23013 um.
Total wire length on LAYER met2 = 45566 um.
Total wire length on LAYER met3 = 5559 um.
Total wire length on LAYER met4 = 5506 um.
Total wire length on LAYER met5 = 53 um.
Total number of vias = 6591.
Up-via summary (total 6591):

-----------------------
 FR_MASTERSLICE       0
            li1    2896
           met1    3159
           met2     344
           met3     188
           met4       4
-----------------------
               6591


[INFO DRT-0198] Complete detail routing.
Total wire length = 79700 um.
Total wire length on LAYER li1 = 0 um.
Total wire length on LAYER met1 = 23013 um.
Total wire length on LAYER met2 = 45566 um.
Total wire length on LAYER met3 = 5559 um.
Total wire length on LAYER met4 = 5506 um.
Total wire length on LAYER met5 = 53 um.
Total number of vias = 6591.
Up-via summary (total 6591):

-----------------------
 FR_MASTERSLICE       0
            li1    2896
           met1    3159
           met2     344
           met3     188
           met4       4
-----------------------
               6591


[INFO DRT-0267] cpu time = 00:00:21, elapsed time = 00:00:21, memory = 742.35 (MB), peak = 803.16 (MB)

[INFO DRT-0180] Post processing.
[INFO DRT-0501] Runtime: 82.62s
[INFO ANT-0002] Found 0 net violations.
[INFO ANT-0001] Found 0 pin violations.
[INFO ANT-0002] Found 0 net violations.
[INFO ANT-0001] Found 0 pin violations.
Design area 275735 um^2 45% utilization.
write_db /work/campaigns/iscas_sustainability_extension/memory_compiler/gate3_attempt07_sram22_matched_physical_closure/raw/openroad/work/results/sky130hd/attempt07_e0/seed13/5_2_route.odb
Elapsed time: 4:11.35[h:]min:sec. CPU time: user 246.82 sys 2.06 (99%). Peak memory: 822440KB.
Log                       Ext     Elapsed/s Peak Memory/MB sha1sum result [0:20)
5_2_route                 .odb          251            803 e4a1f91dbca0574aa4d4
