EXECUTED_COMMAND_JSON=["docker", "run", "--rm", "--network", "none", "--platform", "linux/amd64", "--name", "green_v33_hsiao_secded_s13_a01_read_clean", "--cpus", "1", "--memory", "3g", "--volume", "/var/lib/green-ecc-v33-activity-complete-e5/fresh_runs/hsiao_secded_clk10p0ns_seed13/attempt01:/campaign-run", "--volume", "/mnt/c/Users/Abhinav/OneDrive/Desktop/ECC/Error-Code-Correction:/repo:ro", "--workdir", "/OpenROAD-flow-scripts/flow", "openroad/orfs@sha256:f05cee3219a02f26289f02f00e11a3fc986ab51a482a0000a2da810cda219a6e", "/OpenROAD-flow-scripts/tools/install/OpenROAD/bin/openroad", "-exit", "/campaign-run/power/READ_CLEAN/power.tcl"]
OpenROAD 26Q3-1080-gab6fd26351 
Features included (+) or not (-): +GPU +GUI +Python
This program is licensed under the BSD-3 license. See the LICENSE file for details.
Components of this program may be licensed under more restrictive licenses which must be honored.
GREEN_V33_MACRO_OUTPUT_ACTIVITY_ROOTS count=72
[WARNING STA-1651] /campaign-run/results/sky130hd/hsiao_matched_sram_top/clk10p0ns_seed13/6_final.spef line 58347, u_data not connected to net data_dout[0].
[WARNING STA-1651] /campaign-run/results/sky130hd/hsiao_matched_sram_top/clk10p0ns_seed13/6_final.spef line 58354, u_data not connected to net data_dout[0].
[WARNING STA-1651] /campaign-run/results/sky130hd/hsiao_matched_sram_top/clk10p0ns_seed13/6_final.spef line 58365, u_data not connected to net data_dout[10].
[WARNING STA-1651] /campaign-run/results/sky130hd/hsiao_matched_sram_top/clk10p0ns_seed13/6_final.spef line 58390, u_data not connected to net data_dout[10].
[WARNING STA-1651] /campaign-run/results/sky130hd/hsiao_matched_sram_top/clk10p0ns_seed13/6_final.spef line 58402, u_data not connected to net data_dout[11].
[WARNING STA-1651] /campaign-run/results/sky130hd/hsiao_matched_sram_top/clk10p0ns_seed13/6_final.spef line 58419, u_data not connected to net data_dout[11].
[WARNING STA-1651] /campaign-run/results/sky130hd/hsiao_matched_sram_top/clk10p0ns_seed13/6_final.spef line 58433, u_data not connected to net data_dout[12].
[WARNING STA-1651] /campaign-run/results/sky130hd/hsiao_matched_sram_top/clk10p0ns_seed13/6_final.spef line 58458, u_data not connected to net data_dout[12].
[WARNING STA-1651] /campaign-run/results/sky130hd/hsiao_matched_sram_top/clk10p0ns_seed13/6_final.spef line 58472, u_data not connected to net data_dout[13].
[WARNING STA-1651] /campaign-run/results/sky130hd/hsiao_matched_sram_top/clk10p0ns_seed13/6_final.spef line 58493, u_data not connected to net data_dout[13].
[WARNING STA-1651] /campaign-run/results/sky130hd/hsiao_matched_sram_top/clk10p0ns_seed13/6_final.spef line 58506, u_data not connected to net data_dout[14].
[WARNING STA-1651] /campaign-run/results/sky130hd/hsiao_matched_sram_top/clk10p0ns_seed13/6_final.spef line 58544, u_data not connected to net data_dout[14].
[WARNING STA-1651] /campaign-run/results/sky130hd/hsiao_matched_sram_top/clk10p0ns_seed13/6_final.spef line 58561, u_data not connected to net data_dout[15].
[WARNING STA-1651] /campaign-run/results/sky130hd/hsiao_matched_sram_top/clk10p0ns_seed13/6_final.spef line 58591, u_data not connected to net data_dout[15].
[WARNING STA-1651] /campaign-run/results/sky130hd/hsiao_matched_sram_top/clk10p0ns_seed13/6_final.spef line 58606, u_data not connected to net data_dout[16].
[WARNING STA-1651] /campaign-run/results/sky130hd/hsiao_matched_sram_top/clk10p0ns_seed13/6_final.spef line 58630, u_data not connected to net data_dout[16].
[WARNING STA-1651] /campaign-run/results/sky130hd/hsiao_matched_sram_top/clk10p0ns_seed13/6_final.spef line 58648, u_data not connected to net data_dout[17].
[WARNING STA-1651] /campaign-run/results/sky130hd/hsiao_matched_sram_top/clk10p0ns_seed13/6_final.spef line 58675, u_data not connected to net data_dout[17].
[WARNING STA-1651] /campaign-run/results/sky130hd/hsiao_matched_sram_top/clk10p0ns_seed13/6_final.spef line 58692, u_data not connected to net data_dout[18].
[WARNING STA-1651] /campaign-run/results/sky130hd/hsiao_matched_sram_top/clk10p0ns_seed13/6_final.spef line 58745, u_data not connected to net data_dout[18].
[WARNING STA-1651] /campaign-run/results/sky130hd/hsiao_matched_sram_top/clk10p0ns_seed13/6_final.spef line 58759, u_data not connected to net data_dout[19].
[WARNING STA-1651] /campaign-run/results/sky130hd/hsiao_matched_sram_top/clk10p0ns_seed13/6_final.spef line 58793, u_data not connected to net data_dout[19].
[WARNING STA-1651] /campaign-run/results/sky130hd/hsiao_matched_sram_top/clk10p0ns_seed13/6_final.spef line 58808, u_data not connected to net data_dout[1].
[WARNING STA-1651] /campaign-run/results/sky130hd/hsiao_matched_sram_top/clk10p0ns_seed13/6_final.spef line 58816, u_data not connected to net data_dout[1].
[WARNING STA-1651] /campaign-run/results/sky130hd/hsiao_matched_sram_top/clk10p0ns_seed13/6_final.spef line 58830, u_data not connected to net data_dout[20].
[WARNING STA-1651] /campaign-run/results/sky130hd/hsiao_matched_sram_top/clk10p0ns_seed13/6_final.spef line 58857, u_data not connected to net data_dout[20].
[WARNING STA-1651] /campaign-run/results/sky130hd/hsiao_matched_sram_top/clk10p0ns_seed13/6_final.spef line 58876, u_data not connected to net data_dout[21].
[WARNING STA-1651] /campaign-run/results/sky130hd/hsiao_matched_sram_top/clk10p0ns_seed13/6_final.spef line 58918, u_data not connected to net data_dout[21].
[WARNING STA-1651] /campaign-run/results/sky130hd/hsiao_matched_sram_top/clk10p0ns_seed13/6_final.spef line 58940, u_data not connected to net data_dout[22].
[WARNING STA-1651] /campaign-run/results/sky130hd/hsiao_matched_sram_top/clk10p0ns_seed13/6_final.spef line 58957, u_data not connected to net data_dout[22].
[WARNING STA-1651] /campaign-run/results/sky130hd/hsiao_matched_sram_top/clk10p0ns_seed13/6_final.spef line 58971, u_data not connected to net data_dout[23].
[WARNING STA-1651] /campaign-run/results/sky130hd/hsiao_matched_sram_top/clk10p0ns_seed13/6_final.spef line 58997, u_data not connected to net data_dout[23].
[WARNING STA-1651] /campaign-run/results/sky130hd/hsiao_matched_sram_top/clk10p0ns_seed13/6_final.spef line 59013, u_data not connected to net data_dout[24].
[WARNING STA-1651] /campaign-run/results/sky130hd/hsiao_matched_sram_top/clk10p0ns_seed13/6_final.spef line 59047, u_data not connected to net data_dout[24].
[WARNING STA-1651] /campaign-run/results/sky130hd/hsiao_matched_sram_top/clk10p0ns_seed13/6_final.spef line 59065, u_data not connected to net data_dout[25].
[WARNING STA-1651] /campaign-run/results/sky130hd/hsiao_matched_sram_top/clk10p0ns_seed13/6_final.spef line 59086, u_data not connected to net data_dout[25].
[WARNING STA-1651] /campaign-run/results/sky130hd/hsiao_matched_sram_top/clk10p0ns_seed13/6_final.spef line 59101, u_data not connected to net data_dout[26].
[WARNING STA-1651] /campaign-run/results/sky130hd/hsiao_matched_sram_top/clk10p0ns_seed13/6_final.spef line 59140, u_data not connected to net data_dout[26].
[WARNING STA-1651] /campaign-run/results/sky130hd/hsiao_matched_sram_top/clk10p0ns_seed13/6_final.spef line 59156, u_data not connected to net data_dout[27].
[WARNING STA-1651] /campaign-run/results/sky130hd/hsiao_matched_sram_top/clk10p0ns_seed13/6_final.spef line 59180, u_data not connected to net data_dout[27].
[WARNING STA-1651] /campaign-run/results/sky130hd/hsiao_matched_sram_top/clk10p0ns_seed13/6_final.spef line 59194, u_data not connected to net data_dout[28].
[WARNING STA-1651] /campaign-run/results/sky130hd/hsiao_matched_sram_top/clk10p0ns_seed13/6_final.spef line 59220, u_data not connected to net data_dout[28].
[WARNING STA-1651] /campaign-run/results/sky130hd/hsiao_matched_sram_top/clk10p0ns_seed13/6_final.spef line 59235, u_data not connected to net data_dout[29].
[WARNING STA-1651] /campaign-run/results/sky130hd/hsiao_matched_sram_top/clk10p0ns_seed13/6_final.spef line 59256, u_data not connected to net data_dout[29].
[WARNING STA-1651] /campaign-run/results/sky130hd/hsiao_matched_sram_top/clk10p0ns_seed13/6_final.spef line 59270, u_data not connected to net data_dout[2].
[WARNING STA-1651] /campaign-run/results/sky130hd/hsiao_matched_sram_top/clk10p0ns_seed13/6_final.spef line 59282, u_data not connected to net data_dout[2].
[WARNING STA-1651] /campaign-run/results/sky130hd/hsiao_matched_sram_top/clk10p0ns_seed13/6_final.spef line 59295, u_data not connected to net data_dout[30].
[WARNING STA-1651] /campaign-run/results/sky130hd/hsiao_matched_sram_top/clk10p0ns_seed13/6_final.spef line 59329, u_data not connected to net data_dout[30].
[WARNING STA-1651] /campaign-run/results/sky130hd/hsiao_matched_sram_top/clk10p0ns_seed13/6_final.spef line 59345, u_data not connected to net data_dout[31].
[WARNING STA-1651] /campaign-run/results/sky130hd/hsiao_matched_sram_top/clk10p0ns_seed13/6_final.spef line 59371, u_data not connected to net data_dout[31].
[WARNING STA-1651] /campaign-run/results/sky130hd/hsiao_matched_sram_top/clk10p0ns_seed13/6_final.spef line 59386, u_data not connected to net data_dout[32].
[WARNING STA-1651] /campaign-run/results/sky130hd/hsiao_matched_sram_top/clk10p0ns_seed13/6_final.spef line 59408, u_data not connected to net data_dout[32].
[WARNING STA-1651] /campaign-run/results/sky130hd/hsiao_matched_sram_top/clk10p0ns_seed13/6_final.spef line 59422, u_data not connected to net data_dout[33].
[WARNING STA-1651] /campaign-run/results/sky130hd/hsiao_matched_sram_top/clk10p0ns_seed13/6_final.spef line 59442, u_data not connected to net data_dout[33].
[WARNING STA-1651] /campaign-run/results/sky130hd/hsiao_matched_sram_top/clk10p0ns_seed13/6_final.spef line 59456, u_data not connected to net data_dout[34].
[WARNING STA-1651] /campaign-run/results/sky130hd/hsiao_matched_sram_top/clk10p0ns_seed13/6_final.spef line 59477, u_data not connected to net data_dout[34].
[WARNING STA-1651] /campaign-run/results/sky130hd/hsiao_matched_sram_top/clk10p0ns_seed13/6_final.spef line 59491, u_data not connected to net data_dout[35].
[WARNING STA-1651] /campaign-run/results/sky130hd/hsiao_matched_sram_top/clk10p0ns_seed13/6_final.spef line 59512, u_data not connected to net data_dout[35].
[WARNING STA-1651] /campaign-run/results/sky130hd/hsiao_matched_sram_top/clk10p0ns_seed13/6_final.spef line 59526, u_data not connected to net data_dout[36].
[WARNING STA-1651] /campaign-run/results/sky130hd/hsiao_matched_sram_top/clk10p0ns_seed13/6_final.spef line 59545, u_data not connected to net data_dout[36].
[WARNING STA-1651] /campaign-run/results/sky130hd/hsiao_matched_sram_top/clk10p0ns_seed13/6_final.spef line 59559, u_data not connected to net data_dout[37].
[WARNING STA-1651] /campaign-run/results/sky130hd/hsiao_matched_sram_top/clk10p0ns_seed13/6_final.spef line 59586, u_data not connected to net data_dout[37].
[WARNING STA-1651] /campaign-run/results/sky130hd/hsiao_matched_sram_top/clk10p0ns_seed13/6_final.spef line 59601, u_data not connected to net data_dout[38].
[WARNING STA-1651] /campaign-run/results/sky130hd/hsiao_matched_sram_top/clk10p0ns_seed13/6_final.spef line 59616, u_data not connected to net data_dout[38].
[WARNING STA-1651] /campaign-run/results/sky130hd/hsiao_matched_sram_top/clk10p0ns_seed13/6_final.spef line 59629, u_data not connected to net data_dout[39].
[WARNING STA-1651] /campaign-run/results/sky130hd/hsiao_matched_sram_top/clk10p0ns_seed13/6_final.spef line 59658, u_data not connected to net data_dout[39].
[WARNING STA-1651] /campaign-run/results/sky130hd/hsiao_matched_sram_top/clk10p0ns_seed13/6_final.spef line 59672, u_data not connected to net data_dout[3].
[WARNING STA-1651] /campaign-run/results/sky130hd/hsiao_matched_sram_top/clk10p0ns_seed13/6_final.spef line 59693, u_data not connected to net data_dout[3].
[WARNING STA-1651] /campaign-run/results/sky130hd/hsiao_matched_sram_top/clk10p0ns_seed13/6_final.spef line 59707, u_data not connected to net data_dout[40].
[WARNING STA-1651] /campaign-run/results/sky130hd/hsiao_matched_sram_top/clk10p0ns_seed13/6_final.spef line 59739, u_data not connected to net data_dout[40].
[WARNING STA-1651] /campaign-run/results/sky130hd/hsiao_matched_sram_top/clk10p0ns_seed13/6_final.spef line 59755, u_data not connected to net data_dout[41].
[WARNING STA-1651] /campaign-run/results/sky130hd/hsiao_matched_sram_top/clk10p0ns_seed13/6_final.spef line 59768, u_data not connected to net data_dout[41].
[WARNING STA-1651] /campaign-run/results/sky130hd/hsiao_matched_sram_top/clk10p0ns_seed13/6_final.spef line 59782, u_data not connected to net data_dout[42].
[WARNING STA-1651] /campaign-run/results/sky130hd/hsiao_matched_sram_top/clk10p0ns_seed13/6_final.spef line 59799, u_data not connected to net data_dout[42].
[WARNING STA-1651] /campaign-run/results/sky130hd/hsiao_matched_sram_top/clk10p0ns_seed13/6_final.spef line 59813, u_data not connected to net data_dout[43].
[WARNING STA-1651] /campaign-run/results/sky130hd/hsiao_matched_sram_top/clk10p0ns_seed13/6_final.spef line 59833, u_data not connected to net data_dout[43].
[WARNING STA-1651] /campaign-run/results/sky130hd/hsiao_matched_sram_top/clk10p0ns_seed13/6_final.spef line 59848, u_data not connected to net data_dout[44].
[WARNING STA-1651] /campaign-run/results/sky130hd/hsiao_matched_sram_top/clk10p0ns_seed13/6_final.spef line 59861, u_data not connected to net data_dout[44].
[WARNING STA-1651] /campaign-run/results/sky130hd/hsiao_matched_sram_top/clk10p0ns_seed13/6_final.spef line 59874, u_data not connected to net data_dout[45].
[WARNING STA-1651] /campaign-run/results/sky130hd/hsiao_matched_sram_top/clk10p0ns_seed13/6_final.spef line 59893, u_data not connected to net data_dout[45].
[WARNING STA-1651] /campaign-run/results/sky130hd/hsiao_matched_sram_top/clk10p0ns_seed13/6_final.spef line 59907, u_data not connected to net data_dout[46].
[WARNING STA-1651] /campaign-run/results/sky130hd/hsiao_matched_sram_top/clk10p0ns_seed13/6_final.spef line 59932, u_data not connected to net data_dout[46].
[WARNING STA-1651] /campaign-run/results/sky130hd/hsiao_matched_sram_top/clk10p0ns_seed13/6_final.spef line 59946, u_data not connected to net data_dout[47].
[WARNING STA-1651] /campaign-run/results/sky130hd/hsiao_matched_sram_top/clk10p0ns_seed13/6_final.spef line 59975, u_data not connected to net data_dout[47].
[WARNING STA-1651] /campaign-run/results/sky130hd/hsiao_matched_sram_top/clk10p0ns_seed13/6_final.spef line 59994, u_data not connected to net data_dout[48].
[WARNING STA-1651] /campaign-run/results/sky130hd/hsiao_matched_sram_top/clk10p0ns_seed13/6_final.spef line 60031, u_data not connected to net data_dout[48].
[WARNING STA-1651] /campaign-run/results/sky130hd/hsiao_matched_sram_top/clk10p0ns_seed13/6_final.spef line 60048, u_data not connected to net data_dout[49].
[WARNING STA-1651] /campaign-run/results/sky130hd/hsiao_matched_sram_top/clk10p0ns_seed13/6_final.spef line 60067, u_data not connected to net data_dout[49].
[WARNING STA-1651] /campaign-run/results/sky130hd/hsiao_matched_sram_top/clk10p0ns_seed13/6_final.spef line 60079, u_data not connected to net data_dout[4].
[WARNING STA-1651] /campaign-run/results/sky130hd/hsiao_matched_sram_top/clk10p0ns_seed13/6_final.spef line 60085, u_data not connected to net data_dout[4].
[WARNING STA-1651] /campaign-run/results/sky130hd/hsiao_matched_sram_top/clk10p0ns_seed13/6_final.spef line 60096, u_data not connected to net data_dout[50].
[WARNING STA-1651] /campaign-run/results/sky130hd/hsiao_matched_sram_top/clk10p0ns_seed13/6_final.spef line 60131, u_data not connected to net data_dout[50].
[WARNING STA-1651] /campaign-run/results/sky130hd/hsiao_matched_sram_top/clk10p0ns_seed13/6_final.spef line 60146, u_data not connected to net data_dout[51].
[WARNING STA-1651] /campaign-run/results/sky130hd/hsiao_matched_sram_top/clk10p0ns_seed13/6_final.spef line 60170, u_data not connected to net data_dout[51].
[WARNING STA-1651] /campaign-run/results/sky130hd/hsiao_matched_sram_top/clk10p0ns_seed13/6_final.spef line 60185, u_data not connected to net data_dout[52].
[WARNING STA-1651] /campaign-run/results/sky130hd/hsiao_matched_sram_top/clk10p0ns_seed13/6_final.spef line 60206, u_data not connected to net data_dout[52].
[WARNING STA-1651] /campaign-run/results/sky130hd/hsiao_matched_sram_top/clk10p0ns_seed13/6_final.spef line 60220, u_data not connected to net data_dout[53].
[WARNING STA-1651] /campaign-run/results/sky130hd/hsiao_matched_sram_top/clk10p0ns_seed13/6_final.spef line 60249, u_data not connected to net data_dout[53].
[WARNING STA-1651] /campaign-run/results/sky130hd/hsiao_matched_sram_top/clk10p0ns_seed13/6_final.spef line 60264, u_data not connected to net data_dout[54].
[WARNING STA-1651] /campaign-run/results/sky130hd/hsiao_matched_sram_top/clk10p0ns_seed13/6_final.spef line 60282, u_data not connected to net data_dout[54].
[WARNING STA-1651] /campaign-run/results/sky130hd/hsiao_matched_sram_top/clk10p0ns_seed13/6_final.spef line 60296, u_data not connected to net data_dout[55].
[WARNING STA-1651] /campaign-run/results/sky130hd/hsiao_matched_sram_top/clk10p0ns_seed13/6_final.spef line 60312, u_data not connected to net data_dout[55].
[WARNING STA-1651] /campaign-run/results/sky130hd/hsiao_matched_sram_top/clk10p0ns_seed13/6_final.spef line 60326, u_data not connected to net data_dout[56].
[WARNING STA-1651] /campaign-run/results/sky130hd/hsiao_matched_sram_top/clk10p0ns_seed13/6_final.spef line 60342, u_data not connected to net data_dout[56].
[WARNING STA-1651] /campaign-run/results/sky130hd/hsiao_matched_sram_top/clk10p0ns_seed13/6_final.spef line 60358, u_data not connected to net data_dout[57].
[WARNING STA-1651] /campaign-run/results/sky130hd/hsiao_matched_sram_top/clk10p0ns_seed13/6_final.spef line 60378, u_data not connected to net data_dout[57].
[WARNING STA-1651] /campaign-run/results/sky130hd/hsiao_matched_sram_top/clk10p0ns_seed13/6_final.spef line 60394, u_data not connected to net data_dout[58].
[WARNING STA-1651] /campaign-run/results/sky130hd/hsiao_matched_sram_top/clk10p0ns_seed13/6_final.spef line 60415, u_data not connected to net data_dout[58].
[WARNING STA-1651] /campaign-run/results/sky130hd/hsiao_matched_sram_top/clk10p0ns_seed13/6_final.spef line 60427, u_data not connected to net data_dout[59].
[WARNING STA-1651] /campaign-run/results/sky130hd/hsiao_matched_sram_top/clk10p0ns_seed13/6_final.spef line 60432, u_data not connected to net data_dout[59].
[WARNING STA-1651] /campaign-run/results/sky130hd/hsiao_matched_sram_top/clk10p0ns_seed13/6_final.spef line 60445, u_data not connected to net data_dout[5].
[WARNING STA-1651] /campaign-run/results/sky130hd/hsiao_matched_sram_top/clk10p0ns_seed13/6_final.spef line 60453, u_data not connected to net data_dout[5].
[WARNING STA-1651] /campaign-run/results/sky130hd/hsiao_matched_sram_top/clk10p0ns_seed13/6_final.spef line 60466, u_data not connected to net data_dout[60].
[WARNING STA-1651] /campaign-run/results/sky130hd/hsiao_matched_sram_top/clk10p0ns_seed13/6_final.spef line 60518, u_data not connected to net data_dout[60].
[WARNING STA-1651] /campaign-run/results/sky130hd/hsiao_matched_sram_top/clk10p0ns_seed13/6_final.spef line 60535, u_data not connected to net data_dout[61].
[WARNING STA-1651] /campaign-run/results/sky130hd/hsiao_matched_sram_top/clk10p0ns_seed13/6_final.spef line 60580, u_data not connected to net data_dout[61].
[WARNING STA-1651] /campaign-run/results/sky130hd/hsiao_matched_sram_top/clk10p0ns_seed13/6_final.spef line 60594, u_data not connected to net data_dout[62].
[WARNING STA-1651] /campaign-run/results/sky130hd/hsiao_matched_sram_top/clk10p0ns_seed13/6_final.spef line 60602, u_data not connected to net data_dout[62].
[WARNING STA-1651] /campaign-run/results/sky130hd/hsiao_matched_sram_top/clk10p0ns_seed13/6_final.spef line 60613, u_data not connected to net data_dout[63].
[WARNING STA-1651] /campaign-run/results/sky130hd/hsiao_matched_sram_top/clk10p0ns_seed13/6_final.spef line 60618, u_data not connected to net data_dout[63].
[WARNING STA-1651] /campaign-run/results/sky130hd/hsiao_matched_sram_top/clk10p0ns_seed13/6_final.spef line 60628, u_data not connected to net data_dout[6].
[WARNING STA-1651] /campaign-run/results/sky130hd/hsiao_matched_sram_top/clk10p0ns_seed13/6_final.spef line 60637, u_data not connected to net data_dout[6].
[WARNING STA-1651] /campaign-run/results/sky130hd/hsiao_matched_sram_top/clk10p0ns_seed13/6_final.spef line 60649, u_data not connected to net data_dout[7].
[WARNING STA-1651] /campaign-run/results/sky130hd/hsiao_matched_sram_top/clk10p0ns_seed13/6_final.spef line 60682, u_data not connected to net data_dout[7].
[WARNING STA-1651] /campaign-run/results/sky130hd/hsiao_matched_sram_top/clk10p0ns_seed13/6_final.spef line 60696, u_data not connected to net data_dout[8].
[WARNING STA-1651] /campaign-run/results/sky130hd/hsiao_matched_sram_top/clk10p0ns_seed13/6_final.spef line 60711, u_data not connected to net data_dout[8].
[WARNING STA-1651] /campaign-run/results/sky130hd/hsiao_matched_sram_top/clk10p0ns_seed13/6_final.spef line 60726, u_data not connected to net data_dout[9].
[WARNING STA-1651] /campaign-run/results/sky130hd/hsiao_matched_sram_top/clk10p0ns_seed13/6_final.spef line 60783, u_data not connected to net data_dout[9].
[WARNING STA-1651] /campaign-run/results/sky130hd/hsiao_matched_sram_top/clk10p0ns_seed13/6_final.spef line 60819, u_ecc0 not connected to net ecc_dout[0].
[WARNING STA-1651] /campaign-run/results/sky130hd/hsiao_matched_sram_top/clk10p0ns_seed13/6_final.spef line 60827, u_ecc0 not connected to net ecc_dout[0].
[WARNING STA-1651] /campaign-run/results/sky130hd/hsiao_matched_sram_top/clk10p0ns_seed13/6_final.spef line 60839, u_ecc0 not connected to net ecc_dout[1].
[WARNING STA-1651] /campaign-run/results/sky130hd/hsiao_matched_sram_top/clk10p0ns_seed13/6_final.spef line 60858, u_ecc0 not connected to net ecc_dout[1].
[WARNING STA-1651] /campaign-run/results/sky130hd/hsiao_matched_sram_top/clk10p0ns_seed13/6_final.spef line 60872, u_ecc0 not connected to net ecc_dout[2].
[WARNING STA-1651] /campaign-run/results/sky130hd/hsiao_matched_sram_top/clk10p0ns_seed13/6_final.spef line 60905, u_ecc0 not connected to net ecc_dout[2].
[WARNING STA-1651] /campaign-run/results/sky130hd/hsiao_matched_sram_top/clk10p0ns_seed13/6_final.spef line 60920, u_ecc0 not connected to net ecc_dout[3].
[WARNING STA-1651] /campaign-run/results/sky130hd/hsiao_matched_sram_top/clk10p0ns_seed13/6_final.spef line 60947, u_ecc0 not connected to net ecc_dout[3].
[WARNING STA-1651] /campaign-run/results/sky130hd/hsiao_matched_sram_top/clk10p0ns_seed13/6_final.spef line 60960, u_ecc0 not connected to net ecc_dout[4].
[WARNING STA-1651] /campaign-run/results/sky130hd/hsiao_matched_sram_top/clk10p0ns_seed13/6_final.spef line 60981, u_ecc0 not connected to net ecc_dout[4].
[WARNING STA-1651] /campaign-run/results/sky130hd/hsiao_matched_sram_top/clk10p0ns_seed13/6_final.spef line 60992, u_ecc0 not connected to net ecc_dout[5].
[WARNING STA-1651] /campaign-run/results/sky130hd/hsiao_matched_sram_top/clk10p0ns_seed13/6_final.spef line 61012, u_ecc0 not connected to net ecc_dout[5].
[WARNING STA-1651] /campaign-run/results/sky130hd/hsiao_matched_sram_top/clk10p0ns_seed13/6_final.spef line 61024, u_ecc0 not connected to net ecc_dout[6].
[WARNING STA-1651] /campaign-run/results/sky130hd/hsiao_matched_sram_top/clk10p0ns_seed13/6_final.spef line 61037, u_ecc0 not connected to net ecc_dout[6].
[WARNING STA-1651] /campaign-run/results/sky130hd/hsiao_matched_sram_top/clk10p0ns_seed13/6_final.spef line 61048, u_ecc0 not connected to net ecc_dout[7].
[WARNING STA-1651] /campaign-run/results/sky130hd/hsiao_matched_sram_top/clk10p0ns_seed13/6_final.spef line 61063, u_ecc0 not connected to net ecc_dout[7].
Annotated 142 pin activities.
GREEN_V33_EXPLICIT_ROUTED_NET_ACTIVITY nets=1177
GREEN_V33_MACRO_OUTPUT_ACTIVITY_ROOT_ANNOTATIONS count=0
GREEN_V33_POWER_COMPLETE architecture=hsiao_matched_sram_top operation=READ_CLEAN
