vcd           142
input         805
unannotated  2057
Annotated pins:
  vcd addr[0]
  vcd addr[1]
  vcd addr[2]
  vcd addr[3]
  vcd addr[4]
  vcd addr[5]
  vcd addr[6]
  vcd addr[7]
  vcd ce
  vcd clk
  vcd correction_applied
  vcd detected_uncorrectable
  vcd payload_in[0]
  vcd payload_in[10]
  vcd payload_in[11]
  vcd payload_in[12]
  vcd payload_in[13]
  vcd payload_in[14]
  vcd payload_in[15]
  vcd payload_in[16]
  vcd payload_in[17]
  vcd payload_in[18]
  vcd payload_in[19]
  vcd payload_in[1]
  vcd payload_in[20]
  vcd payload_in[21]
  vcd payload_in[22]
  vcd payload_in[23]
  vcd payload_in[24]
  vcd payload_in[25]
  vcd payload_in[26]
  vcd payload_in[27]
  vcd payload_in[28]
  vcd payload_in[29]
  vcd payload_in[2]
  vcd payload_in[30]
  vcd payload_in[31]
  vcd payload_in[32]
  vcd payload_in[33]
  vcd payload_in[34]
  vcd payload_in[35]
  vcd payload_in[36]
  vcd payload_in[37]
  vcd payload_in[38]
  vcd payload_in[39]
  vcd payload_in[3]
  vcd payload_in[40]
  vcd payload_in[41]
  vcd payload_in[42]
  vcd payload_in[43]
  vcd payload_in[44]
  vcd payload_in[45]
  vcd payload_in[46]
  vcd payload_in[47]
  vcd payload_in[48]
  vcd payload_in[49]
  vcd payload_in[4]
  vcd payload_in[50]
  vcd payload_in[51]
  vcd payload_in[52]
  vcd payload_in[53]
  vcd payload_in[54]
  vcd payload_in[55]
  vcd payload_in[56]
  vcd payload_in[57]
  vcd payload_in[58]
  vcd payload_in[59]
  vcd payload_in[5]
  vcd payload_in[60]
  vcd payload_in[61]
  vcd payload_in[62]
  vcd payload_in[63]
  vcd payload_in[6]
  vcd payload_in[7]
  vcd payload_in[8]
  vcd payload_in[9]
  vcd payload_out[0]
  vcd payload_out[10]
  vcd payload_out[11]
  vcd payload_out[12]
  vcd payload_out[13]
  vcd payload_out[14]
  vcd payload_out[15]
  vcd payload_out[16]
  vcd payload_out[17]
  vcd payload_out[18]
  vcd payload_out[19]
  vcd payload_out[1]
  vcd payload_out[20]
  vcd payload_out[21]
  vcd payload_out[22]
  vcd payload_out[23]
  vcd payload_out[24]
  vcd payload_out[25]
  vcd payload_out[26]
  vcd payload_out[27]
  vcd payload_out[28]
  vcd payload_out[29]
  vcd payload_out[2]
  vcd payload_out[30]
  vcd payload_out[31]
  vcd payload_out[32]
  vcd payload_out[33]
  vcd payload_out[34]
  vcd payload_out[35]
  vcd payload_out[36]
  vcd payload_out[37]
  vcd payload_out[38]
  vcd payload_out[39]
  vcd payload_out[3]
  vcd payload_out[40]
  vcd payload_out[41]
  vcd payload_out[42]
  vcd payload_out[43]
  vcd payload_out[44]
  vcd payload_out[45]
  vcd payload_out[46]
  vcd payload_out[47]
  vcd payload_out[48]
  vcd payload_out[49]
  vcd payload_out[4]
  vcd payload_out[50]
  vcd payload_out[51]
  vcd payload_out[52]
  vcd payload_out[53]
  vcd payload_out[54]
  vcd payload_out[55]
  vcd payload_out[56]
  vcd payload_out[57]
  vcd payload_out[58]
  vcd payload_out[59]
  vcd payload_out[5]
  vcd payload_out[60]
  vcd payload_out[61]
  vcd payload_out[62]
  vcd payload_out[63]
  vcd payload_out[6]
  vcd payload_out[7]
  vcd payload_out[8]
  vcd payload_out[9]
  vcd rstb
  vcd we
 user _753_/A
 user _753_/B
 user _753_/X
 user _754_/A
 user _754_/B
 user _754_/Y
 user _755_/A
 user _755_/B
 user _755_/X
 user _756_/A
 user _756_/B
 user _756_/X
 user _757_/A
 user _757_/B
 user _757_/Y
 user _758_/A
 user _758_/B
 user _758_/Y
 user _759_/A
 user _759_/B
 user _759_/X
 user _760_/A
 user _760_/B
 user _760_/Y
 user _761_/A
 user _761_/B
 user _761_/Y
 user _762_/A
 user _762_/B
 user _762_/Y
 user _763_/A
 user _763_/B
 user _763_/Y
 user _764_/A
 user _764_/B
 user _764_/X
 user _765_/A
 user _765_/B
 user _765_/Y
 user _766_/A
 user _766_/B
 user _766_/Y
 user _767_/A
 user _767_/B
 user _767_/Y
 user _768_/A
 user _768_/B
 user _768_/Y
 user _769_/A
 user _769_/B
 user _769_/Y
 user _770_/A
 user _770_/B
 user _770_/Y
 user _771_/A
 user _771_/B
 user _771_/Y
 user _772_/A
 user _772_/B
 user _772_/Y
 user _773_/A
 user _773_/B
 user _773_/Y
 user _774_/A
 user _774_/B
 user _774_/Y
 user _775_/A
 user _775_/B
 user _775_/Y
 user _776_/A
 user _776_/B
 user _776_/Y
 user _777_/A
 user _777_/B
 user _777_/Y
 user _778_/A
 user _778_/B
 user _778_/Y
 user _779_/A
 user _779_/B
 user _779_/Y
 user _780_/A
 user _780_/B
 user _780_/X
 user _781_/A
 user _781_/B
 user _781_/Y
 user _782_/A
 user _782_/B
 user _782_/Y
 user _783_/A
 user _783_/B
 user _783_/X
 user _784_/A
 user _784_/B
 user _784_/Y
 user _785_/A
 user _785_/B
 user _785_/Y
 user _786_/A
 user _786_/B
 user _786_/Y
 user _787_/A
 user _787_/B
 user _787_/Y
 user _788_/A
 user _788_/B
 user _788_/Y
 user _789_/A
 user _789_/B
 user _789_/Y
 user _790_/A
 user _790_/B
 user _790_/Y
 user _791_/A
 user _791_/B
 user _791_/Y
 user _792_/A
 user _792_/B
 user _792_/Y
 user _793_/A
 user _793_/B
 user _793_/Y
 user _794_/A
 user _794_/B
 user _794_/Y
 user _795_/A
 user _795_/B
 user _795_/Y
 user _796_/A
 user _796_/B
 user _796_/X
 user _797_/A
 user _797_/B
 user _797_/X
 user _798_/A
 user _798_/B
 user _798_/Y
 user _799_/A
 user _799_/B
 user _799_/Y
 user _800_/A
 user _800_/B
 user _800_/Y
 user _801_/A
 user _801_/B
 user _801_/Y
 user _802_/A
 user _802_/B
 user _802_/Y
 user _803_/A
 user _803_/B
 user _803_/Y
 user _804_/A
 user _804_/B
 user _804_/Y
 user _805_/A
 user _805_/B
 user _805_/Y
 user _806_/A
 user _806_/B
 user _806_/Y
 user _807_/A
 user _807_/B
 user _807_/Y
 user _808_/A
 user _808_/B
 user _808_/Y
 user _809_/A
 user _809_/B
 user _809_/Y
 user _810_/A
 user _810_/B
 user _810_/Y
 user _811_/A
 user _811_/B
 user _811_/X
 user _812_/A
 user _812_/B
 user _812_/Y
 user _813_/A
 user _813_/B
 user _813_/Y
 user _814_/A
 user _814_/B
 user _814_/Y
 user _815_/A
 user _815_/B
 user _815_/Y
 user _816_/A
 user _816_/B
 user _816_/Y
 user _817_/A
 user _817_/B
 user _817_/Y
 user _818_/A
 user _818_/B
 user _818_/Y
 user _819_/A
 user _819_/B
 user _819_/Y
 user _820_/A
 user _820_/B
 user _820_/Y
 user _821_/A
 user _821_/B
 user _821_/Y
 user _822_/A
 user _822_/B
 user _822_/Y
 user _823_/A
 user _823_/B
 user _823_/Y
 user _824_/A
 user _824_/B
 user _824_/Y
 user _825_/A
 user _825_/B
 user _825_/Y
 user _826_/A
 user _826_/B
 user _826_/X
 user _827_/A
 user _827_/B
 user _827_/Y
 user _828_/A
 user _828_/B
 user _828_/X
 user _829_/A
 user _829_/B
 user _829_/Y
 user _830_/A
 user _830_/B
 user _830_/Y
 user _831_/A
 user _831_/B
 user _831_/X
 user _832_/A
 user _832_/B
 user _832_/Y
 user _833_/A
 user _833_/B
 user _833_/Y
 user _834_/A
 user _834_/B
 user _834_/Y
 user _835_/A
 user _835_/B
 user _835_/Y
 user _836_/A
 user _836_/B
 user _836_/Y
 user _837_/A
 user _837_/B
 user _837_/Y
 user _838_/A
 user _838_/B
 user _838_/Y
 user _839_/A
 user _839_/B
 user _839_/Y
 user _840_/A
 user _840_/B
 user _840_/Y
 user _841_/A
 user _841_/B
 user _841_/Y
 user _842_/A
 user _842_/B
 user _842_/Y
 user _843_/A
 user _843_/B
 user _843_/Y
 user _844_/A
 user _844_/B
 user _844_/Y
 user _845_/A
 user _845_/B
 user _845_/Y
 user _846_/A
 user _846_/B
 user _846_/Y
 user _847_/A
 user _847_/B
 user _847_/Y
 user _848_/A
 user _848_/B
 user _848_/X
 user _849_/A
 user _849_/B
 user _849_/Y
 user _850_/A
 user _850_/B
 user _850_/Y
 user _851_/A
 user _851_/B
 user _851_/Y
 user _852_/A
 user _852_/B
 user _852_/Y
 user _853_/A
 user _853_/B
 user _853_/Y
 user _854_/A
 user _854_/B
 user _854_/Y
 user _855_/A
 user _855_/B
 user _855_/Y
 user _856_/A
 user _856_/B
 user _856_/Y
 user _857_/A
 user _857_/B
 user _857_/C
 user _857_/X
 user _858_/A
 user _858_/B
 user _858_/Y
 user _859_/A
 user _859_/B
 user _859_/Y
 user _860_/A
 user _860_/B
 user _860_/Y
 user _861_/A
 user _861_/B
 user _861_/Y
 user _862_/A
 user _862_/B
 user _862_/Y
 user _863_/A
 user _863_/B
 user _863_/X
 user _864_/A
 user _864_/B
 user _864_/Y
 user _865_/A
 user _865_/B
 user _865_/Y
 user _866_/A
 user _866_/B
 user _866_/Y
 user _867_/A
 user _867_/B
 user _867_/Y
 user _868_/A
 user _868_/B
 user _868_/Y
 user _869_/A
 user _869_/B
 user _869_/Y
 user _870_/A
 user _870_/B
 user _870_/Y
 user _871_/A
 user _871_/B
 user _871_/Y
 user _872_/A
 user _872_/B
 user _872_/Y
 user _873_/A
 user _873_/B
 user _873_/X
 user _874_/A
 user _874_/B
 user _874_/Y
 user _875_/A
 user _875_/B
 user _875_/Y
 user _876_/A
 user _876_/B
 user _876_/Y
 user _877_/A
 user _877_/B
 user _877_/Y
 user _878_/A
 user _878_/B
 user _878_/Y
 user _879_/A
 user _879_/B
 user _879_/X
 user _880_/A
 user _880_/B
 user _880_/Y
 user _881_/A
 user _881_/B
 user _881_/Y
 user _882_/A
 user _882_/B
 user _882_/Y
 user _883_/A
 user _883_/B
 user _883_/Y
 user _884_/A
 user _884_/B
 user _884_/Y
 user _885_/A
 user _885_/B
 user _885_/X
 user _886_/A
 user _886_/B
 user _886_/C
 user _886_/X
 user clkbuf_0_clk/A
 user clkbuf_0_clk/X
 user clkbuf_1_0__f_clk/A
 user clkbuf_1_0__f_clk/X
 user clkbuf_1_1__f_clk/A
 user clkbuf_1_1__f_clk/X
 user clkload0/A
 user hold805/A
 user hold805/X
 user hold806/A
 user hold806/X
 user hold807/A
 user hold807/X
 user hold808/A
 user hold808/X
 user hold809/A
 user hold809/X
 user hold810/A
 user hold810/X
 user hold811/A
 user hold811/X
 user hold812/A
 user hold812/X
 user input17/A
 user input17/X
 user input18/A
 user input18/X
 user input19/A
 user input19/X
 user input20/A
 user input20/X
 user input21/A
 user input21/X
 user input22/A
 user input22/X
 user input23/A
 user input23/X
 user input24/A
 user input24/X
 user input25/A
 user input25/X
 user input26/A
 user input26/X
 user input27/A
 user input27/X
 user input28/A
 user input28/X
 user input29/A
 user input29/X
 user input30/A
 user input30/X
 user input31/A
 user input31/X
 user input32/A
 user input32/X
 user input33/A
 user input33/X
 user input34/A
 user input34/X
 user input35/A
 user input35/X
 user input36/A
 user input36/X
 user input37/A
 user input37/X
 user input38/A
 user input38/X
 user input39/A
 user input39/X
 user input40/A
 user input40/X
 user input41/A
 user input41/X
 user input42/A
 user input42/X
 user input43/A
 user input43/X
 user input44/A
 user input44/X
 user input45/A
 user input45/X
 user input46/A
 user input46/X
 user input47/A
 user input47/X
 user input48/A
 user input48/X
 user input49/A
 user input49/X
 user input50/A
 user input50/X
 user input51/A
 user input51/X
 user input52/A
 user input52/X
 user input53/A
 user input53/X
 user input54/A
 user input54/X
 user input55/A
 user input55/X
 user input56/A
 user input56/X
 user input57/A
 user input57/X
 user input58/A
 user input58/X
 user input59/A
 user input59/X
 user input60/A
 user input60/X
 user input61/A
 user input61/X
 user input62/A
 user input62/X
 user input63/A
 user input63/X
 user input64/A
 user input64/X
 user input65/A
 user input65/X
 user input66/A
 user input66/X
 user input67/A
 user input67/X
 user input68/A
 user input68/X
 user input69/A
 user input69/X
 user input70/A
 user input70/X
 user input71/A
 user input71/X
 user input72/A
 user input72/X
 user input73/A
 user input73/X
 user input74/A
 user input74/X
 user input75/A
 user input75/X
 user input76/A
 user input76/X
 user input77/A
 user input77/X
 user input78/A
 user input78/X
 user input79/A
 user input79/X
 user input80/A
 user input80/X
 user input81/A
 user input81/X
 user input82/A
 user input82/X
 user input83/A
 user input83/X
 user input84/A
 user input84/X
 user input85/A
 user input85/X
 user input86/A
 user input86/X
 user input87/A
 user input87/X
 user input88/A
 user input88/X
 user input89/A
 user input89/X
 user input90/A
 user input90/X
 user input91/A
 user input91/X
 user place699/A
 user place699/X
 user place700/A
 user place700/X
 user place701/A
 user place701/X
 user place702/A
 user place702/X
 user place703/A
 user place703/X
 user place704/A
 user place704/X
 user place705/A
 user place705/X
 user place709/A
 user place709/X
 user place710/A
 user place710/X
 user place716/A
 user place716/X
 user place717/A
 user place717/X
 user place718/A
 user place718/X
 user place719/A
 user place719/X
 user place720/A
 user place720/X
 user place721/A
 user place721/X
 user place722/A
 user place722/X
 user place723/A
 user place723/X
 user place724/A
 user place724/X
 user place725/A
 user place725/X
 user place726/A
 user place726/X
 user place727/A
 user place727/X
 user place728/A
 user place728/X
 user place729/A
 user place729/X
 user place730/A
 user place730/X
 user place731/A
 user place731/X
 user place732/A
 user place732/X
 user place733/A
 user place733/X
 user place734/A
 user place734/X
 user place735/A
 user place735/X
 user place736/A
 user place736/X
 user place737/A
 user place737/X
 user place738/A
 user place738/X
 user place739/A
 user place739/X
 user place740/A
 user place740/X
 user place741/A
 user place741/X
 user place742/A
 user place742/X
 user place743/A
 user place743/X
 user place744/A
 user place744/X
 user place745/A
 user place745/X
 user place746/A
 user place746/X
 user place747/A
 user place747/X
 user place748/A
 user place748/X
 user place749/A
 user place749/X
 user place750/A
 user place750/X
 user place751/A
 user place751/X
 user place752/A
 user place752/X
 user place753/A
 user place753/X
 user place754/A
 user place754/X
 user place755/A
 user place755/X
 user place756/A
 user place756/X
 user place757/A
 user place757/X
 user place758/A
 user place758/X
 user place759/A
 user place759/X
 user place760/A
 user place760/X
 user place761/A
 user place761/X
 user place762/A
 user place762/X
 user place763/A
 user place763/X
 user place764/A
 user place764/X
 user place765/A
 user place765/X
 user place766/A
 user place766/X
 user place767/A
 user place767/X
 user place768/A
 user place768/X
 user place769/A
 user place769/X
 user place770/A
 user place770/X
 user place771/A
 user place771/X
 user place772/A
 user place772/X
 user place773/A
 user place773/X
 user place774/A
 user place774/X
 user place775/A
 user place775/X
 user place776/A
 user place776/X
 user place777/A
 user place777/X
 user place778/A
 user place778/X
 user place779/A
 user place779/X
 user place780/A
 user place780/X
 user place781/A
 user place781/X
 user place782/A
 user place782/X
 user place783/A
 user place783/X
 user place784/A
 user place784/X
 user place785/A
 user place785/X
 user place786/A
 user place786/X
 user place787/A
 user place787/X
 user place788/A
 user place788/X
 user place789/A
 user place789/X
 user place790/A
 user place790/X
 user place791/A
 user place791/X
 user place792/A
 user place792/X
 user place793/A
 user place793/X
 user place794/A
 user place794/X
 user place795/A
 user place795/X
 user place796/A
 user place796/X
 user place797/A
 user place797/X
 user place798/A
 user place798/X
 user place799/A
 user place799/X
 user place800/A
 user place800/X
 user place801/A
 user place801/X
 user place802/A
 user place802/X
 user place803/A
 user place803/X
 user place804/A
 user place804/X
 user u_data/ce
 user u_data/clk
 user u_data/rstb
 user u_data/we
 user u_data_1/HI
 user u_data_2/HI
 user u_data_3/HI
 user u_data_4/HI
 user u_data_5/HI
 user u_data_6/HI
 user u_data_7/HI
 user u_data_8/HI
 user u_ecc0/ce
 user u_ecc0/clk
 user u_ecc0/rstb
 user u_ecc0/we
 user u_ecc0_10/HI
 user u_ecc0_11/HI
 user u_ecc0_12/HI
 user u_ecc0_13/HI
 user u_ecc0_14/HI
 user u_ecc0_15/HI
 user u_ecc0_16/HI
 user u_ecc0_9/HI
 user wire295/A
 user wire295/X
 user wire296/A
 user wire296/X
 user wire691/A
 user wire691/X
 user wire692/A
 user wire692/X
